info: ===> TimeStamp : 2026-02-22 06:50:04===> API : null ===> Message : validateRequest() invoked
info: ===> TimeStamp : 2026-02-22 06:50:04===> API : null ===> Message : fetchDBSettings()
info: ===> TimeStamp : 2026-02-22 06:50:04===> API : null ===> Message : validateRequest() Invoked!
info: ===> TimeStamp : 2026-02-22 06:50:04===> API : null ===> Message : validRequest() :: Api validated Successfully
info: ===> TimeStamp : 2026-02-22 06:50:04===> API : /api/auth/logout ===> Message : logoutUser() invoked!!
info: ===> TimeStamp : 2026-02-22 06:50:04===> API : /api/auth/logout ===> Message : logoutUser() :: Request Object :: [object Object]
info: ===> TimeStamp : 2026-02-22 06:50:04===> API : /api/auth/logout ===> Message : logoutUserDB() Invoked !
info: ===> TimeStamp : 2026-02-22 06:50:05===> API : /api/auth/logout ===> Message : logoutUserResponse() invoked!
info: ===> TimeStamp : 2026-02-22 06:50:05===> API : /api/auth/logout ===> Message : logoutUserResponse() completed
info: ===> TimeStamp : 2026-02-22 06:53:04===> API : null ===> Message : validateRequest() invoked
info: ===> TimeStamp : 2026-02-22 06:53:04===> API : null ===> Message : fetchDBSettings()
info: ===> TimeStamp : 2026-02-22 06:53:04===> API : null ===> Message : validateRequest() Invoked!
info: ===> TimeStamp : 2026-02-22 06:53:04===> API : null ===> Message : validRequest() :: Api validated Successfully
info: ===> TimeStamp : 2026-02-22 06:53:04===> API : /api/auth/logout ===> Message : logoutUser() invoked!!
info: ===> TimeStamp : 2026-02-22 06:53:04===> API : /api/auth/logout ===> Message : logoutUser() :: Request Object :: [object Object]
info: ===> TimeStamp : 2026-02-22 06:53:04===> API : /api/auth/logout ===> Message : logoutUserDB() Invoked !
info: ===> TimeStamp : 2026-02-22 06:53:05===> API : /api/auth/logout ===> Message : logoutUserResponse() invoked!
info: ===> TimeStamp : 2026-02-22 06:53:05===> API : /api/auth/logout ===> Message : logoutUserResponse() completed
info: ===> TimeStamp : 2026-02-22 06:53:22===> API : null ===> Message : validateRequest() invoked
info: ===> TimeStamp : 2026-02-22 06:53:22===> API : null ===> Message : fetchDBSettings()
info: ===> TimeStamp : 2026-02-22 06:53:22===> API : null ===> Message : validateRequest() Invoked!
info: ===> TimeStamp : 2026-02-22 06:53:22===> API : null ===> Message : validRequest() :: Api validated Successfully
info: ===> TimeStamp : 2026-02-22 06:53:22===> API : /api/auth/validateuser ===> Message : validateUser() invoked!!
info: ===> TimeStamp : 2026-02-22 06:53:22===> API : /api/auth/validateuser ===> Message : validateUser() :: Request Object :: [object Object]
info: ===> TimeStamp : 2026-02-22 06:53:22===> API : /api/auth/validateuser ===> Message : validateUserDB() Invoked !
info: ===> TimeStamp : 2026-02-22 06:53:22===> API : /api/auth/validateuser ===> Message : validateUserResponse() invoked!
info: ===> TimeStamp : 2026-02-22 06:53:22===> API : /api/auth/validateuser ===> Message : validateUserResponse() completed
info: ===> TimeStamp : 2026-02-22 06:53:22===> API : null ===> Message : validateRequest() invoked
info: ===> TimeStamp : 2026-02-22 06:53:22===> API : null ===> Message : fetchDBSettings()
info: ===> TimeStamp : 2026-02-22 06:53:22===> API : null ===> Message : validateRequest() Invoked!
info: ===> TimeStamp : 2026-02-22 06:53:22===> API : null ===> Message : validRequest() :: Api validated Successfully
info: ===> TimeStamp : 2026-02-22 06:53:22===> API : /api/auth/checkIP ===> Message : checkIP() invoked!!
info: ===> TimeStamp : 2026-02-22 06:53:22===> API : /api/auth/checkIP ===> Message : IPs match: 103.225.102.194
info: ===> TimeStamp : 2026-02-22 06:53:22===> API : /api/auth/checkIP ===> Message : checkIPResponse() invoked!
info: ===> TimeStamp : 2026-02-22 06:53:22===> API : /api/auth/checkIP ===> Message : checkIPResponse() completed
info: ===> TimeStamp : 2026-02-22 06:53:22===> API : null ===> Message : validateRequest() invoked
info: ===> TimeStamp : 2026-02-22 06:53:22===> API : null ===> Message : fetchDBSettings()
info: ===> TimeStamp : 2026-02-22 06:53:22===> API : null ===> Message : validateRequest() Invoked!
info: ===> TimeStamp : 2026-02-22 06:53:22===> API : null ===> Message : validRequest() :: Api validated Successfully
info: ===> TimeStamp : 2026-02-22 06:53:22===> API : /api/auth/login ===> Message : loginUser() invoked!!
info: ===> TimeStamp : 2026-02-22 06:53:22===> API : /api/auth/login ===> Message : loginUser() :: Request Object :: [object Object]
info: ===> TimeStamp : 2026-02-22 06:53:22===> API : /api/auth/login ===> Message : loginUserDB() Invoked !
info: ===> TimeStamp : 2026-02-22 06:53:22===> API : /api/auth/login ===> Message : loginUserResponse() invoked!
info: ===> TimeStamp : 2026-02-22 06:53:22===> API : /api/auth/login ===> Message : loginUserResponse() completed
info: ===> TimeStamp : 2026-02-22 07:00:26===> API : null ===> Message : validateRequest() invoked
info: ===> TimeStamp : 2026-02-22 07:00:26===> API : null ===> Message : fetchDBSettings()
info: ===> TimeStamp : 2026-02-22 07:00:26===> API : null ===> Message : validateRequest() Invoked!
info: ===> TimeStamp : 2026-02-22 07:00:26===> API : null ===> Message : validRequest() :: Api validated Successfully
info: ===> TimeStamp : 2026-02-22 07:00:26===> API : /api/auth/validateuser ===> Message : validateUser() invoked!!
info: ===> TimeStamp : 2026-02-22 07:00:26===> API : /api/auth/validateuser ===> Message : validateUser() :: Request Object :: [object Object]
info: ===> TimeStamp : 2026-02-22 07:00:26===> API : /api/auth/validateuser ===> Message : validateUserDB() Invoked !
info: ===> TimeStamp : 2026-02-22 07:00:26===> API : /api/auth/validateuser ===> Message : validateUserDB() :: Error :: {"code":"ER_SIGNAL_EXCEPTION","errno":1644,"sqlState":"10005","sqlMessage":"User Does Not Exist","sql":"CALL usp_validate_user('SAPNA', 'SAPNA212')"}
info: ===> TimeStamp : 2026-02-22 07:00:26===> API : /api/auth/validateuser ===> Message : validateUserDBResult :: Error :: {"ErrorCode":10005,"ErrorMessage":"User Does Not Exist"}
info: ===> TimeStamp : 2026-02-22 07:00:26===> API : /api/auth/validateuser ===> Message : validateUserResponse() invoked!
info: ===> TimeStamp : 2026-02-22 07:00:26===> API : /api/auth/validateuser ===> Message : validateUserResponse() completed
info: ===> TimeStamp : 2026-02-22 07:00:34===> API : null ===> Message : validateRequest() invoked
info: ===> TimeStamp : 2026-02-22 07:00:34===> API : null ===> Message : fetchDBSettings()
info: ===> TimeStamp : 2026-02-22 07:00:34===> API : null ===> Message : validateRequest() Invoked!
info: ===> TimeStamp : 2026-02-22 07:00:34===> API : null ===> Message : validRequest() :: Api validated Successfully
info: ===> TimeStamp : 2026-02-22 07:00:34===> API : /api/auth/validateuser ===> Message : validateUser() invoked!!
info: ===> TimeStamp : 2026-02-22 07:00:34===> API : /api/auth/validateuser ===> Message : validateUser() :: Request Object :: [object Object]
info: ===> TimeStamp : 2026-02-22 07:00:34===> API : /api/auth/validateuser ===> Message : validateUserDB() Invoked !
info: ===> TimeStamp : 2026-02-22 07:00:34===> API : /api/auth/validateuser ===> Message : validateUserResponse() invoked!
info: ===> TimeStamp : 2026-02-22 07:00:34===> API : /api/auth/validateuser ===> Message : validateUserResponse() completed
info: ===> TimeStamp : 2026-02-22 07:00:34===> API : null ===> Message : validateRequest() invoked
info: ===> TimeStamp : 2026-02-22 07:00:34===> API : null ===> Message : fetchDBSettings()
info: ===> TimeStamp : 2026-02-22 07:00:34===> API : null ===> Message : validateRequest() Invoked!
info: ===> TimeStamp : 2026-02-22 07:00:34===> API : null ===> Message : validRequest() :: Api validated Successfully
info: ===> TimeStamp : 2026-02-22 07:00:34===> API : /api/auth/checkIP ===> Message : checkIP() invoked!!
info: ===> TimeStamp : 2026-02-22 07:00:34===> API : /api/auth/checkIP ===> Message : IPs match: 103.255.182.117
info: ===> TimeStamp : 2026-02-22 07:00:34===> API : /api/auth/checkIP ===> Message : checkIPResponse() invoked!
info: ===> TimeStamp : 2026-02-22 07:00:34===> API : /api/auth/checkIP ===> Message : checkIPResponse() completed
info: ===> TimeStamp : 2026-02-22 07:00:34===> API : null ===> Message : validateRequest() invoked
info: ===> TimeStamp : 2026-02-22 07:00:34===> API : null ===> Message : fetchDBSettings()
info: ===> TimeStamp : 2026-02-22 07:00:34===> API : null ===> Message : validateRequest() Invoked!
info: ===> TimeStamp : 2026-02-22 07:00:34===> API : null ===> Message : validRequest() :: Api validated Successfully
info: ===> TimeStamp : 2026-02-22 07:00:34===> API : /api/auth/login ===> Message : loginUser() invoked!!
info: ===> TimeStamp : 2026-02-22 07:00:34===> API : /api/auth/login ===> Message : loginUser() :: Request Object :: [object Object]
info: ===> TimeStamp : 2026-02-22 07:00:34===> API : /api/auth/login ===> Message : loginUserDB() Invoked !
info: ===> TimeStamp : 2026-02-22 07:00:34===> API : /api/auth/login ===> Message : loginUserResponse() invoked!
info: ===> TimeStamp : 2026-02-22 07:00:34===> API : /api/auth/login ===> Message : loginUserResponse() completed
info: ===> TimeStamp : 2026-02-22 11:23:51===> API : null ===> Message : validateRequest() invoked
info: ===> TimeStamp : 2026-02-22 11:23:51===> API : null ===> Message : validateRequest() Error:: Invalid Request :: 
      {"apiUri":"/"}
info: ===> TimeStamp : 2026-02-22 11:23:51===> API : null ===> Message : validateRequest() invoked
info: ===> TimeStamp : 2026-02-22 11:23:51===> API : null ===> Message : validateRequest() Error:: Invalid Request :: 
      {"apiUri":"/.env"}
info: ===> TimeStamp : 2026-02-22 11:23:52===> API : null ===> Message : validateRequest() invoked
info: ===> TimeStamp : 2026-02-22 11:23:52===> API : null ===> Message : validateRequest() Error:: Invalid Request :: 
      {"apiUri":"/wp"}
info: ===> TimeStamp : 2026-02-22 11:23:52===> API : null ===> Message : validateRequest() invoked
info: ===> TimeStamp : 2026-02-22 11:23:52===> API : null ===> Message : validateRequest() Error:: Invalid Request :: 
      {"apiUri":"/"}
info: ===> TimeStamp : 2026-02-22 11:23:52===> API : null ===> Message : validateRequest() invoked
info: ===> TimeStamp : 2026-02-22 11:23:52===> API : null ===> Message : validateRequest() Error:: Invalid Request :: 
      {"apiUri":"/new"}
info: ===> TimeStamp : 2026-02-22 11:23:52===> API : null ===> Message : validateRequest() invoked
info: ===> TimeStamp : 2026-02-22 11:23:52===> API : null ===> Message : validateRequest() Error:: Invalid Request :: 
      {"apiUri":"/blog"}
info: ===> TimeStamp : 2026-02-22 11:23:52===> API : null ===> Message : validateRequest() invoked
info: ===> TimeStamp : 2026-02-22 11:23:52===> API : null ===> Message : validateRequest() Error:: Invalid Request :: 
      {"apiUri":"/wordpress"}
info: ===> TimeStamp : 2026-02-22 11:23:52===> API : null ===> Message : validateRequest() invoked
info: ===> TimeStamp : 2026-02-22 11:23:52===> API : null ===> Message : validateRequest() Error:: Invalid Request :: 
      {"apiUri":"/.git/config"}
info: ===> TimeStamp : 2026-02-22 11:23:52===> API : null ===> Message : validateRequest() invoked
info: ===> TimeStamp : 2026-02-22 11:23:52===> API : null ===> Message : validateRequest() Error:: Invalid Request :: 
      {"apiUri":"/demo"}
info: ===> TimeStamp : 2026-02-22 11:23:52===> API : null ===> Message : validateRequest() invoked
info: ===> TimeStamp : 2026-02-22 11:23:52===> API : null ===> Message : validateRequest() Error:: Invalid Request :: 
      {"apiUri":"/debug/default/index"}
info: ===> TimeStamp : 2026-02-22 11:23:52===> API : null ===> Message : validateRequest() Error:: Invalid Request :: 
      {"apiUri":"/vendor/phpunit/phpunit/src/Util/PHP/eval-stdin.php"}
info: ===> TimeStamp : 2026-02-22 11:23:52===> API : null ===> Message : validateRequest() invoked
info: ===> TimeStamp : 2026-02-22 11:23:52===> API : null ===> Message : validateRequest() invoked
info: ===> TimeStamp : 2026-02-22 11:23:52===> API : null ===> Message : validateRequest() Error:: Invalid Request :: 
      {"apiUri":"/"}
info: ===> TimeStamp : 2026-02-22 11:23:52===> API : null ===> Message : validateRequest() invoked
info: ===> TimeStamp : 2026-02-22 11:23:52===> API : null ===> Message : validateRequest() Error:: Invalid Request :: 
      {"apiUri":"/vendor/laravel-filemanager/js/script.js"}
info: ===> TimeStamp : 2026-02-22 11:23:52===> API : null ===> Message : validateRequest() invoked
info: ===> TimeStamp : 2026-02-22 11:23:52===> API : null ===> Message : validateRequest() Error:: Invalid Request :: 
      {"apiUri":"/_ignition/execute-solution"}
info: ===> TimeStamp : 2026-02-22 11:23:52===> API : null ===> Message : validateRequest() invoked
info: ===> TimeStamp : 2026-02-22 11:23:52===> API : null ===> Message : validateRequest() Error:: Invalid Request :: 
      {"apiUri":"/public/vendor/laravel-filemanager/js/script.js"}
info: ===> TimeStamp : 2026-02-22 11:53:31===> API : null ===> Message : validateRequest() invoked
info: ===> TimeStamp : 2026-02-22 11:53:31===> API : null ===> Message : fetchDBSettings()
info: ===> TimeStamp : 2026-02-22 11:53:31===> API : null ===> Message : validateRequest() Invoked!
info: ===> TimeStamp : 2026-02-22 11:53:31===> API : null ===> Message : validRequest() :: Api validated Successfully
info: ===> TimeStamp : 2026-02-22 11:53:31===> API : /api/auth/validateuser ===> Message : validateUser() invoked!!
info: ===> TimeStamp : 2026-02-22 11:53:31===> API : /api/auth/validateuser ===> Message : validateUser() :: Request Object :: [object Object]
info: ===> TimeStamp : 2026-02-22 11:53:31===> API : /api/auth/validateuser ===> Message : validateUserDB() Invoked !
info: ===> TimeStamp : 2026-02-22 11:53:31===> API : /api/auth/validateuser ===> Message : validateUserResponse() invoked!
info: ===> TimeStamp : 2026-02-22 11:53:31===> API : /api/auth/validateuser ===> Message : validateUserResponse() completed
info: ===> TimeStamp : 2026-02-22 11:53:32===> API : null ===> Message : validateRequest() invoked
info: ===> TimeStamp : 2026-02-22 11:53:32===> API : null ===> Message : fetchDBSettings()
info: ===> TimeStamp : 2026-02-22 11:53:32===> API : null ===> Message : validateRequest() Invoked!
info: ===> TimeStamp : 2026-02-22 11:53:32===> API : null ===> Message : validRequest() :: Api validated Successfully
info: ===> TimeStamp : 2026-02-22 11:53:32===> API : /api/auth/login ===> Message : loginUser() invoked!!
info: ===> TimeStamp : 2026-02-22 11:53:32===> API : /api/auth/login ===> Message : loginUser() :: Request Object :: [object Object]
info: ===> TimeStamp : 2026-02-22 11:53:32===> API : /api/auth/login ===> Message : loginUserDB() Invoked !
info: ===> TimeStamp : 2026-02-22 11:53:32===> API : /api/auth/login ===> Message : loginUserResponse() invoked!
info: ===> TimeStamp : 2026-02-22 11:53:32===> API : /api/auth/login ===> Message : loginUserResponse() completed
info: ===> TimeStamp : 2026-02-22 14:51:23===> API : null ===> Message : validateRequest() invoked
info: ===> TimeStamp : 2026-02-22 14:51:23===> API : null ===> Message : fetchDBSettings()
info: ===> TimeStamp : 2026-02-22 14:51:23===> API : null ===> Message : validateRequest() Invoked!
info: ===> TimeStamp : 2026-02-22 14:51:23===> API : null ===> Message : validRequest() :: Api validated Successfully
info: ===> TimeStamp : 2026-02-22 14:51:23===> API : /api/auth/logout ===> Message : logoutUser() invoked!!
info: ===> TimeStamp : 2026-02-22 14:51:23===> API : /api/auth/logout ===> Message : logoutUser() :: Request Object :: [object Object]
info: ===> TimeStamp : 2026-02-22 14:51:23===> API : /api/auth/logout ===> Message : logoutUserDB() Invoked !
info: ===> TimeStamp : 2026-02-22 14:51:23===> API : /api/auth/logout ===> Message : logoutUserResponse() invoked!
info: ===> TimeStamp : 2026-02-22 14:51:23===> API : /api/auth/logout ===> Message : logoutUserResponse() completed
info: ===> TimeStamp : 2026-02-22 14:51:27===> API : null ===> Message : fetchDBSettings()
info: ===> TimeStamp : 2026-02-22 14:51:27===> API : null ===> Message : validateRequest() invoked
info: ===> TimeStamp : 2026-02-22 14:51:27===> API : null ===> Message : validateRequest() Invoked!
info: ===> TimeStamp : 2026-02-22 14:51:27===> API : null ===> Message : validRequest() :: Api validated Successfully
info: ===> TimeStamp : 2026-02-22 14:51:27===> API : /api/auth/logout ===> Message : logoutUser() :: Request Object :: [object Object]
info: ===> TimeStamp : 2026-02-22 14:51:27===> API : /api/auth/logout ===> Message : logoutUserDB() Invoked !
info: ===> TimeStamp : 2026-02-22 14:51:27===> API : /api/auth/logout ===> Message : logoutUser() invoked!!
info: ===> TimeStamp : 2026-02-22 14:51:27===> API : /api/auth/logout ===> Message : logoutUserResponse() invoked!
info: ===> TimeStamp : 2026-02-22 14:51:27===> API : /api/auth/logout ===> Message : logoutUserResponse() completed
info: ===> TimeStamp : 2026-02-22 14:51:39===> API : null ===> Message : validateRequest() invoked
info: ===> TimeStamp : 2026-02-22 14:51:39===> API : null ===> Message : fetchDBSettings()
info: ===> TimeStamp : 2026-02-22 14:51:39===> API : null ===> Message : validateRequest() Invoked!
info: ===> TimeStamp : 2026-02-22 14:51:39===> API : null ===> Message : validRequest() :: Api validated Successfully
info: ===> TimeStamp : 2026-02-22 14:51:39===> API : /api/auth/validateuser ===> Message : validateUser() invoked!!
info: ===> TimeStamp : 2026-02-22 14:51:39===> API : /api/auth/validateuser ===> Message : validateUser() :: Request Object :: [object Object]
info: ===> TimeStamp : 2026-02-22 14:51:39===> API : /api/auth/validateuser ===> Message : validateUserDB() Invoked !
info: ===> TimeStamp : 2026-02-22 14:51:39===> API : /api/auth/validateuser ===> Message : validateUserResponse() invoked!
info: ===> TimeStamp : 2026-02-22 14:51:39===> API : /api/auth/validateuser ===> Message : validateUserResponse() completed
info: ===> TimeStamp : 2026-02-22 14:51:39===> API : null ===> Message : validateRequest() invoked
info: ===> TimeStamp : 2026-02-22 14:51:39===> API : null ===> Message : fetchDBSettings()
info: ===> TimeStamp : 2026-02-22 14:51:40===> API : null ===> Message : validateRequest() Invoked!
info: ===> TimeStamp : 2026-02-22 14:51:40===> API : null ===> Message : validRequest() :: Api validated Successfully
info: ===> TimeStamp : 2026-02-22 14:51:40===> API : /api/auth/checkIP ===> Message : checkIP() invoked!!
info: ===> TimeStamp : 2026-02-22 14:51:40===> API : /api/auth/checkIP ===> Message : checkIPResponse() invoked!
info: ===> TimeStamp : 2026-02-22 14:51:40===> API : /api/auth/checkIP ===> Message : IPs match: 103.225.102.194
info: ===> TimeStamp : 2026-02-22 14:51:40===> API : /api/auth/checkIP ===> Message : checkIPResponse() completed
info: ===> TimeStamp : 2026-02-22 14:51:40===> API : null ===> Message : validateRequest() invoked
info: ===> TimeStamp : 2026-02-22 14:51:40===> API : null ===> Message : fetchDBSettings()
info: ===> TimeStamp : 2026-02-22 14:51:40===> API : null ===> Message : validateRequest() Invoked!
info: ===> TimeStamp : 2026-02-22 14:51:40===> API : null ===> Message : validRequest() :: Api validated Successfully
info: ===> TimeStamp : 2026-02-22 14:51:40===> API : /api/auth/login ===> Message : loginUser() invoked!!
info: ===> TimeStamp : 2026-02-22 14:51:40===> API : /api/auth/login ===> Message : loginUser() :: Request Object :: [object Object]
info: ===> TimeStamp : 2026-02-22 14:51:40===> API : /api/auth/login ===> Message : loginUserDB() Invoked !
info: ===> TimeStamp : 2026-02-22 14:51:40===> API : /api/auth/login ===> Message : loginUserResponse() invoked!
info: ===> TimeStamp : 2026-02-22 14:51:40===> API : /api/auth/login ===> Message : loginUserResponse() completed
info: ===> TimeStamp : 2026-02-22 14:52:09===> API : null ===> Message : validateRequest() invoked
info: ===> TimeStamp : 2026-02-22 14:52:09===> API : null ===> Message : fetchDBSettings()
info: ===> TimeStamp : 2026-02-22 14:52:09===> API : null ===> Message : validateRequest() Invoked!
info: ===> TimeStamp : 2026-02-22 14:52:09===> API : null ===> Message : validRequest() :: Api validated Successfully
info: ===> TimeStamp : 2026-02-22 14:52:09===> API : /api/auth/validateuser ===> Message : validateUser() invoked!!
info: ===> TimeStamp : 2026-02-22 14:52:09===> API : /api/auth/validateuser ===> Message : validateUser() :: Request Object :: [object Object]
info: ===> TimeStamp : 2026-02-22 14:52:09===> API : /api/auth/validateuser ===> Message : validateUserDB() Invoked !
info: ===> TimeStamp : 2026-02-22 14:52:09===> API : /api/auth/validateuser ===> Message : validateUserResponse() invoked!
info: ===> TimeStamp : 2026-02-22 14:52:09===> API : /api/auth/validateuser ===> Message : validateUserResponse() completed
info: ===> TimeStamp : 2026-02-22 14:52:09===> API : null ===> Message : validateRequest() invoked
info: ===> TimeStamp : 2026-02-22 14:52:09===> API : null ===> Message : fetchDBSettings()
info: ===> TimeStamp : 2026-02-22 14:52:09===> API : null ===> Message : validateRequest() Invoked!
info: ===> TimeStamp : 2026-02-22 14:52:09===> API : null ===> Message : validRequest() :: Api validated Successfully
info: ===> TimeStamp : 2026-02-22 14:52:09===> API : /api/auth/checkIP ===> Message : checkIP() invoked!!
info: ===> TimeStamp : 2026-02-22 14:52:09===> API : /api/auth/checkIP ===> Message : IPs match: 103.255.182.117
info: ===> TimeStamp : 2026-02-22 14:52:09===> API : /api/auth/checkIP ===> Message : checkIPResponse() invoked!
info: ===> TimeStamp : 2026-02-22 14:52:09===> API : /api/auth/checkIP ===> Message : checkIPResponse() completed
info: ===> TimeStamp : 2026-02-22 14:52:10===> API : null ===> Message : validateRequest() invoked
info: ===> TimeStamp : 2026-02-22 14:52:10===> API : null ===> Message : fetchDBSettings()
info: ===> TimeStamp : 2026-02-22 14:52:10===> API : null ===> Message : validateRequest() Invoked!
info: ===> TimeStamp : 2026-02-22 14:52:10===> API : null ===> Message : validRequest() :: Api validated Successfully
info: ===> TimeStamp : 2026-02-22 14:52:10===> API : /api/auth/login ===> Message : loginUser() invoked!!
info: ===> TimeStamp : 2026-02-22 14:52:10===> API : /api/auth/login ===> Message : loginUser() :: Request Object :: [object Object]
info: ===> TimeStamp : 2026-02-22 14:52:10===> API : /api/auth/login ===> Message : loginUserDB() Invoked !
info: ===> TimeStamp : 2026-02-22 14:52:10===> API : /api/auth/login ===> Message : loginUserResponse() invoked!
info: ===> TimeStamp : 2026-02-22 14:52:10===> API : /api/auth/login ===> Message : loginUserResponse() completed
info: ===> TimeStamp : 2026-02-22 16:07:06===> API : null ===> Message : validateRequest() invoked
info: ===> TimeStamp : 2026-02-22 16:07:06===> API : null ===> Message : validateRequest() Error:: Invalid Request :: 
      {"apiUri":"/"}
info: ===> TimeStamp : 2026-02-22 16:07:15===> API : null ===> Message : validateRequest() invoked
info: ===> TimeStamp : 2026-02-22 16:07:15===> API : null ===> Message : validateRequest() Error:: Invalid Request :: 
      {"apiUri":"/"}
info: ===> TimeStamp : 2026-02-22 16:07:16===> API : null ===> Message : validateRequest() invoked
info: ===> TimeStamp : 2026-02-22 16:07:16===> API : null ===> Message : validateRequest() Error:: Invalid Request :: 
      {"apiUri":"/favicon.ico"}
info: ===> TimeStamp : 2026-02-22 16:07:22===> API : null ===> Message : validateRequest() invoked
info: ===> TimeStamp : 2026-02-22 16:07:22===> API : null ===> Message : validateRequest() Error:: Invalid Request :: 
      {"apiUri":"/login"}
info: ===> TimeStamp : 2026-02-22 16:07:22===> API : null ===> Message : validateRequest() invoked
info: ===> TimeStamp : 2026-02-22 16:07:22===> API : null ===> Message : validateRequest() Error:: Invalid Request :: 
      {"apiUri":"/favicon.ico"}
info: ===> TimeStamp : 2026-02-22 16:07:23===> API : null ===> Message : validateRequest() invoked
info: ===> TimeStamp : 2026-02-22 16:07:23===> API : null ===> Message : validateRequest() Error:: Invalid Request :: 
      {"apiUri":"/jb8jia1lgs23a7ztd"}
info: ===> TimeStamp : 2026-02-22 16:07:23===> API : null ===> Message : validateRequest() invoked
info: ===> TimeStamp : 2026-02-22 16:07:23===> API : null ===> Message : validateRequest() Error:: Invalid Request :: 
      {"apiUri":"/favicon.ico"}
info: ===> TimeStamp : 2026-02-22 18:14:54===> API : null ===> Message : validateRequest() invoked
info: ===> TimeStamp : 2026-02-22 18:14:54===> API : null ===> Message : fetchDBSettings()
info: ===> TimeStamp : 2026-02-22 18:14:54===> API : null ===> Message : validateRequest() Invoked!
info: ===> TimeStamp : 2026-02-22 18:14:54===> API : null ===> Message : validRequest() :: Api validated Successfully
info: ===> TimeStamp : 2026-02-22 18:14:54===> API : /api/auth/validateuser ===> Message : validateUser() invoked!!
info: ===> TimeStamp : 2026-02-22 18:14:54===> API : /api/auth/validateuser ===> Message : validateUser() :: Request Object :: [object Object]
info: ===> TimeStamp : 2026-02-22 18:14:54===> API : /api/auth/validateuser ===> Message : validateUserDB() Invoked !
info: ===> TimeStamp : 2026-02-22 18:14:54===> API : /api/auth/validateuser ===> Message : validateUserDB() :: Error :: {"code":"ER_SIGNAL_EXCEPTION","errno":1644,"sqlState":"10005","sqlMessage":"User Does Not Exist","sql":"CALL usp_validate_user('ashmita', 'ashmita212')"}
info: ===> TimeStamp : 2026-02-22 18:14:54===> API : /api/auth/validateuser ===> Message : validateUserDBResult :: Error :: {"ErrorCode":10005,"ErrorMessage":"User Does Not Exist"}
info: ===> TimeStamp : 2026-02-22 18:14:54===> API : /api/auth/validateuser ===> Message : validateUserResponse() invoked!
info: ===> TimeStamp : 2026-02-22 18:14:54===> API : /api/auth/validateuser ===> Message : validateUserResponse() completed
info: ===> TimeStamp : 2026-02-22 18:15:03===> API : null ===> Message : validateRequest() invoked
info: ===> TimeStamp : 2026-02-22 18:15:03===> API : null ===> Message : fetchDBSettings()
info: ===> TimeStamp : 2026-02-22 18:15:03===> API : null ===> Message : validateRequest() Invoked!
info: ===> TimeStamp : 2026-02-22 18:15:03===> API : null ===> Message : validRequest() :: Api validated Successfully
info: ===> TimeStamp : 2026-02-22 18:15:03===> API : /api/auth/validateuser ===> Message : validateUser() :: Request Object :: [object Object]
info: ===> TimeStamp : 2026-02-22 18:15:03===> API : /api/auth/validateuser ===> Message : validateUser() invoked!!
info: ===> TimeStamp : 2026-02-22 18:15:03===> API : /api/auth/validateuser ===> Message : validateUserDB() Invoked !
info: ===> TimeStamp : 2026-02-22 18:15:03===> API : /api/auth/validateuser ===> Message : validateUserResponse() invoked!
info: ===> TimeStamp : 2026-02-22 18:15:03===> API : /api/auth/validateuser ===> Message : validateUserResponse() completed
info: ===> TimeStamp : 2026-02-22 18:15:03===> API : null ===> Message : validateRequest() invoked
info: ===> TimeStamp : 2026-02-22 18:15:03===> API : null ===> Message : fetchDBSettings()
info: ===> TimeStamp : 2026-02-22 18:15:03===> API : null ===> Message : validateRequest() Invoked!
info: ===> TimeStamp : 2026-02-22 18:15:03===> API : null ===> Message : validRequest() :: Api validated Successfully
info: ===> TimeStamp : 2026-02-22 18:15:03===> API : /api/auth/checkIP ===> Message : checkIP() invoked!!
info: ===> TimeStamp : 2026-02-22 18:15:03===> API : /api/auth/checkIP ===> Message : IPs match: 103.225.102.194
info: ===> TimeStamp : 2026-02-22 18:15:03===> API : /api/auth/checkIP ===> Message : checkIPResponse() invoked!
info: ===> TimeStamp : 2026-02-22 18:15:03===> API : /api/auth/checkIP ===> Message : checkIPResponse() completed
info: ===> TimeStamp : 2026-02-22 18:15:03===> API : null ===> Message : validateRequest() invoked
info: ===> TimeStamp : 2026-02-22 18:15:03===> API : null ===> Message : fetchDBSettings()
info: ===> TimeStamp : 2026-02-22 18:15:03===> API : null ===> Message : validateRequest() Invoked!
info: ===> TimeStamp : 2026-02-22 18:15:03===> API : null ===> Message : validRequest() :: Api validated Successfully
info: ===> TimeStamp : 2026-02-22 18:15:03===> API : /api/auth/login ===> Message : loginUser() :: Request Object :: [object Object]
info: ===> TimeStamp : 2026-02-22 18:15:03===> API : /api/auth/login ===> Message : loginUser() invoked!!
info: ===> TimeStamp : 2026-02-22 18:15:03===> API : /api/auth/login ===> Message : loginUserDB() Invoked !
info: ===> TimeStamp : 2026-02-22 18:15:04===> API : /api/auth/login ===> Message : loginUserResponse() invoked!
info: ===> TimeStamp : 2026-02-22 18:15:04===> API : /api/auth/login ===> Message : loginUserResponse() completed
info: ===> TimeStamp : 2026-02-22 18:40:42===> API : null ===> Message : validateRequest() invoked
info: ===> TimeStamp : 2026-02-22 18:40:42===> API : null ===> Message : fetchDBSettings()
info: ===> TimeStamp : 2026-02-22 18:40:42===> API : null ===> Message : validateRequest() Invoked!
info: ===> TimeStamp : 2026-02-22 18:40:42===> API : null ===> Message : validRequest() :: Api validated Successfully
info: ===> TimeStamp : 2026-02-22 18:40:42===> API : /api/auth/validateuser ===> Message : validateUser() invoked!!
info: ===> TimeStamp : 2026-02-22 18:40:42===> API : /api/auth/validateuser ===> Message : validateUser() :: Request Object :: [object Object]
info: ===> TimeStamp : 2026-02-22 18:40:42===> API : /api/auth/validateuser ===> Message : validateUserDB() Invoked !
info: ===> TimeStamp : 2026-02-22 18:40:42===> API : /api/auth/validateuser ===> Message : validateUserResponse() invoked!
info: ===> TimeStamp : 2026-02-22 18:40:42===> API : /api/auth/validateuser ===> Message : validateUserResponse() completed
info: ===> TimeStamp : 2026-02-22 18:40:42===> API : null ===> Message : validateRequest() invoked
info: ===> TimeStamp : 2026-02-22 18:40:42===> API : null ===> Message : fetchDBSettings()
info: ===> TimeStamp : 2026-02-22 18:40:42===> API : null ===> Message : validateRequest() Invoked!
info: ===> TimeStamp : 2026-02-22 18:40:42===> API : null ===> Message : validRequest() :: Api validated Successfully
info: ===> TimeStamp : 2026-02-22 18:40:42===> API : /api/auth/login ===> Message : loginUser() invoked!!
info: ===> TimeStamp : 2026-02-22 18:40:42===> API : /api/auth/login ===> Message : loginUser() :: Request Object :: [object Object]
info: ===> TimeStamp : 2026-02-22 18:40:42===> API : /api/auth/login ===> Message : loginUserDB() Invoked !
info: ===> TimeStamp : 2026-02-22 18:40:42===> API : /api/auth/login ===> Message : loginUserResponse() invoked!
info: ===> TimeStamp : 2026-02-22 18:40:42===> API : /api/auth/login ===> Message : loginUserResponse() completed
info: ===> TimeStamp : 2026-02-22 18:44:01===> API : null ===> Message : validateRequest() invoked
info: ===> TimeStamp : 2026-02-22 18:44:01===> API : null ===> Message : validateRequest() Error:: Invalid Request :: 
      {"apiUri":"/pdown"}
info: ===> TimeStamp : 2026-02-22 19:26:17===> API : null ===> Message : validateRequest() invoked
info: ===> TimeStamp : 2026-02-22 19:26:17===> API : null ===> Message : fetchDBSettings()
info: ===> TimeStamp : 2026-02-22 19:26:17===> API : null ===> Message : validateRequest() Invoked!
info: ===> TimeStamp : 2026-02-22 19:26:17===> API : null ===> Message : validRequest() :: Api validated Successfully
info: ===> TimeStamp : 2026-02-22 19:26:17===> API : /api/auth/validateuser ===> Message : validateUser() :: Request Object :: [object Object]
info: ===> TimeStamp : 2026-02-22 19:26:17===> API : /api/auth/validateuser ===> Message : validateUser() invoked!!
info: ===> TimeStamp : 2026-02-22 19:26:17===> API : /api/auth/validateuser ===> Message : validateUserDB() Invoked !
info: ===> TimeStamp : 2026-02-22 19:26:17===> API : /api/auth/validateuser ===> Message : validateUserResponse() invoked!
info: ===> TimeStamp : 2026-02-22 19:26:17===> API : /api/auth/validateuser ===> Message : validateUserResponse() completed
info: ===> TimeStamp : 2026-02-22 19:26:17===> API : null ===> Message : validateRequest() invoked
info: ===> TimeStamp : 2026-02-22 19:26:17===> API : null ===> Message : fetchDBSettings()
info: ===> TimeStamp : 2026-02-22 19:26:17===> API : null ===> Message : validateRequest() Invoked!
info: ===> TimeStamp : 2026-02-22 19:26:17===> API : null ===> Message : validRequest() :: Api validated Successfully
info: ===> TimeStamp : 2026-02-22 19:26:17===> API : /api/auth/login ===> Message : loginUser() invoked!!
info: ===> TimeStamp : 2026-02-22 19:26:17===> API : /api/auth/login ===> Message : loginUser() :: Request Object :: [object Object]
info: ===> TimeStamp : 2026-02-22 19:26:17===> API : /api/auth/login ===> Message : loginUserDB() Invoked !
info: ===> TimeStamp : 2026-02-22 19:26:17===> API : /api/auth/login ===> Message : loginUserResponse() invoked!
info: ===> TimeStamp : 2026-02-22 19:26:17===> API : /api/auth/login ===> Message : loginUserResponse() completed
info: ===> TimeStamp : 2026-02-22 19:43:28===> API : null ===> Message : validateRequest() invoked
info: ===> TimeStamp : 2026-02-22 19:43:28===> API : null ===> Message : fetchDBSettings()
info: ===> TimeStamp : 2026-02-22 19:43:28===> API : null ===> Message : validateRequest() Invoked!
info: ===> TimeStamp : 2026-02-22 19:43:28===> API : null ===> Message : validRequest() :: Api validated Successfully
info: ===> TimeStamp : 2026-02-22 19:43:28===> API : /api/auth/validateuser ===> Message : validateUser() invoked!!
info: ===> TimeStamp : 2026-02-22 19:43:28===> API : /api/auth/validateuser ===> Message : validateUser() :: Request Object :: [object Object]
info: ===> TimeStamp : 2026-02-22 19:43:28===> API : /api/auth/validateuser ===> Message : validateUserDB() Invoked !
info: ===> TimeStamp : 2026-02-22 19:43:28===> API : /api/auth/validateuser ===> Message : validateUserResponse() invoked!
info: ===> TimeStamp : 2026-02-22 19:43:28===> API : /api/auth/validateuser ===> Message : validateUserResponse() completed
info: ===> TimeStamp : 2026-02-22 19:43:28===> API : null ===> Message : validateRequest() invoked
info: ===> TimeStamp : 2026-02-22 19:43:28===> API : null ===> Message : fetchDBSettings()
info: ===> TimeStamp : 2026-02-22 19:43:28===> API : null ===> Message : validateRequest() Invoked!
info: ===> TimeStamp : 2026-02-22 19:43:28===> API : null ===> Message : validRequest() :: Api validated Successfully
info: ===> TimeStamp : 2026-02-22 19:43:28===> API : /api/auth/login ===> Message : loginUser() invoked!!
info: ===> TimeStamp : 2026-02-22 19:43:28===> API : /api/auth/login ===> Message : loginUser() :: Request Object :: [object Object]
info: ===> TimeStamp : 2026-02-22 19:43:28===> API : /api/auth/login ===> Message : loginUserDB() Invoked !
info: ===> TimeStamp : 2026-02-22 19:43:28===> API : /api/auth/login ===> Message : loginUserResponse() invoked!
info: ===> TimeStamp : 2026-02-22 19:43:28===> API : /api/auth/login ===> Message : loginUserResponse() completed
info: ===> TimeStamp : 2026-02-22 20:14:16===> API : null ===> Message : validateRequest() invoked
info: ===> TimeStamp : 2026-02-22 20:14:16===> API : null ===> Message : fetchDBSettings()
info: ===> TimeStamp : 2026-02-22 20:14:16===> API : null ===> Message : validateRequest() Invoked!
info: ===> TimeStamp : 2026-02-22 20:14:16===> API : null ===> Message : validRequest() :: Api validated Successfully
info: ===> TimeStamp : 2026-02-22 20:14:16===> API : /api/auth/validateuser ===> Message : validateUser() invoked!!
info: ===> TimeStamp : 2026-02-22 20:14:16===> API : /api/auth/validateuser ===> Message : validateUser() :: Request Object :: [object Object]
info: ===> TimeStamp : 2026-02-22 20:14:16===> API : /api/auth/validateuser ===> Message : validateUserDB() Invoked !
info: ===> TimeStamp : 2026-02-22 20:14:16===> API : /api/auth/validateuser ===> Message : validateUserResponse() invoked!
info: ===> TimeStamp : 2026-02-22 20:14:16===> API : /api/auth/validateuser ===> Message : validateUserResponse() completed
info: ===> TimeStamp : 2026-02-22 20:14:17===> API : null ===> Message : validateRequest() invoked
info: ===> TimeStamp : 2026-02-22 20:14:17===> API : null ===> Message : fetchDBSettings()
info: ===> TimeStamp : 2026-02-22 20:14:17===> API : null ===> Message : validateRequest() Invoked!
info: ===> TimeStamp : 2026-02-22 20:14:17===> API : null ===> Message : validRequest() :: Api validated Successfully
info: ===> TimeStamp : 2026-02-22 20:14:17===> API : /api/auth/login ===> Message : loginUser() invoked!!
info: ===> TimeStamp : 2026-02-22 20:14:17===> API : /api/auth/login ===> Message : loginUser() :: Request Object :: [object Object]
info: ===> TimeStamp : 2026-02-22 20:14:17===> API : /api/auth/login ===> Message : loginUserDB() Invoked !
info: ===> TimeStamp : 2026-02-22 20:14:17===> API : /api/auth/login ===> Message : loginUserResponse() invoked!
info: ===> TimeStamp : 2026-02-22 20:14:17===> API : /api/auth/login ===> Message : loginUserResponse() completed
info: ===> TimeStamp : 2026-02-22 21:45:53===> API : null ===> Message : validateRequest() invoked
info: ===> TimeStamp : 2026-02-22 21:45:53===> API : null ===> Message : fetchDBSettings()
info: ===> TimeStamp : 2026-02-22 21:45:53===> API : null ===> Message : validateRequest() Invoked!
info: ===> TimeStamp : 2026-02-22 21:45:54===> API : null ===> Message : validRequest() :: Api validated Successfully
info: ===> TimeStamp : 2026-02-22 21:45:54===> API : /api/auth/logout ===> Message : logoutUser() invoked!!
info: ===> TimeStamp : 2026-02-22 21:45:54===> API : /api/auth/logout ===> Message : logoutUser() :: Request Object :: [object Object]
info: ===> TimeStamp : 2026-02-22 21:45:54===> API : /api/auth/logout ===> Message : logoutUserDB() Invoked !
info: ===> TimeStamp : 2026-02-22 21:45:54===> API : /api/auth/logout ===> Message : logoutUserResponse() invoked!
info: ===> TimeStamp : 2026-02-22 21:45:54===> API : /api/auth/logout ===> Message : logoutUserResponse() completed
info: ===> TimeStamp : 2026-02-22 21:45:58===> API : null ===> Message : validateRequest() invoked
info: ===> TimeStamp : 2026-02-22 21:45:58===> API : null ===> Message : fetchDBSettings()
info: ===> TimeStamp : 2026-02-22 21:45:58===> API : null ===> Message : validateRequest() Invoked!
info: ===> TimeStamp : 2026-02-22 21:45:58===> API : null ===> Message : validRequest() :: Api validated Successfully
info: ===> TimeStamp : 2026-02-22 21:45:58===> API : /api/auth/logout ===> Message : logoutUser() invoked!!
info: ===> TimeStamp : 2026-02-22 21:45:58===> API : /api/auth/logout ===> Message : logoutUser() :: Request Object :: [object Object]
info: ===> TimeStamp : 2026-02-22 21:45:58===> API : /api/auth/logout ===> Message : logoutUserDB() Invoked !
info: ===> TimeStamp : 2026-02-22 21:45:58===> API : /api/auth/logout ===> Message : logoutUserResponse() invoked!
info: ===> TimeStamp : 2026-02-22 21:45:58===> API : /api/auth/logout ===> Message : logoutUserResponse() completed
info: ===> TimeStamp : 2026-02-22 21:46:06===> API : null ===> Message : validateRequest() invoked
info: ===> TimeStamp : 2026-02-22 21:46:06===> API : null ===> Message : fetchDBSettings()
info: ===> TimeStamp : 2026-02-22 21:46:06===> API : null ===> Message : validateRequest() Invoked!
info: ===> TimeStamp : 2026-02-22 21:46:06===> API : null ===> Message : validRequest() :: Api validated Successfully
info: ===> TimeStamp : 2026-02-22 21:46:06===> API : /api/auth/validateuser ===> Message : validateUser() invoked!!
info: ===> TimeStamp : 2026-02-22 21:46:06===> API : /api/auth/validateuser ===> Message : validateUser() :: Request Object :: [object Object]
info: ===> TimeStamp : 2026-02-22 21:46:06===> API : /api/auth/validateuser ===> Message : validateUserDB() Invoked !
info: ===> TimeStamp : 2026-02-22 21:46:06===> API : /api/auth/validateuser ===> Message : validateUserResponse() invoked!
info: ===> TimeStamp : 2026-02-22 21:46:06===> API : /api/auth/validateuser ===> Message : validateUserResponse() completed
info: ===> TimeStamp : 2026-02-22 21:46:06===> API : null ===> Message : validateRequest() invoked
info: ===> TimeStamp : 2026-02-22 21:46:06===> API : null ===> Message : fetchDBSettings()
info: ===> TimeStamp : 2026-02-22 21:46:06===> API : null ===> Message : validateRequest() Invoked!
info: ===> TimeStamp : 2026-02-22 21:46:06===> API : null ===> Message : validRequest() :: Api validated Successfully
info: ===> TimeStamp : 2026-02-22 21:46:06===> API : /api/auth/checkIP ===> Message : checkIP() invoked!!
info: ===> TimeStamp : 2026-02-22 21:46:06===> API : /api/auth/checkIP ===> Message : IPs match: 103.225.102.194
info: ===> TimeStamp : 2026-02-22 21:46:06===> API : /api/auth/checkIP ===> Message : checkIPResponse() invoked!
info: ===> TimeStamp : 2026-02-22 21:46:06===> API : /api/auth/checkIP ===> Message : checkIPResponse() completed
info: ===> TimeStamp : 2026-02-22 21:46:06===> API : null ===> Message : validateRequest() invoked
info: ===> TimeStamp : 2026-02-22 21:46:06===> API : null ===> Message : fetchDBSettings()
info: ===> TimeStamp : 2026-02-22 21:46:06===> API : null ===> Message : validateRequest() Invoked!
info: ===> TimeStamp : 2026-02-22 21:46:06===> API : null ===> Message : validRequest() :: Api validated Successfully
info: ===> TimeStamp : 2026-02-22 21:46:06===> API : /api/auth/login ===> Message : loginUser() invoked!!
info: ===> TimeStamp : 2026-02-22 21:46:06===> API : /api/auth/login ===> Message : loginUser() :: Request Object :: [object Object]
info: ===> TimeStamp : 2026-02-22 21:46:06===> API : /api/auth/login ===> Message : loginUserDB() Invoked !
info: ===> TimeStamp : 2026-02-22 21:46:06===> API : /api/auth/login ===> Message : loginUserResponse() invoked!
info: ===> TimeStamp : 2026-02-22 21:46:06===> API : /api/auth/login ===> Message : loginUserResponse() completed
info: ===> TimeStamp : 2026-02-22 21:47:03===> API : null ===> Message : validateRequest() invoked
info: ===> TimeStamp : 2026-02-22 21:47:03===> API : null ===> Message : fetchDBSettings()
info: ===> TimeStamp : 2026-02-22 21:47:03===> API : null ===> Message : validateRequest() Invoked!
info: ===> TimeStamp : 2026-02-22 21:47:03===> API : null ===> Message : validRequest() :: Api validated Successfully
info: ===> TimeStamp : 2026-02-22 21:47:03===> API : /api/auth/validateuser ===> Message : validateUser() :: Request Object :: [object Object]
info: ===> TimeStamp : 2026-02-22 21:47:03===> API : /api/auth/validateuser ===> Message : validateUser() invoked!!
info: ===> TimeStamp : 2026-02-22 21:47:03===> API : /api/auth/validateuser ===> Message : validateUserDB() Invoked !
info: ===> TimeStamp : 2026-02-22 21:47:03===> API : /api/auth/validateuser ===> Message : validateUserResponse() invoked!
info: ===> TimeStamp : 2026-02-22 21:47:03===> API : /api/auth/validateuser ===> Message : validateUserResponse() completed
info: ===> TimeStamp : 2026-02-22 21:47:03===> API : null ===> Message : validateRequest() invoked
info: ===> TimeStamp : 2026-02-22 21:47:03===> API : null ===> Message : fetchDBSettings()
info: ===> TimeStamp : 2026-02-22 21:47:03===> API : null ===> Message : validateRequest() Invoked!
info: ===> TimeStamp : 2026-02-22 21:47:03===> API : null ===> Message : validRequest() :: Api validated Successfully
info: ===> TimeStamp : 2026-02-22 21:47:03===> API : /api/auth/checkIP ===> Message : checkIP() invoked!!
info: ===> TimeStamp : 2026-02-22 21:47:03===> API : /api/auth/checkIP ===> Message : IPs match: 103.255.182.117
info: ===> TimeStamp : 2026-02-22 21:47:03===> API : /api/auth/checkIP ===> Message : checkIPResponse() invoked!
info: ===> TimeStamp : 2026-02-22 21:47:03===> API : /api/auth/checkIP ===> Message : checkIPResponse() completed
info: ===> TimeStamp : 2026-02-22 21:47:03===> API : null ===> Message : validateRequest() invoked
info: ===> TimeStamp : 2026-02-22 21:47:03===> API : null ===> Message : fetchDBSettings()
info: ===> TimeStamp : 2026-02-22 21:47:03===> API : null ===> Message : validateRequest() Invoked!
info: ===> TimeStamp : 2026-02-22 21:47:04===> API : null ===> Message : validRequest() :: Api validated Successfully
info: ===> TimeStamp : 2026-02-22 21:47:04===> API : /api/auth/login ===> Message : loginUser() invoked!!
info: ===> TimeStamp : 2026-02-22 21:47:04===> API : /api/auth/login ===> Message : loginUser() :: Request Object :: [object Object]
info: ===> TimeStamp : 2026-02-22 21:47:04===> API : /api/auth/login ===> Message : loginUserDB() Invoked !
info: ===> TimeStamp : 2026-02-22 21:47:04===> API : /api/auth/login ===> Message : loginUserResponse() invoked!
info: ===> TimeStamp : 2026-02-22 21:47:04===> API : /api/auth/login ===> Message : loginUserResponse() completed
info: ===> TimeStamp : 2026-02-22 22:38:16===> API : null ===> Message : validateRequest() invoked
info: ===> TimeStamp : 2026-02-22 22:38:16===> API : null ===> Message : fetchDBSettings()
info: ===> TimeStamp : 2026-02-22 22:38:16===> API : null ===> Message : validateRequest() Invoked!
info: ===> TimeStamp : 2026-02-22 22:38:16===> API : null ===> Message : validRequest() :: Api validated Successfully
info: ===> TimeStamp : 2026-02-22 22:38:16===> API : /api/auth/validateuser ===> Message : validateUser() invoked!!
info: ===> TimeStamp : 2026-02-22 22:38:16===> API : /api/auth/validateuser ===> Message : validateUser() :: Request Object :: [object Object]
info: ===> TimeStamp : 2026-02-22 22:38:16===> API : /api/auth/validateuser ===> Message : validateUserDB() Invoked !
info: ===> TimeStamp : 2026-02-22 22:38:16===> API : /api/auth/validateuser ===> Message : validateUserResponse() invoked!
info: ===> TimeStamp : 2026-02-22 22:38:16===> API : /api/auth/validateuser ===> Message : validateUserResponse() completed
info: ===> TimeStamp : 2026-02-22 22:38:16===> API : null ===> Message : validateRequest() invoked
info: ===> TimeStamp : 2026-02-22 22:38:16===> API : null ===> Message : fetchDBSettings()
info: ===> TimeStamp : 2026-02-22 22:38:16===> API : null ===> Message : validateRequest() Invoked!
info: ===> TimeStamp : 2026-02-22 22:38:16===> API : null ===> Message : validRequest() :: Api validated Successfully
info: ===> TimeStamp : 2026-02-22 22:38:16===> API : /api/auth/login ===> Message : loginUser() invoked!!
info: ===> TimeStamp : 2026-02-22 22:38:16===> API : /api/auth/login ===> Message : loginUser() :: Request Object :: [object Object]
info: ===> TimeStamp : 2026-02-22 22:38:16===> API : /api/auth/login ===> Message : loginUserDB() Invoked !
info: ===> TimeStamp : 2026-02-22 22:38:16===> API : /api/auth/login ===> Message : loginUserResponse() invoked!
info: ===> TimeStamp : 2026-02-22 22:38:16===> API : /api/auth/login ===> Message : loginUserResponse() completed
info: ===> TimeStamp : 2026-02-22 22:44:01===> API : null ===> Message : validateRequest() invoked
info: ===> TimeStamp : 2026-02-22 22:44:01===> API : null ===> Message : fetchDBSettings()
info: ===> TimeStamp : 2026-02-22 22:44:01===> API : null ===> Message : validateRequest() Invoked!
info: ===> TimeStamp : 2026-02-22 22:44:01===> API : null ===> Message : validRequest() :: Api validated Successfully
info: ===> TimeStamp : 2026-02-22 22:44:01===> API : /api/auth/validateuser ===> Message : validateUser() invoked!!
info: ===> TimeStamp : 2026-02-22 22:44:01===> API : /api/auth/validateuser ===> Message : validateUser() :: Request Object :: [object Object]
info: ===> TimeStamp : 2026-02-22 22:44:01===> API : /api/auth/validateuser ===> Message : validateUserDB() Invoked !
info: ===> TimeStamp : 2026-02-22 22:44:01===> API : /api/auth/validateuser ===> Message : validateUserResponse() invoked!
info: ===> TimeStamp : 2026-02-22 22:44:01===> API : /api/auth/validateuser ===> Message : validateUserResponse() completed
info: ===> TimeStamp : 2026-02-22 22:44:01===> API : null ===> Message : validateRequest() invoked
info: ===> TimeStamp : 2026-02-22 22:44:01===> API : null ===> Message : fetchDBSettings()
info: ===> TimeStamp : 2026-02-22 22:44:01===> API : null ===> Message : validateRequest() Invoked!
info: ===> TimeStamp : 2026-02-22 22:44:01===> API : /api/auth/login ===> Message : loginUser() invoked!!
info: ===> TimeStamp : 2026-02-22 22:44:01===> API : null ===> Message : validRequest() :: Api validated Successfully
info: ===> TimeStamp : 2026-02-22 22:44:01===> API : /api/auth/login ===> Message : loginUser() :: Request Object :: [object Object]
info: ===> TimeStamp : 2026-02-22 22:44:01===> API : /api/auth/login ===> Message : loginUserDB() Invoked !
info: ===> TimeStamp : 2026-02-22 22:44:01===> API : /api/auth/login ===> Message : loginUserResponse() invoked!
info: ===> TimeStamp : 2026-02-22 22:44:01===> API : /api/auth/login ===> Message : loginUserResponse() completed
info: ===> TimeStamp : 2026-02-23 02:21:20===> API : null ===> Message : validateRequest() invoked
info: ===> TimeStamp : 2026-02-23 02:21:20===> API : null ===> Message : fetchDBSettings()
info: ===> TimeStamp : 2026-02-23 02:21:20===> API : null ===> Message : validateRequest() Invoked!
info: ===> TimeStamp : 2026-02-23 02:21:20===> API : null ===> Message : validRequest() :: Api validated Successfully
info: ===> TimeStamp : 2026-02-23 02:21:20===> API : /api/auth/validateuser ===> Message : validateUser() :: Request Object :: [object Object]
info: ===> TimeStamp : 2026-02-23 02:21:20===> API : /api/auth/validateuser ===> Message : validateUser() invoked!!
info: ===> TimeStamp : 2026-02-23 02:21:20===> API : /api/auth/validateuser ===> Message : validateUserDB() Invoked !
info: ===> TimeStamp : 2026-02-23 02:21:20===> API : /api/auth/validateuser ===> Message : validateUserResponse() invoked!
info: ===> TimeStamp : 2026-02-23 02:21:20===> API : /api/auth/validateuser ===> Message : validateUserResponse() completed
info: ===> TimeStamp : 2026-02-23 02:21:20===> API : null ===> Message : validateRequest() invoked
info: ===> TimeStamp : 2026-02-23 02:21:20===> API : null ===> Message : fetchDBSettings()
info: ===> TimeStamp : 2026-02-23 02:21:20===> API : null ===> Message : validateRequest() Invoked!
info: ===> TimeStamp : 2026-02-23 02:21:20===> API : null ===> Message : validRequest() :: Api validated Successfully
info: ===> TimeStamp : 2026-02-23 02:21:20===> API : /api/auth/login ===> Message : loginUser() invoked!!
info: ===> TimeStamp : 2026-02-23 02:21:20===> API : /api/auth/login ===> Message : loginUser() :: Request Object :: [object Object]
info: ===> TimeStamp : 2026-02-23 02:21:20===> API : /api/auth/login ===> Message : loginUserDB() Invoked !
info: ===> TimeStamp : 2026-02-23 02:21:20===> API : /api/auth/login ===> Message : loginUserResponse() invoked!
info: ===> TimeStamp : 2026-02-23 02:21:20===> API : /api/auth/login ===> Message : loginUserResponse() completed
info: ===> TimeStamp : 2026-02-23 02:24:43===> API : null ===> Message : validateRequest() invoked
info: ===> TimeStamp : 2026-02-23 02:24:43===> API : null ===> Message : fetchDBSettings()
info: ===> TimeStamp : 2026-02-23 02:24:43===> API : null ===> Message : validateRequest() Invoked!
info: ===> TimeStamp : 2026-02-23 02:24:43===> API : null ===> Message : validRequest() :: Api validated Successfully
info: ===> TimeStamp : 2026-02-23 02:24:43===> API : /api/auth/validateuser ===> Message : validateUser() invoked!!
info: ===> TimeStamp : 2026-02-23 02:24:43===> API : /api/auth/validateuser ===> Message : validateUser() :: Request Object :: [object Object]
info: ===> TimeStamp : 2026-02-23 02:24:43===> API : /api/auth/validateuser ===> Message : validateUserDB() Invoked !
info: ===> TimeStamp : 2026-02-23 02:24:43===> API : /api/auth/validateuser ===> Message : validateUserResponse() invoked!
info: ===> TimeStamp : 2026-02-23 02:24:43===> API : /api/auth/validateuser ===> Message : validateUserResponse() completed
info: ===> TimeStamp : 2026-02-23 02:24:43===> API : null ===> Message : validateRequest() invoked
info: ===> TimeStamp : 2026-02-23 02:24:43===> API : null ===> Message : fetchDBSettings()
info: ===> TimeStamp : 2026-02-23 02:24:43===> API : null ===> Message : validateRequest() Invoked!
info: ===> TimeStamp : 2026-02-23 02:24:43===> API : null ===> Message : validRequest() :: Api validated Successfully
info: ===> TimeStamp : 2026-02-23 02:24:43===> API : /api/auth/login ===> Message : loginUser() :: Request Object :: [object Object]
info: ===> TimeStamp : 2026-02-23 02:24:43===> API : /api/auth/login ===> Message : loginUser() invoked!!
info: ===> TimeStamp : 2026-02-23 02:24:43===> API : /api/auth/login ===> Message : loginUserDB() Invoked !
info: ===> TimeStamp : 2026-02-23 02:24:43===> API : /api/auth/login ===> Message : loginUserResponse() invoked!
info: ===> TimeStamp : 2026-02-23 02:24:43===> API : /api/auth/login ===> Message : loginUserResponse() completed
info: ===> TimeStamp : 2026-02-23 02:31:04===> API : null ===> Message : validateRequest() invoked
info: ===> TimeStamp : 2026-02-23 02:31:04===> API : null ===> Message : validateRequest() Error:: Invalid Request :: 
      {"apiUri":"/"}
info: ===> TimeStamp : 2026-02-23 02:36:07===> API : null ===> Message : validateRequest() invoked
info: ===> TimeStamp : 2026-02-23 02:36:07===> API : null ===> Message : validateRequest() Error:: Invalid Request :: 
      {"apiUri":"/favicon.ico"}
info: ===> TimeStamp : 2026-02-23 02:58:32===> API : null ===> Message : validateRequest() invoked
info: ===> TimeStamp : 2026-02-23 02:58:32===> API : null ===> Message : fetchDBSettings()
info: ===> TimeStamp : 2026-02-23 02:58:32===> API : null ===> Message : validateRequest() Invoked!
info: ===> TimeStamp : 2026-02-23 02:58:32===> API : null ===> Message : validRequest() :: Api validated Successfully
info: ===> TimeStamp : 2026-02-23 02:58:32===> API : /api/auth/validateuser ===> Message : validateUser() invoked!!
info: ===> TimeStamp : 2026-02-23 02:58:32===> API : /api/auth/validateuser ===> Message : validateUser() :: Request Object :: [object Object]
info: ===> TimeStamp : 2026-02-23 02:58:32===> API : /api/auth/validateuser ===> Message : validateUserDB() Invoked !
info: ===> TimeStamp : 2026-02-23 02:58:32===> API : /api/auth/validateuser ===> Message : validateUserResponse() invoked!
info: ===> TimeStamp : 2026-02-23 02:58:32===> API : /api/auth/validateuser ===> Message : validateUserResponse() completed
info: ===> TimeStamp : 2026-02-23 02:58:32===> API : null ===> Message : validateRequest() invoked
info: ===> TimeStamp : 2026-02-23 02:58:32===> API : null ===> Message : fetchDBSettings()
info: ===> TimeStamp : 2026-02-23 02:58:32===> API : null ===> Message : validateRequest() Invoked!
info: ===> TimeStamp : 2026-02-23 02:58:32===> API : null ===> Message : validRequest() :: Api validated Successfully
info: ===> TimeStamp : 2026-02-23 02:58:32===> API : /api/auth/login ===> Message : loginUser() invoked!!
info: ===> TimeStamp : 2026-02-23 02:58:32===> API : /api/auth/login ===> Message : loginUser() :: Request Object :: [object Object]
info: ===> TimeStamp : 2026-02-23 02:58:32===> API : /api/auth/login ===> Message : loginUserDB() Invoked !
info: ===> TimeStamp : 2026-02-23 02:58:32===> API : /api/auth/login ===> Message : loginUserResponse() invoked!
info: ===> TimeStamp : 2026-02-23 02:58:32===> API : /api/auth/login ===> Message : loginUserResponse() completed
info: ===> TimeStamp : 2026-02-23 03:08:58===> API : null ===> Message : validateRequest() invoked
info: ===> TimeStamp : 2026-02-23 03:08:58===> API : null ===> Message : fetchDBSettings()
info: ===> TimeStamp : 2026-02-23 03:08:58===> API : null ===> Message : validateRequest() Invoked!
info: ===> TimeStamp : 2026-02-23 03:08:58===> API : null ===> Message : validRequest() :: Api validated Successfully
info: ===> TimeStamp : 2026-02-23 03:08:58===> API : /api/auth/logout ===> Message : logoutUser() invoked!!
info: ===> TimeStamp : 2026-02-23 03:08:58===> API : /api/auth/logout ===> Message : logoutUser() :: Request Object :: [object Object]
info: ===> TimeStamp : 2026-02-23 03:08:58===> API : /api/auth/logout ===> Message : logoutUserDB() Invoked !
info: ===> TimeStamp : 2026-02-23 03:08:58===> API : /api/auth/logout ===> Message : logoutUserResponse() invoked!
info: ===> TimeStamp : 2026-02-23 03:08:58===> API : /api/auth/logout ===> Message : logoutUserResponse() completed
info: ===> TimeStamp : 2026-02-23 04:28:21===> API : null ===> Message : validateRequest() invoked
info: ===> TimeStamp : 2026-02-23 04:28:21===> API : null ===> Message : fetchDBSettings()
info: ===> TimeStamp : 2026-02-23 04:28:21===> API : null ===> Message : validateRequest() Invoked!
info: ===> TimeStamp : 2026-02-23 04:28:21===> API : null ===> Message : validRequest() :: Api validated Successfully
info: ===> TimeStamp : 2026-02-23 04:28:21===> API : /api/auth/validateuser ===> Message : validateUser() invoked!!
info: ===> TimeStamp : 2026-02-23 04:28:21===> API : /api/auth/validateuser ===> Message : validateUser() :: Request Object :: [object Object]
info: ===> TimeStamp : 2026-02-23 04:28:21===> API : /api/auth/validateuser ===> Message : validateUserDB() Invoked !
info: ===> TimeStamp : 2026-02-23 04:28:21===> API : /api/auth/validateuser ===> Message : validateUserResponse() invoked!
info: ===> TimeStamp : 2026-02-23 04:28:21===> API : /api/auth/validateuser ===> Message : validateUserResponse() completed
info: ===> TimeStamp : 2026-02-23 04:28:21===> API : null ===> Message : validateRequest() invoked
info: ===> TimeStamp : 2026-02-23 04:28:21===> API : null ===> Message : fetchDBSettings()
info: ===> TimeStamp : 2026-02-23 04:28:21===> API : null ===> Message : validateRequest() Invoked!
info: ===> TimeStamp : 2026-02-23 04:28:21===> API : /api/auth/login ===> Message : loginUser() invoked!!
info: ===> TimeStamp : 2026-02-23 04:28:21===> API : /api/auth/login ===> Message : loginUser() :: Request Object :: [object Object]
info: ===> TimeStamp : 2026-02-23 04:28:21===> API : null ===> Message : validRequest() :: Api validated Successfully
info: ===> TimeStamp : 2026-02-23 04:28:21===> API : /api/auth/login ===> Message : loginUserDB() Invoked !
info: ===> TimeStamp : 2026-02-23 04:28:21===> API : /api/auth/login ===> Message : loginUserResponse() invoked!
info: ===> TimeStamp : 2026-02-23 04:28:21===> API : /api/auth/login ===> Message : loginUserResponse() completed
