info: ===> TimeStamp : 2025-10-15 06:51:03===> API : null ===> Message : validateRequest() invoked
info: ===> TimeStamp : 2025-10-15 06:51:03===> API : null ===> Message : fetchDBSettings()
info: ===> TimeStamp : 2025-10-15 06:51:03===> API : null ===> Message : validateRequest() Invoked!
info: ===> TimeStamp : 2025-10-15 06:51:03===> API : null ===> Message : validRequest() :: Api validated Successfully
info: ===> TimeStamp : 2025-10-15 06:51:03===> API : /api/auth/logout ===> Message : logoutUser() invoked!!
info: ===> TimeStamp : 2025-10-15 06:51:03===> API : /api/auth/logout ===> Message : logoutUser() :: Request Object :: [object Object]
info: ===> TimeStamp : 2025-10-15 06:51:03===> API : /api/auth/logout ===> Message : logoutUserDB() Invoked !
info: ===> TimeStamp : 2025-10-15 06:51:03===> API : /api/auth/logout ===> Message : logoutUserResponse() invoked!
info: ===> TimeStamp : 2025-10-15 06:51:03===> API : /api/auth/logout ===> Message : logoutUserResponse() completed
info: ===> TimeStamp : 2025-10-15 06:57:01===> API : null ===> Message : validateRequest() invoked
info: ===> TimeStamp : 2025-10-15 06:57:01===> API : null ===> Message : validateRequest() Error:: Invalid Request :: 
      {"apiUri":"/"}
info: ===> TimeStamp : 2025-10-15 06:57:02===> API : null ===> Message : validateRequest() invoked
info: ===> TimeStamp : 2025-10-15 06:57:02===> API : null ===> Message : validateRequest() Error:: Invalid Request :: 
      {"apiUri":"/.git/config"}
info: ===> TimeStamp : 2025-10-15 06:57:02===> API : null ===> Message : validateRequest() invoked
info: ===> TimeStamp : 2025-10-15 06:57:02===> API : null ===> Message : validateRequest() Error:: Invalid Request :: 
      {"apiUri":"/.env"}
info: ===> TimeStamp : 2025-10-15 06:57:02===> API : null ===> Message : validateRequest() invoked
info: ===> TimeStamp : 2025-10-15 06:57:02===> API : null ===> Message : validateRequest() Error:: Invalid Request :: 
      {"apiUri":"/api/.env"}
info: ===> TimeStamp : 2025-10-15 06:57:03===> API : null ===> Message : validateRequest() invoked
info: ===> TimeStamp : 2025-10-15 06:57:03===> API : null ===> Message : validateRequest() Error:: Invalid Request :: 
      {"apiUri":"/config/.env"}
info: ===> TimeStamp : 2025-10-15 06:57:03===> API : null ===> Message : validateRequest() invoked
info: ===> TimeStamp : 2025-10-15 06:57:03===> API : null ===> Message : validateRequest() Error:: Invalid Request :: 
      {"apiUri":"/.env.example"}
info: ===> TimeStamp : 2025-10-15 06:57:03===> API : null ===> Message : validateRequest() invoked
info: ===> TimeStamp : 2025-10-15 06:57:03===> API : null ===> Message : validateRequest() Error:: Invalid Request :: 
      {"apiUri":"/.env.production"}
info: ===> TimeStamp : 2025-10-15 06:57:03===> API : null ===> Message : validateRequest() invoked
info: ===> TimeStamp : 2025-10-15 06:57:03===> API : null ===> Message : validateRequest() Error:: Invalid Request :: 
      {"apiUri":"/.env.dev"}
info: ===> TimeStamp : 2025-10-15 06:57:03===> API : null ===> Message : validateRequest() invoked
info: ===> TimeStamp : 2025-10-15 06:57:03===> API : null ===> Message : validateRequest() Error:: Invalid Request :: 
      {"apiUri":"/backend/.env"}
info: ===> TimeStamp : 2025-10-15 06:57:03===> API : null ===> Message : validateRequest() invoked
info: ===> TimeStamp : 2025-10-15 06:57:03===> API : null ===> Message : validateRequest() Error:: Invalid Request :: 
      {"apiUri":"/.env.backup"}
info: ===> TimeStamp : 2025-10-15 06:57:04===> API : null ===> Message : validateRequest() invoked
info: ===> TimeStamp : 2025-10-15 06:57:04===> API : null ===> Message : validateRequest() Error:: Invalid Request :: 
      {"apiUri":"/_profiler/phpinfo"}
info: ===> TimeStamp : 2025-10-15 06:57:04===> API : null ===> Message : validateRequest() invoked
info: ===> TimeStamp : 2025-10-15 06:57:04===> API : null ===> Message : validateRequest() Error:: Invalid Request :: 
      {"apiUri":"/phpinfo.php"}
info: ===> TimeStamp : 2025-10-15 06:57:04===> API : null ===> Message : validateRequest() invoked
info: ===> TimeStamp : 2025-10-15 06:57:04===> API : null ===> Message : validateRequest() Error:: Invalid Request :: 
      {"apiUri":"/phpinfo"}
info: ===> TimeStamp : 2025-10-15 06:57:04===> API : null ===> Message : validateRequest() invoked
info: ===> TimeStamp : 2025-10-15 06:57:04===> API : null ===> Message : validateRequest() Error:: Invalid Request :: 
      {"apiUri":"/info.php"}
info: ===> TimeStamp : 2025-10-15 06:57:05===> API : null ===> Message : validateRequest() invoked
info: ===> TimeStamp : 2025-10-15 06:57:05===> API : null ===> Message : validateRequest() Error:: Invalid Request :: 
      {"apiUri":"/test.php"}
info: ===> TimeStamp : 2025-10-15 06:57:05===> API : null ===> Message : validateRequest() invoked
info: ===> TimeStamp : 2025-10-15 06:57:05===> API : null ===> Message : validateRequest() Error:: Invalid Request :: 
      {"apiUri":"/info"}
info: ===> TimeStamp : 2025-10-15 06:57:05===> API : null ===> Message : validateRequest() invoked
info: ===> TimeStamp : 2025-10-15 06:57:05===> API : null ===> Message : validateRequest() Error:: Invalid Request :: 
      {"apiUri":"/php.php"}
info: ===> TimeStamp : 2025-10-15 06:57:05===> API : null ===> Message : validateRequest() invoked
info: ===> TimeStamp : 2025-10-15 06:57:05===> API : null ===> Message : validateRequest() Error:: Invalid Request :: 
      {"apiUri":"/i.php"}
info: ===> TimeStamp : 2025-10-15 06:57:05===> API : null ===> Message : validateRequest() invoked
info: ===> TimeStamp : 2025-10-15 06:57:05===> API : null ===> Message : validateRequest() Error:: Invalid Request :: 
      {"apiUri":"/test"}
info: ===> TimeStamp : 2025-10-15 06:57:06===> API : null ===> Message : validateRequest() invoked
info: ===> TimeStamp : 2025-10-15 06:57:06===> API : null ===> Message : validateRequest() Error:: Invalid Request :: 
      {"apiUri":"/phpversion.php"}
info: ===> TimeStamp : 2025-10-15 07:03:52===> API : null ===> Message : validateRequest() invoked
info: ===> TimeStamp : 2025-10-15 07:03:52===> API : null ===> Message : fetchDBSettings()
info: ===> TimeStamp : 2025-10-15 07:03:52===> API : null ===> Message : validateRequest() Invoked!
info: ===> TimeStamp : 2025-10-15 07:03:52===> API : null ===> Message : validRequest() :: Api validated Successfully
info: ===> TimeStamp : 2025-10-15 07:03:52===> API : /api/auth/validateuser ===> Message : validateUser() invoked!!
info: ===> TimeStamp : 2025-10-15 07:03:52===> API : /api/auth/validateuser ===> Message : validateUser() :: Request Object :: [object Object]
info: ===> TimeStamp : 2025-10-15 07:03:52===> API : /api/auth/validateuser ===> Message : validateUserDB() Invoked !
info: ===> TimeStamp : 2025-10-15 07:03:52===> API : /api/auth/validateuser ===> Message : validateUserResponse() invoked!
info: ===> TimeStamp : 2025-10-15 07:03:52===> API : /api/auth/validateuser ===> Message : validateUserResponse() completed
info: ===> TimeStamp : 2025-10-15 07:03:52===> API : null ===> Message : validateRequest() invoked
info: ===> TimeStamp : 2025-10-15 07:03:52===> API : null ===> Message : fetchDBSettings()
info: ===> TimeStamp : 2025-10-15 07:03:52===> API : null ===> Message : validateRequest() Invoked!
info: ===> TimeStamp : 2025-10-15 07:03:52===> API : null ===> Message : validRequest() :: Api validated Successfully
info: ===> TimeStamp : 2025-10-15 07:03:52===> API : /api/auth/checkIP ===> Message : checkIP() invoked!!
info: ===> TimeStamp : 2025-10-15 07:03:52===> API : /api/auth/checkIP ===> Message : IPs match: 103.255.182.117
info: ===> TimeStamp : 2025-10-15 07:03:52===> API : /api/auth/checkIP ===> Message : checkIPResponse() invoked!
info: ===> TimeStamp : 2025-10-15 07:03:52===> API : /api/auth/checkIP ===> Message : checkIPResponse() completed
info: ===> TimeStamp : 2025-10-15 07:03:52===> API : null ===> Message : validateRequest() invoked
info: ===> TimeStamp : 2025-10-15 07:03:52===> API : null ===> Message : fetchDBSettings()
info: ===> TimeStamp : 2025-10-15 07:03:52===> API : null ===> Message : validateRequest() Invoked!
info: ===> TimeStamp : 2025-10-15 07:03:52===> API : null ===> Message : validRequest() :: Api validated Successfully
info: ===> TimeStamp : 2025-10-15 07:03:52===> API : /api/auth/login ===> Message : loginUser() invoked!!
info: ===> TimeStamp : 2025-10-15 07:03:52===> API : /api/auth/login ===> Message : loginUser() :: Request Object :: [object Object]
info: ===> TimeStamp : 2025-10-15 07:03:52===> API : /api/auth/login ===> Message : loginUserDB() Invoked !
info: ===> TimeStamp : 2025-10-15 07:03:52===> API : /api/auth/login ===> Message : loginUserResponse() invoked!
info: ===> TimeStamp : 2025-10-15 07:03:52===> API : /api/auth/login ===> Message : loginUserResponse() completed
info: ===> TimeStamp : 2025-10-15 07:08:51===> API : null ===> Message : validateRequest() invoked
info: ===> TimeStamp : 2025-10-15 07:08:51===> API : null ===> Message : fetchDBSettings()
info: ===> TimeStamp : 2025-10-15 07:08:51===> API : null ===> Message : validateRequest() Invoked!
info: ===> TimeStamp : 2025-10-15 07:08:51===> API : null ===> Message : validRequest() :: Api validated Successfully
info: ===> TimeStamp : 2025-10-15 07:08:51===> API : /api/auth/validateuser ===> Message : validateUser() invoked!!
info: ===> TimeStamp : 2025-10-15 07:08:51===> API : /api/auth/validateuser ===> Message : validateUser() :: Request Object :: [object Object]
info: ===> TimeStamp : 2025-10-15 07:08:51===> API : /api/auth/validateuser ===> Message : validateUserDB() Invoked !
info: ===> TimeStamp : 2025-10-15 07:08:51===> API : /api/auth/validateuser ===> Message : validateUserResponse() invoked!
info: ===> TimeStamp : 2025-10-15 07:08:51===> API : /api/auth/validateuser ===> Message : validateUserResponse() completed
info: ===> TimeStamp : 2025-10-15 07:08:51===> API : null ===> Message : validateRequest() invoked
info: ===> TimeStamp : 2025-10-15 07:08:51===> API : null ===> Message : fetchDBSettings()
info: ===> TimeStamp : 2025-10-15 07:08:51===> API : null ===> Message : validateRequest() Invoked!
info: ===> TimeStamp : 2025-10-15 07:08:51===> API : null ===> Message : validRequest() :: Api validated Successfully
info: ===> TimeStamp : 2025-10-15 07:08:51===> API : /api/auth/login ===> Message : loginUser() invoked!!
info: ===> TimeStamp : 2025-10-15 07:08:51===> API : /api/auth/login ===> Message : loginUser() :: Request Object :: [object Object]
info: ===> TimeStamp : 2025-10-15 07:08:51===> API : /api/auth/login ===> Message : loginUserDB() Invoked !
info: ===> TimeStamp : 2025-10-15 07:08:51===> API : /api/auth/login ===> Message : loginUserResponse() invoked!
info: ===> TimeStamp : 2025-10-15 07:08:51===> API : /api/auth/login ===> Message : loginUserResponse() completed
info: ===> TimeStamp : 2025-10-15 07:26:53===> API : null ===> Message : validateRequest() invoked
info: ===> TimeStamp : 2025-10-15 07:26:53===> API : null ===> Message : fetchDBSettings()
info: ===> TimeStamp : 2025-10-15 07:26:53===> API : null ===> Message : validateRequest() Invoked!
info: ===> TimeStamp : 2025-10-15 07:26:53===> API : null ===> Message : validRequest() :: Api validated Successfully
info: ===> TimeStamp : 2025-10-15 07:26:53===> API : /api/auth/validateuser ===> Message : validateUser() invoked!!
info: ===> TimeStamp : 2025-10-15 07:26:53===> API : /api/auth/validateuser ===> Message : validateUser() :: Request Object :: [object Object]
info: ===> TimeStamp : 2025-10-15 07:26:53===> API : /api/auth/validateuser ===> Message : validateUserDB() Invoked !
info: ===> TimeStamp : 2025-10-15 07:26:53===> API : /api/auth/validateuser ===> Message : validateUserResponse() invoked!
info: ===> TimeStamp : 2025-10-15 07:26:53===> API : /api/auth/validateuser ===> Message : validateUserResponse() completed
info: ===> TimeStamp : 2025-10-15 07:26:53===> API : null ===> Message : validateRequest() invoked
info: ===> TimeStamp : 2025-10-15 07:26:53===> API : null ===> Message : fetchDBSettings()
info: ===> TimeStamp : 2025-10-15 07:26:53===> API : null ===> Message : validateRequest() Invoked!
info: ===> TimeStamp : 2025-10-15 07:26:53===> API : null ===> Message : validRequest() :: Api validated Successfully
info: ===> TimeStamp : 2025-10-15 07:26:53===> API : /api/auth/checkIP ===> Message : checkIP() invoked!!
info: ===> TimeStamp : 2025-10-15 07:26:53===> API : /api/auth/checkIP ===> Message : IPs match: 103.255.182.117
info: ===> TimeStamp : 2025-10-15 07:26:53===> API : /api/auth/checkIP ===> Message : checkIPResponse() invoked!
info: ===> TimeStamp : 2025-10-15 07:26:53===> API : /api/auth/checkIP ===> Message : checkIPResponse() completed
info: ===> TimeStamp : 2025-10-15 07:26:53===> API : null ===> Message : validateRequest() invoked
info: ===> TimeStamp : 2025-10-15 07:26:53===> API : null ===> Message : fetchDBSettings()
info: ===> TimeStamp : 2025-10-15 07:26:53===> API : null ===> Message : validateRequest() Invoked!
info: ===> TimeStamp : 2025-10-15 07:26:53===> API : null ===> Message : validRequest() :: Api validated Successfully
info: ===> TimeStamp : 2025-10-15 07:26:53===> API : /api/auth/login ===> Message : loginUser() invoked!!
info: ===> TimeStamp : 2025-10-15 07:26:53===> API : /api/auth/login ===> Message : loginUser() :: Request Object :: [object Object]
info: ===> TimeStamp : 2025-10-15 07:26:53===> API : /api/auth/login ===> Message : loginUserDB() Invoked !
info: ===> TimeStamp : 2025-10-15 07:26:53===> API : /api/auth/login ===> Message : loginUserResponse() invoked!
info: ===> TimeStamp : 2025-10-15 07:26:53===> API : /api/auth/login ===> Message : loginUserResponse() completed
info: ===> TimeStamp : 2025-10-15 08:35:53===> API : null ===> Message : validateRequest() invoked
info: ===> TimeStamp : 2025-10-15 08:35:53===> API : null ===> Message : validateRequest() Error:: Invalid Request :: 
      {"apiUri":"/"}
info: ===> TimeStamp : 2025-10-15 08:35:57===> API : null ===> Message : validateRequest() invoked
info: ===> TimeStamp : 2025-10-15 08:35:57===> API : null ===> Message : validateRequest() Error:: Invalid Request :: 
      {"apiUri":"/favicon.ico"}
info: ===> TimeStamp : 2025-10-15 08:36:32===> API : null ===> Message : validateRequest() invoked
info: ===> TimeStamp : 2025-10-15 08:36:32===> API : null ===> Message : validateRequest() Error:: Invalid Request :: 
      {"apiUri":"/favicon.ico"}
info: ===> TimeStamp : 2025-10-15 11:41:12===> API : null ===> Message : validateRequest() invoked
info: ===> TimeStamp : 2025-10-15 11:41:12===> API : null ===> Message : fetchDBSettings()
info: ===> TimeStamp : 2025-10-15 11:41:12===> API : null ===> Message : validateRequest() Invoked!
info: ===> TimeStamp : 2025-10-15 11:41:12===> API : null ===> Message : validRequest() :: Api validated Successfully
info: ===> TimeStamp : 2025-10-15 11:41:12===> API : /api/auth/validateuser ===> Message : validateUser() invoked!!
info: ===> TimeStamp : 2025-10-15 11:41:12===> API : /api/auth/validateuser ===> Message : validateUser() :: Request Object :: [object Object]
info: ===> TimeStamp : 2025-10-15 11:41:12===> API : /api/auth/validateuser ===> Message : validateUserDB() Invoked !
info: ===> TimeStamp : 2025-10-15 11:41:12===> API : /api/auth/validateuser ===> Message : validateUserResponse() invoked!
info: ===> TimeStamp : 2025-10-15 11:41:12===> API : /api/auth/validateuser ===> Message : validateUserResponse() completed
info: ===> TimeStamp : 2025-10-15 11:41:12===> API : null ===> Message : validateRequest() invoked
info: ===> TimeStamp : 2025-10-15 11:41:12===> API : null ===> Message : fetchDBSettings()
info: ===> TimeStamp : 2025-10-15 11:41:12===> API : null ===> Message : validateRequest() Invoked!
info: ===> TimeStamp : 2025-10-15 11:41:12===> API : null ===> Message : validRequest() :: Api validated Successfully
info: ===> TimeStamp : 2025-10-15 11:41:12===> API : /api/auth/login ===> Message : loginUser() invoked!!
info: ===> TimeStamp : 2025-10-15 11:41:12===> API : /api/auth/login ===> Message : loginUser() :: Request Object :: [object Object]
info: ===> TimeStamp : 2025-10-15 11:41:12===> API : /api/auth/login ===> Message : loginUserDB() Invoked !
info: ===> TimeStamp : 2025-10-15 11:41:13===> API : /api/auth/login ===> Message : loginUserResponse() invoked!
info: ===> TimeStamp : 2025-10-15 11:41:13===> API : /api/auth/login ===> Message : loginUserResponse() completed
info: ===> TimeStamp : 2025-10-15 12:12:19===> API : null ===> Message : validateRequest() invoked
info: ===> TimeStamp : 2025-10-15 12:12:19===> API : null ===> Message : fetchDBSettings()
info: ===> TimeStamp : 2025-10-15 12:12:19===> API : null ===> Message : validateRequest() Invoked!
info: ===> TimeStamp : 2025-10-15 12:12:19===> API : /api/auth/validateuser ===> Message : validateUser() invoked!!
info: ===> TimeStamp : 2025-10-15 12:12:19===> API : /api/auth/validateuser ===> Message : validateUser() :: Request Object :: [object Object]
info: ===> TimeStamp : 2025-10-15 12:12:19===> API : null ===> Message : validRequest() :: Api validated Successfully
info: ===> TimeStamp : 2025-10-15 12:12:19===> API : /api/auth/validateuser ===> Message : validateUserDB() Invoked !
info: ===> TimeStamp : 2025-10-15 12:12:19===> API : /api/auth/validateuser ===> Message : validateUserResponse() invoked!
info: ===> TimeStamp : 2025-10-15 12:12:19===> API : /api/auth/validateuser ===> Message : validateUserResponse() completed
info: ===> TimeStamp : 2025-10-15 12:12:19===> API : null ===> Message : validateRequest() invoked
info: ===> TimeStamp : 2025-10-15 12:12:19===> API : null ===> Message : fetchDBSettings()
info: ===> TimeStamp : 2025-10-15 12:12:19===> API : null ===> Message : validateRequest() Invoked!
info: ===> TimeStamp : 2025-10-15 12:12:19===> API : null ===> Message : validRequest() :: Api validated Successfully
info: ===> TimeStamp : 2025-10-15 12:12:19===> API : /api/auth/login ===> Message : loginUser() :: Request Object :: [object Object]
info: ===> TimeStamp : 2025-10-15 12:12:19===> API : /api/auth/login ===> Message : loginUser() invoked!!
info: ===> TimeStamp : 2025-10-15 12:12:19===> API : /api/auth/login ===> Message : loginUserDB() Invoked !
info: ===> TimeStamp : 2025-10-15 12:12:19===> API : /api/auth/login ===> Message : loginUserResponse() invoked!
info: ===> TimeStamp : 2025-10-15 12:12:19===> API : /api/auth/login ===> Message : loginUserResponse() completed
info: ===> TimeStamp : 2025-10-15 12:12:24===> API : null ===> Message : validateRequest() invoked
info: ===> TimeStamp : 2025-10-15 12:12:24===> API : null ===> Message : fetchDBSettings()
info: ===> TimeStamp : 2025-10-15 12:12:24===> API : null ===> Message : validateRequest() Invoked!
info: ===> TimeStamp : 2025-10-15 12:12:24===> API : null ===> Message : validRequest() :: Api validated Successfully
info: ===> TimeStamp : 2025-10-15 12:12:24===> API : /api/auth/logout ===> Message : logoutUser() invoked!!
info: ===> TimeStamp : 2025-10-15 12:12:24===> API : /api/auth/logout ===> Message : logoutUser() :: Request Object :: [object Object]
info: ===> TimeStamp : 2025-10-15 12:12:24===> API : /api/auth/logout ===> Message : logoutUserDB() Invoked !
info: ===> TimeStamp : 2025-10-15 12:12:25===> API : /api/auth/logout ===> Message : logoutUserResponse() invoked!
info: ===> TimeStamp : 2025-10-15 12:12:25===> API : /api/auth/logout ===> Message : logoutUserResponse() completed
info: ===> TimeStamp : 2025-10-15 12:12:28===> API : null ===> Message : validateRequest() invoked
info: ===> TimeStamp : 2025-10-15 12:12:28===> API : null ===> Message : fetchDBSettings()
info: ===> TimeStamp : 2025-10-15 12:12:28===> API : null ===> Message : validateRequest() Invoked!
info: ===> TimeStamp : 2025-10-15 12:12:28===> API : null ===> Message : validRequest() :: Api validated Successfully
info: ===> TimeStamp : 2025-10-15 12:12:28===> API : /api/auth/validateuser ===> Message : validateUser() invoked!!
info: ===> TimeStamp : 2025-10-15 12:12:28===> API : /api/auth/validateuser ===> Message : validateUser() :: Request Object :: [object Object]
info: ===> TimeStamp : 2025-10-15 12:12:28===> API : /api/auth/validateuser ===> Message : validateUserDB() Invoked !
info: ===> TimeStamp : 2025-10-15 12:12:28===> API : /api/auth/validateuser ===> Message : validateUserResponse() invoked!
info: ===> TimeStamp : 2025-10-15 12:12:28===> API : /api/auth/validateuser ===> Message : validateUserResponse() completed
info: ===> TimeStamp : 2025-10-15 12:12:28===> API : null ===> Message : validateRequest() invoked
info: ===> TimeStamp : 2025-10-15 12:12:28===> API : null ===> Message : fetchDBSettings()
info: ===> TimeStamp : 2025-10-15 12:12:28===> API : null ===> Message : validateRequest() Invoked!
info: ===> TimeStamp : 2025-10-15 12:12:28===> API : null ===> Message : validRequest() :: Api validated Successfully
info: ===> TimeStamp : 2025-10-15 12:12:28===> API : /api/auth/login ===> Message : loginUser() invoked!!
info: ===> TimeStamp : 2025-10-15 12:12:28===> API : /api/auth/login ===> Message : loginUser() :: Request Object :: [object Object]
info: ===> TimeStamp : 2025-10-15 12:12:28===> API : /api/auth/login ===> Message : loginUserDB() Invoked !
info: ===> TimeStamp : 2025-10-15 12:12:28===> API : /api/auth/login ===> Message : loginUserResponse() invoked!
info: ===> TimeStamp : 2025-10-15 12:12:28===> API : /api/auth/login ===> Message : loginUserResponse() completed
info: ===> TimeStamp : 2025-10-15 12:17:54===> API : null ===> Message : validateRequest() invoked
info: ===> TimeStamp : 2025-10-15 12:17:54===> API : null ===> Message : fetchDBSettings()
info: ===> TimeStamp : 2025-10-15 12:17:54===> API : null ===> Message : validateRequest() Invoked!
info: ===> TimeStamp : 2025-10-15 12:17:54===> API : null ===> Message : validRequest() :: Api validated Successfully
info: ===> TimeStamp : 2025-10-15 12:17:54===> API : /api/auth/logout ===> Message : logoutUser() invoked!!
info: ===> TimeStamp : 2025-10-15 12:17:54===> API : /api/auth/logout ===> Message : logoutUser() :: Request Object :: [object Object]
info: ===> TimeStamp : 2025-10-15 12:17:54===> API : /api/auth/logout ===> Message : logoutUserDB() Invoked !
info: ===> TimeStamp : 2025-10-15 12:17:54===> API : /api/auth/logout ===> Message : logoutUserResponse() invoked!
info: ===> TimeStamp : 2025-10-15 12:17:54===> API : /api/auth/logout ===> Message : logoutUserResponse() completed
info: ===> TimeStamp : 2025-10-15 13:10:18===> API : null ===> Message : validateRequest() invoked
info: ===> TimeStamp : 2025-10-15 13:10:18===> API : null ===> Message : validateRequest() Error:: Invalid Request :: 
      {"apiUri":"/"}
info: ===> TimeStamp : 2025-10-15 13:10:21===> API : null ===> Message : validateRequest() invoked
info: ===> TimeStamp : 2025-10-15 13:10:21===> API : null ===> Message : validateRequest() Error:: Invalid Request :: 
      {"apiUri":"/"}
info: ===> TimeStamp : 2025-10-15 13:10:22===> API : null ===> Message : validateRequest() invoked
info: ===> TimeStamp : 2025-10-15 13:10:22===> API : null ===> Message : validateRequest() Error:: Invalid Request :: 
      {"apiUri":"/swagger-ui.html"}
info: ===> TimeStamp : 2025-10-15 13:10:22===> API : null ===> Message : validateRequest() invoked
info: ===> TimeStamp : 2025-10-15 13:10:22===> API : null ===> Message : validateRequest() Error:: Invalid Request :: 
      {"apiUri":"/swagger/index.html"}
info: ===> TimeStamp : 2025-10-15 13:10:22===> API : null ===> Message : validateRequest() invoked
info: ===> TimeStamp : 2025-10-15 13:10:22===> API : null ===> Message : validateRequest() Error:: Invalid Request :: 
      {"apiUri":"/swagger/swagger-ui.html"}
info: ===> TimeStamp : 2025-10-15 13:10:23===> API : null ===> Message : validateRequest() invoked
info: ===> TimeStamp : 2025-10-15 13:10:23===> API : null ===> Message : validateRequest() Error:: Invalid Request :: 
      {"apiUri":"/webjars/swagger-ui/index.html"}
info: ===> TimeStamp : 2025-10-15 13:10:23===> API : null ===> Message : validateRequest() invoked
info: ===> TimeStamp : 2025-10-15 13:10:23===> API : null ===> Message : validateRequest() Error:: Invalid Request :: 
      {"apiUri":"/swagger.json"}
info: ===> TimeStamp : 2025-10-15 13:10:24===> API : null ===> Message : validateRequest() invoked
info: ===> TimeStamp : 2025-10-15 13:10:24===> API : null ===> Message : validateRequest() Error:: Invalid Request :: 
      {"apiUri":"/swagger/v1/swagger.json"}
info: ===> TimeStamp : 2025-10-15 13:10:24===> API : null ===> Message : validateRequest() invoked
info: ===> TimeStamp : 2025-10-15 13:10:24===> API : null ===> Message : validateRequest() Error:: Invalid Request :: 
      {"apiUri":"/v2/api-docs"}
info: ===> TimeStamp : 2025-10-15 13:10:24===> API : null ===> Message : validateRequest() invoked
info: ===> TimeStamp : 2025-10-15 13:10:24===> API : null ===> Message : validateRequest() Error:: Invalid Request :: 
      {"apiUri":"/v3/api-docs"}
info: ===> TimeStamp : 2025-10-15 13:10:25===> API : null ===> Message : validateRequest() invoked
info: ===> TimeStamp : 2025-10-15 13:10:25===> API : null ===> Message : validateRequest() Error:: Invalid Request :: 
      {"apiUri":"/api-docs/swagger.json"}
info: ===> TimeStamp : 2025-10-15 13:10:25===> API : null ===> Message : validateRequest() invoked
info: ===> TimeStamp : 2025-10-15 13:10:25===> API : null ===> Message : validateRequest() Error:: Invalid Request :: 
      {"apiUri":"/api/swagger.json"}
info: ===> TimeStamp : 2025-10-15 13:10:25===> API : null ===> Message : validateRequest() invoked
info: ===> TimeStamp : 2025-10-15 13:10:25===> API : null ===> Message : validateRequest() Error:: Invalid Request :: 
      {"apiUri":"/@vite/env"}
info: ===> TimeStamp : 2025-10-15 13:10:26===> API : null ===> Message : validateRequest() invoked
info: ===> TimeStamp : 2025-10-15 13:10:26===> API : null ===> Message : validateRequest() Error:: Invalid Request :: 
      {"apiUri":"/actuator/env"}
info: ===> TimeStamp : 2025-10-15 13:10:26===> API : null ===> Message : validateRequest() invoked
info: ===> TimeStamp : 2025-10-15 13:10:26===> API : null ===> Message : validateRequest() Error:: Invalid Request :: 
      {"apiUri":"/php-cgi/php-cgi.exe"}
info: ===> TimeStamp : 2025-10-15 13:10:27===> API : null ===> Message : validateRequest() invoked
info: ===> TimeStamp : 2025-10-15 13:10:27===> API : null ===> Message : validateRequest() Error:: Invalid Request :: 
      {"apiUri":"/server"}
info: ===> TimeStamp : 2025-10-15 13:10:27===> API : null ===> Message : validateRequest() invoked
info: ===> TimeStamp : 2025-10-15 13:10:27===> API : null ===> Message : validateRequest() Error:: Invalid Request :: 
      {"apiUri":"/.vscode/sftp.json"}
info: ===> TimeStamp : 2025-10-15 13:10:27===> API : null ===> Message : validateRequest() invoked
info: ===> TimeStamp : 2025-10-15 13:10:27===> API : null ===> Message : validateRequest() Error:: Invalid Request :: 
      {"apiUri":"/about"}
info: ===> TimeStamp : 2025-10-15 13:10:28===> API : null ===> Message : validateRequest() invoked
info: ===> TimeStamp : 2025-10-15 13:10:28===> API : null ===> Message : validateRequest() Error:: Invalid Request :: 
      {"apiUri":"/debug/default/view"}
info: ===> TimeStamp : 2025-10-15 13:10:28===> API : null ===> Message : validateRequest() invoked
info: ===> TimeStamp : 2025-10-15 13:10:28===> API : null ===> Message : validateRequest() Error:: Invalid Request :: 
      {"apiUri":"/v2/_catalog"}
info: ===> TimeStamp : 2025-10-15 13:10:28===> API : null ===> Message : validateRequest() invoked
info: ===> TimeStamp : 2025-10-15 13:10:28===> API : null ===> Message : validateRequest() Error:: Invalid Request :: 
      {"apiUri":"/ecp/Current/exporttool/microsoft.exchange.ediscovery.exporttool.application"}
info: ===> TimeStamp : 2025-10-15 13:10:29===> API : null ===> Message : validateRequest() invoked
info: ===> TimeStamp : 2025-10-15 13:10:29===> API : null ===> Message : validateRequest() Error:: Invalid Request :: 
      {"apiUri":"/server-status"}
info: ===> TimeStamp : 2025-10-15 13:10:30===> API : null ===> Message : validateRequest() invoked
info: ===> TimeStamp : 2025-10-15 13:10:30===> API : null ===> Message : validateRequest() Error:: Invalid Request :: 
      {"apiUri":"/login.action"}
info: ===> TimeStamp : 2025-10-15 13:10:30===> API : null ===> Message : validateRequest() invoked
info: ===> TimeStamp : 2025-10-15 13:10:30===> API : null ===> Message : validateRequest() Error:: Invalid Request :: 
      {"apiUri":"/_all_dbs"}
info: ===> TimeStamp : 2025-10-15 13:10:30===> API : null ===> Message : validateRequest() invoked
info: ===> TimeStamp : 2025-10-15 13:10:30===> API : null ===> Message : validateRequest() Error:: Invalid Request :: 
      {"apiUri":"/.DS_Store"}
info: ===> TimeStamp : 2025-10-15 13:10:31===> API : null ===> Message : validateRequest() invoked
info: ===> TimeStamp : 2025-10-15 13:10:31===> API : null ===> Message : validateRequest() Error:: Invalid Request :: 
      {"apiUri":"/.env"}
info: ===> TimeStamp : 2025-10-15 13:10:31===> API : null ===> Message : validateRequest() invoked
info: ===> TimeStamp : 2025-10-15 13:10:31===> API : null ===> Message : validateRequest() Error:: Invalid Request :: 
      {"apiUri":"/.git/config"}
info: ===> TimeStamp : 2025-10-15 13:10:32===> API : null ===> Message : validateRequest() invoked
info: ===> TimeStamp : 2025-10-15 13:10:32===> API : null ===> Message : validateRequest() Error:: Invalid Request :: 
      {"apiUri":"/s/535313e27313e273e233/_/;/META-INF/maven/com.atlassian.jira/jira-webapp-dist/pom.properties"}
info: ===> TimeStamp : 2025-10-15 13:10:32===> API : null ===> Message : validateRequest() invoked
info: ===> TimeStamp : 2025-10-15 13:10:32===> API : null ===> Message : validateRequest() Error:: Invalid Request :: 
      {"apiUri":"/config.json"}
info: ===> TimeStamp : 2025-10-15 13:10:33===> API : null ===> Message : validateRequest() invoked
info: ===> TimeStamp : 2025-10-15 13:10:33===> API : null ===> Message : validateRequest() Error:: Invalid Request :: 
      {"apiUri":"/telescope/requests"}
info: ===> TimeStamp : 2025-10-15 13:10:33===> API : null ===> Message : validateRequest() invoked
info: ===> TimeStamp : 2025-10-15 13:10:33===> API : null ===> Message : validateRequest() Error:: Invalid Request :: 
      {"apiUri":"/info.php"}
info: ===> TimeStamp : 2025-10-15 13:10:34===> API : null ===> Message : validateRequest() invoked
info: ===> TimeStamp : 2025-10-15 13:10:34===> API : null ===> Message : validateRequest() Error:: Invalid Request :: 
      {"apiUri":"/"}
info: ===> TimeStamp : 2025-10-15 14:12:08===> API : null ===> Message : validateRequest() invoked
info: ===> TimeStamp : 2025-10-15 14:12:08===> API : null ===> Message : fetchDBSettings()
info: ===> TimeStamp : 2025-10-15 14:12:08===> API : null ===> Message : validateRequest() Invoked!
info: ===> TimeStamp : 2025-10-15 14:12:08===> API : null ===> Message : validRequest() :: Api validated Successfully
info: ===> TimeStamp : 2025-10-15 14:12:08===> API : /api/auth/validateuser ===> Message : validateUser() invoked!!
info: ===> TimeStamp : 2025-10-15 14:12:08===> API : /api/auth/validateuser ===> Message : validateUser() :: Request Object :: [object Object]
info: ===> TimeStamp : 2025-10-15 14:12:08===> API : /api/auth/validateuser ===> Message : validateUserDB() Invoked !
info: ===> TimeStamp : 2025-10-15 14:12:08===> API : /api/auth/validateuser ===> Message : validateUserResponse() invoked!
info: ===> TimeStamp : 2025-10-15 14:12:08===> API : /api/auth/validateuser ===> Message : validateUserResponse() completed
info: ===> TimeStamp : 2025-10-15 14:12:08===> API : null ===> Message : validateRequest() invoked
info: ===> TimeStamp : 2025-10-15 14:12:08===> API : null ===> Message : fetchDBSettings()
info: ===> TimeStamp : 2025-10-15 14:12:08===> API : null ===> Message : validateRequest() Invoked!
info: ===> TimeStamp : 2025-10-15 14:12:08===> API : null ===> Message : validRequest() :: Api validated Successfully
info: ===> TimeStamp : 2025-10-15 14:12:08===> API : /api/auth/login ===> Message : loginUser() invoked!!
info: ===> TimeStamp : 2025-10-15 14:12:08===> API : /api/auth/login ===> Message : loginUser() :: Request Object :: [object Object]
info: ===> TimeStamp : 2025-10-15 14:12:08===> API : /api/auth/login ===> Message : loginUserDB() Invoked !
info: ===> TimeStamp : 2025-10-15 14:12:08===> API : /api/auth/login ===> Message : loginUserResponse() invoked!
info: ===> TimeStamp : 2025-10-15 14:12:08===> API : /api/auth/login ===> Message : loginUserResponse() completed
info: ===> TimeStamp : 2025-10-15 14:15:37===> API : null ===> Message : validateRequest() invoked
info: ===> TimeStamp : 2025-10-15 14:15:37===> API : null ===> Message : fetchDBSettings()
info: ===> TimeStamp : 2025-10-15 14:15:37===> API : null ===> Message : validateRequest() Invoked!
info: ===> TimeStamp : 2025-10-15 14:15:37===> API : null ===> Message : validRequest() :: Api validated Successfully
info: ===> TimeStamp : 2025-10-15 14:15:37===> API : /api/auth/validateuser ===> Message : validateUser() invoked!!
info: ===> TimeStamp : 2025-10-15 14:15:37===> API : /api/auth/validateuser ===> Message : validateUser() :: Request Object :: [object Object]
info: ===> TimeStamp : 2025-10-15 14:15:37===> API : /api/auth/validateuser ===> Message : validateUserDB() Invoked !
info: ===> TimeStamp : 2025-10-15 14:15:37===> API : /api/auth/validateuser ===> Message : validateUserResponse() invoked!
info: ===> TimeStamp : 2025-10-15 14:15:37===> API : /api/auth/validateuser ===> Message : validateUserResponse() completed
info: ===> TimeStamp : 2025-10-15 14:15:37===> API : null ===> Message : validateRequest() invoked
info: ===> TimeStamp : 2025-10-15 14:15:37===> API : null ===> Message : fetchDBSettings()
info: ===> TimeStamp : 2025-10-15 14:15:37===> API : null ===> Message : validateRequest() Invoked!
info: ===> TimeStamp : 2025-10-15 14:15:37===> API : null ===> Message : validRequest() :: Api validated Successfully
info: ===> TimeStamp : 2025-10-15 14:15:37===> API : /api/auth/login ===> Message : loginUser() invoked!!
info: ===> TimeStamp : 2025-10-15 14:15:37===> API : /api/auth/login ===> Message : loginUser() :: Request Object :: [object Object]
info: ===> TimeStamp : 2025-10-15 14:15:37===> API : /api/auth/login ===> Message : loginUserDB() Invoked !
info: ===> TimeStamp : 2025-10-15 14:15:37===> API : /api/auth/login ===> Message : loginUserResponse() invoked!
info: ===> TimeStamp : 2025-10-15 14:15:37===> API : /api/auth/login ===> Message : loginUserResponse() completed
info: ===> TimeStamp : 2025-10-15 14:29:46===> API : null ===> Message : validateRequest() invoked
info: ===> TimeStamp : 2025-10-15 14:29:46===> API : null ===> Message : validateRequest() Error:: Invalid Request :: 
      {"apiUri":"/"}
info: ===> TimeStamp : 2025-10-15 14:29:56===> API : null ===> Message : validateRequest() invoked
info: ===> TimeStamp : 2025-10-15 14:29:56===> API : null ===> Message : validateRequest() Error:: Invalid Request :: 
      {"apiUri":"/"}
info: ===> TimeStamp : 2025-10-15 14:30:00===> API : null ===> Message : validateRequest() invoked
info: ===> TimeStamp : 2025-10-15 14:30:00===> API : null ===> Message : validateRequest() Error:: Invalid Request :: 
      {"apiUri":"/favicon.ico"}
info: ===> TimeStamp : 2025-10-15 14:30:07===> API : null ===> Message : validateRequest() invoked
info: ===> TimeStamp : 2025-10-15 14:30:07===> API : null ===> Message : validateRequest() Error:: Invalid Request :: 
      {"apiUri":"/favicon.ico"}
info: ===> TimeStamp : 2025-10-15 14:30:08===> API : null ===> Message : validateRequest() invoked
info: ===> TimeStamp : 2025-10-15 14:30:08===> API : null ===> Message : validateRequest() Error:: Invalid Request :: 
      {"apiUri":"/robots.txt"}
info: ===> TimeStamp : 2025-10-15 14:45:16===> API : null ===> Message : validateRequest() invoked
info: ===> TimeStamp : 2025-10-15 14:45:16===> API : null ===> Message : fetchDBSettings()
info: ===> TimeStamp : 2025-10-15 14:45:16===> API : null ===> Message : validateRequest() Invoked!
info: ===> TimeStamp : 2025-10-15 14:45:16===> API : null ===> Message : validRequest() :: Api validated Successfully
info: ===> TimeStamp : 2025-10-15 14:45:16===> API : /api/auth/logout ===> Message : logoutUser() :: Request Object :: [object Object]
info: ===> TimeStamp : 2025-10-15 14:45:16===> API : /api/auth/logout ===> Message : logoutUser() invoked!!
info: ===> TimeStamp : 2025-10-15 14:45:16===> API : /api/auth/logout ===> Message : logoutUserDB() Invoked !
info: ===> TimeStamp : 2025-10-15 14:45:16===> API : /api/auth/logout ===> Message : logoutUserResponse() invoked!
info: ===> TimeStamp : 2025-10-15 14:45:16===> API : /api/auth/logout ===> Message : logoutUserResponse() completed
info: ===> TimeStamp : 2025-10-15 14:45:39===> API : null ===> Message : validateRequest() invoked
info: ===> TimeStamp : 2025-10-15 14:45:39===> API : null ===> Message : fetchDBSettings()
info: ===> TimeStamp : 2025-10-15 14:45:39===> API : null ===> Message : validateRequest() Invoked!
info: ===> TimeStamp : 2025-10-15 14:45:40===> API : null ===> Message : validRequest() :: Api validated Successfully
info: ===> TimeStamp : 2025-10-15 14:45:40===> API : /api/auth/logout ===> Message : logoutUser() invoked!!
info: ===> TimeStamp : 2025-10-15 14:45:40===> API : /api/auth/logout ===> Message : logoutUser() :: Request Object :: [object Object]
info: ===> TimeStamp : 2025-10-15 14:45:40===> API : /api/auth/logout ===> Message : logoutUserDB() Invoked !
info: ===> TimeStamp : 2025-10-15 14:45:40===> API : /api/auth/logout ===> Message : logoutUserResponse() invoked!
info: ===> TimeStamp : 2025-10-15 14:45:40===> API : /api/auth/logout ===> Message : logoutUserResponse() completed
info: ===> TimeStamp : 2025-10-15 14:45:50===> API : null ===> Message : validateRequest() invoked
info: ===> TimeStamp : 2025-10-15 14:45:50===> API : null ===> Message : fetchDBSettings()
info: ===> TimeStamp : 2025-10-15 14:45:50===> API : null ===> Message : validateRequest() Invoked!
info: ===> TimeStamp : 2025-10-15 14:45:50===> API : null ===> Message : validRequest() :: Api validated Successfully
info: ===> TimeStamp : 2025-10-15 14:45:50===> API : /api/auth/validateuser ===> Message : validateUser() invoked!!
info: ===> TimeStamp : 2025-10-15 14:45:50===> API : /api/auth/validateuser ===> Message : validateUser() :: Request Object :: [object Object]
info: ===> TimeStamp : 2025-10-15 14:45:50===> API : /api/auth/validateuser ===> Message : validateUserDB() Invoked !
info: ===> TimeStamp : 2025-10-15 14:45:50===> API : /api/auth/validateuser ===> Message : validateUserResponse() invoked!
info: ===> TimeStamp : 2025-10-15 14:45:50===> API : /api/auth/validateuser ===> Message : validateUserResponse() completed
info: ===> TimeStamp : 2025-10-15 14:45:50===> API : null ===> Message : validateRequest() invoked
info: ===> TimeStamp : 2025-10-15 14:45:50===> API : null ===> Message : fetchDBSettings()
info: ===> TimeStamp : 2025-10-15 14:45:50===> API : null ===> Message : validateRequest() Invoked!
info: ===> TimeStamp : 2025-10-15 14:45:50===> API : null ===> Message : validRequest() :: Api validated Successfully
info: ===> TimeStamp : 2025-10-15 14:45:50===> API : /api/auth/checkIP ===> Message : checkIP() invoked!!
info: ===> TimeStamp : 2025-10-15 14:45:50===> API : /api/auth/checkIP ===> Message : IPs match: 103.255.182.117
info: ===> TimeStamp : 2025-10-15 14:45:50===> API : /api/auth/checkIP ===> Message : checkIPResponse() invoked!
info: ===> TimeStamp : 2025-10-15 14:45:50===> API : /api/auth/checkIP ===> Message : checkIPResponse() completed
info: ===> TimeStamp : 2025-10-15 14:45:50===> API : null ===> Message : validateRequest() invoked
info: ===> TimeStamp : 2025-10-15 14:45:50===> API : null ===> Message : fetchDBSettings()
info: ===> TimeStamp : 2025-10-15 14:45:50===> API : null ===> Message : validateRequest() Invoked!
info: ===> TimeStamp : 2025-10-15 14:45:50===> API : null ===> Message : validRequest() :: Api validated Successfully
info: ===> TimeStamp : 2025-10-15 14:45:50===> API : /api/auth/login ===> Message : loginUser() invoked!!
info: ===> TimeStamp : 2025-10-15 14:45:50===> API : /api/auth/login ===> Message : loginUser() :: Request Object :: [object Object]
info: ===> TimeStamp : 2025-10-15 14:45:50===> API : /api/auth/login ===> Message : loginUserDB() Invoked !
info: ===> TimeStamp : 2025-10-15 14:45:50===> API : /api/auth/login ===> Message : loginUserResponse() invoked!
info: ===> TimeStamp : 2025-10-15 14:45:50===> API : /api/auth/login ===> Message : loginUserResponse() completed
info: ===> TimeStamp : 2025-10-15 14:46:09===> API : null ===> Message : validateRequest() invoked
info: ===> TimeStamp : 2025-10-15 14:46:09===> API : null ===> Message : fetchDBSettings()
info: ===> TimeStamp : 2025-10-15 14:46:09===> API : null ===> Message : validateRequest() Invoked!
info: ===> TimeStamp : 2025-10-15 14:46:09===> API : null ===> Message : validRequest() :: Api validated Successfully
info: ===> TimeStamp : 2025-10-15 14:46:09===> API : /api/auth/validateuser ===> Message : validateUser() invoked!!
info: ===> TimeStamp : 2025-10-15 14:46:09===> API : /api/auth/validateuser ===> Message : validateUser() :: Request Object :: [object Object]
info: ===> TimeStamp : 2025-10-15 14:46:09===> API : /api/auth/validateuser ===> Message : validateUserDB() Invoked !
info: ===> TimeStamp : 2025-10-15 14:46:09===> API : /api/auth/validateuser ===> Message : validateUserResponse() invoked!
info: ===> TimeStamp : 2025-10-15 14:46:09===> API : /api/auth/validateuser ===> Message : validateUserResponse() completed
info: ===> TimeStamp : 2025-10-15 14:46:09===> API : null ===> Message : validateRequest() invoked
info: ===> TimeStamp : 2025-10-15 14:46:09===> API : null ===> Message : fetchDBSettings()
info: ===> TimeStamp : 2025-10-15 14:46:09===> API : null ===> Message : validateRequest() Invoked!
info: ===> TimeStamp : 2025-10-15 14:46:09===> API : null ===> Message : validRequest() :: Api validated Successfully
info: ===> TimeStamp : 2025-10-15 14:46:09===> API : /api/auth/checkIP ===> Message : checkIP() invoked!!
info: ===> TimeStamp : 2025-10-15 14:46:09===> API : /api/auth/checkIP ===> Message : IPs match: 103.255.182.117
info: ===> TimeStamp : 2025-10-15 14:46:09===> API : /api/auth/checkIP ===> Message : checkIPResponse() invoked!
info: ===> TimeStamp : 2025-10-15 14:46:09===> API : /api/auth/checkIP ===> Message : checkIPResponse() completed
info: ===> TimeStamp : 2025-10-15 14:46:09===> API : null ===> Message : validateRequest() invoked
info: ===> TimeStamp : 2025-10-15 14:46:09===> API : null ===> Message : fetchDBSettings()
info: ===> TimeStamp : 2025-10-15 14:46:09===> API : null ===> Message : validateRequest() Invoked!
info: ===> TimeStamp : 2025-10-15 14:46:09===> API : null ===> Message : validRequest() :: Api validated Successfully
info: ===> TimeStamp : 2025-10-15 14:46:09===> API : /api/auth/login ===> Message : loginUser() invoked!!
info: ===> TimeStamp : 2025-10-15 14:46:09===> API : /api/auth/login ===> Message : loginUser() :: Request Object :: [object Object]
info: ===> TimeStamp : 2025-10-15 14:46:09===> API : /api/auth/login ===> Message : loginUserDB() Invoked !
info: ===> TimeStamp : 2025-10-15 14:46:09===> API : /api/auth/login ===> Message : loginUserResponse() invoked!
info: ===> TimeStamp : 2025-10-15 14:46:09===> API : /api/auth/login ===> Message : loginUserResponse() completed
info: ===> TimeStamp : 2025-10-15 15:30:06===> API : null ===> Message : validateRequest() invoked
info: ===> TimeStamp : 2025-10-15 15:30:06===> API : null ===> Message : validateRequest() Error:: Invalid Request :: 
      {"apiUri":"/robots.txt"}
info: ===> TimeStamp : 2025-10-15 15:30:07===> API : null ===> Message : validateRequest() invoked
info: ===> TimeStamp : 2025-10-15 15:30:07===> API : null ===> Message : validateRequest() Error:: Invalid Request :: 
      {"apiUri":"/"}
info: ===> TimeStamp : 2025-10-15 17:20:14===> API : null ===> Message : validateRequest() invoked
info: ===> TimeStamp : 2025-10-15 17:20:14===> API : null ===> Message : fetchDBSettings()
info: ===> TimeStamp : 2025-10-15 17:20:14===> API : null ===> Message : validateRequest() Invoked!
info: ===> TimeStamp : 2025-10-15 17:20:14===> API : null ===> Message : validRequest() :: Api validated Successfully
info: ===> TimeStamp : 2025-10-15 17:20:14===> API : /api/auth/validateuser ===> Message : validateUser() invoked!!
info: ===> TimeStamp : 2025-10-15 17:20:14===> API : /api/auth/validateuser ===> Message : validateUser() :: Request Object :: [object Object]
info: ===> TimeStamp : 2025-10-15 17:20:14===> API : /api/auth/validateuser ===> Message : validateUserDB() Invoked !
info: ===> TimeStamp : 2025-10-15 17:20:14===> API : /api/auth/validateuser ===> Message : validateUserResponse() invoked!
info: ===> TimeStamp : 2025-10-15 17:20:14===> API : /api/auth/validateuser ===> Message : validateUserResponse() completed
info: ===> TimeStamp : 2025-10-15 17:20:15===> API : null ===> Message : validateRequest() invoked
info: ===> TimeStamp : 2025-10-15 17:20:15===> API : null ===> Message : fetchDBSettings()
info: ===> TimeStamp : 2025-10-15 17:20:15===> API : null ===> Message : validateRequest() Invoked!
info: ===> TimeStamp : 2025-10-15 17:20:15===> API : null ===> Message : validRequest() :: Api validated Successfully
info: ===> TimeStamp : 2025-10-15 17:20:15===> API : /api/auth/login ===> Message : loginUser() invoked!!
info: ===> TimeStamp : 2025-10-15 17:20:15===> API : /api/auth/login ===> Message : loginUser() :: Request Object :: [object Object]
info: ===> TimeStamp : 2025-10-15 17:20:15===> API : /api/auth/login ===> Message : loginUserDB() Invoked !
info: ===> TimeStamp : 2025-10-15 17:20:15===> API : /api/auth/login ===> Message : loginUserResponse() invoked!
info: ===> TimeStamp : 2025-10-15 17:20:15===> API : /api/auth/login ===> Message : loginUserResponse() completed
info: ===> TimeStamp : 2025-10-15 17:45:15===> API : null ===> Message : validateRequest() invoked
info: ===> TimeStamp : 2025-10-15 17:45:15===> API : null ===> Message : fetchDBSettings()
info: ===> TimeStamp : 2025-10-15 17:45:15===> API : null ===> Message : validateRequest() Invoked!
info: ===> TimeStamp : 2025-10-15 17:45:15===> API : null ===> Message : validRequest() :: Api validated Successfully
info: ===> TimeStamp : 2025-10-15 17:45:15===> API : /api/auth/validateuser ===> Message : validateUser() :: Request Object :: [object Object]
info: ===> TimeStamp : 2025-10-15 17:45:15===> API : /api/auth/validateuser ===> Message : validateUser() invoked!!
info: ===> TimeStamp : 2025-10-15 17:45:15===> API : /api/auth/validateuser ===> Message : validateUserDB() Invoked !
info: ===> TimeStamp : 2025-10-15 17:45:15===> API : /api/auth/validateuser ===> Message : validateUserResponse() invoked!
info: ===> TimeStamp : 2025-10-15 17:45:15===> API : /api/auth/validateuser ===> Message : validateUserResponse() completed
info: ===> TimeStamp : 2025-10-15 17:45:15===> API : null ===> Message : validateRequest() invoked
info: ===> TimeStamp : 2025-10-15 17:45:15===> API : null ===> Message : fetchDBSettings()
info: ===> TimeStamp : 2025-10-15 17:45:15===> API : null ===> Message : validateRequest() Invoked!
info: ===> TimeStamp : 2025-10-15 17:45:15===> API : null ===> Message : validRequest() :: Api validated Successfully
info: ===> TimeStamp : 2025-10-15 17:45:15===> API : /api/auth/checkIP ===> Message : checkIP() invoked!!
info: ===> TimeStamp : 2025-10-15 17:45:15===> API : /api/auth/checkIP ===> Message : IPs match: 103.255.182.117
info: ===> TimeStamp : 2025-10-15 17:45:15===> API : /api/auth/checkIP ===> Message : checkIPResponse() invoked!
info: ===> TimeStamp : 2025-10-15 17:45:15===> API : /api/auth/checkIP ===> Message : checkIPResponse() completed
info: ===> TimeStamp : 2025-10-15 17:45:15===> API : null ===> Message : validateRequest() invoked
info: ===> TimeStamp : 2025-10-15 17:45:15===> API : null ===> Message : fetchDBSettings()
info: ===> TimeStamp : 2025-10-15 17:45:15===> API : null ===> Message : validateRequest() Invoked!
info: ===> TimeStamp : 2025-10-15 17:45:15===> API : null ===> Message : validRequest() :: Api validated Successfully
info: ===> TimeStamp : 2025-10-15 17:45:15===> API : /api/auth/login ===> Message : loginUser() invoked!!
info: ===> TimeStamp : 2025-10-15 17:45:15===> API : /api/auth/login ===> Message : loginUser() :: Request Object :: [object Object]
info: ===> TimeStamp : 2025-10-15 17:45:15===> API : /api/auth/login ===> Message : loginUserDB() Invoked !
info: ===> TimeStamp : 2025-10-15 17:45:15===> API : /api/auth/login ===> Message : loginUserResponse() invoked!
info: ===> TimeStamp : 2025-10-15 17:45:15===> API : /api/auth/login ===> Message : loginUserResponse() completed
info: ===> TimeStamp : 2025-10-15 18:37:03===> API : null ===> Message : validateRequest() invoked
info: ===> TimeStamp : 2025-10-15 18:37:03===> API : null ===> Message : fetchDBSettings()
info: ===> TimeStamp : 2025-10-15 18:37:03===> API : null ===> Message : validateRequest() Invoked!
info: ===> TimeStamp : 2025-10-15 18:37:03===> API : null ===> Message : validRequest() :: Api validated Successfully
info: ===> TimeStamp : 2025-10-15 18:37:03===> API : /api/auth/validateuser ===> Message : validateUser() invoked!!
info: ===> TimeStamp : 2025-10-15 18:37:03===> API : /api/auth/validateuser ===> Message : validateUser() :: Request Object :: [object Object]
info: ===> TimeStamp : 2025-10-15 18:37:03===> API : /api/auth/validateuser ===> Message : validateUserDB() Invoked !
info: ===> TimeStamp : 2025-10-15 18:37:03===> API : /api/auth/validateuser ===> Message : validateUserResponse() invoked!
info: ===> TimeStamp : 2025-10-15 18:37:03===> API : /api/auth/validateuser ===> Message : validateUserResponse() completed
info: ===> TimeStamp : 2025-10-15 18:37:04===> API : null ===> Message : validateRequest() invoked
info: ===> TimeStamp : 2025-10-15 18:37:04===> API : null ===> Message : fetchDBSettings()
info: ===> TimeStamp : 2025-10-15 18:37:04===> API : null ===> Message : validateRequest() Invoked!
info: ===> TimeStamp : 2025-10-15 18:37:04===> API : null ===> Message : validRequest() :: Api validated Successfully
info: ===> TimeStamp : 2025-10-15 18:37:04===> API : /api/auth/login ===> Message : loginUser() invoked!!
info: ===> TimeStamp : 2025-10-15 18:37:04===> API : /api/auth/login ===> Message : loginUser() :: Request Object :: [object Object]
info: ===> TimeStamp : 2025-10-15 18:37:04===> API : /api/auth/login ===> Message : loginUserDB() Invoked !
info: ===> TimeStamp : 2025-10-15 18:37:04===> API : /api/auth/login ===> Message : loginUserResponse() invoked!
info: ===> TimeStamp : 2025-10-15 18:37:04===> API : /api/auth/login ===> Message : loginUserResponse() completed
info: ===> TimeStamp : 2025-10-15 19:24:28===> API : null ===> Message : validateRequest() invoked
info: ===> TimeStamp : 2025-10-15 19:24:28===> API : null ===> Message : fetchDBSettings()
info: ===> TimeStamp : 2025-10-15 19:24:28===> API : null ===> Message : validateRequest() Invoked!
info: ===> TimeStamp : 2025-10-15 19:24:28===> API : null ===> Message : validRequest() :: Api validated Successfully
info: ===> TimeStamp : 2025-10-15 19:24:28===> API : /api/auth/validateuser ===> Message : validateUser() invoked!!
info: ===> TimeStamp : 2025-10-15 19:24:28===> API : /api/auth/validateuser ===> Message : validateUser() :: Request Object :: [object Object]
info: ===> TimeStamp : 2025-10-15 19:24:28===> API : /api/auth/validateuser ===> Message : validateUserDB() Invoked !
info: ===> TimeStamp : 2025-10-15 19:24:28===> API : /api/auth/validateuser ===> Message : validateUserResponse() invoked!
info: ===> TimeStamp : 2025-10-15 19:24:28===> API : /api/auth/validateuser ===> Message : validateUserResponse() completed
info: ===> TimeStamp : 2025-10-15 19:24:29===> API : null ===> Message : validateRequest() invoked
info: ===> TimeStamp : 2025-10-15 19:24:29===> API : null ===> Message : fetchDBSettings()
info: ===> TimeStamp : 2025-10-15 19:24:29===> API : null ===> Message : validateRequest() Invoked!
info: ===> TimeStamp : 2025-10-15 19:24:29===> API : null ===> Message : validRequest() :: Api validated Successfully
info: ===> TimeStamp : 2025-10-15 19:24:29===> API : /api/auth/login ===> Message : loginUser() :: Request Object :: [object Object]
info: ===> TimeStamp : 2025-10-15 19:24:29===> API : /api/auth/login ===> Message : loginUser() invoked!!
info: ===> TimeStamp : 2025-10-15 19:24:29===> API : /api/auth/login ===> Message : loginUserDB() Invoked !
info: ===> TimeStamp : 2025-10-15 19:24:29===> API : /api/auth/login ===> Message : loginUserResponse() invoked!
info: ===> TimeStamp : 2025-10-15 19:24:29===> API : /api/auth/login ===> Message : loginUserResponse() completed
info: ===> TimeStamp : 2025-10-15 19:50:16===> API : null ===> Message : validateRequest() invoked
info: ===> TimeStamp : 2025-10-15 19:50:16===> API : null ===> Message : fetchDBSettings()
info: ===> TimeStamp : 2025-10-15 19:50:16===> API : null ===> Message : validateRequest() Invoked!
info: ===> TimeStamp : 2025-10-15 19:50:16===> API : null ===> Message : validRequest() :: Api validated Successfully
info: ===> TimeStamp : 2025-10-15 19:50:16===> API : /api/auth/validateuser ===> Message : validateUser() invoked!!
info: ===> TimeStamp : 2025-10-15 19:50:16===> API : /api/auth/validateuser ===> Message : validateUser() :: Request Object :: [object Object]
info: ===> TimeStamp : 2025-10-15 19:50:16===> API : /api/auth/validateuser ===> Message : validateUserDB() Invoked !
info: ===> TimeStamp : 2025-10-15 19:50:16===> API : /api/auth/validateuser ===> Message : validateUserResponse() invoked!
info: ===> TimeStamp : 2025-10-15 19:50:16===> API : /api/auth/validateuser ===> Message : validateUserResponse() completed
info: ===> TimeStamp : 2025-10-15 19:50:16===> API : null ===> Message : validateRequest() invoked
info: ===> TimeStamp : 2025-10-15 19:50:16===> API : null ===> Message : fetchDBSettings()
info: ===> TimeStamp : 2025-10-15 19:50:16===> API : null ===> Message : validateRequest() Invoked!
info: ===> TimeStamp : 2025-10-15 19:50:16===> API : null ===> Message : validRequest() :: Api validated Successfully
info: ===> TimeStamp : 2025-10-15 19:50:16===> API : /api/auth/login ===> Message : loginUser() invoked!!
info: ===> TimeStamp : 2025-10-15 19:50:16===> API : /api/auth/login ===> Message : loginUser() :: Request Object :: [object Object]
info: ===> TimeStamp : 2025-10-15 19:50:16===> API : /api/auth/login ===> Message : loginUserDB() Invoked !
info: ===> TimeStamp : 2025-10-15 19:50:16===> API : /api/auth/login ===> Message : loginUserResponse() invoked!
info: ===> TimeStamp : 2025-10-15 19:50:16===> API : /api/auth/login ===> Message : loginUserResponse() completed
info: ===> TimeStamp : 2025-10-15 19:55:28===> API : null ===> Message : validateRequest() invoked
info: ===> TimeStamp : 2025-10-15 19:55:28===> API : null ===> Message : fetchDBSettings()
info: ===> TimeStamp : 2025-10-15 19:55:28===> API : null ===> Message : validateRequest() Invoked!
info: ===> TimeStamp : 2025-10-15 19:55:28===> API : null ===> Message : validRequest() :: Api validated Successfully
info: ===> TimeStamp : 2025-10-15 19:55:28===> API : /api/auth/validateuser ===> Message : validateUser() invoked!!
info: ===> TimeStamp : 2025-10-15 19:55:28===> API : /api/auth/validateuser ===> Message : validateUser() :: Request Object :: [object Object]
info: ===> TimeStamp : 2025-10-15 19:55:28===> API : /api/auth/validateuser ===> Message : validateUserDB() Invoked !
info: ===> TimeStamp : 2025-10-15 19:55:28===> API : /api/auth/validateuser ===> Message : validateUserResponse() invoked!
info: ===> TimeStamp : 2025-10-15 19:55:28===> API : /api/auth/validateuser ===> Message : validateUserResponse() completed
info: ===> TimeStamp : 2025-10-15 19:55:28===> API : null ===> Message : validateRequest() invoked
info: ===> TimeStamp : 2025-10-15 19:55:28===> API : null ===> Message : fetchDBSettings()
info: ===> TimeStamp : 2025-10-15 19:55:28===> API : null ===> Message : validateRequest() Invoked!
info: ===> TimeStamp : 2025-10-15 19:55:28===> API : null ===> Message : validRequest() :: Api validated Successfully
info: ===> TimeStamp : 2025-10-15 19:55:28===> API : /api/auth/login ===> Message : loginUser() invoked!!
info: ===> TimeStamp : 2025-10-15 19:55:28===> API : /api/auth/login ===> Message : loginUser() :: Request Object :: [object Object]
info: ===> TimeStamp : 2025-10-15 19:55:28===> API : /api/auth/login ===> Message : loginUserDB() Invoked !
info: ===> TimeStamp : 2025-10-15 19:55:28===> API : /api/auth/login ===> Message : loginUserResponse() invoked!
info: ===> TimeStamp : 2025-10-15 19:55:28===> API : /api/auth/login ===> Message : loginUserResponse() completed
info: ===> TimeStamp : 2025-10-15 20:41:30===> API : null ===> Message : fetchDBSettings()
info: ===> TimeStamp : 2025-10-15 20:41:30===> API : null ===> Message : validateRequest() invoked
info: ===> TimeStamp : 2025-10-15 20:41:30===> API : null ===> Message : validateRequest() Invoked!
info: ===> TimeStamp : 2025-10-15 20:41:30===> API : null ===> Message : validRequest() :: Api validated Successfully
info: ===> TimeStamp : 2025-10-15 20:41:30===> API : /api/auth/validateuser ===> Message : validateUser() invoked!!
info: ===> TimeStamp : 2025-10-15 20:41:30===> API : /api/auth/validateuser ===> Message : validateUser() :: Request Object :: [object Object]
info: ===> TimeStamp : 2025-10-15 20:41:30===> API : /api/auth/validateuser ===> Message : validateUserDB() Invoked !
info: ===> TimeStamp : 2025-10-15 20:41:30===> API : /api/auth/validateuser ===> Message : validateUserResponse() invoked!
info: ===> TimeStamp : 2025-10-15 20:41:30===> API : /api/auth/validateuser ===> Message : validateUserResponse() completed
info: ===> TimeStamp : 2025-10-15 20:41:30===> API : null ===> Message : validateRequest() invoked
info: ===> TimeStamp : 2025-10-15 20:41:30===> API : null ===> Message : fetchDBSettings()
info: ===> TimeStamp : 2025-10-15 20:41:30===> API : null ===> Message : validateRequest() Invoked!
info: ===> TimeStamp : 2025-10-15 20:41:30===> API : null ===> Message : validRequest() :: Api validated Successfully
info: ===> TimeStamp : 2025-10-15 20:41:30===> API : /api/auth/login ===> Message : loginUser() invoked!!
info: ===> TimeStamp : 2025-10-15 20:41:30===> API : /api/auth/login ===> Message : loginUser() :: Request Object :: [object Object]
info: ===> TimeStamp : 2025-10-15 20:41:30===> API : /api/auth/login ===> Message : loginUserDB() Invoked !
info: ===> TimeStamp : 2025-10-15 20:41:30===> API : /api/auth/login ===> Message : loginUserResponse() invoked!
info: ===> TimeStamp : 2025-10-15 20:41:30===> API : /api/auth/login ===> Message : loginUserResponse() completed
info: ===> TimeStamp : 2025-10-15 20:52:26===> API : null ===> Message : validateRequest() invoked
info: ===> TimeStamp : 2025-10-15 20:52:26===> API : null ===> Message : fetchDBSettings()
info: ===> TimeStamp : 2025-10-15 20:52:26===> API : null ===> Message : validateRequest() Invoked!
info: ===> TimeStamp : 2025-10-15 20:52:26===> API : null ===> Message : validRequest() :: Api validated Successfully
info: ===> TimeStamp : 2025-10-15 20:52:26===> API : /api/auth/validateuser ===> Message : validateUser() invoked!!
info: ===> TimeStamp : 2025-10-15 20:52:26===> API : /api/auth/validateuser ===> Message : validateUser() :: Request Object :: [object Object]
info: ===> TimeStamp : 2025-10-15 20:52:26===> API : /api/auth/validateuser ===> Message : validateUserDB() Invoked !
info: ===> TimeStamp : 2025-10-15 20:52:26===> API : /api/auth/validateuser ===> Message : validateUserResponse() invoked!
info: ===> TimeStamp : 2025-10-15 20:52:26===> API : /api/auth/validateuser ===> Message : validateUserResponse() completed
info: ===> TimeStamp : 2025-10-15 20:52:26===> API : null ===> Message : validateRequest() invoked
info: ===> TimeStamp : 2025-10-15 20:52:26===> API : null ===> Message : fetchDBSettings()
info: ===> TimeStamp : 2025-10-15 20:52:26===> API : null ===> Message : validateRequest() Invoked!
info: ===> TimeStamp : 2025-10-15 20:52:26===> API : null ===> Message : validRequest() :: Api validated Successfully
info: ===> TimeStamp : 2025-10-15 20:52:26===> API : /api/auth/login ===> Message : loginUser() invoked!!
info: ===> TimeStamp : 2025-10-15 20:52:26===> API : /api/auth/login ===> Message : loginUser() :: Request Object :: [object Object]
info: ===> TimeStamp : 2025-10-15 20:52:26===> API : /api/auth/login ===> Message : loginUserDB() Invoked !
info: ===> TimeStamp : 2025-10-15 20:52:26===> API : /api/auth/login ===> Message : loginUserResponse() invoked!
info: ===> TimeStamp : 2025-10-15 20:52:26===> API : /api/auth/login ===> Message : loginUserResponse() completed
info: ===> TimeStamp : 2025-10-15 20:56:05===> API : null ===> Message : validateRequest() invoked
info: ===> TimeStamp : 2025-10-15 20:56:05===> API : null ===> Message : fetchDBSettings()
info: ===> TimeStamp : 2025-10-15 20:56:05===> API : null ===> Message : validateRequest() Invoked!
info: ===> TimeStamp : 2025-10-15 20:56:05===> API : null ===> Message : validRequest() :: Api validated Successfully
info: ===> TimeStamp : 2025-10-15 20:56:05===> API : /api/auth/validateuser ===> Message : validateUser() invoked!!
info: ===> TimeStamp : 2025-10-15 20:56:05===> API : /api/auth/validateuser ===> Message : validateUser() :: Request Object :: [object Object]
info: ===> TimeStamp : 2025-10-15 20:56:05===> API : /api/auth/validateuser ===> Message : validateUserDB() Invoked !
info: ===> TimeStamp : 2025-10-15 20:56:06===> API : /api/auth/validateuser ===> Message : validateUserResponse() invoked!
info: ===> TimeStamp : 2025-10-15 20:56:06===> API : /api/auth/validateuser ===> Message : validateUserResponse() completed
info: ===> TimeStamp : 2025-10-15 20:56:06===> API : null ===> Message : validateRequest() invoked
info: ===> TimeStamp : 2025-10-15 20:56:06===> API : null ===> Message : fetchDBSettings()
info: ===> TimeStamp : 2025-10-15 20:56:06===> API : null ===> Message : validateRequest() Invoked!
info: ===> TimeStamp : 2025-10-15 20:56:06===> API : null ===> Message : validRequest() :: Api validated Successfully
info: ===> TimeStamp : 2025-10-15 20:56:06===> API : /api/auth/login ===> Message : loginUser() invoked!!
info: ===> TimeStamp : 2025-10-15 20:56:06===> API : /api/auth/login ===> Message : loginUser() :: Request Object :: [object Object]
info: ===> TimeStamp : 2025-10-15 20:56:06===> API : /api/auth/login ===> Message : loginUserDB() Invoked !
info: ===> TimeStamp : 2025-10-15 20:56:06===> API : /api/auth/login ===> Message : loginUserResponse() invoked!
info: ===> TimeStamp : 2025-10-15 20:56:06===> API : /api/auth/login ===> Message : loginUserResponse() completed
info: ===> TimeStamp : 2025-10-15 21:37:05===> API : null ===> Message : validateRequest() invoked
info: ===> TimeStamp : 2025-10-15 21:37:05===> API : null ===> Message : fetchDBSettings()
info: ===> TimeStamp : 2025-10-15 21:37:05===> API : null ===> Message : validateRequest() Invoked!
info: ===> TimeStamp : 2025-10-15 21:37:05===> API : null ===> Message : validRequest() :: Api validated Successfully
info: ===> TimeStamp : 2025-10-15 21:37:05===> API : /api/auth/logout ===> Message : logoutUser() invoked!!
info: ===> TimeStamp : 2025-10-15 21:37:05===> API : /api/auth/logout ===> Message : logoutUser() :: Request Object :: [object Object]
info: ===> TimeStamp : 2025-10-15 21:37:05===> API : /api/auth/logout ===> Message : logoutUserDB() Invoked !
info: ===> TimeStamp : 2025-10-15 21:37:05===> API : /api/auth/logout ===> Message : logoutUserResponse() invoked!
info: ===> TimeStamp : 2025-10-15 21:37:05===> API : /api/auth/logout ===> Message : logoutUserResponse() completed
info: ===> TimeStamp : 2025-10-15 21:37:35===> API : null ===> Message : validateRequest() invoked
info: ===> TimeStamp : 2025-10-15 21:37:35===> API : null ===> Message : fetchDBSettings()
info: ===> TimeStamp : 2025-10-15 21:37:35===> API : null ===> Message : validateRequest() Invoked!
info: ===> TimeStamp : 2025-10-15 21:37:35===> API : null ===> Message : validRequest() :: Api validated Successfully
info: ===> TimeStamp : 2025-10-15 21:37:35===> API : /api/auth/logout ===> Message : logoutUser() invoked!!
info: ===> TimeStamp : 2025-10-15 21:37:35===> API : /api/auth/logout ===> Message : logoutUser() :: Request Object :: [object Object]
info: ===> TimeStamp : 2025-10-15 21:37:35===> API : /api/auth/logout ===> Message : logoutUserDB() Invoked !
info: ===> TimeStamp : 2025-10-15 21:37:35===> API : /api/auth/logout ===> Message : logoutUserResponse() invoked!
info: ===> TimeStamp : 2025-10-15 21:37:35===> API : /api/auth/logout ===> Message : logoutUserResponse() completed
info: ===> TimeStamp : 2025-10-15 21:37:41===> API : null ===> Message : validateRequest() invoked
info: ===> TimeStamp : 2025-10-15 21:37:41===> API : null ===> Message : fetchDBSettings()
info: ===> TimeStamp : 2025-10-15 21:37:41===> API : null ===> Message : validateRequest() Invoked!
info: ===> TimeStamp : 2025-10-15 21:37:41===> API : null ===> Message : validRequest() :: Api validated Successfully
info: ===> TimeStamp : 2025-10-15 21:37:41===> API : /api/auth/validateuser ===> Message : validateUser() invoked!!
info: ===> TimeStamp : 2025-10-15 21:37:41===> API : /api/auth/validateuser ===> Message : validateUser() :: Request Object :: [object Object]
info: ===> TimeStamp : 2025-10-15 21:37:41===> API : /api/auth/validateuser ===> Message : validateUserDB() Invoked !
info: ===> TimeStamp : 2025-10-15 21:37:41===> API : /api/auth/validateuser ===> Message : validateUserResponse() invoked!
info: ===> TimeStamp : 2025-10-15 21:37:41===> API : /api/auth/validateuser ===> Message : validateUserResponse() completed
info: ===> TimeStamp : 2025-10-15 21:37:41===> API : null ===> Message : validateRequest() invoked
info: ===> TimeStamp : 2025-10-15 21:37:41===> API : null ===> Message : fetchDBSettings()
info: ===> TimeStamp : 2025-10-15 21:37:41===> API : null ===> Message : validateRequest() Invoked!
info: ===> TimeStamp : 2025-10-15 21:37:41===> API : null ===> Message : validRequest() :: Api validated Successfully
info: ===> TimeStamp : 2025-10-15 21:37:41===> API : /api/auth/checkIP ===> Message : checkIP() invoked!!
info: ===> TimeStamp : 2025-10-15 21:37:41===> API : /api/auth/checkIP ===> Message : IPs match: 103.255.182.117
info: ===> TimeStamp : 2025-10-15 21:37:41===> API : /api/auth/checkIP ===> Message : checkIPResponse() invoked!
info: ===> TimeStamp : 2025-10-15 21:37:41===> API : /api/auth/checkIP ===> Message : checkIPResponse() completed
info: ===> TimeStamp : 2025-10-15 21:37:41===> API : null ===> Message : validateRequest() invoked
info: ===> TimeStamp : 2025-10-15 21:37:41===> API : null ===> Message : fetchDBSettings()
info: ===> TimeStamp : 2025-10-15 21:37:41===> API : null ===> Message : validateRequest() Invoked!
info: ===> TimeStamp : 2025-10-15 21:37:41===> API : null ===> Message : validRequest() :: Api validated Successfully
info: ===> TimeStamp : 2025-10-15 21:37:41===> API : /api/auth/login ===> Message : loginUser() invoked!!
info: ===> TimeStamp : 2025-10-15 21:37:41===> API : /api/auth/login ===> Message : loginUser() :: Request Object :: [object Object]
info: ===> TimeStamp : 2025-10-15 21:37:41===> API : /api/auth/login ===> Message : loginUserDB() Invoked !
info: ===> TimeStamp : 2025-10-15 21:37:41===> API : /api/auth/login ===> Message : loginUserResponse() invoked!
info: ===> TimeStamp : 2025-10-15 21:37:41===> API : /api/auth/login ===> Message : loginUserResponse() completed
info: ===> TimeStamp : 2025-10-15 21:38:20===> API : null ===> Message : validateRequest() invoked
info: ===> TimeStamp : 2025-10-15 21:38:20===> API : null ===> Message : fetchDBSettings()
info: ===> TimeStamp : 2025-10-15 21:38:20===> API : null ===> Message : validateRequest() Invoked!
info: ===> TimeStamp : 2025-10-15 21:38:20===> API : /api/auth/validateuser ===> Message : validateUser() invoked!!
info: ===> TimeStamp : 2025-10-15 21:38:20===> API : null ===> Message : validRequest() :: Api validated Successfully
info: ===> TimeStamp : 2025-10-15 21:38:20===> API : /api/auth/validateuser ===> Message : validateUser() :: Request Object :: [object Object]
info: ===> TimeStamp : 2025-10-15 21:38:20===> API : /api/auth/validateuser ===> Message : validateUserDB() Invoked !
info: ===> TimeStamp : 2025-10-15 21:38:20===> API : /api/auth/validateuser ===> Message : validateUserResponse() invoked!
info: ===> TimeStamp : 2025-10-15 21:38:20===> API : /api/auth/validateuser ===> Message : validateUserResponse() completed
info: ===> TimeStamp : 2025-10-15 21:38:20===> API : null ===> Message : validateRequest() invoked
info: ===> TimeStamp : 2025-10-15 21:38:20===> API : null ===> Message : fetchDBSettings()
info: ===> TimeStamp : 2025-10-15 21:38:20===> API : null ===> Message : validateRequest() Invoked!
info: ===> TimeStamp : 2025-10-15 21:38:20===> API : null ===> Message : validRequest() :: Api validated Successfully
info: ===> TimeStamp : 2025-10-15 21:38:20===> API : /api/auth/checkIP ===> Message : checkIP() invoked!!
info: ===> TimeStamp : 2025-10-15 21:38:20===> API : /api/auth/checkIP ===> Message : IPs match: 103.255.182.117
info: ===> TimeStamp : 2025-10-15 21:38:20===> API : /api/auth/checkIP ===> Message : checkIPResponse() invoked!
info: ===> TimeStamp : 2025-10-15 21:38:20===> API : /api/auth/checkIP ===> Message : checkIPResponse() completed
info: ===> TimeStamp : 2025-10-15 21:38:20===> API : null ===> Message : validateRequest() invoked
info: ===> TimeStamp : 2025-10-15 21:38:20===> API : null ===> Message : fetchDBSettings()
info: ===> TimeStamp : 2025-10-15 21:38:20===> API : null ===> Message : validateRequest() Invoked!
info: ===> TimeStamp : 2025-10-15 21:38:20===> API : null ===> Message : validRequest() :: Api validated Successfully
info: ===> TimeStamp : 2025-10-15 21:38:20===> API : /api/auth/login ===> Message : loginUser() invoked!!
info: ===> TimeStamp : 2025-10-15 21:38:20===> API : /api/auth/login ===> Message : loginUser() :: Request Object :: [object Object]
info: ===> TimeStamp : 2025-10-15 21:38:20===> API : /api/auth/login ===> Message : loginUserDB() Invoked !
info: ===> TimeStamp : 2025-10-15 21:38:20===> API : /api/auth/login ===> Message : loginUserResponse() invoked!
info: ===> TimeStamp : 2025-10-15 21:38:20===> API : /api/auth/login ===> Message : loginUserResponse() completed
info: ===> TimeStamp : 2025-10-15 22:03:43===> API : null ===> Message : validateRequest() invoked
info: ===> TimeStamp : 2025-10-15 22:03:43===> API : null ===> Message : fetchDBSettings()
info: ===> TimeStamp : 2025-10-15 22:03:43===> API : null ===> Message : validateRequest() Invoked!
info: ===> TimeStamp : 2025-10-15 22:03:43===> API : null ===> Message : validRequest() :: Api validated Successfully
info: ===> TimeStamp : 2025-10-15 22:03:43===> API : /api/auth/validateuser ===> Message : validateUser() invoked!!
info: ===> TimeStamp : 2025-10-15 22:03:43===> API : /api/auth/validateuser ===> Message : validateUser() :: Request Object :: [object Object]
info: ===> TimeStamp : 2025-10-15 22:03:43===> API : /api/auth/validateuser ===> Message : validateUserDB() Invoked !
info: ===> TimeStamp : 2025-10-15 22:03:43===> API : /api/auth/validateuser ===> Message : validateUserResponse() invoked!
info: ===> TimeStamp : 2025-10-15 22:03:43===> API : /api/auth/validateuser ===> Message : validateUserResponse() completed
info: ===> TimeStamp : 2025-10-15 22:03:44===> API : null ===> Message : validateRequest() invoked
info: ===> TimeStamp : 2025-10-15 22:03:44===> API : null ===> Message : fetchDBSettings()
info: ===> TimeStamp : 2025-10-15 22:03:44===> API : null ===> Message : validateRequest() Invoked!
info: ===> TimeStamp : 2025-10-15 22:03:44===> API : null ===> Message : validRequest() :: Api validated Successfully
info: ===> TimeStamp : 2025-10-15 22:03:44===> API : /api/auth/login ===> Message : loginUser() invoked!!
info: ===> TimeStamp : 2025-10-15 22:03:44===> API : /api/auth/login ===> Message : loginUser() :: Request Object :: [object Object]
info: ===> TimeStamp : 2025-10-15 22:03:44===> API : /api/auth/login ===> Message : loginUserDB() Invoked !
info: ===> TimeStamp : 2025-10-15 22:03:44===> API : /api/auth/login ===> Message : loginUserResponse() invoked!
info: ===> TimeStamp : 2025-10-15 22:03:44===> API : /api/auth/login ===> Message : loginUserResponse() completed
info: ===> TimeStamp : 2025-10-15 22:11:39===> API : null ===> Message : validateRequest() invoked
info: ===> TimeStamp : 2025-10-15 22:11:39===> API : null ===> Message : validateRequest() Error:: Invalid Request :: 
      {"apiUri":"/"}
info: ===> TimeStamp : 2025-10-15 22:26:37===> API : null ===> Message : validateRequest() invoked
info: ===> TimeStamp : 2025-10-15 22:26:37===> API : null ===> Message : fetchDBSettings()
info: ===> TimeStamp : 2025-10-15 22:26:37===> API : null ===> Message : validateRequest() Invoked!
info: ===> TimeStamp : 2025-10-15 22:26:37===> API : null ===> Message : validRequest() :: Api validated Successfully
info: ===> TimeStamp : 2025-10-15 22:26:37===> API : /api/auth/validateuser ===> Message : validateUser() invoked!!
info: ===> TimeStamp : 2025-10-15 22:26:37===> API : /api/auth/validateuser ===> Message : validateUser() :: Request Object :: [object Object]
info: ===> TimeStamp : 2025-10-15 22:26:37===> API : /api/auth/validateuser ===> Message : validateUserDB() Invoked !
info: ===> TimeStamp : 2025-10-15 22:26:37===> API : /api/auth/validateuser ===> Message : validateUserResponse() invoked!
info: ===> TimeStamp : 2025-10-15 22:26:37===> API : /api/auth/validateuser ===> Message : validateUserResponse() completed
info: ===> TimeStamp : 2025-10-15 22:26:37===> API : null ===> Message : validateRequest() invoked
info: ===> TimeStamp : 2025-10-15 22:26:37===> API : null ===> Message : fetchDBSettings()
info: ===> TimeStamp : 2025-10-15 22:26:37===> API : null ===> Message : validateRequest() Invoked!
info: ===> TimeStamp : 2025-10-15 22:26:37===> API : null ===> Message : validRequest() :: Api validated Successfully
info: ===> TimeStamp : 2025-10-15 22:26:37===> API : /api/auth/login ===> Message : loginUser() invoked!!
info: ===> TimeStamp : 2025-10-15 22:26:37===> API : /api/auth/login ===> Message : loginUser() :: Request Object :: [object Object]
info: ===> TimeStamp : 2025-10-15 22:26:37===> API : /api/auth/login ===> Message : loginUserDB() Invoked !
info: ===> TimeStamp : 2025-10-15 22:26:37===> API : /api/auth/login ===> Message : loginUserResponse() invoked!
info: ===> TimeStamp : 2025-10-15 22:26:37===> API : /api/auth/login ===> Message : loginUserResponse() completed
info: ===> TimeStamp : 2025-10-15 22:30:41===> API : null ===> Message : validateRequest() invoked
info: ===> TimeStamp : 2025-10-15 22:30:41===> API : null ===> Message : fetchDBSettings()
info: ===> TimeStamp : 2025-10-15 22:30:41===> API : null ===> Message : validateRequest() Invoked!
info: ===> TimeStamp : 2025-10-15 22:30:41===> API : null ===> Message : validRequest() :: Api validated Successfully
info: ===> TimeStamp : 2025-10-15 22:30:41===> API : /api/auth/validateuser ===> Message : validateUser() invoked!!
info: ===> TimeStamp : 2025-10-15 22:30:41===> API : /api/auth/validateuser ===> Message : validateUser() :: Request Object :: [object Object]
info: ===> TimeStamp : 2025-10-15 22:30:41===> API : /api/auth/validateuser ===> Message : validateUserDB() Invoked !
info: ===> TimeStamp : 2025-10-15 22:30:41===> API : /api/auth/validateuser ===> Message : validateUserResponse() invoked!
info: ===> TimeStamp : 2025-10-15 22:30:41===> API : /api/auth/validateuser ===> Message : validateUserResponse() completed
info: ===> TimeStamp : 2025-10-15 22:30:42===> API : null ===> Message : validateRequest() invoked
info: ===> TimeStamp : 2025-10-15 22:30:42===> API : null ===> Message : fetchDBSettings()
info: ===> TimeStamp : 2025-10-15 22:30:42===> API : null ===> Message : validateRequest() Invoked!
info: ===> TimeStamp : 2025-10-15 22:30:42===> API : null ===> Message : validRequest() :: Api validated Successfully
info: ===> TimeStamp : 2025-10-15 22:30:42===> API : /api/auth/login ===> Message : loginUser() invoked!!
info: ===> TimeStamp : 2025-10-15 22:30:42===> API : /api/auth/login ===> Message : loginUser() :: Request Object :: [object Object]
info: ===> TimeStamp : 2025-10-15 22:30:42===> API : /api/auth/login ===> Message : loginUserDB() Invoked !
info: ===> TimeStamp : 2025-10-15 22:30:42===> API : /api/auth/login ===> Message : loginUserResponse() invoked!
info: ===> TimeStamp : 2025-10-15 22:30:42===> API : /api/auth/login ===> Message : loginUserResponse() completed
info: ===> TimeStamp : 2025-10-15 22:43:42===> API : null ===> Message : validateRequest() invoked
info: ===> TimeStamp : 2025-10-15 22:43:42===> API : null ===> Message : fetchDBSettings()
info: ===> TimeStamp : 2025-10-15 22:43:42===> API : null ===> Message : validateRequest() Invoked!
info: ===> TimeStamp : 2025-10-15 22:43:42===> API : null ===> Message : validRequest() :: Api validated Successfully
info: ===> TimeStamp : 2025-10-15 22:43:42===> API : /api/auth/validateuser ===> Message : validateUser() invoked!!
info: ===> TimeStamp : 2025-10-15 22:43:42===> API : /api/auth/validateuser ===> Message : validateUser() :: Request Object :: [object Object]
info: ===> TimeStamp : 2025-10-15 22:43:42===> API : /api/auth/validateuser ===> Message : validateUserDB() Invoked !
info: ===> TimeStamp : 2025-10-15 22:43:42===> API : /api/auth/validateuser ===> Message : validateUserResponse() invoked!
info: ===> TimeStamp : 2025-10-15 22:43:42===> API : /api/auth/validateuser ===> Message : validateUserResponse() completed
info: ===> TimeStamp : 2025-10-15 22:43:42===> API : null ===> Message : validateRequest() invoked
info: ===> TimeStamp : 2025-10-15 22:43:42===> API : null ===> Message : fetchDBSettings()
info: ===> TimeStamp : 2025-10-15 22:43:42===> API : null ===> Message : validateRequest() Invoked!
info: ===> TimeStamp : 2025-10-15 22:43:42===> API : null ===> Message : validRequest() :: Api validated Successfully
info: ===> TimeStamp : 2025-10-15 22:43:42===> API : /api/auth/login ===> Message : loginUser() invoked!!
info: ===> TimeStamp : 2025-10-15 22:43:42===> API : /api/auth/login ===> Message : loginUser() :: Request Object :: [object Object]
info: ===> TimeStamp : 2025-10-15 22:43:42===> API : /api/auth/login ===> Message : loginUserDB() Invoked !
info: ===> TimeStamp : 2025-10-15 22:43:42===> API : /api/auth/login ===> Message : loginUserResponse() invoked!
info: ===> TimeStamp : 2025-10-15 22:43:42===> API : /api/auth/login ===> Message : loginUserResponse() completed
info: ===> TimeStamp : 2025-10-16 00:08:29===> API : null ===> Message : validateRequest() invoked
info: ===> TimeStamp : 2025-10-16 00:08:29===> API : null ===> Message : fetchDBSettings()
info: ===> TimeStamp : 2025-10-16 00:08:29===> API : null ===> Message : validateRequest() Invoked!
info: ===> TimeStamp : 2025-10-16 00:08:29===> API : /api/auth/validateuser ===> Message : validateUser() invoked!!
info: ===> TimeStamp : 2025-10-16 00:08:29===> API : /api/auth/validateuser ===> Message : validateUser() :: Request Object :: [object Object]
info: ===> TimeStamp : 2025-10-16 00:08:29===> API : /api/auth/validateuser ===> Message : validateUserDB() Invoked !
info: ===> TimeStamp : 2025-10-16 00:08:29===> API : null ===> Message : validRequest() :: Api validated Successfully
info: ===> TimeStamp : 2025-10-16 00:08:29===> API : /api/auth/validateuser ===> Message : validateUserResponse() invoked!
info: ===> TimeStamp : 2025-10-16 00:08:29===> API : /api/auth/validateuser ===> Message : validateUserResponse() completed
info: ===> TimeStamp : 2025-10-16 00:08:30===> API : null ===> Message : validateRequest() invoked
info: ===> TimeStamp : 2025-10-16 00:08:30===> API : null ===> Message : fetchDBSettings()
info: ===> TimeStamp : 2025-10-16 00:08:30===> API : null ===> Message : validateRequest() Invoked!
info: ===> TimeStamp : 2025-10-16 00:08:30===> API : null ===> Message : validRequest() :: Api validated Successfully
info: ===> TimeStamp : 2025-10-16 00:08:30===> API : /api/auth/login ===> Message : loginUser() invoked!!
info: ===> TimeStamp : 2025-10-16 00:08:30===> API : /api/auth/login ===> Message : loginUser() :: Request Object :: [object Object]
info: ===> TimeStamp : 2025-10-16 00:08:30===> API : /api/auth/login ===> Message : loginUserDB() Invoked !
info: ===> TimeStamp : 2025-10-16 00:08:30===> API : /api/auth/login ===> Message : loginUserResponse() invoked!
info: ===> TimeStamp : 2025-10-16 00:08:30===> API : /api/auth/login ===> Message : loginUserResponse() completed
info: ===> TimeStamp : 2025-10-16 00:15:45===> API : null ===> Message : validateRequest() invoked
info: ===> TimeStamp : 2025-10-16 00:15:45===> API : null ===> Message : fetchDBSettings()
info: ===> TimeStamp : 2025-10-16 00:15:45===> API : null ===> Message : validateRequest() Invoked!
info: ===> TimeStamp : 2025-10-16 00:15:45===> API : null ===> Message : validRequest() :: Api validated Successfully
info: ===> TimeStamp : 2025-10-16 00:15:45===> API : /api/auth/validateuser ===> Message : validateUser() invoked!!
info: ===> TimeStamp : 2025-10-16 00:15:45===> API : /api/auth/validateuser ===> Message : validateUser() :: Request Object :: [object Object]
info: ===> TimeStamp : 2025-10-16 00:15:45===> API : /api/auth/validateuser ===> Message : validateUserDB() Invoked !
info: ===> TimeStamp : 2025-10-16 00:15:45===> API : /api/auth/validateuser ===> Message : validateUserResponse() invoked!
info: ===> TimeStamp : 2025-10-16 00:15:45===> API : /api/auth/validateuser ===> Message : validateUserResponse() completed
info: ===> TimeStamp : 2025-10-16 00:15:46===> API : null ===> Message : validateRequest() invoked
info: ===> TimeStamp : 2025-10-16 00:15:46===> API : null ===> Message : fetchDBSettings()
info: ===> TimeStamp : 2025-10-16 00:15:46===> API : null ===> Message : validateRequest() Invoked!
info: ===> TimeStamp : 2025-10-16 00:15:46===> API : null ===> Message : validRequest() :: Api validated Successfully
info: ===> TimeStamp : 2025-10-16 00:15:46===> API : /api/auth/login ===> Message : loginUser() invoked!!
info: ===> TimeStamp : 2025-10-16 00:15:46===> API : /api/auth/login ===> Message : loginUser() :: Request Object :: [object Object]
info: ===> TimeStamp : 2025-10-16 00:15:46===> API : /api/auth/login ===> Message : loginUserDB() Invoked !
info: ===> TimeStamp : 2025-10-16 00:15:46===> API : /api/auth/login ===> Message : loginUserResponse() invoked!
info: ===> TimeStamp : 2025-10-16 00:15:46===> API : /api/auth/login ===> Message : loginUserResponse() completed
info: ===> TimeStamp : 2025-10-16 00:21:39===> API : null ===> Message : validateRequest() invoked
info: ===> TimeStamp : 2025-10-16 00:21:39===> API : null ===> Message : fetchDBSettings()
info: ===> TimeStamp : 2025-10-16 00:21:39===> API : null ===> Message : validateRequest() Invoked!
info: ===> TimeStamp : 2025-10-16 00:21:39===> API : null ===> Message : validRequest() :: Api validated Successfully
info: ===> TimeStamp : 2025-10-16 00:21:39===> API : /api/auth/validateuser ===> Message : validateUser() invoked!!
info: ===> TimeStamp : 2025-10-16 00:21:39===> API : /api/auth/validateuser ===> Message : validateUser() :: Request Object :: [object Object]
info: ===> TimeStamp : 2025-10-16 00:21:39===> API : /api/auth/validateuser ===> Message : validateUserDB() Invoked !
info: ===> TimeStamp : 2025-10-16 00:21:39===> API : /api/auth/validateuser ===> Message : validateUserResponse() invoked!
info: ===> TimeStamp : 2025-10-16 00:21:39===> API : /api/auth/validateuser ===> Message : validateUserResponse() completed
info: ===> TimeStamp : 2025-10-16 00:21:39===> API : null ===> Message : validateRequest() invoked
info: ===> TimeStamp : 2025-10-16 00:21:39===> API : null ===> Message : fetchDBSettings()
info: ===> TimeStamp : 2025-10-16 00:21:39===> API : null ===> Message : validateRequest() Invoked!
info: ===> TimeStamp : 2025-10-16 00:21:39===> API : null ===> Message : validRequest() :: Api validated Successfully
info: ===> TimeStamp : 2025-10-16 00:21:39===> API : /api/auth/login ===> Message : loginUser() invoked!!
info: ===> TimeStamp : 2025-10-16 00:21:39===> API : /api/auth/login ===> Message : loginUser() :: Request Object :: [object Object]
info: ===> TimeStamp : 2025-10-16 00:21:39===> API : /api/auth/login ===> Message : loginUserDB() Invoked !
info: ===> TimeStamp : 2025-10-16 00:21:39===> API : /api/auth/login ===> Message : loginUserResponse() invoked!
info: ===> TimeStamp : 2025-10-16 00:21:39===> API : /api/auth/login ===> Message : loginUserResponse() completed
info: ===> TimeStamp : 2025-10-16 00:45:08===> API : null ===> Message : validateRequest() invoked
info: ===> TimeStamp : 2025-10-16 00:45:08===> API : null ===> Message : fetchDBSettings()
info: ===> TimeStamp : 2025-10-16 00:45:08===> API : null ===> Message : validateRequest() Invoked!
info: ===> TimeStamp : 2025-10-16 00:45:08===> API : null ===> Message : validRequest() :: Api validated Successfully
info: ===> TimeStamp : 2025-10-16 00:45:08===> API : /api/auth/validateuser ===> Message : validateUser() invoked!!
info: ===> TimeStamp : 2025-10-16 00:45:08===> API : /api/auth/validateuser ===> Message : validateUser() :: Request Object :: [object Object]
info: ===> TimeStamp : 2025-10-16 00:45:08===> API : /api/auth/validateuser ===> Message : validateUserDB() Invoked !
info: ===> TimeStamp : 2025-10-16 00:45:08===> API : /api/auth/validateuser ===> Message : validateUserResponse() invoked!
info: ===> TimeStamp : 2025-10-16 00:45:08===> API : /api/auth/validateuser ===> Message : validateUserResponse() completed
info: ===> TimeStamp : 2025-10-16 00:45:08===> API : null ===> Message : validateRequest() invoked
info: ===> TimeStamp : 2025-10-16 00:45:08===> API : null ===> Message : fetchDBSettings()
info: ===> TimeStamp : 2025-10-16 00:45:08===> API : null ===> Message : validateRequest() Invoked!
info: ===> TimeStamp : 2025-10-16 00:45:08===> API : null ===> Message : validRequest() :: Api validated Successfully
info: ===> TimeStamp : 2025-10-16 00:45:08===> API : /api/auth/login ===> Message : loginUser() invoked!!
info: ===> TimeStamp : 2025-10-16 00:45:08===> API : /api/auth/login ===> Message : loginUser() :: Request Object :: [object Object]
info: ===> TimeStamp : 2025-10-16 00:45:08===> API : /api/auth/login ===> Message : loginUserDB() Invoked !
info: ===> TimeStamp : 2025-10-16 00:45:08===> API : /api/auth/login ===> Message : loginUserResponse() invoked!
info: ===> TimeStamp : 2025-10-16 00:45:08===> API : /api/auth/login ===> Message : loginUserResponse() completed
info: ===> TimeStamp : 2025-10-16 03:15:19===> API : null ===> Message : fetchDBSettings()
info: ===> TimeStamp : 2025-10-16 03:15:19===> API : null ===> Message : validateRequest() invoked
info: ===> TimeStamp : 2025-10-16 03:15:19===> API : null ===> Message : validateRequest() Invoked!
info: ===> TimeStamp : 2025-10-16 03:15:19===> API : null ===> Message : validRequest() :: Api validated Successfully
info: ===> TimeStamp : 2025-10-16 03:15:19===> API : /api/auth/logout ===> Message : logoutUser() invoked!!
info: ===> TimeStamp : 2025-10-16 03:15:19===> API : /api/auth/logout ===> Message : logoutUser() :: Request Object :: [object Object]
info: ===> TimeStamp : 2025-10-16 03:15:19===> API : /api/auth/logout ===> Message : logoutUserDB() Invoked !
info: ===> TimeStamp : 2025-10-16 03:15:19===> API : /api/auth/logout ===> Message : logoutUserResponse() invoked!
info: ===> TimeStamp : 2025-10-16 03:15:19===> API : /api/auth/logout ===> Message : logoutUserResponse() completed
info: ===> TimeStamp : 2025-10-16 03:15:29===> API : null ===> Message : validateRequest() invoked
info: ===> TimeStamp : 2025-10-16 03:15:29===> API : null ===> Message : fetchDBSettings()
info: ===> TimeStamp : 2025-10-16 03:15:29===> API : null ===> Message : validateRequest() Invoked!
info: ===> TimeStamp : 2025-10-16 03:15:29===> API : null ===> Message : validRequest() :: Api validated Successfully
info: ===> TimeStamp : 2025-10-16 03:15:29===> API : /api/auth/validateuser ===> Message : validateUser() :: Request Object :: [object Object]
info: ===> TimeStamp : 2025-10-16 03:15:29===> API : /api/auth/validateuser ===> Message : validateUser() invoked!!
info: ===> TimeStamp : 2025-10-16 03:15:29===> API : /api/auth/validateuser ===> Message : validateUserDB() Invoked !
info: ===> TimeStamp : 2025-10-16 03:15:29===> API : /api/auth/validateuser ===> Message : validateUserResponse() invoked!
info: ===> TimeStamp : 2025-10-16 03:15:29===> API : /api/auth/validateuser ===> Message : validateUserResponse() completed
info: ===> TimeStamp : 2025-10-16 03:15:29===> API : null ===> Message : validateRequest() invoked
info: ===> TimeStamp : 2025-10-16 03:15:29===> API : null ===> Message : fetchDBSettings()
info: ===> TimeStamp : 2025-10-16 03:15:29===> API : null ===> Message : validateRequest() Invoked!
info: ===> TimeStamp : 2025-10-16 03:15:29===> API : null ===> Message : validRequest() :: Api validated Successfully
info: ===> TimeStamp : 2025-10-16 03:15:30===> API : /api/auth/checkIP ===> Message : checkIP() invoked!!
info: ===> TimeStamp : 2025-10-16 03:15:30===> API : /api/auth/checkIP ===> Message : IPs match: 103.255.182.117
info: ===> TimeStamp : 2025-10-16 03:15:30===> API : /api/auth/checkIP ===> Message : checkIPResponse() invoked!
info: ===> TimeStamp : 2025-10-16 03:15:30===> API : /api/auth/checkIP ===> Message : checkIPResponse() completed
info: ===> TimeStamp : 2025-10-16 03:15:30===> API : null ===> Message : validateRequest() invoked
info: ===> TimeStamp : 2025-10-16 03:15:30===> API : null ===> Message : fetchDBSettings()
info: ===> TimeStamp : 2025-10-16 03:15:30===> API : null ===> Message : validateRequest() Invoked!
info: ===> TimeStamp : 2025-10-16 03:15:30===> API : null ===> Message : validRequest() :: Api validated Successfully
info: ===> TimeStamp : 2025-10-16 03:15:30===> API : /api/auth/login ===> Message : loginUser() invoked!!
info: ===> TimeStamp : 2025-10-16 03:15:30===> API : /api/auth/login ===> Message : loginUser() :: Request Object :: [object Object]
info: ===> TimeStamp : 2025-10-16 03:15:30===> API : /api/auth/login ===> Message : loginUserDB() Invoked !
info: ===> TimeStamp : 2025-10-16 03:15:30===> API : /api/auth/login ===> Message : loginUserResponse() invoked!
info: ===> TimeStamp : 2025-10-16 03:15:30===> API : /api/auth/login ===> Message : loginUserResponse() completed
info: ===> TimeStamp : 2025-10-16 03:16:31===> API : null ===> Message : validateRequest() invoked
info: ===> TimeStamp : 2025-10-16 03:16:31===> API : null ===> Message : validateRequest() Error:: Invalid Request :: 
      {"apiUri":"/"}
