info: ===> TimeStamp : 2025-01-21 06:47:23===> API : null ===> Message : validateRequest() invoked
info: ===> TimeStamp : 2025-01-21 06:47:23===> API : null ===> Message : fetchDBSettings()
info: ===> TimeStamp : 2025-01-21 06:47:23===> API : null ===> Message : validateRequest() Invoked!
info: ===> TimeStamp : 2025-01-21 06:47:23===> API : null ===> Message : validRequest() :: Api validated Successfully
info: ===> TimeStamp : 2025-01-21 06:47:23===> API : /api/auth/logout ===> Message : logoutUser() invoked!!
info: ===> TimeStamp : 2025-01-21 06:47:23===> API : /api/auth/logout ===> Message : logoutUser() :: Request Object :: [object Object]
info: ===> TimeStamp : 2025-01-21 06:47:23===> API : /api/auth/logout ===> Message : logoutUserDB() Invoked !
info: ===> TimeStamp : 2025-01-21 06:47:23===> API : /api/auth/logout ===> Message : logoutUserResponse() invoked!
info: ===> TimeStamp : 2025-01-21 06:47:23===> API : /api/auth/logout ===> Message : logoutUserResponse() completed
info: ===> TimeStamp : 2025-01-21 06:47:32===> API : null ===> Message : validateRequest() invoked
info: ===> TimeStamp : 2025-01-21 06:47:32===> API : null ===> Message : fetchDBSettings()
info: ===> TimeStamp : 2025-01-21 06:47:32===> API : null ===> Message : validateRequest() Invoked!
info: ===> TimeStamp : 2025-01-21 06:47:32===> API : null ===> Message : validRequest() :: Api validated Successfully
info: ===> TimeStamp : 2025-01-21 06:47:32===> API : /api/auth/logout ===> Message : logoutUser() :: Request Object :: [object Object]
info: ===> TimeStamp : 2025-01-21 06:47:32===> API : /api/auth/logout ===> Message : logoutUser() invoked!!
info: ===> TimeStamp : 2025-01-21 06:47:32===> API : /api/auth/logout ===> Message : logoutUserDB() Invoked !
info: ===> TimeStamp : 2025-01-21 06:47:32===> API : /api/auth/logout ===> Message : logoutUserResponse() invoked!
info: ===> TimeStamp : 2025-01-21 06:47:32===> API : /api/auth/logout ===> Message : logoutUserResponse() completed
info: ===> TimeStamp : 2025-01-21 06:55:39===> API : null ===> Message : validateRequest() invoked
info: ===> TimeStamp : 2025-01-21 06:55:39===> API : null ===> Message : fetchDBSettings()
info: ===> TimeStamp : 2025-01-21 06:55:39===> API : null ===> Message : validateRequest() Invoked!
info: ===> TimeStamp : 2025-01-21 06:55:39===> API : null ===> Message : validRequest() :: Api validated Successfully
info: ===> TimeStamp : 2025-01-21 06:55:39===> API : /api/auth/validateuser ===> Message : validateUser() invoked!!
info: ===> TimeStamp : 2025-01-21 06:55:39===> API : /api/auth/validateuser ===> Message : validateUser() :: Request Object :: [object Object]
info: ===> TimeStamp : 2025-01-21 06:55:39===> API : /api/auth/validateuser ===> Message : validateUserDB() Invoked !
info: ===> TimeStamp : 2025-01-21 06:55:39===> API : /api/auth/validateuser ===> Message : validateUserResponse() invoked!
info: ===> TimeStamp : 2025-01-21 06:55:39===> API : /api/auth/validateuser ===> Message : validateUserResponse() completed
info: ===> TimeStamp : 2025-01-21 06:55:39===> API : null ===> Message : validateRequest() invoked
info: ===> TimeStamp : 2025-01-21 06:55:39===> API : null ===> Message : fetchDBSettings()
info: ===> TimeStamp : 2025-01-21 06:55:39===> API : null ===> Message : validateRequest() Invoked!
info: ===> TimeStamp : 2025-01-21 06:55:39===> API : null ===> Message : validRequest() :: Api validated Successfully
info: ===> TimeStamp : 2025-01-21 06:55:39===> API : /api/auth/checkIP ===> Message : checkIP() invoked!!
info: ===> TimeStamp : 2025-01-21 06:55:39===> API : /api/auth/checkIP ===> Message : IPs match: 103.255.182.117
info: ===> TimeStamp : 2025-01-21 06:55:39===> API : /api/auth/checkIP ===> Message : checkIPResponse() invoked!
info: ===> TimeStamp : 2025-01-21 06:55:39===> API : /api/auth/checkIP ===> Message : checkIPResponse() completed
info: ===> TimeStamp : 2025-01-21 06:55:39===> API : null ===> Message : validateRequest() invoked
info: ===> TimeStamp : 2025-01-21 06:55:39===> API : null ===> Message : fetchDBSettings()
info: ===> TimeStamp : 2025-01-21 06:55:39===> API : null ===> Message : validateRequest() Invoked!
info: ===> TimeStamp : 2025-01-21 06:55:39===> API : null ===> Message : validRequest() :: Api validated Successfully
info: ===> TimeStamp : 2025-01-21 06:55:39===> API : /api/auth/login ===> Message : loginUser() invoked!!
info: ===> TimeStamp : 2025-01-21 06:55:39===> API : /api/auth/login ===> Message : loginUser() :: Request Object :: [object Object]
info: ===> TimeStamp : 2025-01-21 06:55:39===> API : /api/auth/login ===> Message : loginUserDB() Invoked !
info: ===> TimeStamp : 2025-01-21 06:55:39===> API : /api/auth/login ===> Message : loginUserResponse() invoked!
info: ===> TimeStamp : 2025-01-21 06:55:39===> API : /api/auth/login ===> Message : loginUserResponse() completed
info: ===> TimeStamp : 2025-01-21 06:55:53===> API : null ===> Message : validateRequest() invoked
info: ===> TimeStamp : 2025-01-21 06:55:53===> API : null ===> Message : fetchDBSettings()
info: ===> TimeStamp : 2025-01-21 06:55:53===> API : null ===> Message : validateRequest() Invoked!
info: ===> TimeStamp : 2025-01-21 06:55:53===> API : null ===> Message : validRequest() :: Api validated Successfully
info: ===> TimeStamp : 2025-01-21 06:55:53===> API : /api/auth/validateuser ===> Message : validateUser() invoked!!
info: ===> TimeStamp : 2025-01-21 06:55:53===> API : /api/auth/validateuser ===> Message : validateUser() :: Request Object :: [object Object]
info: ===> TimeStamp : 2025-01-21 06:55:53===> API : /api/auth/validateuser ===> Message : validateUserDB() Invoked !
info: ===> TimeStamp : 2025-01-21 06:55:53===> API : /api/auth/validateuser ===> Message : validateUserResponse() invoked!
info: ===> TimeStamp : 2025-01-21 06:55:53===> API : /api/auth/validateuser ===> Message : validateUserResponse() completed
info: ===> TimeStamp : 2025-01-21 06:55:53===> API : null ===> Message : validateRequest() invoked
info: ===> TimeStamp : 2025-01-21 06:55:53===> API : null ===> Message : fetchDBSettings()
info: ===> TimeStamp : 2025-01-21 06:55:53===> API : null ===> Message : validateRequest() Invoked!
info: ===> TimeStamp : 2025-01-21 06:55:53===> API : null ===> Message : validRequest() :: Api validated Successfully
info: ===> TimeStamp : 2025-01-21 06:55:53===> API : /api/auth/checkIP ===> Message : checkIP() invoked!!
info: ===> TimeStamp : 2025-01-21 06:55:53===> API : /api/auth/checkIP ===> Message : IPs match: 103.255.182.117
info: ===> TimeStamp : 2025-01-21 06:55:53===> API : /api/auth/checkIP ===> Message : checkIPResponse() invoked!
info: ===> TimeStamp : 2025-01-21 06:55:53===> API : /api/auth/checkIP ===> Message : checkIPResponse() completed
info: ===> TimeStamp : 2025-01-21 06:55:53===> API : null ===> Message : validateRequest() invoked
info: ===> TimeStamp : 2025-01-21 06:55:53===> API : null ===> Message : fetchDBSettings()
info: ===> TimeStamp : 2025-01-21 06:55:53===> API : null ===> Message : validateRequest() Invoked!
info: ===> TimeStamp : 2025-01-21 06:55:53===> API : null ===> Message : validRequest() :: Api validated Successfully
info: ===> TimeStamp : 2025-01-21 06:55:53===> API : /api/auth/login ===> Message : loginUser() invoked!!
info: ===> TimeStamp : 2025-01-21 06:55:53===> API : /api/auth/login ===> Message : loginUser() :: Request Object :: [object Object]
info: ===> TimeStamp : 2025-01-21 06:55:53===> API : /api/auth/login ===> Message : loginUserDB() Invoked !
info: ===> TimeStamp : 2025-01-21 06:55:54===> API : /api/auth/login ===> Message : loginUserResponse() invoked!
info: ===> TimeStamp : 2025-01-21 06:55:54===> API : /api/auth/login ===> Message : loginUserResponse() completed
info: ===> TimeStamp : 2025-01-21 07:23:51===> API : null ===> Message : validateRequest() invoked
info: ===> TimeStamp : 2025-01-21 07:23:51===> API : null ===> Message : validateRequest() Error:: Invalid Request :: 
      {"apiUri":"/"}
info: ===> TimeStamp : 2025-01-21 10:40:07===> API : null ===> Message : validateRequest() invoked
info: ===> TimeStamp : 2025-01-21 10:40:07===> API : null ===> Message : fetchDBSettings()
info: ===> TimeStamp : 2025-01-21 10:40:07===> API : null ===> Message : validateRequest() Invoked!
info: ===> TimeStamp : 2025-01-21 10:40:07===> API : null ===> Message : validRequest() :: Api validated Successfully
info: ===> TimeStamp : 2025-01-21 10:40:07===> API : /api/auth/validateuser ===> Message : validateUser() invoked!!
info: ===> TimeStamp : 2025-01-21 10:40:07===> API : /api/auth/validateuser ===> Message : validateUser() :: Request Object :: [object Object]
info: ===> TimeStamp : 2025-01-21 10:40:07===> API : /api/auth/validateuser ===> Message : validateUserDB() Invoked !
info: ===> TimeStamp : 2025-01-21 10:40:07===> API : /api/auth/validateuser ===> Message : validateUserResponse() invoked!
info: ===> TimeStamp : 2025-01-21 10:40:07===> API : /api/auth/validateuser ===> Message : validateUserResponse() completed
info: ===> TimeStamp : 2025-01-21 10:40:07===> API : null ===> Message : validateRequest() invoked
info: ===> TimeStamp : 2025-01-21 10:40:07===> API : null ===> Message : fetchDBSettings()
info: ===> TimeStamp : 2025-01-21 10:40:07===> API : null ===> Message : validateRequest() Invoked!
info: ===> TimeStamp : 2025-01-21 10:40:07===> API : null ===> Message : validRequest() :: Api validated Successfully
info: ===> TimeStamp : 2025-01-21 10:40:07===> API : /api/auth/login ===> Message : loginUser() invoked!!
info: ===> TimeStamp : 2025-01-21 10:40:07===> API : /api/auth/login ===> Message : loginUser() :: Request Object :: [object Object]
info: ===> TimeStamp : 2025-01-21 10:40:07===> API : /api/auth/login ===> Message : loginUserDB() Invoked !
info: ===> TimeStamp : 2025-01-21 10:40:07===> API : /api/auth/login ===> Message : loginUserResponse() invoked!
info: ===> TimeStamp : 2025-01-21 10:40:07===> API : /api/auth/login ===> Message : loginUserResponse() completed
info: ===> TimeStamp : 2025-01-21 11:24:06===> API : null ===> Message : validateRequest() invoked
info: ===> TimeStamp : 2025-01-21 11:24:06===> API : null ===> Message : fetchDBSettings()
info: ===> TimeStamp : 2025-01-21 11:24:06===> API : null ===> Message : validateRequest() Invoked!
info: ===> TimeStamp : 2025-01-21 11:24:06===> API : null ===> Message : validRequest() :: Api validated Successfully
info: ===> TimeStamp : 2025-01-21 11:24:06===> API : /api/auth/validateuser ===> Message : validateUser() invoked!!
info: ===> TimeStamp : 2025-01-21 11:24:06===> API : /api/auth/validateuser ===> Message : validateUser() :: Request Object :: [object Object]
info: ===> TimeStamp : 2025-01-21 11:24:06===> API : /api/auth/validateuser ===> Message : validateUserDB() Invoked !
info: ===> TimeStamp : 2025-01-21 11:24:07===> API : /api/auth/validateuser ===> Message : validateUserResponse() invoked!
info: ===> TimeStamp : 2025-01-21 11:24:07===> API : /api/auth/validateuser ===> Message : validateUserResponse() completed
info: ===> TimeStamp : 2025-01-21 11:24:07===> API : null ===> Message : validateRequest() invoked
info: ===> TimeStamp : 2025-01-21 11:24:07===> API : null ===> Message : fetchDBSettings()
info: ===> TimeStamp : 2025-01-21 11:24:07===> API : null ===> Message : validateRequest() Invoked!
info: ===> TimeStamp : 2025-01-21 11:24:07===> API : null ===> Message : validRequest() :: Api validated Successfully
info: ===> TimeStamp : 2025-01-21 11:24:07===> API : /api/auth/login ===> Message : loginUser() invoked!!
info: ===> TimeStamp : 2025-01-21 11:24:07===> API : /api/auth/login ===> Message : loginUser() :: Request Object :: [object Object]
info: ===> TimeStamp : 2025-01-21 11:24:07===> API : /api/auth/login ===> Message : loginUserDB() Invoked !
info: ===> TimeStamp : 2025-01-21 11:24:07===> API : /api/auth/login ===> Message : loginUserResponse() invoked!
info: ===> TimeStamp : 2025-01-21 11:24:07===> API : /api/auth/login ===> Message : loginUserResponse() completed
info: ===> TimeStamp : 2025-01-21 11:33:47===> API : null ===> Message : validateRequest() invoked
info: ===> TimeStamp : 2025-01-21 11:33:47===> API : null ===> Message : validateRequest() Error:: Invalid Request :: 
      {"apiUri":"/"}
info: ===> TimeStamp : 2025-01-21 11:33:50===> API : null ===> Message : validateRequest() invoked
info: ===> TimeStamp : 2025-01-21 11:33:50===> API : null ===> Message : validateRequest() Error:: Invalid Request :: 
      {"apiUri":"/favicon.ico"}
info: ===> TimeStamp : 2025-01-21 12:08:22===> API : null ===> Message : validateRequest() invoked
info: ===> TimeStamp : 2025-01-21 12:08:22===> API : null ===> Message : fetchDBSettings()
info: ===> TimeStamp : 2025-01-21 12:08:22===> API : null ===> Message : validateRequest() Invoked!
info: ===> TimeStamp : 2025-01-21 12:08:22===> API : null ===> Message : validRequest() :: Api validated Successfully
info: ===> TimeStamp : 2025-01-21 12:08:22===> API : /api/auth/validateuser ===> Message : validateUser() invoked!!
info: ===> TimeStamp : 2025-01-21 12:08:22===> API : /api/auth/validateuser ===> Message : validateUser() :: Request Object :: [object Object]
info: ===> TimeStamp : 2025-01-21 12:08:22===> API : /api/auth/validateuser ===> Message : validateUserDB() Invoked !
info: ===> TimeStamp : 2025-01-21 12:08:22===> API : /api/auth/validateuser ===> Message : validateUserResponse() invoked!
info: ===> TimeStamp : 2025-01-21 12:08:22===> API : /api/auth/validateuser ===> Message : validateUserResponse() completed
info: ===> TimeStamp : 2025-01-21 12:08:22===> API : null ===> Message : validateRequest() invoked
info: ===> TimeStamp : 2025-01-21 12:08:22===> API : null ===> Message : fetchDBSettings()
info: ===> TimeStamp : 2025-01-21 12:08:22===> API : null ===> Message : validateRequest() Invoked!
info: ===> TimeStamp : 2025-01-21 12:08:22===> API : null ===> Message : validRequest() :: Api validated Successfully
info: ===> TimeStamp : 2025-01-21 12:08:22===> API : /api/auth/login ===> Message : loginUser() invoked!!
info: ===> TimeStamp : 2025-01-21 12:08:22===> API : /api/auth/login ===> Message : loginUser() :: Request Object :: [object Object]
info: ===> TimeStamp : 2025-01-21 12:08:22===> API : /api/auth/login ===> Message : loginUserDB() Invoked !
info: ===> TimeStamp : 2025-01-21 12:08:22===> API : /api/auth/login ===> Message : loginUserResponse() invoked!
info: ===> TimeStamp : 2025-01-21 12:08:22===> API : /api/auth/login ===> Message : loginUserResponse() completed
info: ===> TimeStamp : 2025-01-21 12:10:42===> API : null ===> Message : validateRequest() invoked
info: ===> TimeStamp : 2025-01-21 12:10:42===> API : null ===> Message : fetchDBSettings()
info: ===> TimeStamp : 2025-01-21 12:10:42===> API : null ===> Message : validateRequest() Invoked!
info: ===> TimeStamp : 2025-01-21 12:10:42===> API : null ===> Message : validRequest() :: Api validated Successfully
info: ===> TimeStamp : 2025-01-21 12:10:42===> API : /api/auth/logout ===> Message : logoutUser() invoked!!
info: ===> TimeStamp : 2025-01-21 12:10:42===> API : /api/auth/logout ===> Message : logoutUser() :: Request Object :: [object Object]
info: ===> TimeStamp : 2025-01-21 12:10:42===> API : /api/auth/logout ===> Message : logoutUserDB() Invoked !
info: ===> TimeStamp : 2025-01-21 12:10:42===> API : /api/auth/logout ===> Message : logoutUserResponse() invoked!
info: ===> TimeStamp : 2025-01-21 12:10:42===> API : /api/auth/logout ===> Message : logoutUserResponse() completed
info: ===> TimeStamp : 2025-01-21 12:10:59===> API : null ===> Message : validateRequest() invoked
info: ===> TimeStamp : 2025-01-21 12:10:59===> API : null ===> Message : fetchDBSettings()
info: ===> TimeStamp : 2025-01-21 12:10:59===> API : null ===> Message : validateRequest() Invoked!
info: ===> TimeStamp : 2025-01-21 12:10:59===> API : null ===> Message : validRequest() :: Api validated Successfully
info: ===> TimeStamp : 2025-01-21 12:10:59===> API : /api/auth/validateuser ===> Message : validateUser() invoked!!
info: ===> TimeStamp : 2025-01-21 12:10:59===> API : /api/auth/validateuser ===> Message : validateUser() :: Request Object :: [object Object]
info: ===> TimeStamp : 2025-01-21 12:10:59===> API : /api/auth/validateuser ===> Message : validateUserDB() Invoked !
info: ===> TimeStamp : 2025-01-21 12:10:59===> API : /api/auth/validateuser ===> Message : validateUserResponse() invoked!
info: ===> TimeStamp : 2025-01-21 12:10:59===> API : /api/auth/validateuser ===> Message : validateUserResponse() completed
info: ===> TimeStamp : 2025-01-21 12:10:59===> API : null ===> Message : validateRequest() invoked
info: ===> TimeStamp : 2025-01-21 12:10:59===> API : null ===> Message : fetchDBSettings()
info: ===> TimeStamp : 2025-01-21 12:10:59===> API : null ===> Message : validateRequest() Invoked!
info: ===> TimeStamp : 2025-01-21 12:10:59===> API : null ===> Message : validRequest() :: Api validated Successfully
info: ===> TimeStamp : 2025-01-21 12:10:59===> API : /api/auth/login ===> Message : loginUser() invoked!!
info: ===> TimeStamp : 2025-01-21 12:10:59===> API : /api/auth/login ===> Message : loginUser() :: Request Object :: [object Object]
info: ===> TimeStamp : 2025-01-21 12:10:59===> API : /api/auth/login ===> Message : loginUserDB() Invoked !
info: ===> TimeStamp : 2025-01-21 12:10:59===> API : /api/auth/login ===> Message : loginUserResponse() invoked!
info: ===> TimeStamp : 2025-01-21 12:10:59===> API : /api/auth/login ===> Message : loginUserResponse() completed
info: ===> TimeStamp : 2025-01-21 12:58:12===> API : null ===> Message : validateRequest() invoked
info: ===> TimeStamp : 2025-01-21 12:58:12===> API : null ===> Message : fetchDBSettings()
info: ===> TimeStamp : 2025-01-21 12:58:12===> API : null ===> Message : validateRequest() Invoked!
info: ===> TimeStamp : 2025-01-21 12:58:12===> API : null ===> Message : validRequest() :: Api validated Successfully
info: ===> TimeStamp : 2025-01-21 12:58:12===> API : /api/auth/logout ===> Message : logoutUser() :: Request Object :: [object Object]
info: ===> TimeStamp : 2025-01-21 12:58:12===> API : /api/auth/logout ===> Message : logoutUser() invoked!!
info: ===> TimeStamp : 2025-01-21 12:58:12===> API : /api/auth/logout ===> Message : logoutUserDB() Invoked !
info: ===> TimeStamp : 2025-01-21 12:58:12===> API : /api/auth/logout ===> Message : logoutUserResponse() invoked!
info: ===> TimeStamp : 2025-01-21 12:58:12===> API : /api/auth/logout ===> Message : logoutUserResponse() completed
info: ===> TimeStamp : 2025-01-21 12:58:19===> API : null ===> Message : validateRequest() invoked
info: ===> TimeStamp : 2025-01-21 12:58:19===> API : null ===> Message : fetchDBSettings()
info: ===> TimeStamp : 2025-01-21 12:58:19===> API : null ===> Message : validateRequest() Invoked!
info: ===> TimeStamp : 2025-01-21 12:58:19===> API : null ===> Message : validRequest() :: Api validated Successfully
info: ===> TimeStamp : 2025-01-21 12:58:19===> API : /api/auth/validateuser ===> Message : validateUser() :: Request Object :: [object Object]
info: ===> TimeStamp : 2025-01-21 12:58:19===> API : /api/auth/validateuser ===> Message : validateUser() invoked!!
info: ===> TimeStamp : 2025-01-21 12:58:19===> API : /api/auth/validateuser ===> Message : validateUserDB() Invoked !
info: ===> TimeStamp : 2025-01-21 12:58:19===> API : /api/auth/validateuser ===> Message : validateUserResponse() invoked!
info: ===> TimeStamp : 2025-01-21 12:58:19===> API : /api/auth/validateuser ===> Message : validateUserResponse() completed
info: ===> TimeStamp : 2025-01-21 12:58:19===> API : null ===> Message : validateRequest() invoked
info: ===> TimeStamp : 2025-01-21 12:58:19===> API : null ===> Message : fetchDBSettings()
info: ===> TimeStamp : 2025-01-21 12:58:19===> API : null ===> Message : validateRequest() Invoked!
info: ===> TimeStamp : 2025-01-21 12:58:19===> API : /api/auth/login ===> Message : loginUser() invoked!!
info: ===> TimeStamp : 2025-01-21 12:58:19===> API : null ===> Message : validRequest() :: Api validated Successfully
info: ===> TimeStamp : 2025-01-21 12:58:19===> API : /api/auth/login ===> Message : loginUser() :: Request Object :: [object Object]
info: ===> TimeStamp : 2025-01-21 12:58:19===> API : /api/auth/login ===> Message : loginUserDB() Invoked !
info: ===> TimeStamp : 2025-01-21 12:58:19===> API : /api/auth/login ===> Message : loginUserResponse() invoked!
info: ===> TimeStamp : 2025-01-21 12:58:19===> API : /api/auth/login ===> Message : loginUserResponse() completed
info: ===> TimeStamp : 2025-01-21 13:13:32===> API : null ===> Message : validateRequest() invoked
info: ===> TimeStamp : 2025-01-21 13:13:32===> API : null ===> Message : fetchDBSettings()
info: ===> TimeStamp : 2025-01-21 13:13:32===> API : null ===> Message : validateRequest() Invoked!
info: ===> TimeStamp : 2025-01-21 13:13:32===> API : null ===> Message : validRequest() :: Api validated Successfully
info: ===> TimeStamp : 2025-01-21 13:13:32===> API : /api/auth/logout ===> Message : logoutUser() invoked!!
info: ===> TimeStamp : 2025-01-21 13:13:32===> API : /api/auth/logout ===> Message : logoutUser() :: Request Object :: [object Object]
info: ===> TimeStamp : 2025-01-21 13:13:32===> API : /api/auth/logout ===> Message : logoutUserDB() Invoked !
info: ===> TimeStamp : 2025-01-21 13:13:32===> API : /api/auth/logout ===> Message : logoutUserResponse() invoked!
info: ===> TimeStamp : 2025-01-21 13:13:32===> API : /api/auth/logout ===> Message : logoutUserResponse() completed
info: ===> TimeStamp : 2025-01-21 13:13:37===> API : null ===> Message : validateRequest() invoked
info: ===> TimeStamp : 2025-01-21 13:13:37===> API : null ===> Message : fetchDBSettings()
info: ===> TimeStamp : 2025-01-21 13:13:37===> API : null ===> Message : validateRequest() Invoked!
info: ===> TimeStamp : 2025-01-21 13:13:37===> API : null ===> Message : validRequest() :: Api validated Successfully
info: ===> TimeStamp : 2025-01-21 13:13:37===> API : /api/auth/validateuser ===> Message : validateUser() invoked!!
info: ===> TimeStamp : 2025-01-21 13:13:37===> API : /api/auth/validateuser ===> Message : validateUser() :: Request Object :: [object Object]
info: ===> TimeStamp : 2025-01-21 13:13:37===> API : /api/auth/validateuser ===> Message : validateUserDB() Invoked !
info: ===> TimeStamp : 2025-01-21 13:13:38===> API : /api/auth/validateuser ===> Message : validateUserResponse() completed
info: ===> TimeStamp : 2025-01-21 13:13:38===> API : /api/auth/validateuser ===> Message : validateUserResponse() invoked!
info: ===> TimeStamp : 2025-01-21 13:13:38===> API : null ===> Message : validateRequest() invoked
info: ===> TimeStamp : 2025-01-21 13:13:38===> API : null ===> Message : fetchDBSettings()
info: ===> TimeStamp : 2025-01-21 13:13:38===> API : null ===> Message : validateRequest() Invoked!
info: ===> TimeStamp : 2025-01-21 13:13:38===> API : null ===> Message : validRequest() :: Api validated Successfully
info: ===> TimeStamp : 2025-01-21 13:13:38===> API : /api/auth/login ===> Message : loginUser() invoked!!
info: ===> TimeStamp : 2025-01-21 13:13:38===> API : /api/auth/login ===> Message : loginUser() :: Request Object :: [object Object]
info: ===> TimeStamp : 2025-01-21 13:13:38===> API : /api/auth/login ===> Message : loginUserDB() Invoked !
info: ===> TimeStamp : 2025-01-21 13:13:38===> API : /api/auth/login ===> Message : loginUserResponse() invoked!
info: ===> TimeStamp : 2025-01-21 13:13:38===> API : /api/auth/login ===> Message : loginUserResponse() completed
info: ===> TimeStamp : 2025-01-21 13:15:13===> API : null ===> Message : validateRequest() invoked
info: ===> TimeStamp : 2025-01-21 13:15:13===> API : null ===> Message : fetchDBSettings()
info: ===> TimeStamp : 2025-01-21 13:15:13===> API : null ===> Message : validateRequest() Invoked!
info: ===> TimeStamp : 2025-01-21 13:15:13===> API : null ===> Message : validRequest() :: Api validated Successfully
info: ===> TimeStamp : 2025-01-21 13:15:13===> API : /api/auth/logout ===> Message : logoutUser() invoked!!
info: ===> TimeStamp : 2025-01-21 13:15:13===> API : /api/auth/logout ===> Message : logoutUser() :: Request Object :: [object Object]
info: ===> TimeStamp : 2025-01-21 13:15:13===> API : /api/auth/logout ===> Message : logoutUserDB() Invoked !
info: ===> TimeStamp : 2025-01-21 13:15:13===> API : /api/auth/logout ===> Message : logoutUserResponse() invoked!
info: ===> TimeStamp : 2025-01-21 13:15:13===> API : /api/auth/logout ===> Message : logoutUserResponse() completed
info: ===> TimeStamp : 2025-01-21 13:18:56===> API : null ===> Message : validateRequest() invoked
info: ===> TimeStamp : 2025-01-21 13:18:56===> API : null ===> Message : fetchDBSettings()
info: ===> TimeStamp : 2025-01-21 13:18:56===> API : null ===> Message : validateRequest() Invoked!
info: ===> TimeStamp : 2025-01-21 13:18:56===> API : null ===> Message : validRequest() :: Api validated Successfully
info: ===> TimeStamp : 2025-01-21 13:18:56===> API : /api/auth/validateuser ===> Message : validateUser() invoked!!
info: ===> TimeStamp : 2025-01-21 13:18:56===> API : /api/auth/validateuser ===> Message : validateUser() :: Request Object :: [object Object]
info: ===> TimeStamp : 2025-01-21 13:18:56===> API : /api/auth/validateuser ===> Message : validateUserDB() Invoked !
info: ===> TimeStamp : 2025-01-21 13:18:56===> API : /api/auth/validateuser ===> Message : validateUserResponse() invoked!
info: ===> TimeStamp : 2025-01-21 13:18:56===> API : /api/auth/validateuser ===> Message : validateUserResponse() completed
info: ===> TimeStamp : 2025-01-21 13:18:56===> API : null ===> Message : validateRequest() invoked
info: ===> TimeStamp : 2025-01-21 13:18:56===> API : null ===> Message : fetchDBSettings()
info: ===> TimeStamp : 2025-01-21 13:18:56===> API : null ===> Message : validateRequest() Invoked!
info: ===> TimeStamp : 2025-01-21 13:18:56===> API : null ===> Message : validRequest() :: Api validated Successfully
info: ===> TimeStamp : 2025-01-21 13:18:56===> API : /api/auth/login ===> Message : loginUser() invoked!!
info: ===> TimeStamp : 2025-01-21 13:18:56===> API : /api/auth/login ===> Message : loginUser() :: Request Object :: [object Object]
info: ===> TimeStamp : 2025-01-21 13:18:56===> API : /api/auth/login ===> Message : loginUserDB() Invoked !
info: ===> TimeStamp : 2025-01-21 13:18:56===> API : /api/auth/login ===> Message : loginUserResponse() invoked!
info: ===> TimeStamp : 2025-01-21 13:18:56===> API : /api/auth/login ===> Message : loginUserResponse() completed
info: ===> TimeStamp : 2025-01-21 13:32:57===> API : null ===> Message : validateRequest() invoked
info: ===> TimeStamp : 2025-01-21 13:32:57===> API : null ===> Message : fetchDBSettings()
info: ===> TimeStamp : 2025-01-21 13:32:57===> API : null ===> Message : validateRequest() Invoked!
info: ===> TimeStamp : 2025-01-21 13:32:57===> API : null ===> Message : validRequest() :: Api validated Successfully
info: ===> TimeStamp : 2025-01-21 13:32:57===> API : /api/auth/validateuser ===> Message : validateUser() invoked!!
info: ===> TimeStamp : 2025-01-21 13:32:57===> API : /api/auth/validateuser ===> Message : validateUser() :: Request Object :: [object Object]
info: ===> TimeStamp : 2025-01-21 13:32:57===> API : /api/auth/validateuser ===> Message : validateUserDB() Invoked !
info: ===> TimeStamp : 2025-01-21 13:32:57===> API : /api/auth/validateuser ===> Message : validateUserResponse() invoked!
info: ===> TimeStamp : 2025-01-21 13:32:57===> API : /api/auth/validateuser ===> Message : validateUserResponse() completed
info: ===> TimeStamp : 2025-01-21 13:32:57===> API : null ===> Message : validateRequest() invoked
info: ===> TimeStamp : 2025-01-21 13:32:57===> API : null ===> Message : fetchDBSettings()
info: ===> TimeStamp : 2025-01-21 13:32:57===> API : null ===> Message : validateRequest() Invoked!
info: ===> TimeStamp : 2025-01-21 13:32:57===> API : null ===> Message : validRequest() :: Api validated Successfully
info: ===> TimeStamp : 2025-01-21 13:32:57===> API : /api/auth/login ===> Message : loginUser() invoked!!
info: ===> TimeStamp : 2025-01-21 13:32:57===> API : /api/auth/login ===> Message : loginUser() :: Request Object :: [object Object]
info: ===> TimeStamp : 2025-01-21 13:32:57===> API : /api/auth/login ===> Message : loginUserDB() Invoked !
info: ===> TimeStamp : 2025-01-21 13:32:57===> API : /api/auth/login ===> Message : loginUserResponse() invoked!
info: ===> TimeStamp : 2025-01-21 13:32:57===> API : /api/auth/login ===> Message : loginUserResponse() completed
info: ===> TimeStamp : 2025-01-21 13:34:29===> API : null ===> Message : validateRequest() invoked
info: ===> TimeStamp : 2025-01-21 13:34:29===> API : null ===> Message : fetchDBSettings()
info: ===> TimeStamp : 2025-01-21 13:34:29===> API : null ===> Message : validateRequest() Invoked!
info: ===> TimeStamp : 2025-01-21 13:34:29===> API : null ===> Message : validRequest() :: Api validated Successfully
info: ===> TimeStamp : 2025-01-21 13:34:29===> API : /api/auth/logout ===> Message : logoutUserDB() Invoked !
info: ===> TimeStamp : 2025-01-21 13:34:29===> API : /api/auth/logout ===> Message : logoutUser() :: Request Object :: [object Object]
info: ===> TimeStamp : 2025-01-21 13:34:29===> API : /api/auth/logout ===> Message : logoutUser() invoked!!
info: ===> TimeStamp : 2025-01-21 13:34:29===> API : /api/auth/logout ===> Message : logoutUserResponse() invoked!
info: ===> TimeStamp : 2025-01-21 13:34:29===> API : /api/auth/logout ===> Message : logoutUserResponse() completed
info: ===> TimeStamp : 2025-01-21 13:58:02===> API : null ===> Message : validateRequest() invoked
info: ===> TimeStamp : 2025-01-21 13:58:02===> API : null ===> Message : fetchDBSettings()
info: ===> TimeStamp : 2025-01-21 13:58:02===> API : null ===> Message : validateRequest() Invoked!
info: ===> TimeStamp : 2025-01-21 13:58:02===> API : null ===> Message : validateRequest() :: Error :: PP {"ErrorCode":10003,"ErrorMessage":"Invalid User Credentials"}
info: ===> TimeStamp : 2025-01-21 13:58:02===> API : null ===> Message : validateRequest() :: Error :: Helper {"code":"ER_SIGNAL_EXCEPTION","errno":1644,"sqlState":"10003","sqlMessage":"Invalid User Credentials","sql":"CALL usp_validate_request(\n              '/api/auth/logout',\n              'eyJhbGciOiJIUzI1NiIsInR5cCI6IkpXVCJ9.eyJ0aW1lIjoiVHVlIEphbiAyMSAyMDI1IDA4OjAyOjU3IEdNVCswMDAwIChDb29yZGluYXRlZCBVbml2ZXJzYWwgVGltZSkiLCJ1c2VySWQiOjY3LCJpYXQiOjE3Mzc0NDY1Nzd9.S__gkGBLQG6m-N3pPvGqJWEZ_UNjv1k7rvEesfTwy-0')"}
info: ===> TimeStamp : 2025-01-21 13:58:07===> API : null ===> Message : validateRequest() invoked
info: ===> TimeStamp : 2025-01-21 13:58:07===> API : null ===> Message : fetchDBSettings()
info: ===> TimeStamp : 2025-01-21 13:58:07===> API : null ===> Message : validateRequest() Invoked!
info: ===> TimeStamp : 2025-01-21 13:58:07===> API : null ===> Message : validateRequest() :: Error :: Helper {"code":"ER_SIGNAL_EXCEPTION","errno":1644,"sqlState":"10003","sqlMessage":"Invalid User Credentials","sql":"CALL usp_validate_request(\n              '/api/auth/logout',\n              'eyJhbGciOiJIUzI1NiIsInR5cCI6IkpXVCJ9.eyJ0aW1lIjoiVHVlIEphbiAyMSAyMDI1IDA4OjAyOjU3IEdNVCswMDAwIChDb29yZGluYXRlZCBVbml2ZXJzYWwgVGltZSkiLCJ1c2VySWQiOjY3LCJpYXQiOjE3Mzc0NDY1Nzd9.S__gkGBLQG6m-N3pPvGqJWEZ_UNjv1k7rvEesfTwy-0')"}
info: ===> TimeStamp : 2025-01-21 13:58:07===> API : null ===> Message : validateRequest() :: Error :: PP {"ErrorCode":10003,"ErrorMessage":"Invalid User Credentials"}
info: ===> TimeStamp : 2025-01-21 13:58:47===> API : null ===> Message : validateRequest() invoked
info: ===> TimeStamp : 2025-01-21 13:58:47===> API : null ===> Message : fetchDBSettings()
info: ===> TimeStamp : 2025-01-21 13:58:47===> API : null ===> Message : validateRequest() Invoked!
info: ===> TimeStamp : 2025-01-21 13:58:47===> API : null ===> Message : validRequest() :: Api validated Successfully
info: ===> TimeStamp : 2025-01-21 13:58:47===> API : /api/auth/validateuser ===> Message : validateUser() :: Request Object :: [object Object]
info: ===> TimeStamp : 2025-01-21 13:58:47===> API : /api/auth/validateuser ===> Message : validateUser() invoked!!
info: ===> TimeStamp : 2025-01-21 13:58:47===> API : /api/auth/validateuser ===> Message : validateUserDB() Invoked !
info: ===> TimeStamp : 2025-01-21 13:58:47===> API : /api/auth/validateuser ===> Message : validateUserResponse() invoked!
info: ===> TimeStamp : 2025-01-21 13:58:47===> API : /api/auth/validateuser ===> Message : validateUserResponse() completed
info: ===> TimeStamp : 2025-01-21 13:58:47===> API : null ===> Message : validateRequest() invoked
info: ===> TimeStamp : 2025-01-21 13:58:47===> API : null ===> Message : fetchDBSettings()
info: ===> TimeStamp : 2025-01-21 13:58:47===> API : null ===> Message : validateRequest() Invoked!
info: ===> TimeStamp : 2025-01-21 13:58:47===> API : null ===> Message : validRequest() :: Api validated Successfully
info: ===> TimeStamp : 2025-01-21 13:58:47===> API : /api/auth/login ===> Message : loginUser() invoked!!
info: ===> TimeStamp : 2025-01-21 13:58:47===> API : /api/auth/login ===> Message : loginUser() :: Request Object :: [object Object]
info: ===> TimeStamp : 2025-01-21 13:58:47===> API : /api/auth/login ===> Message : loginUserDB() Invoked !
info: ===> TimeStamp : 2025-01-21 13:58:47===> API : /api/auth/login ===> Message : loginUserResponse() invoked!
info: ===> TimeStamp : 2025-01-21 13:58:47===> API : /api/auth/login ===> Message : loginUserResponse() completed
info: ===> TimeStamp : 2025-01-21 14:50:27===> API : null ===> Message : validateRequest() invoked
info: ===> TimeStamp : 2025-01-21 14:50:27===> API : null ===> Message : fetchDBSettings()
info: ===> TimeStamp : 2025-01-21 14:50:27===> API : null ===> Message : validateRequest() Invoked!
info: ===> TimeStamp : 2025-01-21 14:50:27===> API : null ===> Message : validRequest() :: Api validated Successfully
info: ===> TimeStamp : 2025-01-21 14:50:27===> API : /api/auth/logout ===> Message : logoutUser() invoked!!
info: ===> TimeStamp : 2025-01-21 14:50:27===> API : /api/auth/logout ===> Message : logoutUser() :: Request Object :: [object Object]
info: ===> TimeStamp : 2025-01-21 14:50:27===> API : /api/auth/logout ===> Message : logoutUserDB() Invoked !
info: ===> TimeStamp : 2025-01-21 14:50:27===> API : /api/auth/logout ===> Message : logoutUserResponse() invoked!
info: ===> TimeStamp : 2025-01-21 14:50:27===> API : /api/auth/logout ===> Message : logoutUserResponse() completed
info: ===> TimeStamp : 2025-01-21 14:51:31===> API : null ===> Message : validateRequest() invoked
info: ===> TimeStamp : 2025-01-21 14:51:31===> API : null ===> Message : fetchDBSettings()
info: ===> TimeStamp : 2025-01-21 14:51:31===> API : null ===> Message : validateRequest() Invoked!
info: ===> TimeStamp : 2025-01-21 14:51:31===> API : null ===> Message : validRequest() :: Api validated Successfully
info: ===> TimeStamp : 2025-01-21 14:51:31===> API : /api/auth/logout ===> Message : logoutUser() invoked!!
info: ===> TimeStamp : 2025-01-21 14:51:31===> API : /api/auth/logout ===> Message : logoutUser() :: Request Object :: [object Object]
info: ===> TimeStamp : 2025-01-21 14:51:31===> API : /api/auth/logout ===> Message : logoutUserDB() Invoked !
info: ===> TimeStamp : 2025-01-21 14:51:31===> API : /api/auth/logout ===> Message : logoutUserResponse() invoked!
info: ===> TimeStamp : 2025-01-21 14:51:31===> API : /api/auth/logout ===> Message : logoutUserResponse() completed
info: ===> TimeStamp : 2025-01-21 14:51:39===> API : null ===> Message : validateRequest() invoked
info: ===> TimeStamp : 2025-01-21 14:51:39===> API : null ===> Message : fetchDBSettings()
info: ===> TimeStamp : 2025-01-21 14:51:39===> API : null ===> Message : validateRequest() Invoked!
info: ===> TimeStamp : 2025-01-21 14:51:39===> API : null ===> Message : validRequest() :: Api validated Successfully
info: ===> TimeStamp : 2025-01-21 14:51:39===> API : /api/auth/validateuser ===> Message : validateUser() :: Request Object :: [object Object]
info: ===> TimeStamp : 2025-01-21 14:51:39===> API : /api/auth/validateuser ===> Message : validateUser() invoked!!
info: ===> TimeStamp : 2025-01-21 14:51:39===> API : /api/auth/validateuser ===> Message : validateUserDB() Invoked !
info: ===> TimeStamp : 2025-01-21 14:51:39===> API : /api/auth/validateuser ===> Message : validateUserResponse() invoked!
info: ===> TimeStamp : 2025-01-21 14:51:39===> API : /api/auth/validateuser ===> Message : validateUserResponse() completed
info: ===> TimeStamp : 2025-01-21 14:51:39===> API : null ===> Message : validateRequest() invoked
info: ===> TimeStamp : 2025-01-21 14:51:39===> API : null ===> Message : fetchDBSettings()
info: ===> TimeStamp : 2025-01-21 14:51:39===> API : null ===> Message : validateRequest() Invoked!
info: ===> TimeStamp : 2025-01-21 14:51:39===> API : null ===> Message : validRequest() :: Api validated Successfully
info: ===> TimeStamp : 2025-01-21 14:51:39===> API : /api/auth/checkIP ===> Message : checkIP() invoked!!
info: ===> TimeStamp : 2025-01-21 14:51:39===> API : /api/auth/checkIP ===> Message : IPs match: 103.255.182.117
info: ===> TimeStamp : 2025-01-21 14:51:39===> API : /api/auth/checkIP ===> Message : checkIPResponse() invoked!
info: ===> TimeStamp : 2025-01-21 14:51:39===> API : /api/auth/checkIP ===> Message : checkIPResponse() completed
info: ===> TimeStamp : 2025-01-21 14:51:39===> API : null ===> Message : validateRequest() invoked
info: ===> TimeStamp : 2025-01-21 14:51:39===> API : null ===> Message : fetchDBSettings()
info: ===> TimeStamp : 2025-01-21 14:51:39===> API : null ===> Message : validateRequest() Invoked!
info: ===> TimeStamp : 2025-01-21 14:51:39===> API : null ===> Message : validRequest() :: Api validated Successfully
info: ===> TimeStamp : 2025-01-21 14:51:39===> API : /api/auth/login ===> Message : loginUser() invoked!!
info: ===> TimeStamp : 2025-01-21 14:51:39===> API : /api/auth/login ===> Message : loginUser() :: Request Object :: [object Object]
info: ===> TimeStamp : 2025-01-21 14:51:39===> API : /api/auth/login ===> Message : loginUserDB() Invoked !
info: ===> TimeStamp : 2025-01-21 14:51:39===> API : /api/auth/login ===> Message : loginUserResponse() invoked!
info: ===> TimeStamp : 2025-01-21 14:51:39===> API : /api/auth/login ===> Message : loginUserResponse() completed
info: ===> TimeStamp : 2025-01-21 14:51:57===> API : null ===> Message : validateRequest() invoked
info: ===> TimeStamp : 2025-01-21 14:51:57===> API : null ===> Message : fetchDBSettings()
info: ===> TimeStamp : 2025-01-21 14:51:57===> API : null ===> Message : validateRequest() Invoked!
info: ===> TimeStamp : 2025-01-21 14:51:57===> API : null ===> Message : validRequest() :: Api validated Successfully
info: ===> TimeStamp : 2025-01-21 14:51:57===> API : /api/auth/validateuser ===> Message : validateUser() invoked!!
info: ===> TimeStamp : 2025-01-21 14:51:57===> API : /api/auth/validateuser ===> Message : validateUser() :: Request Object :: [object Object]
info: ===> TimeStamp : 2025-01-21 14:51:57===> API : /api/auth/validateuser ===> Message : validateUserDB() Invoked !
info: ===> TimeStamp : 2025-01-21 14:51:57===> API : /api/auth/validateuser ===> Message : validateUserResponse() invoked!
info: ===> TimeStamp : 2025-01-21 14:51:57===> API : /api/auth/validateuser ===> Message : validateUserResponse() completed
info: ===> TimeStamp : 2025-01-21 14:51:57===> API : null ===> Message : validateRequest() invoked
info: ===> TimeStamp : 2025-01-21 14:51:57===> API : null ===> Message : fetchDBSettings()
info: ===> TimeStamp : 2025-01-21 14:51:57===> API : null ===> Message : validateRequest() Invoked!
info: ===> TimeStamp : 2025-01-21 14:51:57===> API : null ===> Message : validRequest() :: Api validated Successfully
info: ===> TimeStamp : 2025-01-21 14:51:57===> API : /api/auth/checkIP ===> Message : checkIP() invoked!!
info: ===> TimeStamp : 2025-01-21 14:51:57===> API : /api/auth/checkIP ===> Message : IPs match: 103.225.102.194
info: ===> TimeStamp : 2025-01-21 14:51:57===> API : /api/auth/checkIP ===> Message : checkIPResponse() invoked!
info: ===> TimeStamp : 2025-01-21 14:51:57===> API : /api/auth/checkIP ===> Message : checkIPResponse() completed
info: ===> TimeStamp : 2025-01-21 14:51:57===> API : null ===> Message : validateRequest() invoked
info: ===> TimeStamp : 2025-01-21 14:51:57===> API : null ===> Message : fetchDBSettings()
info: ===> TimeStamp : 2025-01-21 14:51:58===> API : null ===> Message : validateRequest() Invoked!
info: ===> TimeStamp : 2025-01-21 14:51:58===> API : null ===> Message : validRequest() :: Api validated Successfully
info: ===> TimeStamp : 2025-01-21 14:51:58===> API : /api/auth/login ===> Message : loginUser() invoked!!
info: ===> TimeStamp : 2025-01-21 14:51:58===> API : /api/auth/login ===> Message : loginUser() :: Request Object :: [object Object]
info: ===> TimeStamp : 2025-01-21 14:51:58===> API : /api/auth/login ===> Message : loginUserDB() Invoked !
info: ===> TimeStamp : 2025-01-21 14:51:58===> API : /api/auth/login ===> Message : loginUserResponse() invoked!
info: ===> TimeStamp : 2025-01-21 14:51:58===> API : /api/auth/login ===> Message : loginUserResponse() completed
info: ===> TimeStamp : 2025-01-21 15:15:15===> API : null ===> Message : validateRequest() invoked
info: ===> TimeStamp : 2025-01-21 15:15:15===> API : null ===> Message : fetchDBSettings()
info: ===> TimeStamp : 2025-01-21 15:15:15===> API : null ===> Message : validateRequest() Invoked!
info: ===> TimeStamp : 2025-01-21 15:15:15===> API : null ===> Message : validRequest() :: Api validated Successfully
info: ===> TimeStamp : 2025-01-21 15:15:15===> API : /api/auth/validateuser ===> Message : validateUser() invoked!!
info: ===> TimeStamp : 2025-01-21 15:15:15===> API : /api/auth/validateuser ===> Message : validateUser() :: Request Object :: [object Object]
info: ===> TimeStamp : 2025-01-21 15:15:15===> API : /api/auth/validateuser ===> Message : validateUserDB() Invoked !
info: ===> TimeStamp : 2025-01-21 15:15:15===> API : /api/auth/validateuser ===> Message : validateUserResponse() completed
info: ===> TimeStamp : 2025-01-21 15:15:15===> API : /api/auth/validateuser ===> Message : validateUserResponse() invoked!
info: ===> TimeStamp : 2025-01-21 15:15:15===> API : null ===> Message : validateRequest() invoked
info: ===> TimeStamp : 2025-01-21 15:15:15===> API : null ===> Message : fetchDBSettings()
info: ===> TimeStamp : 2025-01-21 15:15:15===> API : null ===> Message : validateRequest() Invoked!
info: ===> TimeStamp : 2025-01-21 15:15:15===> API : /api/auth/login ===> Message : loginUser() invoked!!
info: ===> TimeStamp : 2025-01-21 15:15:15===> API : /api/auth/login ===> Message : loginUser() :: Request Object :: [object Object]
info: ===> TimeStamp : 2025-01-21 15:15:15===> API : null ===> Message : validRequest() :: Api validated Successfully
info: ===> TimeStamp : 2025-01-21 15:15:15===> API : /api/auth/login ===> Message : loginUserDB() Invoked !
info: ===> TimeStamp : 2025-01-21 15:15:15===> API : /api/auth/login ===> Message : loginUserResponse() invoked!
info: ===> TimeStamp : 2025-01-21 15:15:15===> API : /api/auth/login ===> Message : loginUserResponse() completed
info: ===> TimeStamp : 2025-01-21 15:23:52===> API : null ===> Message : validateRequest() invoked
info: ===> TimeStamp : 2025-01-21 15:23:52===> API : null ===> Message : fetchDBSettings()
info: ===> TimeStamp : 2025-01-21 15:23:52===> API : null ===> Message : validateRequest() Invoked!
info: ===> TimeStamp : 2025-01-21 15:23:52===> API : null ===> Message : validRequest() :: Api validated Successfully
info: ===> TimeStamp : 2025-01-21 15:23:52===> API : /api/auth/logout ===> Message : logoutUser() invoked!!
info: ===> TimeStamp : 2025-01-21 15:23:52===> API : /api/auth/logout ===> Message : logoutUser() :: Request Object :: [object Object]
info: ===> TimeStamp : 2025-01-21 15:23:52===> API : /api/auth/logout ===> Message : logoutUserDB() Invoked !
info: ===> TimeStamp : 2025-01-21 15:23:53===> API : /api/auth/logout ===> Message : logoutUserResponse() invoked!
info: ===> TimeStamp : 2025-01-21 15:23:53===> API : /api/auth/logout ===> Message : logoutUserResponse() completed
info: ===> TimeStamp : 2025-01-21 15:23:58===> API : null ===> Message : validateRequest() invoked
info: ===> TimeStamp : 2025-01-21 15:23:58===> API : null ===> Message : fetchDBSettings()
info: ===> TimeStamp : 2025-01-21 15:23:58===> API : null ===> Message : validateRequest() Invoked!
info: ===> TimeStamp : 2025-01-21 15:23:58===> API : null ===> Message : validRequest() :: Api validated Successfully
info: ===> TimeStamp : 2025-01-21 15:23:58===> API : /api/auth/validateuser ===> Message : validateUser() invoked!!
info: ===> TimeStamp : 2025-01-21 15:23:58===> API : /api/auth/validateuser ===> Message : validateUser() :: Request Object :: [object Object]
info: ===> TimeStamp : 2025-01-21 15:23:58===> API : /api/auth/validateuser ===> Message : validateUserDB() Invoked !
info: ===> TimeStamp : 2025-01-21 15:23:58===> API : /api/auth/validateuser ===> Message : validateUserResponse() invoked!
info: ===> TimeStamp : 2025-01-21 15:23:58===> API : /api/auth/validateuser ===> Message : validateUserResponse() completed
info: ===> TimeStamp : 2025-01-21 15:23:58===> API : null ===> Message : validateRequest() invoked
info: ===> TimeStamp : 2025-01-21 15:23:58===> API : null ===> Message : fetchDBSettings()
info: ===> TimeStamp : 2025-01-21 15:23:58===> API : null ===> Message : validateRequest() Invoked!
info: ===> TimeStamp : 2025-01-21 15:23:58===> API : null ===> Message : validRequest() :: Api validated Successfully
info: ===> TimeStamp : 2025-01-21 15:23:58===> API : /api/auth/login ===> Message : loginUser() invoked!!
info: ===> TimeStamp : 2025-01-21 15:23:58===> API : /api/auth/login ===> Message : loginUser() :: Request Object :: [object Object]
info: ===> TimeStamp : 2025-01-21 15:23:58===> API : /api/auth/login ===> Message : loginUserDB() Invoked !
info: ===> TimeStamp : 2025-01-21 15:23:58===> API : /api/auth/login ===> Message : loginUserResponse() invoked!
info: ===> TimeStamp : 2025-01-21 15:23:58===> API : /api/auth/login ===> Message : loginUserResponse() completed
info: ===> TimeStamp : 2025-01-21 15:40:13===> API : null ===> Message : validateRequest() invoked
info: ===> TimeStamp : 2025-01-21 15:40:13===> API : null ===> Message : fetchDBSettings()
info: ===> TimeStamp : 2025-01-21 15:40:13===> API : null ===> Message : validateRequest() Invoked!
info: ===> TimeStamp : 2025-01-21 15:40:13===> API : null ===> Message : validRequest() :: Api validated Successfully
info: ===> TimeStamp : 2025-01-21 15:40:13===> API : /api/auth/logout ===> Message : logoutUser() invoked!!
info: ===> TimeStamp : 2025-01-21 15:40:13===> API : /api/auth/logout ===> Message : logoutUser() :: Request Object :: [object Object]
info: ===> TimeStamp : 2025-01-21 15:40:13===> API : /api/auth/logout ===> Message : logoutUserDB() Invoked !
info: ===> TimeStamp : 2025-01-21 15:40:13===> API : /api/auth/logout ===> Message : logoutUserResponse() invoked!
info: ===> TimeStamp : 2025-01-21 15:40:13===> API : /api/auth/logout ===> Message : logoutUserResponse() completed
info: ===> TimeStamp : 2025-01-21 15:40:19===> API : null ===> Message : validateRequest() invoked
info: ===> TimeStamp : 2025-01-21 15:40:19===> API : null ===> Message : fetchDBSettings()
info: ===> TimeStamp : 2025-01-21 15:40:19===> API : null ===> Message : validateRequest() Invoked!
info: ===> TimeStamp : 2025-01-21 15:40:19===> API : null ===> Message : validRequest() :: Api validated Successfully
info: ===> TimeStamp : 2025-01-21 15:40:19===> API : /api/auth/validateuser ===> Message : validateUser() :: Request Object :: [object Object]
info: ===> TimeStamp : 2025-01-21 15:40:19===> API : /api/auth/validateuser ===> Message : validateUser() invoked!!
info: ===> TimeStamp : 2025-01-21 15:40:19===> API : /api/auth/validateuser ===> Message : validateUserDB() Invoked !
info: ===> TimeStamp : 2025-01-21 15:40:19===> API : /api/auth/validateuser ===> Message : validateUserResponse() invoked!
info: ===> TimeStamp : 2025-01-21 15:40:19===> API : /api/auth/validateuser ===> Message : validateUserResponse() completed
info: ===> TimeStamp : 2025-01-21 15:40:19===> API : null ===> Message : validateRequest() invoked
info: ===> TimeStamp : 2025-01-21 15:40:19===> API : null ===> Message : fetchDBSettings()
info: ===> TimeStamp : 2025-01-21 15:40:19===> API : null ===> Message : validateRequest() Invoked!
info: ===> TimeStamp : 2025-01-21 15:40:19===> API : null ===> Message : validRequest() :: Api validated Successfully
info: ===> TimeStamp : 2025-01-21 15:40:19===> API : /api/auth/login ===> Message : loginUser() invoked!!
info: ===> TimeStamp : 2025-01-21 15:40:19===> API : /api/auth/login ===> Message : loginUser() :: Request Object :: [object Object]
info: ===> TimeStamp : 2025-01-21 15:40:19===> API : /api/auth/login ===> Message : loginUserDB() Invoked !
info: ===> TimeStamp : 2025-01-21 15:40:19===> API : /api/auth/login ===> Message : loginUserResponse() invoked!
info: ===> TimeStamp : 2025-01-21 15:40:19===> API : /api/auth/login ===> Message : loginUserResponse() completed
info: ===> TimeStamp : 2025-01-21 15:56:30===> API : null ===> Message : validateRequest() invoked
info: ===> TimeStamp : 2025-01-21 15:56:30===> API : null ===> Message : fetchDBSettings()
info: ===> TimeStamp : 2025-01-21 15:56:31===> API : null ===> Message : validateRequest() Invoked!
info: ===> TimeStamp : 2025-01-21 15:56:31===> API : null ===> Message : validRequest() :: Api validated Successfully
info: ===> TimeStamp : 2025-01-21 15:56:31===> API : /api/auth/validateuser ===> Message : validateUser() :: Request Object :: [object Object]
info: ===> TimeStamp : 2025-01-21 15:56:31===> API : /api/auth/validateuser ===> Message : validateUser() invoked!!
info: ===> TimeStamp : 2025-01-21 15:56:31===> API : /api/auth/validateuser ===> Message : validateUserDB() Invoked !
info: ===> TimeStamp : 2025-01-21 15:56:31===> API : /api/auth/validateuser ===> Message : validateUserResponse() invoked!
info: ===> TimeStamp : 2025-01-21 15:56:31===> API : /api/auth/validateuser ===> Message : validateUserResponse() completed
info: ===> TimeStamp : 2025-01-21 15:56:31===> API : null ===> Message : validateRequest() invoked
info: ===> TimeStamp : 2025-01-21 15:56:31===> API : null ===> Message : fetchDBSettings()
info: ===> TimeStamp : 2025-01-21 15:56:31===> API : null ===> Message : validateRequest() Invoked!
info: ===> TimeStamp : 2025-01-21 15:56:31===> API : null ===> Message : validRequest() :: Api validated Successfully
info: ===> TimeStamp : 2025-01-21 15:56:31===> API : /api/auth/login ===> Message : loginUser() invoked!!
info: ===> TimeStamp : 2025-01-21 15:56:31===> API : /api/auth/login ===> Message : loginUser() :: Request Object :: [object Object]
info: ===> TimeStamp : 2025-01-21 15:56:31===> API : /api/auth/login ===> Message : loginUserDB() Invoked !
info: ===> TimeStamp : 2025-01-21 15:56:31===> API : /api/auth/login ===> Message : loginUserResponse() invoked!
info: ===> TimeStamp : 2025-01-21 15:56:31===> API : /api/auth/login ===> Message : loginUserResponse() completed
info: ===> TimeStamp : 2025-01-21 16:30:34===> API : null ===> Message : validateRequest() invoked
info: ===> TimeStamp : 2025-01-21 16:30:34===> API : null ===> Message : fetchDBSettings()
info: ===> TimeStamp : 2025-01-21 16:30:34===> API : null ===> Message : validateRequest() Invoked!
info: ===> TimeStamp : 2025-01-21 16:30:34===> API : /api/auth/validateuser ===> Message : validateUser() invoked!!
info: ===> TimeStamp : 2025-01-21 16:30:34===> API : /api/auth/validateuser ===> Message : validateUser() :: Request Object :: [object Object]
info: ===> TimeStamp : 2025-01-21 16:30:34===> API : null ===> Message : validRequest() :: Api validated Successfully
info: ===> TimeStamp : 2025-01-21 16:30:34===> API : /api/auth/validateuser ===> Message : validateUserDB() Invoked !
info: ===> TimeStamp : 2025-01-21 16:30:34===> API : /api/auth/validateuser ===> Message : validateUserResponse() invoked!
info: ===> TimeStamp : 2025-01-21 16:30:34===> API : /api/auth/validateuser ===> Message : validateUserResponse() completed
info: ===> TimeStamp : 2025-01-21 16:30:34===> API : null ===> Message : validateRequest() invoked
info: ===> TimeStamp : 2025-01-21 16:30:34===> API : null ===> Message : fetchDBSettings()
info: ===> TimeStamp : 2025-01-21 16:30:34===> API : null ===> Message : validateRequest() Invoked!
info: ===> TimeStamp : 2025-01-21 16:30:34===> API : null ===> Message : validRequest() :: Api validated Successfully
info: ===> TimeStamp : 2025-01-21 16:30:34===> API : /api/auth/login ===> Message : loginUser() invoked!!
info: ===> TimeStamp : 2025-01-21 16:30:34===> API : /api/auth/login ===> Message : loginUser() :: Request Object :: [object Object]
info: ===> TimeStamp : 2025-01-21 16:30:34===> API : /api/auth/login ===> Message : loginUserDB() Invoked !
info: ===> TimeStamp : 2025-01-21 16:30:35===> API : /api/auth/login ===> Message : loginUserResponse() invoked!
info: ===> TimeStamp : 2025-01-21 16:30:35===> API : /api/auth/login ===> Message : loginUserResponse() completed
info: ===> TimeStamp : 2025-01-21 17:07:44===> API : null ===> Message : validateRequest() invoked
info: ===> TimeStamp : 2025-01-21 17:07:44===> API : null ===> Message : fetchDBSettings()
info: ===> TimeStamp : 2025-01-21 17:07:44===> API : null ===> Message : validateRequest() Invoked!
info: ===> TimeStamp : 2025-01-21 17:07:44===> API : null ===> Message : validRequest() :: Api validated Successfully
info: ===> TimeStamp : 2025-01-21 17:07:44===> API : /api/auth/validateuser ===> Message : validateUser() invoked!!
info: ===> TimeStamp : 2025-01-21 17:07:44===> API : /api/auth/validateuser ===> Message : validateUser() :: Request Object :: [object Object]
info: ===> TimeStamp : 2025-01-21 17:07:44===> API : /api/auth/validateuser ===> Message : validateUserDB() Invoked !
info: ===> TimeStamp : 2025-01-21 17:07:44===> API : /api/auth/validateuser ===> Message : validateUserResponse() completed
info: ===> TimeStamp : 2025-01-21 17:07:44===> API : /api/auth/validateuser ===> Message : validateUserResponse() invoked!
info: ===> TimeStamp : 2025-01-21 17:07:45===> API : null ===> Message : validateRequest() invoked
info: ===> TimeStamp : 2025-01-21 17:07:45===> API : null ===> Message : fetchDBSettings()
info: ===> TimeStamp : 2025-01-21 17:07:45===> API : null ===> Message : validateRequest() Invoked!
info: ===> TimeStamp : 2025-01-21 17:07:45===> API : null ===> Message : validRequest() :: Api validated Successfully
info: ===> TimeStamp : 2025-01-21 17:07:45===> API : /api/auth/login ===> Message : loginUser() invoked!!
info: ===> TimeStamp : 2025-01-21 17:07:45===> API : /api/auth/login ===> Message : loginUser() :: Request Object :: [object Object]
info: ===> TimeStamp : 2025-01-21 17:07:45===> API : /api/auth/login ===> Message : loginUserDB() Invoked !
info: ===> TimeStamp : 2025-01-21 17:07:45===> API : /api/auth/login ===> Message : loginUserResponse() invoked!
info: ===> TimeStamp : 2025-01-21 17:07:45===> API : /api/auth/login ===> Message : loginUserResponse() completed
info: ===> TimeStamp : 2025-01-21 17:27:27===> API : null ===> Message : validateRequest() invoked
info: ===> TimeStamp : 2025-01-21 17:27:27===> API : null ===> Message : validateRequest() Error:: Invalid Request :: 
      {"apiUri":"/"}
info: ===> TimeStamp : 2025-01-21 18:37:32===> API : null ===> Message : validateRequest() invoked
info: ===> TimeStamp : 2025-01-21 18:37:32===> API : null ===> Message : fetchDBSettings()
info: ===> TimeStamp : 2025-01-21 18:37:32===> API : null ===> Message : validateRequest() Invoked!
info: ===> TimeStamp : 2025-01-21 18:37:32===> API : null ===> Message : validRequest() :: Api validated Successfully
info: ===> TimeStamp : 2025-01-21 18:37:32===> API : /api/auth/validateuser ===> Message : validateUser() invoked!!
info: ===> TimeStamp : 2025-01-21 18:37:32===> API : /api/auth/validateuser ===> Message : validateUser() :: Request Object :: [object Object]
info: ===> TimeStamp : 2025-01-21 18:37:32===> API : /api/auth/validateuser ===> Message : validateUserDB() Invoked !
info: ===> TimeStamp : 2025-01-21 18:37:32===> API : /api/auth/validateuser ===> Message : validateUserResponse() invoked!
info: ===> TimeStamp : 2025-01-21 18:37:32===> API : /api/auth/validateuser ===> Message : validateUserResponse() completed
info: ===> TimeStamp : 2025-01-21 18:37:32===> API : null ===> Message : validateRequest() invoked
info: ===> TimeStamp : 2025-01-21 18:37:32===> API : null ===> Message : fetchDBSettings()
info: ===> TimeStamp : 2025-01-21 18:37:32===> API : null ===> Message : validateRequest() Invoked!
info: ===> TimeStamp : 2025-01-21 18:37:32===> API : null ===> Message : validRequest() :: Api validated Successfully
info: ===> TimeStamp : 2025-01-21 18:37:32===> API : /api/auth/login ===> Message : loginUser() invoked!!
info: ===> TimeStamp : 2025-01-21 18:37:32===> API : /api/auth/login ===> Message : loginUser() :: Request Object :: [object Object]
info: ===> TimeStamp : 2025-01-21 18:37:32===> API : /api/auth/login ===> Message : loginUserDB() Invoked !
info: ===> TimeStamp : 2025-01-21 18:37:32===> API : /api/auth/login ===> Message : loginUserResponse() invoked!
info: ===> TimeStamp : 2025-01-21 18:37:32===> API : /api/auth/login ===> Message : loginUserResponse() completed
info: ===> TimeStamp : 2025-01-21 18:41:52===> API : null ===> Message : validateRequest() invoked
info: ===> TimeStamp : 2025-01-21 18:41:52===> API : null ===> Message : fetchDBSettings()
info: ===> TimeStamp : 2025-01-21 18:41:52===> API : null ===> Message : validateRequest() Invoked!
info: ===> TimeStamp : 2025-01-21 18:41:52===> API : null ===> Message : validRequest() :: Api validated Successfully
info: ===> TimeStamp : 2025-01-21 18:41:52===> API : /api/auth/validateuser ===> Message : validateUser() :: Request Object :: [object Object]
info: ===> TimeStamp : 2025-01-21 18:41:52===> API : /api/auth/validateuser ===> Message : validateUser() invoked!!
info: ===> TimeStamp : 2025-01-21 18:41:52===> API : /api/auth/validateuser ===> Message : validateUserDB() Invoked !
info: ===> TimeStamp : 2025-01-21 18:41:52===> API : /api/auth/validateuser ===> Message : validateUserResponse() invoked!
info: ===> TimeStamp : 2025-01-21 18:41:52===> API : /api/auth/validateuser ===> Message : validateUserResponse() completed
info: ===> TimeStamp : 2025-01-21 18:41:52===> API : null ===> Message : validateRequest() invoked
info: ===> TimeStamp : 2025-01-21 18:41:52===> API : null ===> Message : fetchDBSettings()
info: ===> TimeStamp : 2025-01-21 18:41:52===> API : null ===> Message : validateRequest() Invoked!
info: ===> TimeStamp : 2025-01-21 18:41:52===> API : null ===> Message : validRequest() :: Api validated Successfully
info: ===> TimeStamp : 2025-01-21 18:41:52===> API : /api/auth/login ===> Message : loginUser() invoked!!
info: ===> TimeStamp : 2025-01-21 18:41:52===> API : /api/auth/login ===> Message : loginUser() :: Request Object :: [object Object]
info: ===> TimeStamp : 2025-01-21 18:41:52===> API : /api/auth/login ===> Message : loginUserDB() Invoked !
info: ===> TimeStamp : 2025-01-21 18:41:52===> API : /api/auth/login ===> Message : loginUserResponse() invoked!
info: ===> TimeStamp : 2025-01-21 18:41:52===> API : /api/auth/login ===> Message : loginUserResponse() completed
info: ===> TimeStamp : 2025-01-21 19:46:43===> API : null ===> Message : validateRequest() invoked
info: ===> TimeStamp : 2025-01-21 19:46:43===> API : null ===> Message : fetchDBSettings()
info: ===> TimeStamp : 2025-01-21 19:46:43===> API : null ===> Message : validateRequest() Invoked!
info: ===> TimeStamp : 2025-01-21 19:46:43===> API : null ===> Message : validRequest() :: Api validated Successfully
info: ===> TimeStamp : 2025-01-21 19:46:43===> API : /api/auth/validateuser ===> Message : validateUser() invoked!!
info: ===> TimeStamp : 2025-01-21 19:46:43===> API : /api/auth/validateuser ===> Message : validateUser() :: Request Object :: [object Object]
info: ===> TimeStamp : 2025-01-21 19:46:43===> API : /api/auth/validateuser ===> Message : validateUserDB() Invoked !
info: ===> TimeStamp : 2025-01-21 19:46:43===> API : /api/auth/validateuser ===> Message : validateUserDB() :: Error :: {"code":"ER_SIGNAL_EXCEPTION","errno":1644,"sqlState":"10005","sqlMessage":"User Does Not Exist","sql":"CALL usp_validate_user('callcenter', 'Marketing@2024')"}
info: ===> TimeStamp : 2025-01-21 19:46:43===> API : /api/auth/validateuser ===> Message : validateUserDBResult :: Error :: {"ErrorCode":10005,"ErrorMessage":"User Does Not Exist"}
info: ===> TimeStamp : 2025-01-21 19:46:43===> API : /api/auth/validateuser ===> Message : validateUserResponse() invoked!
info: ===> TimeStamp : 2025-01-21 19:46:43===> API : /api/auth/validateuser ===> Message : validateUserResponse() completed
info: ===> TimeStamp : 2025-01-21 19:46:50===> API : null ===> Message : validateRequest() invoked
info: ===> TimeStamp : 2025-01-21 19:46:50===> API : null ===> Message : fetchDBSettings()
info: ===> TimeStamp : 2025-01-21 19:46:50===> API : null ===> Message : validateRequest() Invoked!
info: ===> TimeStamp : 2025-01-21 19:46:50===> API : null ===> Message : validRequest() :: Api validated Successfully
info: ===> TimeStamp : 2025-01-21 19:46:50===> API : /api/auth/validateuser ===> Message : validateUser() invoked!!
info: ===> TimeStamp : 2025-01-21 19:46:50===> API : /api/auth/validateuser ===> Message : validateUser() :: Request Object :: [object Object]
info: ===> TimeStamp : 2025-01-21 19:46:50===> API : /api/auth/validateuser ===> Message : validateUserDB() Invoked !
info: ===> TimeStamp : 2025-01-21 19:46:50===> API : /api/auth/validateuser ===> Message : validateUserDB() :: Error :: {"code":"ER_SIGNAL_EXCEPTION","errno":1644,"sqlState":"10005","sqlMessage":"User Does Not Exist","sql":"CALL usp_validate_user('CallCenter', 'Marketing@2024')"}
info: ===> TimeStamp : 2025-01-21 19:46:50===> API : /api/auth/validateuser ===> Message : validateUserDBResult :: Error :: {"ErrorCode":10005,"ErrorMessage":"User Does Not Exist"}
info: ===> TimeStamp : 2025-01-21 19:46:50===> API : /api/auth/validateuser ===> Message : validateUserResponse() invoked!
info: ===> TimeStamp : 2025-01-21 19:46:50===> API : /api/auth/validateuser ===> Message : validateUserResponse() completed
info: ===> TimeStamp : 2025-01-21 19:47:08===> API : null ===> Message : validateRequest() invoked
info: ===> TimeStamp : 2025-01-21 19:47:08===> API : null ===> Message : fetchDBSettings()
info: ===> TimeStamp : 2025-01-21 19:47:08===> API : null ===> Message : validateRequest() Invoked!
info: ===> TimeStamp : 2025-01-21 19:47:08===> API : null ===> Message : validRequest() :: Api validated Successfully
info: ===> TimeStamp : 2025-01-21 19:47:08===> API : /api/auth/validateuser ===> Message : validateUser() invoked!!
info: ===> TimeStamp : 2025-01-21 19:47:08===> API : /api/auth/validateuser ===> Message : validateUser() :: Request Object :: [object Object]
info: ===> TimeStamp : 2025-01-21 19:47:08===> API : /api/auth/validateuser ===> Message : validateUserDB() Invoked !
info: ===> TimeStamp : 2025-01-21 19:47:08===> API : /api/auth/validateuser ===> Message : validateUserResponse() invoked!
info: ===> TimeStamp : 2025-01-21 19:47:08===> API : /api/auth/validateuser ===> Message : validateUserResponse() completed
info: ===> TimeStamp : 2025-01-21 19:47:08===> API : null ===> Message : validateRequest() invoked
info: ===> TimeStamp : 2025-01-21 19:47:08===> API : null ===> Message : fetchDBSettings()
info: ===> TimeStamp : 2025-01-21 19:47:08===> API : null ===> Message : validateRequest() Invoked!
info: ===> TimeStamp : 2025-01-21 19:47:08===> API : null ===> Message : validRequest() :: Api validated Successfully
info: ===> TimeStamp : 2025-01-21 19:47:08===> API : /api/auth/login ===> Message : loginUser() invoked!!
info: ===> TimeStamp : 2025-01-21 19:47:08===> API : /api/auth/login ===> Message : loginUser() :: Request Object :: [object Object]
info: ===> TimeStamp : 2025-01-21 19:47:08===> API : /api/auth/login ===> Message : loginUserDB() Invoked !
info: ===> TimeStamp : 2025-01-21 19:47:08===> API : /api/auth/login ===> Message : loginUserResponse() invoked!
info: ===> TimeStamp : 2025-01-21 19:47:08===> API : /api/auth/login ===> Message : loginUserResponse() completed
info: ===> TimeStamp : 2025-01-21 20:34:08===> API : null ===> Message : validateRequest() invoked
info: ===> TimeStamp : 2025-01-21 20:34:08===> API : null ===> Message : fetchDBSettings()
info: ===> TimeStamp : 2025-01-21 20:34:08===> API : null ===> Message : validateRequest() Invoked!
info: ===> TimeStamp : 2025-01-21 20:34:08===> API : null ===> Message : validRequest() :: Api validated Successfully
info: ===> TimeStamp : 2025-01-21 20:34:08===> API : /api/auth/validateuser ===> Message : validateUser() invoked!!
info: ===> TimeStamp : 2025-01-21 20:34:08===> API : /api/auth/validateuser ===> Message : validateUser() :: Request Object :: [object Object]
info: ===> TimeStamp : 2025-01-21 20:34:08===> API : /api/auth/validateuser ===> Message : validateUserDB() Invoked !
info: ===> TimeStamp : 2025-01-21 20:34:08===> API : /api/auth/validateuser ===> Message : validateUserResponse() invoked!
info: ===> TimeStamp : 2025-01-21 20:34:08===> API : /api/auth/validateuser ===> Message : validateUserResponse() completed
info: ===> TimeStamp : 2025-01-21 20:34:08===> API : null ===> Message : validateRequest() invoked
info: ===> TimeStamp : 2025-01-21 20:34:08===> API : null ===> Message : fetchDBSettings()
info: ===> TimeStamp : 2025-01-21 20:34:08===> API : null ===> Message : validateRequest() Invoked!
info: ===> TimeStamp : 2025-01-21 20:34:08===> API : null ===> Message : validRequest() :: Api validated Successfully
info: ===> TimeStamp : 2025-01-21 20:34:08===> API : /api/auth/login ===> Message : loginUser() invoked!!
info: ===> TimeStamp : 2025-01-21 20:34:08===> API : /api/auth/login ===> Message : loginUser() :: Request Object :: [object Object]
info: ===> TimeStamp : 2025-01-21 20:34:08===> API : /api/auth/login ===> Message : loginUserDB() Invoked !
info: ===> TimeStamp : 2025-01-21 20:34:08===> API : /api/auth/login ===> Message : loginUserResponse() invoked!
info: ===> TimeStamp : 2025-01-21 20:34:08===> API : /api/auth/login ===> Message : loginUserResponse() completed
info: ===> TimeStamp : 2025-01-21 20:41:43===> API : null ===> Message : validateRequest() invoked
info: ===> TimeStamp : 2025-01-21 20:41:43===> API : null ===> Message : fetchDBSettings()
info: ===> TimeStamp : 2025-01-21 20:41:43===> API : null ===> Message : validateRequest() Invoked!
info: ===> TimeStamp : 2025-01-21 20:41:43===> API : null ===> Message : validRequest() :: Api validated Successfully
info: ===> TimeStamp : 2025-01-21 20:41:43===> API : /api/auth/validateuser ===> Message : validateUser() invoked!!
info: ===> TimeStamp : 2025-01-21 20:41:43===> API : /api/auth/validateuser ===> Message : validateUser() :: Request Object :: [object Object]
info: ===> TimeStamp : 2025-01-21 20:41:43===> API : /api/auth/validateuser ===> Message : validateUserDB() Invoked !
info: ===> TimeStamp : 2025-01-21 20:41:43===> API : /api/auth/validateuser ===> Message : validateUserResponse() invoked!
info: ===> TimeStamp : 2025-01-21 20:41:43===> API : /api/auth/validateuser ===> Message : validateUserResponse() completed
info: ===> TimeStamp : 2025-01-21 20:41:43===> API : null ===> Message : validateRequest() invoked
info: ===> TimeStamp : 2025-01-21 20:41:43===> API : null ===> Message : fetchDBSettings()
info: ===> TimeStamp : 2025-01-21 20:41:43===> API : null ===> Message : validateRequest() Invoked!
info: ===> TimeStamp : 2025-01-21 20:41:43===> API : null ===> Message : validRequest() :: Api validated Successfully
info: ===> TimeStamp : 2025-01-21 20:41:43===> API : /api/auth/login ===> Message : loginUser() invoked!!
info: ===> TimeStamp : 2025-01-21 20:41:43===> API : /api/auth/login ===> Message : loginUser() :: Request Object :: [object Object]
info: ===> TimeStamp : 2025-01-21 20:41:43===> API : /api/auth/login ===> Message : loginUserDB() Invoked !
info: ===> TimeStamp : 2025-01-21 20:41:43===> API : /api/auth/login ===> Message : loginUserResponse() invoked!
info: ===> TimeStamp : 2025-01-21 20:41:43===> API : /api/auth/login ===> Message : loginUserResponse() completed
info: ===> TimeStamp : 2025-01-21 21:46:01===> API : null ===> Message : fetchDBSettings()
info: ===> TimeStamp : 2025-01-21 21:46:01===> API : null ===> Message : validateRequest() invoked
info: ===> TimeStamp : 2025-01-21 21:46:01===> API : null ===> Message : validateRequest() Invoked!
info: ===> TimeStamp : 2025-01-21 21:46:01===> API : null ===> Message : validRequest() :: Api validated Successfully
info: ===> TimeStamp : 2025-01-21 21:46:01===> API : /api/auth/validateuser ===> Message : validateUser() invoked!!
info: ===> TimeStamp : 2025-01-21 21:46:01===> API : /api/auth/validateuser ===> Message : validateUser() :: Request Object :: [object Object]
info: ===> TimeStamp : 2025-01-21 21:46:01===> API : /api/auth/validateuser ===> Message : validateUserDB() Invoked !
info: ===> TimeStamp : 2025-01-21 21:46:01===> API : /api/auth/validateuser ===> Message : validateUserResponse() invoked!
info: ===> TimeStamp : 2025-01-21 21:46:01===> API : /api/auth/validateuser ===> Message : validateUserResponse() completed
info: ===> TimeStamp : 2025-01-21 21:46:01===> API : null ===> Message : validateRequest() invoked
info: ===> TimeStamp : 2025-01-21 21:46:01===> API : null ===> Message : fetchDBSettings()
info: ===> TimeStamp : 2025-01-21 21:46:01===> API : null ===> Message : validateRequest() Invoked!
info: ===> TimeStamp : 2025-01-21 21:46:01===> API : null ===> Message : validRequest() :: Api validated Successfully
info: ===> TimeStamp : 2025-01-21 21:46:01===> API : /api/auth/login ===> Message : loginUser() :: Request Object :: [object Object]
info: ===> TimeStamp : 2025-01-21 21:46:01===> API : /api/auth/login ===> Message : loginUser() invoked!!
info: ===> TimeStamp : 2025-01-21 21:46:01===> API : /api/auth/login ===> Message : loginUserDB() Invoked !
info: ===> TimeStamp : 2025-01-21 21:46:01===> API : /api/auth/login ===> Message : loginUserResponse() invoked!
info: ===> TimeStamp : 2025-01-21 21:46:01===> API : /api/auth/login ===> Message : loginUserResponse() completed
info: ===> TimeStamp : 2025-01-21 21:58:42===> API : null ===> Message : validateRequest() invoked
info: ===> TimeStamp : 2025-01-21 21:58:42===> API : null ===> Message : fetchDBSettings()
info: ===> TimeStamp : 2025-01-21 21:58:42===> API : null ===> Message : validateRequest() Invoked!
info: ===> TimeStamp : 2025-01-21 21:58:42===> API : null ===> Message : validRequest() :: Api validated Successfully
info: ===> TimeStamp : 2025-01-21 21:58:42===> API : /api/auth/logout ===> Message : logoutUser() invoked!!
info: ===> TimeStamp : 2025-01-21 21:58:42===> API : /api/auth/logout ===> Message : logoutUserDB() Invoked !
info: ===> TimeStamp : 2025-01-21 21:58:42===> API : /api/auth/logout ===> Message : logoutUser() :: Request Object :: [object Object]
info: ===> TimeStamp : 2025-01-21 21:58:42===> API : /api/auth/logout ===> Message : logoutUserResponse() invoked!
info: ===> TimeStamp : 2025-01-21 21:58:42===> API : /api/auth/logout ===> Message : logoutUserResponse() completed
info: ===> TimeStamp : 2025-01-21 22:02:03===> API : null ===> Message : validateRequest() invoked
info: ===> TimeStamp : 2025-01-21 22:02:03===> API : null ===> Message : fetchDBSettings()
info: ===> TimeStamp : 2025-01-21 22:02:03===> API : null ===> Message : validateRequest() Invoked!
info: ===> TimeStamp : 2025-01-21 22:02:03===> API : null ===> Message : validRequest() :: Api validated Successfully
info: ===> TimeStamp : 2025-01-21 22:02:03===> API : /api/auth/logout ===> Message : logoutUser() invoked!!
info: ===> TimeStamp : 2025-01-21 22:02:03===> API : /api/auth/logout ===> Message : logoutUser() :: Request Object :: [object Object]
info: ===> TimeStamp : 2025-01-21 22:02:03===> API : /api/auth/logout ===> Message : logoutUserDB() Invoked !
info: ===> TimeStamp : 2025-01-21 22:02:03===> API : /api/auth/logout ===> Message : logoutUserResponse() invoked!
info: ===> TimeStamp : 2025-01-21 22:02:03===> API : /api/auth/logout ===> Message : logoutUserResponse() completed
info: ===> TimeStamp : 2025-01-21 22:02:14===> API : null ===> Message : validateRequest() invoked
info: ===> TimeStamp : 2025-01-21 22:02:14===> API : null ===> Message : fetchDBSettings()
info: ===> TimeStamp : 2025-01-21 22:02:14===> API : null ===> Message : validateRequest() Invoked!
info: ===> TimeStamp : 2025-01-21 22:02:14===> API : null ===> Message : validRequest() :: Api validated Successfully
info: ===> TimeStamp : 2025-01-21 22:02:14===> API : /api/auth/validateuser ===> Message : validateUser() :: Request Object :: [object Object]
info: ===> TimeStamp : 2025-01-21 22:02:14===> API : /api/auth/validateuser ===> Message : validateUser() invoked!!
info: ===> TimeStamp : 2025-01-21 22:02:14===> API : /api/auth/validateuser ===> Message : validateUserDB() Invoked !
info: ===> TimeStamp : 2025-01-21 22:02:14===> API : /api/auth/validateuser ===> Message : validateUserResponse() invoked!
info: ===> TimeStamp : 2025-01-21 22:02:14===> API : /api/auth/validateuser ===> Message : validateUserResponse() completed
info: ===> TimeStamp : 2025-01-21 22:02:14===> API : null ===> Message : validateRequest() invoked
info: ===> TimeStamp : 2025-01-21 22:02:14===> API : null ===> Message : fetchDBSettings()
info: ===> TimeStamp : 2025-01-21 22:02:14===> API : null ===> Message : validateRequest() Invoked!
info: ===> TimeStamp : 2025-01-21 22:02:14===> API : null ===> Message : validRequest() :: Api validated Successfully
info: ===> TimeStamp : 2025-01-21 22:02:14===> API : /api/auth/checkIP ===> Message : checkIP() invoked!!
info: ===> TimeStamp : 2025-01-21 22:02:14===> API : /api/auth/checkIP ===> Message : IPs match: 103.255.182.117
info: ===> TimeStamp : 2025-01-21 22:02:14===> API : /api/auth/checkIP ===> Message : checkIPResponse() invoked!
info: ===> TimeStamp : 2025-01-21 22:02:14===> API : /api/auth/checkIP ===> Message : checkIPResponse() completed
info: ===> TimeStamp : 2025-01-21 22:02:14===> API : null ===> Message : validateRequest() invoked
info: ===> TimeStamp : 2025-01-21 22:02:14===> API : null ===> Message : fetchDBSettings()
info: ===> TimeStamp : 2025-01-21 22:02:14===> API : null ===> Message : validateRequest() Invoked!
info: ===> TimeStamp : 2025-01-21 22:02:14===> API : null ===> Message : validRequest() :: Api validated Successfully
info: ===> TimeStamp : 2025-01-21 22:02:14===> API : /api/auth/login ===> Message : loginUser() invoked!!
info: ===> TimeStamp : 2025-01-21 22:02:14===> API : /api/auth/login ===> Message : loginUser() :: Request Object :: [object Object]
info: ===> TimeStamp : 2025-01-21 22:02:14===> API : /api/auth/login ===> Message : loginUserDB() Invoked !
info: ===> TimeStamp : 2025-01-21 22:02:14===> API : /api/auth/login ===> Message : loginUserResponse() invoked!
info: ===> TimeStamp : 2025-01-21 22:02:14===> API : /api/auth/login ===> Message : loginUserResponse() completed
info: ===> TimeStamp : 2025-01-21 22:02:30===> API : null ===> Message : validateRequest() invoked
info: ===> TimeStamp : 2025-01-21 22:02:30===> API : null ===> Message : fetchDBSettings()
info: ===> TimeStamp : 2025-01-21 22:02:30===> API : null ===> Message : validateRequest() Invoked!
info: ===> TimeStamp : 2025-01-21 22:02:30===> API : null ===> Message : validRequest() :: Api validated Successfully
info: ===> TimeStamp : 2025-01-21 22:02:30===> API : /api/auth/logout ===> Message : logoutUser() invoked!!
info: ===> TimeStamp : 2025-01-21 22:02:30===> API : /api/auth/logout ===> Message : logoutUser() :: Request Object :: [object Object]
info: ===> TimeStamp : 2025-01-21 22:02:30===> API : /api/auth/logout ===> Message : logoutUserDB() Invoked !
info: ===> TimeStamp : 2025-01-21 22:02:30===> API : /api/auth/logout ===> Message : logoutUserResponse() invoked!
info: ===> TimeStamp : 2025-01-21 22:02:30===> API : /api/auth/logout ===> Message : logoutUserResponse() completed
info: ===> TimeStamp : 2025-01-21 22:02:35===> API : null ===> Message : validateRequest() invoked
info: ===> TimeStamp : 2025-01-21 22:02:35===> API : null ===> Message : fetchDBSettings()
info: ===> TimeStamp : 2025-01-21 22:02:35===> API : null ===> Message : validateRequest() Invoked!
info: ===> TimeStamp : 2025-01-21 22:02:35===> API : null ===> Message : validateRequest() :: Error :: Helper {"code":"ER_SIGNAL_EXCEPTION","errno":1644,"sqlState":"10003","sqlMessage":"Invalid User Credentials","sql":"CALL usp_validate_request(\n              '/api/auth/logout',\n              'eyJhbGciOiJIUzI1NiIsInR5cCI6IkpXVCJ9.eyJ0aW1lIjoiVHVlIEphbiAyMSAyMDI1IDA5OjIxOjU4IEdNVCswMDAwIChDb29yZGluYXRlZCBVbml2ZXJzYWwgVGltZSkiLCJ1c2VySWQiOjEzLCJpYXQiOjE3Mzc0NTEzMTh9.ZKVyfe3yY8s71RWC7KugkUe50itmtnsXKXFxhKHQfAA')"}
info: ===> TimeStamp : 2025-01-21 22:02:35===> API : null ===> Message : validateRequest() :: Error :: PP {"ErrorCode":10003,"ErrorMessage":"Invalid User Credentials"}
info: ===> TimeStamp : 2025-01-21 22:02:39===> API : null ===> Message : validateRequest() invoked
info: ===> TimeStamp : 2025-01-21 22:02:39===> API : null ===> Message : fetchDBSettings()
info: ===> TimeStamp : 2025-01-21 22:02:39===> API : null ===> Message : validateRequest() Invoked!
info: ===> TimeStamp : 2025-01-21 22:02:39===> API : null ===> Message : validateRequest() :: Error :: Helper {"code":"ER_SIGNAL_EXCEPTION","errno":1644,"sqlState":"10003","sqlMessage":"Invalid User Credentials","sql":"CALL usp_validate_request(\n              '/api/auth/logout',\n              'eyJhbGciOiJIUzI1NiIsInR5cCI6IkpXVCJ9.eyJ0aW1lIjoiVHVlIEphbiAyMSAyMDI1IDA5OjIxOjU4IEdNVCswMDAwIChDb29yZGluYXRlZCBVbml2ZXJzYWwgVGltZSkiLCJ1c2VySWQiOjEzLCJpYXQiOjE3Mzc0NTEzMTh9.ZKVyfe3yY8s71RWC7KugkUe50itmtnsXKXFxhKHQfAA')"}
info: ===> TimeStamp : 2025-01-21 22:02:39===> API : null ===> Message : validateRequest() :: Error :: PP {"ErrorCode":10003,"ErrorMessage":"Invalid User Credentials"}
info: ===> TimeStamp : 2025-01-21 22:02:45===> API : null ===> Message : validateRequest() invoked
info: ===> TimeStamp : 2025-01-21 22:02:45===> API : null ===> Message : fetchDBSettings()
info: ===> TimeStamp : 2025-01-21 22:02:45===> API : null ===> Message : validateRequest() Invoked!
info: ===> TimeStamp : 2025-01-21 22:02:45===> API : null ===> Message : validRequest() :: Api validated Successfully
info: ===> TimeStamp : 2025-01-21 22:02:45===> API : /api/auth/validateuser ===> Message : validateUser() invoked!!
info: ===> TimeStamp : 2025-01-21 22:02:45===> API : /api/auth/validateuser ===> Message : validateUser() :: Request Object :: [object Object]
info: ===> TimeStamp : 2025-01-21 22:02:45===> API : /api/auth/validateuser ===> Message : validateUserDB() Invoked !
info: ===> TimeStamp : 2025-01-21 22:02:45===> API : /api/auth/validateuser ===> Message : validateUserResponse() invoked!
info: ===> TimeStamp : 2025-01-21 22:02:45===> API : /api/auth/validateuser ===> Message : validateUserResponse() completed
info: ===> TimeStamp : 2025-01-21 22:02:45===> API : null ===> Message : validateRequest() invoked
info: ===> TimeStamp : 2025-01-21 22:02:45===> API : null ===> Message : fetchDBSettings()
info: ===> TimeStamp : 2025-01-21 22:02:45===> API : null ===> Message : validateRequest() Invoked!
info: ===> TimeStamp : 2025-01-21 22:02:45===> API : null ===> Message : validRequest() :: Api validated Successfully
info: ===> TimeStamp : 2025-01-21 22:02:45===> API : /api/auth/checkIP ===> Message : checkIP() invoked!!
info: ===> TimeStamp : 2025-01-21 22:02:45===> API : /api/auth/checkIP ===> Message : IPs match: 103.255.182.117
info: ===> TimeStamp : 2025-01-21 22:02:45===> API : /api/auth/checkIP ===> Message : checkIPResponse() invoked!
info: ===> TimeStamp : 2025-01-21 22:02:45===> API : /api/auth/checkIP ===> Message : checkIPResponse() completed
info: ===> TimeStamp : 2025-01-21 22:02:45===> API : null ===> Message : validateRequest() invoked
info: ===> TimeStamp : 2025-01-21 22:02:45===> API : null ===> Message : fetchDBSettings()
info: ===> TimeStamp : 2025-01-21 22:02:45===> API : null ===> Message : validateRequest() Invoked!
info: ===> TimeStamp : 2025-01-21 22:02:45===> API : null ===> Message : validRequest() :: Api validated Successfully
info: ===> TimeStamp : 2025-01-21 22:02:45===> API : /api/auth/login ===> Message : loginUser() invoked!!
info: ===> TimeStamp : 2025-01-21 22:02:45===> API : /api/auth/login ===> Message : loginUser() :: Request Object :: [object Object]
info: ===> TimeStamp : 2025-01-21 22:02:45===> API : /api/auth/login ===> Message : loginUserDB() Invoked !
info: ===> TimeStamp : 2025-01-21 22:02:45===> API : /api/auth/login ===> Message : loginUserResponse() invoked!
info: ===> TimeStamp : 2025-01-21 22:02:45===> API : /api/auth/login ===> Message : loginUserResponse() completed
info: ===> TimeStamp : 2025-01-21 22:03:12===> API : null ===> Message : validateRequest() invoked
info: ===> TimeStamp : 2025-01-21 22:03:12===> API : null ===> Message : fetchDBSettings()
info: ===> TimeStamp : 2025-01-21 22:03:12===> API : null ===> Message : validateRequest() Invoked!
info: ===> TimeStamp : 2025-01-21 22:03:12===> API : null ===> Message : validRequest() :: Api validated Successfully
info: ===> TimeStamp : 2025-01-21 22:03:12===> API : /api/auth/validateuser ===> Message : validateUser() invoked!!
info: ===> TimeStamp : 2025-01-21 22:03:12===> API : /api/auth/validateuser ===> Message : validateUser() :: Request Object :: [object Object]
info: ===> TimeStamp : 2025-01-21 22:03:12===> API : /api/auth/validateuser ===> Message : validateUserDB() Invoked !
info: ===> TimeStamp : 2025-01-21 22:03:12===> API : /api/auth/validateuser ===> Message : validateUserResponse() invoked!
info: ===> TimeStamp : 2025-01-21 22:03:12===> API : /api/auth/validateuser ===> Message : validateUserResponse() completed
info: ===> TimeStamp : 2025-01-21 22:03:12===> API : null ===> Message : validateRequest() invoked
info: ===> TimeStamp : 2025-01-21 22:03:12===> API : null ===> Message : fetchDBSettings()
info: ===> TimeStamp : 2025-01-21 22:03:12===> API : null ===> Message : validateRequest() Invoked!
info: ===> TimeStamp : 2025-01-21 22:03:12===> API : null ===> Message : validRequest() :: Api validated Successfully
info: ===> TimeStamp : 2025-01-21 22:03:12===> API : /api/auth/checkIP ===> Message : checkIP() invoked!!
info: ===> TimeStamp : 2025-01-21 22:03:12===> API : /api/auth/checkIP ===> Message : IPs match: 103.225.102.194
info: ===> TimeStamp : 2025-01-21 22:03:12===> API : /api/auth/checkIP ===> Message : checkIPResponse() invoked!
info: ===> TimeStamp : 2025-01-21 22:03:12===> API : /api/auth/checkIP ===> Message : checkIPResponse() completed
info: ===> TimeStamp : 2025-01-21 22:03:13===> API : null ===> Message : validateRequest() invoked
info: ===> TimeStamp : 2025-01-21 22:03:13===> API : null ===> Message : fetchDBSettings()
info: ===> TimeStamp : 2025-01-21 22:03:13===> API : null ===> Message : validateRequest() Invoked!
info: ===> TimeStamp : 2025-01-21 22:03:13===> API : null ===> Message : validRequest() :: Api validated Successfully
info: ===> TimeStamp : 2025-01-21 22:03:13===> API : /api/auth/login ===> Message : loginUser() invoked!!
info: ===> TimeStamp : 2025-01-21 22:03:13===> API : /api/auth/login ===> Message : loginUser() :: Request Object :: [object Object]
info: ===> TimeStamp : 2025-01-21 22:03:13===> API : /api/auth/login ===> Message : loginUserDB() Invoked !
info: ===> TimeStamp : 2025-01-21 22:03:13===> API : /api/auth/login ===> Message : loginUserResponse() invoked!
info: ===> TimeStamp : 2025-01-21 22:03:13===> API : /api/auth/login ===> Message : loginUserResponse() completed
info: ===> TimeStamp : 2025-01-21 22:41:25===> API : null ===> Message : validateRequest() invoked
info: ===> TimeStamp : 2025-01-21 22:41:25===> API : null ===> Message : fetchDBSettings()
info: ===> TimeStamp : 2025-01-21 22:41:25===> API : null ===> Message : validateRequest() Invoked!
info: ===> TimeStamp : 2025-01-21 22:41:25===> API : null ===> Message : validRequest() :: Api validated Successfully
info: ===> TimeStamp : 2025-01-21 22:41:25===> API : /api/auth/validateuser ===> Message : validateUser() invoked!!
info: ===> TimeStamp : 2025-01-21 22:41:25===> API : /api/auth/validateuser ===> Message : validateUser() :: Request Object :: [object Object]
info: ===> TimeStamp : 2025-01-21 22:41:25===> API : /api/auth/validateuser ===> Message : validateUserDB() Invoked !
info: ===> TimeStamp : 2025-01-21 22:41:25===> API : /api/auth/validateuser ===> Message : validateUserResponse() invoked!
info: ===> TimeStamp : 2025-01-21 22:41:25===> API : /api/auth/validateuser ===> Message : validateUserResponse() completed
info: ===> TimeStamp : 2025-01-21 22:41:25===> API : null ===> Message : validateRequest() invoked
info: ===> TimeStamp : 2025-01-21 22:41:25===> API : null ===> Message : fetchDBSettings()
info: ===> TimeStamp : 2025-01-21 22:41:25===> API : null ===> Message : validateRequest() Invoked!
info: ===> TimeStamp : 2025-01-21 22:41:25===> API : null ===> Message : validRequest() :: Api validated Successfully
info: ===> TimeStamp : 2025-01-21 22:41:25===> API : /api/auth/login ===> Message : loginUser() invoked!!
info: ===> TimeStamp : 2025-01-21 22:41:25===> API : /api/auth/login ===> Message : loginUser() :: Request Object :: [object Object]
info: ===> TimeStamp : 2025-01-21 22:41:25===> API : /api/auth/login ===> Message : loginUserDB() Invoked !
info: ===> TimeStamp : 2025-01-21 22:41:25===> API : /api/auth/login ===> Message : loginUserResponse() invoked!
info: ===> TimeStamp : 2025-01-21 22:41:25===> API : /api/auth/login ===> Message : loginUserResponse() completed
info: ===> TimeStamp : 2025-01-21 23:16:22===> API : null ===> Message : validateRequest() invoked
info: ===> TimeStamp : 2025-01-21 23:16:22===> API : null ===> Message : validateRequest() Error:: Invalid Request :: 
      {"apiUri":"/env"}
info: ===> TimeStamp : 2025-01-21 23:16:23===> API : null ===> Message : validateRequest() invoked
info: ===> TimeStamp : 2025-01-21 23:16:23===> API : null ===> Message : validateRequest() Error:: Invalid Request :: 
      {"apiUri":"/actuator/env"}
info: ===> TimeStamp : 2025-01-21 23:16:27===> API : null ===> Message : validateRequest() invoked
info: ===> TimeStamp : 2025-01-21 23:16:27===> API : null ===> Message : validateRequest() Error:: Invalid Request :: 
      {"apiUri":"/admin/actuator/env"}
info: ===> TimeStamp : 2025-01-21 23:16:33===> API : null ===> Message : validateRequest() invoked
info: ===> TimeStamp : 2025-01-21 23:16:33===> API : null ===> Message : validateRequest() Error:: Invalid Request :: 
      {"apiUri":"/api/env"}
info: ===> TimeStamp : 2025-01-21 23:16:36===> API : null ===> Message : validateRequest() invoked
info: ===> TimeStamp : 2025-01-21 23:16:36===> API : null ===> Message : validateRequest() Error:: Invalid Request :: 
      {"apiUri":"/admin/env"}
info: ===> TimeStamp : 2025-01-21 23:16:43===> API : null ===> Message : validateRequest() invoked
info: ===> TimeStamp : 2025-01-21 23:16:43===> API : null ===> Message : validateRequest() Error:: Invalid Request :: 
      {"apiUri":"/api/actuator/env"}
info: ===> TimeStamp : 2025-01-22 00:28:20===> API : null ===> Message : validateRequest() invoked
info: ===> TimeStamp : 2025-01-22 00:28:20===> API : null ===> Message : fetchDBSettings()
info: ===> TimeStamp : 2025-01-22 00:28:20===> API : null ===> Message : validateRequest() Invoked!
info: ===> TimeStamp : 2025-01-22 00:28:20===> API : null ===> Message : validRequest() :: Api validated Successfully
info: ===> TimeStamp : 2025-01-22 00:28:20===> API : /api/auth/validateuser ===> Message : validateUser() invoked!!
info: ===> TimeStamp : 2025-01-22 00:28:20===> API : /api/auth/validateuser ===> Message : validateUser() :: Request Object :: [object Object]
info: ===> TimeStamp : 2025-01-22 00:28:20===> API : /api/auth/validateuser ===> Message : validateUserDB() Invoked !
info: ===> TimeStamp : 2025-01-22 00:28:20===> API : /api/auth/validateuser ===> Message : validateUserResponse() invoked!
info: ===> TimeStamp : 2025-01-22 00:28:20===> API : /api/auth/validateuser ===> Message : validateUserResponse() completed
info: ===> TimeStamp : 2025-01-22 00:28:20===> API : null ===> Message : validateRequest() invoked
info: ===> TimeStamp : 2025-01-22 00:28:20===> API : null ===> Message : fetchDBSettings()
info: ===> TimeStamp : 2025-01-22 00:28:20===> API : null ===> Message : validateRequest() Invoked!
info: ===> TimeStamp : 2025-01-22 00:28:20===> API : null ===> Message : validRequest() :: Api validated Successfully
info: ===> TimeStamp : 2025-01-22 00:28:20===> API : /api/auth/login ===> Message : loginUser() invoked!!
info: ===> TimeStamp : 2025-01-22 00:28:20===> API : /api/auth/login ===> Message : loginUser() :: Request Object :: [object Object]
info: ===> TimeStamp : 2025-01-22 00:28:20===> API : /api/auth/login ===> Message : loginUserDB() Invoked !
info: ===> TimeStamp : 2025-01-22 00:28:20===> API : /api/auth/login ===> Message : loginUserResponse() invoked!
info: ===> TimeStamp : 2025-01-22 00:28:20===> API : /api/auth/login ===> Message : loginUserResponse() completed
info: ===> TimeStamp : 2025-01-22 03:00:30===> API : null ===> Message : validateRequest() invoked
info: ===> TimeStamp : 2025-01-22 03:00:30===> API : null ===> Message : fetchDBSettings()
info: ===> TimeStamp : 2025-01-22 03:00:30===> API : null ===> Message : validateRequest() Invoked!
info: ===> TimeStamp : 2025-01-22 03:00:30===> API : null ===> Message : validRequest() :: Api validated Successfully
info: ===> TimeStamp : 2025-01-22 03:00:30===> API : /api/auth/logout ===> Message : logoutUser() invoked!!
info: ===> TimeStamp : 2025-01-22 03:00:30===> API : /api/auth/logout ===> Message : logoutUser() :: Request Object :: [object Object]
info: ===> TimeStamp : 2025-01-22 03:00:30===> API : /api/auth/logout ===> Message : logoutUserDB() Invoked !
info: ===> TimeStamp : 2025-01-22 03:00:30===> API : /api/auth/logout ===> Message : logoutUserResponse() invoked!
info: ===> TimeStamp : 2025-01-22 03:00:30===> API : /api/auth/logout ===> Message : logoutUserResponse() completed
info: ===> TimeStamp : 2025-01-22 03:03:30===> API : null ===> Message : validateRequest() invoked
info: ===> TimeStamp : 2025-01-22 03:03:30===> API : null ===> Message : fetchDBSettings()
info: ===> TimeStamp : 2025-01-22 03:03:30===> API : null ===> Message : validateRequest() Invoked!
info: ===> TimeStamp : 2025-01-22 03:03:30===> API : null ===> Message : validRequest() :: Api validated Successfully
info: ===> TimeStamp : 2025-01-22 03:03:30===> API : /api/auth/validateuser ===> Message : validateUser() :: Request Object :: [object Object]
info: ===> TimeStamp : 2025-01-22 03:03:30===> API : /api/auth/validateuser ===> Message : validateUser() invoked!!
info: ===> TimeStamp : 2025-01-22 03:03:30===> API : /api/auth/validateuser ===> Message : validateUserDB() Invoked !
info: ===> TimeStamp : 2025-01-22 03:03:30===> API : /api/auth/validateuser ===> Message : validateUserResponse() invoked!
info: ===> TimeStamp : 2025-01-22 03:03:30===> API : /api/auth/validateuser ===> Message : validateUserResponse() completed
info: ===> TimeStamp : 2025-01-22 03:03:30===> API : null ===> Message : validateRequest() invoked
info: ===> TimeStamp : 2025-01-22 03:03:30===> API : null ===> Message : fetchDBSettings()
info: ===> TimeStamp : 2025-01-22 03:03:30===> API : null ===> Message : validateRequest() Invoked!
info: ===> TimeStamp : 2025-01-22 03:03:30===> API : null ===> Message : validRequest() :: Api validated Successfully
info: ===> TimeStamp : 2025-01-22 03:03:30===> API : /api/auth/checkIP ===> Message : checkIP() invoked!!
info: ===> TimeStamp : 2025-01-22 03:03:30===> API : /api/auth/checkIP ===> Message : IPs match: 103.225.102.194
info: ===> TimeStamp : 2025-01-22 03:03:30===> API : /api/auth/checkIP ===> Message : checkIPResponse() invoked!
info: ===> TimeStamp : 2025-01-22 03:03:30===> API : /api/auth/checkIP ===> Message : checkIPResponse() completed
info: ===> TimeStamp : 2025-01-22 03:03:30===> API : null ===> Message : validateRequest() invoked
info: ===> TimeStamp : 2025-01-22 03:03:30===> API : null ===> Message : fetchDBSettings()
info: ===> TimeStamp : 2025-01-22 03:03:30===> API : null ===> Message : validateRequest() Invoked!
info: ===> TimeStamp : 2025-01-22 03:03:30===> API : null ===> Message : validRequest() :: Api validated Successfully
info: ===> TimeStamp : 2025-01-22 03:03:30===> API : /api/auth/login ===> Message : loginUser() invoked!!
info: ===> TimeStamp : 2025-01-22 03:03:30===> API : /api/auth/login ===> Message : loginUser() :: Request Object :: [object Object]
info: ===> TimeStamp : 2025-01-22 03:03:30===> API : /api/auth/login ===> Message : loginUserDB() Invoked !
info: ===> TimeStamp : 2025-01-22 03:03:30===> API : /api/auth/login ===> Message : loginUserResponse() invoked!
info: ===> TimeStamp : 2025-01-22 03:03:30===> API : /api/auth/login ===> Message : loginUserResponse() completed
info: ===> TimeStamp : 2025-01-22 03:04:19===> API : null ===> Message : validateRequest() invoked
info: ===> TimeStamp : 2025-01-22 03:04:19===> API : null ===> Message : validateRequest() Error:: Invalid Request :: 
      {"apiUri":"/"}
info: ===> TimeStamp : 2025-01-22 03:04:27===> API : null ===> Message : validateRequest() invoked
info: ===> TimeStamp : 2025-01-22 03:04:27===> API : null ===> Message : validateRequest() Error:: Invalid Request :: 
      {"apiUri":"/"}
info: ===> TimeStamp : 2025-01-22 03:04:28===> API : null ===> Message : validateRequest() invoked
info: ===> TimeStamp : 2025-01-22 03:04:28===> API : null ===> Message : validateRequest() Error:: Invalid Request :: 
      {"apiUri":"/favicon.ico"}
info: ===> TimeStamp : 2025-01-22 03:09:12===> API : null ===> Message : validateRequest() invoked
info: ===> TimeStamp : 2025-01-22 03:09:12===> API : null ===> Message : validateRequest() Error:: Invalid Request :: 
      {"apiUri":"/env"}
info: ===> TimeStamp : 2025-01-22 03:09:17===> API : null ===> Message : validateRequest() invoked
info: ===> TimeStamp : 2025-01-22 03:09:17===> API : null ===> Message : validateRequest() Error:: Invalid Request :: 
      {"apiUri":"/actuator/env"}
info: ===> TimeStamp : 2025-01-22 03:09:20===> API : null ===> Message : validateRequest() invoked
info: ===> TimeStamp : 2025-01-22 03:09:20===> API : null ===> Message : validateRequest() Error:: Invalid Request :: 
      {"apiUri":"/admin/actuator/env"}
info: ===> TimeStamp : 2025-01-22 03:09:26===> API : null ===> Message : validateRequest() invoked
info: ===> TimeStamp : 2025-01-22 03:09:26===> API : null ===> Message : validateRequest() Error:: Invalid Request :: 
      {"apiUri":"/api/env"}
info: ===> TimeStamp : 2025-01-22 03:09:30===> API : null ===> Message : validateRequest() invoked
info: ===> TimeStamp : 2025-01-22 03:09:30===> API : null ===> Message : validateRequest() Error:: Invalid Request :: 
      {"apiUri":"/admin/env"}
info: ===> TimeStamp : 2025-01-22 03:09:39===> API : null ===> Message : validateRequest() invoked
info: ===> TimeStamp : 2025-01-22 03:09:39===> API : null ===> Message : validateRequest() Error:: Invalid Request :: 
      {"apiUri":"/api/actuator/env"}
