info: ===> TimeStamp : 2025-06-13 06:39:51===> API : null ===> Message : validateRequest() invoked
info: ===> TimeStamp : 2025-06-13 06:39:51===> API : null ===> Message : fetchDBSettings()
info: ===> TimeStamp : 2025-06-13 06:39:51===> API : null ===> Message : validateRequest() Invoked!
info: ===> TimeStamp : 2025-06-13 06:39:51===> API : null ===> Message : validRequest() :: Api validated Successfully
info: ===> TimeStamp : 2025-06-13 06:39:51===> API : /api/auth/logout ===> Message : logoutUser() invoked!!
info: ===> TimeStamp : 2025-06-13 06:39:51===> API : /api/auth/logout ===> Message : logoutUser() :: Request Object :: [object Object]
info: ===> TimeStamp : 2025-06-13 06:39:51===> API : /api/auth/logout ===> Message : logoutUserDB() Invoked !
info: ===> TimeStamp : 2025-06-13 06:39:51===> API : /api/auth/logout ===> Message : logoutUserResponse() invoked!
info: ===> TimeStamp : 2025-06-13 06:39:51===> API : /api/auth/logout ===> Message : logoutUserResponse() completed
info: ===> TimeStamp : 2025-06-13 06:51:34===> API : null ===> Message : validateRequest() invoked
info: ===> TimeStamp : 2025-06-13 06:51:34===> API : null ===> Message : fetchDBSettings()
info: ===> TimeStamp : 2025-06-13 06:51:35===> API : null ===> Message : validateRequest() Invoked!
info: ===> TimeStamp : 2025-06-13 06:51:35===> API : null ===> Message : validRequest() :: Api validated Successfully
info: ===> TimeStamp : 2025-06-13 06:51:35===> API : /api/auth/logout ===> Message : logoutUser() invoked!!
info: ===> TimeStamp : 2025-06-13 06:51:35===> API : /api/auth/logout ===> Message : logoutUser() :: Request Object :: [object Object]
info: ===> TimeStamp : 2025-06-13 06:51:35===> API : /api/auth/logout ===> Message : logoutUserDB() Invoked !
info: ===> TimeStamp : 2025-06-13 06:51:35===> API : /api/auth/logout ===> Message : logoutUserResponse() invoked!
info: ===> TimeStamp : 2025-06-13 06:51:35===> API : /api/auth/logout ===> Message : logoutUserResponse() completed
info: ===> TimeStamp : 2025-06-13 07:00:17===> API : null ===> Message : validateRequest() invoked
info: ===> TimeStamp : 2025-06-13 07:00:17===> API : null ===> Message : fetchDBSettings()
info: ===> TimeStamp : 2025-06-13 07:00:18===> API : null ===> Message : validateRequest() Invoked!
info: ===> TimeStamp : 2025-06-13 07:00:18===> API : null ===> Message : validRequest() :: Api validated Successfully
info: ===> TimeStamp : 2025-06-13 07:00:18===> API : /api/auth/validateuser ===> Message : validateUser() invoked!!
info: ===> TimeStamp : 2025-06-13 07:00:18===> API : /api/auth/validateuser ===> Message : validateUser() :: Request Object :: [object Object]
info: ===> TimeStamp : 2025-06-13 07:00:18===> API : /api/auth/validateuser ===> Message : validateUserDB() Invoked !
info: ===> TimeStamp : 2025-06-13 07:00:18===> API : /api/auth/validateuser ===> Message : validateUserResponse() invoked!
info: ===> TimeStamp : 2025-06-13 07:00:18===> API : /api/auth/validateuser ===> Message : validateUserResponse() completed
info: ===> TimeStamp : 2025-06-13 07:00:18===> API : null ===> Message : validateRequest() invoked
info: ===> TimeStamp : 2025-06-13 07:00:18===> API : null ===> Message : fetchDBSettings()
info: ===> TimeStamp : 2025-06-13 07:00:18===> API : null ===> Message : validateRequest() Invoked!
info: ===> TimeStamp : 2025-06-13 07:00:18===> API : null ===> Message : validRequest() :: Api validated Successfully
info: ===> TimeStamp : 2025-06-13 07:00:18===> API : /api/auth/checkIP ===> Message : checkIP() invoked!!
info: ===> TimeStamp : 2025-06-13 07:00:18===> API : /api/auth/checkIP ===> Message : IPs match: 103.225.102.194
info: ===> TimeStamp : 2025-06-13 07:00:18===> API : /api/auth/checkIP ===> Message : checkIPResponse() invoked!
info: ===> TimeStamp : 2025-06-13 07:00:18===> API : /api/auth/checkIP ===> Message : checkIPResponse() completed
info: ===> TimeStamp : 2025-06-13 07:00:18===> API : null ===> Message : validateRequest() invoked
info: ===> TimeStamp : 2025-06-13 07:00:18===> API : null ===> Message : fetchDBSettings()
info: ===> TimeStamp : 2025-06-13 07:00:18===> API : null ===> Message : validateRequest() Invoked!
info: ===> TimeStamp : 2025-06-13 07:00:18===> API : null ===> Message : validRequest() :: Api validated Successfully
info: ===> TimeStamp : 2025-06-13 07:00:18===> API : /api/auth/login ===> Message : loginUser() invoked!!
info: ===> TimeStamp : 2025-06-13 07:00:18===> API : /api/auth/login ===> Message : loginUser() :: Request Object :: [object Object]
info: ===> TimeStamp : 2025-06-13 07:00:18===> API : /api/auth/login ===> Message : loginUserDB() Invoked !
info: ===> TimeStamp : 2025-06-13 07:00:18===> API : /api/auth/login ===> Message : loginUserResponse() invoked!
info: ===> TimeStamp : 2025-06-13 07:00:18===> API : /api/auth/login ===> Message : loginUserResponse() completed
info: ===> TimeStamp : 2025-06-13 07:00:35===> API : null ===> Message : validateRequest() invoked
info: ===> TimeStamp : 2025-06-13 07:00:35===> API : null ===> Message : fetchDBSettings()
info: ===> TimeStamp : 2025-06-13 07:00:35===> API : null ===> Message : validateRequest() Invoked!
info: ===> TimeStamp : 2025-06-13 07:00:35===> API : null ===> Message : validRequest() :: Api validated Successfully
info: ===> TimeStamp : 2025-06-13 07:00:35===> API : /api/auth/validateuser ===> Message : validateUser() invoked!!
info: ===> TimeStamp : 2025-06-13 07:00:35===> API : /api/auth/validateuser ===> Message : validateUser() :: Request Object :: [object Object]
info: ===> TimeStamp : 2025-06-13 07:00:35===> API : /api/auth/validateuser ===> Message : validateUserDB() Invoked !
info: ===> TimeStamp : 2025-06-13 07:00:35===> API : /api/auth/validateuser ===> Message : validateUserResponse() invoked!
info: ===> TimeStamp : 2025-06-13 07:00:35===> API : /api/auth/validateuser ===> Message : validateUserResponse() completed
info: ===> TimeStamp : 2025-06-13 07:00:36===> API : null ===> Message : validateRequest() invoked
info: ===> TimeStamp : 2025-06-13 07:00:36===> API : null ===> Message : fetchDBSettings()
info: ===> TimeStamp : 2025-06-13 07:00:36===> API : null ===> Message : validateRequest() Invoked!
info: ===> TimeStamp : 2025-06-13 07:00:36===> API : null ===> Message : validRequest() :: Api validated Successfully
info: ===> TimeStamp : 2025-06-13 07:00:36===> API : /api/auth/checkIP ===> Message : checkIP() invoked!!
info: ===> TimeStamp : 2025-06-13 07:00:36===> API : /api/auth/checkIP ===> Message : IPs match: 103.225.102.194
info: ===> TimeStamp : 2025-06-13 07:00:36===> API : /api/auth/checkIP ===> Message : checkIPResponse() invoked!
info: ===> TimeStamp : 2025-06-13 07:00:36===> API : /api/auth/checkIP ===> Message : checkIPResponse() completed
info: ===> TimeStamp : 2025-06-13 07:00:36===> API : null ===> Message : validateRequest() invoked
info: ===> TimeStamp : 2025-06-13 07:00:36===> API : null ===> Message : fetchDBSettings()
info: ===> TimeStamp : 2025-06-13 07:00:36===> API : null ===> Message : validateRequest() Invoked!
info: ===> TimeStamp : 2025-06-13 07:00:36===> API : null ===> Message : validRequest() :: Api validated Successfully
info: ===> TimeStamp : 2025-06-13 07:00:36===> API : /api/auth/login ===> Message : loginUser() invoked!!
info: ===> TimeStamp : 2025-06-13 07:00:36===> API : /api/auth/login ===> Message : loginUser() :: Request Object :: [object Object]
info: ===> TimeStamp : 2025-06-13 07:00:36===> API : /api/auth/login ===> Message : loginUserDB() Invoked !
info: ===> TimeStamp : 2025-06-13 07:00:36===> API : /api/auth/login ===> Message : loginUserResponse() invoked!
info: ===> TimeStamp : 2025-06-13 07:00:36===> API : /api/auth/login ===> Message : loginUserResponse() completed
info: ===> TimeStamp : 2025-06-13 07:33:19===> API : null ===> Message : validateRequest() invoked
info: ===> TimeStamp : 2025-06-13 07:33:19===> API : null ===> Message : fetchDBSettings()
info: ===> TimeStamp : 2025-06-13 07:33:19===> API : null ===> Message : validateRequest() Invoked!
info: ===> TimeStamp : 2025-06-13 07:33:19===> API : null ===> Message : validRequest() :: Api validated Successfully
info: ===> TimeStamp : 2025-06-13 07:33:19===> API : /api/auth/validateuser ===> Message : validateUser() invoked!!
info: ===> TimeStamp : 2025-06-13 07:33:19===> API : /api/auth/validateuser ===> Message : validateUser() :: Request Object :: [object Object]
info: ===> TimeStamp : 2025-06-13 07:33:19===> API : /api/auth/validateuser ===> Message : validateUserDB() Invoked !
info: ===> TimeStamp : 2025-06-13 07:33:19===> API : /api/auth/validateuser ===> Message : validateUserResponse() invoked!
info: ===> TimeStamp : 2025-06-13 07:33:19===> API : /api/auth/validateuser ===> Message : validateUserResponse() completed
info: ===> TimeStamp : 2025-06-13 07:33:19===> API : null ===> Message : validateRequest() invoked
info: ===> TimeStamp : 2025-06-13 07:33:19===> API : null ===> Message : fetchDBSettings()
info: ===> TimeStamp : 2025-06-13 07:33:19===> API : null ===> Message : validateRequest() Invoked!
info: ===> TimeStamp : 2025-06-13 07:33:19===> API : null ===> Message : validRequest() :: Api validated Successfully
info: ===> TimeStamp : 2025-06-13 07:33:19===> API : /api/auth/login ===> Message : loginUser() invoked!!
info: ===> TimeStamp : 2025-06-13 07:33:19===> API : /api/auth/login ===> Message : loginUser() :: Request Object :: [object Object]
info: ===> TimeStamp : 2025-06-13 07:33:19===> API : /api/auth/login ===> Message : loginUserDB() Invoked !
info: ===> TimeStamp : 2025-06-13 07:33:19===> API : /api/auth/login ===> Message : loginUserResponse() invoked!
info: ===> TimeStamp : 2025-06-13 07:33:19===> API : /api/auth/login ===> Message : loginUserResponse() completed
info: ===> TimeStamp : 2025-06-13 08:27:23===> API : null ===> Message : validateRequest() invoked
info: ===> TimeStamp : 2025-06-13 08:27:23===> API : null ===> Message : fetchDBSettings()
info: ===> TimeStamp : 2025-06-13 08:27:23===> API : null ===> Message : validateRequest() Invoked!
info: ===> TimeStamp : 2025-06-13 08:27:23===> API : null ===> Message : validRequest() :: Api validated Successfully
info: ===> TimeStamp : 2025-06-13 08:27:23===> API : /api/auth/validateuser ===> Message : validateUser() invoked!!
info: ===> TimeStamp : 2025-06-13 08:27:23===> API : /api/auth/validateuser ===> Message : validateUser() :: Request Object :: [object Object]
info: ===> TimeStamp : 2025-06-13 08:27:23===> API : /api/auth/validateuser ===> Message : validateUserDB() Invoked !
info: ===> TimeStamp : 2025-06-13 08:27:23===> API : /api/auth/validateuser ===> Message : validateUserResponse() invoked!
info: ===> TimeStamp : 2025-06-13 08:27:23===> API : /api/auth/validateuser ===> Message : validateUserResponse() completed
info: ===> TimeStamp : 2025-06-13 08:27:23===> API : null ===> Message : validateRequest() invoked
info: ===> TimeStamp : 2025-06-13 08:27:23===> API : null ===> Message : fetchDBSettings()
info: ===> TimeStamp : 2025-06-13 08:27:23===> API : null ===> Message : validateRequest() Invoked!
info: ===> TimeStamp : 2025-06-13 08:27:23===> API : null ===> Message : validRequest() :: Api validated Successfully
info: ===> TimeStamp : 2025-06-13 08:27:23===> API : /api/auth/login ===> Message : loginUser() invoked!!
info: ===> TimeStamp : 2025-06-13 08:27:23===> API : /api/auth/login ===> Message : loginUser() :: Request Object :: [object Object]
info: ===> TimeStamp : 2025-06-13 08:27:23===> API : /api/auth/login ===> Message : loginUserDB() Invoked !
info: ===> TimeStamp : 2025-06-13 08:27:24===> API : /api/auth/login ===> Message : loginUserResponse() invoked!
info: ===> TimeStamp : 2025-06-13 08:27:24===> API : /api/auth/login ===> Message : loginUserResponse() completed
info: ===> TimeStamp : 2025-06-13 09:41:10===> API : null ===> Message : validateRequest() invoked
info: ===> TimeStamp : 2025-06-13 09:41:10===> API : null ===> Message : validateRequest() Error:: Invalid Request :: 
      {"apiUri":"/robots.txt"}
info: ===> TimeStamp : 2025-06-13 09:41:32===> API : null ===> Message : validateRequest() invoked
info: ===> TimeStamp : 2025-06-13 09:41:32===> API : null ===> Message : validateRequest() Error:: Invalid Request :: 
      {"apiUri":"/"}
info: ===> TimeStamp : 2025-06-13 10:48:09===> API : null ===> Message : validateRequest() invoked
info: ===> TimeStamp : 2025-06-13 10:48:09===> API : null ===> Message : fetchDBSettings()
info: ===> TimeStamp : 2025-06-13 10:48:09===> API : null ===> Message : validateRequest() Invoked!
info: ===> TimeStamp : 2025-06-13 10:48:09===> API : null ===> Message : validRequest() :: Api validated Successfully
info: ===> TimeStamp : 2025-06-13 10:48:09===> API : /api/auth/validateuser ===> Message : validateUser() invoked!!
info: ===> TimeStamp : 2025-06-13 10:48:09===> API : /api/auth/validateuser ===> Message : validateUser() :: Request Object :: [object Object]
info: ===> TimeStamp : 2025-06-13 10:48:09===> API : /api/auth/validateuser ===> Message : validateUserDB() Invoked !
info: ===> TimeStamp : 2025-06-13 10:48:09===> API : /api/auth/validateuser ===> Message : validateUserResponse() invoked!
info: ===> TimeStamp : 2025-06-13 10:48:09===> API : /api/auth/validateuser ===> Message : validateUserResponse() completed
info: ===> TimeStamp : 2025-06-13 10:48:09===> API : null ===> Message : validateRequest() invoked
info: ===> TimeStamp : 2025-06-13 10:48:09===> API : null ===> Message : fetchDBSettings()
info: ===> TimeStamp : 2025-06-13 10:48:09===> API : null ===> Message : validateRequest() Invoked!
info: ===> TimeStamp : 2025-06-13 10:48:09===> API : null ===> Message : validRequest() :: Api validated Successfully
info: ===> TimeStamp : 2025-06-13 10:48:09===> API : /api/auth/login ===> Message : loginUser() invoked!!
info: ===> TimeStamp : 2025-06-13 10:48:09===> API : /api/auth/login ===> Message : loginUser() :: Request Object :: [object Object]
info: ===> TimeStamp : 2025-06-13 10:48:09===> API : /api/auth/login ===> Message : loginUserDB() Invoked !
info: ===> TimeStamp : 2025-06-13 10:48:09===> API : /api/auth/login ===> Message : loginUserResponse() invoked!
info: ===> TimeStamp : 2025-06-13 10:48:09===> API : /api/auth/login ===> Message : loginUserResponse() completed
info: ===> TimeStamp : 2025-06-13 12:08:50===> API : null ===> Message : validateRequest() invoked
info: ===> TimeStamp : 2025-06-13 12:08:50===> API : null ===> Message : validateRequest() Error:: Invalid Request :: 
      {"apiUri":"/"}
info: ===> TimeStamp : 2025-06-13 12:08:51===> API : null ===> Message : validateRequest() invoked
info: ===> TimeStamp : 2025-06-13 12:08:51===> API : null ===> Message : validateRequest() Error:: Invalid Request :: 
      {"apiUri":"/favicon.ico"}
info: ===> TimeStamp : 2025-06-13 13:05:00===> API : null ===> Message : validateRequest() invoked
info: ===> TimeStamp : 2025-06-13 13:05:00===> API : null ===> Message : fetchDBSettings()
info: ===> TimeStamp : 2025-06-13 13:05:00===> API : null ===> Message : validateRequest() Invoked!
info: ===> TimeStamp : 2025-06-13 13:05:00===> API : null ===> Message : validRequest() :: Api validated Successfully
info: ===> TimeStamp : 2025-06-13 13:05:00===> API : /api/auth/validateuser ===> Message : validateUser() invoked!!
info: ===> TimeStamp : 2025-06-13 13:05:00===> API : /api/auth/validateuser ===> Message : validateUser() :: Request Object :: [object Object]
info: ===> TimeStamp : 2025-06-13 13:05:00===> API : /api/auth/validateuser ===> Message : validateUserDB() Invoked !
info: ===> TimeStamp : 2025-06-13 13:05:00===> API : /api/auth/validateuser ===> Message : validateUserResponse() invoked!
info: ===> TimeStamp : 2025-06-13 13:05:00===> API : /api/auth/validateuser ===> Message : validateUserResponse() completed
info: ===> TimeStamp : 2025-06-13 13:05:00===> API : null ===> Message : validateRequest() invoked
info: ===> TimeStamp : 2025-06-13 13:05:00===> API : null ===> Message : fetchDBSettings()
info: ===> TimeStamp : 2025-06-13 13:05:00===> API : null ===> Message : validateRequest() Invoked!
info: ===> TimeStamp : 2025-06-13 13:05:00===> API : null ===> Message : validRequest() :: Api validated Successfully
info: ===> TimeStamp : 2025-06-13 13:05:00===> API : /api/auth/login ===> Message : loginUser() invoked!!
info: ===> TimeStamp : 2025-06-13 13:05:00===> API : /api/auth/login ===> Message : loginUser() :: Request Object :: [object Object]
info: ===> TimeStamp : 2025-06-13 13:05:00===> API : /api/auth/login ===> Message : loginUserDB() Invoked !
info: ===> TimeStamp : 2025-06-13 13:05:00===> API : /api/auth/login ===> Message : loginUserResponse() invoked!
info: ===> TimeStamp : 2025-06-13 13:05:00===> API : /api/auth/login ===> Message : loginUserResponse() completed
info: ===> TimeStamp : 2025-06-13 13:32:54===> API : null ===> Message : validateRequest() invoked
info: ===> TimeStamp : 2025-06-13 13:32:54===> API : null ===> Message : fetchDBSettings()
info: ===> TimeStamp : 2025-06-13 13:32:54===> API : null ===> Message : validateRequest() Invoked!
info: ===> TimeStamp : 2025-06-13 13:32:54===> API : null ===> Message : validRequest() :: Api validated Successfully
info: ===> TimeStamp : 2025-06-13 13:32:54===> API : /api/auth/validateuser ===> Message : validateUser() invoked!!
info: ===> TimeStamp : 2025-06-13 13:32:54===> API : /api/auth/validateuser ===> Message : validateUser() :: Request Object :: [object Object]
info: ===> TimeStamp : 2025-06-13 13:32:54===> API : /api/auth/validateuser ===> Message : validateUserDB() Invoked !
info: ===> TimeStamp : 2025-06-13 13:32:54===> API : /api/auth/validateuser ===> Message : validateUserResponse() invoked!
info: ===> TimeStamp : 2025-06-13 13:32:54===> API : /api/auth/validateuser ===> Message : validateUserResponse() completed
info: ===> TimeStamp : 2025-06-13 13:32:55===> API : null ===> Message : validateRequest() invoked
info: ===> TimeStamp : 2025-06-13 13:32:55===> API : null ===> Message : fetchDBSettings()
info: ===> TimeStamp : 2025-06-13 13:32:55===> API : null ===> Message : validateRequest() Invoked!
info: ===> TimeStamp : 2025-06-13 13:32:55===> API : null ===> Message : validRequest() :: Api validated Successfully
info: ===> TimeStamp : 2025-06-13 13:32:55===> API : /api/auth/login ===> Message : loginUser() invoked!!
info: ===> TimeStamp : 2025-06-13 13:32:55===> API : /api/auth/login ===> Message : loginUser() :: Request Object :: [object Object]
info: ===> TimeStamp : 2025-06-13 13:32:55===> API : /api/auth/login ===> Message : loginUserDB() Invoked !
info: ===> TimeStamp : 2025-06-13 13:32:55===> API : /api/auth/login ===> Message : loginUserResponse() invoked!
info: ===> TimeStamp : 2025-06-13 13:32:55===> API : /api/auth/login ===> Message : loginUserResponse() completed
info: ===> TimeStamp : 2025-06-13 14:46:10===> API : null ===> Message : validateRequest() invoked
info: ===> TimeStamp : 2025-06-13 14:46:10===> API : null ===> Message : fetchDBSettings()
info: ===> TimeStamp : 2025-06-13 14:46:10===> API : null ===> Message : validateRequest() Invoked!
info: ===> TimeStamp : 2025-06-13 14:46:10===> API : null ===> Message : validRequest() :: Api validated Successfully
info: ===> TimeStamp : 2025-06-13 14:46:10===> API : /api/auth/logout ===> Message : logoutUser() invoked!!
info: ===> TimeStamp : 2025-06-13 14:46:10===> API : /api/auth/logout ===> Message : logoutUser() :: Request Object :: [object Object]
info: ===> TimeStamp : 2025-06-13 14:46:10===> API : /api/auth/logout ===> Message : logoutUserDB() Invoked !
info: ===> TimeStamp : 2025-06-13 14:46:10===> API : /api/auth/logout ===> Message : logoutUserResponse() invoked!
info: ===> TimeStamp : 2025-06-13 14:46:10===> API : /api/auth/logout ===> Message : logoutUserResponse() completed
info: ===> TimeStamp : 2025-06-13 14:48:52===> API : null ===> Message : fetchDBSettings()
info: ===> TimeStamp : 2025-06-13 14:48:52===> API : null ===> Message : validateRequest() invoked
info: ===> TimeStamp : 2025-06-13 14:48:52===> API : null ===> Message : validateRequest() Invoked!
info: ===> TimeStamp : 2025-06-13 14:48:52===> API : null ===> Message : validRequest() :: Api validated Successfully
info: ===> TimeStamp : 2025-06-13 14:48:52===> API : /api/auth/logout ===> Message : logoutUser() invoked!!
info: ===> TimeStamp : 2025-06-13 14:48:52===> API : /api/auth/logout ===> Message : logoutUser() :: Request Object :: [object Object]
info: ===> TimeStamp : 2025-06-13 14:48:52===> API : /api/auth/logout ===> Message : logoutUserDB() Invoked !
info: ===> TimeStamp : 2025-06-13 14:48:52===> API : /api/auth/logout ===> Message : logoutUserResponse() invoked!
info: ===> TimeStamp : 2025-06-13 14:48:52===> API : /api/auth/logout ===> Message : logoutUserResponse() completed
info: ===> TimeStamp : 2025-06-13 14:48:57===> API : null ===> Message : validateRequest() invoked
info: ===> TimeStamp : 2025-06-13 14:48:57===> API : null ===> Message : fetchDBSettings()
info: ===> TimeStamp : 2025-06-13 14:48:57===> API : null ===> Message : validateRequest() Invoked!
info: ===> TimeStamp : 2025-06-13 14:48:57===> API : null ===> Message : validRequest() :: Api validated Successfully
info: ===> TimeStamp : 2025-06-13 14:48:57===> API : /api/auth/validateuser ===> Message : validateUser() invoked!!
info: ===> TimeStamp : 2025-06-13 14:48:57===> API : /api/auth/validateuser ===> Message : validateUser() :: Request Object :: [object Object]
info: ===> TimeStamp : 2025-06-13 14:48:57===> API : /api/auth/validateuser ===> Message : validateUserDB() Invoked !
info: ===> TimeStamp : 2025-06-13 14:48:57===> API : /api/auth/validateuser ===> Message : validateUserResponse() invoked!
info: ===> TimeStamp : 2025-06-13 14:48:57===> API : /api/auth/validateuser ===> Message : validateUserResponse() completed
info: ===> TimeStamp : 2025-06-13 14:48:57===> API : null ===> Message : validateRequest() invoked
info: ===> TimeStamp : 2025-06-13 14:48:57===> API : null ===> Message : fetchDBSettings()
info: ===> TimeStamp : 2025-06-13 14:48:57===> API : null ===> Message : validateRequest() Invoked!
info: ===> TimeStamp : 2025-06-13 14:48:57===> API : null ===> Message : validRequest() :: Api validated Successfully
info: ===> TimeStamp : 2025-06-13 14:48:57===> API : /api/auth/checkIP ===> Message : checkIP() invoked!!
info: ===> TimeStamp : 2025-06-13 14:48:57===> API : /api/auth/checkIP ===> Message : IPs match: 103.225.102.194
info: ===> TimeStamp : 2025-06-13 14:48:57===> API : /api/auth/checkIP ===> Message : checkIPResponse() invoked!
info: ===> TimeStamp : 2025-06-13 14:48:57===> API : /api/auth/checkIP ===> Message : checkIPResponse() completed
info: ===> TimeStamp : 2025-06-13 14:48:57===> API : null ===> Message : validateRequest() invoked
info: ===> TimeStamp : 2025-06-13 14:48:57===> API : null ===> Message : fetchDBSettings()
info: ===> TimeStamp : 2025-06-13 14:48:57===> API : null ===> Message : validateRequest() Invoked!
info: ===> TimeStamp : 2025-06-13 14:48:57===> API : null ===> Message : validRequest() :: Api validated Successfully
info: ===> TimeStamp : 2025-06-13 14:48:57===> API : /api/auth/login ===> Message : loginUser() invoked!!
info: ===> TimeStamp : 2025-06-13 14:48:57===> API : /api/auth/login ===> Message : loginUser() :: Request Object :: [object Object]
info: ===> TimeStamp : 2025-06-13 14:48:57===> API : /api/auth/login ===> Message : loginUserDB() Invoked !
info: ===> TimeStamp : 2025-06-13 14:48:57===> API : /api/auth/login ===> Message : loginUserResponse() invoked!
info: ===> TimeStamp : 2025-06-13 14:48:57===> API : /api/auth/login ===> Message : loginUserResponse() completed
info: ===> TimeStamp : 2025-06-13 15:10:36===> API : null ===> Message : validateRequest() invoked
info: ===> TimeStamp : 2025-06-13 15:10:36===> API : null ===> Message : fetchDBSettings()
info: ===> TimeStamp : 2025-06-13 15:10:36===> API : null ===> Message : validateRequest() Invoked!
info: ===> TimeStamp : 2025-06-13 15:10:36===> API : null ===> Message : validRequest() :: Api validated Successfully
info: ===> TimeStamp : 2025-06-13 15:10:36===> API : /api/auth/validateuser ===> Message : validateUser() invoked!!
info: ===> TimeStamp : 2025-06-13 15:10:36===> API : /api/auth/validateuser ===> Message : validateUser() :: Request Object :: [object Object]
info: ===> TimeStamp : 2025-06-13 15:10:36===> API : /api/auth/validateuser ===> Message : validateUserDB() Invoked !
info: ===> TimeStamp : 2025-06-13 15:10:36===> API : /api/auth/validateuser ===> Message : validateUserResponse() invoked!
info: ===> TimeStamp : 2025-06-13 15:10:36===> API : /api/auth/validateuser ===> Message : validateUserResponse() completed
info: ===> TimeStamp : 2025-06-13 15:10:36===> API : null ===> Message : validateRequest() invoked
info: ===> TimeStamp : 2025-06-13 15:10:36===> API : null ===> Message : fetchDBSettings()
info: ===> TimeStamp : 2025-06-13 15:10:36===> API : null ===> Message : validateRequest() Invoked!
info: ===> TimeStamp : 2025-06-13 15:10:36===> API : null ===> Message : validRequest() :: Api validated Successfully
info: ===> TimeStamp : 2025-06-13 15:10:36===> API : /api/auth/checkIP ===> Message : checkIP() invoked!!
info: ===> TimeStamp : 2025-06-13 15:10:36===> API : /api/auth/checkIP ===> Message : checkIPResponse() invoked!
info: ===> TimeStamp : 2025-06-13 15:10:36===> API : /api/auth/checkIP ===> Message : IPs match: 103.225.102.194
info: ===> TimeStamp : 2025-06-13 15:10:36===> API : /api/auth/checkIP ===> Message : checkIPResponse() completed
info: ===> TimeStamp : 2025-06-13 15:10:36===> API : null ===> Message : validateRequest() invoked
info: ===> TimeStamp : 2025-06-13 15:10:36===> API : null ===> Message : fetchDBSettings()
info: ===> TimeStamp : 2025-06-13 15:10:36===> API : null ===> Message : validateRequest() Invoked!
info: ===> TimeStamp : 2025-06-13 15:10:36===> API : null ===> Message : validRequest() :: Api validated Successfully
info: ===> TimeStamp : 2025-06-13 15:10:36===> API : /api/auth/login ===> Message : loginUser() invoked!!
info: ===> TimeStamp : 2025-06-13 15:10:36===> API : /api/auth/login ===> Message : loginUser() :: Request Object :: [object Object]
info: ===> TimeStamp : 2025-06-13 15:10:36===> API : /api/auth/login ===> Message : loginUserDB() Invoked !
info: ===> TimeStamp : 2025-06-13 15:10:36===> API : /api/auth/login ===> Message : loginUserResponse() invoked!
info: ===> TimeStamp : 2025-06-13 15:10:36===> API : /api/auth/login ===> Message : loginUserResponse() completed
info: ===> TimeStamp : 2025-06-13 16:28:20===> API : null ===> Message : validateRequest() invoked
info: ===> TimeStamp : 2025-06-13 16:28:20===> API : null ===> Message : fetchDBSettings()
info: ===> TimeStamp : 2025-06-13 16:28:21===> API : null ===> Message : validateRequest() Invoked!
info: ===> TimeStamp : 2025-06-13 16:28:21===> API : null ===> Message : validRequest() :: Api validated Successfully
info: ===> TimeStamp : 2025-06-13 16:28:21===> API : /api/auth/validateuser ===> Message : validateUser() invoked!!
info: ===> TimeStamp : 2025-06-13 16:28:21===> API : /api/auth/validateuser ===> Message : validateUser() :: Request Object :: [object Object]
info: ===> TimeStamp : 2025-06-13 16:28:21===> API : /api/auth/validateuser ===> Message : validateUserDB() Invoked !
info: ===> TimeStamp : 2025-06-13 16:28:21===> API : /api/auth/validateuser ===> Message : validateUserResponse() invoked!
info: ===> TimeStamp : 2025-06-13 16:28:21===> API : /api/auth/validateuser ===> Message : validateUserResponse() completed
info: ===> TimeStamp : 2025-06-13 16:28:21===> API : null ===> Message : validateRequest() invoked
info: ===> TimeStamp : 2025-06-13 16:28:21===> API : null ===> Message : fetchDBSettings()
info: ===> TimeStamp : 2025-06-13 16:28:21===> API : null ===> Message : validateRequest() Invoked!
info: ===> TimeStamp : 2025-06-13 16:28:21===> API : null ===> Message : validRequest() :: Api validated Successfully
info: ===> TimeStamp : 2025-06-13 16:28:21===> API : /api/auth/checkIP ===> Message : checkIP() invoked!!
info: ===> TimeStamp : 2025-06-13 16:28:21===> API : /api/auth/checkIP ===> Message : IPs match: 103.225.102.194
info: ===> TimeStamp : 2025-06-13 16:28:21===> API : /api/auth/checkIP ===> Message : checkIPResponse() invoked!
info: ===> TimeStamp : 2025-06-13 16:28:21===> API : /api/auth/checkIP ===> Message : checkIPResponse() completed
info: ===> TimeStamp : 2025-06-13 16:28:21===> API : null ===> Message : validateRequest() invoked
info: ===> TimeStamp : 2025-06-13 16:28:21===> API : null ===> Message : fetchDBSettings()
info: ===> TimeStamp : 2025-06-13 16:28:21===> API : null ===> Message : validateRequest() Invoked!
info: ===> TimeStamp : 2025-06-13 16:28:21===> API : null ===> Message : validRequest() :: Api validated Successfully
info: ===> TimeStamp : 2025-06-13 16:28:21===> API : /api/auth/login ===> Message : loginUser() invoked!!
info: ===> TimeStamp : 2025-06-13 16:28:21===> API : /api/auth/login ===> Message : loginUser() :: Request Object :: [object Object]
info: ===> TimeStamp : 2025-06-13 16:28:21===> API : /api/auth/login ===> Message : loginUserDB() Invoked !
info: ===> TimeStamp : 2025-06-13 16:28:21===> API : /api/auth/login ===> Message : loginUserResponse() invoked!
info: ===> TimeStamp : 2025-06-13 16:28:21===> API : /api/auth/login ===> Message : loginUserResponse() completed
info: ===> TimeStamp : 2025-06-13 16:28:30===> API : null ===> Message : validateRequest() invoked
info: ===> TimeStamp : 2025-06-13 16:28:30===> API : null ===> Message : fetchDBSettings()
info: ===> TimeStamp : 2025-06-13 16:28:30===> API : null ===> Message : validateRequest() Invoked!
info: ===> TimeStamp : 2025-06-13 16:28:30===> API : null ===> Message : validRequest() :: Api validated Successfully
info: ===> TimeStamp : 2025-06-13 16:28:30===> API : /api/auth/validateuser ===> Message : validateUser() invoked!!
info: ===> TimeStamp : 2025-06-13 16:28:30===> API : /api/auth/validateuser ===> Message : validateUser() :: Request Object :: [object Object]
info: ===> TimeStamp : 2025-06-13 16:28:30===> API : /api/auth/validateuser ===> Message : validateUserDB() Invoked !
info: ===> TimeStamp : 2025-06-13 16:28:30===> API : /api/auth/validateuser ===> Message : validateUserResponse() invoked!
info: ===> TimeStamp : 2025-06-13 16:28:30===> API : /api/auth/validateuser ===> Message : validateUserResponse() completed
info: ===> TimeStamp : 2025-06-13 16:28:30===> API : null ===> Message : validateRequest() invoked
info: ===> TimeStamp : 2025-06-13 16:28:30===> API : null ===> Message : fetchDBSettings()
info: ===> TimeStamp : 2025-06-13 16:28:30===> API : null ===> Message : validateRequest() Invoked!
info: ===> TimeStamp : 2025-06-13 16:28:30===> API : null ===> Message : validRequest() :: Api validated Successfully
info: ===> TimeStamp : 2025-06-13 16:28:30===> API : /api/auth/checkIP ===> Message : checkIP() invoked!!
info: ===> TimeStamp : 2025-06-13 16:28:30===> API : /api/auth/checkIP ===> Message : IPs match: 103.225.102.194
info: ===> TimeStamp : 2025-06-13 16:28:30===> API : /api/auth/checkIP ===> Message : checkIPResponse() invoked!
info: ===> TimeStamp : 2025-06-13 16:28:30===> API : /api/auth/checkIP ===> Message : checkIPResponse() completed
info: ===> TimeStamp : 2025-06-13 16:28:30===> API : null ===> Message : validateRequest() invoked
info: ===> TimeStamp : 2025-06-13 16:28:30===> API : null ===> Message : fetchDBSettings()
info: ===> TimeStamp : 2025-06-13 16:28:30===> API : null ===> Message : validateRequest() Invoked!
info: ===> TimeStamp : 2025-06-13 16:28:30===> API : null ===> Message : validRequest() :: Api validated Successfully
info: ===> TimeStamp : 2025-06-13 16:28:30===> API : /api/auth/login ===> Message : loginUser() invoked!!
info: ===> TimeStamp : 2025-06-13 16:28:30===> API : /api/auth/login ===> Message : loginUser() :: Request Object :: [object Object]
info: ===> TimeStamp : 2025-06-13 16:28:30===> API : /api/auth/login ===> Message : loginUserDB() Invoked !
info: ===> TimeStamp : 2025-06-13 16:28:30===> API : /api/auth/login ===> Message : loginUserResponse() invoked!
info: ===> TimeStamp : 2025-06-13 16:28:30===> API : /api/auth/login ===> Message : loginUserResponse() completed
info: ===> TimeStamp : 2025-06-13 16:55:48===> API : null ===> Message : validateRequest() invoked
info: ===> TimeStamp : 2025-06-13 16:55:48===> API : null ===> Message : fetchDBSettings()
info: ===> TimeStamp : 2025-06-13 16:55:48===> API : null ===> Message : validateRequest() Invoked!
info: ===> TimeStamp : 2025-06-13 16:55:48===> API : null ===> Message : validRequest() :: Api validated Successfully
info: ===> TimeStamp : 2025-06-13 16:55:48===> API : /api/auth/validateuser ===> Message : validateUser() invoked!!
info: ===> TimeStamp : 2025-06-13 16:55:48===> API : /api/auth/validateuser ===> Message : validateUser() :: Request Object :: [object Object]
info: ===> TimeStamp : 2025-06-13 16:55:48===> API : /api/auth/validateuser ===> Message : validateUserDB() Invoked !
info: ===> TimeStamp : 2025-06-13 16:55:48===> API : /api/auth/validateuser ===> Message : validateUserResponse() invoked!
info: ===> TimeStamp : 2025-06-13 16:55:48===> API : /api/auth/validateuser ===> Message : validateUserResponse() completed
info: ===> TimeStamp : 2025-06-13 16:55:48===> API : null ===> Message : validateRequest() invoked
info: ===> TimeStamp : 2025-06-13 16:55:48===> API : null ===> Message : fetchDBSettings()
info: ===> TimeStamp : 2025-06-13 16:55:48===> API : null ===> Message : validateRequest() Invoked!
info: ===> TimeStamp : 2025-06-13 16:55:48===> API : null ===> Message : validRequest() :: Api validated Successfully
info: ===> TimeStamp : 2025-06-13 16:55:48===> API : /api/auth/checkIP ===> Message : IPs match: 103.225.102.194
info: ===> TimeStamp : 2025-06-13 16:55:48===> API : /api/auth/checkIP ===> Message : checkIP() invoked!!
info: ===> TimeStamp : 2025-06-13 16:55:48===> API : /api/auth/checkIP ===> Message : checkIPResponse() invoked!
info: ===> TimeStamp : 2025-06-13 16:55:48===> API : /api/auth/checkIP ===> Message : checkIPResponse() completed
info: ===> TimeStamp : 2025-06-13 16:55:48===> API : null ===> Message : validateRequest() invoked
info: ===> TimeStamp : 2025-06-13 16:55:48===> API : null ===> Message : fetchDBSettings()
info: ===> TimeStamp : 2025-06-13 16:55:48===> API : null ===> Message : validateRequest() Invoked!
info: ===> TimeStamp : 2025-06-13 16:55:48===> API : null ===> Message : validRequest() :: Api validated Successfully
info: ===> TimeStamp : 2025-06-13 16:55:48===> API : /api/auth/login ===> Message : loginUser() invoked!!
info: ===> TimeStamp : 2025-06-13 16:55:48===> API : /api/auth/login ===> Message : loginUser() :: Request Object :: [object Object]
info: ===> TimeStamp : 2025-06-13 16:55:48===> API : /api/auth/login ===> Message : loginUserDB() Invoked !
info: ===> TimeStamp : 2025-06-13 16:55:48===> API : /api/auth/login ===> Message : loginUserResponse() invoked!
info: ===> TimeStamp : 2025-06-13 16:55:48===> API : /api/auth/login ===> Message : loginUserResponse() completed
info: ===> TimeStamp : 2025-06-13 16:59:20===> API : null ===> Message : validateRequest() invoked
info: ===> TimeStamp : 2025-06-13 16:59:20===> API : null ===> Message : fetchDBSettings()
info: ===> TimeStamp : 2025-06-13 16:59:20===> API : null ===> Message : validateRequest() Invoked!
info: ===> TimeStamp : 2025-06-13 16:59:20===> API : null ===> Message : validRequest() :: Api validated Successfully
info: ===> TimeStamp : 2025-06-13 16:59:20===> API : /api/auth/validateuser ===> Message : validateUser() invoked!!
info: ===> TimeStamp : 2025-06-13 16:59:20===> API : /api/auth/validateuser ===> Message : validateUser() :: Request Object :: [object Object]
info: ===> TimeStamp : 2025-06-13 16:59:20===> API : /api/auth/validateuser ===> Message : validateUserDB() Invoked !
info: ===> TimeStamp : 2025-06-13 16:59:20===> API : /api/auth/validateuser ===> Message : validateUserResponse() invoked!
info: ===> TimeStamp : 2025-06-13 16:59:20===> API : /api/auth/validateuser ===> Message : validateUserResponse() completed
info: ===> TimeStamp : 2025-06-13 16:59:20===> API : null ===> Message : validateRequest() invoked
info: ===> TimeStamp : 2025-06-13 16:59:20===> API : null ===> Message : fetchDBSettings()
info: ===> TimeStamp : 2025-06-13 16:59:20===> API : null ===> Message : validateRequest() Invoked!
info: ===> TimeStamp : 2025-06-13 16:59:20===> API : null ===> Message : validRequest() :: Api validated Successfully
info: ===> TimeStamp : 2025-06-13 16:59:20===> API : /api/auth/login ===> Message : loginUser() invoked!!
info: ===> TimeStamp : 2025-06-13 16:59:20===> API : /api/auth/login ===> Message : loginUser() :: Request Object :: [object Object]
info: ===> TimeStamp : 2025-06-13 16:59:20===> API : /api/auth/login ===> Message : loginUserDB() Invoked !
info: ===> TimeStamp : 2025-06-13 16:59:20===> API : /api/auth/login ===> Message : loginUserResponse() invoked!
info: ===> TimeStamp : 2025-06-13 16:59:20===> API : /api/auth/login ===> Message : loginUserResponse() completed
info: ===> TimeStamp : 2025-06-13 17:42:39===> API : null ===> Message : validateRequest() invoked
info: ===> TimeStamp : 2025-06-13 17:42:39===> API : null ===> Message : fetchDBSettings()
info: ===> TimeStamp : 2025-06-13 17:42:39===> API : null ===> Message : validateRequest() Invoked!
info: ===> TimeStamp : 2025-06-13 17:42:39===> API : null ===> Message : validRequest() :: Api validated Successfully
info: ===> TimeStamp : 2025-06-13 17:42:39===> API : /api/auth/validateuser ===> Message : validateUser() invoked!!
info: ===> TimeStamp : 2025-06-13 17:42:39===> API : /api/auth/validateuser ===> Message : validateUser() :: Request Object :: [object Object]
info: ===> TimeStamp : 2025-06-13 17:42:39===> API : /api/auth/validateuser ===> Message : validateUserDB() Invoked !
info: ===> TimeStamp : 2025-06-13 17:42:39===> API : /api/auth/validateuser ===> Message : validateUserResponse() invoked!
info: ===> TimeStamp : 2025-06-13 17:42:39===> API : /api/auth/validateuser ===> Message : validateUserResponse() completed
info: ===> TimeStamp : 2025-06-13 17:42:39===> API : null ===> Message : validateRequest() invoked
info: ===> TimeStamp : 2025-06-13 17:42:39===> API : null ===> Message : fetchDBSettings()
info: ===> TimeStamp : 2025-06-13 17:42:39===> API : null ===> Message : validateRequest() Invoked!
info: ===> TimeStamp : 2025-06-13 17:42:39===> API : null ===> Message : validRequest() :: Api validated Successfully
info: ===> TimeStamp : 2025-06-13 17:42:39===> API : /api/auth/checkIP ===> Message : checkIP() invoked!!
info: ===> TimeStamp : 2025-06-13 17:42:39===> API : /api/auth/checkIP ===> Message : IPs match: 103.225.102.194
info: ===> TimeStamp : 2025-06-13 17:42:39===> API : /api/auth/checkIP ===> Message : checkIPResponse() invoked!
info: ===> TimeStamp : 2025-06-13 17:42:39===> API : /api/auth/checkIP ===> Message : checkIPResponse() completed
info: ===> TimeStamp : 2025-06-13 17:42:39===> API : null ===> Message : validateRequest() invoked
info: ===> TimeStamp : 2025-06-13 17:42:39===> API : null ===> Message : fetchDBSettings()
info: ===> TimeStamp : 2025-06-13 17:42:39===> API : null ===> Message : validateRequest() Invoked!
info: ===> TimeStamp : 2025-06-13 17:42:39===> API : null ===> Message : validRequest() :: Api validated Successfully
info: ===> TimeStamp : 2025-06-13 17:42:39===> API : /api/auth/login ===> Message : loginUser() invoked!!
info: ===> TimeStamp : 2025-06-13 17:42:39===> API : /api/auth/login ===> Message : loginUser() :: Request Object :: [object Object]
info: ===> TimeStamp : 2025-06-13 17:42:39===> API : /api/auth/login ===> Message : loginUserDB() Invoked !
info: ===> TimeStamp : 2025-06-13 17:42:39===> API : /api/auth/login ===> Message : loginUserResponse() invoked!
info: ===> TimeStamp : 2025-06-13 17:42:39===> API : /api/auth/login ===> Message : loginUserResponse() completed
info: ===> TimeStamp : 2025-06-13 17:55:09===> API : null ===> Message : validateRequest() invoked
info: ===> TimeStamp : 2025-06-13 17:55:09===> API : null ===> Message : fetchDBSettings()
info: ===> TimeStamp : 2025-06-13 17:55:09===> API : null ===> Message : validateRequest() Invoked!
info: ===> TimeStamp : 2025-06-13 17:55:09===> API : null ===> Message : validRequest() :: Api validated Successfully
info: ===> TimeStamp : 2025-06-13 17:55:09===> API : /api/auth/validateuser ===> Message : validateUser() invoked!!
info: ===> TimeStamp : 2025-06-13 17:55:09===> API : /api/auth/validateuser ===> Message : validateUser() :: Request Object :: [object Object]
info: ===> TimeStamp : 2025-06-13 17:55:09===> API : /api/auth/validateuser ===> Message : validateUserDB() Invoked !
info: ===> TimeStamp : 2025-06-13 17:55:09===> API : /api/auth/validateuser ===> Message : validateUserResponse() invoked!
info: ===> TimeStamp : 2025-06-13 17:55:09===> API : /api/auth/validateuser ===> Message : validateUserResponse() completed
info: ===> TimeStamp : 2025-06-13 17:55:10===> API : null ===> Message : validateRequest() invoked
info: ===> TimeStamp : 2025-06-13 17:55:10===> API : null ===> Message : fetchDBSettings()
info: ===> TimeStamp : 2025-06-13 17:55:10===> API : null ===> Message : validateRequest() Invoked!
info: ===> TimeStamp : 2025-06-13 17:55:10===> API : null ===> Message : validRequest() :: Api validated Successfully
info: ===> TimeStamp : 2025-06-13 17:55:10===> API : /api/auth/login ===> Message : loginUser() invoked!!
info: ===> TimeStamp : 2025-06-13 17:55:10===> API : /api/auth/login ===> Message : loginUser() :: Request Object :: [object Object]
info: ===> TimeStamp : 2025-06-13 17:55:10===> API : /api/auth/login ===> Message : loginUserDB() Invoked !
info: ===> TimeStamp : 2025-06-13 17:55:10===> API : /api/auth/login ===> Message : loginUserResponse() invoked!
info: ===> TimeStamp : 2025-06-13 17:55:10===> API : /api/auth/login ===> Message : loginUserResponse() completed
info: ===> TimeStamp : 2025-06-13 18:44:33===> API : null ===> Message : validateRequest() invoked
info: ===> TimeStamp : 2025-06-13 18:44:33===> API : null ===> Message : validateRequest() Error:: Invalid Request :: 
      {"apiUri":"/pdown"}
info: ===> TimeStamp : 2025-06-13 18:53:05===> API : null ===> Message : validateRequest() invoked
info: ===> TimeStamp : 2025-06-13 18:53:05===> API : null ===> Message : fetchDBSettings()
info: ===> TimeStamp : 2025-06-13 18:53:05===> API : null ===> Message : validateRequest() Invoked!
info: ===> TimeStamp : 2025-06-13 18:53:05===> API : null ===> Message : validRequest() :: Api validated Successfully
info: ===> TimeStamp : 2025-06-13 18:53:05===> API : /api/auth/validateuser ===> Message : validateUser() :: Request Object :: [object Object]
info: ===> TimeStamp : 2025-06-13 18:53:05===> API : /api/auth/validateuser ===> Message : validateUser() invoked!!
info: ===> TimeStamp : 2025-06-13 18:53:05===> API : /api/auth/validateuser ===> Message : validateUserDB() Invoked !
info: ===> TimeStamp : 2025-06-13 18:53:05===> API : /api/auth/validateuser ===> Message : validateUserResponse() invoked!
info: ===> TimeStamp : 2025-06-13 18:53:05===> API : /api/auth/validateuser ===> Message : validateUserResponse() completed
info: ===> TimeStamp : 2025-06-13 18:53:05===> API : null ===> Message : validateRequest() invoked
info: ===> TimeStamp : 2025-06-13 18:53:05===> API : null ===> Message : fetchDBSettings()
info: ===> TimeStamp : 2025-06-13 18:53:05===> API : null ===> Message : validateRequest() Invoked!
info: ===> TimeStamp : 2025-06-13 18:53:05===> API : null ===> Message : validRequest() :: Api validated Successfully
info: ===> TimeStamp : 2025-06-13 18:53:05===> API : /api/auth/login ===> Message : loginUser() invoked!!
info: ===> TimeStamp : 2025-06-13 18:53:05===> API : /api/auth/login ===> Message : loginUser() :: Request Object :: [object Object]
info: ===> TimeStamp : 2025-06-13 18:53:05===> API : /api/auth/login ===> Message : loginUserDB() Invoked !
info: ===> TimeStamp : 2025-06-13 18:53:05===> API : /api/auth/login ===> Message : loginUserResponse() invoked!
info: ===> TimeStamp : 2025-06-13 18:53:05===> API : /api/auth/login ===> Message : loginUserResponse() completed
info: ===> TimeStamp : 2025-06-13 19:24:14===> API : null ===> Message : validateRequest() invoked
info: ===> TimeStamp : 2025-06-13 19:24:14===> API : null ===> Message : fetchDBSettings()
info: ===> TimeStamp : 2025-06-13 19:24:14===> API : null ===> Message : validateRequest() Invoked!
info: ===> TimeStamp : 2025-06-13 19:24:14===> API : null ===> Message : validRequest() :: Api validated Successfully
info: ===> TimeStamp : 2025-06-13 19:24:14===> API : /api/auth/validateuser ===> Message : validateUser() invoked!!
info: ===> TimeStamp : 2025-06-13 19:24:14===> API : /api/auth/validateuser ===> Message : validateUser() :: Request Object :: [object Object]
info: ===> TimeStamp : 2025-06-13 19:24:14===> API : /api/auth/validateuser ===> Message : validateUserDB() Invoked !
info: ===> TimeStamp : 2025-06-13 19:24:14===> API : /api/auth/validateuser ===> Message : validateUserResponse() invoked!
info: ===> TimeStamp : 2025-06-13 19:24:14===> API : /api/auth/validateuser ===> Message : validateUserResponse() completed
info: ===> TimeStamp : 2025-06-13 19:24:14===> API : null ===> Message : validateRequest() invoked
info: ===> TimeStamp : 2025-06-13 19:24:14===> API : null ===> Message : fetchDBSettings()
info: ===> TimeStamp : 2025-06-13 19:24:14===> API : null ===> Message : validateRequest() Invoked!
info: ===> TimeStamp : 2025-06-13 19:24:14===> API : null ===> Message : validRequest() :: Api validated Successfully
info: ===> TimeStamp : 2025-06-13 19:24:14===> API : /api/auth/login ===> Message : loginUser() invoked!!
info: ===> TimeStamp : 2025-06-13 19:24:14===> API : /api/auth/login ===> Message : loginUser() :: Request Object :: [object Object]
info: ===> TimeStamp : 2025-06-13 19:24:14===> API : /api/auth/login ===> Message : loginUserDB() Invoked !
info: ===> TimeStamp : 2025-06-13 19:24:14===> API : /api/auth/login ===> Message : loginUserResponse() invoked!
info: ===> TimeStamp : 2025-06-13 19:24:14===> API : /api/auth/login ===> Message : loginUserResponse() completed
info: ===> TimeStamp : 2025-06-13 20:12:48===> API : null ===> Message : validateRequest() invoked
info: ===> TimeStamp : 2025-06-13 20:12:48===> API : null ===> Message : fetchDBSettings()
info: ===> TimeStamp : 2025-06-13 20:12:48===> API : null ===> Message : validateRequest() Invoked!
info: ===> TimeStamp : 2025-06-13 20:12:48===> API : null ===> Message : validRequest() :: Api validated Successfully
info: ===> TimeStamp : 2025-06-13 20:12:48===> API : /api/auth/validateuser ===> Message : validateUser() invoked!!
info: ===> TimeStamp : 2025-06-13 20:12:48===> API : /api/auth/validateuser ===> Message : validateUser() :: Request Object :: [object Object]
info: ===> TimeStamp : 2025-06-13 20:12:48===> API : /api/auth/validateuser ===> Message : validateUserDB() Invoked !
info: ===> TimeStamp : 2025-06-13 20:12:48===> API : /api/auth/validateuser ===> Message : validateUserResponse() invoked!
info: ===> TimeStamp : 2025-06-13 20:12:48===> API : /api/auth/validateuser ===> Message : validateUserResponse() completed
info: ===> TimeStamp : 2025-06-13 20:12:48===> API : null ===> Message : validateRequest() invoked
info: ===> TimeStamp : 2025-06-13 20:12:48===> API : null ===> Message : fetchDBSettings()
info: ===> TimeStamp : 2025-06-13 20:12:48===> API : null ===> Message : validateRequest() Invoked!
info: ===> TimeStamp : 2025-06-13 20:12:48===> API : null ===> Message : validRequest() :: Api validated Successfully
info: ===> TimeStamp : 2025-06-13 20:12:48===> API : /api/auth/login ===> Message : loginUser() invoked!!
info: ===> TimeStamp : 2025-06-13 20:12:48===> API : /api/auth/login ===> Message : loginUser() :: Request Object :: [object Object]
info: ===> TimeStamp : 2025-06-13 20:12:48===> API : /api/auth/login ===> Message : loginUserDB() Invoked !
info: ===> TimeStamp : 2025-06-13 20:12:48===> API : /api/auth/login ===> Message : loginUserResponse() invoked!
info: ===> TimeStamp : 2025-06-13 20:12:48===> API : /api/auth/login ===> Message : loginUserResponse() completed
info: ===> TimeStamp : 2025-06-13 21:00:17===> API : null ===> Message : validateRequest() invoked
info: ===> TimeStamp : 2025-06-13 21:00:17===> API : null ===> Message : fetchDBSettings()
info: ===> TimeStamp : 2025-06-13 21:00:17===> API : null ===> Message : validateRequest() Invoked!
info: ===> TimeStamp : 2025-06-13 21:00:17===> API : null ===> Message : validRequest() :: Api validated Successfully
info: ===> TimeStamp : 2025-06-13 21:00:17===> API : /api/auth/validateuser ===> Message : validateUser() :: Request Object :: [object Object]
info: ===> TimeStamp : 2025-06-13 21:00:17===> API : /api/auth/validateuser ===> Message : validateUser() invoked!!
info: ===> TimeStamp : 2025-06-13 21:00:17===> API : /api/auth/validateuser ===> Message : validateUserDB() Invoked !
info: ===> TimeStamp : 2025-06-13 21:00:17===> API : /api/auth/validateuser ===> Message : validateUserResponse() invoked!
info: ===> TimeStamp : 2025-06-13 21:00:17===> API : /api/auth/validateuser ===> Message : validateUserResponse() completed
info: ===> TimeStamp : 2025-06-13 21:00:17===> API : null ===> Message : validateRequest() invoked
info: ===> TimeStamp : 2025-06-13 21:00:17===> API : null ===> Message : fetchDBSettings()
info: ===> TimeStamp : 2025-06-13 21:00:17===> API : null ===> Message : validateRequest() Invoked!
info: ===> TimeStamp : 2025-06-13 21:00:17===> API : null ===> Message : validRequest() :: Api validated Successfully
info: ===> TimeStamp : 2025-06-13 21:00:17===> API : /api/auth/checkIP ===> Message : checkIP() invoked!!
info: ===> TimeStamp : 2025-06-13 21:00:17===> API : /api/auth/checkIP ===> Message : IPs match: 103.225.102.194
info: ===> TimeStamp : 2025-06-13 21:00:17===> API : /api/auth/checkIP ===> Message : checkIPResponse() invoked!
info: ===> TimeStamp : 2025-06-13 21:00:17===> API : /api/auth/checkIP ===> Message : checkIPResponse() completed
info: ===> TimeStamp : 2025-06-13 21:00:17===> API : null ===> Message : validateRequest() invoked
info: ===> TimeStamp : 2025-06-13 21:00:17===> API : null ===> Message : fetchDBSettings()
info: ===> TimeStamp : 2025-06-13 21:00:17===> API : null ===> Message : validateRequest() Invoked!
info: ===> TimeStamp : 2025-06-13 21:00:17===> API : null ===> Message : validRequest() :: Api validated Successfully
info: ===> TimeStamp : 2025-06-13 21:00:17===> API : /api/auth/login ===> Message : loginUser() invoked!!
info: ===> TimeStamp : 2025-06-13 21:00:17===> API : /api/auth/login ===> Message : loginUser() :: Request Object :: [object Object]
info: ===> TimeStamp : 2025-06-13 21:00:17===> API : /api/auth/login ===> Message : loginUserDB() Invoked !
info: ===> TimeStamp : 2025-06-13 21:00:17===> API : /api/auth/login ===> Message : loginUserResponse() invoked!
info: ===> TimeStamp : 2025-06-13 21:00:17===> API : /api/auth/login ===> Message : loginUserResponse() completed
info: ===> TimeStamp : 2025-06-13 21:16:48===> API : null ===> Message : validateRequest() invoked
info: ===> TimeStamp : 2025-06-13 21:16:48===> API : null ===> Message : fetchDBSettings()
info: ===> TimeStamp : 2025-06-13 21:16:48===> API : null ===> Message : validateRequest() Invoked!
info: ===> TimeStamp : 2025-06-13 21:16:48===> API : null ===> Message : validRequest() :: Api validated Successfully
info: ===> TimeStamp : 2025-06-13 21:16:48===> API : /api/auth/validateuser ===> Message : validateUser() invoked!!
info: ===> TimeStamp : 2025-06-13 21:16:48===> API : /api/auth/validateuser ===> Message : validateUser() :: Request Object :: [object Object]
info: ===> TimeStamp : 2025-06-13 21:16:48===> API : /api/auth/validateuser ===> Message : validateUserDB() Invoked !
info: ===> TimeStamp : 2025-06-13 21:16:48===> API : /api/auth/validateuser ===> Message : validateUserResponse() invoked!
info: ===> TimeStamp : 2025-06-13 21:16:48===> API : /api/auth/validateuser ===> Message : validateUserResponse() completed
info: ===> TimeStamp : 2025-06-13 21:16:48===> API : null ===> Message : validateRequest() invoked
info: ===> TimeStamp : 2025-06-13 21:16:48===> API : null ===> Message : fetchDBSettings()
info: ===> TimeStamp : 2025-06-13 21:16:48===> API : null ===> Message : validateRequest() Invoked!
info: ===> TimeStamp : 2025-06-13 21:16:48===> API : null ===> Message : validRequest() :: Api validated Successfully
info: ===> TimeStamp : 2025-06-13 21:16:48===> API : /api/auth/checkIP ===> Message : checkIP() invoked!!
info: ===> TimeStamp : 2025-06-13 21:16:48===> API : /api/auth/checkIP ===> Message : IPs match: 103.225.102.194
info: ===> TimeStamp : 2025-06-13 21:16:48===> API : /api/auth/checkIP ===> Message : checkIPResponse() invoked!
info: ===> TimeStamp : 2025-06-13 21:16:48===> API : /api/auth/checkIP ===> Message : checkIPResponse() completed
info: ===> TimeStamp : 2025-06-13 21:16:49===> API : null ===> Message : validateRequest() invoked
info: ===> TimeStamp : 2025-06-13 21:16:49===> API : null ===> Message : fetchDBSettings()
info: ===> TimeStamp : 2025-06-13 21:16:49===> API : null ===> Message : validateRequest() Invoked!
info: ===> TimeStamp : 2025-06-13 21:16:49===> API : null ===> Message : validRequest() :: Api validated Successfully
info: ===> TimeStamp : 2025-06-13 21:16:49===> API : /api/auth/login ===> Message : loginUser() invoked!!
info: ===> TimeStamp : 2025-06-13 21:16:49===> API : /api/auth/login ===> Message : loginUser() :: Request Object :: [object Object]
info: ===> TimeStamp : 2025-06-13 21:16:49===> API : /api/auth/login ===> Message : loginUserDB() Invoked !
info: ===> TimeStamp : 2025-06-13 21:16:49===> API : /api/auth/login ===> Message : loginUserResponse() invoked!
info: ===> TimeStamp : 2025-06-13 21:16:49===> API : /api/auth/login ===> Message : loginUserResponse() completed
info: ===> TimeStamp : 2025-06-13 21:31:51===> API : null ===> Message : validateRequest() invoked
info: ===> TimeStamp : 2025-06-13 21:31:51===> API : null ===> Message : fetchDBSettings()
info: ===> TimeStamp : 2025-06-13 21:31:51===> API : null ===> Message : validateRequest() Invoked!
info: ===> TimeStamp : 2025-06-13 21:31:51===> API : null ===> Message : validRequest() :: Api validated Successfully
info: ===> TimeStamp : 2025-06-13 21:31:51===> API : /api/auth/validateuser ===> Message : validateUser() invoked!!
info: ===> TimeStamp : 2025-06-13 21:31:51===> API : /api/auth/validateuser ===> Message : validateUser() :: Request Object :: [object Object]
info: ===> TimeStamp : 2025-06-13 21:31:51===> API : /api/auth/validateuser ===> Message : validateUserDB() Invoked !
info: ===> TimeStamp : 2025-06-13 21:31:51===> API : /api/auth/validateuser ===> Message : validateUserResponse() invoked!
info: ===> TimeStamp : 2025-06-13 21:31:51===> API : /api/auth/validateuser ===> Message : validateUserResponse() completed
info: ===> TimeStamp : 2025-06-13 21:31:51===> API : null ===> Message : validateRequest() invoked
info: ===> TimeStamp : 2025-06-13 21:31:51===> API : null ===> Message : fetchDBSettings()
info: ===> TimeStamp : 2025-06-13 21:31:51===> API : null ===> Message : validateRequest() Invoked!
info: ===> TimeStamp : 2025-06-13 21:31:51===> API : null ===> Message : validRequest() :: Api validated Successfully
info: ===> TimeStamp : 2025-06-13 21:31:51===> API : /api/auth/login ===> Message : loginUser() invoked!!
info: ===> TimeStamp : 2025-06-13 21:31:51===> API : /api/auth/login ===> Message : loginUser() :: Request Object :: [object Object]
info: ===> TimeStamp : 2025-06-13 21:31:51===> API : /api/auth/login ===> Message : loginUserDB() Invoked !
info: ===> TimeStamp : 2025-06-13 21:31:51===> API : /api/auth/login ===> Message : loginUserResponse() invoked!
info: ===> TimeStamp : 2025-06-13 21:31:51===> API : /api/auth/login ===> Message : loginUserResponse() completed
info: ===> TimeStamp : 2025-06-13 21:34:05===> API : null ===> Message : validateRequest() invoked
info: ===> TimeStamp : 2025-06-13 21:34:05===> API : null ===> Message : fetchDBSettings()
info: ===> TimeStamp : 2025-06-13 21:34:05===> API : null ===> Message : validateRequest() Invoked!
info: ===> TimeStamp : 2025-06-13 21:34:05===> API : null ===> Message : validRequest() :: Api validated Successfully
info: ===> TimeStamp : 2025-06-13 21:34:05===> API : /api/auth/logout ===> Message : logoutUser() invoked!!
info: ===> TimeStamp : 2025-06-13 21:34:05===> API : /api/auth/logout ===> Message : logoutUser() :: Request Object :: [object Object]
info: ===> TimeStamp : 2025-06-13 21:34:05===> API : /api/auth/logout ===> Message : logoutUserDB() Invoked !
info: ===> TimeStamp : 2025-06-13 21:34:05===> API : /api/auth/logout ===> Message : logoutUserResponse() invoked!
info: ===> TimeStamp : 2025-06-13 21:34:05===> API : /api/auth/logout ===> Message : logoutUserResponse() completed
info: ===> TimeStamp : 2025-06-13 21:36:19===> API : null ===> Message : validateRequest() invoked
info: ===> TimeStamp : 2025-06-13 21:36:19===> API : null ===> Message : fetchDBSettings()
info: ===> TimeStamp : 2025-06-13 21:36:19===> API : null ===> Message : validateRequest() Invoked!
info: ===> TimeStamp : 2025-06-13 21:36:19===> API : null ===> Message : validRequest() :: Api validated Successfully
info: ===> TimeStamp : 2025-06-13 21:36:19===> API : /api/auth/validateuser ===> Message : validateUser() invoked!!
info: ===> TimeStamp : 2025-06-13 21:36:19===> API : /api/auth/validateuser ===> Message : validateUser() :: Request Object :: [object Object]
info: ===> TimeStamp : 2025-06-13 21:36:19===> API : /api/auth/validateuser ===> Message : validateUserDB() Invoked !
info: ===> TimeStamp : 2025-06-13 21:36:19===> API : /api/auth/validateuser ===> Message : validateUserResponse() invoked!
info: ===> TimeStamp : 2025-06-13 21:36:19===> API : /api/auth/validateuser ===> Message : validateUserResponse() completed
info: ===> TimeStamp : 2025-06-13 21:36:19===> API : null ===> Message : validateRequest() invoked
info: ===> TimeStamp : 2025-06-13 21:36:19===> API : null ===> Message : fetchDBSettings()
info: ===> TimeStamp : 2025-06-13 21:36:19===> API : null ===> Message : validateRequest() Invoked!
info: ===> TimeStamp : 2025-06-13 21:36:19===> API : null ===> Message : validRequest() :: Api validated Successfully
info: ===> TimeStamp : 2025-06-13 21:36:19===> API : /api/auth/checkIP ===> Message : checkIP() invoked!!
info: ===> TimeStamp : 2025-06-13 21:36:19===> API : /api/auth/checkIP ===> Message : IPs match: 103.225.102.194
info: ===> TimeStamp : 2025-06-13 21:36:19===> API : /api/auth/checkIP ===> Message : checkIPResponse() invoked!
info: ===> TimeStamp : 2025-06-13 21:36:19===> API : /api/auth/checkIP ===> Message : checkIPResponse() completed
info: ===> TimeStamp : 2025-06-13 21:36:19===> API : null ===> Message : validateRequest() invoked
info: ===> TimeStamp : 2025-06-13 21:36:19===> API : null ===> Message : fetchDBSettings()
info: ===> TimeStamp : 2025-06-13 21:36:19===> API : null ===> Message : validateRequest() Invoked!
info: ===> TimeStamp : 2025-06-13 21:36:19===> API : null ===> Message : validRequest() :: Api validated Successfully
info: ===> TimeStamp : 2025-06-13 21:36:19===> API : /api/auth/login ===> Message : loginUser() invoked!!
info: ===> TimeStamp : 2025-06-13 21:36:19===> API : /api/auth/login ===> Message : loginUser() :: Request Object :: [object Object]
info: ===> TimeStamp : 2025-06-13 21:36:19===> API : /api/auth/login ===> Message : loginUserDB() Invoked !
info: ===> TimeStamp : 2025-06-13 21:36:19===> API : /api/auth/login ===> Message : loginUserResponse() invoked!
info: ===> TimeStamp : 2025-06-13 21:36:19===> API : /api/auth/login ===> Message : loginUserResponse() completed
info: ===> TimeStamp : 2025-06-13 21:46:51===> API : null ===> Message : validateRequest() invoked
info: ===> TimeStamp : 2025-06-13 21:46:51===> API : null ===> Message : fetchDBSettings()
info: ===> TimeStamp : 2025-06-13 21:46:51===> API : null ===> Message : validateRequest() Invoked!
info: ===> TimeStamp : 2025-06-13 21:46:51===> API : null ===> Message : validRequest() :: Api validated Successfully
info: ===> TimeStamp : 2025-06-13 21:46:51===> API : /api/auth/logout ===> Message : logoutUser() invoked!!
info: ===> TimeStamp : 2025-06-13 21:46:51===> API : /api/auth/logout ===> Message : logoutUser() :: Request Object :: [object Object]
info: ===> TimeStamp : 2025-06-13 21:46:51===> API : /api/auth/logout ===> Message : logoutUserDB() Invoked !
info: ===> TimeStamp : 2025-06-13 21:46:51===> API : /api/auth/logout ===> Message : logoutUserResponse() invoked!
info: ===> TimeStamp : 2025-06-13 21:46:51===> API : /api/auth/logout ===> Message : logoutUserResponse() completed
info: ===> TimeStamp : 2025-06-13 21:46:55===> API : null ===> Message : validateRequest() invoked
info: ===> TimeStamp : 2025-06-13 21:46:55===> API : null ===> Message : fetchDBSettings()
info: ===> TimeStamp : 2025-06-13 21:46:55===> API : null ===> Message : validateRequest() Invoked!
info: ===> TimeStamp : 2025-06-13 21:46:55===> API : null ===> Message : validRequest() :: Api validated Successfully
info: ===> TimeStamp : 2025-06-13 21:46:55===> API : /api/auth/logout ===> Message : logoutUser() invoked!!
info: ===> TimeStamp : 2025-06-13 21:46:55===> API : /api/auth/logout ===> Message : logoutUser() :: Request Object :: [object Object]
info: ===> TimeStamp : 2025-06-13 21:46:55===> API : /api/auth/logout ===> Message : logoutUserDB() Invoked !
info: ===> TimeStamp : 2025-06-13 21:46:55===> API : /api/auth/logout ===> Message : logoutUserResponse() invoked!
info: ===> TimeStamp : 2025-06-13 21:46:55===> API : /api/auth/logout ===> Message : logoutUserResponse() completed
info: ===> TimeStamp : 2025-06-13 21:46:56===> API : null ===> Message : validateRequest() invoked
info: ===> TimeStamp : 2025-06-13 21:46:56===> API : null ===> Message : fetchDBSettings()
info: ===> TimeStamp : 2025-06-13 21:46:56===> API : null ===> Message : validateRequest() Invoked!
info: ===> TimeStamp : 2025-06-13 21:46:56===> API : null ===> Message : validRequest() :: Api validated Successfully
info: ===> TimeStamp : 2025-06-13 21:46:56===> API : /api/auth/validateuser ===> Message : validateUser() invoked!!
info: ===> TimeStamp : 2025-06-13 21:46:56===> API : /api/auth/validateuser ===> Message : validateUser() :: Request Object :: [object Object]
info: ===> TimeStamp : 2025-06-13 21:46:56===> API : /api/auth/validateuser ===> Message : validateUserDB() Invoked !
info: ===> TimeStamp : 2025-06-13 21:46:56===> API : /api/auth/validateuser ===> Message : validateUserResponse() invoked!
info: ===> TimeStamp : 2025-06-13 21:46:56===> API : /api/auth/validateuser ===> Message : validateUserResponse() completed
info: ===> TimeStamp : 2025-06-13 21:46:56===> API : null ===> Message : validateRequest() invoked
info: ===> TimeStamp : 2025-06-13 21:46:56===> API : null ===> Message : fetchDBSettings()
info: ===> TimeStamp : 2025-06-13 21:46:56===> API : null ===> Message : validateRequest() Invoked!
info: ===> TimeStamp : 2025-06-13 21:46:56===> API : null ===> Message : validRequest() :: Api validated Successfully
info: ===> TimeStamp : 2025-06-13 21:46:56===> API : /api/auth/checkIP ===> Message : IPs match: 103.225.102.194
info: ===> TimeStamp : 2025-06-13 21:46:56===> API : /api/auth/checkIP ===> Message : checkIP() invoked!!
info: ===> TimeStamp : 2025-06-13 21:46:56===> API : /api/auth/checkIP ===> Message : checkIPResponse() invoked!
info: ===> TimeStamp : 2025-06-13 21:46:56===> API : /api/auth/checkIP ===> Message : checkIPResponse() completed
info: ===> TimeStamp : 2025-06-13 21:46:56===> API : null ===> Message : validateRequest() invoked
info: ===> TimeStamp : 2025-06-13 21:46:56===> API : null ===> Message : fetchDBSettings()
info: ===> TimeStamp : 2025-06-13 21:46:56===> API : null ===> Message : validateRequest() Invoked!
info: ===> TimeStamp : 2025-06-13 21:46:56===> API : null ===> Message : validRequest() :: Api validated Successfully
info: ===> TimeStamp : 2025-06-13 21:46:56===> API : /api/auth/login ===> Message : loginUser() invoked!!
info: ===> TimeStamp : 2025-06-13 21:46:56===> API : /api/auth/login ===> Message : loginUser() :: Request Object :: [object Object]
info: ===> TimeStamp : 2025-06-13 21:46:56===> API : /api/auth/login ===> Message : loginUserDB() Invoked !
info: ===> TimeStamp : 2025-06-13 21:46:56===> API : /api/auth/login ===> Message : loginUserResponse() invoked!
info: ===> TimeStamp : 2025-06-13 21:46:56===> API : /api/auth/login ===> Message : loginUserResponse() completed
info: ===> TimeStamp : 2025-06-13 21:47:27===> API : null ===> Message : validateRequest() invoked
info: ===> TimeStamp : 2025-06-13 21:47:27===> API : null ===> Message : fetchDBSettings()
info: ===> TimeStamp : 2025-06-13 21:47:27===> API : null ===> Message : validateRequest() Invoked!
info: ===> TimeStamp : 2025-06-13 21:47:27===> API : null ===> Message : validRequest() :: Api validated Successfully
info: ===> TimeStamp : 2025-06-13 21:47:27===> API : /api/auth/validateuser ===> Message : validateUser() invoked!!
info: ===> TimeStamp : 2025-06-13 21:47:27===> API : /api/auth/validateuser ===> Message : validateUser() :: Request Object :: [object Object]
info: ===> TimeStamp : 2025-06-13 21:47:27===> API : /api/auth/validateuser ===> Message : validateUserDB() Invoked !
info: ===> TimeStamp : 2025-06-13 21:47:27===> API : /api/auth/validateuser ===> Message : validateUserResponse() invoked!
info: ===> TimeStamp : 2025-06-13 21:47:27===> API : /api/auth/validateuser ===> Message : validateUserResponse() completed
info: ===> TimeStamp : 2025-06-13 21:47:27===> API : null ===> Message : validateRequest() invoked
info: ===> TimeStamp : 2025-06-13 21:47:27===> API : null ===> Message : fetchDBSettings()
info: ===> TimeStamp : 2025-06-13 21:47:27===> API : null ===> Message : validateRequest() Invoked!
info: ===> TimeStamp : 2025-06-13 21:47:27===> API : null ===> Message : validRequest() :: Api validated Successfully
info: ===> TimeStamp : 2025-06-13 21:47:27===> API : /api/auth/login ===> Message : loginUser() invoked!!
info: ===> TimeStamp : 2025-06-13 21:47:27===> API : /api/auth/login ===> Message : loginUser() :: Request Object :: [object Object]
info: ===> TimeStamp : 2025-06-13 21:47:27===> API : /api/auth/login ===> Message : loginUserDB() Invoked !
info: ===> TimeStamp : 2025-06-13 21:47:27===> API : /api/auth/login ===> Message : loginUserResponse() invoked!
info: ===> TimeStamp : 2025-06-13 21:47:27===> API : /api/auth/login ===> Message : loginUserResponse() completed
info: ===> TimeStamp : 2025-06-13 21:48:12===> API : null ===> Message : validateRequest() invoked
info: ===> TimeStamp : 2025-06-13 21:48:12===> API : null ===> Message : fetchDBSettings()
info: ===> TimeStamp : 2025-06-13 21:48:12===> API : null ===> Message : validateRequest() Invoked!
info: ===> TimeStamp : 2025-06-13 21:48:12===> API : null ===> Message : validRequest() :: Api validated Successfully
info: ===> TimeStamp : 2025-06-13 21:48:12===> API : /api/auth/validateuser ===> Message : validateUser() invoked!!
info: ===> TimeStamp : 2025-06-13 21:48:12===> API : /api/auth/validateuser ===> Message : validateUser() :: Request Object :: [object Object]
info: ===> TimeStamp : 2025-06-13 21:48:12===> API : /api/auth/validateuser ===> Message : validateUserDB() Invoked !
info: ===> TimeStamp : 2025-06-13 21:48:12===> API : /api/auth/validateuser ===> Message : validateUserDB() :: Error :: {"code":"ER_SIGNAL_EXCEPTION","errno":1644,"sqlState":"10005","sqlMessage":"User Does Not Exist","sql":"CALL usp_validate_user('ASHMITA', 'ASHMITA212')"}
info: ===> TimeStamp : 2025-06-13 21:48:12===> API : /api/auth/validateuser ===> Message : validateUserDBResult :: Error :: {"ErrorCode":10005,"ErrorMessage":"User Does Not Exist"}
info: ===> TimeStamp : 2025-06-13 21:48:12===> API : /api/auth/validateuser ===> Message : validateUserResponse() invoked!
info: ===> TimeStamp : 2025-06-13 21:48:12===> API : /api/auth/validateuser ===> Message : validateUserResponse() completed
info: ===> TimeStamp : 2025-06-13 21:49:07===> API : null ===> Message : validateRequest() invoked
info: ===> TimeStamp : 2025-06-13 21:49:07===> API : null ===> Message : fetchDBSettings()
info: ===> TimeStamp : 2025-06-13 21:49:07===> API : null ===> Message : validateRequest() Invoked!
info: ===> TimeStamp : 2025-06-13 21:49:07===> API : null ===> Message : validRequest() :: Api validated Successfully
info: ===> TimeStamp : 2025-06-13 21:49:07===> API : /api/auth/validateuser ===> Message : validateUser() :: Request Object :: [object Object]
info: ===> TimeStamp : 2025-06-13 21:49:07===> API : /api/auth/validateuser ===> Message : validateUserDB() Invoked !
info: ===> TimeStamp : 2025-06-13 21:49:07===> API : /api/auth/validateuser ===> Message : validateUser() invoked!!
info: ===> TimeStamp : 2025-06-13 21:49:07===> API : /api/auth/validateuser ===> Message : validateUserResponse() invoked!
info: ===> TimeStamp : 2025-06-13 21:49:07===> API : /api/auth/validateuser ===> Message : validateUserResponse() completed
info: ===> TimeStamp : 2025-06-13 21:49:07===> API : null ===> Message : validateRequest() invoked
info: ===> TimeStamp : 2025-06-13 21:49:07===> API : null ===> Message : fetchDBSettings()
info: ===> TimeStamp : 2025-06-13 21:49:07===> API : null ===> Message : validateRequest() Invoked!
info: ===> TimeStamp : 2025-06-13 21:49:07===> API : null ===> Message : validRequest() :: Api validated Successfully
info: ===> TimeStamp : 2025-06-13 21:49:07===> API : /api/auth/checkIP ===> Message : checkIP() invoked!!
info: ===> TimeStamp : 2025-06-13 21:49:07===> API : /api/auth/checkIP ===> Message : IPs match: 103.225.102.194
info: ===> TimeStamp : 2025-06-13 21:49:07===> API : /api/auth/checkIP ===> Message : checkIPResponse() invoked!
info: ===> TimeStamp : 2025-06-13 21:49:07===> API : /api/auth/checkIP ===> Message : checkIPResponse() completed
info: ===> TimeStamp : 2025-06-13 21:49:07===> API : null ===> Message : validateRequest() invoked
info: ===> TimeStamp : 2025-06-13 21:49:07===> API : null ===> Message : fetchDBSettings()
info: ===> TimeStamp : 2025-06-13 21:49:07===> API : null ===> Message : validateRequest() Invoked!
info: ===> TimeStamp : 2025-06-13 21:49:07===> API : null ===> Message : validRequest() :: Api validated Successfully
info: ===> TimeStamp : 2025-06-13 21:49:07===> API : /api/auth/login ===> Message : loginUser() invoked!!
info: ===> TimeStamp : 2025-06-13 21:49:07===> API : /api/auth/login ===> Message : loginUser() :: Request Object :: [object Object]
info: ===> TimeStamp : 2025-06-13 21:49:07===> API : /api/auth/login ===> Message : loginUserDB() Invoked !
info: ===> TimeStamp : 2025-06-13 21:49:07===> API : /api/auth/login ===> Message : loginUserResponse() invoked!
info: ===> TimeStamp : 2025-06-13 21:49:07===> API : /api/auth/login ===> Message : loginUserResponse() completed
info: ===> TimeStamp : 2025-06-13 23:23:52===> API : null ===> Message : validateRequest() invoked
info: ===> TimeStamp : 2025-06-13 23:23:52===> API : null ===> Message : fetchDBSettings()
info: ===> TimeStamp : 2025-06-13 23:23:52===> API : null ===> Message : validateRequest() Invoked!
info: ===> TimeStamp : 2025-06-13 23:23:52===> API : null ===> Message : validRequest() :: Api validated Successfully
info: ===> TimeStamp : 2025-06-13 23:23:52===> API : /api/auth/validateuser ===> Message : validateUser() invoked!!
info: ===> TimeStamp : 2025-06-13 23:23:52===> API : /api/auth/validateuser ===> Message : validateUser() :: Request Object :: [object Object]
info: ===> TimeStamp : 2025-06-13 23:23:52===> API : /api/auth/validateuser ===> Message : validateUserDB() Invoked !
info: ===> TimeStamp : 2025-06-13 23:23:52===> API : /api/auth/validateuser ===> Message : validateUserResponse() invoked!
info: ===> TimeStamp : 2025-06-13 23:23:52===> API : /api/auth/validateuser ===> Message : validateUserResponse() completed
info: ===> TimeStamp : 2025-06-13 23:23:52===> API : null ===> Message : validateRequest() invoked
info: ===> TimeStamp : 2025-06-13 23:23:52===> API : null ===> Message : fetchDBSettings()
info: ===> TimeStamp : 2025-06-13 23:23:52===> API : null ===> Message : validateRequest() Invoked!
info: ===> TimeStamp : 2025-06-13 23:23:52===> API : null ===> Message : validRequest() :: Api validated Successfully
info: ===> TimeStamp : 2025-06-13 23:23:52===> API : /api/auth/login ===> Message : loginUser() invoked!!
info: ===> TimeStamp : 2025-06-13 23:23:52===> API : /api/auth/login ===> Message : loginUser() :: Request Object :: [object Object]
info: ===> TimeStamp : 2025-06-13 23:23:52===> API : /api/auth/login ===> Message : loginUserDB() Invoked !
info: ===> TimeStamp : 2025-06-13 23:23:52===> API : /api/auth/login ===> Message : loginUserResponse() invoked!
info: ===> TimeStamp : 2025-06-13 23:23:52===> API : /api/auth/login ===> Message : loginUserResponse() completed
info: ===> TimeStamp : 2025-06-13 23:34:00===> API : null ===> Message : validateRequest() invoked
info: ===> TimeStamp : 2025-06-13 23:34:00===> API : null ===> Message : fetchDBSettings()
info: ===> TimeStamp : 2025-06-13 23:34:00===> API : null ===> Message : validateRequest() Invoked!
info: ===> TimeStamp : 2025-06-13 23:34:00===> API : null ===> Message : validRequest() :: Api validated Successfully
info: ===> TimeStamp : 2025-06-13 23:34:00===> API : /api/auth/validateuser ===> Message : validateUser() invoked!!
info: ===> TimeStamp : 2025-06-13 23:34:00===> API : /api/auth/validateuser ===> Message : validateUser() :: Request Object :: [object Object]
info: ===> TimeStamp : 2025-06-13 23:34:00===> API : /api/auth/validateuser ===> Message : validateUserDB() Invoked !
info: ===> TimeStamp : 2025-06-13 23:34:00===> API : /api/auth/validateuser ===> Message : validateUserResponse() invoked!
info: ===> TimeStamp : 2025-06-13 23:34:00===> API : /api/auth/validateuser ===> Message : validateUserResponse() completed
info: ===> TimeStamp : 2025-06-13 23:34:00===> API : null ===> Message : validateRequest() invoked
info: ===> TimeStamp : 2025-06-13 23:34:00===> API : null ===> Message : fetchDBSettings()
info: ===> TimeStamp : 2025-06-13 23:34:00===> API : null ===> Message : validateRequest() Invoked!
info: ===> TimeStamp : 2025-06-13 23:34:00===> API : null ===> Message : validRequest() :: Api validated Successfully
info: ===> TimeStamp : 2025-06-13 23:34:00===> API : /api/auth/checkIP ===> Message : checkIP() invoked!!
info: ===> TimeStamp : 2025-06-13 23:34:00===> API : /api/auth/checkIP ===> Message : IPs match: 103.225.102.194
info: ===> TimeStamp : 2025-06-13 23:34:00===> API : /api/auth/checkIP ===> Message : checkIPResponse() invoked!
info: ===> TimeStamp : 2025-06-13 23:34:00===> API : /api/auth/checkIP ===> Message : checkIPResponse() completed
info: ===> TimeStamp : 2025-06-13 23:34:00===> API : null ===> Message : validateRequest() invoked
info: ===> TimeStamp : 2025-06-13 23:34:00===> API : null ===> Message : fetchDBSettings()
info: ===> TimeStamp : 2025-06-13 23:34:00===> API : null ===> Message : validateRequest() Invoked!
info: ===> TimeStamp : 2025-06-13 23:34:00===> API : null ===> Message : validRequest() :: Api validated Successfully
info: ===> TimeStamp : 2025-06-13 23:34:00===> API : /api/auth/login ===> Message : loginUser() invoked!!
info: ===> TimeStamp : 2025-06-13 23:34:00===> API : /api/auth/login ===> Message : loginUser() :: Request Object :: [object Object]
info: ===> TimeStamp : 2025-06-13 23:34:00===> API : /api/auth/login ===> Message : loginUserDB() Invoked !
info: ===> TimeStamp : 2025-06-13 23:34:00===> API : /api/auth/login ===> Message : loginUserResponse() invoked!
info: ===> TimeStamp : 2025-06-13 23:34:00===> API : /api/auth/login ===> Message : loginUserResponse() completed
info: ===> TimeStamp : 2025-06-13 23:42:01===> API : null ===> Message : validateRequest() invoked
info: ===> TimeStamp : 2025-06-13 23:42:01===> API : null ===> Message : fetchDBSettings()
info: ===> TimeStamp : 2025-06-13 23:42:01===> API : null ===> Message : validateRequest() Invoked!
info: ===> TimeStamp : 2025-06-13 23:42:01===> API : null ===> Message : validRequest() :: Api validated Successfully
info: ===> TimeStamp : 2025-06-13 23:42:01===> API : /api/auth/validateuser ===> Message : validateUser() invoked!!
info: ===> TimeStamp : 2025-06-13 23:42:01===> API : /api/auth/validateuser ===> Message : validateUser() :: Request Object :: [object Object]
info: ===> TimeStamp : 2025-06-13 23:42:01===> API : /api/auth/validateuser ===> Message : validateUserDB() Invoked !
info: ===> TimeStamp : 2025-06-13 23:42:01===> API : /api/auth/validateuser ===> Message : validateUserResponse() invoked!
info: ===> TimeStamp : 2025-06-13 23:42:01===> API : /api/auth/validateuser ===> Message : validateUserResponse() completed
info: ===> TimeStamp : 2025-06-13 23:42:01===> API : null ===> Message : validateRequest() invoked
info: ===> TimeStamp : 2025-06-13 23:42:01===> API : null ===> Message : fetchDBSettings()
info: ===> TimeStamp : 2025-06-13 23:42:01===> API : null ===> Message : validateRequest() Invoked!
info: ===> TimeStamp : 2025-06-13 23:42:01===> API : null ===> Message : validRequest() :: Api validated Successfully
info: ===> TimeStamp : 2025-06-13 23:42:01===> API : /api/auth/login ===> Message : loginUser() invoked!!
info: ===> TimeStamp : 2025-06-13 23:42:01===> API : /api/auth/login ===> Message : loginUser() :: Request Object :: [object Object]
info: ===> TimeStamp : 2025-06-13 23:42:01===> API : /api/auth/login ===> Message : loginUserDB() Invoked !
info: ===> TimeStamp : 2025-06-13 23:42:01===> API : /api/auth/login ===> Message : loginUserResponse() invoked!
info: ===> TimeStamp : 2025-06-13 23:42:01===> API : /api/auth/login ===> Message : loginUserResponse() completed
info: ===> TimeStamp : 2025-06-14 00:18:19===> API : null ===> Message : validateRequest() invoked
info: ===> TimeStamp : 2025-06-14 00:18:19===> API : null ===> Message : validateRequest() Error:: Invalid Request :: 
      {"apiUri":"/"}
info: ===> TimeStamp : 2025-06-14 02:27:58===> API : null ===> Message : validateRequest() invoked
info: ===> TimeStamp : 2025-06-14 02:27:58===> API : null ===> Message : fetchDBSettings()
info: ===> TimeStamp : 2025-06-14 02:27:58===> API : null ===> Message : validateRequest() Invoked!
info: ===> TimeStamp : 2025-06-14 02:27:58===> API : /api/auth/logout ===> Message : logoutUser() invoked!!
info: ===> TimeStamp : 2025-06-14 02:27:58===> API : null ===> Message : validRequest() :: Api validated Successfully
info: ===> TimeStamp : 2025-06-14 02:27:58===> API : /api/auth/logout ===> Message : logoutUser() :: Request Object :: [object Object]
info: ===> TimeStamp : 2025-06-14 02:27:58===> API : /api/auth/logout ===> Message : logoutUserDB() Invoked !
info: ===> TimeStamp : 2025-06-14 02:27:58===> API : /api/auth/logout ===> Message : logoutUserResponse() invoked!
info: ===> TimeStamp : 2025-06-14 02:27:58===> API : /api/auth/logout ===> Message : logoutUserResponse() completed
info: ===> TimeStamp : 2025-06-14 03:09:27===> API : null ===> Message : validateRequest() invoked
info: ===> TimeStamp : 2025-06-14 03:09:27===> API : null ===> Message : fetchDBSettings()
info: ===> TimeStamp : 2025-06-14 03:09:27===> API : null ===> Message : validateRequest() Invoked!
info: ===> TimeStamp : 2025-06-14 03:09:27===> API : null ===> Message : validRequest() :: Api validated Successfully
info: ===> TimeStamp : 2025-06-14 03:09:27===> API : /api/auth/validateuser ===> Message : validateUser() invoked!!
info: ===> TimeStamp : 2025-06-14 03:09:27===> API : /api/auth/validateuser ===> Message : validateUser() :: Request Object :: [object Object]
info: ===> TimeStamp : 2025-06-14 03:09:27===> API : /api/auth/validateuser ===> Message : validateUserDB() Invoked !
info: ===> TimeStamp : 2025-06-14 03:09:27===> API : /api/auth/validateuser ===> Message : validateUserResponse() invoked!
info: ===> TimeStamp : 2025-06-14 03:09:27===> API : /api/auth/validateuser ===> Message : validateUserResponse() completed
info: ===> TimeStamp : 2025-06-14 03:09:27===> API : null ===> Message : validateRequest() invoked
info: ===> TimeStamp : 2025-06-14 03:09:27===> API : null ===> Message : fetchDBSettings()
info: ===> TimeStamp : 2025-06-14 03:09:27===> API : null ===> Message : validateRequest() Invoked!
info: ===> TimeStamp : 2025-06-14 03:09:27===> API : null ===> Message : validRequest() :: Api validated Successfully
info: ===> TimeStamp : 2025-06-14 03:09:27===> API : /api/auth/checkIP ===> Message : checkIP() invoked!!
info: ===> TimeStamp : 2025-06-14 03:09:27===> API : /api/auth/checkIP ===> Message : IPs match: 103.225.102.194
info: ===> TimeStamp : 2025-06-14 03:09:27===> API : /api/auth/checkIP ===> Message : checkIPResponse() invoked!
info: ===> TimeStamp : 2025-06-14 03:09:27===> API : /api/auth/checkIP ===> Message : checkIPResponse() completed
info: ===> TimeStamp : 2025-06-14 03:09:28===> API : null ===> Message : validateRequest() invoked
info: ===> TimeStamp : 2025-06-14 03:09:28===> API : null ===> Message : fetchDBSettings()
info: ===> TimeStamp : 2025-06-14 03:09:28===> API : null ===> Message : validateRequest() Invoked!
info: ===> TimeStamp : 2025-06-14 03:09:28===> API : null ===> Message : validRequest() :: Api validated Successfully
info: ===> TimeStamp : 2025-06-14 03:09:28===> API : /api/auth/login ===> Message : loginUser() invoked!!
info: ===> TimeStamp : 2025-06-14 03:09:28===> API : /api/auth/login ===> Message : loginUser() :: Request Object :: [object Object]
info: ===> TimeStamp : 2025-06-14 03:09:28===> API : /api/auth/login ===> Message : loginUserDB() Invoked !
info: ===> TimeStamp : 2025-06-14 03:09:28===> API : /api/auth/login ===> Message : loginUserResponse() invoked!
info: ===> TimeStamp : 2025-06-14 03:09:28===> API : /api/auth/login ===> Message : loginUserResponse() completed
