info: ===> TimeStamp : 2025-09-15 06:49:27===> API : null ===> Message : validateRequest() invoked
info: ===> TimeStamp : 2025-09-15 06:49:27===> API : null ===> Message : fetchDBSettings()
info: ===> TimeStamp : 2025-09-15 06:49:27===> API : null ===> Message : validateRequest() Invoked!
info: ===> TimeStamp : 2025-09-15 06:49:27===> API : null ===> Message : validRequest() :: Api validated Successfully
info: ===> TimeStamp : 2025-09-15 06:49:27===> API : /api/auth/logout ===> Message : logoutUser() invoked!!
info: ===> TimeStamp : 2025-09-15 06:49:27===> API : /api/auth/logout ===> Message : logoutUser() :: Request Object :: [object Object]
info: ===> TimeStamp : 2025-09-15 06:49:27===> API : /api/auth/logout ===> Message : logoutUserDB() Invoked !
info: ===> TimeStamp : 2025-09-15 06:49:27===> API : /api/auth/logout ===> Message : logoutUserResponse() invoked!
info: ===> TimeStamp : 2025-09-15 06:49:27===> API : /api/auth/logout ===> Message : logoutUserResponse() completed
info: ===> TimeStamp : 2025-09-15 06:54:49===> API : null ===> Message : validateRequest() invoked
info: ===> TimeStamp : 2025-09-15 06:54:49===> API : null ===> Message : fetchDBSettings()
info: ===> TimeStamp : 2025-09-15 06:54:49===> API : null ===> Message : validateRequest() Invoked!
info: ===> TimeStamp : 2025-09-15 06:54:49===> API : null ===> Message : validRequest() :: Api validated Successfully
info: ===> TimeStamp : 2025-09-15 06:54:49===> API : /api/auth/logout ===> Message : logoutUser() invoked!!
info: ===> TimeStamp : 2025-09-15 06:54:49===> API : /api/auth/logout ===> Message : logoutUser() :: Request Object :: [object Object]
info: ===> TimeStamp : 2025-09-15 06:54:49===> API : /api/auth/logout ===> Message : logoutUserDB() Invoked !
info: ===> TimeStamp : 2025-09-15 06:54:49===> API : /api/auth/logout ===> Message : logoutUserResponse() invoked!
info: ===> TimeStamp : 2025-09-15 06:54:49===> API : /api/auth/logout ===> Message : logoutUserResponse() completed
info: ===> TimeStamp : 2025-09-15 06:57:58===> API : null ===> Message : validateRequest() invoked
info: ===> TimeStamp : 2025-09-15 06:57:58===> API : null ===> Message : fetchDBSettings()
info: ===> TimeStamp : 2025-09-15 06:57:58===> API : null ===> Message : validateRequest() Invoked!
info: ===> TimeStamp : 2025-09-15 06:57:58===> API : null ===> Message : validRequest() :: Api validated Successfully
info: ===> TimeStamp : 2025-09-15 06:57:58===> API : /api/auth/validateuser ===> Message : validateUser() invoked!!
info: ===> TimeStamp : 2025-09-15 06:57:58===> API : /api/auth/validateuser ===> Message : validateUser() :: Request Object :: [object Object]
info: ===> TimeStamp : 2025-09-15 06:57:58===> API : /api/auth/validateuser ===> Message : validateUserDB() Invoked !
info: ===> TimeStamp : 2025-09-15 06:57:58===> API : /api/auth/validateuser ===> Message : validateUserResponse() invoked!
info: ===> TimeStamp : 2025-09-15 06:57:58===> API : /api/auth/validateuser ===> Message : validateUserResponse() completed
info: ===> TimeStamp : 2025-09-15 06:57:58===> API : null ===> Message : validateRequest() invoked
info: ===> TimeStamp : 2025-09-15 06:57:58===> API : null ===> Message : fetchDBSettings()
info: ===> TimeStamp : 2025-09-15 06:57:58===> API : null ===> Message : validateRequest() Invoked!
info: ===> TimeStamp : 2025-09-15 06:57:58===> API : null ===> Message : validRequest() :: Api validated Successfully
info: ===> TimeStamp : 2025-09-15 06:57:58===> API : /api/auth/checkIP ===> Message : checkIP() invoked!!
info: ===> TimeStamp : 2025-09-15 06:57:58===> API : /api/auth/checkIP ===> Message : IPs match: 103.255.182.117
info: ===> TimeStamp : 2025-09-15 06:57:58===> API : /api/auth/checkIP ===> Message : checkIPResponse() invoked!
info: ===> TimeStamp : 2025-09-15 06:57:58===> API : /api/auth/checkIP ===> Message : checkIPResponse() completed
info: ===> TimeStamp : 2025-09-15 06:57:58===> API : null ===> Message : validateRequest() invoked
info: ===> TimeStamp : 2025-09-15 06:57:58===> API : null ===> Message : fetchDBSettings()
info: ===> TimeStamp : 2025-09-15 06:57:58===> API : null ===> Message : validateRequest() Invoked!
info: ===> TimeStamp : 2025-09-15 06:57:58===> API : null ===> Message : validRequest() :: Api validated Successfully
info: ===> TimeStamp : 2025-09-15 06:57:58===> API : /api/auth/login ===> Message : loginUser() invoked!!
info: ===> TimeStamp : 2025-09-15 06:57:58===> API : /api/auth/login ===> Message : loginUser() :: Request Object :: [object Object]
info: ===> TimeStamp : 2025-09-15 06:57:58===> API : /api/auth/login ===> Message : loginUserDB() Invoked !
info: ===> TimeStamp : 2025-09-15 06:57:58===> API : /api/auth/login ===> Message : loginUserResponse() invoked!
info: ===> TimeStamp : 2025-09-15 06:57:58===> API : /api/auth/login ===> Message : loginUserResponse() completed
info: ===> TimeStamp : 2025-09-15 06:58:12===> API : null ===> Message : validateRequest() invoked
info: ===> TimeStamp : 2025-09-15 06:58:12===> API : null ===> Message : fetchDBSettings()
info: ===> TimeStamp : 2025-09-15 06:58:12===> API : null ===> Message : validateRequest() Invoked!
info: ===> TimeStamp : 2025-09-15 06:58:12===> API : null ===> Message : validRequest() :: Api validated Successfully
info: ===> TimeStamp : 2025-09-15 06:58:12===> API : /api/auth/validateuser ===> Message : validateUser() invoked!!
info: ===> TimeStamp : 2025-09-15 06:58:12===> API : /api/auth/validateuser ===> Message : validateUser() :: Request Object :: [object Object]
info: ===> TimeStamp : 2025-09-15 06:58:12===> API : /api/auth/validateuser ===> Message : validateUserDB() Invoked !
info: ===> TimeStamp : 2025-09-15 06:58:12===> API : /api/auth/validateuser ===> Message : validateUserDB() :: Error :: {"code":"ER_SIGNAL_EXCEPTION","errno":1644,"sqlState":"10005","sqlMessage":"User Does Not Exist","sql":"CALL usp_validate_user('akruti', 'akruti@!2')"}
info: ===> TimeStamp : 2025-09-15 06:58:12===> API : /api/auth/validateuser ===> Message : validateUserDBResult :: Error :: {"ErrorCode":10005,"ErrorMessage":"User Does Not Exist"}
info: ===> TimeStamp : 2025-09-15 06:58:12===> API : /api/auth/validateuser ===> Message : validateUserResponse() invoked!
info: ===> TimeStamp : 2025-09-15 06:58:12===> API : /api/auth/validateuser ===> Message : validateUserResponse() completed
info: ===> TimeStamp : 2025-09-15 06:58:23===> API : null ===> Message : validateRequest() invoked
info: ===> TimeStamp : 2025-09-15 06:58:23===> API : null ===> Message : fetchDBSettings()
info: ===> TimeStamp : 2025-09-15 06:58:23===> API : null ===> Message : validateRequest() Invoked!
info: ===> TimeStamp : 2025-09-15 06:58:23===> API : null ===> Message : validRequest() :: Api validated Successfully
info: ===> TimeStamp : 2025-09-15 06:58:23===> API : /api/auth/validateuser ===> Message : validateUser() invoked!!
info: ===> TimeStamp : 2025-09-15 06:58:23===> API : /api/auth/validateuser ===> Message : validateUser() :: Request Object :: [object Object]
info: ===> TimeStamp : 2025-09-15 06:58:23===> API : /api/auth/validateuser ===> Message : validateUserDB() Invoked !
info: ===> TimeStamp : 2025-09-15 06:58:23===> API : /api/auth/validateuser ===> Message : validateUserResponse() invoked!
info: ===> TimeStamp : 2025-09-15 06:58:23===> API : /api/auth/validateuser ===> Message : validateUserResponse() completed
info: ===> TimeStamp : 2025-09-15 06:58:23===> API : null ===> Message : validateRequest() invoked
info: ===> TimeStamp : 2025-09-15 06:58:23===> API : null ===> Message : fetchDBSettings()
info: ===> TimeStamp : 2025-09-15 06:58:23===> API : null ===> Message : validateRequest() Invoked!
info: ===> TimeStamp : 2025-09-15 06:58:23===> API : null ===> Message : validRequest() :: Api validated Successfully
info: ===> TimeStamp : 2025-09-15 06:58:23===> API : /api/auth/checkIP ===> Message : checkIP() invoked!!
info: ===> TimeStamp : 2025-09-15 06:58:23===> API : /api/auth/checkIP ===> Message : IPs match: 103.255.182.117
info: ===> TimeStamp : 2025-09-15 06:58:23===> API : /api/auth/checkIP ===> Message : checkIPResponse() invoked!
info: ===> TimeStamp : 2025-09-15 06:58:23===> API : /api/auth/checkIP ===> Message : checkIPResponse() completed
info: ===> TimeStamp : 2025-09-15 06:58:23===> API : null ===> Message : validateRequest() invoked
info: ===> TimeStamp : 2025-09-15 06:58:23===> API : null ===> Message : fetchDBSettings()
info: ===> TimeStamp : 2025-09-15 06:58:23===> API : null ===> Message : validateRequest() Invoked!
info: ===> TimeStamp : 2025-09-15 06:58:23===> API : null ===> Message : validRequest() :: Api validated Successfully
info: ===> TimeStamp : 2025-09-15 06:58:23===> API : /api/auth/login ===> Message : loginUser() invoked!!
info: ===> TimeStamp : 2025-09-15 06:58:23===> API : /api/auth/login ===> Message : loginUser() :: Request Object :: [object Object]
info: ===> TimeStamp : 2025-09-15 06:58:23===> API : /api/auth/login ===> Message : loginUserDB() Invoked !
info: ===> TimeStamp : 2025-09-15 06:58:23===> API : /api/auth/login ===> Message : loginUserResponse() invoked!
info: ===> TimeStamp : 2025-09-15 06:58:23===> API : /api/auth/login ===> Message : loginUserResponse() completed
info: ===> TimeStamp : 2025-09-15 07:03:17===> API : null ===> Message : validateRequest() invoked
info: ===> TimeStamp : 2025-09-15 07:03:17===> API : null ===> Message : validateRequest() Error:: Invalid Request :: 
      {"apiUri":"/"}
info: ===> TimeStamp : 2025-09-15 08:06:25===> API : null ===> Message : validateRequest() invoked
info: ===> TimeStamp : 2025-09-15 08:06:25===> API : null ===> Message : fetchDBSettings()
info: ===> TimeStamp : 2025-09-15 08:06:25===> API : null ===> Message : validateRequest() Invoked!
info: ===> TimeStamp : 2025-09-15 08:06:25===> API : null ===> Message : validRequest() :: Api validated Successfully
info: ===> TimeStamp : 2025-09-15 08:06:25===> API : /api/auth/validateuser ===> Message : validateUser() invoked!!
info: ===> TimeStamp : 2025-09-15 08:06:25===> API : /api/auth/validateuser ===> Message : validateUser() :: Request Object :: [object Object]
info: ===> TimeStamp : 2025-09-15 08:06:25===> API : /api/auth/validateuser ===> Message : validateUserDB() Invoked !
info: ===> TimeStamp : 2025-09-15 08:06:25===> API : /api/auth/validateuser ===> Message : validateUserResponse() invoked!
info: ===> TimeStamp : 2025-09-15 08:06:25===> API : /api/auth/validateuser ===> Message : validateUserResponse() completed
info: ===> TimeStamp : 2025-09-15 08:06:25===> API : null ===> Message : validateRequest() invoked
info: ===> TimeStamp : 2025-09-15 08:06:25===> API : null ===> Message : fetchDBSettings()
info: ===> TimeStamp : 2025-09-15 08:06:25===> API : null ===> Message : validateRequest() Invoked!
info: ===> TimeStamp : 2025-09-15 08:06:25===> API : null ===> Message : validRequest() :: Api validated Successfully
info: ===> TimeStamp : 2025-09-15 08:06:25===> API : /api/auth/login ===> Message : loginUser() invoked!!
info: ===> TimeStamp : 2025-09-15 08:06:25===> API : /api/auth/login ===> Message : loginUser() :: Request Object :: [object Object]
info: ===> TimeStamp : 2025-09-15 08:06:25===> API : /api/auth/login ===> Message : loginUserDB() Invoked !
info: ===> TimeStamp : 2025-09-15 08:06:26===> API : /api/auth/login ===> Message : loginUserResponse() invoked!
info: ===> TimeStamp : 2025-09-15 08:06:26===> API : /api/auth/login ===> Message : loginUserResponse() completed
info: ===> TimeStamp : 2025-09-15 09:04:32===> API : null ===> Message : validateRequest() invoked
info: ===> TimeStamp : 2025-09-15 09:04:32===> API : null ===> Message : fetchDBSettings()
info: ===> TimeStamp : 2025-09-15 09:04:32===> API : null ===> Message : validateRequest() Invoked!
info: ===> TimeStamp : 2025-09-15 09:04:32===> API : null ===> Message : validRequest() :: Api validated Successfully
info: ===> TimeStamp : 2025-09-15 09:04:32===> API : /api/auth/validateuser ===> Message : validateUser() invoked!!
info: ===> TimeStamp : 2025-09-15 09:04:32===> API : /api/auth/validateuser ===> Message : validateUser() :: Request Object :: [object Object]
info: ===> TimeStamp : 2025-09-15 09:04:32===> API : /api/auth/validateuser ===> Message : validateUserDB() Invoked !
info: ===> TimeStamp : 2025-09-15 09:04:32===> API : /api/auth/validateuser ===> Message : validateUserResponse() invoked!
info: ===> TimeStamp : 2025-09-15 09:04:32===> API : /api/auth/validateuser ===> Message : validateUserResponse() completed
info: ===> TimeStamp : 2025-09-15 09:04:32===> API : null ===> Message : validateRequest() invoked
info: ===> TimeStamp : 2025-09-15 09:04:32===> API : null ===> Message : fetchDBSettings()
info: ===> TimeStamp : 2025-09-15 09:04:32===> API : null ===> Message : validateRequest() Invoked!
info: ===> TimeStamp : 2025-09-15 09:04:32===> API : null ===> Message : validRequest() :: Api validated Successfully
info: ===> TimeStamp : 2025-09-15 09:04:32===> API : /api/auth/checkIP ===> Message : checkIP() invoked!!
info: ===> TimeStamp : 2025-09-15 09:04:32===> API : /api/auth/checkIP ===> Message : IPs match: 103.255.182.117
info: ===> TimeStamp : 2025-09-15 09:04:32===> API : /api/auth/checkIP ===> Message : checkIPResponse() invoked!
info: ===> TimeStamp : 2025-09-15 09:04:32===> API : /api/auth/checkIP ===> Message : checkIPResponse() completed
info: ===> TimeStamp : 2025-09-15 09:04:32===> API : null ===> Message : validateRequest() invoked
info: ===> TimeStamp : 2025-09-15 09:04:32===> API : null ===> Message : fetchDBSettings()
info: ===> TimeStamp : 2025-09-15 09:04:32===> API : null ===> Message : validateRequest() Invoked!
info: ===> TimeStamp : 2025-09-15 09:04:32===> API : null ===> Message : validRequest() :: Api validated Successfully
info: ===> TimeStamp : 2025-09-15 09:04:32===> API : /api/auth/login ===> Message : loginUser() invoked!!
info: ===> TimeStamp : 2025-09-15 09:04:32===> API : /api/auth/login ===> Message : loginUser() :: Request Object :: [object Object]
info: ===> TimeStamp : 2025-09-15 09:04:32===> API : /api/auth/login ===> Message : loginUserDB() Invoked !
info: ===> TimeStamp : 2025-09-15 09:04:32===> API : /api/auth/login ===> Message : loginUserResponse() invoked!
info: ===> TimeStamp : 2025-09-15 09:04:32===> API : /api/auth/login ===> Message : loginUserResponse() completed
info: ===> TimeStamp : 2025-09-15 11:58:25===> API : null ===> Message : validateRequest() Error:: Invalid Request :: 
      {"apiUri":"/"}
info: ===> TimeStamp : 2025-09-15 11:58:25===> API : null ===> Message : validateRequest() invoked
info: ===> TimeStamp : 2025-09-15 11:58:28===> API : null ===> Message : validateRequest() invoked
info: ===> TimeStamp : 2025-09-15 11:58:28===> API : null ===> Message : validateRequest() Error:: Invalid Request :: 
      {"apiUri":"/favicon.ico"}
info: ===> TimeStamp : 2025-09-15 13:26:02===> API : null ===> Message : validateRequest() invoked
info: ===> TimeStamp : 2025-09-15 13:26:02===> API : null ===> Message : validateRequest() Error:: Invalid Request :: 
      {"apiUri":"/"}
info: ===> TimeStamp : 2025-09-15 13:26:13===> API : null ===> Message : validateRequest() Error:: Invalid Request :: 
      {"apiUri":"/"}
info: ===> TimeStamp : 2025-09-15 13:26:13===> API : null ===> Message : validateRequest() invoked
info: ===> TimeStamp : 2025-09-15 13:26:14===> API : null ===> Message : validateRequest() invoked
info: ===> TimeStamp : 2025-09-15 13:26:14===> API : null ===> Message : validateRequest() Error:: Invalid Request :: 
      {"apiUri":"/favicon.ico"}
info: ===> TimeStamp : 2025-09-15 13:26:24===> API : null ===> Message : validateRequest() invoked
info: ===> TimeStamp : 2025-09-15 13:26:24===> API : null ===> Message : validateRequest() Error:: Invalid Request :: 
      {"apiUri":"/favicon.ico"}
info: ===> TimeStamp : 2025-09-15 13:26:25===> API : null ===> Message : validateRequest() invoked
info: ===> TimeStamp : 2025-09-15 13:26:25===> API : null ===> Message : validateRequest() Error:: Invalid Request :: 
      {"apiUri":"/wiki"}
info: ===> TimeStamp : 2025-09-15 14:01:05===> API : null ===> Message : validateRequest() invoked
info: ===> TimeStamp : 2025-09-15 14:01:05===> API : null ===> Message : fetchDBSettings()
info: ===> TimeStamp : 2025-09-15 14:01:05===> API : null ===> Message : validateRequest() Invoked!
info: ===> TimeStamp : 2025-09-15 14:01:05===> API : null ===> Message : validRequest() :: Api validated Successfully
info: ===> TimeStamp : 2025-09-15 14:01:05===> API : /api/auth/validateuser ===> Message : validateUser() invoked!!
info: ===> TimeStamp : 2025-09-15 14:01:05===> API : /api/auth/validateuser ===> Message : validateUser() :: Request Object :: [object Object]
info: ===> TimeStamp : 2025-09-15 14:01:05===> API : /api/auth/validateuser ===> Message : validateUserDB() Invoked !
info: ===> TimeStamp : 2025-09-15 14:01:05===> API : /api/auth/validateuser ===> Message : validateUserResponse() invoked!
info: ===> TimeStamp : 2025-09-15 14:01:05===> API : /api/auth/validateuser ===> Message : validateUserResponse() completed
info: ===> TimeStamp : 2025-09-15 14:01:05===> API : null ===> Message : validateRequest() invoked
info: ===> TimeStamp : 2025-09-15 14:01:05===> API : null ===> Message : fetchDBSettings()
info: ===> TimeStamp : 2025-09-15 14:01:05===> API : null ===> Message : validateRequest() Invoked!
info: ===> TimeStamp : 2025-09-15 14:01:05===> API : null ===> Message : validRequest() :: Api validated Successfully
info: ===> TimeStamp : 2025-09-15 14:01:05===> API : /api/auth/login ===> Message : loginUser() invoked!!
info: ===> TimeStamp : 2025-09-15 14:01:05===> API : /api/auth/login ===> Message : loginUser() :: Request Object :: [object Object]
info: ===> TimeStamp : 2025-09-15 14:01:05===> API : /api/auth/login ===> Message : loginUserDB() Invoked !
info: ===> TimeStamp : 2025-09-15 14:01:05===> API : /api/auth/login ===> Message : loginUserResponse() invoked!
info: ===> TimeStamp : 2025-09-15 14:01:05===> API : /api/auth/login ===> Message : loginUserResponse() completed
info: ===> TimeStamp : 2025-09-15 14:16:40===> API : null ===> Message : validateRequest() invoked
info: ===> TimeStamp : 2025-09-15 14:16:40===> API : null ===> Message : fetchDBSettings()
info: ===> TimeStamp : 2025-09-15 14:16:40===> API : null ===> Message : validateRequest() Invoked!
info: ===> TimeStamp : 2025-09-15 14:16:40===> API : null ===> Message : validRequest() :: Api validated Successfully
info: ===> TimeStamp : 2025-09-15 14:16:40===> API : /api/auth/validateuser ===> Message : validateUser() invoked!!
info: ===> TimeStamp : 2025-09-15 14:16:40===> API : /api/auth/validateuser ===> Message : validateUser() :: Request Object :: [object Object]
info: ===> TimeStamp : 2025-09-15 14:16:40===> API : /api/auth/validateuser ===> Message : validateUserDB() Invoked !
info: ===> TimeStamp : 2025-09-15 14:16:40===> API : /api/auth/validateuser ===> Message : validateUserResponse() invoked!
info: ===> TimeStamp : 2025-09-15 14:16:40===> API : /api/auth/validateuser ===> Message : validateUserResponse() completed
info: ===> TimeStamp : 2025-09-15 14:16:40===> API : null ===> Message : validateRequest() invoked
info: ===> TimeStamp : 2025-09-15 14:16:40===> API : null ===> Message : fetchDBSettings()
info: ===> TimeStamp : 2025-09-15 14:16:40===> API : null ===> Message : validateRequest() Invoked!
info: ===> TimeStamp : 2025-09-15 14:16:40===> API : null ===> Message : validRequest() :: Api validated Successfully
info: ===> TimeStamp : 2025-09-15 14:16:40===> API : /api/auth/checkIP ===> Message : checkIP() invoked!!
info: ===> TimeStamp : 2025-09-15 14:16:40===> API : /api/auth/checkIP ===> Message : IPs match: 103.255.182.117
info: ===> TimeStamp : 2025-09-15 14:16:40===> API : /api/auth/checkIP ===> Message : checkIPResponse() invoked!
info: ===> TimeStamp : 2025-09-15 14:16:40===> API : /api/auth/checkIP ===> Message : checkIPResponse() completed
info: ===> TimeStamp : 2025-09-15 14:16:40===> API : null ===> Message : validateRequest() invoked
info: ===> TimeStamp : 2025-09-15 14:16:40===> API : null ===> Message : fetchDBSettings()
info: ===> TimeStamp : 2025-09-15 14:16:40===> API : null ===> Message : validateRequest() Invoked!
info: ===> TimeStamp : 2025-09-15 14:16:40===> API : null ===> Message : validRequest() :: Api validated Successfully
info: ===> TimeStamp : 2025-09-15 14:16:40===> API : /api/auth/login ===> Message : loginUser() invoked!!
info: ===> TimeStamp : 2025-09-15 14:16:40===> API : /api/auth/login ===> Message : loginUser() :: Request Object :: [object Object]
info: ===> TimeStamp : 2025-09-15 14:16:40===> API : /api/auth/login ===> Message : loginUserDB() Invoked !
info: ===> TimeStamp : 2025-09-15 14:16:40===> API : /api/auth/login ===> Message : loginUserResponse() invoked!
info: ===> TimeStamp : 2025-09-15 14:16:40===> API : /api/auth/login ===> Message : loginUserResponse() completed
info: ===> TimeStamp : 2025-09-15 14:47:07===> API : null ===> Message : validateRequest() invoked
info: ===> TimeStamp : 2025-09-15 14:47:07===> API : null ===> Message : fetchDBSettings()
info: ===> TimeStamp : 2025-09-15 14:47:07===> API : null ===> Message : validateRequest() Invoked!
info: ===> TimeStamp : 2025-09-15 14:47:07===> API : null ===> Message : validRequest() :: Api validated Successfully
info: ===> TimeStamp : 2025-09-15 14:47:07===> API : /api/auth/logout ===> Message : logoutUser() :: Request Object :: [object Object]
info: ===> TimeStamp : 2025-09-15 14:47:07===> API : /api/auth/logout ===> Message : logoutUserDB() Invoked !
info: ===> TimeStamp : 2025-09-15 14:47:07===> API : /api/auth/logout ===> Message : logoutUser() invoked!!
info: ===> TimeStamp : 2025-09-15 14:47:07===> API : /api/auth/logout ===> Message : logoutUserResponse() invoked!
info: ===> TimeStamp : 2025-09-15 14:47:07===> API : /api/auth/logout ===> Message : logoutUserResponse() completed
info: ===> TimeStamp : 2025-09-15 14:47:18===> API : null ===> Message : validateRequest() invoked
info: ===> TimeStamp : 2025-09-15 14:47:18===> API : null ===> Message : fetchDBSettings()
info: ===> TimeStamp : 2025-09-15 14:47:18===> API : null ===> Message : validateRequest() Invoked!
info: ===> TimeStamp : 2025-09-15 14:47:18===> API : null ===> Message : validRequest() :: Api validated Successfully
info: ===> TimeStamp : 2025-09-15 14:47:18===> API : /api/auth/validateuser ===> Message : validateUser() invoked!!
info: ===> TimeStamp : 2025-09-15 14:47:18===> API : /api/auth/validateuser ===> Message : validateUser() :: Request Object :: [object Object]
info: ===> TimeStamp : 2025-09-15 14:47:18===> API : /api/auth/validateuser ===> Message : validateUserDB() Invoked !
info: ===> TimeStamp : 2025-09-15 14:47:18===> API : /api/auth/validateuser ===> Message : validateUserResponse() invoked!
info: ===> TimeStamp : 2025-09-15 14:47:18===> API : /api/auth/validateuser ===> Message : validateUserResponse() completed
info: ===> TimeStamp : 2025-09-15 14:47:18===> API : null ===> Message : validateRequest() invoked
info: ===> TimeStamp : 2025-09-15 14:47:18===> API : null ===> Message : fetchDBSettings()
info: ===> TimeStamp : 2025-09-15 14:47:18===> API : null ===> Message : validateRequest() Invoked!
info: ===> TimeStamp : 2025-09-15 14:47:18===> API : null ===> Message : validRequest() :: Api validated Successfully
info: ===> TimeStamp : 2025-09-15 14:47:18===> API : /api/auth/checkIP ===> Message : checkIP() invoked!!
info: ===> TimeStamp : 2025-09-15 14:47:18===> API : /api/auth/checkIP ===> Message : IPs match: 103.255.182.117
info: ===> TimeStamp : 2025-09-15 14:47:18===> API : /api/auth/checkIP ===> Message : checkIPResponse() invoked!
info: ===> TimeStamp : 2025-09-15 14:47:18===> API : /api/auth/checkIP ===> Message : checkIPResponse() completed
info: ===> TimeStamp : 2025-09-15 14:47:18===> API : null ===> Message : validateRequest() invoked
info: ===> TimeStamp : 2025-09-15 14:47:18===> API : null ===> Message : fetchDBSettings()
info: ===> TimeStamp : 2025-09-15 14:47:18===> API : null ===> Message : validateRequest() Invoked!
info: ===> TimeStamp : 2025-09-15 14:47:18===> API : null ===> Message : validRequest() :: Api validated Successfully
info: ===> TimeStamp : 2025-09-15 14:47:18===> API : /api/auth/login ===> Message : loginUser() invoked!!
info: ===> TimeStamp : 2025-09-15 14:47:18===> API : /api/auth/login ===> Message : loginUser() :: Request Object :: [object Object]
info: ===> TimeStamp : 2025-09-15 14:47:18===> API : /api/auth/login ===> Message : loginUserDB() Invoked !
info: ===> TimeStamp : 2025-09-15 14:47:18===> API : /api/auth/login ===> Message : loginUserResponse() invoked!
info: ===> TimeStamp : 2025-09-15 14:47:18===> API : /api/auth/login ===> Message : loginUserResponse() completed
info: ===> TimeStamp : 2025-09-15 14:57:30===> API : null ===> Message : validateRequest() invoked
info: ===> TimeStamp : 2025-09-15 14:57:30===> API : null ===> Message : fetchDBSettings()
info: ===> TimeStamp : 2025-09-15 14:57:30===> API : null ===> Message : validateRequest() Invoked!
info: ===> TimeStamp : 2025-09-15 14:57:30===> API : null ===> Message : validRequest() :: Api validated Successfully
info: ===> TimeStamp : 2025-09-15 14:57:30===> API : /api/auth/logout ===> Message : logoutUser() invoked!!
info: ===> TimeStamp : 2025-09-15 14:57:30===> API : /api/auth/logout ===> Message : logoutUser() :: Request Object :: [object Object]
info: ===> TimeStamp : 2025-09-15 14:57:30===> API : /api/auth/logout ===> Message : logoutUserDB() Invoked !
info: ===> TimeStamp : 2025-09-15 14:57:30===> API : /api/auth/logout ===> Message : logoutUserResponse() invoked!
info: ===> TimeStamp : 2025-09-15 14:57:30===> API : /api/auth/logout ===> Message : logoutUserResponse() completed
info: ===> TimeStamp : 2025-09-15 14:57:38===> API : null ===> Message : validateRequest() invoked
info: ===> TimeStamp : 2025-09-15 14:57:38===> API : null ===> Message : fetchDBSettings()
info: ===> TimeStamp : 2025-09-15 14:57:38===> API : null ===> Message : validateRequest() Invoked!
info: ===> TimeStamp : 2025-09-15 14:57:38===> API : null ===> Message : validRequest() :: Api validated Successfully
info: ===> TimeStamp : 2025-09-15 14:57:38===> API : /api/auth/validateuser ===> Message : validateUser() invoked!!
info: ===> TimeStamp : 2025-09-15 14:57:38===> API : /api/auth/validateuser ===> Message : validateUser() :: Request Object :: [object Object]
info: ===> TimeStamp : 2025-09-15 14:57:38===> API : /api/auth/validateuser ===> Message : validateUserDB() Invoked !
info: ===> TimeStamp : 2025-09-15 14:57:38===> API : /api/auth/validateuser ===> Message : validateUserResponse() invoked!
info: ===> TimeStamp : 2025-09-15 14:57:38===> API : /api/auth/validateuser ===> Message : validateUserResponse() completed
info: ===> TimeStamp : 2025-09-15 14:57:38===> API : null ===> Message : validateRequest() invoked
info: ===> TimeStamp : 2025-09-15 14:57:38===> API : null ===> Message : fetchDBSettings()
info: ===> TimeStamp : 2025-09-15 14:57:38===> API : null ===> Message : validateRequest() Invoked!
info: ===> TimeStamp : 2025-09-15 14:57:38===> API : null ===> Message : validRequest() :: Api validated Successfully
info: ===> TimeStamp : 2025-09-15 14:57:38===> API : /api/auth/checkIP ===> Message : checkIP() invoked!!
info: ===> TimeStamp : 2025-09-15 14:57:38===> API : /api/auth/checkIP ===> Message : IPs match: 103.255.182.117
info: ===> TimeStamp : 2025-09-15 14:57:38===> API : /api/auth/checkIP ===> Message : checkIPResponse() invoked!
info: ===> TimeStamp : 2025-09-15 14:57:38===> API : /api/auth/checkIP ===> Message : checkIPResponse() completed
info: ===> TimeStamp : 2025-09-15 14:57:38===> API : null ===> Message : validateRequest() invoked
info: ===> TimeStamp : 2025-09-15 14:57:38===> API : null ===> Message : fetchDBSettings()
info: ===> TimeStamp : 2025-09-15 14:57:39===> API : null ===> Message : validateRequest() Invoked!
info: ===> TimeStamp : 2025-09-15 14:57:39===> API : null ===> Message : validRequest() :: Api validated Successfully
info: ===> TimeStamp : 2025-09-15 14:57:39===> API : /api/auth/login ===> Message : loginUser() invoked!!
info: ===> TimeStamp : 2025-09-15 14:57:39===> API : /api/auth/login ===> Message : loginUser() :: Request Object :: [object Object]
info: ===> TimeStamp : 2025-09-15 14:57:39===> API : /api/auth/login ===> Message : loginUserDB() Invoked !
info: ===> TimeStamp : 2025-09-15 14:57:39===> API : /api/auth/login ===> Message : loginUserResponse() invoked!
info: ===> TimeStamp : 2025-09-15 14:57:39===> API : /api/auth/login ===> Message : loginUserResponse() completed
info: ===> TimeStamp : 2025-09-15 18:32:07===> API : null ===> Message : validateRequest() invoked
info: ===> TimeStamp : 2025-09-15 18:32:07===> API : null ===> Message : fetchDBSettings()
info: ===> TimeStamp : 2025-09-15 18:32:07===> API : null ===> Message : validateRequest() Invoked!
info: ===> TimeStamp : 2025-09-15 18:32:07===> API : null ===> Message : validRequest() :: Api validated Successfully
info: ===> TimeStamp : 2025-09-15 18:32:07===> API : /api/auth/validateuser ===> Message : validateUser() invoked!!
info: ===> TimeStamp : 2025-09-15 18:32:07===> API : /api/auth/validateuser ===> Message : validateUser() :: Request Object :: [object Object]
info: ===> TimeStamp : 2025-09-15 18:32:07===> API : /api/auth/validateuser ===> Message : validateUserDB() Invoked !
info: ===> TimeStamp : 2025-09-15 18:32:07===> API : /api/auth/validateuser ===> Message : validateUserResponse() invoked!
info: ===> TimeStamp : 2025-09-15 18:32:07===> API : /api/auth/validateuser ===> Message : validateUserResponse() completed
info: ===> TimeStamp : 2025-09-15 18:32:07===> API : null ===> Message : validateRequest() invoked
info: ===> TimeStamp : 2025-09-15 18:32:07===> API : null ===> Message : fetchDBSettings()
info: ===> TimeStamp : 2025-09-15 18:32:07===> API : null ===> Message : validateRequest() Invoked!
info: ===> TimeStamp : 2025-09-15 18:32:07===> API : null ===> Message : validRequest() :: Api validated Successfully
info: ===> TimeStamp : 2025-09-15 18:32:07===> API : /api/auth/checkIP ===> Message : checkIP() invoked!!
info: ===> TimeStamp : 2025-09-15 18:32:07===> API : /api/auth/checkIP ===> Message : IPs match: 103.255.182.117
info: ===> TimeStamp : 2025-09-15 18:32:07===> API : /api/auth/checkIP ===> Message : checkIPResponse() invoked!
info: ===> TimeStamp : 2025-09-15 18:32:07===> API : /api/auth/checkIP ===> Message : checkIPResponse() completed
info: ===> TimeStamp : 2025-09-15 18:32:07===> API : null ===> Message : validateRequest() invoked
info: ===> TimeStamp : 2025-09-15 18:32:07===> API : null ===> Message : fetchDBSettings()
info: ===> TimeStamp : 2025-09-15 18:32:07===> API : null ===> Message : validateRequest() Invoked!
info: ===> TimeStamp : 2025-09-15 18:32:07===> API : null ===> Message : validRequest() :: Api validated Successfully
info: ===> TimeStamp : 2025-09-15 18:32:07===> API : /api/auth/login ===> Message : loginUser() :: Request Object :: [object Object]
info: ===> TimeStamp : 2025-09-15 18:32:07===> API : /api/auth/login ===> Message : loginUser() invoked!!
info: ===> TimeStamp : 2025-09-15 18:32:07===> API : /api/auth/login ===> Message : loginUserDB() Invoked !
info: ===> TimeStamp : 2025-09-15 18:32:07===> API : /api/auth/login ===> Message : loginUserResponse() invoked!
info: ===> TimeStamp : 2025-09-15 18:32:07===> API : /api/auth/login ===> Message : loginUserResponse() completed
info: ===> TimeStamp : 2025-09-15 18:44:11===> API : null ===> Message : validateRequest() invoked
info: ===> TimeStamp : 2025-09-15 18:44:11===> API : null ===> Message : fetchDBSettings()
info: ===> TimeStamp : 2025-09-15 18:44:11===> API : null ===> Message : validateRequest() Invoked!
info: ===> TimeStamp : 2025-09-15 18:44:11===> API : null ===> Message : validRequest() :: Api validated Successfully
info: ===> TimeStamp : 2025-09-15 18:44:11===> API : /api/auth/validateuser ===> Message : validateUser() invoked!!
info: ===> TimeStamp : 2025-09-15 18:44:11===> API : /api/auth/validateuser ===> Message : validateUser() :: Request Object :: [object Object]
info: ===> TimeStamp : 2025-09-15 18:44:11===> API : /api/auth/validateuser ===> Message : validateUserDB() Invoked !
info: ===> TimeStamp : 2025-09-15 18:44:11===> API : /api/auth/validateuser ===> Message : validateUserResponse() invoked!
info: ===> TimeStamp : 2025-09-15 18:44:11===> API : /api/auth/validateuser ===> Message : validateUserResponse() completed
info: ===> TimeStamp : 2025-09-15 18:44:12===> API : null ===> Message : validateRequest() invoked
info: ===> TimeStamp : 2025-09-15 18:44:12===> API : null ===> Message : fetchDBSettings()
info: ===> TimeStamp : 2025-09-15 18:44:12===> API : null ===> Message : validateRequest() Invoked!
info: ===> TimeStamp : 2025-09-15 18:44:12===> API : null ===> Message : validRequest() :: Api validated Successfully
info: ===> TimeStamp : 2025-09-15 18:44:12===> API : /api/auth/login ===> Message : loginUser() invoked!!
info: ===> TimeStamp : 2025-09-15 18:44:12===> API : /api/auth/login ===> Message : loginUser() :: Request Object :: [object Object]
info: ===> TimeStamp : 2025-09-15 18:44:12===> API : /api/auth/login ===> Message : loginUserDB() Invoked !
info: ===> TimeStamp : 2025-09-15 18:44:12===> API : /api/auth/login ===> Message : loginUserResponse() invoked!
info: ===> TimeStamp : 2025-09-15 18:44:12===> API : /api/auth/login ===> Message : loginUserResponse() completed
info: ===> TimeStamp : 2025-09-15 18:45:01===> API : null ===> Message : validateRequest() invoked
info: ===> TimeStamp : 2025-09-15 18:45:01===> API : null ===> Message : validateRequest() Error:: Invalid Request :: 
      {"apiUri":"/pdown"}
info: ===> TimeStamp : 2025-09-15 18:54:04===> API : null ===> Message : validateRequest() invoked
info: ===> TimeStamp : 2025-09-15 18:54:04===> API : null ===> Message : fetchDBSettings()
info: ===> TimeStamp : 2025-09-15 18:54:04===> API : null ===> Message : validateRequest() Invoked!
info: ===> TimeStamp : 2025-09-15 18:54:04===> API : null ===> Message : validRequest() :: Api validated Successfully
info: ===> TimeStamp : 2025-09-15 18:54:04===> API : /api/auth/validateuser ===> Message : validateUser() invoked!!
info: ===> TimeStamp : 2025-09-15 18:54:04===> API : /api/auth/validateuser ===> Message : validateUser() :: Request Object :: [object Object]
info: ===> TimeStamp : 2025-09-15 18:54:04===> API : /api/auth/validateuser ===> Message : validateUserDB() Invoked !
info: ===> TimeStamp : 2025-09-15 18:54:04===> API : /api/auth/validateuser ===> Message : validateUserResponse() invoked!
info: ===> TimeStamp : 2025-09-15 18:54:04===> API : /api/auth/validateuser ===> Message : validateUserResponse() completed
info: ===> TimeStamp : 2025-09-15 18:54:04===> API : null ===> Message : validateRequest() invoked
info: ===> TimeStamp : 2025-09-15 18:54:04===> API : null ===> Message : fetchDBSettings()
info: ===> TimeStamp : 2025-09-15 18:54:04===> API : null ===> Message : validateRequest() Invoked!
info: ===> TimeStamp : 2025-09-15 18:54:05===> API : null ===> Message : validRequest() :: Api validated Successfully
info: ===> TimeStamp : 2025-09-15 18:54:05===> API : /api/auth/login ===> Message : loginUser() invoked!!
info: ===> TimeStamp : 2025-09-15 18:54:05===> API : /api/auth/login ===> Message : loginUser() :: Request Object :: [object Object]
info: ===> TimeStamp : 2025-09-15 18:54:05===> API : /api/auth/login ===> Message : loginUserDB() Invoked !
info: ===> TimeStamp : 2025-09-15 18:54:05===> API : /api/auth/login ===> Message : loginUserResponse() invoked!
info: ===> TimeStamp : 2025-09-15 18:54:05===> API : /api/auth/login ===> Message : loginUserResponse() completed
info: ===> TimeStamp : 2025-09-15 19:06:51===> API : null ===> Message : validateRequest() invoked
info: ===> TimeStamp : 2025-09-15 19:06:51===> API : null ===> Message : fetchDBSettings()
info: ===> TimeStamp : 2025-09-15 19:06:51===> API : null ===> Message : validateRequest() Invoked!
info: ===> TimeStamp : 2025-09-15 19:06:51===> API : null ===> Message : validRequest() :: Api validated Successfully
info: ===> TimeStamp : 2025-09-15 19:06:51===> API : /api/auth/logout ===> Message : logoutUser() invoked!!
info: ===> TimeStamp : 2025-09-15 19:06:51===> API : /api/auth/logout ===> Message : logoutUser() :: Request Object :: [object Object]
info: ===> TimeStamp : 2025-09-15 19:06:51===> API : /api/auth/logout ===> Message : logoutUserDB() Invoked !
info: ===> TimeStamp : 2025-09-15 19:06:51===> API : /api/auth/logout ===> Message : logoutUserResponse() invoked!
info: ===> TimeStamp : 2025-09-15 19:06:51===> API : /api/auth/logout ===> Message : logoutUserResponse() completed
info: ===> TimeStamp : 2025-09-15 19:07:14===> API : null ===> Message : validateRequest() invoked
info: ===> TimeStamp : 2025-09-15 19:07:14===> API : null ===> Message : fetchDBSettings()
info: ===> TimeStamp : 2025-09-15 19:07:14===> API : null ===> Message : validateRequest() Invoked!
info: ===> TimeStamp : 2025-09-15 19:07:14===> API : null ===> Message : validRequest() :: Api validated Successfully
info: ===> TimeStamp : 2025-09-15 19:07:14===> API : /api/auth/validateuser ===> Message : validateUser() invoked!!
info: ===> TimeStamp : 2025-09-15 19:07:14===> API : /api/auth/validateuser ===> Message : validateUser() :: Request Object :: [object Object]
info: ===> TimeStamp : 2025-09-15 19:07:14===> API : /api/auth/validateuser ===> Message : validateUserDB() Invoked !
info: ===> TimeStamp : 2025-09-15 19:07:14===> API : /api/auth/validateuser ===> Message : validateUserResponse() invoked!
info: ===> TimeStamp : 2025-09-15 19:07:14===> API : /api/auth/validateuser ===> Message : validateUserResponse() completed
info: ===> TimeStamp : 2025-09-15 19:07:14===> API : null ===> Message : validateRequest() invoked
info: ===> TimeStamp : 2025-09-15 19:07:14===> API : null ===> Message : fetchDBSettings()
info: ===> TimeStamp : 2025-09-15 19:07:14===> API : null ===> Message : validateRequest() Invoked!
info: ===> TimeStamp : 2025-09-15 19:07:14===> API : null ===> Message : validRequest() :: Api validated Successfully
info: ===> TimeStamp : 2025-09-15 19:07:14===> API : /api/auth/checkIP ===> Message : checkIP() invoked!!
info: ===> TimeStamp : 2025-09-15 19:07:14===> API : /api/auth/checkIP ===> Message : IPs match: 103.255.182.117
info: ===> TimeStamp : 2025-09-15 19:07:14===> API : /api/auth/checkIP ===> Message : checkIPResponse() invoked!
info: ===> TimeStamp : 2025-09-15 19:07:14===> API : /api/auth/checkIP ===> Message : checkIPResponse() completed
info: ===> TimeStamp : 2025-09-15 19:07:14===> API : null ===> Message : fetchDBSettings()
info: ===> TimeStamp : 2025-09-15 19:07:14===> API : null ===> Message : validateRequest() invoked
info: ===> TimeStamp : 2025-09-15 19:07:14===> API : null ===> Message : validateRequest() Invoked!
info: ===> TimeStamp : 2025-09-15 19:07:14===> API : null ===> Message : validRequest() :: Api validated Successfully
info: ===> TimeStamp : 2025-09-15 19:07:14===> API : /api/auth/login ===> Message : loginUser() invoked!!
info: ===> TimeStamp : 2025-09-15 19:07:14===> API : /api/auth/login ===> Message : loginUser() :: Request Object :: [object Object]
info: ===> TimeStamp : 2025-09-15 19:07:14===> API : /api/auth/login ===> Message : loginUserDB() Invoked !
info: ===> TimeStamp : 2025-09-15 19:07:14===> API : /api/auth/login ===> Message : loginUserResponse() invoked!
info: ===> TimeStamp : 2025-09-15 19:07:14===> API : /api/auth/login ===> Message : loginUserResponse() completed
info: ===> TimeStamp : 2025-09-15 19:08:09===> API : null ===> Message : validateRequest() invoked
info: ===> TimeStamp : 2025-09-15 19:08:09===> API : null ===> Message : fetchDBSettings()
info: ===> TimeStamp : 2025-09-15 19:08:09===> API : null ===> Message : validateRequest() Invoked!
info: ===> TimeStamp : 2025-09-15 19:08:10===> API : null ===> Message : validRequest() :: Api validated Successfully
info: ===> TimeStamp : 2025-09-15 19:08:10===> API : /api/auth/logout ===> Message : logoutUser() invoked!!
info: ===> TimeStamp : 2025-09-15 19:08:10===> API : /api/auth/logout ===> Message : logoutUser() :: Request Object :: [object Object]
info: ===> TimeStamp : 2025-09-15 19:08:10===> API : /api/auth/logout ===> Message : logoutUserDB() Invoked !
info: ===> TimeStamp : 2025-09-15 19:08:10===> API : /api/auth/logout ===> Message : logoutUserResponse() invoked!
info: ===> TimeStamp : 2025-09-15 19:08:10===> API : /api/auth/logout ===> Message : logoutUserResponse() completed
info: ===> TimeStamp : 2025-09-15 19:08:21===> API : null ===> Message : validateRequest() invoked
info: ===> TimeStamp : 2025-09-15 19:08:21===> API : null ===> Message : fetchDBSettings()
info: ===> TimeStamp : 2025-09-15 19:08:21===> API : null ===> Message : validateRequest() Invoked!
info: ===> TimeStamp : 2025-09-15 19:08:21===> API : null ===> Message : validRequest() :: Api validated Successfully
info: ===> TimeStamp : 2025-09-15 19:08:21===> API : /api/auth/validateuser ===> Message : validateUser() invoked!!
info: ===> TimeStamp : 2025-09-15 19:08:21===> API : /api/auth/validateuser ===> Message : validateUser() :: Request Object :: [object Object]
info: ===> TimeStamp : 2025-09-15 19:08:21===> API : /api/auth/validateuser ===> Message : validateUserDB() Invoked !
info: ===> TimeStamp : 2025-09-15 19:08:21===> API : /api/auth/validateuser ===> Message : validateUserResponse() invoked!
info: ===> TimeStamp : 2025-09-15 19:08:21===> API : /api/auth/validateuser ===> Message : validateUserResponse() completed
info: ===> TimeStamp : 2025-09-15 19:08:21===> API : null ===> Message : validateRequest() invoked
info: ===> TimeStamp : 2025-09-15 19:08:21===> API : null ===> Message : fetchDBSettings()
info: ===> TimeStamp : 2025-09-15 19:08:21===> API : null ===> Message : validateRequest() Invoked!
info: ===> TimeStamp : 2025-09-15 19:08:21===> API : null ===> Message : validRequest() :: Api validated Successfully
info: ===> TimeStamp : 2025-09-15 19:08:21===> API : /api/auth/checkIP ===> Message : checkIP() invoked!!
info: ===> TimeStamp : 2025-09-15 19:08:21===> API : /api/auth/checkIP ===> Message : IPs match: 103.255.182.117
info: ===> TimeStamp : 2025-09-15 19:08:21===> API : /api/auth/checkIP ===> Message : checkIPResponse() invoked!
info: ===> TimeStamp : 2025-09-15 19:08:21===> API : /api/auth/checkIP ===> Message : checkIPResponse() completed
info: ===> TimeStamp : 2025-09-15 19:08:21===> API : null ===> Message : validateRequest() invoked
info: ===> TimeStamp : 2025-09-15 19:08:21===> API : null ===> Message : fetchDBSettings()
info: ===> TimeStamp : 2025-09-15 19:08:21===> API : null ===> Message : validateRequest() Invoked!
info: ===> TimeStamp : 2025-09-15 19:08:21===> API : null ===> Message : validRequest() :: Api validated Successfully
info: ===> TimeStamp : 2025-09-15 19:08:21===> API : /api/auth/login ===> Message : loginUser() invoked!!
info: ===> TimeStamp : 2025-09-15 19:08:21===> API : /api/auth/login ===> Message : loginUser() :: Request Object :: [object Object]
info: ===> TimeStamp : 2025-09-15 19:08:21===> API : /api/auth/login ===> Message : loginUserDB() Invoked !
info: ===> TimeStamp : 2025-09-15 19:08:22===> API : /api/auth/login ===> Message : loginUserResponse() invoked!
info: ===> TimeStamp : 2025-09-15 19:08:22===> API : /api/auth/login ===> Message : loginUserResponse() completed
info: ===> TimeStamp : 2025-09-15 19:08:49===> API : null ===> Message : validateRequest() invoked
info: ===> TimeStamp : 2025-09-15 19:08:49===> API : null ===> Message : fetchDBSettings()
info: ===> TimeStamp : 2025-09-15 19:08:49===> API : null ===> Message : validateRequest() Invoked!
info: ===> TimeStamp : 2025-09-15 19:08:49===> API : null ===> Message : validRequest() :: Api validated Successfully
info: ===> TimeStamp : 2025-09-15 19:08:49===> API : /api/auth/validateuser ===> Message : validateUser() invoked!!
info: ===> TimeStamp : 2025-09-15 19:08:49===> API : /api/auth/validateuser ===> Message : validateUser() :: Request Object :: [object Object]
info: ===> TimeStamp : 2025-09-15 19:08:49===> API : /api/auth/validateuser ===> Message : validateUserDB() Invoked !
info: ===> TimeStamp : 2025-09-15 19:08:49===> API : /api/auth/validateuser ===> Message : validateUserResponse() invoked!
info: ===> TimeStamp : 2025-09-15 19:08:49===> API : /api/auth/validateuser ===> Message : validateUserResponse() completed
info: ===> TimeStamp : 2025-09-15 19:08:49===> API : null ===> Message : validateRequest() invoked
info: ===> TimeStamp : 2025-09-15 19:08:49===> API : null ===> Message : fetchDBSettings()
info: ===> TimeStamp : 2025-09-15 19:08:49===> API : null ===> Message : validateRequest() Invoked!
info: ===> TimeStamp : 2025-09-15 19:08:49===> API : null ===> Message : validRequest() :: Api validated Successfully
info: ===> TimeStamp : 2025-09-15 19:08:49===> API : /api/auth/checkIP ===> Message : checkIP() invoked!!
info: ===> TimeStamp : 2025-09-15 19:08:49===> API : /api/auth/checkIP ===> Message : IPs match: 103.255.183.12
info: ===> TimeStamp : 2025-09-15 19:08:49===> API : /api/auth/checkIP ===> Message : checkIPResponse() invoked!
info: ===> TimeStamp : 2025-09-15 19:08:49===> API : /api/auth/checkIP ===> Message : checkIPResponse() completed
info: ===> TimeStamp : 2025-09-15 19:08:49===> API : null ===> Message : validateRequest() invoked
info: ===> TimeStamp : 2025-09-15 19:08:49===> API : null ===> Message : fetchDBSettings()
info: ===> TimeStamp : 2025-09-15 19:08:49===> API : null ===> Message : validateRequest() Invoked!
info: ===> TimeStamp : 2025-09-15 19:08:49===> API : null ===> Message : validRequest() :: Api validated Successfully
info: ===> TimeStamp : 2025-09-15 19:08:49===> API : /api/auth/login ===> Message : loginUser() invoked!!
info: ===> TimeStamp : 2025-09-15 19:08:49===> API : /api/auth/login ===> Message : loginUser() :: Request Object :: [object Object]
info: ===> TimeStamp : 2025-09-15 19:08:49===> API : /api/auth/login ===> Message : loginUserDB() Invoked !
info: ===> TimeStamp : 2025-09-15 19:08:49===> API : /api/auth/login ===> Message : loginUserResponse() invoked!
info: ===> TimeStamp : 2025-09-15 19:08:49===> API : /api/auth/login ===> Message : loginUserResponse() completed
info: ===> TimeStamp : 2025-09-15 19:09:57===> API : null ===> Message : validateRequest() invoked
info: ===> TimeStamp : 2025-09-15 19:09:57===> API : null ===> Message : fetchDBSettings()
info: ===> TimeStamp : 2025-09-15 19:09:57===> API : null ===> Message : validateRequest() Invoked!
info: ===> TimeStamp : 2025-09-15 19:09:58===> API : null ===> Message : validRequest() :: Api validated Successfully
info: ===> TimeStamp : 2025-09-15 19:09:58===> API : /api/auth/logout ===> Message : logoutUser() :: Request Object :: [object Object]
info: ===> TimeStamp : 2025-09-15 19:09:58===> API : /api/auth/logout ===> Message : logoutUser() invoked!!
info: ===> TimeStamp : 2025-09-15 19:09:58===> API : /api/auth/logout ===> Message : logoutUserDB() Invoked !
info: ===> TimeStamp : 2025-09-15 19:09:58===> API : /api/auth/logout ===> Message : logoutUserResponse() invoked!
info: ===> TimeStamp : 2025-09-15 19:09:58===> API : /api/auth/logout ===> Message : logoutUserResponse() completed
info: ===> TimeStamp : 2025-09-15 19:10:07===> API : null ===> Message : validateRequest() invoked
info: ===> TimeStamp : 2025-09-15 19:10:07===> API : null ===> Message : fetchDBSettings()
info: ===> TimeStamp : 2025-09-15 19:10:07===> API : null ===> Message : validateRequest() Invoked!
info: ===> TimeStamp : 2025-09-15 19:10:07===> API : null ===> Message : validRequest() :: Api validated Successfully
info: ===> TimeStamp : 2025-09-15 19:10:07===> API : /api/auth/validateuser ===> Message : validateUser() invoked!!
info: ===> TimeStamp : 2025-09-15 19:10:07===> API : /api/auth/validateuser ===> Message : validateUser() :: Request Object :: [object Object]
info: ===> TimeStamp : 2025-09-15 19:10:07===> API : /api/auth/validateuser ===> Message : validateUserDB() Invoked !
info: ===> TimeStamp : 2025-09-15 19:10:07===> API : /api/auth/validateuser ===> Message : validateUserResponse() invoked!
info: ===> TimeStamp : 2025-09-15 19:10:07===> API : /api/auth/validateuser ===> Message : validateUserResponse() completed
info: ===> TimeStamp : 2025-09-15 19:10:07===> API : null ===> Message : validateRequest() invoked
info: ===> TimeStamp : 2025-09-15 19:10:07===> API : null ===> Message : fetchDBSettings()
info: ===> TimeStamp : 2025-09-15 19:10:08===> API : null ===> Message : validateRequest() Invoked!
info: ===> TimeStamp : 2025-09-15 19:10:08===> API : /api/auth/login ===> Message : loginUser() invoked!!
info: ===> TimeStamp : 2025-09-15 19:10:08===> API : /api/auth/login ===> Message : loginUser() :: Request Object :: [object Object]
info: ===> TimeStamp : 2025-09-15 19:10:08===> API : null ===> Message : validRequest() :: Api validated Successfully
info: ===> TimeStamp : 2025-09-15 19:10:08===> API : /api/auth/login ===> Message : loginUserDB() Invoked !
info: ===> TimeStamp : 2025-09-15 19:10:08===> API : /api/auth/login ===> Message : loginUserResponse() invoked!
info: ===> TimeStamp : 2025-09-15 19:10:08===> API : /api/auth/login ===> Message : loginUserResponse() completed
info: ===> TimeStamp : 2025-09-15 19:16:00===> API : null ===> Message : validateRequest() invoked
info: ===> TimeStamp : 2025-09-15 19:16:00===> API : null ===> Message : fetchDBSettings()
info: ===> TimeStamp : 2025-09-15 19:16:00===> API : null ===> Message : validateRequest() Invoked!
info: ===> TimeStamp : 2025-09-15 19:16:00===> API : null ===> Message : validRequest() :: Api validated Successfully
info: ===> TimeStamp : 2025-09-15 19:16:00===> API : /api/auth/validateuser ===> Message : validateUser() invoked!!
info: ===> TimeStamp : 2025-09-15 19:16:00===> API : /api/auth/validateuser ===> Message : validateUser() :: Request Object :: [object Object]
info: ===> TimeStamp : 2025-09-15 19:16:00===> API : /api/auth/validateuser ===> Message : validateUserDB() Invoked !
info: ===> TimeStamp : 2025-09-15 19:16:00===> API : /api/auth/validateuser ===> Message : validateUserResponse() invoked!
info: ===> TimeStamp : 2025-09-15 19:16:00===> API : /api/auth/validateuser ===> Message : validateUserResponse() completed
info: ===> TimeStamp : 2025-09-15 19:16:01===> API : null ===> Message : validateRequest() invoked
info: ===> TimeStamp : 2025-09-15 19:16:01===> API : null ===> Message : fetchDBSettings()
info: ===> TimeStamp : 2025-09-15 19:16:01===> API : null ===> Message : validateRequest() Invoked!
info: ===> TimeStamp : 2025-09-15 19:16:01===> API : null ===> Message : validRequest() :: Api validated Successfully
info: ===> TimeStamp : 2025-09-15 19:16:01===> API : /api/auth/login ===> Message : loginUser() invoked!!
info: ===> TimeStamp : 2025-09-15 19:16:01===> API : /api/auth/login ===> Message : loginUser() :: Request Object :: [object Object]
info: ===> TimeStamp : 2025-09-15 19:16:01===> API : /api/auth/login ===> Message : loginUserDB() Invoked !
info: ===> TimeStamp : 2025-09-15 19:16:01===> API : /api/auth/login ===> Message : loginUserResponse() invoked!
info: ===> TimeStamp : 2025-09-15 19:16:01===> API : /api/auth/login ===> Message : loginUserResponse() completed
info: ===> TimeStamp : 2025-09-15 19:19:40===> API : null ===> Message : validateRequest() invoked
info: ===> TimeStamp : 2025-09-15 19:19:40===> API : null ===> Message : fetchDBSettings()
info: ===> TimeStamp : 2025-09-15 19:19:40===> API : null ===> Message : validateRequest() Invoked!
info: ===> TimeStamp : 2025-09-15 19:19:40===> API : null ===> Message : validRequest() :: Api validated Successfully
info: ===> TimeStamp : 2025-09-15 19:19:40===> API : /api/auth/validateuser ===> Message : validateUser() invoked!!
info: ===> TimeStamp : 2025-09-15 19:19:40===> API : /api/auth/validateuser ===> Message : validateUser() :: Request Object :: [object Object]
info: ===> TimeStamp : 2025-09-15 19:19:40===> API : /api/auth/validateuser ===> Message : validateUserDB() Invoked !
info: ===> TimeStamp : 2025-09-15 19:19:40===> API : /api/auth/validateuser ===> Message : validateUserResponse() invoked!
info: ===> TimeStamp : 2025-09-15 19:19:40===> API : /api/auth/validateuser ===> Message : validateUserResponse() completed
info: ===> TimeStamp : 2025-09-15 19:19:41===> API : null ===> Message : validateRequest() invoked
info: ===> TimeStamp : 2025-09-15 19:19:41===> API : null ===> Message : fetchDBSettings()
info: ===> TimeStamp : 2025-09-15 19:19:41===> API : null ===> Message : validateRequest() Invoked!
info: ===> TimeStamp : 2025-09-15 19:19:41===> API : null ===> Message : validRequest() :: Api validated Successfully
info: ===> TimeStamp : 2025-09-15 19:19:41===> API : /api/auth/login ===> Message : loginUser() invoked!!
info: ===> TimeStamp : 2025-09-15 19:19:41===> API : /api/auth/login ===> Message : loginUser() :: Request Object :: [object Object]
info: ===> TimeStamp : 2025-09-15 19:19:41===> API : /api/auth/login ===> Message : loginUserDB() Invoked !
info: ===> TimeStamp : 2025-09-15 19:19:41===> API : /api/auth/login ===> Message : loginUserResponse() invoked!
info: ===> TimeStamp : 2025-09-15 19:19:41===> API : /api/auth/login ===> Message : loginUserResponse() completed
info: ===> TimeStamp : 2025-09-15 20:37:39===> API : null ===> Message : validateRequest() invoked
info: ===> TimeStamp : 2025-09-15 20:37:39===> API : null ===> Message : fetchDBSettings()
info: ===> TimeStamp : 2025-09-15 20:37:39===> API : null ===> Message : validateRequest() Invoked!
info: ===> TimeStamp : 2025-09-15 20:37:39===> API : null ===> Message : validRequest() :: Api validated Successfully
info: ===> TimeStamp : 2025-09-15 20:37:39===> API : /api/auth/validateuser ===> Message : validateUser() invoked!!
info: ===> TimeStamp : 2025-09-15 20:37:39===> API : /api/auth/validateuser ===> Message : validateUser() :: Request Object :: [object Object]
info: ===> TimeStamp : 2025-09-15 20:37:39===> API : /api/auth/validateuser ===> Message : validateUserDB() Invoked !
info: ===> TimeStamp : 2025-09-15 20:37:39===> API : /api/auth/validateuser ===> Message : validateUserResponse() invoked!
info: ===> TimeStamp : 2025-09-15 20:37:39===> API : /api/auth/validateuser ===> Message : validateUserResponse() completed
info: ===> TimeStamp : 2025-09-15 20:37:40===> API : null ===> Message : validateRequest() invoked
info: ===> TimeStamp : 2025-09-15 20:37:40===> API : null ===> Message : fetchDBSettings()
info: ===> TimeStamp : 2025-09-15 20:37:40===> API : null ===> Message : validateRequest() Invoked!
info: ===> TimeStamp : 2025-09-15 20:37:40===> API : null ===> Message : validRequest() :: Api validated Successfully
info: ===> TimeStamp : 2025-09-15 20:37:40===> API : /api/auth/login ===> Message : loginUser() invoked!!
info: ===> TimeStamp : 2025-09-15 20:37:40===> API : /api/auth/login ===> Message : loginUser() :: Request Object :: [object Object]
info: ===> TimeStamp : 2025-09-15 20:37:40===> API : /api/auth/login ===> Message : loginUserDB() Invoked !
info: ===> TimeStamp : 2025-09-15 20:37:40===> API : /api/auth/login ===> Message : loginUserResponse() invoked!
info: ===> TimeStamp : 2025-09-15 20:37:40===> API : /api/auth/login ===> Message : loginUserResponse() completed
info: ===> TimeStamp : 2025-09-15 21:08:34===> API : null ===> Message : validateRequest() invoked
info: ===> TimeStamp : 2025-09-15 21:08:34===> API : null ===> Message : fetchDBSettings()
info: ===> TimeStamp : 2025-09-15 21:08:34===> API : null ===> Message : validateRequest() Invoked!
info: ===> TimeStamp : 2025-09-15 21:08:34===> API : null ===> Message : validRequest() :: Api validated Successfully
info: ===> TimeStamp : 2025-09-15 21:08:34===> API : /api/auth/validateuser ===> Message : validateUser() invoked!!
info: ===> TimeStamp : 2025-09-15 21:08:34===> API : /api/auth/validateuser ===> Message : validateUser() :: Request Object :: [object Object]
info: ===> TimeStamp : 2025-09-15 21:08:34===> API : /api/auth/validateuser ===> Message : validateUserDB() Invoked !
info: ===> TimeStamp : 2025-09-15 21:08:34===> API : /api/auth/validateuser ===> Message : validateUserResponse() invoked!
info: ===> TimeStamp : 2025-09-15 21:08:34===> API : /api/auth/validateuser ===> Message : validateUserResponse() completed
info: ===> TimeStamp : 2025-09-15 21:08:34===> API : null ===> Message : validateRequest() invoked
info: ===> TimeStamp : 2025-09-15 21:08:34===> API : null ===> Message : fetchDBSettings()
info: ===> TimeStamp : 2025-09-15 21:08:35===> API : null ===> Message : validateRequest() Invoked!
info: ===> TimeStamp : 2025-09-15 21:08:35===> API : null ===> Message : validRequest() :: Api validated Successfully
info: ===> TimeStamp : 2025-09-15 21:08:35===> API : /api/auth/login ===> Message : loginUser() invoked!!
info: ===> TimeStamp : 2025-09-15 21:08:35===> API : /api/auth/login ===> Message : loginUser() :: Request Object :: [object Object]
info: ===> TimeStamp : 2025-09-15 21:08:35===> API : /api/auth/login ===> Message : loginUserDB() Invoked !
info: ===> TimeStamp : 2025-09-15 21:08:35===> API : /api/auth/login ===> Message : loginUserResponse() invoked!
info: ===> TimeStamp : 2025-09-15 21:08:35===> API : /api/auth/login ===> Message : loginUserResponse() completed
info: ===> TimeStamp : 2025-09-15 21:36:28===> API : null ===> Message : validateRequest() invoked
info: ===> TimeStamp : 2025-09-15 21:36:28===> API : null ===> Message : fetchDBSettings()
info: ===> TimeStamp : 2025-09-15 21:36:28===> API : null ===> Message : validateRequest() Invoked!
info: ===> TimeStamp : 2025-09-15 21:36:28===> API : null ===> Message : validRequest() :: Api validated Successfully
info: ===> TimeStamp : 2025-09-15 21:36:28===> API : /api/auth/validateuser ===> Message : validateUser() invoked!!
info: ===> TimeStamp : 2025-09-15 21:36:28===> API : /api/auth/validateuser ===> Message : validateUser() :: Request Object :: [object Object]
info: ===> TimeStamp : 2025-09-15 21:36:28===> API : /api/auth/validateuser ===> Message : validateUserDB() Invoked !
info: ===> TimeStamp : 2025-09-15 21:36:28===> API : /api/auth/validateuser ===> Message : validateUserResponse() invoked!
info: ===> TimeStamp : 2025-09-15 21:36:28===> API : /api/auth/validateuser ===> Message : validateUserResponse() completed
info: ===> TimeStamp : 2025-09-15 21:36:28===> API : null ===> Message : validateRequest() invoked
info: ===> TimeStamp : 2025-09-15 21:36:28===> API : null ===> Message : fetchDBSettings()
info: ===> TimeStamp : 2025-09-15 21:36:28===> API : null ===> Message : validateRequest() Invoked!
info: ===> TimeStamp : 2025-09-15 21:36:28===> API : null ===> Message : validRequest() :: Api validated Successfully
info: ===> TimeStamp : 2025-09-15 21:36:28===> API : /api/auth/login ===> Message : loginUser() invoked!!
info: ===> TimeStamp : 2025-09-15 21:36:28===> API : /api/auth/login ===> Message : loginUser() :: Request Object :: [object Object]
info: ===> TimeStamp : 2025-09-15 21:36:28===> API : /api/auth/login ===> Message : loginUserDB() Invoked !
info: ===> TimeStamp : 2025-09-15 21:36:28===> API : /api/auth/login ===> Message : loginUserResponse() invoked!
info: ===> TimeStamp : 2025-09-15 21:36:28===> API : /api/auth/login ===> Message : loginUserResponse() completed
info: ===> TimeStamp : 2025-09-15 21:42:15===> API : null ===> Message : validateRequest() invoked
info: ===> TimeStamp : 2025-09-15 21:42:15===> API : null ===> Message : fetchDBSettings()
info: ===> TimeStamp : 2025-09-15 21:42:15===> API : null ===> Message : validateRequest() Invoked!
info: ===> TimeStamp : 2025-09-15 21:42:15===> API : null ===> Message : validRequest() :: Api validated Successfully
info: ===> TimeStamp : 2025-09-15 21:42:15===> API : /api/auth/logout ===> Message : logoutUser() invoked!!
info: ===> TimeStamp : 2025-09-15 21:42:15===> API : /api/auth/logout ===> Message : logoutUser() :: Request Object :: [object Object]
info: ===> TimeStamp : 2025-09-15 21:42:15===> API : /api/auth/logout ===> Message : logoutUserDB() Invoked !
info: ===> TimeStamp : 2025-09-15 21:42:15===> API : /api/auth/logout ===> Message : logoutUserResponse() invoked!
info: ===> TimeStamp : 2025-09-15 21:42:15===> API : /api/auth/logout ===> Message : logoutUserResponse() completed
info: ===> TimeStamp : 2025-09-15 21:49:24===> API : null ===> Message : validateRequest() invoked
info: ===> TimeStamp : 2025-09-15 21:49:24===> API : null ===> Message : fetchDBSettings()
info: ===> TimeStamp : 2025-09-15 21:49:24===> API : null ===> Message : validateRequest() Invoked!
info: ===> TimeStamp : 2025-09-15 21:49:24===> API : null ===> Message : validRequest() :: Api validated Successfully
info: ===> TimeStamp : 2025-09-15 21:49:24===> API : /api/auth/logout ===> Message : logoutUser() invoked!!
info: ===> TimeStamp : 2025-09-15 21:49:24===> API : /api/auth/logout ===> Message : logoutUser() :: Request Object :: [object Object]
info: ===> TimeStamp : 2025-09-15 21:49:24===> API : /api/auth/logout ===> Message : logoutUserDB() Invoked !
info: ===> TimeStamp : 2025-09-15 21:49:24===> API : /api/auth/logout ===> Message : logoutUserResponse() invoked!
info: ===> TimeStamp : 2025-09-15 21:49:24===> API : /api/auth/logout ===> Message : logoutUserResponse() completed
info: ===> TimeStamp : 2025-09-15 21:49:45===> API : null ===> Message : validateRequest() invoked
info: ===> TimeStamp : 2025-09-15 21:49:45===> API : null ===> Message : fetchDBSettings()
info: ===> TimeStamp : 2025-09-15 21:49:45===> API : null ===> Message : validateRequest() Invoked!
info: ===> TimeStamp : 2025-09-15 21:49:45===> API : null ===> Message : validRequest() :: Api validated Successfully
info: ===> TimeStamp : 2025-09-15 21:49:45===> API : /api/auth/validateuser ===> Message : validateUser() invoked!!
info: ===> TimeStamp : 2025-09-15 21:49:45===> API : /api/auth/validateuser ===> Message : validateUser() :: Request Object :: [object Object]
info: ===> TimeStamp : 2025-09-15 21:49:45===> API : /api/auth/validateuser ===> Message : validateUserDB() Invoked !
info: ===> TimeStamp : 2025-09-15 21:49:45===> API : /api/auth/validateuser ===> Message : validateUserResponse() invoked!
info: ===> TimeStamp : 2025-09-15 21:49:45===> API : /api/auth/validateuser ===> Message : validateUserResponse() completed
info: ===> TimeStamp : 2025-09-15 21:49:45===> API : null ===> Message : validateRequest() invoked
info: ===> TimeStamp : 2025-09-15 21:49:45===> API : null ===> Message : fetchDBSettings()
info: ===> TimeStamp : 2025-09-15 21:49:45===> API : null ===> Message : validateRequest() Invoked!
info: ===> TimeStamp : 2025-09-15 21:49:45===> API : null ===> Message : validRequest() :: Api validated Successfully
info: ===> TimeStamp : 2025-09-15 21:49:45===> API : /api/auth/checkIP ===> Message : checkIP() invoked!!
info: ===> TimeStamp : 2025-09-15 21:49:45===> API : /api/auth/checkIP ===> Message : IPs match: 103.255.182.117
info: ===> TimeStamp : 2025-09-15 21:49:45===> API : /api/auth/checkIP ===> Message : checkIPResponse() invoked!
info: ===> TimeStamp : 2025-09-15 21:49:45===> API : /api/auth/checkIP ===> Message : checkIPResponse() completed
info: ===> TimeStamp : 2025-09-15 21:49:45===> API : null ===> Message : validateRequest() invoked
info: ===> TimeStamp : 2025-09-15 21:49:45===> API : null ===> Message : fetchDBSettings()
info: ===> TimeStamp : 2025-09-15 21:49:45===> API : null ===> Message : validateRequest() Invoked!
info: ===> TimeStamp : 2025-09-15 21:49:45===> API : null ===> Message : validRequest() :: Api validated Successfully
info: ===> TimeStamp : 2025-09-15 21:49:45===> API : /api/auth/login ===> Message : loginUser() invoked!!
info: ===> TimeStamp : 2025-09-15 21:49:45===> API : /api/auth/login ===> Message : loginUser() :: Request Object :: [object Object]
info: ===> TimeStamp : 2025-09-15 21:49:45===> API : /api/auth/login ===> Message : loginUserDB() Invoked !
info: ===> TimeStamp : 2025-09-15 21:49:45===> API : /api/auth/login ===> Message : loginUserResponse() invoked!
info: ===> TimeStamp : 2025-09-15 21:49:45===> API : /api/auth/login ===> Message : loginUserResponse() completed
info: ===> TimeStamp : 2025-09-15 21:50:24===> API : null ===> Message : validateRequest() invoked
info: ===> TimeStamp : 2025-09-15 21:50:24===> API : null ===> Message : fetchDBSettings()
info: ===> TimeStamp : 2025-09-15 21:50:24===> API : null ===> Message : validateRequest() Invoked!
info: ===> TimeStamp : 2025-09-15 21:50:24===> API : null ===> Message : validRequest() :: Api validated Successfully
info: ===> TimeStamp : 2025-09-15 21:50:24===> API : /api/auth/validateuser ===> Message : validateUser() invoked!!
info: ===> TimeStamp : 2025-09-15 21:50:24===> API : /api/auth/validateuser ===> Message : validateUser() :: Request Object :: [object Object]
info: ===> TimeStamp : 2025-09-15 21:50:24===> API : /api/auth/validateuser ===> Message : validateUserDB() Invoked !
info: ===> TimeStamp : 2025-09-15 21:50:24===> API : /api/auth/validateuser ===> Message : validateUserResponse() invoked!
info: ===> TimeStamp : 2025-09-15 21:50:24===> API : /api/auth/validateuser ===> Message : validateUserResponse() completed
info: ===> TimeStamp : 2025-09-15 21:50:24===> API : null ===> Message : validateRequest() invoked
info: ===> TimeStamp : 2025-09-15 21:50:24===> API : null ===> Message : fetchDBSettings()
info: ===> TimeStamp : 2025-09-15 21:50:24===> API : null ===> Message : validateRequest() Invoked!
info: ===> TimeStamp : 2025-09-15 21:50:24===> API : null ===> Message : validRequest() :: Api validated Successfully
info: ===> TimeStamp : 2025-09-15 21:50:24===> API : /api/auth/checkIP ===> Message : checkIP() invoked!!
info: ===> TimeStamp : 2025-09-15 21:50:24===> API : /api/auth/checkIP ===> Message : IPs match: 103.255.182.117
info: ===> TimeStamp : 2025-09-15 21:50:24===> API : /api/auth/checkIP ===> Message : checkIPResponse() invoked!
info: ===> TimeStamp : 2025-09-15 21:50:24===> API : /api/auth/checkIP ===> Message : checkIPResponse() completed
info: ===> TimeStamp : 2025-09-15 21:50:24===> API : null ===> Message : validateRequest() invoked
info: ===> TimeStamp : 2025-09-15 21:50:24===> API : null ===> Message : fetchDBSettings()
info: ===> TimeStamp : 2025-09-15 21:50:24===> API : null ===> Message : validateRequest() Invoked!
info: ===> TimeStamp : 2025-09-15 21:50:24===> API : null ===> Message : validRequest() :: Api validated Successfully
info: ===> TimeStamp : 2025-09-15 21:50:24===> API : /api/auth/login ===> Message : loginUser() invoked!!
info: ===> TimeStamp : 2025-09-15 21:50:24===> API : /api/auth/login ===> Message : loginUser() :: Request Object :: [object Object]
info: ===> TimeStamp : 2025-09-15 21:50:24===> API : /api/auth/login ===> Message : loginUserDB() Invoked !
info: ===> TimeStamp : 2025-09-15 21:50:24===> API : /api/auth/login ===> Message : loginUserResponse() invoked!
info: ===> TimeStamp : 2025-09-15 21:50:24===> API : /api/auth/login ===> Message : loginUserResponse() completed
info: ===> TimeStamp : 2025-09-15 21:58:29===> API : null ===> Message : validateRequest() invoked
info: ===> TimeStamp : 2025-09-15 21:58:29===> API : null ===> Message : fetchDBSettings()
info: ===> TimeStamp : 2025-09-15 21:58:29===> API : null ===> Message : validateRequest() Invoked!
info: ===> TimeStamp : 2025-09-15 21:58:29===> API : null ===> Message : validRequest() :: Api validated Successfully
info: ===> TimeStamp : 2025-09-15 21:58:29===> API : /api/auth/validateuser ===> Message : validateUser() invoked!!
info: ===> TimeStamp : 2025-09-15 21:58:29===> API : /api/auth/validateuser ===> Message : validateUser() :: Request Object :: [object Object]
info: ===> TimeStamp : 2025-09-15 21:58:29===> API : /api/auth/validateuser ===> Message : validateUserDB() Invoked !
info: ===> TimeStamp : 2025-09-15 21:58:29===> API : /api/auth/validateuser ===> Message : validateUserResponse() invoked!
info: ===> TimeStamp : 2025-09-15 21:58:29===> API : /api/auth/validateuser ===> Message : validateUserResponse() completed
info: ===> TimeStamp : 2025-09-15 21:58:29===> API : null ===> Message : validateRequest() invoked
info: ===> TimeStamp : 2025-09-15 21:58:29===> API : null ===> Message : fetchDBSettings()
info: ===> TimeStamp : 2025-09-15 21:58:29===> API : null ===> Message : validateRequest() Invoked!
info: ===> TimeStamp : 2025-09-15 21:58:29===> API : null ===> Message : validRequest() :: Api validated Successfully
info: ===> TimeStamp : 2025-09-15 21:58:29===> API : /api/auth/login ===> Message : loginUser() invoked!!
info: ===> TimeStamp : 2025-09-15 21:58:29===> API : /api/auth/login ===> Message : loginUser() :: Request Object :: [object Object]
info: ===> TimeStamp : 2025-09-15 21:58:29===> API : /api/auth/login ===> Message : loginUserDB() Invoked !
info: ===> TimeStamp : 2025-09-15 21:58:29===> API : /api/auth/login ===> Message : loginUserResponse() invoked!
info: ===> TimeStamp : 2025-09-15 21:58:29===> API : /api/auth/login ===> Message : loginUserResponse() completed
info: ===> TimeStamp : 2025-09-15 22:12:27===> API : null ===> Message : validateRequest() invoked
info: ===> TimeStamp : 2025-09-15 22:12:27===> API : null ===> Message : fetchDBSettings()
info: ===> TimeStamp : 2025-09-15 22:12:27===> API : null ===> Message : validateRequest() Invoked!
info: ===> TimeStamp : 2025-09-15 22:12:27===> API : null ===> Message : validRequest() :: Api validated Successfully
info: ===> TimeStamp : 2025-09-15 22:12:27===> API : /api/auth/validateuser ===> Message : validateUser() invoked!!
info: ===> TimeStamp : 2025-09-15 22:12:27===> API : /api/auth/validateuser ===> Message : validateUser() :: Request Object :: [object Object]
info: ===> TimeStamp : 2025-09-15 22:12:27===> API : /api/auth/validateuser ===> Message : validateUserDB() Invoked !
info: ===> TimeStamp : 2025-09-15 22:12:28===> API : /api/auth/validateuser ===> Message : validateUserResponse() invoked!
info: ===> TimeStamp : 2025-09-15 22:12:28===> API : /api/auth/validateuser ===> Message : validateUserResponse() completed
info: ===> TimeStamp : 2025-09-15 22:12:28===> API : null ===> Message : validateRequest() invoked
info: ===> TimeStamp : 2025-09-15 22:12:28===> API : null ===> Message : fetchDBSettings()
info: ===> TimeStamp : 2025-09-15 22:12:28===> API : null ===> Message : validateRequest() Invoked!
info: ===> TimeStamp : 2025-09-15 22:12:28===> API : null ===> Message : validRequest() :: Api validated Successfully
info: ===> TimeStamp : 2025-09-15 22:12:28===> API : /api/auth/login ===> Message : loginUser() invoked!!
info: ===> TimeStamp : 2025-09-15 22:12:28===> API : /api/auth/login ===> Message : loginUser() :: Request Object :: [object Object]
info: ===> TimeStamp : 2025-09-15 22:12:28===> API : /api/auth/login ===> Message : loginUserDB() Invoked !
info: ===> TimeStamp : 2025-09-15 22:12:28===> API : /api/auth/login ===> Message : loginUserResponse() invoked!
info: ===> TimeStamp : 2025-09-15 22:12:28===> API : /api/auth/login ===> Message : loginUserResponse() completed
info: ===> TimeStamp : 2025-09-15 22:24:54===> API : null ===> Message : validateRequest() invoked
info: ===> TimeStamp : 2025-09-15 22:24:54===> API : null ===> Message : fetchDBSettings()
info: ===> TimeStamp : 2025-09-15 22:24:54===> API : null ===> Message : validateRequest() Invoked!
info: ===> TimeStamp : 2025-09-15 22:24:54===> API : null ===> Message : validRequest() :: Api validated Successfully
info: ===> TimeStamp : 2025-09-15 22:24:54===> API : /api/auth/validateuser ===> Message : validateUser() invoked!!
info: ===> TimeStamp : 2025-09-15 22:24:54===> API : /api/auth/validateuser ===> Message : validateUser() :: Request Object :: [object Object]
info: ===> TimeStamp : 2025-09-15 22:24:54===> API : /api/auth/validateuser ===> Message : validateUserDB() Invoked !
info: ===> TimeStamp : 2025-09-15 22:24:54===> API : /api/auth/validateuser ===> Message : validateUserResponse() invoked!
info: ===> TimeStamp : 2025-09-15 22:24:54===> API : /api/auth/validateuser ===> Message : validateUserResponse() completed
info: ===> TimeStamp : 2025-09-15 22:24:55===> API : null ===> Message : validateRequest() invoked
info: ===> TimeStamp : 2025-09-15 22:24:55===> API : null ===> Message : fetchDBSettings()
info: ===> TimeStamp : 2025-09-15 22:24:55===> API : null ===> Message : validateRequest() Invoked!
info: ===> TimeStamp : 2025-09-15 22:24:55===> API : null ===> Message : validRequest() :: Api validated Successfully
info: ===> TimeStamp : 2025-09-15 22:24:55===> API : /api/auth/login ===> Message : loginUser() invoked!!
info: ===> TimeStamp : 2025-09-15 22:24:55===> API : /api/auth/login ===> Message : loginUser() :: Request Object :: [object Object]
info: ===> TimeStamp : 2025-09-15 22:24:55===> API : /api/auth/login ===> Message : loginUserDB() Invoked !
info: ===> TimeStamp : 2025-09-15 22:24:55===> API : /api/auth/login ===> Message : loginUserResponse() invoked!
info: ===> TimeStamp : 2025-09-15 22:24:55===> API : /api/auth/login ===> Message : loginUserResponse() completed
info: ===> TimeStamp : 2025-09-15 22:32:31===> API : null ===> Message : fetchDBSettings()
info: ===> TimeStamp : 2025-09-15 22:32:31===> API : null ===> Message : validateRequest() invoked
info: ===> TimeStamp : 2025-09-15 22:32:31===> API : null ===> Message : validateRequest() Invoked!
info: ===> TimeStamp : 2025-09-15 22:32:31===> API : null ===> Message : validRequest() :: Api validated Successfully
info: ===> TimeStamp : 2025-09-15 22:32:31===> API : /api/auth/validateuser ===> Message : validateUser() :: Request Object :: [object Object]
info: ===> TimeStamp : 2025-09-15 22:32:31===> API : /api/auth/validateuser ===> Message : validateUser() invoked!!
info: ===> TimeStamp : 2025-09-15 22:32:31===> API : /api/auth/validateuser ===> Message : validateUserDB() Invoked !
info: ===> TimeStamp : 2025-09-15 22:32:31===> API : /api/auth/validateuser ===> Message : validateUserResponse() invoked!
info: ===> TimeStamp : 2025-09-15 22:32:31===> API : /api/auth/validateuser ===> Message : validateUserResponse() completed
info: ===> TimeStamp : 2025-09-15 22:32:32===> API : null ===> Message : validateRequest() invoked
info: ===> TimeStamp : 2025-09-15 22:32:32===> API : null ===> Message : fetchDBSettings()
info: ===> TimeStamp : 2025-09-15 22:32:32===> API : null ===> Message : validateRequest() Invoked!
info: ===> TimeStamp : 2025-09-15 22:32:32===> API : null ===> Message : validRequest() :: Api validated Successfully
info: ===> TimeStamp : 2025-09-15 22:32:32===> API : /api/auth/login ===> Message : loginUser() invoked!!
info: ===> TimeStamp : 2025-09-15 22:32:32===> API : /api/auth/login ===> Message : loginUser() :: Request Object :: [object Object]
info: ===> TimeStamp : 2025-09-15 22:32:32===> API : /api/auth/login ===> Message : loginUserDB() Invoked !
info: ===> TimeStamp : 2025-09-15 22:32:32===> API : /api/auth/login ===> Message : loginUserResponse() invoked!
info: ===> TimeStamp : 2025-09-15 22:32:32===> API : /api/auth/login ===> Message : loginUserResponse() completed
info: ===> TimeStamp : 2025-09-15 22:50:27===> API : null ===> Message : validateRequest() invoked
info: ===> TimeStamp : 2025-09-15 22:50:27===> API : null ===> Message : fetchDBSettings()
info: ===> TimeStamp : 2025-09-15 22:50:27===> API : null ===> Message : validateRequest() Invoked!
info: ===> TimeStamp : 2025-09-15 22:50:27===> API : null ===> Message : validRequest() :: Api validated Successfully
info: ===> TimeStamp : 2025-09-15 22:50:27===> API : /api/auth/validateuser ===> Message : validateUser() invoked!!
info: ===> TimeStamp : 2025-09-15 22:50:27===> API : /api/auth/validateuser ===> Message : validateUser() :: Request Object :: [object Object]
info: ===> TimeStamp : 2025-09-15 22:50:27===> API : /api/auth/validateuser ===> Message : validateUserDB() Invoked !
info: ===> TimeStamp : 2025-09-15 22:50:27===> API : /api/auth/validateuser ===> Message : validateUserResponse() invoked!
info: ===> TimeStamp : 2025-09-15 22:50:27===> API : /api/auth/validateuser ===> Message : validateUserResponse() completed
info: ===> TimeStamp : 2025-09-15 22:50:27===> API : null ===> Message : validateRequest() invoked
info: ===> TimeStamp : 2025-09-15 22:50:27===> API : null ===> Message : fetchDBSettings()
info: ===> TimeStamp : 2025-09-15 22:50:28===> API : null ===> Message : validateRequest() Invoked!
info: ===> TimeStamp : 2025-09-15 22:50:28===> API : null ===> Message : validRequest() :: Api validated Successfully
info: ===> TimeStamp : 2025-09-15 22:50:28===> API : /api/auth/login ===> Message : loginUser() invoked!!
info: ===> TimeStamp : 2025-09-15 22:50:28===> API : /api/auth/login ===> Message : loginUser() :: Request Object :: [object Object]
info: ===> TimeStamp : 2025-09-15 22:50:28===> API : /api/auth/login ===> Message : loginUserDB() Invoked !
info: ===> TimeStamp : 2025-09-15 22:50:28===> API : /api/auth/login ===> Message : loginUserResponse() invoked!
info: ===> TimeStamp : 2025-09-15 22:50:28===> API : /api/auth/login ===> Message : loginUserResponse() completed
info: ===> TimeStamp : 2025-09-15 23:34:11===> API : null ===> Message : validateRequest() invoked
info: ===> TimeStamp : 2025-09-15 23:34:11===> API : null ===> Message : fetchDBSettings()
info: ===> TimeStamp : 2025-09-15 23:34:11===> API : null ===> Message : validateRequest() Invoked!
info: ===> TimeStamp : 2025-09-15 23:34:11===> API : null ===> Message : validRequest() :: Api validated Successfully
info: ===> TimeStamp : 2025-09-15 23:34:11===> API : /api/auth/validateuser ===> Message : validateUser() invoked!!
info: ===> TimeStamp : 2025-09-15 23:34:11===> API : /api/auth/validateuser ===> Message : validateUser() :: Request Object :: [object Object]
info: ===> TimeStamp : 2025-09-15 23:34:11===> API : /api/auth/validateuser ===> Message : validateUserDB() Invoked !
info: ===> TimeStamp : 2025-09-15 23:34:11===> API : /api/auth/validateuser ===> Message : validateUserResponse() invoked!
info: ===> TimeStamp : 2025-09-15 23:34:11===> API : /api/auth/validateuser ===> Message : validateUserResponse() completed
info: ===> TimeStamp : 2025-09-15 23:34:11===> API : null ===> Message : validateRequest() invoked
info: ===> TimeStamp : 2025-09-15 23:34:11===> API : null ===> Message : fetchDBSettings()
info: ===> TimeStamp : 2025-09-15 23:34:11===> API : null ===> Message : validateRequest() Invoked!
info: ===> TimeStamp : 2025-09-15 23:34:11===> API : null ===> Message : validRequest() :: Api validated Successfully
info: ===> TimeStamp : 2025-09-15 23:34:11===> API : /api/auth/login ===> Message : loginUser() invoked!!
info: ===> TimeStamp : 2025-09-15 23:34:11===> API : /api/auth/login ===> Message : loginUser() :: Request Object :: [object Object]
info: ===> TimeStamp : 2025-09-15 23:34:11===> API : /api/auth/login ===> Message : loginUserDB() Invoked !
info: ===> TimeStamp : 2025-09-15 23:34:11===> API : /api/auth/login ===> Message : loginUserResponse() invoked!
info: ===> TimeStamp : 2025-09-15 23:34:11===> API : /api/auth/login ===> Message : loginUserResponse() completed
info: ===> TimeStamp : 2025-09-15 23:34:56===> API : null ===> Message : validateRequest() invoked
info: ===> TimeStamp : 2025-09-15 23:34:56===> API : null ===> Message : fetchDBSettings()
info: ===> TimeStamp : 2025-09-15 23:34:56===> API : null ===> Message : validateRequest() Invoked!
info: ===> TimeStamp : 2025-09-15 23:34:56===> API : null ===> Message : validRequest() :: Api validated Successfully
info: ===> TimeStamp : 2025-09-15 23:34:56===> API : /api/auth/validateuser ===> Message : validateUser() invoked!!
info: ===> TimeStamp : 2025-09-15 23:34:56===> API : /api/auth/validateuser ===> Message : validateUser() :: Request Object :: [object Object]
info: ===> TimeStamp : 2025-09-15 23:34:56===> API : /api/auth/validateuser ===> Message : validateUserDB() Invoked !
info: ===> TimeStamp : 2025-09-15 23:34:56===> API : /api/auth/validateuser ===> Message : validateUserResponse() invoked!
info: ===> TimeStamp : 2025-09-15 23:34:56===> API : /api/auth/validateuser ===> Message : validateUserResponse() completed
info: ===> TimeStamp : 2025-09-15 23:34:56===> API : null ===> Message : validateRequest() invoked
info: ===> TimeStamp : 2025-09-15 23:34:56===> API : null ===> Message : fetchDBSettings()
info: ===> TimeStamp : 2025-09-15 23:34:56===> API : null ===> Message : validateRequest() Invoked!
info: ===> TimeStamp : 2025-09-15 23:34:56===> API : null ===> Message : validRequest() :: Api validated Successfully
info: ===> TimeStamp : 2025-09-15 23:34:56===> API : /api/auth/login ===> Message : loginUser() invoked!!
info: ===> TimeStamp : 2025-09-15 23:34:56===> API : /api/auth/login ===> Message : loginUser() :: Request Object :: [object Object]
info: ===> TimeStamp : 2025-09-15 23:34:56===> API : /api/auth/login ===> Message : loginUserDB() Invoked !
info: ===> TimeStamp : 2025-09-15 23:34:57===> API : /api/auth/login ===> Message : loginUserResponse() invoked!
info: ===> TimeStamp : 2025-09-15 23:34:57===> API : /api/auth/login ===> Message : loginUserResponse() completed
info: ===> TimeStamp : 2025-09-15 23:56:45===> API : null ===> Message : validateRequest() invoked
info: ===> TimeStamp : 2025-09-15 23:56:45===> API : null ===> Message : fetchDBSettings()
info: ===> TimeStamp : 2025-09-15 23:56:45===> API : null ===> Message : validateRequest() Invoked!
info: ===> TimeStamp : 2025-09-15 23:56:45===> API : null ===> Message : validRequest() :: Api validated Successfully
info: ===> TimeStamp : 2025-09-15 23:56:45===> API : /api/auth/validateuser ===> Message : validateUser() invoked!!
info: ===> TimeStamp : 2025-09-15 23:56:45===> API : /api/auth/validateuser ===> Message : validateUser() :: Request Object :: [object Object]
info: ===> TimeStamp : 2025-09-15 23:56:45===> API : /api/auth/validateuser ===> Message : validateUserDB() Invoked !
info: ===> TimeStamp : 2025-09-15 23:56:45===> API : /api/auth/validateuser ===> Message : validateUserResponse() invoked!
info: ===> TimeStamp : 2025-09-15 23:56:45===> API : /api/auth/validateuser ===> Message : validateUserResponse() completed
info: ===> TimeStamp : 2025-09-15 23:56:45===> API : null ===> Message : validateRequest() invoked
info: ===> TimeStamp : 2025-09-15 23:56:45===> API : null ===> Message : fetchDBSettings()
info: ===> TimeStamp : 2025-09-15 23:56:45===> API : null ===> Message : validateRequest() Invoked!
info: ===> TimeStamp : 2025-09-15 23:56:45===> API : null ===> Message : validRequest() :: Api validated Successfully
info: ===> TimeStamp : 2025-09-15 23:56:45===> API : /api/auth/login ===> Message : loginUser() invoked!!
info: ===> TimeStamp : 2025-09-15 23:56:45===> API : /api/auth/login ===> Message : loginUser() :: Request Object :: [object Object]
info: ===> TimeStamp : 2025-09-15 23:56:45===> API : /api/auth/login ===> Message : loginUserDB() Invoked !
info: ===> TimeStamp : 2025-09-15 23:56:45===> API : /api/auth/login ===> Message : loginUserResponse() invoked!
info: ===> TimeStamp : 2025-09-15 23:56:45===> API : /api/auth/login ===> Message : loginUserResponse() completed
info: ===> TimeStamp : 2025-09-16 00:18:51===> API : null ===> Message : validateRequest() invoked
info: ===> TimeStamp : 2025-09-16 00:18:51===> API : null ===> Message : fetchDBSettings()
info: ===> TimeStamp : 2025-09-16 00:18:51===> API : null ===> Message : validateRequest() Invoked!
info: ===> TimeStamp : 2025-09-16 00:18:51===> API : null ===> Message : validRequest() :: Api validated Successfully
info: ===> TimeStamp : 2025-09-16 00:18:51===> API : /api/auth/validateuser ===> Message : validateUser() invoked!!
info: ===> TimeStamp : 2025-09-16 00:18:51===> API : /api/auth/validateuser ===> Message : validateUser() :: Request Object :: [object Object]
info: ===> TimeStamp : 2025-09-16 00:18:51===> API : /api/auth/validateuser ===> Message : validateUserDB() Invoked !
info: ===> TimeStamp : 2025-09-16 00:18:51===> API : /api/auth/validateuser ===> Message : validateUserResponse() invoked!
info: ===> TimeStamp : 2025-09-16 00:18:51===> API : /api/auth/validateuser ===> Message : validateUserResponse() completed
info: ===> TimeStamp : 2025-09-16 00:18:51===> API : null ===> Message : validateRequest() invoked
info: ===> TimeStamp : 2025-09-16 00:18:51===> API : null ===> Message : fetchDBSettings()
info: ===> TimeStamp : 2025-09-16 00:18:51===> API : null ===> Message : validateRequest() Invoked!
info: ===> TimeStamp : 2025-09-16 00:18:51===> API : null ===> Message : validRequest() :: Api validated Successfully
info: ===> TimeStamp : 2025-09-16 00:18:51===> API : /api/auth/login ===> Message : loginUser() invoked!!
info: ===> TimeStamp : 2025-09-16 00:18:51===> API : /api/auth/login ===> Message : loginUser() :: Request Object :: [object Object]
info: ===> TimeStamp : 2025-09-16 00:18:51===> API : /api/auth/login ===> Message : loginUserDB() Invoked !
info: ===> TimeStamp : 2025-09-16 00:18:51===> API : /api/auth/login ===> Message : loginUserResponse() invoked!
info: ===> TimeStamp : 2025-09-16 00:18:51===> API : /api/auth/login ===> Message : loginUserResponse() completed
info: ===> TimeStamp : 2025-09-16 00:22:10===> API : null ===> Message : validateRequest() invoked
info: ===> TimeStamp : 2025-09-16 00:22:10===> API : null ===> Message : fetchDBSettings()
info: ===> TimeStamp : 2025-09-16 00:22:10===> API : null ===> Message : validateRequest() Invoked!
info: ===> TimeStamp : 2025-09-16 00:22:10===> API : null ===> Message : validRequest() :: Api validated Successfully
info: ===> TimeStamp : 2025-09-16 00:22:10===> API : /api/auth/validateuser ===> Message : validateUser() invoked!!
info: ===> TimeStamp : 2025-09-16 00:22:10===> API : /api/auth/validateuser ===> Message : validateUser() :: Request Object :: [object Object]
info: ===> TimeStamp : 2025-09-16 00:22:10===> API : /api/auth/validateuser ===> Message : validateUserDB() Invoked !
info: ===> TimeStamp : 2025-09-16 00:22:10===> API : /api/auth/validateuser ===> Message : validateUserResponse() invoked!
info: ===> TimeStamp : 2025-09-16 00:22:10===> API : /api/auth/validateuser ===> Message : validateUserResponse() completed
info: ===> TimeStamp : 2025-09-16 00:22:10===> API : null ===> Message : validateRequest() invoked
info: ===> TimeStamp : 2025-09-16 00:22:10===> API : null ===> Message : fetchDBSettings()
info: ===> TimeStamp : 2025-09-16 00:22:10===> API : null ===> Message : validateRequest() Invoked!
info: ===> TimeStamp : 2025-09-16 00:22:10===> API : null ===> Message : validRequest() :: Api validated Successfully
info: ===> TimeStamp : 2025-09-16 00:22:10===> API : /api/auth/login ===> Message : loginUser() invoked!!
info: ===> TimeStamp : 2025-09-16 00:22:10===> API : /api/auth/login ===> Message : loginUser() :: Request Object :: [object Object]
info: ===> TimeStamp : 2025-09-16 00:22:10===> API : /api/auth/login ===> Message : loginUserDB() Invoked !
info: ===> TimeStamp : 2025-09-16 00:22:10===> API : /api/auth/login ===> Message : loginUserResponse() invoked!
info: ===> TimeStamp : 2025-09-16 00:22:10===> API : /api/auth/login ===> Message : loginUserResponse() completed
info: ===> TimeStamp : 2025-09-16 00:40:04===> API : null ===> Message : validateRequest() invoked
info: ===> TimeStamp : 2025-09-16 00:40:04===> API : null ===> Message : fetchDBSettings()
info: ===> TimeStamp : 2025-09-16 00:40:04===> API : null ===> Message : validateRequest() Invoked!
info: ===> TimeStamp : 2025-09-16 00:40:04===> API : null ===> Message : validRequest() :: Api validated Successfully
info: ===> TimeStamp : 2025-09-16 00:40:04===> API : /api/auth/validateuser ===> Message : validateUser() invoked!!
info: ===> TimeStamp : 2025-09-16 00:40:04===> API : /api/auth/validateuser ===> Message : validateUser() :: Request Object :: [object Object]
info: ===> TimeStamp : 2025-09-16 00:40:04===> API : /api/auth/validateuser ===> Message : validateUserDB() Invoked !
info: ===> TimeStamp : 2025-09-16 00:40:04===> API : /api/auth/validateuser ===> Message : validateUserResponse() invoked!
info: ===> TimeStamp : 2025-09-16 00:40:04===> API : /api/auth/validateuser ===> Message : validateUserResponse() completed
info: ===> TimeStamp : 2025-09-16 00:40:05===> API : null ===> Message : validateRequest() invoked
info: ===> TimeStamp : 2025-09-16 00:40:05===> API : null ===> Message : fetchDBSettings()
info: ===> TimeStamp : 2025-09-16 00:40:05===> API : null ===> Message : validateRequest() Invoked!
info: ===> TimeStamp : 2025-09-16 00:40:05===> API : null ===> Message : validRequest() :: Api validated Successfully
info: ===> TimeStamp : 2025-09-16 00:40:05===> API : /api/auth/login ===> Message : loginUser() invoked!!
info: ===> TimeStamp : 2025-09-16 00:40:05===> API : /api/auth/login ===> Message : loginUser() :: Request Object :: [object Object]
info: ===> TimeStamp : 2025-09-16 00:40:05===> API : /api/auth/login ===> Message : loginUserDB() Invoked !
info: ===> TimeStamp : 2025-09-16 00:40:05===> API : /api/auth/login ===> Message : loginUserResponse() invoked!
info: ===> TimeStamp : 2025-09-16 00:40:05===> API : /api/auth/login ===> Message : loginUserResponse() completed
info: ===> TimeStamp : 2025-09-16 01:26:11===> API : null ===> Message : validateRequest() invoked
info: ===> TimeStamp : 2025-09-16 01:26:11===> API : null ===> Message : validateRequest() Error:: Invalid Request :: 
      {"apiUri":"/"}
info: ===> TimeStamp : 2025-09-16 01:56:00===> API : null ===> Message : validateRequest() invoked
info: ===> TimeStamp : 2025-09-16 01:56:00===> API : null ===> Message : validateRequest() Error:: Invalid Request :: 
      {"apiUri":"/"}
info: ===> TimeStamp : 2025-09-16 02:50:12===> API : null ===> Message : validateRequest() invoked
info: ===> TimeStamp : 2025-09-16 02:50:12===> API : null ===> Message : fetchDBSettings()
info: ===> TimeStamp : 2025-09-16 02:50:12===> API : null ===> Message : validateRequest() Invoked!
info: ===> TimeStamp : 2025-09-16 02:50:12===> API : null ===> Message : validRequest() :: Api validated Successfully
info: ===> TimeStamp : 2025-09-16 02:50:12===> API : /api/auth/logout ===> Message : logoutUser() :: Request Object :: [object Object]
info: ===> TimeStamp : 2025-09-16 02:50:12===> API : /api/auth/logout ===> Message : logoutUser() invoked!!
info: ===> TimeStamp : 2025-09-16 02:50:12===> API : /api/auth/logout ===> Message : logoutUserDB() Invoked !
info: ===> TimeStamp : 2025-09-16 02:50:12===> API : /api/auth/logout ===> Message : logoutUserResponse() invoked!
info: ===> TimeStamp : 2025-09-16 02:50:12===> API : /api/auth/logout ===> Message : logoutUserResponse() completed
info: ===> TimeStamp : 2025-09-16 03:19:05===> API : null ===> Message : validateRequest() invoked
info: ===> TimeStamp : 2025-09-16 03:19:05===> API : null ===> Message : fetchDBSettings()
info: ===> TimeStamp : 2025-09-16 03:19:05===> API : null ===> Message : validateRequest() Invoked!
info: ===> TimeStamp : 2025-09-16 03:19:05===> API : null ===> Message : validRequest() :: Api validated Successfully
info: ===> TimeStamp : 2025-09-16 03:19:05===> API : /api/auth/validateuser ===> Message : validateUser() invoked!!
info: ===> TimeStamp : 2025-09-16 03:19:05===> API : /api/auth/validateuser ===> Message : validateUser() :: Request Object :: [object Object]
info: ===> TimeStamp : 2025-09-16 03:19:05===> API : /api/auth/validateuser ===> Message : validateUserDB() Invoked !
info: ===> TimeStamp : 2025-09-16 03:19:05===> API : /api/auth/validateuser ===> Message : validateUserResponse() invoked!
info: ===> TimeStamp : 2025-09-16 03:19:05===> API : /api/auth/validateuser ===> Message : validateUserResponse() completed
info: ===> TimeStamp : 2025-09-16 03:19:05===> API : null ===> Message : validateRequest() invoked
info: ===> TimeStamp : 2025-09-16 03:19:05===> API : null ===> Message : fetchDBSettings()
info: ===> TimeStamp : 2025-09-16 03:19:05===> API : null ===> Message : validateRequest() Invoked!
info: ===> TimeStamp : 2025-09-16 03:19:05===> API : null ===> Message : validRequest() :: Api validated Successfully
info: ===> TimeStamp : 2025-09-16 03:19:05===> API : /api/auth/checkIP ===> Message : checkIP() invoked!!
info: ===> TimeStamp : 2025-09-16 03:19:05===> API : /api/auth/checkIP ===> Message : IPs match: 103.255.182.117
info: ===> TimeStamp : 2025-09-16 03:19:05===> API : /api/auth/checkIP ===> Message : checkIPResponse() invoked!
info: ===> TimeStamp : 2025-09-16 03:19:05===> API : /api/auth/checkIP ===> Message : checkIPResponse() completed
info: ===> TimeStamp : 2025-09-16 03:19:05===> API : null ===> Message : validateRequest() invoked
info: ===> TimeStamp : 2025-09-16 03:19:05===> API : null ===> Message : fetchDBSettings()
info: ===> TimeStamp : 2025-09-16 03:19:05===> API : null ===> Message : validateRequest() Invoked!
info: ===> TimeStamp : 2025-09-16 03:19:05===> API : null ===> Message : validRequest() :: Api validated Successfully
info: ===> TimeStamp : 2025-09-16 03:19:05===> API : /api/auth/login ===> Message : loginUser() invoked!!
info: ===> TimeStamp : 2025-09-16 03:19:05===> API : /api/auth/login ===> Message : loginUser() :: Request Object :: [object Object]
info: ===> TimeStamp : 2025-09-16 03:19:05===> API : /api/auth/login ===> Message : loginUserDB() Invoked !
info: ===> TimeStamp : 2025-09-16 03:19:05===> API : /api/auth/login ===> Message : loginUserResponse() invoked!
info: ===> TimeStamp : 2025-09-16 03:19:05===> API : /api/auth/login ===> Message : loginUserResponse() completed
