info: ===> TimeStamp : 2026-05-03 06:58:57===> API : null ===> Message : fetchDBSettings()
info: ===> TimeStamp : 2026-05-03 06:58:57===> API : null ===> Message : validateRequest() invoked
info: ===> TimeStamp : 2026-05-03 06:58:57===> API : null ===> Message : validateRequest() Invoked!
info: ===> TimeStamp : 2026-05-03 06:58:57===> API : null ===> Message : validRequest() :: Api validated Successfully
info: ===> TimeStamp : 2026-05-03 06:58:57===> API : /api/auth/logout ===> Message : logoutUser() invoked!!
info: ===> TimeStamp : 2026-05-03 06:58:57===> API : /api/auth/logout ===> Message : logoutUser() :: Request Object :: [object Object]
info: ===> TimeStamp : 2026-05-03 06:58:57===> API : /api/auth/logout ===> Message : logoutUserDB() Invoked !
info: ===> TimeStamp : 2026-05-03 06:58:58===> API : /api/auth/logout ===> Message : logoutUserResponse() invoked!
info: ===> TimeStamp : 2026-05-03 06:58:58===> API : /api/auth/logout ===> Message : logoutUserResponse() completed
info: ===> TimeStamp : 2026-05-03 07:02:33===> API : null ===> Message : validateRequest() invoked
info: ===> TimeStamp : 2026-05-03 07:02:33===> API : null ===> Message : fetchDBSettings()
info: ===> TimeStamp : 2026-05-03 07:02:33===> API : null ===> Message : validateRequest() Invoked!
info: ===> TimeStamp : 2026-05-03 07:02:33===> API : null ===> Message : validRequest() :: Api validated Successfully
info: ===> TimeStamp : 2026-05-03 07:02:33===> API : /api/auth/logout ===> Message : logoutUser() :: Request Object :: [object Object]
info: ===> TimeStamp : 2026-05-03 07:02:33===> API : /api/auth/logout ===> Message : logoutUser() invoked!!
info: ===> TimeStamp : 2026-05-03 07:02:33===> API : /api/auth/logout ===> Message : logoutUserDB() Invoked !
info: ===> TimeStamp : 2026-05-03 07:02:33===> API : /api/auth/logout ===> Message : logoutUserResponse() invoked!
info: ===> TimeStamp : 2026-05-03 07:02:33===> API : /api/auth/logout ===> Message : logoutUserResponse() completed
info: ===> TimeStamp : 2026-05-03 07:03:42===> API : null ===> Message : validateRequest() invoked
info: ===> TimeStamp : 2026-05-03 07:03:42===> API : null ===> Message : fetchDBSettings()
info: ===> TimeStamp : 2026-05-03 07:03:42===> API : null ===> Message : validateRequest() Invoked!
info: ===> TimeStamp : 2026-05-03 07:03:42===> API : null ===> Message : validRequest() :: Api validated Successfully
info: ===> TimeStamp : 2026-05-03 07:03:42===> API : /api/auth/validateuser ===> Message : validateUser() invoked!!
info: ===> TimeStamp : 2026-05-03 07:03:42===> API : /api/auth/validateuser ===> Message : validateUser() :: Request Object :: [object Object]
info: ===> TimeStamp : 2026-05-03 07:03:42===> API : /api/auth/validateuser ===> Message : validateUserDB() Invoked !
info: ===> TimeStamp : 2026-05-03 07:03:43===> API : /api/auth/validateuser ===> Message : validateUserResponse() invoked!
info: ===> TimeStamp : 2026-05-03 07:03:43===> API : /api/auth/validateuser ===> Message : validateUserResponse() completed
info: ===> TimeStamp : 2026-05-03 07:03:43===> API : null ===> Message : validateRequest() invoked
info: ===> TimeStamp : 2026-05-03 07:03:43===> API : null ===> Message : fetchDBSettings()
info: ===> TimeStamp : 2026-05-03 07:03:43===> API : null ===> Message : validateRequest() Invoked!
info: ===> TimeStamp : 2026-05-03 07:03:43===> API : null ===> Message : validRequest() :: Api validated Successfully
info: ===> TimeStamp : 2026-05-03 07:03:43===> API : /api/auth/checkIP ===> Message : checkIP() invoked!!
info: ===> TimeStamp : 2026-05-03 07:03:43===> API : /api/auth/checkIP ===> Message : IPs match: 103.255.182.117
info: ===> TimeStamp : 2026-05-03 07:03:43===> API : /api/auth/checkIP ===> Message : checkIPResponse() invoked!
info: ===> TimeStamp : 2026-05-03 07:03:43===> API : /api/auth/checkIP ===> Message : checkIPResponse() completed
info: ===> TimeStamp : 2026-05-03 07:03:43===> API : null ===> Message : validateRequest() invoked
info: ===> TimeStamp : 2026-05-03 07:03:43===> API : null ===> Message : fetchDBSettings()
info: ===> TimeStamp : 2026-05-03 07:03:43===> API : null ===> Message : validateRequest() Invoked!
info: ===> TimeStamp : 2026-05-03 07:03:43===> API : null ===> Message : validRequest() :: Api validated Successfully
info: ===> TimeStamp : 2026-05-03 07:03:43===> API : /api/auth/login ===> Message : loginUser() invoked!!
info: ===> TimeStamp : 2026-05-03 07:03:43===> API : /api/auth/login ===> Message : loginUser() :: Request Object :: [object Object]
info: ===> TimeStamp : 2026-05-03 07:03:43===> API : /api/auth/login ===> Message : loginUserDB() Invoked !
info: ===> TimeStamp : 2026-05-03 07:03:43===> API : /api/auth/login ===> Message : loginUserResponse() invoked!
info: ===> TimeStamp : 2026-05-03 07:03:43===> API : /api/auth/login ===> Message : loginUserResponse() completed
info: ===> TimeStamp : 2026-05-03 07:04:04===> API : null ===> Message : validateRequest() invoked
info: ===> TimeStamp : 2026-05-03 07:04:04===> API : null ===> Message : fetchDBSettings()
info: ===> TimeStamp : 2026-05-03 07:04:04===> API : null ===> Message : validateRequest() Invoked!
info: ===> TimeStamp : 2026-05-03 07:04:04===> API : null ===> Message : validRequest() :: Api validated Successfully
info: ===> TimeStamp : 2026-05-03 07:04:04===> API : /api/auth/validateuser ===> Message : validateUser() :: Request Object :: [object Object]
info: ===> TimeStamp : 2026-05-03 07:04:04===> API : /api/auth/validateuser ===> Message : validateUser() invoked!!
info: ===> TimeStamp : 2026-05-03 07:04:04===> API : /api/auth/validateuser ===> Message : validateUserDB() Invoked !
info: ===> TimeStamp : 2026-05-03 07:04:04===> API : /api/auth/validateuser ===> Message : validateUserDB() :: Error :: {"code":"ER_SIGNAL_EXCEPTION","errno":1644,"sqlState":"10005","sqlMessage":"User Does Not Exist","sql":"CALL usp_validate_user('ashmita', 'ashmita212')"}
info: ===> TimeStamp : 2026-05-03 07:04:04===> API : /api/auth/validateuser ===> Message : validateUserDBResult :: Error :: {"ErrorCode":10005,"ErrorMessage":"User Does Not Exist"}
info: ===> TimeStamp : 2026-05-03 07:04:04===> API : /api/auth/validateuser ===> Message : validateUserResponse() invoked!
info: ===> TimeStamp : 2026-05-03 07:04:04===> API : /api/auth/validateuser ===> Message : validateUserResponse() completed
info: ===> TimeStamp : 2026-05-03 07:04:12===> API : null ===> Message : validateRequest() invoked
info: ===> TimeStamp : 2026-05-03 07:04:12===> API : null ===> Message : fetchDBSettings()
info: ===> TimeStamp : 2026-05-03 07:04:12===> API : null ===> Message : validateRequest() Invoked!
info: ===> TimeStamp : 2026-05-03 07:04:12===> API : null ===> Message : validRequest() :: Api validated Successfully
info: ===> TimeStamp : 2026-05-03 07:04:12===> API : /api/auth/validateuser ===> Message : validateUser() invoked!!
info: ===> TimeStamp : 2026-05-03 07:04:12===> API : /api/auth/validateuser ===> Message : validateUser() :: Request Object :: [object Object]
info: ===> TimeStamp : 2026-05-03 07:04:12===> API : /api/auth/validateuser ===> Message : validateUserDB() Invoked !
info: ===> TimeStamp : 2026-05-03 07:04:12===> API : /api/auth/validateuser ===> Message : validateUserResponse() invoked!
info: ===> TimeStamp : 2026-05-03 07:04:12===> API : /api/auth/validateuser ===> Message : validateUserResponse() completed
info: ===> TimeStamp : 2026-05-03 07:04:12===> API : null ===> Message : validateRequest() invoked
info: ===> TimeStamp : 2026-05-03 07:04:12===> API : null ===> Message : fetchDBSettings()
info: ===> TimeStamp : 2026-05-03 07:04:12===> API : null ===> Message : validateRequest() Invoked!
info: ===> TimeStamp : 2026-05-03 07:04:12===> API : null ===> Message : validRequest() :: Api validated Successfully
info: ===> TimeStamp : 2026-05-03 07:04:12===> API : /api/auth/checkIP ===> Message : checkIP() invoked!!
info: ===> TimeStamp : 2026-05-03 07:04:12===> API : /api/auth/checkIP ===> Message : IPs match: 103.255.182.117
info: ===> TimeStamp : 2026-05-03 07:04:12===> API : /api/auth/checkIP ===> Message : checkIPResponse() invoked!
info: ===> TimeStamp : 2026-05-03 07:04:12===> API : /api/auth/checkIP ===> Message : checkIPResponse() completed
info: ===> TimeStamp : 2026-05-03 07:04:12===> API : null ===> Message : validateRequest() invoked
info: ===> TimeStamp : 2026-05-03 07:04:12===> API : null ===> Message : fetchDBSettings()
info: ===> TimeStamp : 2026-05-03 07:04:12===> API : null ===> Message : validateRequest() Invoked!
info: ===> TimeStamp : 2026-05-03 07:04:12===> API : null ===> Message : validRequest() :: Api validated Successfully
info: ===> TimeStamp : 2026-05-03 07:04:12===> API : /api/auth/login ===> Message : loginUser() :: Request Object :: [object Object]
info: ===> TimeStamp : 2026-05-03 07:04:12===> API : /api/auth/login ===> Message : loginUser() invoked!!
info: ===> TimeStamp : 2026-05-03 07:04:12===> API : /api/auth/login ===> Message : loginUserDB() Invoked !
info: ===> TimeStamp : 2026-05-03 07:04:12===> API : /api/auth/login ===> Message : loginUserResponse() invoked!
info: ===> TimeStamp : 2026-05-03 07:04:12===> API : /api/auth/login ===> Message : loginUserResponse() completed
info: ===> TimeStamp : 2026-05-03 07:36:12===> API : null ===> Message : validateRequest() invoked
info: ===> TimeStamp : 2026-05-03 07:36:12===> API : null ===> Message : fetchDBSettings()
info: ===> TimeStamp : 2026-05-03 07:36:12===> API : null ===> Message : validateRequest() Invoked!
info: ===> TimeStamp : 2026-05-03 07:36:12===> API : null ===> Message : validRequest() :: Api validated Successfully
info: ===> TimeStamp : 2026-05-03 07:36:12===> API : /api/auth/validateuser ===> Message : validateUser() invoked!!
info: ===> TimeStamp : 2026-05-03 07:36:12===> API : /api/auth/validateuser ===> Message : validateUser() :: Request Object :: [object Object]
info: ===> TimeStamp : 2026-05-03 07:36:12===> API : /api/auth/validateuser ===> Message : validateUserDB() Invoked !
info: ===> TimeStamp : 2026-05-03 07:36:12===> API : /api/auth/validateuser ===> Message : validateUserResponse() invoked!
info: ===> TimeStamp : 2026-05-03 07:36:12===> API : /api/auth/validateuser ===> Message : validateUserResponse() completed
info: ===> TimeStamp : 2026-05-03 07:36:12===> API : null ===> Message : validateRequest() invoked
info: ===> TimeStamp : 2026-05-03 07:36:12===> API : null ===> Message : fetchDBSettings()
info: ===> TimeStamp : 2026-05-03 07:36:12===> API : null ===> Message : validateRequest() Invoked!
info: ===> TimeStamp : 2026-05-03 07:36:12===> API : /api/auth/login ===> Message : loginUser() invoked!!
info: ===> TimeStamp : 2026-05-03 07:36:12===> API : null ===> Message : validRequest() :: Api validated Successfully
info: ===> TimeStamp : 2026-05-03 07:36:12===> API : /api/auth/login ===> Message : loginUser() :: Request Object :: [object Object]
info: ===> TimeStamp : 2026-05-03 07:36:12===> API : /api/auth/login ===> Message : loginUserDB() Invoked !
info: ===> TimeStamp : 2026-05-03 07:36:12===> API : /api/auth/login ===> Message : loginUserResponse() invoked!
info: ===> TimeStamp : 2026-05-03 07:36:12===> API : /api/auth/login ===> Message : loginUserResponse() completed
info: ===> TimeStamp : 2026-05-03 08:06:42===> API : null ===> Message : validateRequest() invoked
info: ===> TimeStamp : 2026-05-03 08:06:42===> API : null ===> Message : fetchDBSettings()
info: ===> TimeStamp : 2026-05-03 08:06:42===> API : null ===> Message : validateRequest() Invoked!
info: ===> TimeStamp : 2026-05-03 08:06:42===> API : /api/auth/validateuser ===> Message : validateUser() invoked!!
info: ===> TimeStamp : 2026-05-03 08:06:42===> API : null ===> Message : validRequest() :: Api validated Successfully
info: ===> TimeStamp : 2026-05-03 08:06:42===> API : /api/auth/validateuser ===> Message : validateUser() :: Request Object :: [object Object]
info: ===> TimeStamp : 2026-05-03 08:06:42===> API : /api/auth/validateuser ===> Message : validateUserDB() Invoked !
info: ===> TimeStamp : 2026-05-03 08:06:42===> API : /api/auth/validateuser ===> Message : validateUserResponse() invoked!
info: ===> TimeStamp : 2026-05-03 08:06:42===> API : /api/auth/validateuser ===> Message : validateUserResponse() completed
info: ===> TimeStamp : 2026-05-03 08:06:42===> API : null ===> Message : validateRequest() invoked
info: ===> TimeStamp : 2026-05-03 08:06:42===> API : null ===> Message : fetchDBSettings()
info: ===> TimeStamp : 2026-05-03 08:06:42===> API : null ===> Message : validateRequest() Invoked!
info: ===> TimeStamp : 2026-05-03 08:06:42===> API : null ===> Message : validRequest() :: Api validated Successfully
info: ===> TimeStamp : 2026-05-03 08:06:42===> API : /api/auth/checkIP ===> Message : checkIP() invoked!!
info: ===> TimeStamp : 2026-05-03 08:06:42===> API : /api/auth/checkIP ===> Message : IPs match: 103.255.182.117
info: ===> TimeStamp : 2026-05-03 08:06:42===> API : /api/auth/checkIP ===> Message : checkIPResponse() invoked!
info: ===> TimeStamp : 2026-05-03 08:06:42===> API : /api/auth/checkIP ===> Message : checkIPResponse() completed
info: ===> TimeStamp : 2026-05-03 08:06:42===> API : null ===> Message : validateRequest() invoked
info: ===> TimeStamp : 2026-05-03 08:06:42===> API : null ===> Message : fetchDBSettings()
info: ===> TimeStamp : 2026-05-03 08:06:42===> API : null ===> Message : validateRequest() Invoked!
info: ===> TimeStamp : 2026-05-03 08:06:42===> API : null ===> Message : validRequest() :: Api validated Successfully
info: ===> TimeStamp : 2026-05-03 08:06:42===> API : /api/auth/login ===> Message : loginUser() invoked!!
info: ===> TimeStamp : 2026-05-03 08:06:42===> API : /api/auth/login ===> Message : loginUser() :: Request Object :: [object Object]
info: ===> TimeStamp : 2026-05-03 08:06:42===> API : /api/auth/login ===> Message : loginUserDB() Invoked !
info: ===> TimeStamp : 2026-05-03 08:06:42===> API : /api/auth/login ===> Message : loginUserResponse() invoked!
info: ===> TimeStamp : 2026-05-03 08:06:42===> API : /api/auth/login ===> Message : loginUserResponse() completed
info: ===> TimeStamp : 2026-05-03 08:07:47===> API : null ===> Message : validateRequest() invoked
info: ===> TimeStamp : 2026-05-03 08:07:47===> API : null ===> Message : fetchDBSettings()
info: ===> TimeStamp : 2026-05-03 08:07:47===> API : null ===> Message : validateRequest() Invoked!
info: ===> TimeStamp : 2026-05-03 08:07:47===> API : null ===> Message : validRequest() :: Api validated Successfully
info: ===> TimeStamp : 2026-05-03 08:07:47===> API : /api/auth/validateuser ===> Message : validateUser() :: Request Object :: [object Object]
info: ===> TimeStamp : 2026-05-03 08:07:47===> API : /api/auth/validateuser ===> Message : validateUser() invoked!!
info: ===> TimeStamp : 2026-05-03 08:07:47===> API : /api/auth/validateuser ===> Message : validateUserDB() Invoked !
info: ===> TimeStamp : 2026-05-03 08:07:47===> API : /api/auth/validateuser ===> Message : validateUserResponse() invoked!
info: ===> TimeStamp : 2026-05-03 08:07:47===> API : /api/auth/validateuser ===> Message : validateUserResponse() completed
info: ===> TimeStamp : 2026-05-03 08:07:47===> API : null ===> Message : validateRequest() invoked
info: ===> TimeStamp : 2026-05-03 08:07:47===> API : null ===> Message : fetchDBSettings()
info: ===> TimeStamp : 2026-05-03 08:07:47===> API : null ===> Message : validateRequest() Invoked!
info: ===> TimeStamp : 2026-05-03 08:07:47===> API : null ===> Message : validRequest() :: Api validated Successfully
info: ===> TimeStamp : 2026-05-03 08:07:47===> API : /api/auth/checkIP ===> Message : checkIP() invoked!!
info: ===> TimeStamp : 2026-05-03 08:07:47===> API : /api/auth/checkIP ===> Message : IPs match: 103.255.182.117
info: ===> TimeStamp : 2026-05-03 08:07:47===> API : /api/auth/checkIP ===> Message : checkIPResponse() invoked!
info: ===> TimeStamp : 2026-05-03 08:07:47===> API : /api/auth/checkIP ===> Message : checkIPResponse() completed
info: ===> TimeStamp : 2026-05-03 08:07:47===> API : null ===> Message : validateRequest() invoked
info: ===> TimeStamp : 2026-05-03 08:07:47===> API : null ===> Message : fetchDBSettings()
info: ===> TimeStamp : 2026-05-03 08:07:47===> API : null ===> Message : validateRequest() Invoked!
info: ===> TimeStamp : 2026-05-03 08:07:47===> API : null ===> Message : validRequest() :: Api validated Successfully
info: ===> TimeStamp : 2026-05-03 08:07:47===> API : /api/auth/login ===> Message : loginUser() invoked!!
info: ===> TimeStamp : 2026-05-03 08:07:47===> API : /api/auth/login ===> Message : loginUser() :: Request Object :: [object Object]
info: ===> TimeStamp : 2026-05-03 08:07:47===> API : /api/auth/login ===> Message : loginUserDB() Invoked !
info: ===> TimeStamp : 2026-05-03 08:07:47===> API : /api/auth/login ===> Message : loginUserResponse() invoked!
info: ===> TimeStamp : 2026-05-03 08:07:47===> API : /api/auth/login ===> Message : loginUserResponse() completed
info: ===> TimeStamp : 2026-05-03 08:12:24===> API : null ===> Message : validateRequest() invoked
info: ===> TimeStamp : 2026-05-03 08:12:24===> API : null ===> Message : fetchDBSettings()
info: ===> TimeStamp : 2026-05-03 08:12:24===> API : null ===> Message : validateRequest() Invoked!
info: ===> TimeStamp : 2026-05-03 08:12:24===> API : null ===> Message : validRequest() :: Api validated Successfully
info: ===> TimeStamp : 2026-05-03 08:12:24===> API : /api/auth/validateuser ===> Message : validateUser() invoked!!
info: ===> TimeStamp : 2026-05-03 08:12:24===> API : /api/auth/validateuser ===> Message : validateUser() :: Request Object :: [object Object]
info: ===> TimeStamp : 2026-05-03 08:12:24===> API : /api/auth/validateuser ===> Message : validateUserDB() Invoked !
info: ===> TimeStamp : 2026-05-03 08:12:24===> API : /api/auth/validateuser ===> Message : validateUserResponse() invoked!
info: ===> TimeStamp : 2026-05-03 08:12:24===> API : /api/auth/validateuser ===> Message : validateUserResponse() completed
info: ===> TimeStamp : 2026-05-03 08:12:24===> API : null ===> Message : validateRequest() invoked
info: ===> TimeStamp : 2026-05-03 08:12:24===> API : null ===> Message : fetchDBSettings()
info: ===> TimeStamp : 2026-05-03 08:12:24===> API : null ===> Message : validateRequest() Invoked!
info: ===> TimeStamp : 2026-05-03 08:12:24===> API : /api/auth/login ===> Message : loginUser() invoked!!
info: ===> TimeStamp : 2026-05-03 08:12:24===> API : null ===> Message : validRequest() :: Api validated Successfully
info: ===> TimeStamp : 2026-05-03 08:12:24===> API : /api/auth/login ===> Message : loginUser() :: Request Object :: [object Object]
info: ===> TimeStamp : 2026-05-03 08:12:24===> API : /api/auth/login ===> Message : loginUserDB() Invoked !
info: ===> TimeStamp : 2026-05-03 08:12:25===> API : /api/auth/login ===> Message : loginUserResponse() invoked!
info: ===> TimeStamp : 2026-05-03 08:12:25===> API : /api/auth/login ===> Message : loginUserResponse() completed
info: ===> TimeStamp : 2026-05-03 08:42:15===> API : null ===> Message : validateRequest() invoked
info: ===> TimeStamp : 2026-05-03 08:42:15===> API : null ===> Message : fetchDBSettings()
info: ===> TimeStamp : 2026-05-03 08:42:15===> API : null ===> Message : validateRequest() Invoked!
info: ===> TimeStamp : 2026-05-03 08:42:15===> API : null ===> Message : validRequest() :: Api validated Successfully
info: ===> TimeStamp : 2026-05-03 08:42:15===> API : /api/auth/validateuser ===> Message : validateUser() :: Request Object :: [object Object]
info: ===> TimeStamp : 2026-05-03 08:42:15===> API : /api/auth/validateuser ===> Message : validateUser() invoked!!
info: ===> TimeStamp : 2026-05-03 08:42:15===> API : /api/auth/validateuser ===> Message : validateUserDB() Invoked !
info: ===> TimeStamp : 2026-05-03 08:42:15===> API : /api/auth/validateuser ===> Message : validateUserResponse() invoked!
info: ===> TimeStamp : 2026-05-03 08:42:15===> API : /api/auth/validateuser ===> Message : validateUserResponse() completed
info: ===> TimeStamp : 2026-05-03 08:42:15===> API : null ===> Message : validateRequest() invoked
info: ===> TimeStamp : 2026-05-03 08:42:15===> API : null ===> Message : fetchDBSettings()
info: ===> TimeStamp : 2026-05-03 08:42:15===> API : null ===> Message : validateRequest() Invoked!
info: ===> TimeStamp : 2026-05-03 08:42:15===> API : null ===> Message : validRequest() :: Api validated Successfully
info: ===> TimeStamp : 2026-05-03 08:42:15===> API : /api/auth/checkIP ===> Message : checkIP() invoked!!
info: ===> TimeStamp : 2026-05-03 08:42:15===> API : /api/auth/checkIP ===> Message : IPs match: 103.255.182.117
info: ===> TimeStamp : 2026-05-03 08:42:15===> API : /api/auth/checkIP ===> Message : checkIPResponse() invoked!
info: ===> TimeStamp : 2026-05-03 08:42:15===> API : /api/auth/checkIP ===> Message : checkIPResponse() completed
info: ===> TimeStamp : 2026-05-03 08:42:15===> API : null ===> Message : validateRequest() invoked
info: ===> TimeStamp : 2026-05-03 08:42:15===> API : null ===> Message : fetchDBSettings()
info: ===> TimeStamp : 2026-05-03 08:42:15===> API : null ===> Message : validateRequest() Invoked!
info: ===> TimeStamp : 2026-05-03 08:42:15===> API : /api/auth/login ===> Message : loginUser() invoked!!
info: ===> TimeStamp : 2026-05-03 08:42:15===> API : /api/auth/login ===> Message : loginUser() :: Request Object :: [object Object]
info: ===> TimeStamp : 2026-05-03 08:42:15===> API : null ===> Message : validRequest() :: Api validated Successfully
info: ===> TimeStamp : 2026-05-03 08:42:15===> API : /api/auth/login ===> Message : loginUserDB() Invoked !
info: ===> TimeStamp : 2026-05-03 08:42:15===> API : /api/auth/login ===> Message : loginUserResponse() invoked!
info: ===> TimeStamp : 2026-05-03 08:42:15===> API : /api/auth/login ===> Message : loginUserResponse() completed
info: ===> TimeStamp : 2026-05-03 09:44:34===> API : null ===> Message : validateRequest() invoked
info: ===> TimeStamp : 2026-05-03 09:44:34===> API : null ===> Message : fetchDBSettings()
info: ===> TimeStamp : 2026-05-03 09:44:34===> API : null ===> Message : validateRequest() Invoked!
info: ===> TimeStamp : 2026-05-03 09:44:34===> API : null ===> Message : validRequest() :: Api validated Successfully
info: ===> TimeStamp : 2026-05-03 09:44:34===> API : /api/auth/validateuser ===> Message : validateUser() invoked!!
info: ===> TimeStamp : 2026-05-03 09:44:34===> API : /api/auth/validateuser ===> Message : validateUser() :: Request Object :: [object Object]
info: ===> TimeStamp : 2026-05-03 09:44:34===> API : /api/auth/validateuser ===> Message : validateUserDB() Invoked !
info: ===> TimeStamp : 2026-05-03 09:44:34===> API : /api/auth/validateuser ===> Message : validateUserResponse() invoked!
info: ===> TimeStamp : 2026-05-03 09:44:34===> API : /api/auth/validateuser ===> Message : validateUserResponse() completed
info: ===> TimeStamp : 2026-05-03 09:44:34===> API : null ===> Message : validateRequest() invoked
info: ===> TimeStamp : 2026-05-03 09:44:34===> API : null ===> Message : fetchDBSettings()
info: ===> TimeStamp : 2026-05-03 09:44:34===> API : null ===> Message : validateRequest() Invoked!
info: ===> TimeStamp : 2026-05-03 09:44:34===> API : null ===> Message : validRequest() :: Api validated Successfully
info: ===> TimeStamp : 2026-05-03 09:44:34===> API : /api/auth/login ===> Message : loginUser() invoked!!
info: ===> TimeStamp : 2026-05-03 09:44:34===> API : /api/auth/login ===> Message : loginUser() :: Request Object :: [object Object]
info: ===> TimeStamp : 2026-05-03 09:44:34===> API : /api/auth/login ===> Message : loginUserDB() Invoked !
info: ===> TimeStamp : 2026-05-03 09:44:34===> API : /api/auth/login ===> Message : loginUserResponse() invoked!
info: ===> TimeStamp : 2026-05-03 09:44:34===> API : /api/auth/login ===> Message : loginUserResponse() completed
info: ===> TimeStamp : 2026-05-03 10:21:12===> API : null ===> Message : validateRequest() invoked
info: ===> TimeStamp : 2026-05-03 10:21:12===> API : null ===> Message : fetchDBSettings()
info: ===> TimeStamp : 2026-05-03 10:21:12===> API : null ===> Message : validateRequest() Invoked!
info: ===> TimeStamp : 2026-05-03 10:21:12===> API : null ===> Message : validRequest() :: Api validated Successfully
info: ===> TimeStamp : 2026-05-03 10:21:12===> API : /api/auth/validateuser ===> Message : validateUser() invoked!!
info: ===> TimeStamp : 2026-05-03 10:21:12===> API : /api/auth/validateuser ===> Message : validateUser() :: Request Object :: [object Object]
info: ===> TimeStamp : 2026-05-03 10:21:12===> API : /api/auth/validateuser ===> Message : validateUserDB() Invoked !
info: ===> TimeStamp : 2026-05-03 10:21:12===> API : /api/auth/validateuser ===> Message : validateUserResponse() invoked!
info: ===> TimeStamp : 2026-05-03 10:21:12===> API : /api/auth/validateuser ===> Message : validateUserResponse() completed
info: ===> TimeStamp : 2026-05-03 10:21:12===> API : null ===> Message : validateRequest() invoked
info: ===> TimeStamp : 2026-05-03 10:21:12===> API : null ===> Message : fetchDBSettings()
info: ===> TimeStamp : 2026-05-03 10:21:12===> API : null ===> Message : validateRequest() Invoked!
info: ===> TimeStamp : 2026-05-03 10:21:12===> API : null ===> Message : validRequest() :: Api validated Successfully
info: ===> TimeStamp : 2026-05-03 10:21:12===> API : /api/auth/login ===> Message : loginUser() invoked!!
info: ===> TimeStamp : 2026-05-03 10:21:12===> API : /api/auth/login ===> Message : loginUser() :: Request Object :: [object Object]
info: ===> TimeStamp : 2026-05-03 10:21:12===> API : /api/auth/login ===> Message : loginUserDB() Invoked !
info: ===> TimeStamp : 2026-05-03 10:21:12===> API : /api/auth/login ===> Message : loginUserResponse() invoked!
info: ===> TimeStamp : 2026-05-03 10:21:12===> API : /api/auth/login ===> Message : loginUserResponse() completed
info: ===> TimeStamp : 2026-05-03 11:12:13===> API : null ===> Message : validateRequest() invoked
info: ===> TimeStamp : 2026-05-03 11:12:13===> API : null ===> Message : fetchDBSettings()
info: ===> TimeStamp : 2026-05-03 11:12:13===> API : null ===> Message : validateRequest() Invoked!
info: ===> TimeStamp : 2026-05-03 11:12:13===> API : null ===> Message : validRequest() :: Api validated Successfully
info: ===> TimeStamp : 2026-05-03 11:12:13===> API : /api/auth/validateuser ===> Message : validateUser() invoked!!
info: ===> TimeStamp : 2026-05-03 11:12:13===> API : /api/auth/validateuser ===> Message : validateUser() :: Request Object :: [object Object]
info: ===> TimeStamp : 2026-05-03 11:12:13===> API : /api/auth/validateuser ===> Message : validateUserDB() Invoked !
info: ===> TimeStamp : 2026-05-03 11:12:13===> API : /api/auth/validateuser ===> Message : validateUserResponse() invoked!
info: ===> TimeStamp : 2026-05-03 11:12:13===> API : /api/auth/validateuser ===> Message : validateUserResponse() completed
info: ===> TimeStamp : 2026-05-03 11:12:13===> API : null ===> Message : validateRequest() invoked
info: ===> TimeStamp : 2026-05-03 11:12:13===> API : null ===> Message : fetchDBSettings()
info: ===> TimeStamp : 2026-05-03 11:12:13===> API : null ===> Message : validateRequest() Invoked!
info: ===> TimeStamp : 2026-05-03 11:12:13===> API : null ===> Message : validRequest() :: Api validated Successfully
info: ===> TimeStamp : 2026-05-03 11:12:13===> API : /api/auth/login ===> Message : loginUser() :: Request Object :: [object Object]
info: ===> TimeStamp : 2026-05-03 11:12:13===> API : /api/auth/login ===> Message : loginUserDB() Invoked !
info: ===> TimeStamp : 2026-05-03 11:12:13===> API : /api/auth/login ===> Message : loginUser() invoked!!
info: ===> TimeStamp : 2026-05-03 11:12:13===> API : /api/auth/login ===> Message : loginUserResponse() invoked!
info: ===> TimeStamp : 2026-05-03 11:12:13===> API : /api/auth/login ===> Message : loginUserResponse() completed
info: ===> TimeStamp : 2026-05-03 11:56:37===> API : null ===> Message : validateRequest() invoked
info: ===> TimeStamp : 2026-05-03 11:56:37===> API : null ===> Message : validateRequest() Error:: Invalid Request :: 
      {"apiUri":"/robots.txt"}
info: ===> TimeStamp : 2026-05-03 11:56:40===> API : null ===> Message : validateRequest() invoked
info: ===> TimeStamp : 2026-05-03 11:56:40===> API : null ===> Message : validateRequest() Error:: Invalid Request :: 
      {"apiUri":"/"}
info: ===> TimeStamp : 2026-05-03 12:38:20===> API : null ===> Message : validateRequest() invoked
info: ===> TimeStamp : 2026-05-03 12:38:20===> API : null ===> Message : fetchDBSettings()
info: ===> TimeStamp : 2026-05-03 12:38:20===> API : null ===> Message : validateRequest() Invoked!
info: ===> TimeStamp : 2026-05-03 12:38:20===> API : null ===> Message : validRequest() :: Api validated Successfully
info: ===> TimeStamp : 2026-05-03 12:38:20===> API : /api/auth/validateuser ===> Message : validateUser() invoked!!
info: ===> TimeStamp : 2026-05-03 12:38:20===> API : /api/auth/validateuser ===> Message : validateUser() :: Request Object :: [object Object]
info: ===> TimeStamp : 2026-05-03 12:38:20===> API : /api/auth/validateuser ===> Message : validateUserDB() Invoked !
info: ===> TimeStamp : 2026-05-03 12:38:20===> API : /api/auth/validateuser ===> Message : validateUserResponse() invoked!
info: ===> TimeStamp : 2026-05-03 12:38:20===> API : /api/auth/validateuser ===> Message : validateUserResponse() completed
info: ===> TimeStamp : 2026-05-03 12:38:20===> API : null ===> Message : validateRequest() invoked
info: ===> TimeStamp : 2026-05-03 12:38:20===> API : null ===> Message : fetchDBSettings()
info: ===> TimeStamp : 2026-05-03 12:38:20===> API : null ===> Message : validateRequest() Invoked!
info: ===> TimeStamp : 2026-05-03 12:38:20===> API : null ===> Message : validRequest() :: Api validated Successfully
info: ===> TimeStamp : 2026-05-03 12:38:20===> API : /api/auth/checkIP ===> Message : checkIP() invoked!!
info: ===> TimeStamp : 2026-05-03 12:38:20===> API : /api/auth/checkIP ===> Message : IPs match: 103.255.182.117
info: ===> TimeStamp : 2026-05-03 12:38:20===> API : /api/auth/checkIP ===> Message : checkIPResponse() invoked!
info: ===> TimeStamp : 2026-05-03 12:38:20===> API : /api/auth/checkIP ===> Message : checkIPResponse() completed
info: ===> TimeStamp : 2026-05-03 12:38:20===> API : null ===> Message : validateRequest() invoked
info: ===> TimeStamp : 2026-05-03 12:38:20===> API : null ===> Message : fetchDBSettings()
info: ===> TimeStamp : 2026-05-03 12:38:20===> API : null ===> Message : validateRequest() Invoked!
info: ===> TimeStamp : 2026-05-03 12:38:20===> API : null ===> Message : validRequest() :: Api validated Successfully
info: ===> TimeStamp : 2026-05-03 12:38:20===> API : /api/auth/login ===> Message : loginUserDB() Invoked !
info: ===> TimeStamp : 2026-05-03 12:38:20===> API : /api/auth/login ===> Message : loginUser() :: Request Object :: [object Object]
info: ===> TimeStamp : 2026-05-03 12:38:20===> API : /api/auth/login ===> Message : loginUser() invoked!!
info: ===> TimeStamp : 2026-05-03 12:38:20===> API : /api/auth/login ===> Message : loginUserResponse() invoked!
info: ===> TimeStamp : 2026-05-03 12:38:20===> API : /api/auth/login ===> Message : loginUserResponse() completed
info: ===> TimeStamp : 2026-05-03 13:16:35===> API : null ===> Message : validateRequest() invoked
info: ===> TimeStamp : 2026-05-03 13:16:35===> API : null ===> Message : fetchDBSettings()
info: ===> TimeStamp : 2026-05-03 13:16:35===> API : null ===> Message : validateRequest() Invoked!
info: ===> TimeStamp : 2026-05-03 13:16:35===> API : null ===> Message : validRequest() :: Api validated Successfully
info: ===> TimeStamp : 2026-05-03 13:16:35===> API : /api/auth/validateuser ===> Message : validateUser() invoked!!
info: ===> TimeStamp : 2026-05-03 13:16:35===> API : /api/auth/validateuser ===> Message : validateUser() :: Request Object :: [object Object]
info: ===> TimeStamp : 2026-05-03 13:16:35===> API : /api/auth/validateuser ===> Message : validateUserDB() Invoked !
info: ===> TimeStamp : 2026-05-03 13:16:35===> API : /api/auth/validateuser ===> Message : validateUserResponse() invoked!
info: ===> TimeStamp : 2026-05-03 13:16:35===> API : /api/auth/validateuser ===> Message : validateUserResponse() completed
info: ===> TimeStamp : 2026-05-03 13:16:35===> API : null ===> Message : validateRequest() invoked
info: ===> TimeStamp : 2026-05-03 13:16:35===> API : null ===> Message : fetchDBSettings()
info: ===> TimeStamp : 2026-05-03 13:16:35===> API : null ===> Message : validateRequest() Invoked!
info: ===> TimeStamp : 2026-05-03 13:16:35===> API : null ===> Message : validRequest() :: Api validated Successfully
info: ===> TimeStamp : 2026-05-03 13:16:35===> API : /api/auth/login ===> Message : loginUser() invoked!!
info: ===> TimeStamp : 2026-05-03 13:16:35===> API : /api/auth/login ===> Message : loginUser() :: Request Object :: [object Object]
info: ===> TimeStamp : 2026-05-03 13:16:35===> API : /api/auth/login ===> Message : loginUserDB() Invoked !
info: ===> TimeStamp : 2026-05-03 13:16:36===> API : /api/auth/login ===> Message : loginUserResponse() invoked!
info: ===> TimeStamp : 2026-05-03 13:16:36===> API : /api/auth/login ===> Message : loginUserResponse() completed
info: ===> TimeStamp : 2026-05-03 14:44:32===> API : null ===> Message : validateRequest() invoked
info: ===> TimeStamp : 2026-05-03 14:44:32===> API : null ===> Message : fetchDBSettings()
info: ===> TimeStamp : 2026-05-03 14:44:32===> API : null ===> Message : validateRequest() Invoked!
info: ===> TimeStamp : 2026-05-03 14:44:32===> API : null ===> Message : validRequest() :: Api validated Successfully
info: ===> TimeStamp : 2026-05-03 14:44:32===> API : /api/auth/logout ===> Message : logoutUser() invoked!!
info: ===> TimeStamp : 2026-05-03 14:44:32===> API : /api/auth/logout ===> Message : logoutUser() :: Request Object :: [object Object]
info: ===> TimeStamp : 2026-05-03 14:44:32===> API : /api/auth/logout ===> Message : logoutUserDB() Invoked !
info: ===> TimeStamp : 2026-05-03 14:44:32===> API : /api/auth/logout ===> Message : logoutUserResponse() invoked!
info: ===> TimeStamp : 2026-05-03 14:44:32===> API : /api/auth/logout ===> Message : logoutUserResponse() completed
info: ===> TimeStamp : 2026-05-03 14:50:22===> API : null ===> Message : validateRequest() invoked
info: ===> TimeStamp : 2026-05-03 14:50:22===> API : null ===> Message : fetchDBSettings()
info: ===> TimeStamp : 2026-05-03 14:50:22===> API : null ===> Message : validateRequest() Invoked!
info: ===> TimeStamp : 2026-05-03 14:50:22===> API : null ===> Message : validRequest() :: Api validated Successfully
info: ===> TimeStamp : 2026-05-03 14:50:22===> API : /api/auth/logout ===> Message : logoutUser() invoked!!
info: ===> TimeStamp : 2026-05-03 14:50:22===> API : /api/auth/logout ===> Message : logoutUser() :: Request Object :: [object Object]
info: ===> TimeStamp : 2026-05-03 14:50:22===> API : /api/auth/logout ===> Message : logoutUserDB() Invoked !
info: ===> TimeStamp : 2026-05-03 14:50:22===> API : /api/auth/logout ===> Message : logoutUserResponse() invoked!
info: ===> TimeStamp : 2026-05-03 14:50:22===> API : /api/auth/logout ===> Message : logoutUserResponse() completed
info: ===> TimeStamp : 2026-05-03 14:50:38===> API : null ===> Message : validateRequest() invoked
info: ===> TimeStamp : 2026-05-03 14:50:38===> API : null ===> Message : fetchDBSettings()
info: ===> TimeStamp : 2026-05-03 14:50:38===> API : null ===> Message : validateRequest() Invoked!
info: ===> TimeStamp : 2026-05-03 14:50:38===> API : null ===> Message : validRequest() :: Api validated Successfully
info: ===> TimeStamp : 2026-05-03 14:50:38===> API : /api/auth/validateuser ===> Message : validateUser() invoked!!
info: ===> TimeStamp : 2026-05-03 14:50:38===> API : /api/auth/validateuser ===> Message : validateUser() :: Request Object :: [object Object]
info: ===> TimeStamp : 2026-05-03 14:50:38===> API : /api/auth/validateuser ===> Message : validateUserDB() Invoked !
info: ===> TimeStamp : 2026-05-03 14:50:38===> API : /api/auth/validateuser ===> Message : validateUserResponse() invoked!
info: ===> TimeStamp : 2026-05-03 14:50:38===> API : /api/auth/validateuser ===> Message : validateUserResponse() completed
info: ===> TimeStamp : 2026-05-03 14:50:38===> API : null ===> Message : validateRequest() invoked
info: ===> TimeStamp : 2026-05-03 14:50:38===> API : null ===> Message : fetchDBSettings()
info: ===> TimeStamp : 2026-05-03 14:50:38===> API : null ===> Message : validateRequest() Invoked!
info: ===> TimeStamp : 2026-05-03 14:50:38===> API : null ===> Message : validRequest() :: Api validated Successfully
info: ===> TimeStamp : 2026-05-03 14:50:38===> API : /api/auth/checkIP ===> Message : checkIP() invoked!!
info: ===> TimeStamp : 2026-05-03 14:50:38===> API : /api/auth/checkIP ===> Message : IPs match: 103.255.182.117
info: ===> TimeStamp : 2026-05-03 14:50:38===> API : /api/auth/checkIP ===> Message : checkIPResponse() invoked!
info: ===> TimeStamp : 2026-05-03 14:50:38===> API : /api/auth/checkIP ===> Message : checkIPResponse() completed
info: ===> TimeStamp : 2026-05-03 14:50:38===> API : null ===> Message : validateRequest() invoked
info: ===> TimeStamp : 2026-05-03 14:50:38===> API : null ===> Message : fetchDBSettings()
info: ===> TimeStamp : 2026-05-03 14:50:38===> API : null ===> Message : validateRequest() Invoked!
info: ===> TimeStamp : 2026-05-03 14:50:38===> API : null ===> Message : validRequest() :: Api validated Successfully
info: ===> TimeStamp : 2026-05-03 14:50:38===> API : /api/auth/login ===> Message : loginUser() invoked!!
info: ===> TimeStamp : 2026-05-03 14:50:38===> API : /api/auth/login ===> Message : loginUser() :: Request Object :: [object Object]
info: ===> TimeStamp : 2026-05-03 14:50:38===> API : /api/auth/login ===> Message : loginUserDB() Invoked !
info: ===> TimeStamp : 2026-05-03 14:50:39===> API : /api/auth/login ===> Message : loginUserResponse() invoked!
info: ===> TimeStamp : 2026-05-03 14:50:39===> API : /api/auth/login ===> Message : loginUserResponse() completed
info: ===> TimeStamp : 2026-05-03 14:50:54===> API : null ===> Message : validateRequest() invoked
info: ===> TimeStamp : 2026-05-03 14:50:54===> API : null ===> Message : fetchDBSettings()
info: ===> TimeStamp : 2026-05-03 14:50:54===> API : null ===> Message : validateRequest() Invoked!
info: ===> TimeStamp : 2026-05-03 14:50:54===> API : null ===> Message : validRequest() :: Api validated Successfully
info: ===> TimeStamp : 2026-05-03 14:50:54===> API : /api/auth/validateuser ===> Message : validateUser() invoked!!
info: ===> TimeStamp : 2026-05-03 14:50:54===> API : /api/auth/validateuser ===> Message : validateUser() :: Request Object :: [object Object]
info: ===> TimeStamp : 2026-05-03 14:50:54===> API : /api/auth/validateuser ===> Message : validateUserDB() Invoked !
info: ===> TimeStamp : 2026-05-03 14:50:54===> API : /api/auth/validateuser ===> Message : validateUserResponse() invoked!
info: ===> TimeStamp : 2026-05-03 14:50:54===> API : /api/auth/validateuser ===> Message : validateUserResponse() completed
info: ===> TimeStamp : 2026-05-03 14:50:54===> API : null ===> Message : validateRequest() invoked
info: ===> TimeStamp : 2026-05-03 14:50:54===> API : null ===> Message : fetchDBSettings()
info: ===> TimeStamp : 2026-05-03 14:50:54===> API : null ===> Message : validateRequest() Invoked!
info: ===> TimeStamp : 2026-05-03 14:50:54===> API : null ===> Message : validRequest() :: Api validated Successfully
info: ===> TimeStamp : 2026-05-03 14:50:54===> API : /api/auth/checkIP ===> Message : checkIP() invoked!!
info: ===> TimeStamp : 2026-05-03 14:50:54===> API : /api/auth/checkIP ===> Message : IPs match: 103.255.182.117
info: ===> TimeStamp : 2026-05-03 14:50:54===> API : /api/auth/checkIP ===> Message : checkIPResponse() invoked!
info: ===> TimeStamp : 2026-05-03 14:50:54===> API : /api/auth/checkIP ===> Message : checkIPResponse() completed
info: ===> TimeStamp : 2026-05-03 14:50:54===> API : null ===> Message : validateRequest() invoked
info: ===> TimeStamp : 2026-05-03 14:50:54===> API : null ===> Message : fetchDBSettings()
info: ===> TimeStamp : 2026-05-03 14:50:54===> API : null ===> Message : validateRequest() Invoked!
info: ===> TimeStamp : 2026-05-03 14:50:54===> API : null ===> Message : validRequest() :: Api validated Successfully
info: ===> TimeStamp : 2026-05-03 14:50:54===> API : /api/auth/login ===> Message : loginUser() invoked!!
info: ===> TimeStamp : 2026-05-03 14:50:54===> API : /api/auth/login ===> Message : loginUser() :: Request Object :: [object Object]
info: ===> TimeStamp : 2026-05-03 14:50:54===> API : /api/auth/login ===> Message : loginUserDB() Invoked !
info: ===> TimeStamp : 2026-05-03 14:50:54===> API : /api/auth/login ===> Message : loginUserResponse() invoked!
info: ===> TimeStamp : 2026-05-03 14:50:54===> API : /api/auth/login ===> Message : loginUserResponse() completed
info: ===> TimeStamp : 2026-05-03 15:47:31===> API : null ===> Message : validateRequest() invoked
info: ===> TimeStamp : 2026-05-03 15:47:31===> API : null ===> Message : fetchDBSettings()
info: ===> TimeStamp : 2026-05-03 15:47:31===> API : null ===> Message : validateRequest() Invoked!
info: ===> TimeStamp : 2026-05-03 15:47:31===> API : null ===> Message : validRequest() :: Api validated Successfully
info: ===> TimeStamp : 2026-05-03 15:47:31===> API : /api/auth/validateuser ===> Message : validateUser() invoked!!
info: ===> TimeStamp : 2026-05-03 15:47:31===> API : /api/auth/validateuser ===> Message : validateUser() :: Request Object :: [object Object]
info: ===> TimeStamp : 2026-05-03 15:47:31===> API : /api/auth/validateuser ===> Message : validateUserDB() Invoked !
info: ===> TimeStamp : 2026-05-03 15:47:31===> API : /api/auth/validateuser ===> Message : validateUserResponse() invoked!
info: ===> TimeStamp : 2026-05-03 15:47:31===> API : /api/auth/validateuser ===> Message : validateUserResponse() completed
info: ===> TimeStamp : 2026-05-03 15:47:32===> API : null ===> Message : validateRequest() invoked
info: ===> TimeStamp : 2026-05-03 15:47:32===> API : null ===> Message : fetchDBSettings()
info: ===> TimeStamp : 2026-05-03 15:47:32===> API : null ===> Message : validateRequest() Invoked!
info: ===> TimeStamp : 2026-05-03 15:47:32===> API : null ===> Message : validRequest() :: Api validated Successfully
info: ===> TimeStamp : 2026-05-03 15:47:32===> API : /api/auth/login ===> Message : loginUser() invoked!!
info: ===> TimeStamp : 2026-05-03 15:47:32===> API : /api/auth/login ===> Message : loginUser() :: Request Object :: [object Object]
info: ===> TimeStamp : 2026-05-03 15:47:32===> API : /api/auth/login ===> Message : loginUserDB() Invoked !
info: ===> TimeStamp : 2026-05-03 15:47:32===> API : /api/auth/login ===> Message : loginUserResponse() invoked!
info: ===> TimeStamp : 2026-05-03 15:47:32===> API : /api/auth/login ===> Message : loginUserResponse() completed
info: ===> TimeStamp : 2026-05-03 16:22:53===> API : null ===> Message : validateRequest() invoked
info: ===> TimeStamp : 2026-05-03 16:22:53===> API : null ===> Message : validateRequest() Error:: Invalid Request :: 
      {"apiUri":"/robots.txt"}
info: ===> TimeStamp : 2026-05-03 17:06:04===> API : null ===> Message : fetchDBSettings()
info: ===> TimeStamp : 2026-05-03 17:06:04===> API : null ===> Message : validateRequest() invoked
info: ===> TimeStamp : 2026-05-03 17:06:04===> API : null ===> Message : validateRequest() Invoked!
info: ===> TimeStamp : 2026-05-03 17:06:04===> API : null ===> Message : validRequest() :: Api validated Successfully
info: ===> TimeStamp : 2026-05-03 17:06:04===> API : /api/auth/validateuser ===> Message : validateUser() invoked!!
info: ===> TimeStamp : 2026-05-03 17:06:04===> API : /api/auth/validateuser ===> Message : validateUser() :: Request Object :: [object Object]
info: ===> TimeStamp : 2026-05-03 17:06:04===> API : /api/auth/validateuser ===> Message : validateUserDB() Invoked !
info: ===> TimeStamp : 2026-05-03 17:06:04===> API : /api/auth/validateuser ===> Message : validateUserResponse() invoked!
info: ===> TimeStamp : 2026-05-03 17:06:04===> API : /api/auth/validateuser ===> Message : validateUserResponse() completed
info: ===> TimeStamp : 2026-05-03 17:06:04===> API : null ===> Message : validateRequest() invoked
info: ===> TimeStamp : 2026-05-03 17:06:04===> API : null ===> Message : fetchDBSettings()
info: ===> TimeStamp : 2026-05-03 17:06:04===> API : null ===> Message : validateRequest() Invoked!
info: ===> TimeStamp : 2026-05-03 17:06:04===> API : null ===> Message : validRequest() :: Api validated Successfully
info: ===> TimeStamp : 2026-05-03 17:06:04===> API : /api/auth/login ===> Message : loginUser() :: Request Object :: [object Object]
info: ===> TimeStamp : 2026-05-03 17:06:04===> API : /api/auth/login ===> Message : loginUser() invoked!!
info: ===> TimeStamp : 2026-05-03 17:06:04===> API : /api/auth/login ===> Message : loginUserDB() Invoked !
info: ===> TimeStamp : 2026-05-03 17:06:04===> API : /api/auth/login ===> Message : loginUserResponse() invoked!
info: ===> TimeStamp : 2026-05-03 17:06:04===> API : /api/auth/login ===> Message : loginUserResponse() completed
info: ===> TimeStamp : 2026-05-03 17:14:34===> API : null ===> Message : validateRequest() invoked
info: ===> TimeStamp : 2026-05-03 17:14:34===> API : null ===> Message : fetchDBSettings()
info: ===> TimeStamp : 2026-05-03 17:14:34===> API : null ===> Message : validateRequest() Invoked!
info: ===> TimeStamp : 2026-05-03 17:14:34===> API : null ===> Message : validRequest() :: Api validated Successfully
info: ===> TimeStamp : 2026-05-03 17:14:34===> API : /api/auth/validateuser ===> Message : validateUser() invoked!!
info: ===> TimeStamp : 2026-05-03 17:14:34===> API : /api/auth/validateuser ===> Message : validateUser() :: Request Object :: [object Object]
info: ===> TimeStamp : 2026-05-03 17:14:34===> API : /api/auth/validateuser ===> Message : validateUserDB() Invoked !
info: ===> TimeStamp : 2026-05-03 17:14:34===> API : /api/auth/validateuser ===> Message : validateUserResponse() invoked!
info: ===> TimeStamp : 2026-05-03 17:14:34===> API : /api/auth/validateuser ===> Message : validateUserResponse() completed
info: ===> TimeStamp : 2026-05-03 17:14:34===> API : null ===> Message : validateRequest() invoked
info: ===> TimeStamp : 2026-05-03 17:14:34===> API : null ===> Message : fetchDBSettings()
info: ===> TimeStamp : 2026-05-03 17:14:34===> API : null ===> Message : validateRequest() Invoked!
info: ===> TimeStamp : 2026-05-03 17:14:34===> API : null ===> Message : validRequest() :: Api validated Successfully
info: ===> TimeStamp : 2026-05-03 17:14:34===> API : /api/auth/login ===> Message : loginUser() :: Request Object :: [object Object]
info: ===> TimeStamp : 2026-05-03 17:14:34===> API : /api/auth/login ===> Message : loginUser() invoked!!
info: ===> TimeStamp : 2026-05-03 17:14:34===> API : /api/auth/login ===> Message : loginUserDB() Invoked !
info: ===> TimeStamp : 2026-05-03 17:14:34===> API : /api/auth/login ===> Message : loginUserResponse() invoked!
info: ===> TimeStamp : 2026-05-03 17:14:34===> API : /api/auth/login ===> Message : loginUserResponse() completed
info: ===> TimeStamp : 2026-05-03 17:49:18===> API : null ===> Message : validateRequest() invoked
info: ===> TimeStamp : 2026-05-03 17:49:18===> API : null ===> Message : fetchDBSettings()
info: ===> TimeStamp : 2026-05-03 17:49:18===> API : null ===> Message : validateRequest() Invoked!
info: ===> TimeStamp : 2026-05-03 17:49:18===> API : null ===> Message : validRequest() :: Api validated Successfully
info: ===> TimeStamp : 2026-05-03 17:49:18===> API : /api/auth/validateuser ===> Message : validateUser() invoked!!
info: ===> TimeStamp : 2026-05-03 17:49:18===> API : /api/auth/validateuser ===> Message : validateUser() :: Request Object :: [object Object]
info: ===> TimeStamp : 2026-05-03 17:49:18===> API : /api/auth/validateuser ===> Message : validateUserDB() Invoked !
info: ===> TimeStamp : 2026-05-03 17:49:18===> API : /api/auth/validateuser ===> Message : validateUserResponse() invoked!
info: ===> TimeStamp : 2026-05-03 17:49:18===> API : /api/auth/validateuser ===> Message : validateUserResponse() completed
info: ===> TimeStamp : 2026-05-03 17:49:19===> API : null ===> Message : validateRequest() invoked
info: ===> TimeStamp : 2026-05-03 17:49:19===> API : null ===> Message : fetchDBSettings()
info: ===> TimeStamp : 2026-05-03 17:49:19===> API : null ===> Message : validateRequest() Invoked!
info: ===> TimeStamp : 2026-05-03 17:49:19===> API : null ===> Message : validRequest() :: Api validated Successfully
info: ===> TimeStamp : 2026-05-03 17:49:19===> API : /api/auth/login ===> Message : loginUser() invoked!!
info: ===> TimeStamp : 2026-05-03 17:49:19===> API : /api/auth/login ===> Message : loginUser() :: Request Object :: [object Object]
info: ===> TimeStamp : 2026-05-03 17:49:19===> API : /api/auth/login ===> Message : loginUserDB() Invoked !
info: ===> TimeStamp : 2026-05-03 17:49:19===> API : /api/auth/login ===> Message : loginUserResponse() invoked!
info: ===> TimeStamp : 2026-05-03 17:49:19===> API : /api/auth/login ===> Message : loginUserResponse() completed
info: ===> TimeStamp : 2026-05-03 18:23:34===> API : null ===> Message : validateRequest() invoked
info: ===> TimeStamp : 2026-05-03 18:23:34===> API : null ===> Message : fetchDBSettings()
info: ===> TimeStamp : 2026-05-03 18:23:34===> API : null ===> Message : validateRequest() Invoked!
info: ===> TimeStamp : 2026-05-03 18:23:34===> API : null ===> Message : validRequest() :: Api validated Successfully
info: ===> TimeStamp : 2026-05-03 18:23:34===> API : /api/auth/validateuser ===> Message : validateUser() invoked!!
info: ===> TimeStamp : 2026-05-03 18:23:34===> API : /api/auth/validateuser ===> Message : validateUser() :: Request Object :: [object Object]
info: ===> TimeStamp : 2026-05-03 18:23:34===> API : /api/auth/validateuser ===> Message : validateUserDB() Invoked !
info: ===> TimeStamp : 2026-05-03 18:23:34===> API : /api/auth/validateuser ===> Message : validateUserResponse() invoked!
info: ===> TimeStamp : 2026-05-03 18:23:34===> API : /api/auth/validateuser ===> Message : validateUserResponse() completed
info: ===> TimeStamp : 2026-05-03 18:23:34===> API : null ===> Message : validateRequest() invoked
info: ===> TimeStamp : 2026-05-03 18:23:34===> API : null ===> Message : fetchDBSettings()
info: ===> TimeStamp : 2026-05-03 18:23:34===> API : null ===> Message : validateRequest() Invoked!
info: ===> TimeStamp : 2026-05-03 18:23:34===> API : null ===> Message : validRequest() :: Api validated Successfully
info: ===> TimeStamp : 2026-05-03 18:23:34===> API : /api/auth/login ===> Message : loginUser() :: Request Object :: [object Object]
info: ===> TimeStamp : 2026-05-03 18:23:34===> API : /api/auth/login ===> Message : loginUser() invoked!!
info: ===> TimeStamp : 2026-05-03 18:23:34===> API : /api/auth/login ===> Message : loginUserDB() Invoked !
info: ===> TimeStamp : 2026-05-03 18:23:34===> API : /api/auth/login ===> Message : loginUserResponse() invoked!
info: ===> TimeStamp : 2026-05-03 18:23:34===> API : /api/auth/login ===> Message : loginUserResponse() completed
info: ===> TimeStamp : 2026-05-03 18:33:43===> API : null ===> Message : validateRequest() invoked
info: ===> TimeStamp : 2026-05-03 18:33:43===> API : null ===> Message : fetchDBSettings()
info: ===> TimeStamp : 2026-05-03 18:33:43===> API : null ===> Message : validateRequest() Invoked!
info: ===> TimeStamp : 2026-05-03 18:33:43===> API : null ===> Message : validRequest() :: Api validated Successfully
info: ===> TimeStamp : 2026-05-03 18:33:43===> API : /api/auth/validateuser ===> Message : validateUser() invoked!!
info: ===> TimeStamp : 2026-05-03 18:33:43===> API : /api/auth/validateuser ===> Message : validateUser() :: Request Object :: [object Object]
info: ===> TimeStamp : 2026-05-03 18:33:43===> API : /api/auth/validateuser ===> Message : validateUserDB() Invoked !
info: ===> TimeStamp : 2026-05-03 18:33:43===> API : /api/auth/validateuser ===> Message : validateUserResponse() invoked!
info: ===> TimeStamp : 2026-05-03 18:33:43===> API : /api/auth/validateuser ===> Message : validateUserResponse() completed
info: ===> TimeStamp : 2026-05-03 18:33:43===> API : null ===> Message : validateRequest() invoked
info: ===> TimeStamp : 2026-05-03 18:33:43===> API : null ===> Message : fetchDBSettings()
info: ===> TimeStamp : 2026-05-03 18:33:43===> API : null ===> Message : validateRequest() Invoked!
info: ===> TimeStamp : 2026-05-03 18:33:43===> API : null ===> Message : validRequest() :: Api validated Successfully
info: ===> TimeStamp : 2026-05-03 18:33:43===> API : /api/auth/login ===> Message : loginUser() invoked!!
info: ===> TimeStamp : 2026-05-03 18:33:43===> API : /api/auth/login ===> Message : loginUser() :: Request Object :: [object Object]
info: ===> TimeStamp : 2026-05-03 18:33:43===> API : /api/auth/login ===> Message : loginUserDB() Invoked !
info: ===> TimeStamp : 2026-05-03 18:33:43===> API : /api/auth/login ===> Message : loginUserResponse() invoked!
info: ===> TimeStamp : 2026-05-03 18:33:43===> API : /api/auth/login ===> Message : loginUserResponse() completed
info: ===> TimeStamp : 2026-05-03 18:42:57===> API : null ===> Message : validateRequest() invoked
info: ===> TimeStamp : 2026-05-03 18:42:57===> API : null ===> Message : validateRequest() Error:: Invalid Request :: 
      {"apiUri":"/pdown"}
info: ===> TimeStamp : 2026-05-03 19:01:24===> API : null ===> Message : validateRequest() invoked
info: ===> TimeStamp : 2026-05-03 19:01:24===> API : null ===> Message : fetchDBSettings()
info: ===> TimeStamp : 2026-05-03 19:01:24===> API : null ===> Message : validateRequest() Invoked!
info: ===> TimeStamp : 2026-05-03 19:01:24===> API : null ===> Message : validRequest() :: Api validated Successfully
info: ===> TimeStamp : 2026-05-03 19:01:24===> API : /api/auth/validateuser ===> Message : validateUser() :: Request Object :: [object Object]
info: ===> TimeStamp : 2026-05-03 19:01:24===> API : /api/auth/validateuser ===> Message : validateUserDB() Invoked !
info: ===> TimeStamp : 2026-05-03 19:01:24===> API : /api/auth/validateuser ===> Message : validateUser() invoked!!
info: ===> TimeStamp : 2026-05-03 19:01:24===> API : /api/auth/validateuser ===> Message : validateUserResponse() invoked!
info: ===> TimeStamp : 2026-05-03 19:01:24===> API : /api/auth/validateuser ===> Message : validateUserResponse() completed
info: ===> TimeStamp : 2026-05-03 19:01:24===> API : null ===> Message : validateRequest() invoked
info: ===> TimeStamp : 2026-05-03 19:01:24===> API : null ===> Message : fetchDBSettings()
info: ===> TimeStamp : 2026-05-03 19:01:24===> API : null ===> Message : validateRequest() Invoked!
info: ===> TimeStamp : 2026-05-03 19:01:24===> API : null ===> Message : validRequest() :: Api validated Successfully
info: ===> TimeStamp : 2026-05-03 19:01:24===> API : /api/auth/checkIP ===> Message : checkIP() invoked!!
info: ===> TimeStamp : 2026-05-03 19:01:24===> API : /api/auth/checkIP ===> Message : IPs match: 103.255.182.117
info: ===> TimeStamp : 2026-05-03 19:01:24===> API : /api/auth/checkIP ===> Message : checkIPResponse() invoked!
info: ===> TimeStamp : 2026-05-03 19:01:24===> API : /api/auth/checkIP ===> Message : checkIPResponse() completed
info: ===> TimeStamp : 2026-05-03 19:01:24===> API : null ===> Message : validateRequest() invoked
info: ===> TimeStamp : 2026-05-03 19:01:24===> API : null ===> Message : fetchDBSettings()
info: ===> TimeStamp : 2026-05-03 19:01:24===> API : null ===> Message : validateRequest() Invoked!
info: ===> TimeStamp : 2026-05-03 19:01:24===> API : null ===> Message : validRequest() :: Api validated Successfully
info: ===> TimeStamp : 2026-05-03 19:01:24===> API : /api/auth/login ===> Message : loginUser() invoked!!
info: ===> TimeStamp : 2026-05-03 19:01:24===> API : /api/auth/login ===> Message : loginUser() :: Request Object :: [object Object]
info: ===> TimeStamp : 2026-05-03 19:01:24===> API : /api/auth/login ===> Message : loginUserDB() Invoked !
info: ===> TimeStamp : 2026-05-03 19:01:25===> API : /api/auth/login ===> Message : loginUserResponse() invoked!
info: ===> TimeStamp : 2026-05-03 19:01:25===> API : /api/auth/login ===> Message : loginUserResponse() completed
info: ===> TimeStamp : 2026-05-03 19:15:32===> API : null ===> Message : validateRequest() invoked
info: ===> TimeStamp : 2026-05-03 19:15:32===> API : null ===> Message : fetchDBSettings()
info: ===> TimeStamp : 2026-05-03 19:15:32===> API : null ===> Message : validateRequest() Invoked!
info: ===> TimeStamp : 2026-05-03 19:15:32===> API : null ===> Message : validRequest() :: Api validated Successfully
info: ===> TimeStamp : 2026-05-03 19:15:32===> API : /api/auth/validateuser ===> Message : validateUser() invoked!!
info: ===> TimeStamp : 2026-05-03 19:15:32===> API : /api/auth/validateuser ===> Message : validateUser() :: Request Object :: [object Object]
info: ===> TimeStamp : 2026-05-03 19:15:32===> API : /api/auth/validateuser ===> Message : validateUserDB() Invoked !
info: ===> TimeStamp : 2026-05-03 19:15:32===> API : /api/auth/validateuser ===> Message : validateUserResponse() invoked!
info: ===> TimeStamp : 2026-05-03 19:15:32===> API : /api/auth/validateuser ===> Message : validateUserResponse() completed
info: ===> TimeStamp : 2026-05-03 19:15:33===> API : null ===> Message : validateRequest() invoked
info: ===> TimeStamp : 2026-05-03 19:15:33===> API : null ===> Message : fetchDBSettings()
info: ===> TimeStamp : 2026-05-03 19:15:33===> API : null ===> Message : validateRequest() Invoked!
info: ===> TimeStamp : 2026-05-03 19:15:33===> API : null ===> Message : validRequest() :: Api validated Successfully
info: ===> TimeStamp : 2026-05-03 19:15:33===> API : /api/auth/login ===> Message : loginUser() invoked!!
info: ===> TimeStamp : 2026-05-03 19:15:33===> API : /api/auth/login ===> Message : loginUser() :: Request Object :: [object Object]
info: ===> TimeStamp : 2026-05-03 19:15:33===> API : /api/auth/login ===> Message : loginUserDB() Invoked !
info: ===> TimeStamp : 2026-05-03 19:15:33===> API : /api/auth/login ===> Message : loginUserResponse() invoked!
info: ===> TimeStamp : 2026-05-03 19:15:33===> API : /api/auth/login ===> Message : loginUserResponse() completed
info: ===> TimeStamp : 2026-05-03 20:42:37===> API : null ===> Message : validateRequest() invoked
info: ===> TimeStamp : 2026-05-03 20:42:37===> API : null ===> Message : fetchDBSettings()
info: ===> TimeStamp : 2026-05-03 20:42:37===> API : null ===> Message : validateRequest() Invoked!
info: ===> TimeStamp : 2026-05-03 20:42:37===> API : null ===> Message : validRequest() :: Api validated Successfully
info: ===> TimeStamp : 2026-05-03 20:42:37===> API : /api/auth/validateuser ===> Message : validateUser() invoked!!
info: ===> TimeStamp : 2026-05-03 20:42:37===> API : /api/auth/validateuser ===> Message : validateUser() :: Request Object :: [object Object]
info: ===> TimeStamp : 2026-05-03 20:42:37===> API : /api/auth/validateuser ===> Message : validateUserDB() Invoked !
info: ===> TimeStamp : 2026-05-03 20:42:37===> API : /api/auth/validateuser ===> Message : validateUserResponse() invoked!
info: ===> TimeStamp : 2026-05-03 20:42:37===> API : /api/auth/validateuser ===> Message : validateUserResponse() completed
info: ===> TimeStamp : 2026-05-03 20:42:37===> API : null ===> Message : validateRequest() invoked
info: ===> TimeStamp : 2026-05-03 20:42:37===> API : null ===> Message : fetchDBSettings()
info: ===> TimeStamp : 2026-05-03 20:42:37===> API : null ===> Message : validateRequest() Invoked!
info: ===> TimeStamp : 2026-05-03 20:42:37===> API : null ===> Message : validRequest() :: Api validated Successfully
info: ===> TimeStamp : 2026-05-03 20:42:37===> API : /api/auth/login ===> Message : loginUser() invoked!!
info: ===> TimeStamp : 2026-05-03 20:42:37===> API : /api/auth/login ===> Message : loginUser() :: Request Object :: [object Object]
info: ===> TimeStamp : 2026-05-03 20:42:37===> API : /api/auth/login ===> Message : loginUserDB() Invoked !
info: ===> TimeStamp : 2026-05-03 20:42:37===> API : /api/auth/login ===> Message : loginUserResponse() invoked!
info: ===> TimeStamp : 2026-05-03 20:42:37===> API : /api/auth/login ===> Message : loginUserResponse() completed
info: ===> TimeStamp : 2026-05-03 21:08:47===> API : null ===> Message : validateRequest() invoked
info: ===> TimeStamp : 2026-05-03 21:08:47===> API : null ===> Message : fetchDBSettings()
info: ===> TimeStamp : 2026-05-03 21:08:47===> API : null ===> Message : validateRequest() Invoked!
info: ===> TimeStamp : 2026-05-03 21:08:47===> API : null ===> Message : validRequest() :: Api validated Successfully
info: ===> TimeStamp : 2026-05-03 21:08:47===> API : /api/auth/validateuser ===> Message : validateUser() invoked!!
info: ===> TimeStamp : 2026-05-03 21:08:47===> API : /api/auth/validateuser ===> Message : validateUser() :: Request Object :: [object Object]
info: ===> TimeStamp : 2026-05-03 21:08:47===> API : /api/auth/validateuser ===> Message : validateUserDB() Invoked !
info: ===> TimeStamp : 2026-05-03 21:08:47===> API : /api/auth/validateuser ===> Message : validateUserResponse() invoked!
info: ===> TimeStamp : 2026-05-03 21:08:47===> API : /api/auth/validateuser ===> Message : validateUserResponse() completed
info: ===> TimeStamp : 2026-05-03 21:08:47===> API : null ===> Message : validateRequest() invoked
info: ===> TimeStamp : 2026-05-03 21:08:47===> API : null ===> Message : fetchDBSettings()
info: ===> TimeStamp : 2026-05-03 21:08:47===> API : null ===> Message : validateRequest() Invoked!
info: ===> TimeStamp : 2026-05-03 21:08:47===> API : null ===> Message : validRequest() :: Api validated Successfully
info: ===> TimeStamp : 2026-05-03 21:08:47===> API : /api/auth/login ===> Message : loginUser() invoked!!
info: ===> TimeStamp : 2026-05-03 21:08:47===> API : /api/auth/login ===> Message : loginUser() :: Request Object :: [object Object]
info: ===> TimeStamp : 2026-05-03 21:08:47===> API : /api/auth/login ===> Message : loginUserDB() Invoked !
info: ===> TimeStamp : 2026-05-03 21:08:47===> API : /api/auth/login ===> Message : loginUserResponse() invoked!
info: ===> TimeStamp : 2026-05-03 21:08:47===> API : /api/auth/login ===> Message : loginUserResponse() completed
info: ===> TimeStamp : 2026-05-03 21:32:13===> API : null ===> Message : validateRequest() invoked
info: ===> TimeStamp : 2026-05-03 21:32:13===> API : null ===> Message : fetchDBSettings()
info: ===> TimeStamp : 2026-05-03 21:32:13===> API : null ===> Message : validateRequest() Invoked!
info: ===> TimeStamp : 2026-05-03 21:32:13===> API : null ===> Message : validRequest() :: Api validated Successfully
info: ===> TimeStamp : 2026-05-03 21:32:13===> API : /api/auth/validateuser ===> Message : validateUser() invoked!!
info: ===> TimeStamp : 2026-05-03 21:32:13===> API : /api/auth/validateuser ===> Message : validateUser() :: Request Object :: [object Object]
info: ===> TimeStamp : 2026-05-03 21:32:13===> API : /api/auth/validateuser ===> Message : validateUserDB() Invoked !
info: ===> TimeStamp : 2026-05-03 21:32:13===> API : /api/auth/validateuser ===> Message : validateUserResponse() invoked!
info: ===> TimeStamp : 2026-05-03 21:32:13===> API : /api/auth/validateuser ===> Message : validateUserResponse() completed
info: ===> TimeStamp : 2026-05-03 21:32:13===> API : null ===> Message : validateRequest() invoked
info: ===> TimeStamp : 2026-05-03 21:32:13===> API : null ===> Message : fetchDBSettings()
info: ===> TimeStamp : 2026-05-03 21:32:13===> API : null ===> Message : validateRequest() Invoked!
info: ===> TimeStamp : 2026-05-03 21:32:13===> API : null ===> Message : validRequest() :: Api validated Successfully
info: ===> TimeStamp : 2026-05-03 21:32:13===> API : /api/auth/login ===> Message : loginUser() invoked!!
info: ===> TimeStamp : 2026-05-03 21:32:13===> API : /api/auth/login ===> Message : loginUser() :: Request Object :: [object Object]
info: ===> TimeStamp : 2026-05-03 21:32:13===> API : /api/auth/login ===> Message : loginUserDB() Invoked !
info: ===> TimeStamp : 2026-05-03 21:32:13===> API : /api/auth/login ===> Message : loginUserResponse() invoked!
info: ===> TimeStamp : 2026-05-03 21:32:13===> API : /api/auth/login ===> Message : loginUserResponse() completed
info: ===> TimeStamp : 2026-05-03 21:53:56===> API : null ===> Message : validateRequest() invoked
info: ===> TimeStamp : 2026-05-03 21:53:56===> API : null ===> Message : fetchDBSettings()
info: ===> TimeStamp : 2026-05-03 21:53:56===> API : null ===> Message : validateRequest() Invoked!
info: ===> TimeStamp : 2026-05-03 21:53:56===> API : null ===> Message : validRequest() :: Api validated Successfully
info: ===> TimeStamp : 2026-05-03 21:53:56===> API : /api/auth/validateuser ===> Message : validateUser() invoked!!
info: ===> TimeStamp : 2026-05-03 21:53:56===> API : /api/auth/validateuser ===> Message : validateUser() :: Request Object :: [object Object]
info: ===> TimeStamp : 2026-05-03 21:53:56===> API : /api/auth/validateuser ===> Message : validateUserDB() Invoked !
info: ===> TimeStamp : 2026-05-03 21:53:56===> API : /api/auth/validateuser ===> Message : validateUserResponse() invoked!
info: ===> TimeStamp : 2026-05-03 21:53:56===> API : /api/auth/validateuser ===> Message : validateUserResponse() completed
info: ===> TimeStamp : 2026-05-03 21:53:57===> API : null ===> Message : validateRequest() invoked
info: ===> TimeStamp : 2026-05-03 21:53:57===> API : null ===> Message : fetchDBSettings()
info: ===> TimeStamp : 2026-05-03 21:53:57===> API : null ===> Message : validateRequest() Invoked!
info: ===> TimeStamp : 2026-05-03 21:53:57===> API : null ===> Message : validRequest() :: Api validated Successfully
info: ===> TimeStamp : 2026-05-03 21:53:57===> API : /api/auth/login ===> Message : loginUser() invoked!!
info: ===> TimeStamp : 2026-05-03 21:53:57===> API : /api/auth/login ===> Message : loginUser() :: Request Object :: [object Object]
info: ===> TimeStamp : 2026-05-03 21:53:57===> API : /api/auth/login ===> Message : loginUserDB() Invoked !
info: ===> TimeStamp : 2026-05-03 21:53:57===> API : /api/auth/login ===> Message : loginUserResponse() invoked!
info: ===> TimeStamp : 2026-05-03 21:53:57===> API : /api/auth/login ===> Message : loginUserResponse() completed
info: ===> TimeStamp : 2026-05-03 21:57:39===> API : null ===> Message : validateRequest() invoked
info: ===> TimeStamp : 2026-05-03 21:57:39===> API : null ===> Message : fetchDBSettings()
info: ===> TimeStamp : 2026-05-03 21:57:39===> API : null ===> Message : validateRequest() Invoked!
info: ===> TimeStamp : 2026-05-03 21:57:39===> API : null ===> Message : validRequest() :: Api validated Successfully
info: ===> TimeStamp : 2026-05-03 21:57:39===> API : /api/auth/logout ===> Message : logoutUser() invoked!!
info: ===> TimeStamp : 2026-05-03 21:57:39===> API : /api/auth/logout ===> Message : logoutUser() :: Request Object :: [object Object]
info: ===> TimeStamp : 2026-05-03 21:57:39===> API : /api/auth/logout ===> Message : logoutUserDB() Invoked !
info: ===> TimeStamp : 2026-05-03 21:57:39===> API : /api/auth/logout ===> Message : logoutUserResponse() invoked!
info: ===> TimeStamp : 2026-05-03 21:57:39===> API : /api/auth/logout ===> Message : logoutUserResponse() completed
info: ===> TimeStamp : 2026-05-03 22:01:33===> API : null ===> Message : validateRequest() invoked
info: ===> TimeStamp : 2026-05-03 22:01:33===> API : null ===> Message : fetchDBSettings()
info: ===> TimeStamp : 2026-05-03 22:01:33===> API : null ===> Message : validateRequest() Invoked!
info: ===> TimeStamp : 2026-05-03 22:01:33===> API : null ===> Message : validRequest() :: Api validated Successfully
info: ===> TimeStamp : 2026-05-03 22:01:33===> API : /api/auth/logout ===> Message : logoutUser() invoked!!
info: ===> TimeStamp : 2026-05-03 22:01:33===> API : /api/auth/logout ===> Message : logoutUser() :: Request Object :: [object Object]
info: ===> TimeStamp : 2026-05-03 22:01:33===> API : /api/auth/logout ===> Message : logoutUserDB() Invoked !
info: ===> TimeStamp : 2026-05-03 22:01:33===> API : /api/auth/logout ===> Message : logoutUserResponse() invoked!
info: ===> TimeStamp : 2026-05-03 22:01:33===> API : /api/auth/logout ===> Message : logoutUserResponse() completed
info: ===> TimeStamp : 2026-05-03 22:01:49===> API : null ===> Message : validateRequest() invoked
info: ===> TimeStamp : 2026-05-03 22:01:49===> API : null ===> Message : fetchDBSettings()
info: ===> TimeStamp : 2026-05-03 22:01:49===> API : null ===> Message : validateRequest() Invoked!
info: ===> TimeStamp : 2026-05-03 22:01:49===> API : null ===> Message : validRequest() :: Api validated Successfully
info: ===> TimeStamp : 2026-05-03 22:01:49===> API : /api/auth/validateuser ===> Message : validateUser() invoked!!
info: ===> TimeStamp : 2026-05-03 22:01:49===> API : /api/auth/validateuser ===> Message : validateUser() :: Request Object :: [object Object]
info: ===> TimeStamp : 2026-05-03 22:01:49===> API : /api/auth/validateuser ===> Message : validateUserDB() Invoked !
info: ===> TimeStamp : 2026-05-03 22:01:49===> API : /api/auth/validateuser ===> Message : validateUserResponse() invoked!
info: ===> TimeStamp : 2026-05-03 22:01:49===> API : /api/auth/validateuser ===> Message : validateUserResponse() completed
info: ===> TimeStamp : 2026-05-03 22:01:49===> API : null ===> Message : validateRequest() invoked
info: ===> TimeStamp : 2026-05-03 22:01:49===> API : null ===> Message : fetchDBSettings()
info: ===> TimeStamp : 2026-05-03 22:01:49===> API : null ===> Message : validateRequest() Invoked!
info: ===> TimeStamp : 2026-05-03 22:01:49===> API : null ===> Message : validRequest() :: Api validated Successfully
info: ===> TimeStamp : 2026-05-03 22:01:49===> API : /api/auth/checkIP ===> Message : checkIP() invoked!!
info: ===> TimeStamp : 2026-05-03 22:01:49===> API : /api/auth/checkIP ===> Message : IPs match: 103.255.182.117
info: ===> TimeStamp : 2026-05-03 22:01:49===> API : /api/auth/checkIP ===> Message : checkIPResponse() invoked!
info: ===> TimeStamp : 2026-05-03 22:01:49===> API : /api/auth/checkIP ===> Message : checkIPResponse() completed
info: ===> TimeStamp : 2026-05-03 22:01:49===> API : null ===> Message : validateRequest() invoked
info: ===> TimeStamp : 2026-05-03 22:01:49===> API : null ===> Message : fetchDBSettings()
info: ===> TimeStamp : 2026-05-03 22:01:49===> API : null ===> Message : validateRequest() Invoked!
info: ===> TimeStamp : 2026-05-03 22:01:49===> API : null ===> Message : validRequest() :: Api validated Successfully
info: ===> TimeStamp : 2026-05-03 22:01:49===> API : /api/auth/login ===> Message : loginUser() invoked!!
info: ===> TimeStamp : 2026-05-03 22:01:49===> API : /api/auth/login ===> Message : loginUser() :: Request Object :: [object Object]
info: ===> TimeStamp : 2026-05-03 22:01:49===> API : /api/auth/login ===> Message : loginUserDB() Invoked !
info: ===> TimeStamp : 2026-05-03 22:01:49===> API : /api/auth/login ===> Message : loginUserResponse() invoked!
info: ===> TimeStamp : 2026-05-03 22:01:49===> API : /api/auth/login ===> Message : loginUserResponse() completed
info: ===> TimeStamp : 2026-05-03 22:02:24===> API : null ===> Message : validateRequest() invoked
info: ===> TimeStamp : 2026-05-03 22:02:24===> API : null ===> Message : fetchDBSettings()
info: ===> TimeStamp : 2026-05-03 22:02:24===> API : null ===> Message : validateRequest() Invoked!
info: ===> TimeStamp : 2026-05-03 22:02:24===> API : null ===> Message : validRequest() :: Api validated Successfully
info: ===> TimeStamp : 2026-05-03 22:02:24===> API : /api/auth/validateuser ===> Message : validateUser() invoked!!
info: ===> TimeStamp : 2026-05-03 22:02:24===> API : /api/auth/validateuser ===> Message : validateUser() :: Request Object :: [object Object]
info: ===> TimeStamp : 2026-05-03 22:02:24===> API : /api/auth/validateuser ===> Message : validateUserDB() Invoked !
info: ===> TimeStamp : 2026-05-03 22:02:25===> API : /api/auth/validateuser ===> Message : validateUserResponse() invoked!
info: ===> TimeStamp : 2026-05-03 22:02:25===> API : /api/auth/validateuser ===> Message : validateUserResponse() completed
info: ===> TimeStamp : 2026-05-03 22:02:25===> API : null ===> Message : validateRequest() invoked
info: ===> TimeStamp : 2026-05-03 22:02:25===> API : null ===> Message : fetchDBSettings()
info: ===> TimeStamp : 2026-05-03 22:02:25===> API : null ===> Message : validateRequest() Invoked!
info: ===> TimeStamp : 2026-05-03 22:02:25===> API : null ===> Message : validRequest() :: Api validated Successfully
info: ===> TimeStamp : 2026-05-03 22:02:25===> API : /api/auth/checkIP ===> Message : checkIP() invoked!!
info: ===> TimeStamp : 2026-05-03 22:02:25===> API : /api/auth/checkIP ===> Message : IPs match: 103.255.182.117
info: ===> TimeStamp : 2026-05-03 22:02:25===> API : /api/auth/checkIP ===> Message : checkIPResponse() invoked!
info: ===> TimeStamp : 2026-05-03 22:02:25===> API : /api/auth/checkIP ===> Message : checkIPResponse() completed
info: ===> TimeStamp : 2026-05-03 22:02:25===> API : null ===> Message : validateRequest() invoked
info: ===> TimeStamp : 2026-05-03 22:02:25===> API : null ===> Message : fetchDBSettings()
info: ===> TimeStamp : 2026-05-03 22:02:25===> API : null ===> Message : validateRequest() Invoked!
info: ===> TimeStamp : 2026-05-03 22:02:25===> API : null ===> Message : validRequest() :: Api validated Successfully
info: ===> TimeStamp : 2026-05-03 22:02:25===> API : /api/auth/login ===> Message : loginUser() invoked!!
info: ===> TimeStamp : 2026-05-03 22:02:25===> API : /api/auth/login ===> Message : loginUser() :: Request Object :: [object Object]
info: ===> TimeStamp : 2026-05-03 22:02:25===> API : /api/auth/login ===> Message : loginUserDB() Invoked !
info: ===> TimeStamp : 2026-05-03 22:02:25===> API : /api/auth/login ===> Message : loginUserResponse() invoked!
info: ===> TimeStamp : 2026-05-03 22:02:25===> API : /api/auth/login ===> Message : loginUserResponse() completed
info: ===> TimeStamp : 2026-05-03 22:08:30===> API : null ===> Message : validateRequest() invoked
info: ===> TimeStamp : 2026-05-03 22:08:30===> API : null ===> Message : fetchDBSettings()
info: ===> TimeStamp : 2026-05-03 22:08:30===> API : null ===> Message : validateRequest() Invoked!
info: ===> TimeStamp : 2026-05-03 22:08:30===> API : null ===> Message : validRequest() :: Api validated Successfully
info: ===> TimeStamp : 2026-05-03 22:08:30===> API : /api/auth/validateuser ===> Message : validateUser() invoked!!
info: ===> TimeStamp : 2026-05-03 22:08:30===> API : /api/auth/validateuser ===> Message : validateUser() :: Request Object :: [object Object]
info: ===> TimeStamp : 2026-05-03 22:08:30===> API : /api/auth/validateuser ===> Message : validateUserDB() Invoked !
info: ===> TimeStamp : 2026-05-03 22:08:30===> API : /api/auth/validateuser ===> Message : validateUserResponse() invoked!
info: ===> TimeStamp : 2026-05-03 22:08:30===> API : /api/auth/validateuser ===> Message : validateUserResponse() completed
info: ===> TimeStamp : 2026-05-03 22:08:30===> API : null ===> Message : validateRequest() invoked
info: ===> TimeStamp : 2026-05-03 22:08:30===> API : null ===> Message : fetchDBSettings()
info: ===> TimeStamp : 2026-05-03 22:08:30===> API : null ===> Message : validateRequest() Invoked!
info: ===> TimeStamp : 2026-05-03 22:08:30===> API : null ===> Message : validRequest() :: Api validated Successfully
info: ===> TimeStamp : 2026-05-03 22:08:30===> API : /api/auth/login ===> Message : loginUser() invoked!!
info: ===> TimeStamp : 2026-05-03 22:08:30===> API : /api/auth/login ===> Message : loginUser() :: Request Object :: [object Object]
info: ===> TimeStamp : 2026-05-03 22:08:30===> API : /api/auth/login ===> Message : loginUserDB() Invoked !
info: ===> TimeStamp : 2026-05-03 22:08:31===> API : /api/auth/login ===> Message : loginUserResponse() invoked!
info: ===> TimeStamp : 2026-05-03 22:08:31===> API : /api/auth/login ===> Message : loginUserResponse() completed
info: ===> TimeStamp : 2026-05-03 23:06:51===> API : null ===> Message : validateRequest() invoked
info: ===> TimeStamp : 2026-05-03 23:06:51===> API : null ===> Message : validateRequest() Error:: Invalid Request :: 
      {"apiUri":"/"}
info: ===> TimeStamp : 2026-05-03 23:06:56===> API : null ===> Message : validateRequest() invoked
info: ===> TimeStamp : 2026-05-03 23:06:56===> API : null ===> Message : validateRequest() Error:: Invalid Request :: 
      {"apiUri":"/favicon.ico"}
info: ===> TimeStamp : 2026-05-03 23:41:37===> API : null ===> Message : validateRequest() invoked
info: ===> TimeStamp : 2026-05-03 23:41:37===> API : null ===> Message : fetchDBSettings()
info: ===> TimeStamp : 2026-05-03 23:41:37===> API : null ===> Message : validateRequest() Invoked!
info: ===> TimeStamp : 2026-05-03 23:41:37===> API : null ===> Message : validRequest() :: Api validated Successfully
info: ===> TimeStamp : 2026-05-03 23:41:37===> API : /api/auth/validateuser ===> Message : validateUser() invoked!!
info: ===> TimeStamp : 2026-05-03 23:41:37===> API : /api/auth/validateuser ===> Message : validateUser() :: Request Object :: [object Object]
info: ===> TimeStamp : 2026-05-03 23:41:37===> API : /api/auth/validateuser ===> Message : validateUserDB() Invoked !
info: ===> TimeStamp : 2026-05-03 23:41:37===> API : /api/auth/validateuser ===> Message : validateUserResponse() invoked!
info: ===> TimeStamp : 2026-05-03 23:41:37===> API : /api/auth/validateuser ===> Message : validateUserResponse() completed
info: ===> TimeStamp : 2026-05-03 23:41:38===> API : null ===> Message : validateRequest() invoked
info: ===> TimeStamp : 2026-05-03 23:41:38===> API : null ===> Message : fetchDBSettings()
info: ===> TimeStamp : 2026-05-03 23:41:38===> API : null ===> Message : validateRequest() Invoked!
info: ===> TimeStamp : 2026-05-03 23:41:38===> API : null ===> Message : validRequest() :: Api validated Successfully
info: ===> TimeStamp : 2026-05-03 23:41:38===> API : /api/auth/login ===> Message : loginUser() invoked!!
info: ===> TimeStamp : 2026-05-03 23:41:38===> API : /api/auth/login ===> Message : loginUser() :: Request Object :: [object Object]
info: ===> TimeStamp : 2026-05-03 23:41:38===> API : /api/auth/login ===> Message : loginUserDB() Invoked !
info: ===> TimeStamp : 2026-05-03 23:41:38===> API : /api/auth/login ===> Message : loginUserResponse() invoked!
info: ===> TimeStamp : 2026-05-03 23:41:38===> API : /api/auth/login ===> Message : loginUserResponse() completed
info: ===> TimeStamp : 2026-05-03 23:55:15===> API : null ===> Message : validateRequest() invoked
info: ===> TimeStamp : 2026-05-03 23:55:15===> API : null ===> Message : fetchDBSettings()
info: ===> TimeStamp : 2026-05-03 23:55:15===> API : null ===> Message : validateRequest() Invoked!
info: ===> TimeStamp : 2026-05-03 23:55:15===> API : null ===> Message : validRequest() :: Api validated Successfully
info: ===> TimeStamp : 2026-05-03 23:55:15===> API : /api/auth/validateuser ===> Message : validateUser() invoked!!
info: ===> TimeStamp : 2026-05-03 23:55:15===> API : /api/auth/validateuser ===> Message : validateUser() :: Request Object :: [object Object]
info: ===> TimeStamp : 2026-05-03 23:55:15===> API : /api/auth/validateuser ===> Message : validateUserDB() Invoked !
info: ===> TimeStamp : 2026-05-03 23:55:15===> API : /api/auth/validateuser ===> Message : validateUserResponse() invoked!
info: ===> TimeStamp : 2026-05-03 23:55:15===> API : /api/auth/validateuser ===> Message : validateUserResponse() completed
info: ===> TimeStamp : 2026-05-03 23:55:15===> API : null ===> Message : validateRequest() invoked
info: ===> TimeStamp : 2026-05-03 23:55:15===> API : null ===> Message : fetchDBSettings()
info: ===> TimeStamp : 2026-05-03 23:55:15===> API : null ===> Message : validateRequest() Invoked!
info: ===> TimeStamp : 2026-05-03 23:55:15===> API : null ===> Message : validRequest() :: Api validated Successfully
info: ===> TimeStamp : 2026-05-03 23:55:15===> API : /api/auth/login ===> Message : loginUser() invoked!!
info: ===> TimeStamp : 2026-05-03 23:55:15===> API : /api/auth/login ===> Message : loginUser() :: Request Object :: [object Object]
info: ===> TimeStamp : 2026-05-03 23:55:15===> API : /api/auth/login ===> Message : loginUserDB() Invoked !
info: ===> TimeStamp : 2026-05-03 23:55:15===> API : /api/auth/login ===> Message : loginUserResponse() invoked!
info: ===> TimeStamp : 2026-05-03 23:55:15===> API : /api/auth/login ===> Message : loginUserResponse() completed
info: ===> TimeStamp : 2026-05-04 01:13:03===> API : null ===> Message : validateRequest() invoked
info: ===> TimeStamp : 2026-05-04 01:13:03===> API : null ===> Message : validateRequest() Error:: Invalid Request :: 
      {"apiUri":"/"}
info: ===> TimeStamp : 2026-05-04 01:13:04===> API : null ===> Message : validateRequest() invoked
info: ===> TimeStamp : 2026-05-04 01:13:04===> API : null ===> Message : validateRequest() Error:: Invalid Request :: 
      {"apiUri":"/sitemap.xml"}
info: ===> TimeStamp : 2026-05-04 01:13:04===> API : null ===> Message : validateRequest() invoked
info: ===> TimeStamp : 2026-05-04 01:13:04===> API : null ===> Message : validateRequest() Error:: Invalid Request :: 
      {"apiUri":"/robots.txt"}
info: ===> TimeStamp : 2026-05-04 01:13:04===> API : null ===> Message : validateRequest() invoked
info: ===> TimeStamp : 2026-05-04 01:13:04===> API : null ===> Message : validateRequest() Error:: Invalid Request :: 
      {"apiUri":"/favicon.ico"}
info: ===> TimeStamp : 2026-05-04 02:26:49===> API : null ===> Message : validateRequest() invoked
info: ===> TimeStamp : 2026-05-04 02:26:49===> API : null ===> Message : fetchDBSettings()
info: ===> TimeStamp : 2026-05-04 02:26:49===> API : null ===> Message : validateRequest() Invoked!
info: ===> TimeStamp : 2026-05-04 02:26:49===> API : null ===> Message : validRequest() :: Api validated Successfully
info: ===> TimeStamp : 2026-05-04 02:26:49===> API : /api/auth/validateuser ===> Message : validateUser() invoked!!
info: ===> TimeStamp : 2026-05-04 02:26:49===> API : /api/auth/validateuser ===> Message : validateUser() :: Request Object :: [object Object]
info: ===> TimeStamp : 2026-05-04 02:26:49===> API : /api/auth/validateuser ===> Message : validateUserDB() Invoked !
info: ===> TimeStamp : 2026-05-04 02:26:49===> API : /api/auth/validateuser ===> Message : validateUserResponse() invoked!
info: ===> TimeStamp : 2026-05-04 02:26:49===> API : /api/auth/validateuser ===> Message : validateUserResponse() completed
info: ===> TimeStamp : 2026-05-04 02:26:49===> API : null ===> Message : validateRequest() invoked
info: ===> TimeStamp : 2026-05-04 02:26:49===> API : null ===> Message : fetchDBSettings()
info: ===> TimeStamp : 2026-05-04 02:26:49===> API : null ===> Message : validateRequest() Invoked!
info: ===> TimeStamp : 2026-05-04 02:26:49===> API : null ===> Message : validRequest() :: Api validated Successfully
info: ===> TimeStamp : 2026-05-04 02:26:49===> API : /api/auth/login ===> Message : loginUser() invoked!!
info: ===> TimeStamp : 2026-05-04 02:26:49===> API : /api/auth/login ===> Message : loginUser() :: Request Object :: [object Object]
info: ===> TimeStamp : 2026-05-04 02:26:49===> API : /api/auth/login ===> Message : loginUserDB() Invoked !
info: ===> TimeStamp : 2026-05-04 02:26:49===> API : /api/auth/login ===> Message : loginUserResponse() invoked!
info: ===> TimeStamp : 2026-05-04 02:26:49===> API : /api/auth/login ===> Message : loginUserResponse() completed
info: ===> TimeStamp : 2026-05-04 02:32:21===> API : null ===> Message : validateRequest() invoked
info: ===> TimeStamp : 2026-05-04 02:32:21===> API : null ===> Message : fetchDBSettings()
info: ===> TimeStamp : 2026-05-04 02:32:21===> API : null ===> Message : validateRequest() Invoked!
info: ===> TimeStamp : 2026-05-04 02:32:21===> API : /api/auth/validateuser ===> Message : validateUser() invoked!!
info: ===> TimeStamp : 2026-05-04 02:32:21===> API : null ===> Message : validRequest() :: Api validated Successfully
info: ===> TimeStamp : 2026-05-04 02:32:21===> API : /api/auth/validateuser ===> Message : validateUser() :: Request Object :: [object Object]
info: ===> TimeStamp : 2026-05-04 02:32:21===> API : /api/auth/validateuser ===> Message : validateUserDB() Invoked !
info: ===> TimeStamp : 2026-05-04 02:32:21===> API : /api/auth/validateuser ===> Message : validateUserResponse() invoked!
info: ===> TimeStamp : 2026-05-04 02:32:21===> API : /api/auth/validateuser ===> Message : validateUserResponse() completed
info: ===> TimeStamp : 2026-05-04 02:32:21===> API : null ===> Message : validateRequest() invoked
info: ===> TimeStamp : 2026-05-04 02:32:21===> API : null ===> Message : fetchDBSettings()
info: ===> TimeStamp : 2026-05-04 02:32:21===> API : null ===> Message : validateRequest() Invoked!
info: ===> TimeStamp : 2026-05-04 02:32:21===> API : null ===> Message : validRequest() :: Api validated Successfully
info: ===> TimeStamp : 2026-05-04 02:32:21===> API : /api/auth/login ===> Message : loginUser() invoked!!
info: ===> TimeStamp : 2026-05-04 02:32:21===> API : /api/auth/login ===> Message : loginUser() :: Request Object :: [object Object]
info: ===> TimeStamp : 2026-05-04 02:32:21===> API : /api/auth/login ===> Message : loginUserDB() Invoked !
info: ===> TimeStamp : 2026-05-04 02:32:21===> API : /api/auth/login ===> Message : loginUserResponse() invoked!
info: ===> TimeStamp : 2026-05-04 02:32:21===> API : /api/auth/login ===> Message : loginUserResponse() completed
info: ===> TimeStamp : 2026-05-04 02:56:19===> API : null ===> Message : validateRequest() invoked
info: ===> TimeStamp : 2026-05-04 02:56:19===> API : null ===> Message : fetchDBSettings()
info: ===> TimeStamp : 2026-05-04 02:56:19===> API : null ===> Message : validateRequest() Invoked!
info: ===> TimeStamp : 2026-05-04 02:56:19===> API : null ===> Message : validRequest() :: Api validated Successfully
info: ===> TimeStamp : 2026-05-04 02:56:19===> API : /api/auth/logout ===> Message : logoutUser() invoked!!
info: ===> TimeStamp : 2026-05-04 02:56:19===> API : /api/auth/logout ===> Message : logoutUser() :: Request Object :: [object Object]
info: ===> TimeStamp : 2026-05-04 02:56:19===> API : /api/auth/logout ===> Message : logoutUserDB() Invoked !
info: ===> TimeStamp : 2026-05-04 02:56:19===> API : /api/auth/logout ===> Message : logoutUserResponse() invoked!
info: ===> TimeStamp : 2026-05-04 02:56:19===> API : /api/auth/logout ===> Message : logoutUserResponse() completed
info: ===> TimeStamp : 2026-05-04 04:27:44===> API : null ===> Message : validateRequest() invoked
info: ===> TimeStamp : 2026-05-04 04:27:44===> API : null ===> Message : validateRequest() Error:: Invalid Request :: 
      {"apiUri":"/"}
info: ===> TimeStamp : 2026-05-04 04:27:45===> API : null ===> Message : validateRequest() invoked
info: ===> TimeStamp : 2026-05-04 04:27:45===> API : null ===> Message : validateRequest() Error:: Invalid Request :: 
      {"apiUri":"/favicon.ico"}
info: ===> TimeStamp : 2026-05-04 04:27:49===> API : null ===> Message : validateRequest() invoked
info: ===> TimeStamp : 2026-05-04 04:27:49===> API : null ===> Message : validateRequest() Error:: Invalid Request :: 
      {"apiUri":"/sitemap.xml"}
info: ===> TimeStamp : 2026-05-04 04:27:49===> API : null ===> Message : validateRequest() invoked
info: ===> TimeStamp : 2026-05-04 04:27:49===> API : null ===> Message : validateRequest() Error:: Invalid Request :: 
      {"apiUri":"/favicon.ico"}
info: ===> TimeStamp : 2026-05-04 04:27:50===> API : null ===> Message : validateRequest() invoked
info: ===> TimeStamp : 2026-05-04 04:27:50===> API : null ===> Message : validateRequest() Error:: Invalid Request :: 
      {"apiUri":"/8o18cjek91"}
info: ===> TimeStamp : 2026-05-04 04:27:51===> API : null ===> Message : validateRequest() invoked
info: ===> TimeStamp : 2026-05-04 04:27:51===> API : null ===> Message : validateRequest() Error:: Invalid Request :: 
      {"apiUri":"/favicon.ico"}
info: ===> TimeStamp : 2026-05-04 04:36:36===> API : null ===> Message : validateRequest() invoked
info: ===> TimeStamp : 2026-05-04 04:36:36===> API : null ===> Message : fetchDBSettings()
info: ===> TimeStamp : 2026-05-04 04:36:36===> API : null ===> Message : validateRequest() Invoked!
info: ===> TimeStamp : 2026-05-04 04:36:36===> API : null ===> Message : validRequest() :: Api validated Successfully
info: ===> TimeStamp : 2026-05-04 04:36:36===> API : /api/auth/validateuser ===> Message : validateUser() invoked!!
info: ===> TimeStamp : 2026-05-04 04:36:36===> API : /api/auth/validateuser ===> Message : validateUser() :: Request Object :: [object Object]
info: ===> TimeStamp : 2026-05-04 04:36:36===> API : /api/auth/validateuser ===> Message : validateUserDB() Invoked !
info: ===> TimeStamp : 2026-05-04 04:36:36===> API : /api/auth/validateuser ===> Message : validateUserResponse() invoked!
info: ===> TimeStamp : 2026-05-04 04:36:36===> API : /api/auth/validateuser ===> Message : validateUserResponse() completed
info: ===> TimeStamp : 2026-05-04 04:36:36===> API : null ===> Message : validateRequest() invoked
info: ===> TimeStamp : 2026-05-04 04:36:36===> API : null ===> Message : fetchDBSettings()
info: ===> TimeStamp : 2026-05-04 04:36:36===> API : null ===> Message : validateRequest() Invoked!
info: ===> TimeStamp : 2026-05-04 04:36:36===> API : null ===> Message : validRequest() :: Api validated Successfully
info: ===> TimeStamp : 2026-05-04 04:36:36===> API : /api/auth/login ===> Message : loginUser() invoked!!
info: ===> TimeStamp : 2026-05-04 04:36:36===> API : /api/auth/login ===> Message : loginUser() :: Request Object :: [object Object]
info: ===> TimeStamp : 2026-05-04 04:36:36===> API : /api/auth/login ===> Message : loginUserDB() Invoked !
info: ===> TimeStamp : 2026-05-04 04:36:36===> API : /api/auth/login ===> Message : loginUserResponse() invoked!
info: ===> TimeStamp : 2026-05-04 04:36:36===> API : /api/auth/login ===> Message : loginUserResponse() completed
info: ===> TimeStamp : 2026-05-04 05:15:14===> API : null ===> Message : validateRequest() invoked
info: ===> TimeStamp : 2026-05-04 05:15:14===> API : null ===> Message : fetchDBSettings()
info: ===> TimeStamp : 2026-05-04 05:15:15===> API : null ===> Message : validateRequest() Invoked!
info: ===> TimeStamp : 2026-05-04 05:15:15===> API : null ===> Message : validRequest() :: Api validated Successfully
info: ===> TimeStamp : 2026-05-04 05:15:15===> API : /api/auth/validateuser ===> Message : validateUser() invoked!!
info: ===> TimeStamp : 2026-05-04 05:15:15===> API : /api/auth/validateuser ===> Message : validateUser() :: Request Object :: [object Object]
info: ===> TimeStamp : 2026-05-04 05:15:15===> API : /api/auth/validateuser ===> Message : validateUserDB() Invoked !
info: ===> TimeStamp : 2026-05-04 05:15:15===> API : /api/auth/validateuser ===> Message : validateUserDB() :: Error :: {"code":"ER_SIGNAL_EXCEPTION","errno":1644,"sqlState":"10005","sqlMessage":"User Does Not Exist","sql":"CALL usp_validate_user('pooja', 'pooja@12')"}
info: ===> TimeStamp : 2026-05-04 05:15:15===> API : /api/auth/validateuser ===> Message : validateUserDBResult :: Error :: {"ErrorCode":10005,"ErrorMessage":"User Does Not Exist"}
info: ===> TimeStamp : 2026-05-04 05:15:15===> API : /api/auth/validateuser ===> Message : validateUserResponse() invoked!
info: ===> TimeStamp : 2026-05-04 05:15:15===> API : /api/auth/validateuser ===> Message : validateUserResponse() completed
info: ===> TimeStamp : 2026-05-04 05:15:43===> API : null ===> Message : validateRequest() invoked
info: ===> TimeStamp : 2026-05-04 05:15:43===> API : null ===> Message : fetchDBSettings()
info: ===> TimeStamp : 2026-05-04 05:15:43===> API : null ===> Message : validateRequest() Invoked!
info: ===> TimeStamp : 2026-05-04 05:15:43===> API : null ===> Message : validRequest() :: Api validated Successfully
info: ===> TimeStamp : 2026-05-04 05:15:43===> API : /api/auth/validateuser ===> Message : validateUser() invoked!!
info: ===> TimeStamp : 2026-05-04 05:15:43===> API : /api/auth/validateuser ===> Message : validateUser() :: Request Object :: [object Object]
info: ===> TimeStamp : 2026-05-04 05:15:43===> API : /api/auth/validateuser ===> Message : validateUserDB() Invoked !
info: ===> TimeStamp : 2026-05-04 05:15:43===> API : /api/auth/validateuser ===> Message : validateUserDB() :: Error :: {"code":"ER_SIGNAL_EXCEPTION","errno":1644,"sqlState":"10005","sqlMessage":"User Does Not Exist","sql":"CALL usp_validate_user('pravash', 'pooja@12')"}
info: ===> TimeStamp : 2026-05-04 05:15:43===> API : /api/auth/validateuser ===> Message : validateUserDBResult :: Error :: {"ErrorCode":10005,"ErrorMessage":"User Does Not Exist"}
info: ===> TimeStamp : 2026-05-04 05:15:43===> API : /api/auth/validateuser ===> Message : validateUserResponse() invoked!
info: ===> TimeStamp : 2026-05-04 05:15:43===> API : /api/auth/validateuser ===> Message : validateUserResponse() completed
info: ===> TimeStamp : 2026-05-04 05:16:01===> API : null ===> Message : validateRequest() invoked
info: ===> TimeStamp : 2026-05-04 05:16:01===> API : null ===> Message : fetchDBSettings()
info: ===> TimeStamp : 2026-05-04 05:16:01===> API : null ===> Message : validateRequest() Invoked!
info: ===> TimeStamp : 2026-05-04 05:16:01===> API : null ===> Message : validRequest() :: Api validated Successfully
info: ===> TimeStamp : 2026-05-04 05:16:01===> API : /api/auth/validateuser ===> Message : validateUser() invoked!!
info: ===> TimeStamp : 2026-05-04 05:16:01===> API : /api/auth/validateuser ===> Message : validateUser() :: Request Object :: [object Object]
info: ===> TimeStamp : 2026-05-04 05:16:01===> API : /api/auth/validateuser ===> Message : validateUserDB() Invoked !
info: ===> TimeStamp : 2026-05-04 05:16:01===> API : /api/auth/validateuser ===> Message : validateUserResponse() invoked!
info: ===> TimeStamp : 2026-05-04 05:16:01===> API : /api/auth/validateuser ===> Message : validateUserResponse() completed
info: ===> TimeStamp : 2026-05-04 05:16:01===> API : null ===> Message : validateRequest() invoked
info: ===> TimeStamp : 2026-05-04 05:16:01===> API : null ===> Message : fetchDBSettings()
info: ===> TimeStamp : 2026-05-04 05:16:01===> API : null ===> Message : validateRequest() Invoked!
info: ===> TimeStamp : 2026-05-04 05:16:01===> API : null ===> Message : validRequest() :: Api validated Successfully
info: ===> TimeStamp : 2026-05-04 05:16:01===> API : /api/auth/checkIP ===> Message : checkIP() invoked!!
info: ===> TimeStamp : 2026-05-04 05:16:01===> API : /api/auth/checkIP ===> Message : IPs match: 103.255.182.117
info: ===> TimeStamp : 2026-05-04 05:16:01===> API : /api/auth/checkIP ===> Message : checkIPResponse() invoked!
info: ===> TimeStamp : 2026-05-04 05:16:01===> API : /api/auth/checkIP ===> Message : checkIPResponse() completed
info: ===> TimeStamp : 2026-05-04 05:16:01===> API : null ===> Message : validateRequest() invoked
info: ===> TimeStamp : 2026-05-04 05:16:01===> API : null ===> Message : fetchDBSettings()
info: ===> TimeStamp : 2026-05-04 05:16:01===> API : null ===> Message : validateRequest() Invoked!
info: ===> TimeStamp : 2026-05-04 05:16:01===> API : null ===> Message : validRequest() :: Api validated Successfully
info: ===> TimeStamp : 2026-05-04 05:16:01===> API : /api/auth/login ===> Message : loginUser() invoked!!
info: ===> TimeStamp : 2026-05-04 05:16:01===> API : /api/auth/login ===> Message : loginUser() :: Request Object :: [object Object]
info: ===> TimeStamp : 2026-05-04 05:16:01===> API : /api/auth/login ===> Message : loginUserDB() Invoked !
info: ===> TimeStamp : 2026-05-04 05:16:01===> API : /api/auth/login ===> Message : loginUserResponse() invoked!
info: ===> TimeStamp : 2026-05-04 05:16:01===> API : /api/auth/login ===> Message : loginUserResponse() completed
