info: ===> TimeStamp : 2025-08-11 06:47:50===> API : null ===> Message : validateRequest() invoked
info: ===> TimeStamp : 2025-08-11 06:47:50===> API : null ===> Message : fetchDBSettings()
info: ===> TimeStamp : 2025-08-11 06:47:50===> API : null ===> Message : validateRequest() Invoked!
info: ===> TimeStamp : 2025-08-11 06:47:50===> API : null ===> Message : validRequest() :: Api validated Successfully
info: ===> TimeStamp : 2025-08-11 06:47:50===> API : /api/auth/logout ===> Message : logoutUser() invoked!!
info: ===> TimeStamp : 2025-08-11 06:47:50===> API : /api/auth/logout ===> Message : logoutUser() :: Request Object :: [object Object]
info: ===> TimeStamp : 2025-08-11 06:47:50===> API : /api/auth/logout ===> Message : logoutUserDB() Invoked !
info: ===> TimeStamp : 2025-08-11 06:47:50===> API : /api/auth/logout ===> Message : logoutUserResponse() invoked!
info: ===> TimeStamp : 2025-08-11 06:47:50===> API : /api/auth/logout ===> Message : logoutUserResponse() completed
info: ===> TimeStamp : 2025-08-11 06:47:55===> API : null ===> Message : validateRequest() invoked
info: ===> TimeStamp : 2025-08-11 06:47:55===> API : null ===> Message : fetchDBSettings()
info: ===> TimeStamp : 2025-08-11 06:47:55===> API : null ===> Message : validateRequest() Invoked!
info: ===> TimeStamp : 2025-08-11 06:47:55===> API : null ===> Message : validRequest() :: Api validated Successfully
info: ===> TimeStamp : 2025-08-11 06:47:55===> API : /api/auth/logout ===> Message : logoutUser() invoked!!
info: ===> TimeStamp : 2025-08-11 06:47:55===> API : /api/auth/logout ===> Message : logoutUser() :: Request Object :: [object Object]
info: ===> TimeStamp : 2025-08-11 06:47:55===> API : /api/auth/logout ===> Message : logoutUserDB() Invoked !
info: ===> TimeStamp : 2025-08-11 06:47:55===> API : /api/auth/logout ===> Message : logoutUserResponse() invoked!
info: ===> TimeStamp : 2025-08-11 06:47:55===> API : /api/auth/logout ===> Message : logoutUserResponse() completed
info: ===> TimeStamp : 2025-08-11 06:53:32===> API : null ===> Message : validateRequest() invoked
info: ===> TimeStamp : 2025-08-11 06:53:32===> API : null ===> Message : fetchDBSettings()
info: ===> TimeStamp : 2025-08-11 06:53:32===> API : null ===> Message : validateRequest() Invoked!
info: ===> TimeStamp : 2025-08-11 06:53:32===> API : null ===> Message : validRequest() :: Api validated Successfully
info: ===> TimeStamp : 2025-08-11 06:53:32===> API : /api/auth/validateuser ===> Message : validateUser() invoked!!
info: ===> TimeStamp : 2025-08-11 06:53:32===> API : /api/auth/validateuser ===> Message : validateUser() :: Request Object :: [object Object]
info: ===> TimeStamp : 2025-08-11 06:53:32===> API : /api/auth/validateuser ===> Message : validateUserDB() Invoked !
info: ===> TimeStamp : 2025-08-11 06:53:32===> API : /api/auth/validateuser ===> Message : validateUserResponse() invoked!
info: ===> TimeStamp : 2025-08-11 06:53:32===> API : /api/auth/validateuser ===> Message : validateUserResponse() completed
info: ===> TimeStamp : 2025-08-11 06:53:32===> API : null ===> Message : validateRequest() invoked
info: ===> TimeStamp : 2025-08-11 06:53:32===> API : null ===> Message : fetchDBSettings()
info: ===> TimeStamp : 2025-08-11 06:53:32===> API : null ===> Message : validateRequest() Invoked!
info: ===> TimeStamp : 2025-08-11 06:53:32===> API : null ===> Message : validRequest() :: Api validated Successfully
info: ===> TimeStamp : 2025-08-11 06:53:32===> API : /api/auth/checkIP ===> Message : checkIP() invoked!!
info: ===> TimeStamp : 2025-08-11 06:53:32===> API : /api/auth/checkIP ===> Message : IPs match: 103.255.182.117
info: ===> TimeStamp : 2025-08-11 06:53:32===> API : /api/auth/checkIP ===> Message : checkIPResponse() invoked!
info: ===> TimeStamp : 2025-08-11 06:53:32===> API : /api/auth/checkIP ===> Message : checkIPResponse() completed
info: ===> TimeStamp : 2025-08-11 06:53:32===> API : null ===> Message : validateRequest() invoked
info: ===> TimeStamp : 2025-08-11 06:53:32===> API : null ===> Message : fetchDBSettings()
info: ===> TimeStamp : 2025-08-11 06:53:32===> API : null ===> Message : validateRequest() Invoked!
info: ===> TimeStamp : 2025-08-11 06:53:32===> API : null ===> Message : validRequest() :: Api validated Successfully
info: ===> TimeStamp : 2025-08-11 06:53:32===> API : /api/auth/login ===> Message : loginUser() invoked!!
info: ===> TimeStamp : 2025-08-11 06:53:32===> API : /api/auth/login ===> Message : loginUser() :: Request Object :: [object Object]
info: ===> TimeStamp : 2025-08-11 06:53:32===> API : /api/auth/login ===> Message : loginUserDB() Invoked !
info: ===> TimeStamp : 2025-08-11 06:53:32===> API : /api/auth/login ===> Message : loginUserResponse() invoked!
info: ===> TimeStamp : 2025-08-11 06:53:32===> API : /api/auth/login ===> Message : loginUserResponse() completed
info: ===> TimeStamp : 2025-08-11 06:53:50===> API : null ===> Message : validateRequest() invoked
info: ===> TimeStamp : 2025-08-11 06:53:50===> API : null ===> Message : fetchDBSettings()
info: ===> TimeStamp : 2025-08-11 06:53:50===> API : null ===> Message : validateRequest() Invoked!
info: ===> TimeStamp : 2025-08-11 06:53:50===> API : null ===> Message : validRequest() :: Api validated Successfully
info: ===> TimeStamp : 2025-08-11 06:53:50===> API : /api/auth/validateuser ===> Message : validateUser() invoked!!
info: ===> TimeStamp : 2025-08-11 06:53:50===> API : /api/auth/validateuser ===> Message : validateUser() :: Request Object :: [object Object]
info: ===> TimeStamp : 2025-08-11 06:53:50===> API : /api/auth/validateuser ===> Message : validateUserDB() Invoked !
info: ===> TimeStamp : 2025-08-11 06:53:50===> API : /api/auth/validateuser ===> Message : validateUserResponse() invoked!
info: ===> TimeStamp : 2025-08-11 06:53:50===> API : /api/auth/validateuser ===> Message : validateUserResponse() completed
info: ===> TimeStamp : 2025-08-11 06:53:50===> API : null ===> Message : validateRequest() invoked
info: ===> TimeStamp : 2025-08-11 06:53:50===> API : null ===> Message : fetchDBSettings()
info: ===> TimeStamp : 2025-08-11 06:53:50===> API : null ===> Message : validateRequest() Invoked!
info: ===> TimeStamp : 2025-08-11 06:53:50===> API : null ===> Message : validRequest() :: Api validated Successfully
info: ===> TimeStamp : 2025-08-11 06:53:50===> API : /api/auth/checkIP ===> Message : checkIP() invoked!!
info: ===> TimeStamp : 2025-08-11 06:53:50===> API : /api/auth/checkIP ===> Message : IPs match: 103.255.182.117
info: ===> TimeStamp : 2025-08-11 06:53:50===> API : /api/auth/checkIP ===> Message : checkIPResponse() invoked!
info: ===> TimeStamp : 2025-08-11 06:53:50===> API : /api/auth/checkIP ===> Message : checkIPResponse() completed
info: ===> TimeStamp : 2025-08-11 06:53:50===> API : null ===> Message : validateRequest() invoked
info: ===> TimeStamp : 2025-08-11 06:53:50===> API : null ===> Message : fetchDBSettings()
info: ===> TimeStamp : 2025-08-11 06:53:50===> API : null ===> Message : validateRequest() Invoked!
info: ===> TimeStamp : 2025-08-11 06:53:50===> API : null ===> Message : validRequest() :: Api validated Successfully
info: ===> TimeStamp : 2025-08-11 06:53:50===> API : /api/auth/login ===> Message : loginUser() invoked!!
info: ===> TimeStamp : 2025-08-11 06:53:50===> API : /api/auth/login ===> Message : loginUser() :: Request Object :: [object Object]
info: ===> TimeStamp : 2025-08-11 06:53:50===> API : /api/auth/login ===> Message : loginUserDB() Invoked !
info: ===> TimeStamp : 2025-08-11 06:53:50===> API : /api/auth/login ===> Message : loginUserResponse() invoked!
info: ===> TimeStamp : 2025-08-11 06:53:50===> API : /api/auth/login ===> Message : loginUserResponse() completed
info: ===> TimeStamp : 2025-08-11 07:28:46===> API : null ===> Message : validateRequest() invoked
info: ===> TimeStamp : 2025-08-11 07:28:46===> API : null ===> Message : fetchDBSettings()
info: ===> TimeStamp : 2025-08-11 07:28:47===> API : null ===> Message : validateRequest() Invoked!
info: ===> TimeStamp : 2025-08-11 07:28:47===> API : null ===> Message : validRequest() :: Api validated Successfully
info: ===> TimeStamp : 2025-08-11 07:28:47===> API : /api/auth/logout ===> Message : logoutUser() :: Request Object :: [object Object]
info: ===> TimeStamp : 2025-08-11 07:28:47===> API : /api/auth/logout ===> Message : logoutUserDB() Invoked !
info: ===> TimeStamp : 2025-08-11 07:28:47===> API : /api/auth/logout ===> Message : logoutUser() invoked!!
info: ===> TimeStamp : 2025-08-11 07:28:47===> API : /api/auth/logout ===> Message : logoutUserResponse() invoked!
info: ===> TimeStamp : 2025-08-11 07:28:47===> API : /api/auth/logout ===> Message : logoutUserResponse() completed
info: ===> TimeStamp : 2025-08-11 07:31:31===> API : null ===> Message : validateRequest() invoked
info: ===> TimeStamp : 2025-08-11 07:31:31===> API : null ===> Message : fetchDBSettings()
info: ===> TimeStamp : 2025-08-11 07:31:31===> API : null ===> Message : validateRequest() Invoked!
info: ===> TimeStamp : 2025-08-11 07:31:31===> API : null ===> Message : validRequest() :: Api validated Successfully
info: ===> TimeStamp : 2025-08-11 07:31:31===> API : /api/auth/validateuser ===> Message : validateUser() invoked!!
info: ===> TimeStamp : 2025-08-11 07:31:31===> API : /api/auth/validateuser ===> Message : validateUser() :: Request Object :: [object Object]
info: ===> TimeStamp : 2025-08-11 07:31:31===> API : /api/auth/validateuser ===> Message : validateUserDB() Invoked !
info: ===> TimeStamp : 2025-08-11 07:31:31===> API : /api/auth/validateuser ===> Message : validateUserResponse() invoked!
info: ===> TimeStamp : 2025-08-11 07:31:31===> API : /api/auth/validateuser ===> Message : validateUserResponse() completed
info: ===> TimeStamp : 2025-08-11 07:31:31===> API : null ===> Message : validateRequest() invoked
info: ===> TimeStamp : 2025-08-11 07:31:31===> API : null ===> Message : fetchDBSettings()
info: ===> TimeStamp : 2025-08-11 07:31:31===> API : null ===> Message : validateRequest() Invoked!
info: ===> TimeStamp : 2025-08-11 07:31:31===> API : null ===> Message : validRequest() :: Api validated Successfully
info: ===> TimeStamp : 2025-08-11 07:31:31===> API : /api/auth/checkIP ===> Message : checkIP() invoked!!
info: ===> TimeStamp : 2025-08-11 07:31:31===> API : /api/auth/checkIP ===> Message : IPs match: 103.255.182.117
info: ===> TimeStamp : 2025-08-11 07:31:31===> API : /api/auth/checkIP ===> Message : checkIPResponse() invoked!
info: ===> TimeStamp : 2025-08-11 07:31:31===> API : /api/auth/checkIP ===> Message : checkIPResponse() completed
info: ===> TimeStamp : 2025-08-11 07:31:31===> API : null ===> Message : validateRequest() invoked
info: ===> TimeStamp : 2025-08-11 07:31:31===> API : null ===> Message : fetchDBSettings()
info: ===> TimeStamp : 2025-08-11 07:31:31===> API : null ===> Message : validateRequest() Invoked!
info: ===> TimeStamp : 2025-08-11 07:31:31===> API : null ===> Message : validRequest() :: Api validated Successfully
info: ===> TimeStamp : 2025-08-11 07:31:31===> API : /api/auth/login ===> Message : loginUser() invoked!!
info: ===> TimeStamp : 2025-08-11 07:31:31===> API : /api/auth/login ===> Message : loginUser() :: Request Object :: [object Object]
info: ===> TimeStamp : 2025-08-11 07:31:31===> API : /api/auth/login ===> Message : loginUserDB() Invoked !
info: ===> TimeStamp : 2025-08-11 07:31:31===> API : /api/auth/login ===> Message : loginUserResponse() invoked!
info: ===> TimeStamp : 2025-08-11 07:31:31===> API : /api/auth/login ===> Message : loginUserResponse() completed
info: ===> TimeStamp : 2025-08-11 07:32:55===> API : null ===> Message : validateRequest() invoked
info: ===> TimeStamp : 2025-08-11 07:32:55===> API : null ===> Message : fetchDBSettings()
info: ===> TimeStamp : 2025-08-11 07:32:55===> API : null ===> Message : validateRequest() Invoked!
info: ===> TimeStamp : 2025-08-11 07:32:55===> API : null ===> Message : validRequest() :: Api validated Successfully
info: ===> TimeStamp : 2025-08-11 07:32:55===> API : /api/auth/logout ===> Message : logoutUser() :: Request Object :: [object Object]
info: ===> TimeStamp : 2025-08-11 07:32:55===> API : /api/auth/logout ===> Message : logoutUser() invoked!!
info: ===> TimeStamp : 2025-08-11 07:32:55===> API : /api/auth/logout ===> Message : logoutUserDB() Invoked !
info: ===> TimeStamp : 2025-08-11 07:32:55===> API : /api/auth/logout ===> Message : logoutUserResponse() invoked!
info: ===> TimeStamp : 2025-08-11 07:32:55===> API : /api/auth/logout ===> Message : logoutUserResponse() completed
info: ===> TimeStamp : 2025-08-11 07:37:25===> API : null ===> Message : validateRequest() invoked
info: ===> TimeStamp : 2025-08-11 07:37:25===> API : null ===> Message : fetchDBSettings()
info: ===> TimeStamp : 2025-08-11 07:37:25===> API : null ===> Message : validateRequest() Invoked!
info: ===> TimeStamp : 2025-08-11 07:37:25===> API : null ===> Message : validateRequest() :: Error :: Helper {"code":"ER_SIGNAL_EXCEPTION","errno":1644,"sqlState":"10003","sqlMessage":"Invalid User Credentials","sql":"CALL usp_validate_request(\n              '/api/auth/logout',\n              'eyJhbGciOiJIUzI1NiIsInR5cCI6IkpXVCJ9.eyJ0aW1lIjoiTW9uIEF1ZyAxMSAyMDI1IDAxOjIzOjUwIEdNVCswMDAwIChDb29yZGluYXRlZCBVbml2ZXJzYWwgVGltZSkiLCJ1c2VySWQiOjg3LCJpYXQiOjE3NTQ4NzU0MzB9.Q4gLCVoqMpQrNFU99UO7YB5qJz2ljQsZa5GleNhuiG0')"}
info: ===> TimeStamp : 2025-08-11 07:37:25===> API : null ===> Message : validateRequest() :: Error :: PP {"ErrorCode":10003,"ErrorMessage":"Invalid User Credentials"}
info: ===> TimeStamp : 2025-08-11 08:05:40===> API : null ===> Message : validateRequest() invoked
info: ===> TimeStamp : 2025-08-11 08:05:40===> API : null ===> Message : fetchDBSettings()
info: ===> TimeStamp : 2025-08-11 08:05:40===> API : null ===> Message : validateRequest() Invoked!
info: ===> TimeStamp : 2025-08-11 08:05:40===> API : null ===> Message : validRequest() :: Api validated Successfully
info: ===> TimeStamp : 2025-08-11 08:05:40===> API : /api/auth/validateuser ===> Message : validateUser() invoked!!
info: ===> TimeStamp : 2025-08-11 08:05:40===> API : /api/auth/validateuser ===> Message : validateUser() :: Request Object :: [object Object]
info: ===> TimeStamp : 2025-08-11 08:05:40===> API : /api/auth/validateuser ===> Message : validateUserDB() Invoked !
info: ===> TimeStamp : 2025-08-11 08:05:40===> API : /api/auth/validateuser ===> Message : validateUserResponse() invoked!
info: ===> TimeStamp : 2025-08-11 08:05:40===> API : /api/auth/validateuser ===> Message : validateUserResponse() completed
info: ===> TimeStamp : 2025-08-11 08:05:40===> API : null ===> Message : validateRequest() invoked
info: ===> TimeStamp : 2025-08-11 08:05:40===> API : null ===> Message : fetchDBSettings()
info: ===> TimeStamp : 2025-08-11 08:05:40===> API : null ===> Message : validateRequest() Invoked!
info: ===> TimeStamp : 2025-08-11 08:05:40===> API : null ===> Message : validRequest() :: Api validated Successfully
info: ===> TimeStamp : 2025-08-11 08:05:40===> API : /api/auth/login ===> Message : loginUser() invoked!!
info: ===> TimeStamp : 2025-08-11 08:05:40===> API : /api/auth/login ===> Message : loginUser() :: Request Object :: [object Object]
info: ===> TimeStamp : 2025-08-11 08:05:40===> API : /api/auth/login ===> Message : loginUserDB() Invoked !
info: ===> TimeStamp : 2025-08-11 08:05:40===> API : /api/auth/login ===> Message : loginUserResponse() invoked!
info: ===> TimeStamp : 2025-08-11 08:05:40===> API : /api/auth/login ===> Message : loginUserResponse() completed
info: ===> TimeStamp : 2025-08-11 08:30:19===> API : null ===> Message : validateRequest() invoked
info: ===> TimeStamp : 2025-08-11 08:30:19===> API : null ===> Message : fetchDBSettings()
info: ===> TimeStamp : 2025-08-11 08:30:19===> API : null ===> Message : validateRequest() Invoked!
info: ===> TimeStamp : 2025-08-11 08:30:19===> API : null ===> Message : validRequest() :: Api validated Successfully
info: ===> TimeStamp : 2025-08-11 08:30:19===> API : /api/auth/validateuser ===> Message : validateUser() invoked!!
info: ===> TimeStamp : 2025-08-11 08:30:19===> API : /api/auth/validateuser ===> Message : validateUser() :: Request Object :: [object Object]
info: ===> TimeStamp : 2025-08-11 08:30:19===> API : /api/auth/validateuser ===> Message : validateUserDB() Invoked !
info: ===> TimeStamp : 2025-08-11 08:30:19===> API : /api/auth/validateuser ===> Message : validateUserResponse() invoked!
info: ===> TimeStamp : 2025-08-11 08:30:19===> API : /api/auth/validateuser ===> Message : validateUserResponse() completed
info: ===> TimeStamp : 2025-08-11 08:30:19===> API : null ===> Message : validateRequest() invoked
info: ===> TimeStamp : 2025-08-11 08:30:19===> API : null ===> Message : fetchDBSettings()
info: ===> TimeStamp : 2025-08-11 08:30:19===> API : null ===> Message : validateRequest() Invoked!
info: ===> TimeStamp : 2025-08-11 08:30:19===> API : null ===> Message : validRequest() :: Api validated Successfully
info: ===> TimeStamp : 2025-08-11 08:30:19===> API : /api/auth/checkIP ===> Message : checkIP() invoked!!
info: ===> TimeStamp : 2025-08-11 08:30:19===> API : /api/auth/checkIP ===> Message : IPs match: 103.255.182.117
info: ===> TimeStamp : 2025-08-11 08:30:19===> API : /api/auth/checkIP ===> Message : checkIPResponse() invoked!
info: ===> TimeStamp : 2025-08-11 08:30:19===> API : /api/auth/checkIP ===> Message : checkIPResponse() completed
info: ===> TimeStamp : 2025-08-11 08:30:19===> API : null ===> Message : validateRequest() invoked
info: ===> TimeStamp : 2025-08-11 08:30:19===> API : null ===> Message : fetchDBSettings()
info: ===> TimeStamp : 2025-08-11 08:30:19===> API : null ===> Message : validateRequest() Invoked!
info: ===> TimeStamp : 2025-08-11 08:30:19===> API : null ===> Message : validRequest() :: Api validated Successfully
info: ===> TimeStamp : 2025-08-11 08:30:19===> API : /api/auth/login ===> Message : loginUser() invoked!!
info: ===> TimeStamp : 2025-08-11 08:30:19===> API : /api/auth/login ===> Message : loginUser() :: Request Object :: [object Object]
info: ===> TimeStamp : 2025-08-11 08:30:19===> API : /api/auth/login ===> Message : loginUserDB() Invoked !
info: ===> TimeStamp : 2025-08-11 08:30:20===> API : /api/auth/login ===> Message : loginUserResponse() invoked!
info: ===> TimeStamp : 2025-08-11 08:30:20===> API : /api/auth/login ===> Message : loginUserResponse() completed
info: ===> TimeStamp : 2025-08-11 08:59:12===> API : null ===> Message : validateRequest() invoked
info: ===> TimeStamp : 2025-08-11 08:59:12===> API : null ===> Message : validateRequest() Error:: Invalid Request :: 
      {"apiUri":"/"}
info: ===> TimeStamp : 2025-08-11 08:59:20===> API : null ===> Message : validateRequest() invoked
info: ===> TimeStamp : 2025-08-11 08:59:20===> API : null ===> Message : validateRequest() Error:: Invalid Request :: 
      {"apiUri":"/favicon.ico"}
info: ===> TimeStamp : 2025-08-11 09:00:05===> API : null ===> Message : validateRequest() invoked
info: ===> TimeStamp : 2025-08-11 09:00:05===> API : null ===> Message : validateRequest() Error:: Invalid Request :: 
      {"apiUri":"/favicon.ico"}
info: ===> TimeStamp : 2025-08-11 09:00:21===> API : null ===> Message : validateRequest() invoked
info: ===> TimeStamp : 2025-08-11 09:00:21===> API : null ===> Message : validateRequest() Error:: Invalid Request :: 
      {"apiUri":"/login"}
info: ===> TimeStamp : 2025-08-11 10:33:27===> API : null ===> Message : validateRequest() invoked
info: ===> TimeStamp : 2025-08-11 10:33:27===> API : null ===> Message : validateRequest() Error:: Invalid Request :: 
      {"apiUri":"/"}
info: ===> TimeStamp : 2025-08-11 10:33:33===> API : null ===> Message : validateRequest() invoked
info: ===> TimeStamp : 2025-08-11 10:33:33===> API : null ===> Message : validateRequest() Error:: Invalid Request :: 
      {"apiUri":"/favicon.ico"}
info: ===> TimeStamp : 2025-08-11 10:34:04===> API : null ===> Message : validateRequest() invoked
info: ===> TimeStamp : 2025-08-11 10:34:04===> API : null ===> Message : validateRequest() Error:: Invalid Request :: 
      {"apiUri":"/favicon.ico"}
info: ===> TimeStamp : 2025-08-11 10:34:20===> API : null ===> Message : validateRequest() invoked
info: ===> TimeStamp : 2025-08-11 10:34:20===> API : null ===> Message : validateRequest() Error:: Invalid Request :: 
      {"apiUri":"/login"}
info: ===> TimeStamp : 2025-08-11 10:53:20===> API : null ===> Message : validateRequest() invoked
info: ===> TimeStamp : 2025-08-11 10:53:20===> API : null ===> Message : validateRequest() Error:: Invalid Request :: 
      {"apiUri":"/"}
info: ===> TimeStamp : 2025-08-11 10:53:21===> API : null ===> Message : validateRequest() invoked
info: ===> TimeStamp : 2025-08-11 10:53:21===> API : null ===> Message : validateRequest() Error:: Invalid Request :: 
      {"apiUri":"/favicon.ico"}
info: ===> TimeStamp : 2025-08-11 10:53:40===> API : null ===> Message : validateRequest() invoked
info: ===> TimeStamp : 2025-08-11 10:53:40===> API : null ===> Message : validateRequest() Error:: Invalid Request :: 
      {"apiUri":"/favicon.ico"}
info: ===> TimeStamp : 2025-08-11 10:53:46===> API : null ===> Message : validateRequest() invoked
info: ===> TimeStamp : 2025-08-11 10:53:46===> API : null ===> Message : validateRequest() Error:: Invalid Request :: 
      {"apiUri":"/robots.txt"}
info: ===> TimeStamp : 2025-08-11 11:05:39===> API : null ===> Message : validateRequest() invoked
info: ===> TimeStamp : 2025-08-11 11:05:39===> API : null ===> Message : fetchDBSettings()
info: ===> TimeStamp : 2025-08-11 11:05:39===> API : null ===> Message : validateRequest() Invoked!
info: ===> TimeStamp : 2025-08-11 11:05:39===> API : null ===> Message : validRequest() :: Api validated Successfully
info: ===> TimeStamp : 2025-08-11 11:05:39===> API : /api/auth/validateuser ===> Message : validateUser() invoked!!
info: ===> TimeStamp : 2025-08-11 11:05:39===> API : /api/auth/validateuser ===> Message : validateUser() :: Request Object :: [object Object]
info: ===> TimeStamp : 2025-08-11 11:05:39===> API : /api/auth/validateuser ===> Message : validateUserDB() Invoked !
info: ===> TimeStamp : 2025-08-11 11:05:39===> API : /api/auth/validateuser ===> Message : validateUserResponse() invoked!
info: ===> TimeStamp : 2025-08-11 11:05:39===> API : /api/auth/validateuser ===> Message : validateUserResponse() completed
info: ===> TimeStamp : 2025-08-11 11:05:39===> API : null ===> Message : validateRequest() invoked
info: ===> TimeStamp : 2025-08-11 11:05:39===> API : null ===> Message : fetchDBSettings()
info: ===> TimeStamp : 2025-08-11 11:05:39===> API : null ===> Message : validateRequest() Invoked!
info: ===> TimeStamp : 2025-08-11 11:05:39===> API : null ===> Message : validRequest() :: Api validated Successfully
info: ===> TimeStamp : 2025-08-11 11:05:39===> API : /api/auth/checkIP ===> Message : checkIP() invoked!!
info: ===> TimeStamp : 2025-08-11 11:05:39===> API : /api/auth/checkIP ===> Message : IPs match: 103.255.182.117
info: ===> TimeStamp : 2025-08-11 11:05:39===> API : /api/auth/checkIP ===> Message : checkIPResponse() invoked!
info: ===> TimeStamp : 2025-08-11 11:05:39===> API : /api/auth/checkIP ===> Message : checkIPResponse() completed
info: ===> TimeStamp : 2025-08-11 11:05:39===> API : null ===> Message : validateRequest() invoked
info: ===> TimeStamp : 2025-08-11 11:05:39===> API : null ===> Message : fetchDBSettings()
info: ===> TimeStamp : 2025-08-11 11:05:39===> API : null ===> Message : validateRequest() Invoked!
info: ===> TimeStamp : 2025-08-11 11:05:40===> API : null ===> Message : validRequest() :: Api validated Successfully
info: ===> TimeStamp : 2025-08-11 11:05:40===> API : /api/auth/login ===> Message : loginUser() invoked!!
info: ===> TimeStamp : 2025-08-11 11:05:40===> API : /api/auth/login ===> Message : loginUser() :: Request Object :: [object Object]
info: ===> TimeStamp : 2025-08-11 11:05:40===> API : /api/auth/login ===> Message : loginUserDB() Invoked !
info: ===> TimeStamp : 2025-08-11 11:05:40===> API : /api/auth/login ===> Message : loginUserResponse() invoked!
info: ===> TimeStamp : 2025-08-11 11:05:40===> API : /api/auth/login ===> Message : loginUserResponse() completed
info: ===> TimeStamp : 2025-08-11 12:09:37===> API : null ===> Message : validateRequest() invoked
info: ===> TimeStamp : 2025-08-11 12:09:37===> API : null ===> Message : fetchDBSettings()
info: ===> TimeStamp : 2025-08-11 12:09:37===> API : null ===> Message : validateRequest() Invoked!
info: ===> TimeStamp : 2025-08-11 12:09:37===> API : null ===> Message : validRequest() :: Api validated Successfully
info: ===> TimeStamp : 2025-08-11 12:09:37===> API : /api/auth/validateuser ===> Message : validateUser() invoked!!
info: ===> TimeStamp : 2025-08-11 12:09:37===> API : /api/auth/validateuser ===> Message : validateUser() :: Request Object :: [object Object]
info: ===> TimeStamp : 2025-08-11 12:09:37===> API : /api/auth/validateuser ===> Message : validateUserDB() Invoked !
info: ===> TimeStamp : 2025-08-11 12:09:37===> API : /api/auth/validateuser ===> Message : validateUserResponse() invoked!
info: ===> TimeStamp : 2025-08-11 12:09:37===> API : /api/auth/validateuser ===> Message : validateUserResponse() completed
info: ===> TimeStamp : 2025-08-11 12:09:37===> API : null ===> Message : validateRequest() invoked
info: ===> TimeStamp : 2025-08-11 12:09:37===> API : null ===> Message : fetchDBSettings()
info: ===> TimeStamp : 2025-08-11 12:09:37===> API : null ===> Message : validateRequest() Invoked!
info: ===> TimeStamp : 2025-08-11 12:09:37===> API : null ===> Message : validRequest() :: Api validated Successfully
info: ===> TimeStamp : 2025-08-11 12:09:37===> API : /api/auth/login ===> Message : loginUser() invoked!!
info: ===> TimeStamp : 2025-08-11 12:09:37===> API : /api/auth/login ===> Message : loginUser() :: Request Object :: [object Object]
info: ===> TimeStamp : 2025-08-11 12:09:37===> API : /api/auth/login ===> Message : loginUserDB() Invoked !
info: ===> TimeStamp : 2025-08-11 12:09:37===> API : /api/auth/login ===> Message : loginUserResponse() invoked!
info: ===> TimeStamp : 2025-08-11 12:09:37===> API : /api/auth/login ===> Message : loginUserResponse() completed
info: ===> TimeStamp : 2025-08-11 12:52:49===> API : null ===> Message : validateRequest() invoked
info: ===> TimeStamp : 2025-08-11 12:52:49===> API : null ===> Message : validateRequest() Error:: Invalid Request :: 
      {"apiUri":"/"}
info: ===> TimeStamp : 2025-08-11 12:52:50===> API : null ===> Message : validateRequest() invoked
info: ===> TimeStamp : 2025-08-11 12:52:50===> API : null ===> Message : validateRequest() Error:: Invalid Request :: 
      {"apiUri":"/favicon.ico"}
info: ===> TimeStamp : 2025-08-11 12:53:10===> API : null ===> Message : validateRequest() invoked
info: ===> TimeStamp : 2025-08-11 12:53:10===> API : null ===> Message : validateRequest() Error:: Invalid Request :: 
      {"apiUri":"/favicon.ico"}
info: ===> TimeStamp : 2025-08-11 12:53:16===> API : null ===> Message : validateRequest() Error:: Invalid Request :: 
      {"apiUri":"/.well-known/security.txt"}
info: ===> TimeStamp : 2025-08-11 12:53:16===> API : null ===> Message : validateRequest() invoked
info: ===> TimeStamp : 2025-08-11 13:19:09===> API : null ===> Message : validateRequest() invoked
info: ===> TimeStamp : 2025-08-11 13:19:09===> API : null ===> Message : validateRequest() Error:: Invalid Request :: 
      {"apiUri":"/"}
info: ===> TimeStamp : 2025-08-11 13:19:20===> API : null ===> Message : validateRequest() Error:: Invalid Request :: 
      {"apiUri":"/favicon.ico"}
info: ===> TimeStamp : 2025-08-11 13:19:20===> API : null ===> Message : validateRequest() invoked
info: ===> TimeStamp : 2025-08-11 13:20:51===> API : null ===> Message : validateRequest() invoked
info: ===> TimeStamp : 2025-08-11 13:20:51===> API : null ===> Message : validateRequest() Error:: Invalid Request :: 
      {"apiUri":"/favicon.ico"}
info: ===> TimeStamp : 2025-08-11 13:21:50===> API : null ===> Message : validateRequest() invoked
info: ===> TimeStamp : 2025-08-11 13:21:50===> API : null ===> Message : validateRequest() Error:: Invalid Request :: 
      {"apiUri":"/sitemap.xml"}
info: ===> TimeStamp : 2025-08-11 14:28:59===> API : null ===> Message : validateRequest() invoked
info: ===> TimeStamp : 2025-08-11 14:28:59===> API : null ===> Message : validateRequest() Error:: Invalid Request :: 
      {"apiUri":"/robots.txt"}
info: ===> TimeStamp : 2025-08-11 14:56:59===> API : null ===> Message : validateRequest() invoked
info: ===> TimeStamp : 2025-08-11 14:56:59===> API : null ===> Message : fetchDBSettings()
info: ===> TimeStamp : 2025-08-11 14:56:59===> API : null ===> Message : validateRequest() Invoked!
info: ===> TimeStamp : 2025-08-11 14:56:59===> API : null ===> Message : validRequest() :: Api validated Successfully
info: ===> TimeStamp : 2025-08-11 14:56:59===> API : /api/auth/logout ===> Message : logoutUser() invoked!!
info: ===> TimeStamp : 2025-08-11 14:56:59===> API : /api/auth/logout ===> Message : logoutUser() :: Request Object :: [object Object]
info: ===> TimeStamp : 2025-08-11 14:56:59===> API : /api/auth/logout ===> Message : logoutUserDB() Invoked !
info: ===> TimeStamp : 2025-08-11 14:57:00===> API : /api/auth/logout ===> Message : logoutUserResponse() invoked!
info: ===> TimeStamp : 2025-08-11 14:57:00===> API : /api/auth/logout ===> Message : logoutUserResponse() completed
info: ===> TimeStamp : 2025-08-11 14:57:03===> API : null ===> Message : validateRequest() invoked
info: ===> TimeStamp : 2025-08-11 14:57:03===> API : null ===> Message : fetchDBSettings()
info: ===> TimeStamp : 2025-08-11 14:57:03===> API : null ===> Message : validateRequest() Invoked!
info: ===> TimeStamp : 2025-08-11 14:57:03===> API : null ===> Message : validRequest() :: Api validated Successfully
info: ===> TimeStamp : 2025-08-11 14:57:03===> API : /api/auth/logout ===> Message : logoutUser() invoked!!
info: ===> TimeStamp : 2025-08-11 14:57:03===> API : /api/auth/logout ===> Message : logoutUser() :: Request Object :: [object Object]
info: ===> TimeStamp : 2025-08-11 14:57:03===> API : /api/auth/logout ===> Message : logoutUserDB() Invoked !
info: ===> TimeStamp : 2025-08-11 14:57:03===> API : /api/auth/logout ===> Message : logoutUserResponse() invoked!
info: ===> TimeStamp : 2025-08-11 14:57:03===> API : /api/auth/logout ===> Message : logoutUserResponse() completed
info: ===> TimeStamp : 2025-08-11 14:57:36===> API : null ===> Message : validateRequest() invoked
info: ===> TimeStamp : 2025-08-11 14:57:36===> API : null ===> Message : fetchDBSettings()
info: ===> TimeStamp : 2025-08-11 14:57:36===> API : null ===> Message : validateRequest() Invoked!
info: ===> TimeStamp : 2025-08-11 14:57:36===> API : null ===> Message : validRequest() :: Api validated Successfully
info: ===> TimeStamp : 2025-08-11 14:57:36===> API : /api/auth/validateuser ===> Message : validateUser() invoked!!
info: ===> TimeStamp : 2025-08-11 14:57:36===> API : /api/auth/validateuser ===> Message : validateUser() :: Request Object :: [object Object]
info: ===> TimeStamp : 2025-08-11 14:57:36===> API : /api/auth/validateuser ===> Message : validateUserDB() Invoked !
info: ===> TimeStamp : 2025-08-11 14:57:36===> API : /api/auth/validateuser ===> Message : validateUserResponse() invoked!
info: ===> TimeStamp : 2025-08-11 14:57:36===> API : /api/auth/validateuser ===> Message : validateUserResponse() completed
info: ===> TimeStamp : 2025-08-11 14:57:36===> API : null ===> Message : validateRequest() invoked
info: ===> TimeStamp : 2025-08-11 14:57:36===> API : null ===> Message : fetchDBSettings()
info: ===> TimeStamp : 2025-08-11 14:57:36===> API : null ===> Message : validateRequest() Invoked!
info: ===> TimeStamp : 2025-08-11 14:57:36===> API : null ===> Message : validRequest() :: Api validated Successfully
info: ===> TimeStamp : 2025-08-11 14:57:36===> API : /api/auth/checkIP ===> Message : checkIP() invoked!!
info: ===> TimeStamp : 2025-08-11 14:57:36===> API : /api/auth/checkIP ===> Message : IPs match: 103.255.182.117
info: ===> TimeStamp : 2025-08-11 14:57:36===> API : /api/auth/checkIP ===> Message : checkIPResponse() invoked!
info: ===> TimeStamp : 2025-08-11 14:57:36===> API : /api/auth/checkIP ===> Message : checkIPResponse() completed
info: ===> TimeStamp : 2025-08-11 14:57:36===> API : null ===> Message : validateRequest() invoked
info: ===> TimeStamp : 2025-08-11 14:57:36===> API : null ===> Message : fetchDBSettings()
info: ===> TimeStamp : 2025-08-11 14:57:36===> API : null ===> Message : validateRequest() Invoked!
info: ===> TimeStamp : 2025-08-11 14:57:36===> API : null ===> Message : validRequest() :: Api validated Successfully
info: ===> TimeStamp : 2025-08-11 14:57:36===> API : /api/auth/login ===> Message : loginUser() invoked!!
info: ===> TimeStamp : 2025-08-11 14:57:36===> API : /api/auth/login ===> Message : loginUser() :: Request Object :: [object Object]
info: ===> TimeStamp : 2025-08-11 14:57:36===> API : /api/auth/login ===> Message : loginUserDB() Invoked !
info: ===> TimeStamp : 2025-08-11 14:57:36===> API : /api/auth/login ===> Message : loginUserResponse() invoked!
info: ===> TimeStamp : 2025-08-11 14:57:36===> API : /api/auth/login ===> Message : loginUserResponse() completed
info: ===> TimeStamp : 2025-08-11 14:58:13===> API : null ===> Message : validateRequest() invoked
info: ===> TimeStamp : 2025-08-11 14:58:13===> API : null ===> Message : fetchDBSettings()
info: ===> TimeStamp : 2025-08-11 14:58:13===> API : null ===> Message : validateRequest() Invoked!
info: ===> TimeStamp : 2025-08-11 14:58:13===> API : null ===> Message : validRequest() :: Api validated Successfully
info: ===> TimeStamp : 2025-08-11 14:58:13===> API : /api/auth/validateuser ===> Message : validateUser() :: Request Object :: [object Object]
info: ===> TimeStamp : 2025-08-11 14:58:13===> API : /api/auth/validateuser ===> Message : validateUser() invoked!!
info: ===> TimeStamp : 2025-08-11 14:58:13===> API : /api/auth/validateuser ===> Message : validateUserDB() Invoked !
info: ===> TimeStamp : 2025-08-11 14:58:13===> API : /api/auth/validateuser ===> Message : validateUserResponse() invoked!
info: ===> TimeStamp : 2025-08-11 14:58:13===> API : /api/auth/validateuser ===> Message : validateUserResponse() completed
info: ===> TimeStamp : 2025-08-11 14:58:13===> API : null ===> Message : validateRequest() invoked
info: ===> TimeStamp : 2025-08-11 14:58:13===> API : null ===> Message : fetchDBSettings()
info: ===> TimeStamp : 2025-08-11 14:58:13===> API : null ===> Message : validateRequest() Invoked!
info: ===> TimeStamp : 2025-08-11 14:58:13===> API : null ===> Message : validRequest() :: Api validated Successfully
info: ===> TimeStamp : 2025-08-11 14:58:13===> API : /api/auth/checkIP ===> Message : IPs match: 103.255.182.117
info: ===> TimeStamp : 2025-08-11 14:58:13===> API : /api/auth/checkIP ===> Message : checkIP() invoked!!
info: ===> TimeStamp : 2025-08-11 14:58:13===> API : /api/auth/checkIP ===> Message : checkIPResponse() invoked!
info: ===> TimeStamp : 2025-08-11 14:58:13===> API : /api/auth/checkIP ===> Message : checkIPResponse() completed
info: ===> TimeStamp : 2025-08-11 14:58:13===> API : null ===> Message : validateRequest() invoked
info: ===> TimeStamp : 2025-08-11 14:58:13===> API : null ===> Message : fetchDBSettings()
info: ===> TimeStamp : 2025-08-11 14:58:13===> API : null ===> Message : validateRequest() Invoked!
info: ===> TimeStamp : 2025-08-11 14:58:13===> API : null ===> Message : validRequest() :: Api validated Successfully
info: ===> TimeStamp : 2025-08-11 14:58:13===> API : /api/auth/login ===> Message : loginUser() invoked!!
info: ===> TimeStamp : 2025-08-11 14:58:13===> API : /api/auth/login ===> Message : loginUser() :: Request Object :: [object Object]
info: ===> TimeStamp : 2025-08-11 14:58:13===> API : /api/auth/login ===> Message : loginUserDB() Invoked !
info: ===> TimeStamp : 2025-08-11 14:58:13===> API : /api/auth/login ===> Message : loginUserResponse() invoked!
info: ===> TimeStamp : 2025-08-11 14:58:13===> API : /api/auth/login ===> Message : loginUserResponse() completed
info: ===> TimeStamp : 2025-08-11 14:58:58===> API : null ===> Message : validateRequest() invoked
info: ===> TimeStamp : 2025-08-11 14:58:58===> API : null ===> Message : fetchDBSettings()
info: ===> TimeStamp : 2025-08-11 14:58:58===> API : null ===> Message : validateRequest() Invoked!
info: ===> TimeStamp : 2025-08-11 14:58:58===> API : /api/auth/validateuser ===> Message : validateUser() invoked!!
info: ===> TimeStamp : 2025-08-11 14:58:58===> API : null ===> Message : validRequest() :: Api validated Successfully
info: ===> TimeStamp : 2025-08-11 14:58:58===> API : /api/auth/validateuser ===> Message : validateUser() :: Request Object :: [object Object]
info: ===> TimeStamp : 2025-08-11 14:58:58===> API : /api/auth/validateuser ===> Message : validateUserDB() Invoked !
info: ===> TimeStamp : 2025-08-11 14:58:58===> API : /api/auth/validateuser ===> Message : validateUserResponse() invoked!
info: ===> TimeStamp : 2025-08-11 14:58:58===> API : /api/auth/validateuser ===> Message : validateUserResponse() completed
info: ===> TimeStamp : 2025-08-11 14:58:59===> API : null ===> Message : validateRequest() invoked
info: ===> TimeStamp : 2025-08-11 14:58:59===> API : null ===> Message : fetchDBSettings()
info: ===> TimeStamp : 2025-08-11 14:58:59===> API : null ===> Message : validateRequest() Invoked!
info: ===> TimeStamp : 2025-08-11 14:58:59===> API : null ===> Message : validRequest() :: Api validated Successfully
info: ===> TimeStamp : 2025-08-11 14:58:59===> API : /api/auth/login ===> Message : loginUser() invoked!!
info: ===> TimeStamp : 2025-08-11 14:58:59===> API : /api/auth/login ===> Message : loginUser() :: Request Object :: [object Object]
info: ===> TimeStamp : 2025-08-11 14:58:59===> API : /api/auth/login ===> Message : loginUserDB() Invoked !
info: ===> TimeStamp : 2025-08-11 14:58:59===> API : /api/auth/login ===> Message : loginUserResponse() invoked!
info: ===> TimeStamp : 2025-08-11 14:58:59===> API : /api/auth/login ===> Message : loginUserResponse() completed
info: ===> TimeStamp : 2025-08-11 16:42:56===> API : null ===> Message : validateRequest() invoked
info: ===> TimeStamp : 2025-08-11 16:42:56===> API : null ===> Message : fetchDBSettings()
info: ===> TimeStamp : 2025-08-11 16:42:56===> API : null ===> Message : validateRequest() Invoked!
info: ===> TimeStamp : 2025-08-11 16:42:56===> API : /api/auth/logout ===> Message : logoutUser() invoked!!
info: ===> TimeStamp : 2025-08-11 16:42:56===> API : /api/auth/logout ===> Message : logoutUser() :: Request Object :: [object Object]
info: ===> TimeStamp : 2025-08-11 16:42:56===> API : /api/auth/logout ===> Message : logoutUserDB() Invoked !
info: ===> TimeStamp : 2025-08-11 16:42:56===> API : null ===> Message : validRequest() :: Api validated Successfully
info: ===> TimeStamp : 2025-08-11 16:42:56===> API : /api/auth/logout ===> Message : logoutUserResponse() invoked!
info: ===> TimeStamp : 2025-08-11 16:42:56===> API : /api/auth/logout ===> Message : logoutUserResponse() completed
info: ===> TimeStamp : 2025-08-11 17:23:07===> API : null ===> Message : validateRequest() invoked
info: ===> TimeStamp : 2025-08-11 17:23:07===> API : null ===> Message : fetchDBSettings()
info: ===> TimeStamp : 2025-08-11 17:23:07===> API : null ===> Message : validateRequest() Invoked!
info: ===> TimeStamp : 2025-08-11 17:23:07===> API : null ===> Message : validRequest() :: Api validated Successfully
info: ===> TimeStamp : 2025-08-11 17:23:07===> API : /api/auth/validateuser ===> Message : validateUser() invoked!!
info: ===> TimeStamp : 2025-08-11 17:23:07===> API : /api/auth/validateuser ===> Message : validateUser() :: Request Object :: [object Object]
info: ===> TimeStamp : 2025-08-11 17:23:07===> API : /api/auth/validateuser ===> Message : validateUserDB() Invoked !
info: ===> TimeStamp : 2025-08-11 17:23:07===> API : /api/auth/validateuser ===> Message : validateUserResponse() invoked!
info: ===> TimeStamp : 2025-08-11 17:23:07===> API : /api/auth/validateuser ===> Message : validateUserResponse() completed
info: ===> TimeStamp : 2025-08-11 17:23:07===> API : null ===> Message : validateRequest() invoked
info: ===> TimeStamp : 2025-08-11 17:23:07===> API : null ===> Message : fetchDBSettings()
info: ===> TimeStamp : 2025-08-11 17:23:07===> API : null ===> Message : validateRequest() Invoked!
info: ===> TimeStamp : 2025-08-11 17:23:07===> API : null ===> Message : validRequest() :: Api validated Successfully
info: ===> TimeStamp : 2025-08-11 17:23:07===> API : /api/auth/login ===> Message : loginUser() invoked!!
info: ===> TimeStamp : 2025-08-11 17:23:07===> API : /api/auth/login ===> Message : loginUser() :: Request Object :: [object Object]
info: ===> TimeStamp : 2025-08-11 17:23:07===> API : /api/auth/login ===> Message : loginUserDB() Invoked !
info: ===> TimeStamp : 2025-08-11 17:23:07===> API : /api/auth/login ===> Message : loginUserResponse() invoked!
info: ===> TimeStamp : 2025-08-11 17:23:07===> API : /api/auth/login ===> Message : loginUserResponse() completed
info: ===> TimeStamp : 2025-08-11 17:49:40===> API : null ===> Message : validateRequest() invoked
info: ===> TimeStamp : 2025-08-11 17:49:40===> API : null ===> Message : fetchDBSettings()
info: ===> TimeStamp : 2025-08-11 17:49:40===> API : null ===> Message : validateRequest() Invoked!
info: ===> TimeStamp : 2025-08-11 17:49:40===> API : null ===> Message : validRequest() :: Api validated Successfully
info: ===> TimeStamp : 2025-08-11 17:49:40===> API : /api/auth/validateuser ===> Message : validateUser() invoked!!
info: ===> TimeStamp : 2025-08-11 17:49:40===> API : /api/auth/validateuser ===> Message : validateUser() :: Request Object :: [object Object]
info: ===> TimeStamp : 2025-08-11 17:49:40===> API : /api/auth/validateuser ===> Message : validateUserDB() Invoked !
info: ===> TimeStamp : 2025-08-11 17:49:41===> API : /api/auth/validateuser ===> Message : validateUserResponse() invoked!
info: ===> TimeStamp : 2025-08-11 17:49:41===> API : /api/auth/validateuser ===> Message : validateUserResponse() completed
info: ===> TimeStamp : 2025-08-11 17:49:41===> API : null ===> Message : validateRequest() invoked
info: ===> TimeStamp : 2025-08-11 17:49:41===> API : null ===> Message : fetchDBSettings()
info: ===> TimeStamp : 2025-08-11 17:49:41===> API : null ===> Message : validateRequest() Invoked!
info: ===> TimeStamp : 2025-08-11 17:49:41===> API : null ===> Message : validRequest() :: Api validated Successfully
info: ===> TimeStamp : 2025-08-11 17:49:41===> API : /api/auth/login ===> Message : loginUser() invoked!!
info: ===> TimeStamp : 2025-08-11 17:49:41===> API : /api/auth/login ===> Message : loginUser() :: Request Object :: [object Object]
info: ===> TimeStamp : 2025-08-11 17:49:41===> API : /api/auth/login ===> Message : loginUserDB() Invoked !
info: ===> TimeStamp : 2025-08-11 17:49:41===> API : /api/auth/login ===> Message : loginUserResponse() invoked!
info: ===> TimeStamp : 2025-08-11 17:49:41===> API : /api/auth/login ===> Message : loginUserResponse() completed
info: ===> TimeStamp : 2025-08-11 17:51:00===> API : null ===> Message : validateRequest() invoked
info: ===> TimeStamp : 2025-08-11 17:51:00===> API : null ===> Message : fetchDBSettings()
info: ===> TimeStamp : 2025-08-11 17:51:00===> API : null ===> Message : validateRequest() Invoked!
info: ===> TimeStamp : 2025-08-11 17:51:00===> API : null ===> Message : validRequest() :: Api validated Successfully
info: ===> TimeStamp : 2025-08-11 17:51:00===> API : /api/auth/validateuser ===> Message : validateUser() invoked!!
info: ===> TimeStamp : 2025-08-11 17:51:00===> API : /api/auth/validateuser ===> Message : validateUser() :: Request Object :: [object Object]
info: ===> TimeStamp : 2025-08-11 17:51:00===> API : /api/auth/validateuser ===> Message : validateUserDB() Invoked !
info: ===> TimeStamp : 2025-08-11 17:51:00===> API : /api/auth/validateuser ===> Message : validateUserResponse() invoked!
info: ===> TimeStamp : 2025-08-11 17:51:00===> API : /api/auth/validateuser ===> Message : validateUserResponse() completed
info: ===> TimeStamp : 2025-08-11 17:51:00===> API : null ===> Message : validateRequest() invoked
info: ===> TimeStamp : 2025-08-11 17:51:00===> API : null ===> Message : fetchDBSettings()
info: ===> TimeStamp : 2025-08-11 17:51:00===> API : null ===> Message : validateRequest() Invoked!
info: ===> TimeStamp : 2025-08-11 17:51:00===> API : null ===> Message : validRequest() :: Api validated Successfully
info: ===> TimeStamp : 2025-08-11 17:51:00===> API : /api/auth/login ===> Message : loginUser() invoked!!
info: ===> TimeStamp : 2025-08-11 17:51:00===> API : /api/auth/login ===> Message : loginUser() :: Request Object :: [object Object]
info: ===> TimeStamp : 2025-08-11 17:51:00===> API : /api/auth/login ===> Message : loginUserDB() Invoked !
info: ===> TimeStamp : 2025-08-11 17:51:00===> API : /api/auth/login ===> Message : loginUserResponse() invoked!
info: ===> TimeStamp : 2025-08-11 17:51:00===> API : /api/auth/login ===> Message : loginUserResponse() completed
info: ===> TimeStamp : 2025-08-11 17:55:27===> API : null ===> Message : validateRequest() invoked
info: ===> TimeStamp : 2025-08-11 17:55:27===> API : null ===> Message : validateRequest() Error:: Invalid Request :: 
      {"apiUri":"/"}
info: ===> TimeStamp : 2025-08-11 18:36:56===> API : null ===> Message : validateRequest() invoked
info: ===> TimeStamp : 2025-08-11 18:36:56===> API : null ===> Message : fetchDBSettings()
info: ===> TimeStamp : 2025-08-11 18:36:56===> API : null ===> Message : validateRequest() Invoked!
info: ===> TimeStamp : 2025-08-11 18:36:56===> API : null ===> Message : validRequest() :: Api validated Successfully
info: ===> TimeStamp : 2025-08-11 18:36:56===> API : /api/auth/validateuser ===> Message : validateUser() invoked!!
info: ===> TimeStamp : 2025-08-11 18:36:56===> API : /api/auth/validateuser ===> Message : validateUser() :: Request Object :: [object Object]
info: ===> TimeStamp : 2025-08-11 18:36:56===> API : /api/auth/validateuser ===> Message : validateUserDB() Invoked !
info: ===> TimeStamp : 2025-08-11 18:36:56===> API : /api/auth/validateuser ===> Message : validateUserResponse() invoked!
info: ===> TimeStamp : 2025-08-11 18:36:56===> API : /api/auth/validateuser ===> Message : validateUserResponse() completed
info: ===> TimeStamp : 2025-08-11 18:36:56===> API : null ===> Message : validateRequest() invoked
info: ===> TimeStamp : 2025-08-11 18:36:56===> API : null ===> Message : fetchDBSettings()
info: ===> TimeStamp : 2025-08-11 18:36:56===> API : null ===> Message : validateRequest() Invoked!
info: ===> TimeStamp : 2025-08-11 18:36:56===> API : null ===> Message : validRequest() :: Api validated Successfully
info: ===> TimeStamp : 2025-08-11 18:36:56===> API : /api/auth/login ===> Message : loginUser() invoked!!
info: ===> TimeStamp : 2025-08-11 18:36:56===> API : /api/auth/login ===> Message : loginUser() :: Request Object :: [object Object]
info: ===> TimeStamp : 2025-08-11 18:36:56===> API : /api/auth/login ===> Message : loginUserDB() Invoked !
info: ===> TimeStamp : 2025-08-11 18:36:56===> API : /api/auth/login ===> Message : loginUserResponse() invoked!
info: ===> TimeStamp : 2025-08-11 18:36:56===> API : /api/auth/login ===> Message : loginUserResponse() completed
info: ===> TimeStamp : 2025-08-11 18:37:36===> API : null ===> Message : validateRequest() invoked
info: ===> TimeStamp : 2025-08-11 18:37:36===> API : null ===> Message : validateRequest() Error:: Invalid Request :: 
      {"apiUri":"/"}
info: ===> TimeStamp : 2025-08-11 18:37:38===> API : null ===> Message : validateRequest() invoked
info: ===> TimeStamp : 2025-08-11 18:37:38===> API : null ===> Message : validateRequest() Error:: Invalid Request :: 
      {"apiUri":"/favicon.ico"}
info: ===> TimeStamp : 2025-08-11 18:37:53===> API : null ===> Message : validateRequest() invoked
info: ===> TimeStamp : 2025-08-11 18:37:53===> API : null ===> Message : validateRequest() Error:: Invalid Request :: 
      {"apiUri":"/favicon.ico"}
info: ===> TimeStamp : 2025-08-11 18:38:12===> API : null ===> Message : validateRequest() invoked
info: ===> TimeStamp : 2025-08-11 18:38:12===> API : null ===> Message : validateRequest() Error:: Invalid Request :: 
      {"apiUri":"/wiki"}
info: ===> TimeStamp : 2025-08-11 18:38:46===> API : null ===> Message : validateRequest() invoked
info: ===> TimeStamp : 2025-08-11 18:38:46===> API : null ===> Message : fetchDBSettings()
info: ===> TimeStamp : 2025-08-11 18:38:46===> API : null ===> Message : validateRequest() Invoked!
info: ===> TimeStamp : 2025-08-11 18:38:46===> API : null ===> Message : validRequest() :: Api validated Successfully
info: ===> TimeStamp : 2025-08-11 18:38:46===> API : /api/auth/validateuser ===> Message : validateUser() invoked!!
info: ===> TimeStamp : 2025-08-11 18:38:46===> API : /api/auth/validateuser ===> Message : validateUser() :: Request Object :: [object Object]
info: ===> TimeStamp : 2025-08-11 18:38:46===> API : /api/auth/validateuser ===> Message : validateUserDB() Invoked !
info: ===> TimeStamp : 2025-08-11 18:38:46===> API : /api/auth/validateuser ===> Message : validateUserResponse() invoked!
info: ===> TimeStamp : 2025-08-11 18:38:46===> API : /api/auth/validateuser ===> Message : validateUserResponse() completed
info: ===> TimeStamp : 2025-08-11 18:38:46===> API : null ===> Message : validateRequest() invoked
info: ===> TimeStamp : 2025-08-11 18:38:46===> API : null ===> Message : fetchDBSettings()
info: ===> TimeStamp : 2025-08-11 18:38:46===> API : null ===> Message : validateRequest() Invoked!
info: ===> TimeStamp : 2025-08-11 18:38:46===> API : null ===> Message : validRequest() :: Api validated Successfully
info: ===> TimeStamp : 2025-08-11 18:38:46===> API : /api/auth/login ===> Message : loginUser() invoked!!
info: ===> TimeStamp : 2025-08-11 18:38:46===> API : /api/auth/login ===> Message : loginUser() :: Request Object :: [object Object]
info: ===> TimeStamp : 2025-08-11 18:38:46===> API : /api/auth/login ===> Message : loginUserDB() Invoked !
info: ===> TimeStamp : 2025-08-11 18:38:46===> API : /api/auth/login ===> Message : loginUserResponse() invoked!
info: ===> TimeStamp : 2025-08-11 18:38:46===> API : /api/auth/login ===> Message : loginUserResponse() completed
info: ===> TimeStamp : 2025-08-11 18:45:54===> API : null ===> Message : validateRequest() invoked
info: ===> TimeStamp : 2025-08-11 18:45:54===> API : null ===> Message : validateRequest() Error:: Invalid Request :: 
      {"apiUri":"/pdown"}
info: ===> TimeStamp : 2025-08-11 19:42:27===> API : null ===> Message : validateRequest() invoked
info: ===> TimeStamp : 2025-08-11 19:42:27===> API : null ===> Message : fetchDBSettings()
info: ===> TimeStamp : 2025-08-11 19:42:27===> API : null ===> Message : validateRequest() Invoked!
info: ===> TimeStamp : 2025-08-11 19:42:27===> API : null ===> Message : validRequest() :: Api validated Successfully
info: ===> TimeStamp : 2025-08-11 19:42:27===> API : /api/auth/validateuser ===> Message : validateUser() invoked!!
info: ===> TimeStamp : 2025-08-11 19:42:27===> API : /api/auth/validateuser ===> Message : validateUser() :: Request Object :: [object Object]
info: ===> TimeStamp : 2025-08-11 19:42:27===> API : /api/auth/validateuser ===> Message : validateUserDB() Invoked !
info: ===> TimeStamp : 2025-08-11 19:42:27===> API : /api/auth/validateuser ===> Message : validateUserResponse() invoked!
info: ===> TimeStamp : 2025-08-11 19:42:27===> API : /api/auth/validateuser ===> Message : validateUserResponse() completed
info: ===> TimeStamp : 2025-08-11 19:42:27===> API : null ===> Message : validateRequest() invoked
info: ===> TimeStamp : 2025-08-11 19:42:27===> API : null ===> Message : fetchDBSettings()
info: ===> TimeStamp : 2025-08-11 19:42:27===> API : null ===> Message : validateRequest() Invoked!
info: ===> TimeStamp : 2025-08-11 19:42:27===> API : null ===> Message : validRequest() :: Api validated Successfully
info: ===> TimeStamp : 2025-08-11 19:42:27===> API : /api/auth/login ===> Message : loginUser() invoked!!
info: ===> TimeStamp : 2025-08-11 19:42:27===> API : /api/auth/login ===> Message : loginUser() :: Request Object :: [object Object]
info: ===> TimeStamp : 2025-08-11 19:42:27===> API : /api/auth/login ===> Message : loginUserDB() Invoked !
info: ===> TimeStamp : 2025-08-11 19:42:27===> API : /api/auth/login ===> Message : loginUserResponse() invoked!
info: ===> TimeStamp : 2025-08-11 19:42:27===> API : /api/auth/login ===> Message : loginUserResponse() completed
info: ===> TimeStamp : 2025-08-11 20:05:53===> API : null ===> Message : validateRequest() invoked
info: ===> TimeStamp : 2025-08-11 20:05:53===> API : null ===> Message : fetchDBSettings()
info: ===> TimeStamp : 2025-08-11 20:05:53===> API : null ===> Message : validateRequest() Invoked!
info: ===> TimeStamp : 2025-08-11 20:05:53===> API : null ===> Message : validRequest() :: Api validated Successfully
info: ===> TimeStamp : 2025-08-11 20:05:53===> API : /api/auth/validateuser ===> Message : validateUser() invoked!!
info: ===> TimeStamp : 2025-08-11 20:05:53===> API : /api/auth/validateuser ===> Message : validateUser() :: Request Object :: [object Object]
info: ===> TimeStamp : 2025-08-11 20:05:53===> API : /api/auth/validateuser ===> Message : validateUserDB() Invoked !
info: ===> TimeStamp : 2025-08-11 20:05:53===> API : /api/auth/validateuser ===> Message : validateUserResponse() invoked!
info: ===> TimeStamp : 2025-08-11 20:05:53===> API : /api/auth/validateuser ===> Message : validateUserResponse() completed
info: ===> TimeStamp : 2025-08-11 20:05:54===> API : null ===> Message : validateRequest() invoked
info: ===> TimeStamp : 2025-08-11 20:05:54===> API : null ===> Message : fetchDBSettings()
info: ===> TimeStamp : 2025-08-11 20:05:54===> API : null ===> Message : validateRequest() Invoked!
info: ===> TimeStamp : 2025-08-11 20:05:54===> API : null ===> Message : validRequest() :: Api validated Successfully
info: ===> TimeStamp : 2025-08-11 20:05:54===> API : /api/auth/login ===> Message : loginUser() invoked!!
info: ===> TimeStamp : 2025-08-11 20:05:54===> API : /api/auth/login ===> Message : loginUser() :: Request Object :: [object Object]
info: ===> TimeStamp : 2025-08-11 20:05:54===> API : /api/auth/login ===> Message : loginUserDB() Invoked !
info: ===> TimeStamp : 2025-08-11 20:05:54===> API : /api/auth/login ===> Message : loginUserResponse() invoked!
info: ===> TimeStamp : 2025-08-11 20:05:54===> API : /api/auth/login ===> Message : loginUserResponse() completed
info: ===> TimeStamp : 2025-08-11 20:49:23===> API : null ===> Message : validateRequest() invoked
info: ===> TimeStamp : 2025-08-11 20:49:23===> API : null ===> Message : fetchDBSettings()
info: ===> TimeStamp : 2025-08-11 20:49:23===> API : null ===> Message : validateRequest() Invoked!
info: ===> TimeStamp : 2025-08-11 20:49:23===> API : null ===> Message : validRequest() :: Api validated Successfully
info: ===> TimeStamp : 2025-08-11 20:49:23===> API : /api/auth/validateuser ===> Message : validateUser() invoked!!
info: ===> TimeStamp : 2025-08-11 20:49:23===> API : /api/auth/validateuser ===> Message : validateUser() :: Request Object :: [object Object]
info: ===> TimeStamp : 2025-08-11 20:49:23===> API : /api/auth/validateuser ===> Message : validateUserDB() Invoked !
info: ===> TimeStamp : 2025-08-11 20:49:23===> API : /api/auth/validateuser ===> Message : validateUserResponse() invoked!
info: ===> TimeStamp : 2025-08-11 20:49:23===> API : /api/auth/validateuser ===> Message : validateUserResponse() completed
info: ===> TimeStamp : 2025-08-11 20:49:23===> API : null ===> Message : validateRequest() invoked
info: ===> TimeStamp : 2025-08-11 20:49:23===> API : null ===> Message : fetchDBSettings()
info: ===> TimeStamp : 2025-08-11 20:49:23===> API : null ===> Message : validateRequest() Invoked!
info: ===> TimeStamp : 2025-08-11 20:49:23===> API : null ===> Message : validRequest() :: Api validated Successfully
info: ===> TimeStamp : 2025-08-11 20:49:23===> API : /api/auth/login ===> Message : loginUser() invoked!!
info: ===> TimeStamp : 2025-08-11 20:49:23===> API : /api/auth/login ===> Message : loginUser() :: Request Object :: [object Object]
info: ===> TimeStamp : 2025-08-11 20:49:23===> API : /api/auth/login ===> Message : loginUserDB() Invoked !
info: ===> TimeStamp : 2025-08-11 20:49:23===> API : /api/auth/login ===> Message : loginUserResponse() invoked!
info: ===> TimeStamp : 2025-08-11 20:49:23===> API : /api/auth/login ===> Message : loginUserResponse() completed
info: ===> TimeStamp : 2025-08-11 20:57:40===> API : null ===> Message : validateRequest() invoked
info: ===> TimeStamp : 2025-08-11 20:57:40===> API : null ===> Message : fetchDBSettings()
info: ===> TimeStamp : 2025-08-11 20:57:40===> API : null ===> Message : validateRequest() Invoked!
info: ===> TimeStamp : 2025-08-11 20:57:40===> API : null ===> Message : validRequest() :: Api validated Successfully
info: ===> TimeStamp : 2025-08-11 20:57:40===> API : /api/auth/validateuser ===> Message : validateUser() invoked!!
info: ===> TimeStamp : 2025-08-11 20:57:40===> API : /api/auth/validateuser ===> Message : validateUser() :: Request Object :: [object Object]
info: ===> TimeStamp : 2025-08-11 20:57:40===> API : /api/auth/validateuser ===> Message : validateUserDB() Invoked !
info: ===> TimeStamp : 2025-08-11 20:57:40===> API : /api/auth/validateuser ===> Message : validateUserResponse() invoked!
info: ===> TimeStamp : 2025-08-11 20:57:40===> API : /api/auth/validateuser ===> Message : validateUserResponse() completed
info: ===> TimeStamp : 2025-08-11 20:57:41===> API : null ===> Message : validateRequest() invoked
info: ===> TimeStamp : 2025-08-11 20:57:41===> API : null ===> Message : fetchDBSettings()
info: ===> TimeStamp : 2025-08-11 20:57:41===> API : null ===> Message : validateRequest() Invoked!
info: ===> TimeStamp : 2025-08-11 20:57:41===> API : null ===> Message : validRequest() :: Api validated Successfully
info: ===> TimeStamp : 2025-08-11 20:57:41===> API : /api/auth/login ===> Message : loginUser() invoked!!
info: ===> TimeStamp : 2025-08-11 20:57:41===> API : /api/auth/login ===> Message : loginUser() :: Request Object :: [object Object]
info: ===> TimeStamp : 2025-08-11 20:57:41===> API : /api/auth/login ===> Message : loginUserDB() Invoked !
info: ===> TimeStamp : 2025-08-11 20:57:41===> API : /api/auth/login ===> Message : loginUserResponse() invoked!
info: ===> TimeStamp : 2025-08-11 20:57:41===> API : /api/auth/login ===> Message : loginUserResponse() completed
info: ===> TimeStamp : 2025-08-11 21:02:23===> API : null ===> Message : validateRequest() invoked
info: ===> TimeStamp : 2025-08-11 21:02:23===> API : null ===> Message : fetchDBSettings()
info: ===> TimeStamp : 2025-08-11 21:02:23===> API : null ===> Message : validateRequest() Invoked!
info: ===> TimeStamp : 2025-08-11 21:02:23===> API : null ===> Message : validRequest() :: Api validated Successfully
info: ===> TimeStamp : 2025-08-11 21:02:23===> API : /api/auth/validateuser ===> Message : validateUser() :: Request Object :: [object Object]
info: ===> TimeStamp : 2025-08-11 21:02:23===> API : /api/auth/validateuser ===> Message : validateUserDB() Invoked !
info: ===> TimeStamp : 2025-08-11 21:02:23===> API : /api/auth/validateuser ===> Message : validateUser() invoked!!
info: ===> TimeStamp : 2025-08-11 21:02:23===> API : /api/auth/validateuser ===> Message : validateUserResponse() invoked!
info: ===> TimeStamp : 2025-08-11 21:02:23===> API : /api/auth/validateuser ===> Message : validateUserResponse() completed
info: ===> TimeStamp : 2025-08-11 21:02:23===> API : null ===> Message : validateRequest() invoked
info: ===> TimeStamp : 2025-08-11 21:02:23===> API : null ===> Message : fetchDBSettings()
info: ===> TimeStamp : 2025-08-11 21:02:23===> API : null ===> Message : validateRequest() Invoked!
info: ===> TimeStamp : 2025-08-11 21:02:23===> API : null ===> Message : validRequest() :: Api validated Successfully
info: ===> TimeStamp : 2025-08-11 21:02:23===> API : /api/auth/login ===> Message : loginUser() invoked!!
info: ===> TimeStamp : 2025-08-11 21:02:23===> API : /api/auth/login ===> Message : loginUser() :: Request Object :: [object Object]
info: ===> TimeStamp : 2025-08-11 21:02:23===> API : /api/auth/login ===> Message : loginUserDB() Invoked !
info: ===> TimeStamp : 2025-08-11 21:02:23===> API : /api/auth/login ===> Message : loginUserResponse() invoked!
info: ===> TimeStamp : 2025-08-11 21:02:23===> API : /api/auth/login ===> Message : loginUserResponse() completed
info: ===> TimeStamp : 2025-08-11 21:04:49===> API : null ===> Message : validateRequest() invoked
info: ===> TimeStamp : 2025-08-11 21:04:49===> API : null ===> Message : fetchDBSettings()
info: ===> TimeStamp : 2025-08-11 21:04:49===> API : null ===> Message : validateRequest() invoked
info: ===> TimeStamp : 2025-08-11 21:04:49===> API : null ===> Message : fetchDBSettings()
info: ===> TimeStamp : 2025-08-11 21:04:49===> API : null ===> Message : validateRequest() Invoked!
info: ===> TimeStamp : 2025-08-11 21:04:49===> API : null ===> Message : validateRequest() Invoked!
info: ===> TimeStamp : 2025-08-11 21:04:49===> API : null ===> Message : validRequest() :: Api validated Successfully
info: ===> TimeStamp : 2025-08-11 21:04:49===> API : /api/auth/validateuser ===> Message : validateUser() invoked!!
info: ===> TimeStamp : 2025-08-11 21:04:49===> API : /api/auth/validateuser ===> Message : validateUser() :: Request Object :: [object Object]
info: ===> TimeStamp : 2025-08-11 21:04:49===> API : /api/auth/validateuser ===> Message : validateUserDB() Invoked !
info: ===> TimeStamp : 2025-08-11 21:04:49===> API : null ===> Message : validRequest() :: Api validated Successfully
info: ===> TimeStamp : 2025-08-11 21:04:49===> API : /api/auth/validateuser ===> Message : validateUser() invoked!!
info: ===> TimeStamp : 2025-08-11 21:04:49===> API : /api/auth/validateuser ===> Message : validateUser() :: Request Object :: [object Object]
info: ===> TimeStamp : 2025-08-11 21:04:49===> API : /api/auth/validateuser ===> Message : validateUserDB() Invoked !
info: ===> TimeStamp : 2025-08-11 21:04:49===> API : /api/auth/validateuser ===> Message : validateUserResponse() invoked!
info: ===> TimeStamp : 2025-08-11 21:04:49===> API : /api/auth/validateuser ===> Message : validateUserResponse() completed
info: ===> TimeStamp : 2025-08-11 21:04:49===> API : /api/auth/validateuser ===> Message : validateUserResponse() invoked!
info: ===> TimeStamp : 2025-08-11 21:04:49===> API : /api/auth/validateuser ===> Message : validateUserResponse() completed
info: ===> TimeStamp : 2025-08-11 21:04:49===> API : null ===> Message : validateRequest() invoked
info: ===> TimeStamp : 2025-08-11 21:04:49===> API : null ===> Message : fetchDBSettings()
info: ===> TimeStamp : 2025-08-11 21:04:49===> API : null ===> Message : validateRequest() Invoked!
info: ===> TimeStamp : 2025-08-11 21:04:49===> API : null ===> Message : validRequest() :: Api validated Successfully
info: ===> TimeStamp : 2025-08-11 21:04:49===> API : /api/auth/login ===> Message : loginUser() invoked!!
info: ===> TimeStamp : 2025-08-11 21:04:49===> API : /api/auth/login ===> Message : loginUser() :: Request Object :: [object Object]
info: ===> TimeStamp : 2025-08-11 21:04:49===> API : /api/auth/login ===> Message : loginUserDB() Invoked !
info: ===> TimeStamp : 2025-08-11 21:04:49===> API : null ===> Message : validateRequest() invoked
info: ===> TimeStamp : 2025-08-11 21:04:49===> API : null ===> Message : fetchDBSettings()
info: ===> TimeStamp : 2025-08-11 21:04:49===> API : null ===> Message : validateRequest() Invoked!
info: ===> TimeStamp : 2025-08-11 21:04:49===> API : /api/auth/login ===> Message : loginUserResponse() invoked!
info: ===> TimeStamp : 2025-08-11 21:04:49===> API : /api/auth/login ===> Message : loginUserResponse() completed
info: ===> TimeStamp : 2025-08-11 21:04:49===> API : null ===> Message : validRequest() :: Api validated Successfully
info: ===> TimeStamp : 2025-08-11 21:04:49===> API : /api/auth/login ===> Message : loginUser() invoked!!
info: ===> TimeStamp : 2025-08-11 21:04:49===> API : /api/auth/login ===> Message : loginUser() :: Request Object :: [object Object]
info: ===> TimeStamp : 2025-08-11 21:04:49===> API : /api/auth/login ===> Message : loginUserDB() Invoked !
info: ===> TimeStamp : 2025-08-11 21:04:49===> API : /api/auth/login ===> Message : loginUserResponse() invoked!
info: ===> TimeStamp : 2025-08-11 21:04:49===> API : /api/auth/login ===> Message : loginUserResponse() completed
info: ===> TimeStamp : 2025-08-11 21:08:08===> API : null ===> Message : validateRequest() invoked
info: ===> TimeStamp : 2025-08-11 21:08:08===> API : null ===> Message : fetchDBSettings()
info: ===> TimeStamp : 2025-08-11 21:08:08===> API : null ===> Message : validateRequest() Invoked!
info: ===> TimeStamp : 2025-08-11 21:08:08===> API : null ===> Message : validRequest() :: Api validated Successfully
info: ===> TimeStamp : 2025-08-11 21:08:08===> API : /api/auth/validateuser ===> Message : validateUser() invoked!!
info: ===> TimeStamp : 2025-08-11 21:08:08===> API : /api/auth/validateuser ===> Message : validateUser() :: Request Object :: [object Object]
info: ===> TimeStamp : 2025-08-11 21:08:08===> API : /api/auth/validateuser ===> Message : validateUserDB() Invoked !
info: ===> TimeStamp : 2025-08-11 21:08:08===> API : /api/auth/validateuser ===> Message : validateUserResponse() invoked!
info: ===> TimeStamp : 2025-08-11 21:08:08===> API : /api/auth/validateuser ===> Message : validateUserResponse() completed
info: ===> TimeStamp : 2025-08-11 21:08:08===> API : null ===> Message : validateRequest() invoked
info: ===> TimeStamp : 2025-08-11 21:08:08===> API : null ===> Message : fetchDBSettings()
info: ===> TimeStamp : 2025-08-11 21:08:08===> API : null ===> Message : validateRequest() Invoked!
info: ===> TimeStamp : 2025-08-11 21:08:08===> API : null ===> Message : validRequest() :: Api validated Successfully
info: ===> TimeStamp : 2025-08-11 21:08:08===> API : /api/auth/login ===> Message : loginUser() invoked!!
info: ===> TimeStamp : 2025-08-11 21:08:08===> API : /api/auth/login ===> Message : loginUser() :: Request Object :: [object Object]
info: ===> TimeStamp : 2025-08-11 21:08:08===> API : /api/auth/login ===> Message : loginUserDB() Invoked !
info: ===> TimeStamp : 2025-08-11 21:08:08===> API : /api/auth/login ===> Message : loginUserResponse() invoked!
info: ===> TimeStamp : 2025-08-11 21:08:08===> API : /api/auth/login ===> Message : loginUserResponse() completed
info: ===> TimeStamp : 2025-08-11 21:42:32===> API : null ===> Message : validateRequest() invoked
info: ===> TimeStamp : 2025-08-11 21:42:32===> API : null ===> Message : fetchDBSettings()
info: ===> TimeStamp : 2025-08-11 21:42:32===> API : null ===> Message : validateRequest() Invoked!
info: ===> TimeStamp : 2025-08-11 21:42:32===> API : null ===> Message : validRequest() :: Api validated Successfully
info: ===> TimeStamp : 2025-08-11 21:42:32===> API : /api/auth/logout ===> Message : logoutUser() invoked!!
info: ===> TimeStamp : 2025-08-11 21:42:32===> API : /api/auth/logout ===> Message : logoutUser() :: Request Object :: [object Object]
info: ===> TimeStamp : 2025-08-11 21:42:32===> API : /api/auth/logout ===> Message : logoutUserDB() Invoked !
info: ===> TimeStamp : 2025-08-11 21:42:32===> API : /api/auth/logout ===> Message : logoutUserResponse() invoked!
info: ===> TimeStamp : 2025-08-11 21:42:32===> API : /api/auth/logout ===> Message : logoutUserResponse() completed
info: ===> TimeStamp : 2025-08-11 21:47:32===> API : null ===> Message : validateRequest() invoked
info: ===> TimeStamp : 2025-08-11 21:47:32===> API : null ===> Message : fetchDBSettings()
info: ===> TimeStamp : 2025-08-11 21:47:32===> API : null ===> Message : validateRequest() Invoked!
info: ===> TimeStamp : 2025-08-11 21:47:32===> API : null ===> Message : validRequest() :: Api validated Successfully
info: ===> TimeStamp : 2025-08-11 21:47:32===> API : /api/auth/logout ===> Message : logoutUser() :: Request Object :: [object Object]
info: ===> TimeStamp : 2025-08-11 21:47:32===> API : /api/auth/logout ===> Message : logoutUser() invoked!!
info: ===> TimeStamp : 2025-08-11 21:47:32===> API : /api/auth/logout ===> Message : logoutUserDB() Invoked !
info: ===> TimeStamp : 2025-08-11 21:47:32===> API : /api/auth/logout ===> Message : logoutUserResponse() invoked!
info: ===> TimeStamp : 2025-08-11 21:47:32===> API : /api/auth/logout ===> Message : logoutUserResponse() completed
info: ===> TimeStamp : 2025-08-11 21:47:50===> API : null ===> Message : validateRequest() invoked
info: ===> TimeStamp : 2025-08-11 21:47:50===> API : null ===> Message : fetchDBSettings()
info: ===> TimeStamp : 2025-08-11 21:47:50===> API : null ===> Message : validateRequest() Invoked!
info: ===> TimeStamp : 2025-08-11 21:47:50===> API : null ===> Message : validRequest() :: Api validated Successfully
info: ===> TimeStamp : 2025-08-11 21:47:50===> API : /api/auth/validateuser ===> Message : validateUser() invoked!!
info: ===> TimeStamp : 2025-08-11 21:47:50===> API : /api/auth/validateuser ===> Message : validateUser() :: Request Object :: [object Object]
info: ===> TimeStamp : 2025-08-11 21:47:50===> API : /api/auth/validateuser ===> Message : validateUserDB() Invoked !
info: ===> TimeStamp : 2025-08-11 21:47:50===> API : /api/auth/validateuser ===> Message : validateUserResponse() invoked!
info: ===> TimeStamp : 2025-08-11 21:47:50===> API : /api/auth/validateuser ===> Message : validateUserResponse() completed
info: ===> TimeStamp : 2025-08-11 21:47:50===> API : null ===> Message : validateRequest() invoked
info: ===> TimeStamp : 2025-08-11 21:47:50===> API : null ===> Message : fetchDBSettings()
info: ===> TimeStamp : 2025-08-11 21:47:50===> API : null ===> Message : validateRequest() Invoked!
info: ===> TimeStamp : 2025-08-11 21:47:50===> API : null ===> Message : validRequest() :: Api validated Successfully
info: ===> TimeStamp : 2025-08-11 21:47:50===> API : /api/auth/checkIP ===> Message : checkIP() invoked!!
info: ===> TimeStamp : 2025-08-11 21:47:50===> API : /api/auth/checkIP ===> Message : IPs match: 103.255.182.117
info: ===> TimeStamp : 2025-08-11 21:47:50===> API : /api/auth/checkIP ===> Message : checkIPResponse() invoked!
info: ===> TimeStamp : 2025-08-11 21:47:50===> API : /api/auth/checkIP ===> Message : checkIPResponse() completed
info: ===> TimeStamp : 2025-08-11 21:47:50===> API : null ===> Message : validateRequest() invoked
info: ===> TimeStamp : 2025-08-11 21:47:50===> API : null ===> Message : fetchDBSettings()
info: ===> TimeStamp : 2025-08-11 21:47:50===> API : null ===> Message : validateRequest() Invoked!
info: ===> TimeStamp : 2025-08-11 21:47:50===> API : null ===> Message : validRequest() :: Api validated Successfully
info: ===> TimeStamp : 2025-08-11 21:47:50===> API : /api/auth/login ===> Message : loginUser() invoked!!
info: ===> TimeStamp : 2025-08-11 21:47:50===> API : /api/auth/login ===> Message : loginUser() :: Request Object :: [object Object]
info: ===> TimeStamp : 2025-08-11 21:47:50===> API : /api/auth/login ===> Message : loginUserDB() Invoked !
info: ===> TimeStamp : 2025-08-11 21:47:50===> API : /api/auth/login ===> Message : loginUserResponse() invoked!
info: ===> TimeStamp : 2025-08-11 21:47:50===> API : /api/auth/login ===> Message : loginUserResponse() completed
info: ===> TimeStamp : 2025-08-11 21:48:43===> API : null ===> Message : validateRequest() invoked
info: ===> TimeStamp : 2025-08-11 21:48:43===> API : null ===> Message : fetchDBSettings()
info: ===> TimeStamp : 2025-08-11 21:48:43===> API : null ===> Message : validateRequest() Invoked!
info: ===> TimeStamp : 2025-08-11 21:48:43===> API : null ===> Message : validRequest() :: Api validated Successfully
info: ===> TimeStamp : 2025-08-11 21:48:43===> API : /api/auth/validateuser ===> Message : validateUser() invoked!!
info: ===> TimeStamp : 2025-08-11 21:48:43===> API : /api/auth/validateuser ===> Message : validateUser() :: Request Object :: [object Object]
info: ===> TimeStamp : 2025-08-11 21:48:43===> API : /api/auth/validateuser ===> Message : validateUserDB() Invoked !
info: ===> TimeStamp : 2025-08-11 21:48:43===> API : /api/auth/validateuser ===> Message : validateUserResponse() invoked!
info: ===> TimeStamp : 2025-08-11 21:48:43===> API : /api/auth/validateuser ===> Message : validateUserResponse() completed
info: ===> TimeStamp : 2025-08-11 21:48:43===> API : null ===> Message : validateRequest() invoked
info: ===> TimeStamp : 2025-08-11 21:48:43===> API : null ===> Message : fetchDBSettings()
info: ===> TimeStamp : 2025-08-11 21:48:43===> API : null ===> Message : validateRequest() Invoked!
info: ===> TimeStamp : 2025-08-11 21:48:43===> API : null ===> Message : validRequest() :: Api validated Successfully
info: ===> TimeStamp : 2025-08-11 21:48:43===> API : /api/auth/checkIP ===> Message : checkIP() invoked!!
info: ===> TimeStamp : 2025-08-11 21:48:43===> API : /api/auth/checkIP ===> Message : IPs match: 103.255.182.117
info: ===> TimeStamp : 2025-08-11 21:48:43===> API : /api/auth/checkIP ===> Message : checkIPResponse() invoked!
info: ===> TimeStamp : 2025-08-11 21:48:43===> API : /api/auth/checkIP ===> Message : checkIPResponse() completed
info: ===> TimeStamp : 2025-08-11 21:48:43===> API : null ===> Message : validateRequest() invoked
info: ===> TimeStamp : 2025-08-11 21:48:43===> API : null ===> Message : fetchDBSettings()
info: ===> TimeStamp : 2025-08-11 21:48:43===> API : null ===> Message : validateRequest() Invoked!
info: ===> TimeStamp : 2025-08-11 21:48:43===> API : null ===> Message : validRequest() :: Api validated Successfully
info: ===> TimeStamp : 2025-08-11 21:48:43===> API : /api/auth/login ===> Message : loginUser() invoked!!
info: ===> TimeStamp : 2025-08-11 21:48:43===> API : /api/auth/login ===> Message : loginUser() :: Request Object :: [object Object]
info: ===> TimeStamp : 2025-08-11 21:48:43===> API : /api/auth/login ===> Message : loginUserDB() Invoked !
info: ===> TimeStamp : 2025-08-11 21:48:43===> API : /api/auth/login ===> Message : loginUserResponse() invoked!
info: ===> TimeStamp : 2025-08-11 21:48:43===> API : /api/auth/login ===> Message : loginUserResponse() completed
info: ===> TimeStamp : 2025-08-11 21:54:40===> API : null ===> Message : validateRequest() invoked
info: ===> TimeStamp : 2025-08-11 21:54:40===> API : null ===> Message : fetchDBSettings()
info: ===> TimeStamp : 2025-08-11 21:54:40===> API : null ===> Message : validateRequest() Invoked!
info: ===> TimeStamp : 2025-08-11 21:54:40===> API : null ===> Message : validRequest() :: Api validated Successfully
info: ===> TimeStamp : 2025-08-11 21:54:40===> API : /api/auth/validateuser ===> Message : validateUser() invoked!!
info: ===> TimeStamp : 2025-08-11 21:54:40===> API : /api/auth/validateuser ===> Message : validateUser() :: Request Object :: [object Object]
info: ===> TimeStamp : 2025-08-11 21:54:40===> API : /api/auth/validateuser ===> Message : validateUserDB() Invoked !
info: ===> TimeStamp : 2025-08-11 21:54:40===> API : /api/auth/validateuser ===> Message : validateUserResponse() invoked!
info: ===> TimeStamp : 2025-08-11 21:54:40===> API : /api/auth/validateuser ===> Message : validateUserResponse() completed
info: ===> TimeStamp : 2025-08-11 21:54:40===> API : null ===> Message : validateRequest() invoked
info: ===> TimeStamp : 2025-08-11 21:54:40===> API : null ===> Message : fetchDBSettings()
info: ===> TimeStamp : 2025-08-11 21:54:40===> API : null ===> Message : validateRequest() Invoked!
info: ===> TimeStamp : 2025-08-11 21:54:40===> API : null ===> Message : validRequest() :: Api validated Successfully
info: ===> TimeStamp : 2025-08-11 21:54:40===> API : /api/auth/login ===> Message : loginUser() invoked!!
info: ===> TimeStamp : 2025-08-11 21:54:40===> API : /api/auth/login ===> Message : loginUser() :: Request Object :: [object Object]
info: ===> TimeStamp : 2025-08-11 21:54:40===> API : /api/auth/login ===> Message : loginUserDB() Invoked !
info: ===> TimeStamp : 2025-08-11 21:54:40===> API : /api/auth/login ===> Message : loginUserResponse() invoked!
info: ===> TimeStamp : 2025-08-11 21:54:40===> API : /api/auth/login ===> Message : loginUserResponse() completed
info: ===> TimeStamp : 2025-08-11 23:12:07===> API : null ===> Message : validateRequest() invoked
info: ===> TimeStamp : 2025-08-11 23:12:07===> API : null ===> Message : fetchDBSettings()
info: ===> TimeStamp : 2025-08-11 23:12:07===> API : null ===> Message : validateRequest() Invoked!
info: ===> TimeStamp : 2025-08-11 23:12:07===> API : null ===> Message : validRequest() :: Api validated Successfully
info: ===> TimeStamp : 2025-08-11 23:12:07===> API : /api/auth/validateuser ===> Message : validateUser() :: Request Object :: [object Object]
info: ===> TimeStamp : 2025-08-11 23:12:07===> API : /api/auth/validateuser ===> Message : validateUserDB() Invoked !
info: ===> TimeStamp : 2025-08-11 23:12:07===> API : /api/auth/validateuser ===> Message : validateUser() invoked!!
info: ===> TimeStamp : 2025-08-11 23:12:07===> API : /api/auth/validateuser ===> Message : validateUserResponse() invoked!
info: ===> TimeStamp : 2025-08-11 23:12:07===> API : /api/auth/validateuser ===> Message : validateUserResponse() completed
info: ===> TimeStamp : 2025-08-11 23:12:07===> API : null ===> Message : validateRequest() invoked
info: ===> TimeStamp : 2025-08-11 23:12:07===> API : null ===> Message : fetchDBSettings()
info: ===> TimeStamp : 2025-08-11 23:12:07===> API : null ===> Message : validateRequest() Invoked!
info: ===> TimeStamp : 2025-08-11 23:12:07===> API : null ===> Message : validRequest() :: Api validated Successfully
info: ===> TimeStamp : 2025-08-11 23:12:07===> API : /api/auth/login ===> Message : loginUser() invoked!!
info: ===> TimeStamp : 2025-08-11 23:12:07===> API : /api/auth/login ===> Message : loginUser() :: Request Object :: [object Object]
info: ===> TimeStamp : 2025-08-11 23:12:07===> API : /api/auth/login ===> Message : loginUserDB() Invoked !
info: ===> TimeStamp : 2025-08-11 23:12:07===> API : /api/auth/login ===> Message : loginUserResponse() invoked!
info: ===> TimeStamp : 2025-08-11 23:12:07===> API : /api/auth/login ===> Message : loginUserResponse() completed
info: ===> TimeStamp : 2025-08-12 02:51:09===> API : null ===> Message : validateRequest() invoked
info: ===> TimeStamp : 2025-08-12 02:51:09===> API : null ===> Message : fetchDBSettings()
info: ===> TimeStamp : 2025-08-12 02:51:09===> API : null ===> Message : validateRequest() Invoked!
info: ===> TimeStamp : 2025-08-12 02:51:09===> API : null ===> Message : validRequest() :: Api validated Successfully
info: ===> TimeStamp : 2025-08-12 02:51:09===> API : /api/auth/logout ===> Message : logoutUser() :: Request Object :: [object Object]
info: ===> TimeStamp : 2025-08-12 02:51:09===> API : /api/auth/logout ===> Message : logoutUser() invoked!!
info: ===> TimeStamp : 2025-08-12 02:51:09===> API : /api/auth/logout ===> Message : logoutUserDB() Invoked !
info: ===> TimeStamp : 2025-08-12 02:51:09===> API : /api/auth/logout ===> Message : logoutUserResponse() invoked!
info: ===> TimeStamp : 2025-08-12 02:51:09===> API : /api/auth/logout ===> Message : logoutUserResponse() completed
info: ===> TimeStamp : 2025-08-12 03:07:18===> API : null ===> Message : validateRequest() invoked
info: ===> TimeStamp : 2025-08-12 03:07:18===> API : null ===> Message : fetchDBSettings()
info: ===> TimeStamp : 2025-08-12 03:07:18===> API : null ===> Message : validateRequest() Invoked!
info: ===> TimeStamp : 2025-08-12 03:07:18===> API : null ===> Message : validRequest() :: Api validated Successfully
info: ===> TimeStamp : 2025-08-12 03:07:18===> API : /api/auth/validateuser ===> Message : validateUser() invoked!!
info: ===> TimeStamp : 2025-08-12 03:07:18===> API : /api/auth/validateuser ===> Message : validateUser() :: Request Object :: [object Object]
info: ===> TimeStamp : 2025-08-12 03:07:18===> API : /api/auth/validateuser ===> Message : validateUserDB() Invoked !
info: ===> TimeStamp : 2025-08-12 03:07:18===> API : /api/auth/validateuser ===> Message : validateUserResponse() invoked!
info: ===> TimeStamp : 2025-08-12 03:07:18===> API : /api/auth/validateuser ===> Message : validateUserResponse() completed
info: ===> TimeStamp : 2025-08-12 03:07:18===> API : null ===> Message : validateRequest() invoked
info: ===> TimeStamp : 2025-08-12 03:07:18===> API : null ===> Message : fetchDBSettings()
info: ===> TimeStamp : 2025-08-12 03:07:18===> API : null ===> Message : validateRequest() Invoked!
info: ===> TimeStamp : 2025-08-12 03:07:18===> API : null ===> Message : validRequest() :: Api validated Successfully
info: ===> TimeStamp : 2025-08-12 03:07:18===> API : /api/auth/login ===> Message : loginUser() invoked!!
info: ===> TimeStamp : 2025-08-12 03:07:18===> API : /api/auth/login ===> Message : loginUser() :: Request Object :: [object Object]
info: ===> TimeStamp : 2025-08-12 03:07:18===> API : /api/auth/login ===> Message : loginUserDB() Invoked !
info: ===> TimeStamp : 2025-08-12 03:07:18===> API : /api/auth/login ===> Message : loginUserResponse() invoked!
info: ===> TimeStamp : 2025-08-12 03:07:18===> API : /api/auth/login ===> Message : loginUserResponse() completed
info: ===> TimeStamp : 2025-08-12 04:42:03===> API : null ===> Message : fetchDBSettings()
info: ===> TimeStamp : 2025-08-12 04:42:03===> API : null ===> Message : validateRequest() invoked
info: ===> TimeStamp : 2025-08-12 04:42:03===> API : null ===> Message : validateRequest() Invoked!
info: ===> TimeStamp : 2025-08-12 04:42:03===> API : /api/auth/validateuser ===> Message : validateUser() invoked!!
info: ===> TimeStamp : 2025-08-12 04:42:03===> API : null ===> Message : validRequest() :: Api validated Successfully
info: ===> TimeStamp : 2025-08-12 04:42:03===> API : /api/auth/validateuser ===> Message : validateUser() :: Request Object :: [object Object]
info: ===> TimeStamp : 2025-08-12 04:42:03===> API : /api/auth/validateuser ===> Message : validateUserDB() Invoked !
info: ===> TimeStamp : 2025-08-12 04:42:03===> API : /api/auth/validateuser ===> Message : validateUserResponse() invoked!
info: ===> TimeStamp : 2025-08-12 04:42:03===> API : /api/auth/validateuser ===> Message : validateUserResponse() completed
info: ===> TimeStamp : 2025-08-12 04:42:03===> API : null ===> Message : validateRequest() invoked
info: ===> TimeStamp : 2025-08-12 04:42:03===> API : null ===> Message : fetchDBSettings()
info: ===> TimeStamp : 2025-08-12 04:42:03===> API : null ===> Message : validateRequest() Invoked!
info: ===> TimeStamp : 2025-08-12 04:42:03===> API : null ===> Message : validRequest() :: Api validated Successfully
info: ===> TimeStamp : 2025-08-12 04:42:03===> API : /api/auth/checkIP ===> Message : checkIP() invoked!!
info: ===> TimeStamp : 2025-08-12 04:42:03===> API : /api/auth/checkIP ===> Message : IPs match: 103.255.182.117
info: ===> TimeStamp : 2025-08-12 04:42:03===> API : /api/auth/checkIP ===> Message : checkIPResponse() invoked!
info: ===> TimeStamp : 2025-08-12 04:42:03===> API : /api/auth/checkIP ===> Message : checkIPResponse() completed
info: ===> TimeStamp : 2025-08-12 04:42:03===> API : null ===> Message : validateRequest() invoked
info: ===> TimeStamp : 2025-08-12 04:42:03===> API : null ===> Message : fetchDBSettings()
info: ===> TimeStamp : 2025-08-12 04:42:03===> API : null ===> Message : validateRequest() Invoked!
info: ===> TimeStamp : 2025-08-12 04:42:03===> API : null ===> Message : validRequest() :: Api validated Successfully
info: ===> TimeStamp : 2025-08-12 04:42:03===> API : /api/auth/login ===> Message : loginUser() invoked!!
info: ===> TimeStamp : 2025-08-12 04:42:03===> API : /api/auth/login ===> Message : loginUser() :: Request Object :: [object Object]
info: ===> TimeStamp : 2025-08-12 04:42:03===> API : /api/auth/login ===> Message : loginUserDB() Invoked !
info: ===> TimeStamp : 2025-08-12 04:42:03===> API : /api/auth/login ===> Message : loginUserResponse() invoked!
info: ===> TimeStamp : 2025-08-12 04:42:03===> API : /api/auth/login ===> Message : loginUserResponse() completed
info: ===> TimeStamp : 2025-08-12 04:45:10===> API : null ===> Message : validateRequest() invoked
info: ===> TimeStamp : 2025-08-12 04:45:10===> API : null ===> Message : fetchDBSettings()
info: ===> TimeStamp : 2025-08-12 04:45:10===> API : null ===> Message : validateRequest() Invoked!
info: ===> TimeStamp : 2025-08-12 04:45:10===> API : null ===> Message : validRequest() :: Api validated Successfully
info: ===> TimeStamp : 2025-08-12 04:45:10===> API : /api/auth/validateuser ===> Message : validateUser() invoked!!
info: ===> TimeStamp : 2025-08-12 04:45:10===> API : /api/auth/validateuser ===> Message : validateUser() :: Request Object :: [object Object]
info: ===> TimeStamp : 2025-08-12 04:45:10===> API : /api/auth/validateuser ===> Message : validateUserDB() Invoked !
info: ===> TimeStamp : 2025-08-12 04:45:10===> API : /api/auth/validateuser ===> Message : validateUserResponse() invoked!
info: ===> TimeStamp : 2025-08-12 04:45:10===> API : /api/auth/validateuser ===> Message : validateUserResponse() completed
info: ===> TimeStamp : 2025-08-12 04:45:10===> API : null ===> Message : validateRequest() invoked
info: ===> TimeStamp : 2025-08-12 04:45:10===> API : null ===> Message : fetchDBSettings()
info: ===> TimeStamp : 2025-08-12 04:45:10===> API : null ===> Message : validateRequest() Invoked!
info: ===> TimeStamp : 2025-08-12 04:45:10===> API : null ===> Message : validRequest() :: Api validated Successfully
info: ===> TimeStamp : 2025-08-12 04:45:10===> API : /api/auth/login ===> Message : loginUser() invoked!!
info: ===> TimeStamp : 2025-08-12 04:45:10===> API : /api/auth/login ===> Message : loginUser() :: Request Object :: [object Object]
info: ===> TimeStamp : 2025-08-12 04:45:10===> API : /api/auth/login ===> Message : loginUserDB() Invoked !
info: ===> TimeStamp : 2025-08-12 04:45:10===> API : /api/auth/login ===> Message : loginUserResponse() invoked!
info: ===> TimeStamp : 2025-08-12 04:45:10===> API : /api/auth/login ===> Message : loginUserResponse() completed
