info: ===> TimeStamp : 2025-03-28 05:55:41===> API : null ===> Message : validateRequest() invoked
info: ===> TimeStamp : 2025-03-28 05:55:41===> API : null ===> Message : fetchDBSettings()
info: ===> TimeStamp : 2025-03-28 05:55:41===> API : null ===> Message : validateRequest() Invoked!
info: ===> TimeStamp : 2025-03-28 05:55:41===> API : null ===> Message : validRequest() :: Api validated Successfully
info: ===> TimeStamp : 2025-03-28 05:55:41===> API : /api/auth/validateuser ===> Message : validateUser() :: Request Object :: [object Object]
info: ===> TimeStamp : 2025-03-28 05:55:41===> API : /api/auth/validateuser ===> Message : validateUserDB() Invoked !
info: ===> TimeStamp : 2025-03-28 05:55:41===> API : /api/auth/validateuser ===> Message : validateUser() invoked!!
info: ===> TimeStamp : 2025-03-28 05:55:41===> API : /api/auth/validateuser ===> Message : validateUserResponse() invoked!
info: ===> TimeStamp : 2025-03-28 05:55:41===> API : /api/auth/validateuser ===> Message : validateUserResponse() completed
info: ===> TimeStamp : 2025-03-28 05:55:41===> API : null ===> Message : validateRequest() invoked
info: ===> TimeStamp : 2025-03-28 05:55:41===> API : null ===> Message : fetchDBSettings()
info: ===> TimeStamp : 2025-03-28 05:55:41===> API : null ===> Message : validateRequest() Invoked!
info: ===> TimeStamp : 2025-03-28 05:55:41===> API : null ===> Message : validRequest() :: Api validated Successfully
info: ===> TimeStamp : 2025-03-28 05:55:41===> API : /api/auth/login ===> Message : loginUser() invoked!!
info: ===> TimeStamp : 2025-03-28 05:55:41===> API : /api/auth/login ===> Message : loginUser() :: Request Object :: [object Object]
info: ===> TimeStamp : 2025-03-28 05:55:41===> API : /api/auth/login ===> Message : loginUserDB() Invoked !
info: ===> TimeStamp : 2025-03-28 05:55:41===> API : /api/auth/login ===> Message : loginUserResponse() invoked!
info: ===> TimeStamp : 2025-03-28 05:55:41===> API : /api/auth/login ===> Message : loginUserResponse() completed
info: ===> TimeStamp : 2025-03-28 06:47:34===> API : null ===> Message : validateRequest() invoked
info: ===> TimeStamp : 2025-03-28 06:47:34===> API : null ===> Message : fetchDBSettings()
info: ===> TimeStamp : 2025-03-28 06:47:34===> API : null ===> Message : validateRequest() Invoked!
info: ===> TimeStamp : 2025-03-28 06:47:34===> API : null ===> Message : validRequest() :: Api validated Successfully
info: ===> TimeStamp : 2025-03-28 06:47:34===> API : /api/auth/logout ===> Message : logoutUser() invoked!!
info: ===> TimeStamp : 2025-03-28 06:47:34===> API : /api/auth/logout ===> Message : logoutUser() :: Request Object :: [object Object]
info: ===> TimeStamp : 2025-03-28 06:47:34===> API : /api/auth/logout ===> Message : logoutUserDB() Invoked !
info: ===> TimeStamp : 2025-03-28 06:47:34===> API : /api/auth/logout ===> Message : logoutUserResponse() invoked!
info: ===> TimeStamp : 2025-03-28 06:47:34===> API : /api/auth/logout ===> Message : logoutUserResponse() completed
info: ===> TimeStamp : 2025-03-28 06:47:38===> API : null ===> Message : validateRequest() invoked
info: ===> TimeStamp : 2025-03-28 06:47:38===> API : null ===> Message : fetchDBSettings()
info: ===> TimeStamp : 2025-03-28 06:47:38===> API : null ===> Message : validateRequest() Invoked!
info: ===> TimeStamp : 2025-03-28 06:47:38===> API : null ===> Message : validRequest() :: Api validated Successfully
info: ===> TimeStamp : 2025-03-28 06:47:38===> API : /api/auth/validateuser ===> Message : validateUser() invoked!!
info: ===> TimeStamp : 2025-03-28 06:47:38===> API : /api/auth/validateuser ===> Message : validateUser() :: Request Object :: [object Object]
info: ===> TimeStamp : 2025-03-28 06:47:38===> API : /api/auth/validateuser ===> Message : validateUserDB() Invoked !
info: ===> TimeStamp : 2025-03-28 06:47:38===> API : /api/auth/validateuser ===> Message : validateUserResponse() invoked!
info: ===> TimeStamp : 2025-03-28 06:47:38===> API : /api/auth/validateuser ===> Message : validateUserResponse() completed
info: ===> TimeStamp : 2025-03-28 06:47:38===> API : null ===> Message : validateRequest() invoked
info: ===> TimeStamp : 2025-03-28 06:47:38===> API : null ===> Message : fetchDBSettings()
info: ===> TimeStamp : 2025-03-28 06:47:38===> API : null ===> Message : validateRequest() Invoked!
info: ===> TimeStamp : 2025-03-28 06:47:38===> API : null ===> Message : validRequest() :: Api validated Successfully
info: ===> TimeStamp : 2025-03-28 06:47:38===> API : /api/auth/checkIP ===> Message : checkIP() invoked!!
info: ===> TimeStamp : 2025-03-28 06:47:38===> API : /api/auth/checkIP ===> Message : IPs match: 103.225.102.162
info: ===> TimeStamp : 2025-03-28 06:47:38===> API : /api/auth/checkIP ===> Message : checkIPResponse() invoked!
info: ===> TimeStamp : 2025-03-28 06:47:38===> API : /api/auth/checkIP ===> Message : checkIPResponse() completed
info: ===> TimeStamp : 2025-03-28 06:47:38===> API : null ===> Message : validateRequest() invoked
info: ===> TimeStamp : 2025-03-28 06:47:38===> API : null ===> Message : fetchDBSettings()
info: ===> TimeStamp : 2025-03-28 06:47:38===> API : null ===> Message : validateRequest() Invoked!
info: ===> TimeStamp : 2025-03-28 06:47:38===> API : null ===> Message : validRequest() :: Api validated Successfully
info: ===> TimeStamp : 2025-03-28 06:47:38===> API : /api/auth/login ===> Message : loginUser() invoked!!
info: ===> TimeStamp : 2025-03-28 06:47:38===> API : /api/auth/login ===> Message : loginUser() :: Request Object :: [object Object]
info: ===> TimeStamp : 2025-03-28 06:47:38===> API : /api/auth/login ===> Message : loginUserDB() Invoked !
info: ===> TimeStamp : 2025-03-28 06:47:38===> API : /api/auth/login ===> Message : loginUserResponse() invoked!
info: ===> TimeStamp : 2025-03-28 06:47:38===> API : /api/auth/login ===> Message : loginUserResponse() completed
info: ===> TimeStamp : 2025-03-28 06:47:46===> API : null ===> Message : validateRequest() invoked
info: ===> TimeStamp : 2025-03-28 06:47:46===> API : null ===> Message : fetchDBSettings()
info: ===> TimeStamp : 2025-03-28 06:47:46===> API : null ===> Message : validateRequest() Invoked!
info: ===> TimeStamp : 2025-03-28 06:47:46===> API : null ===> Message : validRequest() :: Api validated Successfully
info: ===> TimeStamp : 2025-03-28 06:47:46===> API : /api/auth/logout ===> Message : logoutUser() invoked!!
info: ===> TimeStamp : 2025-03-28 06:47:46===> API : /api/auth/logout ===> Message : logoutUser() :: Request Object :: [object Object]
info: ===> TimeStamp : 2025-03-28 06:47:46===> API : /api/auth/logout ===> Message : logoutUserDB() Invoked !
info: ===> TimeStamp : 2025-03-28 06:47:46===> API : /api/auth/logout ===> Message : logoutUserResponse() invoked!
info: ===> TimeStamp : 2025-03-28 06:47:46===> API : /api/auth/logout ===> Message : logoutUserResponse() completed
info: ===> TimeStamp : 2025-03-28 06:47:49===> API : null ===> Message : validateRequest() invoked
info: ===> TimeStamp : 2025-03-28 06:47:49===> API : null ===> Message : fetchDBSettings()
info: ===> TimeStamp : 2025-03-28 06:47:49===> API : null ===> Message : validateRequest() Invoked!
info: ===> TimeStamp : 2025-03-28 06:47:49===> API : null ===> Message : validRequest() :: Api validated Successfully
info: ===> TimeStamp : 2025-03-28 06:47:49===> API : /api/auth/validateuser ===> Message : validateUser() invoked!!
info: ===> TimeStamp : 2025-03-28 06:47:49===> API : /api/auth/validateuser ===> Message : validateUser() :: Request Object :: [object Object]
info: ===> TimeStamp : 2025-03-28 06:47:49===> API : /api/auth/validateuser ===> Message : validateUserDB() Invoked !
info: ===> TimeStamp : 2025-03-28 06:47:49===> API : /api/auth/validateuser ===> Message : validateUserResponse() invoked!
info: ===> TimeStamp : 2025-03-28 06:47:49===> API : /api/auth/validateuser ===> Message : validateUserResponse() completed
info: ===> TimeStamp : 2025-03-28 06:47:49===> API : null ===> Message : validateRequest() invoked
info: ===> TimeStamp : 2025-03-28 06:47:49===> API : null ===> Message : fetchDBSettings()
info: ===> TimeStamp : 2025-03-28 06:47:49===> API : null ===> Message : validateRequest() Invoked!
info: ===> TimeStamp : 2025-03-28 06:47:49===> API : null ===> Message : validRequest() :: Api validated Successfully
info: ===> TimeStamp : 2025-03-28 06:47:49===> API : /api/auth/checkIP ===> Message : checkIP() invoked!!
info: ===> TimeStamp : 2025-03-28 06:47:49===> API : /api/auth/checkIP ===> Message : IPs match: 103.255.182.117
info: ===> TimeStamp : 2025-03-28 06:47:49===> API : /api/auth/checkIP ===> Message : checkIPResponse() invoked!
info: ===> TimeStamp : 2025-03-28 06:47:49===> API : /api/auth/checkIP ===> Message : checkIPResponse() completed
info: ===> TimeStamp : 2025-03-28 06:47:49===> API : null ===> Message : validateRequest() invoked
info: ===> TimeStamp : 2025-03-28 06:47:49===> API : null ===> Message : fetchDBSettings()
info: ===> TimeStamp : 2025-03-28 06:47:49===> API : null ===> Message : validateRequest() Invoked!
info: ===> TimeStamp : 2025-03-28 06:47:49===> API : null ===> Message : validRequest() :: Api validated Successfully
info: ===> TimeStamp : 2025-03-28 06:47:49===> API : /api/auth/login ===> Message : loginUser() invoked!!
info: ===> TimeStamp : 2025-03-28 06:47:49===> API : /api/auth/login ===> Message : loginUser() :: Request Object :: [object Object]
info: ===> TimeStamp : 2025-03-28 06:47:49===> API : /api/auth/login ===> Message : loginUserDB() Invoked !
info: ===> TimeStamp : 2025-03-28 06:47:49===> API : /api/auth/login ===> Message : loginUserResponse() invoked!
info: ===> TimeStamp : 2025-03-28 06:47:49===> API : /api/auth/login ===> Message : loginUserResponse() completed
info: ===> TimeStamp : 2025-03-28 07:30:54===> API : null ===> Message : validateRequest() invoked
info: ===> TimeStamp : 2025-03-28 07:30:54===> API : null ===> Message : validateRequest() Error:: Invalid Request :: 
      {"apiUri":"/"}
info: ===> TimeStamp : 2025-03-28 07:31:01===> API : null ===> Message : validateRequest() invoked
info: ===> TimeStamp : 2025-03-28 07:31:01===> API : null ===> Message : validateRequest() Error:: Invalid Request :: 
      {"apiUri":"/favicon.ico"}
info: ===> TimeStamp : 2025-03-28 07:31:20===> API : null ===> Message : validateRequest() invoked
info: ===> TimeStamp : 2025-03-28 07:31:20===> API : null ===> Message : validateRequest() Error:: Invalid Request :: 
      {"apiUri":"/favicon.ico"}
info: ===> TimeStamp : 2025-03-28 09:53:16===> API : null ===> Message : validateRequest() invoked
info: ===> TimeStamp : 2025-03-28 09:53:16===> API : null ===> Message : fetchDBSettings()
info: ===> TimeStamp : 2025-03-28 09:53:16===> API : null ===> Message : validateRequest() Invoked!
info: ===> TimeStamp : 2025-03-28 09:53:16===> API : null ===> Message : validRequest() :: Api validated Successfully
info: ===> TimeStamp : 2025-03-28 09:53:16===> API : /api/auth/logout ===> Message : logoutUser() invoked!!
info: ===> TimeStamp : 2025-03-28 09:53:16===> API : /api/auth/logout ===> Message : logoutUser() :: Request Object :: [object Object]
info: ===> TimeStamp : 2025-03-28 09:53:16===> API : /api/auth/logout ===> Message : logoutUserDB() Invoked !
info: ===> TimeStamp : 2025-03-28 09:53:16===> API : /api/auth/logout ===> Message : logoutUserResponse() invoked!
info: ===> TimeStamp : 2025-03-28 09:53:16===> API : /api/auth/logout ===> Message : logoutUserResponse() completed
info: ===> TimeStamp : 2025-03-28 09:53:18===> API : null ===> Message : validateRequest() invoked
info: ===> TimeStamp : 2025-03-28 09:53:18===> API : null ===> Message : fetchDBSettings()
info: ===> TimeStamp : 2025-03-28 09:53:18===> API : null ===> Message : validateRequest() Invoked!
info: ===> TimeStamp : 2025-03-28 09:53:18===> API : null ===> Message : validRequest() :: Api validated Successfully
info: ===> TimeStamp : 2025-03-28 09:53:18===> API : /api/auth/validateuser ===> Message : validateUser() invoked!!
info: ===> TimeStamp : 2025-03-28 09:53:18===> API : /api/auth/validateuser ===> Message : validateUser() :: Request Object :: [object Object]
info: ===> TimeStamp : 2025-03-28 09:53:18===> API : /api/auth/validateuser ===> Message : validateUserDB() Invoked !
info: ===> TimeStamp : 2025-03-28 09:53:18===> API : /api/auth/validateuser ===> Message : validateUserResponse() invoked!
info: ===> TimeStamp : 2025-03-28 09:53:18===> API : /api/auth/validateuser ===> Message : validateUserResponse() completed
info: ===> TimeStamp : 2025-03-28 09:53:18===> API : null ===> Message : validateRequest() invoked
info: ===> TimeStamp : 2025-03-28 09:53:18===> API : null ===> Message : fetchDBSettings()
info: ===> TimeStamp : 2025-03-28 09:53:18===> API : null ===> Message : validateRequest() Invoked!
info: ===> TimeStamp : 2025-03-28 09:53:18===> API : null ===> Message : validRequest() :: Api validated Successfully
info: ===> TimeStamp : 2025-03-28 09:53:18===> API : /api/auth/login ===> Message : loginUser() invoked!!
info: ===> TimeStamp : 2025-03-28 09:53:18===> API : /api/auth/login ===> Message : loginUser() :: Request Object :: [object Object]
info: ===> TimeStamp : 2025-03-28 09:53:18===> API : /api/auth/login ===> Message : loginUserDB() Invoked !
info: ===> TimeStamp : 2025-03-28 09:53:18===> API : /api/auth/login ===> Message : loginUserResponse() invoked!
info: ===> TimeStamp : 2025-03-28 09:53:18===> API : /api/auth/login ===> Message : loginUserResponse() completed
info: ===> TimeStamp : 2025-03-28 10:08:28===> API : null ===> Message : validateRequest() invoked
info: ===> TimeStamp : 2025-03-28 10:08:28===> API : null ===> Message : fetchDBSettings()
info: ===> TimeStamp : 2025-03-28 10:08:28===> API : null ===> Message : validateRequest() Invoked!
info: ===> TimeStamp : 2025-03-28 10:08:28===> API : null ===> Message : validRequest() :: Api validated Successfully
info: ===> TimeStamp : 2025-03-28 10:08:28===> API : /api/auth/validateuser ===> Message : validateUser() invoked!!
info: ===> TimeStamp : 2025-03-28 10:08:28===> API : /api/auth/validateuser ===> Message : validateUser() :: Request Object :: [object Object]
info: ===> TimeStamp : 2025-03-28 10:08:28===> API : /api/auth/validateuser ===> Message : validateUserDB() Invoked !
info: ===> TimeStamp : 2025-03-28 10:08:28===> API : /api/auth/validateuser ===> Message : validateUserResponse() invoked!
info: ===> TimeStamp : 2025-03-28 10:08:28===> API : /api/auth/validateuser ===> Message : validateUserResponse() completed
info: ===> TimeStamp : 2025-03-28 10:08:29===> API : null ===> Message : validateRequest() invoked
info: ===> TimeStamp : 2025-03-28 10:08:29===> API : null ===> Message : fetchDBSettings()
info: ===> TimeStamp : 2025-03-28 10:08:29===> API : null ===> Message : validateRequest() Invoked!
info: ===> TimeStamp : 2025-03-28 10:08:29===> API : null ===> Message : validRequest() :: Api validated Successfully
info: ===> TimeStamp : 2025-03-28 10:08:29===> API : /api/auth/login ===> Message : loginUser() invoked!!
info: ===> TimeStamp : 2025-03-28 10:08:29===> API : /api/auth/login ===> Message : loginUser() :: Request Object :: [object Object]
info: ===> TimeStamp : 2025-03-28 10:08:29===> API : /api/auth/login ===> Message : loginUserDB() Invoked !
info: ===> TimeStamp : 2025-03-28 10:08:29===> API : /api/auth/login ===> Message : loginUserResponse() invoked!
info: ===> TimeStamp : 2025-03-28 10:08:29===> API : /api/auth/login ===> Message : loginUserResponse() completed
info: ===> TimeStamp : 2025-03-28 10:20:41===> API : null ===> Message : validateRequest() invoked
info: ===> TimeStamp : 2025-03-28 10:20:41===> API : null ===> Message : validateRequest() Error:: Invalid Request :: 
      {"apiUri":"/"}
info: ===> TimeStamp : 2025-03-28 10:20:43===> API : null ===> Message : validateRequest() invoked
info: ===> TimeStamp : 2025-03-28 10:20:43===> API : null ===> Message : validateRequest() Error:: Invalid Request :: 
      {"apiUri":"/Public/home/js/check.js"}
info: ===> TimeStamp : 2025-03-28 10:20:47===> API : null ===> Message : validateRequest() invoked
info: ===> TimeStamp : 2025-03-28 10:20:47===> API : null ===> Message : validateRequest() Error:: Invalid Request :: 
      {"apiUri":"/static/admin/javascript/hetong.js"}
info: ===> TimeStamp : 2025-03-28 13:51:49===> API : null ===> Message : validateRequest() invoked
info: ===> TimeStamp : 2025-03-28 13:51:49===> API : null ===> Message : fetchDBSettings()
info: ===> TimeStamp : 2025-03-28 13:51:49===> API : null ===> Message : validateRequest() Invoked!
info: ===> TimeStamp : 2025-03-28 13:51:49===> API : null ===> Message : validRequest() :: Api validated Successfully
info: ===> TimeStamp : 2025-03-28 13:51:49===> API : /api/auth/validateuser ===> Message : validateUser() invoked!!
info: ===> TimeStamp : 2025-03-28 13:51:49===> API : /api/auth/validateuser ===> Message : validateUser() :: Request Object :: [object Object]
info: ===> TimeStamp : 2025-03-28 13:51:49===> API : /api/auth/validateuser ===> Message : validateUserDB() Invoked !
info: ===> TimeStamp : 2025-03-28 13:51:49===> API : /api/auth/validateuser ===> Message : validateUserResponse() invoked!
info: ===> TimeStamp : 2025-03-28 13:51:49===> API : /api/auth/validateuser ===> Message : validateUserResponse() completed
info: ===> TimeStamp : 2025-03-28 13:51:49===> API : null ===> Message : validateRequest() invoked
info: ===> TimeStamp : 2025-03-28 13:51:49===> API : null ===> Message : fetchDBSettings()
info: ===> TimeStamp : 2025-03-28 13:51:49===> API : null ===> Message : validateRequest() Invoked!
info: ===> TimeStamp : 2025-03-28 13:51:49===> API : null ===> Message : validRequest() :: Api validated Successfully
info: ===> TimeStamp : 2025-03-28 13:51:49===> API : /api/auth/login ===> Message : loginUser() invoked!!
info: ===> TimeStamp : 2025-03-28 13:51:49===> API : /api/auth/login ===> Message : loginUser() :: Request Object :: [object Object]
info: ===> TimeStamp : 2025-03-28 13:51:49===> API : /api/auth/login ===> Message : loginUserDB() Invoked !
info: ===> TimeStamp : 2025-03-28 13:51:49===> API : /api/auth/login ===> Message : loginUserResponse() invoked!
info: ===> TimeStamp : 2025-03-28 13:51:49===> API : /api/auth/login ===> Message : loginUserResponse() completed
info: ===> TimeStamp : 2025-03-28 14:30:38===> API : null ===> Message : validateRequest() invoked
info: ===> TimeStamp : 2025-03-28 14:30:38===> API : null ===> Message : fetchDBSettings()
info: ===> TimeStamp : 2025-03-28 14:30:38===> API : null ===> Message : validateRequest() Invoked!
info: ===> TimeStamp : 2025-03-28 14:30:38===> API : null ===> Message : validRequest() :: Api validated Successfully
info: ===> TimeStamp : 2025-03-28 14:30:38===> API : /api/auth/validateuser ===> Message : validateUser() invoked!!
info: ===> TimeStamp : 2025-03-28 14:30:38===> API : /api/auth/validateuser ===> Message : validateUser() :: Request Object :: [object Object]
info: ===> TimeStamp : 2025-03-28 14:30:38===> API : /api/auth/validateuser ===> Message : validateUserDB() Invoked !
info: ===> TimeStamp : 2025-03-28 14:30:38===> API : /api/auth/validateuser ===> Message : validateUserResponse() invoked!
info: ===> TimeStamp : 2025-03-28 14:30:38===> API : /api/auth/validateuser ===> Message : validateUserResponse() completed
info: ===> TimeStamp : 2025-03-28 14:30:38===> API : null ===> Message : validateRequest() invoked
info: ===> TimeStamp : 2025-03-28 14:30:38===> API : null ===> Message : fetchDBSettings()
info: ===> TimeStamp : 2025-03-28 14:30:38===> API : null ===> Message : validateRequest() Invoked!
info: ===> TimeStamp : 2025-03-28 14:30:38===> API : null ===> Message : validRequest() :: Api validated Successfully
info: ===> TimeStamp : 2025-03-28 14:30:38===> API : /api/auth/checkIP ===> Message : checkIP() invoked!!
info: ===> TimeStamp : 2025-03-28 14:30:38===> API : /api/auth/checkIP ===> Message : IPs match: 103.225.102.162
info: ===> TimeStamp : 2025-03-28 14:30:38===> API : /api/auth/checkIP ===> Message : checkIPResponse() invoked!
info: ===> TimeStamp : 2025-03-28 14:30:38===> API : /api/auth/checkIP ===> Message : checkIPResponse() completed
info: ===> TimeStamp : 2025-03-28 14:30:39===> API : null ===> Message : validateRequest() invoked
info: ===> TimeStamp : 2025-03-28 14:30:39===> API : null ===> Message : fetchDBSettings()
info: ===> TimeStamp : 2025-03-28 14:30:39===> API : null ===> Message : validateRequest() Invoked!
info: ===> TimeStamp : 2025-03-28 14:30:39===> API : null ===> Message : validRequest() :: Api validated Successfully
info: ===> TimeStamp : 2025-03-28 14:30:39===> API : /api/auth/login ===> Message : loginUser() invoked!!
info: ===> TimeStamp : 2025-03-28 14:30:39===> API : /api/auth/login ===> Message : loginUser() :: Request Object :: [object Object]
info: ===> TimeStamp : 2025-03-28 14:30:39===> API : /api/auth/login ===> Message : loginUserDB() Invoked !
info: ===> TimeStamp : 2025-03-28 14:30:39===> API : /api/auth/login ===> Message : loginUserResponse() invoked!
info: ===> TimeStamp : 2025-03-28 14:30:39===> API : /api/auth/login ===> Message : loginUserResponse() completed
info: ===> TimeStamp : 2025-03-28 14:42:24===> API : null ===> Message : validateRequest() invoked
info: ===> TimeStamp : 2025-03-28 14:42:24===> API : null ===> Message : fetchDBSettings()
info: ===> TimeStamp : 2025-03-28 14:42:24===> API : null ===> Message : validateRequest() Invoked!
info: ===> TimeStamp : 2025-03-28 14:42:24===> API : null ===> Message : validRequest() :: Api validated Successfully
info: ===> TimeStamp : 2025-03-28 14:42:24===> API : /api/auth/logout ===> Message : logoutUser() invoked!!
info: ===> TimeStamp : 2025-03-28 14:42:24===> API : /api/auth/logout ===> Message : logoutUser() :: Request Object :: [object Object]
info: ===> TimeStamp : 2025-03-28 14:42:24===> API : /api/auth/logout ===> Message : logoutUserDB() Invoked !
info: ===> TimeStamp : 2025-03-28 14:42:24===> API : /api/auth/logout ===> Message : logoutUserResponse() invoked!
info: ===> TimeStamp : 2025-03-28 14:42:24===> API : /api/auth/logout ===> Message : logoutUserResponse() completed
info: ===> TimeStamp : 2025-03-28 14:43:08===> API : null ===> Message : validateRequest() invoked
info: ===> TimeStamp : 2025-03-28 14:43:08===> API : null ===> Message : fetchDBSettings()
info: ===> TimeStamp : 2025-03-28 14:43:08===> API : null ===> Message : validateRequest() Invoked!
info: ===> TimeStamp : 2025-03-28 14:43:08===> API : null ===> Message : validRequest() :: Api validated Successfully
info: ===> TimeStamp : 2025-03-28 14:43:08===> API : /api/auth/logout ===> Message : logoutUser() invoked!!
info: ===> TimeStamp : 2025-03-28 14:43:08===> API : /api/auth/logout ===> Message : logoutUser() :: Request Object :: [object Object]
info: ===> TimeStamp : 2025-03-28 14:43:08===> API : /api/auth/logout ===> Message : logoutUserDB() Invoked !
info: ===> TimeStamp : 2025-03-28 14:43:08===> API : /api/auth/logout ===> Message : logoutUserResponse() invoked!
info: ===> TimeStamp : 2025-03-28 14:43:08===> API : /api/auth/logout ===> Message : logoutUserResponse() completed
info: ===> TimeStamp : 2025-03-28 14:43:13===> API : null ===> Message : validateRequest() invoked
info: ===> TimeStamp : 2025-03-28 14:43:13===> API : null ===> Message : fetchDBSettings()
info: ===> TimeStamp : 2025-03-28 14:43:13===> API : null ===> Message : validateRequest() Invoked!
info: ===> TimeStamp : 2025-03-28 14:43:14===> API : null ===> Message : validRequest() :: Api validated Successfully
info: ===> TimeStamp : 2025-03-28 14:43:14===> API : /api/auth/validateuser ===> Message : validateUser() invoked!!
info: ===> TimeStamp : 2025-03-28 14:43:14===> API : /api/auth/validateuser ===> Message : validateUser() :: Request Object :: [object Object]
info: ===> TimeStamp : 2025-03-28 14:43:14===> API : /api/auth/validateuser ===> Message : validateUserDB() Invoked !
info: ===> TimeStamp : 2025-03-28 14:43:14===> API : /api/auth/validateuser ===> Message : validateUserResponse() invoked!
info: ===> TimeStamp : 2025-03-28 14:43:14===> API : /api/auth/validateuser ===> Message : validateUserResponse() completed
info: ===> TimeStamp : 2025-03-28 14:43:14===> API : null ===> Message : validateRequest() invoked
info: ===> TimeStamp : 2025-03-28 14:43:14===> API : null ===> Message : fetchDBSettings()
info: ===> TimeStamp : 2025-03-28 14:43:14===> API : null ===> Message : validateRequest() Invoked!
info: ===> TimeStamp : 2025-03-28 14:43:14===> API : null ===> Message : validRequest() :: Api validated Successfully
info: ===> TimeStamp : 2025-03-28 14:43:14===> API : /api/auth/checkIP ===> Message : checkIP() invoked!!
info: ===> TimeStamp : 2025-03-28 14:43:14===> API : /api/auth/checkIP ===> Message : IPs match: 103.225.102.162
info: ===> TimeStamp : 2025-03-28 14:43:14===> API : /api/auth/checkIP ===> Message : checkIPResponse() invoked!
info: ===> TimeStamp : 2025-03-28 14:43:14===> API : /api/auth/checkIP ===> Message : checkIPResponse() completed
info: ===> TimeStamp : 2025-03-28 14:43:14===> API : null ===> Message : validateRequest() invoked
info: ===> TimeStamp : 2025-03-28 14:43:14===> API : null ===> Message : fetchDBSettings()
info: ===> TimeStamp : 2025-03-28 14:43:14===> API : null ===> Message : validateRequest() Invoked!
info: ===> TimeStamp : 2025-03-28 14:43:14===> API : null ===> Message : validRequest() :: Api validated Successfully
info: ===> TimeStamp : 2025-03-28 14:43:14===> API : /api/auth/login ===> Message : loginUser() invoked!!
info: ===> TimeStamp : 2025-03-28 14:43:14===> API : /api/auth/login ===> Message : loginUser() :: Request Object :: [object Object]
info: ===> TimeStamp : 2025-03-28 14:43:14===> API : /api/auth/login ===> Message : loginUserDB() Invoked !
info: ===> TimeStamp : 2025-03-28 14:43:14===> API : /api/auth/login ===> Message : loginUserResponse() invoked!
info: ===> TimeStamp : 2025-03-28 14:43:14===> API : /api/auth/login ===> Message : loginUserResponse() completed
info: ===> TimeStamp : 2025-03-28 14:43:22===> API : null ===> Message : validateRequest() invoked
info: ===> TimeStamp : 2025-03-28 14:43:22===> API : null ===> Message : fetchDBSettings()
info: ===> TimeStamp : 2025-03-28 14:43:22===> API : null ===> Message : validateRequest() Invoked!
info: ===> TimeStamp : 2025-03-28 14:43:22===> API : null ===> Message : validRequest() :: Api validated Successfully
info: ===> TimeStamp : 2025-03-28 14:43:22===> API : /api/auth/validateuser ===> Message : validateUser() invoked!!
info: ===> TimeStamp : 2025-03-28 14:43:22===> API : /api/auth/validateuser ===> Message : validateUser() :: Request Object :: [object Object]
info: ===> TimeStamp : 2025-03-28 14:43:22===> API : /api/auth/validateuser ===> Message : validateUserDB() Invoked !
info: ===> TimeStamp : 2025-03-28 14:43:22===> API : /api/auth/validateuser ===> Message : validateUserResponse() invoked!
info: ===> TimeStamp : 2025-03-28 14:43:22===> API : /api/auth/validateuser ===> Message : validateUserResponse() completed
info: ===> TimeStamp : 2025-03-28 14:43:22===> API : null ===> Message : validateRequest() invoked
info: ===> TimeStamp : 2025-03-28 14:43:22===> API : null ===> Message : fetchDBSettings()
info: ===> TimeStamp : 2025-03-28 14:43:22===> API : null ===> Message : validateRequest() Invoked!
info: ===> TimeStamp : 2025-03-28 14:43:22===> API : null ===> Message : validRequest() :: Api validated Successfully
info: ===> TimeStamp : 2025-03-28 14:43:22===> API : /api/auth/checkIP ===> Message : checkIP() invoked!!
info: ===> TimeStamp : 2025-03-28 14:43:22===> API : /api/auth/checkIP ===> Message : IPs match: 103.255.182.117
info: ===> TimeStamp : 2025-03-28 14:43:22===> API : /api/auth/checkIP ===> Message : checkIPResponse() invoked!
info: ===> TimeStamp : 2025-03-28 14:43:22===> API : /api/auth/checkIP ===> Message : checkIPResponse() completed
info: ===> TimeStamp : 2025-03-28 14:43:22===> API : null ===> Message : validateRequest() invoked
info: ===> TimeStamp : 2025-03-28 14:43:22===> API : null ===> Message : fetchDBSettings()
info: ===> TimeStamp : 2025-03-28 14:43:22===> API : null ===> Message : validateRequest() Invoked!
info: ===> TimeStamp : 2025-03-28 14:43:22===> API : null ===> Message : validRequest() :: Api validated Successfully
info: ===> TimeStamp : 2025-03-28 14:43:22===> API : /api/auth/login ===> Message : loginUser() invoked!!
info: ===> TimeStamp : 2025-03-28 14:43:22===> API : /api/auth/login ===> Message : loginUser() :: Request Object :: [object Object]
info: ===> TimeStamp : 2025-03-28 14:43:22===> API : /api/auth/login ===> Message : loginUserDB() Invoked !
info: ===> TimeStamp : 2025-03-28 14:43:22===> API : /api/auth/login ===> Message : loginUserResponse() invoked!
info: ===> TimeStamp : 2025-03-28 14:43:22===> API : /api/auth/login ===> Message : loginUserResponse() completed
info: ===> TimeStamp : 2025-03-28 14:43:28===> API : null ===> Message : validateRequest() invoked
info: ===> TimeStamp : 2025-03-28 14:43:28===> API : null ===> Message : fetchDBSettings()
info: ===> TimeStamp : 2025-03-28 14:43:28===> API : null ===> Message : validateRequest() Invoked!
info: ===> TimeStamp : 2025-03-28 14:43:28===> API : null ===> Message : validRequest() :: Api validated Successfully
info: ===> TimeStamp : 2025-03-28 14:43:28===> API : /api/auth/logout ===> Message : logoutUser() invoked!!
info: ===> TimeStamp : 2025-03-28 14:43:28===> API : /api/auth/logout ===> Message : logoutUser() :: Request Object :: [object Object]
info: ===> TimeStamp : 2025-03-28 14:43:28===> API : /api/auth/logout ===> Message : logoutUserDB() Invoked !
info: ===> TimeStamp : 2025-03-28 14:43:28===> API : /api/auth/logout ===> Message : logoutUserResponse() invoked!
info: ===> TimeStamp : 2025-03-28 14:43:28===> API : /api/auth/logout ===> Message : logoutUserResponse() completed
info: ===> TimeStamp : 2025-03-28 14:43:31===> API : null ===> Message : validateRequest() invoked
info: ===> TimeStamp : 2025-03-28 14:43:31===> API : null ===> Message : fetchDBSettings()
info: ===> TimeStamp : 2025-03-28 14:43:31===> API : null ===> Message : validateRequest() Invoked!
info: ===> TimeStamp : 2025-03-28 14:43:31===> API : null ===> Message : validRequest() :: Api validated Successfully
info: ===> TimeStamp : 2025-03-28 14:43:31===> API : /api/auth/validateuser ===> Message : validateUser() invoked!!
info: ===> TimeStamp : 2025-03-28 14:43:31===> API : /api/auth/validateuser ===> Message : validateUser() :: Request Object :: [object Object]
info: ===> TimeStamp : 2025-03-28 14:43:31===> API : /api/auth/validateuser ===> Message : validateUserDB() Invoked !
info: ===> TimeStamp : 2025-03-28 14:43:31===> API : /api/auth/validateuser ===> Message : validateUserResponse() invoked!
info: ===> TimeStamp : 2025-03-28 14:43:31===> API : /api/auth/validateuser ===> Message : validateUserResponse() completed
info: ===> TimeStamp : 2025-03-28 14:43:31===> API : null ===> Message : validateRequest() invoked
info: ===> TimeStamp : 2025-03-28 14:43:31===> API : null ===> Message : fetchDBSettings()
info: ===> TimeStamp : 2025-03-28 14:43:31===> API : null ===> Message : validateRequest() Invoked!
info: ===> TimeStamp : 2025-03-28 14:43:31===> API : null ===> Message : validRequest() :: Api validated Successfully
info: ===> TimeStamp : 2025-03-28 14:43:31===> API : /api/auth/checkIP ===> Message : checkIP() invoked!!
info: ===> TimeStamp : 2025-03-28 14:43:31===> API : /api/auth/checkIP ===> Message : IPs match: 103.255.182.117
info: ===> TimeStamp : 2025-03-28 14:43:31===> API : /api/auth/checkIP ===> Message : checkIPResponse() invoked!
info: ===> TimeStamp : 2025-03-28 14:43:31===> API : /api/auth/checkIP ===> Message : checkIPResponse() completed
info: ===> TimeStamp : 2025-03-28 14:43:31===> API : null ===> Message : validateRequest() invoked
info: ===> TimeStamp : 2025-03-28 14:43:31===> API : null ===> Message : fetchDBSettings()
info: ===> TimeStamp : 2025-03-28 14:43:31===> API : null ===> Message : validateRequest() Invoked!
info: ===> TimeStamp : 2025-03-28 14:43:31===> API : null ===> Message : validRequest() :: Api validated Successfully
info: ===> TimeStamp : 2025-03-28 14:43:31===> API : /api/auth/login ===> Message : loginUser() invoked!!
info: ===> TimeStamp : 2025-03-28 14:43:31===> API : /api/auth/login ===> Message : loginUser() :: Request Object :: [object Object]
info: ===> TimeStamp : 2025-03-28 14:43:31===> API : /api/auth/login ===> Message : loginUserDB() Invoked !
info: ===> TimeStamp : 2025-03-28 14:43:31===> API : /api/auth/login ===> Message : loginUserResponse() invoked!
info: ===> TimeStamp : 2025-03-28 14:43:31===> API : /api/auth/login ===> Message : loginUserResponse() completed
info: ===> TimeStamp : 2025-03-28 14:43:36===> API : null ===> Message : validateRequest() invoked
info: ===> TimeStamp : 2025-03-28 14:43:36===> API : null ===> Message : fetchDBSettings()
info: ===> TimeStamp : 2025-03-28 14:43:36===> API : null ===> Message : validateRequest() Invoked!
info: ===> TimeStamp : 2025-03-28 14:43:36===> API : null ===> Message : validRequest() :: Api validated Successfully
info: ===> TimeStamp : 2025-03-28 14:43:36===> API : /api/auth/logout ===> Message : logoutUser() invoked!!
info: ===> TimeStamp : 2025-03-28 14:43:36===> API : /api/auth/logout ===> Message : logoutUser() :: Request Object :: [object Object]
info: ===> TimeStamp : 2025-03-28 14:43:36===> API : /api/auth/logout ===> Message : logoutUserDB() Invoked !
info: ===> TimeStamp : 2025-03-28 14:43:36===> API : /api/auth/logout ===> Message : logoutUserResponse() invoked!
info: ===> TimeStamp : 2025-03-28 14:43:36===> API : /api/auth/logout ===> Message : logoutUserResponse() completed
info: ===> TimeStamp : 2025-03-28 14:43:44===> API : null ===> Message : validateRequest() invoked
info: ===> TimeStamp : 2025-03-28 14:43:44===> API : null ===> Message : fetchDBSettings()
info: ===> TimeStamp : 2025-03-28 14:43:44===> API : null ===> Message : validateRequest() Invoked!
info: ===> TimeStamp : 2025-03-28 14:43:44===> API : null ===> Message : validRequest() :: Api validated Successfully
info: ===> TimeStamp : 2025-03-28 14:43:44===> API : /api/auth/validateuser ===> Message : validateUser() invoked!!
info: ===> TimeStamp : 2025-03-28 14:43:44===> API : /api/auth/validateuser ===> Message : validateUser() :: Request Object :: [object Object]
info: ===> TimeStamp : 2025-03-28 14:43:44===> API : /api/auth/validateuser ===> Message : validateUserDB() Invoked !
info: ===> TimeStamp : 2025-03-28 14:43:44===> API : /api/auth/validateuser ===> Message : validateUserResponse() invoked!
info: ===> TimeStamp : 2025-03-28 14:43:44===> API : /api/auth/validateuser ===> Message : validateUserResponse() completed
info: ===> TimeStamp : 2025-03-28 14:43:44===> API : null ===> Message : validateRequest() invoked
info: ===> TimeStamp : 2025-03-28 14:43:44===> API : null ===> Message : fetchDBSettings()
info: ===> TimeStamp : 2025-03-28 14:43:44===> API : null ===> Message : validateRequest() Invoked!
info: ===> TimeStamp : 2025-03-28 14:43:44===> API : null ===> Message : validRequest() :: Api validated Successfully
info: ===> TimeStamp : 2025-03-28 14:43:44===> API : /api/auth/checkIP ===> Message : checkIP() invoked!!
info: ===> TimeStamp : 2025-03-28 14:43:44===> API : /api/auth/checkIP ===> Message : IPs match: 103.255.182.117
info: ===> TimeStamp : 2025-03-28 14:43:44===> API : /api/auth/checkIP ===> Message : checkIPResponse() invoked!
info: ===> TimeStamp : 2025-03-28 14:43:44===> API : /api/auth/checkIP ===> Message : checkIPResponse() completed
info: ===> TimeStamp : 2025-03-28 14:43:44===> API : null ===> Message : validateRequest() invoked
info: ===> TimeStamp : 2025-03-28 14:43:44===> API : null ===> Message : fetchDBSettings()
info: ===> TimeStamp : 2025-03-28 14:43:44===> API : null ===> Message : validateRequest() Invoked!
info: ===> TimeStamp : 2025-03-28 14:43:44===> API : null ===> Message : validRequest() :: Api validated Successfully
info: ===> TimeStamp : 2025-03-28 14:43:44===> API : /api/auth/login ===> Message : loginUser() invoked!!
info: ===> TimeStamp : 2025-03-28 14:43:44===> API : /api/auth/login ===> Message : loginUser() :: Request Object :: [object Object]
info: ===> TimeStamp : 2025-03-28 14:43:44===> API : /api/auth/login ===> Message : loginUserDB() Invoked !
info: ===> TimeStamp : 2025-03-28 14:43:44===> API : /api/auth/login ===> Message : loginUserResponse() invoked!
info: ===> TimeStamp : 2025-03-28 14:43:44===> API : /api/auth/login ===> Message : loginUserResponse() completed
info: ===> TimeStamp : 2025-03-28 16:32:07===> API : null ===> Message : validateRequest() invoked
info: ===> TimeStamp : 2025-03-28 16:32:07===> API : null ===> Message : fetchDBSettings()
info: ===> TimeStamp : 2025-03-28 16:32:07===> API : null ===> Message : validateRequest() Invoked!
info: ===> TimeStamp : 2025-03-28 16:32:07===> API : null ===> Message : validRequest() :: Api validated Successfully
info: ===> TimeStamp : 2025-03-28 16:32:07===> API : /api/auth/validateuser ===> Message : validateUser() invoked!!
info: ===> TimeStamp : 2025-03-28 16:32:07===> API : /api/auth/validateuser ===> Message : validateUser() :: Request Object :: [object Object]
info: ===> TimeStamp : 2025-03-28 16:32:07===> API : /api/auth/validateuser ===> Message : validateUserDB() Invoked !
info: ===> TimeStamp : 2025-03-28 16:32:07===> API : /api/auth/validateuser ===> Message : validateUserDB() :: Error :: {"code":"ER_SIGNAL_EXCEPTION","errno":1644,"sqlState":"10005","sqlMessage":"User Does Not Exist","sql":"CALL usp_validate_user('prateek123', 'Prateek@123#')"}
info: ===> TimeStamp : 2025-03-28 16:32:07===> API : /api/auth/validateuser ===> Message : validateUserDBResult :: Error :: {"ErrorCode":10005,"ErrorMessage":"User Does Not Exist"}
info: ===> TimeStamp : 2025-03-28 16:32:07===> API : /api/auth/validateuser ===> Message : validateUserResponse() invoked!
info: ===> TimeStamp : 2025-03-28 16:32:07===> API : /api/auth/validateuser ===> Message : validateUserResponse() completed
info: ===> TimeStamp : 2025-03-28 17:24:35===> API : null ===> Message : validateRequest() invoked
info: ===> TimeStamp : 2025-03-28 17:24:35===> API : null ===> Message : fetchDBSettings()
info: ===> TimeStamp : 2025-03-28 17:24:35===> API : null ===> Message : validateRequest() Invoked!
info: ===> TimeStamp : 2025-03-28 17:24:35===> API : null ===> Message : validRequest() :: Api validated Successfully
info: ===> TimeStamp : 2025-03-28 17:24:35===> API : /api/auth/validateuser ===> Message : validateUser() invoked!!
info: ===> TimeStamp : 2025-03-28 17:24:35===> API : /api/auth/validateuser ===> Message : validateUser() :: Request Object :: [object Object]
info: ===> TimeStamp : 2025-03-28 17:24:35===> API : /api/auth/validateuser ===> Message : validateUserDB() Invoked !
info: ===> TimeStamp : 2025-03-28 17:24:35===> API : /api/auth/validateuser ===> Message : validateUserResponse() invoked!
info: ===> TimeStamp : 2025-03-28 17:24:35===> API : /api/auth/validateuser ===> Message : validateUserResponse() completed
info: ===> TimeStamp : 2025-03-28 17:24:35===> API : null ===> Message : validateRequest() invoked
info: ===> TimeStamp : 2025-03-28 17:24:35===> API : null ===> Message : fetchDBSettings()
info: ===> TimeStamp : 2025-03-28 17:24:35===> API : null ===> Message : validateRequest() Invoked!
info: ===> TimeStamp : 2025-03-28 17:24:35===> API : null ===> Message : validRequest() :: Api validated Successfully
info: ===> TimeStamp : 2025-03-28 17:24:35===> API : /api/auth/login ===> Message : loginUser() invoked!!
info: ===> TimeStamp : 2025-03-28 17:24:35===> API : /api/auth/login ===> Message : loginUser() :: Request Object :: [object Object]
info: ===> TimeStamp : 2025-03-28 17:24:35===> API : /api/auth/login ===> Message : loginUserDB() Invoked !
info: ===> TimeStamp : 2025-03-28 17:24:36===> API : /api/auth/login ===> Message : loginUserResponse() invoked!
info: ===> TimeStamp : 2025-03-28 17:24:36===> API : /api/auth/login ===> Message : loginUserResponse() completed
info: ===> TimeStamp : 2025-03-28 17:27:01===> API : null ===> Message : validateRequest() invoked
info: ===> TimeStamp : 2025-03-28 17:27:01===> API : null ===> Message : fetchDBSettings()
info: ===> TimeStamp : 2025-03-28 17:27:01===> API : null ===> Message : validateRequest() Invoked!
info: ===> TimeStamp : 2025-03-28 17:27:01===> API : null ===> Message : validRequest() :: Api validated Successfully
info: ===> TimeStamp : 2025-03-28 17:27:01===> API : /api/auth/validateuser ===> Message : validateUser() invoked!!
info: ===> TimeStamp : 2025-03-28 17:27:01===> API : /api/auth/validateuser ===> Message : validateUser() :: Request Object :: [object Object]
info: ===> TimeStamp : 2025-03-28 17:27:01===> API : /api/auth/validateuser ===> Message : validateUserDB() Invoked !
info: ===> TimeStamp : 2025-03-28 17:27:01===> API : /api/auth/validateuser ===> Message : validateUserResponse() invoked!
info: ===> TimeStamp : 2025-03-28 17:27:01===> API : /api/auth/validateuser ===> Message : validateUserResponse() completed
info: ===> TimeStamp : 2025-03-28 17:27:01===> API : null ===> Message : validateRequest() invoked
info: ===> TimeStamp : 2025-03-28 17:27:01===> API : null ===> Message : fetchDBSettings()
info: ===> TimeStamp : 2025-03-28 17:27:01===> API : null ===> Message : validateRequest() Invoked!
info: ===> TimeStamp : 2025-03-28 17:27:01===> API : null ===> Message : validRequest() :: Api validated Successfully
info: ===> TimeStamp : 2025-03-28 17:27:01===> API : /api/auth/login ===> Message : loginUser() invoked!!
info: ===> TimeStamp : 2025-03-28 17:27:01===> API : /api/auth/login ===> Message : loginUser() :: Request Object :: [object Object]
info: ===> TimeStamp : 2025-03-28 17:27:01===> API : /api/auth/login ===> Message : loginUserDB() Invoked !
info: ===> TimeStamp : 2025-03-28 17:27:01===> API : /api/auth/login ===> Message : loginUserResponse() invoked!
info: ===> TimeStamp : 2025-03-28 17:27:01===> API : /api/auth/login ===> Message : loginUserResponse() completed
info: ===> TimeStamp : 2025-03-28 17:34:17===> API : null ===> Message : validateRequest() invoked
info: ===> TimeStamp : 2025-03-28 17:34:17===> API : null ===> Message : fetchDBSettings()
info: ===> TimeStamp : 2025-03-28 17:34:17===> API : null ===> Message : validateRequest() Invoked!
info: ===> TimeStamp : 2025-03-28 17:34:17===> API : null ===> Message : validRequest() :: Api validated Successfully
info: ===> TimeStamp : 2025-03-28 17:34:17===> API : /api/auth/validateuser ===> Message : validateUser() invoked!!
info: ===> TimeStamp : 2025-03-28 17:34:17===> API : /api/auth/validateuser ===> Message : validateUser() :: Request Object :: [object Object]
info: ===> TimeStamp : 2025-03-28 17:34:17===> API : /api/auth/validateuser ===> Message : validateUserDB() Invoked !
info: ===> TimeStamp : 2025-03-28 17:34:17===> API : /api/auth/validateuser ===> Message : validateUserResponse() invoked!
info: ===> TimeStamp : 2025-03-28 17:34:17===> API : /api/auth/validateuser ===> Message : validateUserResponse() completed
info: ===> TimeStamp : 2025-03-28 17:34:17===> API : null ===> Message : validateRequest() invoked
info: ===> TimeStamp : 2025-03-28 17:34:17===> API : null ===> Message : fetchDBSettings()
info: ===> TimeStamp : 2025-03-28 17:34:17===> API : null ===> Message : validateRequest() Invoked!
info: ===> TimeStamp : 2025-03-28 17:34:17===> API : null ===> Message : validRequest() :: Api validated Successfully
info: ===> TimeStamp : 2025-03-28 17:34:17===> API : /api/auth/checkIP ===> Message : checkIP() invoked!!
info: ===> TimeStamp : 2025-03-28 17:34:17===> API : /api/auth/checkIP ===> Message : IPs match: 103.225.102.162
info: ===> TimeStamp : 2025-03-28 17:34:17===> API : /api/auth/checkIP ===> Message : checkIPResponse() invoked!
info: ===> TimeStamp : 2025-03-28 17:34:17===> API : /api/auth/checkIP ===> Message : checkIPResponse() completed
info: ===> TimeStamp : 2025-03-28 17:34:17===> API : null ===> Message : validateRequest() invoked
info: ===> TimeStamp : 2025-03-28 17:34:17===> API : null ===> Message : fetchDBSettings()
info: ===> TimeStamp : 2025-03-28 17:34:17===> API : null ===> Message : validateRequest() Invoked!
info: ===> TimeStamp : 2025-03-28 17:34:17===> API : null ===> Message : validRequest() :: Api validated Successfully
info: ===> TimeStamp : 2025-03-28 17:34:17===> API : /api/auth/login ===> Message : loginUser() invoked!!
info: ===> TimeStamp : 2025-03-28 17:34:17===> API : /api/auth/login ===> Message : loginUser() :: Request Object :: [object Object]
info: ===> TimeStamp : 2025-03-28 17:34:17===> API : /api/auth/login ===> Message : loginUserDB() Invoked !
info: ===> TimeStamp : 2025-03-28 17:34:17===> API : /api/auth/login ===> Message : loginUserResponse() invoked!
info: ===> TimeStamp : 2025-03-28 17:34:17===> API : /api/auth/login ===> Message : loginUserResponse() completed
info: ===> TimeStamp : 2025-03-28 19:12:55===> API : null ===> Message : validateRequest() invoked
info: ===> TimeStamp : 2025-03-28 19:12:55===> API : null ===> Message : fetchDBSettings()
info: ===> TimeStamp : 2025-03-28 19:12:55===> API : null ===> Message : validateRequest() Invoked!
info: ===> TimeStamp : 2025-03-28 19:12:55===> API : null ===> Message : validRequest() :: Api validated Successfully
info: ===> TimeStamp : 2025-03-28 19:12:55===> API : /api/auth/validateuser ===> Message : validateUser() invoked!!
info: ===> TimeStamp : 2025-03-28 19:12:55===> API : /api/auth/validateuser ===> Message : validateUser() :: Request Object :: [object Object]
info: ===> TimeStamp : 2025-03-28 19:12:55===> API : /api/auth/validateuser ===> Message : validateUserDB() Invoked !
info: ===> TimeStamp : 2025-03-28 19:12:55===> API : /api/auth/validateuser ===> Message : validateUserResponse() invoked!
info: ===> TimeStamp : 2025-03-28 19:12:55===> API : /api/auth/validateuser ===> Message : validateUserResponse() completed
info: ===> TimeStamp : 2025-03-28 19:12:55===> API : null ===> Message : validateRequest() invoked
info: ===> TimeStamp : 2025-03-28 19:12:55===> API : null ===> Message : fetchDBSettings()
info: ===> TimeStamp : 2025-03-28 19:12:55===> API : null ===> Message : validateRequest() Invoked!
info: ===> TimeStamp : 2025-03-28 19:12:55===> API : null ===> Message : validRequest() :: Api validated Successfully
info: ===> TimeStamp : 2025-03-28 19:12:55===> API : /api/auth/login ===> Message : loginUser() invoked!!
info: ===> TimeStamp : 2025-03-28 19:12:55===> API : /api/auth/login ===> Message : loginUser() :: Request Object :: [object Object]
info: ===> TimeStamp : 2025-03-28 19:12:55===> API : /api/auth/login ===> Message : loginUserDB() Invoked !
info: ===> TimeStamp : 2025-03-28 19:12:55===> API : /api/auth/login ===> Message : loginUserResponse() invoked!
info: ===> TimeStamp : 2025-03-28 19:12:55===> API : /api/auth/login ===> Message : loginUserResponse() completed
info: ===> TimeStamp : 2025-03-28 19:24:45===> API : null ===> Message : validateRequest() invoked
info: ===> TimeStamp : 2025-03-28 19:24:45===> API : null ===> Message : fetchDBSettings()
info: ===> TimeStamp : 2025-03-28 19:24:45===> API : null ===> Message : validateRequest() Invoked!
info: ===> TimeStamp : 2025-03-28 19:24:45===> API : null ===> Message : validRequest() :: Api validated Successfully
info: ===> TimeStamp : 2025-03-28 19:24:45===> API : /api/auth/logout ===> Message : logoutUser() invoked!!
info: ===> TimeStamp : 2025-03-28 19:24:45===> API : /api/auth/logout ===> Message : logoutUser() :: Request Object :: [object Object]
info: ===> TimeStamp : 2025-03-28 19:24:45===> API : /api/auth/logout ===> Message : logoutUserDB() Invoked !
info: ===> TimeStamp : 2025-03-28 19:24:45===> API : /api/auth/logout ===> Message : logoutUserResponse() invoked!
info: ===> TimeStamp : 2025-03-28 19:24:45===> API : /api/auth/logout ===> Message : logoutUserResponse() completed
info: ===> TimeStamp : 2025-03-28 19:24:52===> API : null ===> Message : validateRequest() invoked
info: ===> TimeStamp : 2025-03-28 19:24:52===> API : null ===> Message : fetchDBSettings()
info: ===> TimeStamp : 2025-03-28 19:24:52===> API : null ===> Message : validateRequest() Invoked!
info: ===> TimeStamp : 2025-03-28 19:24:52===> API : null ===> Message : validRequest() :: Api validated Successfully
info: ===> TimeStamp : 2025-03-28 19:24:52===> API : /api/auth/validateuser ===> Message : validateUser() invoked!!
info: ===> TimeStamp : 2025-03-28 19:24:52===> API : /api/auth/validateuser ===> Message : validateUser() :: Request Object :: [object Object]
info: ===> TimeStamp : 2025-03-28 19:24:52===> API : /api/auth/validateuser ===> Message : validateUserDB() Invoked !
info: ===> TimeStamp : 2025-03-28 19:24:52===> API : /api/auth/validateuser ===> Message : validateUserResponse() invoked!
info: ===> TimeStamp : 2025-03-28 19:24:52===> API : /api/auth/validateuser ===> Message : validateUserResponse() completed
info: ===> TimeStamp : 2025-03-28 19:24:52===> API : null ===> Message : validateRequest() invoked
info: ===> TimeStamp : 2025-03-28 19:24:52===> API : null ===> Message : fetchDBSettings()
info: ===> TimeStamp : 2025-03-28 19:24:52===> API : null ===> Message : validateRequest() Invoked!
info: ===> TimeStamp : 2025-03-28 19:24:52===> API : null ===> Message : validRequest() :: Api validated Successfully
info: ===> TimeStamp : 2025-03-28 19:24:52===> API : /api/auth/login ===> Message : loginUser() invoked!!
info: ===> TimeStamp : 2025-03-28 19:24:52===> API : /api/auth/login ===> Message : loginUser() :: Request Object :: [object Object]
info: ===> TimeStamp : 2025-03-28 19:24:52===> API : /api/auth/login ===> Message : loginUserDB() Invoked !
info: ===> TimeStamp : 2025-03-28 19:24:52===> API : /api/auth/login ===> Message : loginUserResponse() invoked!
info: ===> TimeStamp : 2025-03-28 19:24:52===> API : /api/auth/login ===> Message : loginUserResponse() completed
info: ===> TimeStamp : 2025-03-28 19:54:25===> API : null ===> Message : validateRequest() invoked
info: ===> TimeStamp : 2025-03-28 19:54:25===> API : null ===> Message : fetchDBSettings()
info: ===> TimeStamp : 2025-03-28 19:54:25===> API : null ===> Message : validateRequest() Invoked!
info: ===> TimeStamp : 2025-03-28 19:54:25===> API : null ===> Message : validRequest() :: Api validated Successfully
info: ===> TimeStamp : 2025-03-28 19:54:25===> API : /api/auth/validateuser ===> Message : validateUser() invoked!!
info: ===> TimeStamp : 2025-03-28 19:54:25===> API : /api/auth/validateuser ===> Message : validateUser() :: Request Object :: [object Object]
info: ===> TimeStamp : 2025-03-28 19:54:25===> API : /api/auth/validateuser ===> Message : validateUserDB() Invoked !
info: ===> TimeStamp : 2025-03-28 19:54:25===> API : /api/auth/validateuser ===> Message : validateUserResponse() invoked!
info: ===> TimeStamp : 2025-03-28 19:54:25===> API : /api/auth/validateuser ===> Message : validateUserResponse() completed
info: ===> TimeStamp : 2025-03-28 19:54:25===> API : null ===> Message : validateRequest() invoked
info: ===> TimeStamp : 2025-03-28 19:54:25===> API : null ===> Message : fetchDBSettings()
info: ===> TimeStamp : 2025-03-28 19:54:25===> API : null ===> Message : validateRequest() Invoked!
info: ===> TimeStamp : 2025-03-28 19:54:25===> API : null ===> Message : validRequest() :: Api validated Successfully
info: ===> TimeStamp : 2025-03-28 19:54:25===> API : /api/auth/login ===> Message : loginUser() invoked!!
info: ===> TimeStamp : 2025-03-28 19:54:25===> API : /api/auth/login ===> Message : loginUser() :: Request Object :: [object Object]
info: ===> TimeStamp : 2025-03-28 19:54:25===> API : /api/auth/login ===> Message : loginUserDB() Invoked !
info: ===> TimeStamp : 2025-03-28 19:54:25===> API : /api/auth/login ===> Message : loginUserResponse() invoked!
info: ===> TimeStamp : 2025-03-28 19:54:25===> API : /api/auth/login ===> Message : loginUserResponse() completed
info: ===> TimeStamp : 2025-03-28 21:44:28===> API : null ===> Message : validateRequest() invoked
info: ===> TimeStamp : 2025-03-28 21:44:28===> API : null ===> Message : fetchDBSettings()
info: ===> TimeStamp : 2025-03-28 21:44:28===> API : null ===> Message : validateRequest() Invoked!
info: ===> TimeStamp : 2025-03-28 21:44:28===> API : null ===> Message : validRequest() :: Api validated Successfully
info: ===> TimeStamp : 2025-03-28 21:44:28===> API : /api/auth/logout ===> Message : logoutUser() invoked!!
info: ===> TimeStamp : 2025-03-28 21:44:28===> API : /api/auth/logout ===> Message : logoutUser() :: Request Object :: [object Object]
info: ===> TimeStamp : 2025-03-28 21:44:28===> API : /api/auth/logout ===> Message : logoutUserDB() Invoked !
info: ===> TimeStamp : 2025-03-28 21:44:28===> API : /api/auth/logout ===> Message : logoutUserResponse() invoked!
info: ===> TimeStamp : 2025-03-28 21:44:28===> API : /api/auth/logout ===> Message : logoutUserResponse() completed
info: ===> TimeStamp : 2025-03-28 21:48:03===> API : null ===> Message : validateRequest() invoked
info: ===> TimeStamp : 2025-03-28 21:48:03===> API : null ===> Message : fetchDBSettings()
info: ===> TimeStamp : 2025-03-28 21:48:03===> API : null ===> Message : validateRequest() Invoked!
info: ===> TimeStamp : 2025-03-28 21:48:03===> API : null ===> Message : validRequest() :: Api validated Successfully
info: ===> TimeStamp : 2025-03-28 21:48:03===> API : /api/auth/logout ===> Message : logoutUser() invoked!!
info: ===> TimeStamp : 2025-03-28 21:48:03===> API : /api/auth/logout ===> Message : logoutUser() :: Request Object :: [object Object]
info: ===> TimeStamp : 2025-03-28 21:48:03===> API : /api/auth/logout ===> Message : logoutUserDB() Invoked !
info: ===> TimeStamp : 2025-03-28 21:48:03===> API : /api/auth/logout ===> Message : logoutUserResponse() invoked!
info: ===> TimeStamp : 2025-03-28 21:48:03===> API : /api/auth/logout ===> Message : logoutUserResponse() completed
info: ===> TimeStamp : 2025-03-28 21:48:17===> API : null ===> Message : validateRequest() invoked
info: ===> TimeStamp : 2025-03-28 21:48:17===> API : null ===> Message : fetchDBSettings()
info: ===> TimeStamp : 2025-03-28 21:48:17===> API : null ===> Message : validateRequest() Invoked!
info: ===> TimeStamp : 2025-03-28 21:48:17===> API : null ===> Message : validRequest() :: Api validated Successfully
info: ===> TimeStamp : 2025-03-28 21:48:17===> API : /api/auth/validateuser ===> Message : validateUser() invoked!!
info: ===> TimeStamp : 2025-03-28 21:48:17===> API : /api/auth/validateuser ===> Message : validateUser() :: Request Object :: [object Object]
info: ===> TimeStamp : 2025-03-28 21:48:17===> API : /api/auth/validateuser ===> Message : validateUserDB() Invoked !
info: ===> TimeStamp : 2025-03-28 21:48:17===> API : /api/auth/validateuser ===> Message : validateUserResponse() invoked!
info: ===> TimeStamp : 2025-03-28 21:48:17===> API : /api/auth/validateuser ===> Message : validateUserResponse() completed
info: ===> TimeStamp : 2025-03-28 21:48:17===> API : null ===> Message : validateRequest() invoked
info: ===> TimeStamp : 2025-03-28 21:48:17===> API : null ===> Message : fetchDBSettings()
info: ===> TimeStamp : 2025-03-28 21:48:17===> API : null ===> Message : validateRequest() Invoked!
info: ===> TimeStamp : 2025-03-28 21:48:17===> API : null ===> Message : validRequest() :: Api validated Successfully
info: ===> TimeStamp : 2025-03-28 21:48:17===> API : /api/auth/checkIP ===> Message : checkIP() invoked!!
info: ===> TimeStamp : 2025-03-28 21:48:17===> API : /api/auth/checkIP ===> Message : IPs match: 103.225.102.162
info: ===> TimeStamp : 2025-03-28 21:48:17===> API : /api/auth/checkIP ===> Message : checkIPResponse() invoked!
info: ===> TimeStamp : 2025-03-28 21:48:17===> API : /api/auth/checkIP ===> Message : checkIPResponse() completed
info: ===> TimeStamp : 2025-03-28 21:48:18===> API : null ===> Message : validateRequest() invoked
info: ===> TimeStamp : 2025-03-28 21:48:18===> API : null ===> Message : fetchDBSettings()
info: ===> TimeStamp : 2025-03-28 21:48:18===> API : null ===> Message : validateRequest() Invoked!
info: ===> TimeStamp : 2025-03-28 21:48:18===> API : null ===> Message : validRequest() :: Api validated Successfully
info: ===> TimeStamp : 2025-03-28 21:48:18===> API : /api/auth/login ===> Message : loginUser() invoked!!
info: ===> TimeStamp : 2025-03-28 21:48:18===> API : /api/auth/login ===> Message : loginUser() :: Request Object :: [object Object]
info: ===> TimeStamp : 2025-03-28 21:48:18===> API : /api/auth/login ===> Message : loginUserDB() Invoked !
info: ===> TimeStamp : 2025-03-28 21:48:18===> API : /api/auth/login ===> Message : loginUserResponse() invoked!
info: ===> TimeStamp : 2025-03-28 21:48:18===> API : /api/auth/login ===> Message : loginUserResponse() completed
info: ===> TimeStamp : 2025-03-28 21:50:15===> API : null ===> Message : validateRequest() invoked
info: ===> TimeStamp : 2025-03-28 21:50:15===> API : null ===> Message : fetchDBSettings()
info: ===> TimeStamp : 2025-03-28 21:50:15===> API : null ===> Message : validateRequest() Invoked!
info: ===> TimeStamp : 2025-03-28 21:50:15===> API : null ===> Message : validRequest() :: Api validated Successfully
info: ===> TimeStamp : 2025-03-28 21:50:15===> API : /api/auth/validateuser ===> Message : validateUser() invoked!!
info: ===> TimeStamp : 2025-03-28 21:50:15===> API : /api/auth/validateuser ===> Message : validateUser() :: Request Object :: [object Object]
info: ===> TimeStamp : 2025-03-28 21:50:15===> API : /api/auth/validateuser ===> Message : validateUserDB() Invoked !
info: ===> TimeStamp : 2025-03-28 21:50:15===> API : /api/auth/validateuser ===> Message : validateUserResponse() invoked!
info: ===> TimeStamp : 2025-03-28 21:50:15===> API : /api/auth/validateuser ===> Message : validateUserResponse() completed
info: ===> TimeStamp : 2025-03-28 21:50:15===> API : null ===> Message : validateRequest() invoked
info: ===> TimeStamp : 2025-03-28 21:50:15===> API : null ===> Message : fetchDBSettings()
info: ===> TimeStamp : 2025-03-28 21:50:15===> API : null ===> Message : validateRequest() Invoked!
info: ===> TimeStamp : 2025-03-28 21:50:15===> API : null ===> Message : validRequest() :: Api validated Successfully
info: ===> TimeStamp : 2025-03-28 21:50:15===> API : /api/auth/checkIP ===> Message : checkIP() invoked!!
info: ===> TimeStamp : 2025-03-28 21:50:15===> API : /api/auth/checkIP ===> Message : IPs match: 103.255.182.117
info: ===> TimeStamp : 2025-03-28 21:50:15===> API : /api/auth/checkIP ===> Message : checkIPResponse() invoked!
info: ===> TimeStamp : 2025-03-28 21:50:15===> API : /api/auth/checkIP ===> Message : checkIPResponse() completed
info: ===> TimeStamp : 2025-03-28 21:50:15===> API : null ===> Message : validateRequest() invoked
info: ===> TimeStamp : 2025-03-28 21:50:15===> API : null ===> Message : fetchDBSettings()
info: ===> TimeStamp : 2025-03-28 21:50:15===> API : null ===> Message : validateRequest() Invoked!
info: ===> TimeStamp : 2025-03-28 21:50:15===> API : null ===> Message : validRequest() :: Api validated Successfully
info: ===> TimeStamp : 2025-03-28 21:50:15===> API : /api/auth/login ===> Message : loginUser() invoked!!
info: ===> TimeStamp : 2025-03-28 21:50:15===> API : /api/auth/login ===> Message : loginUser() :: Request Object :: [object Object]
info: ===> TimeStamp : 2025-03-28 21:50:15===> API : /api/auth/login ===> Message : loginUserDB() Invoked !
info: ===> TimeStamp : 2025-03-28 21:50:15===> API : /api/auth/login ===> Message : loginUserResponse() invoked!
info: ===> TimeStamp : 2025-03-28 21:50:15===> API : /api/auth/login ===> Message : loginUserResponse() completed
info: ===> TimeStamp : 2025-03-28 22:23:22===> API : null ===> Message : fetchDBSettings()
info: ===> TimeStamp : 2025-03-28 22:23:22===> API : null ===> Message : validateRequest() invoked
info: ===> TimeStamp : 2025-03-28 22:23:22===> API : null ===> Message : validateRequest() Invoked!
info: ===> TimeStamp : 2025-03-28 22:23:22===> API : null ===> Message : validRequest() :: Api validated Successfully
info: ===> TimeStamp : 2025-03-28 22:23:22===> API : /api/auth/validateuser ===> Message : validateUser() invoked!!
info: ===> TimeStamp : 2025-03-28 22:23:22===> API : /api/auth/validateuser ===> Message : validateUser() :: Request Object :: [object Object]
info: ===> TimeStamp : 2025-03-28 22:23:22===> API : /api/auth/validateuser ===> Message : validateUserDB() Invoked !
info: ===> TimeStamp : 2025-03-28 22:23:22===> API : /api/auth/validateuser ===> Message : validateUserResponse() invoked!
info: ===> TimeStamp : 2025-03-28 22:23:22===> API : /api/auth/validateuser ===> Message : validateUserResponse() completed
info: ===> TimeStamp : 2025-03-28 22:23:22===> API : null ===> Message : validateRequest() invoked
info: ===> TimeStamp : 2025-03-28 22:23:22===> API : null ===> Message : fetchDBSettings()
info: ===> TimeStamp : 2025-03-28 22:23:22===> API : null ===> Message : validateRequest() Invoked!
info: ===> TimeStamp : 2025-03-28 22:23:22===> API : null ===> Message : validRequest() :: Api validated Successfully
info: ===> TimeStamp : 2025-03-28 22:23:22===> API : /api/auth/login ===> Message : loginUser() invoked!!
info: ===> TimeStamp : 2025-03-28 22:23:22===> API : /api/auth/login ===> Message : loginUser() :: Request Object :: [object Object]
info: ===> TimeStamp : 2025-03-28 22:23:22===> API : /api/auth/login ===> Message : loginUserDB() Invoked !
info: ===> TimeStamp : 2025-03-28 22:23:22===> API : /api/auth/login ===> Message : loginUserResponse() invoked!
info: ===> TimeStamp : 2025-03-28 22:23:22===> API : /api/auth/login ===> Message : loginUserResponse() completed
info: ===> TimeStamp : 2025-03-28 22:34:57===> API : null ===> Message : validateRequest() invoked
info: ===> TimeStamp : 2025-03-28 22:34:57===> API : null ===> Message : fetchDBSettings()
info: ===> TimeStamp : 2025-03-28 22:34:57===> API : null ===> Message : validateRequest() Invoked!
info: ===> TimeStamp : 2025-03-28 22:34:57===> API : null ===> Message : validRequest() :: Api validated Successfully
info: ===> TimeStamp : 2025-03-28 22:34:57===> API : /api/auth/logout ===> Message : logoutUser() invoked!!
info: ===> TimeStamp : 2025-03-28 22:34:57===> API : /api/auth/logout ===> Message : logoutUser() :: Request Object :: [object Object]
info: ===> TimeStamp : 2025-03-28 22:34:57===> API : /api/auth/logout ===> Message : logoutUserDB() Invoked !
info: ===> TimeStamp : 2025-03-28 22:34:57===> API : /api/auth/logout ===> Message : logoutUserResponse() invoked!
info: ===> TimeStamp : 2025-03-28 22:34:57===> API : /api/auth/logout ===> Message : logoutUserResponse() completed
info: ===> TimeStamp : 2025-03-28 22:35:21===> API : null ===> Message : validateRequest() invoked
info: ===> TimeStamp : 2025-03-28 22:35:21===> API : null ===> Message : fetchDBSettings()
info: ===> TimeStamp : 2025-03-28 22:35:21===> API : null ===> Message : validateRequest() Invoked!
info: ===> TimeStamp : 2025-03-28 22:35:21===> API : null ===> Message : validRequest() :: Api validated Successfully
info: ===> TimeStamp : 2025-03-28 22:35:21===> API : /api/auth/validateuser ===> Message : validateUser() invoked!!
info: ===> TimeStamp : 2025-03-28 22:35:21===> API : /api/auth/validateuser ===> Message : validateUser() :: Request Object :: [object Object]
info: ===> TimeStamp : 2025-03-28 22:35:21===> API : /api/auth/validateuser ===> Message : validateUserDB() Invoked !
info: ===> TimeStamp : 2025-03-28 22:35:21===> API : /api/auth/validateuser ===> Message : validateUserResponse() invoked!
info: ===> TimeStamp : 2025-03-28 22:35:21===> API : /api/auth/validateuser ===> Message : validateUserResponse() completed
info: ===> TimeStamp : 2025-03-28 22:35:22===> API : null ===> Message : validateRequest() invoked
info: ===> TimeStamp : 2025-03-28 22:35:22===> API : null ===> Message : fetchDBSettings()
info: ===> TimeStamp : 2025-03-28 22:35:22===> API : null ===> Message : validateRequest() Invoked!
info: ===> TimeStamp : 2025-03-28 22:35:22===> API : null ===> Message : validRequest() :: Api validated Successfully
info: ===> TimeStamp : 2025-03-28 22:35:22===> API : /api/auth/checkIP ===> Message : checkIP() invoked!!
info: ===> TimeStamp : 2025-03-28 22:35:22===> API : /api/auth/checkIP ===> Message : IPs match: 103.255.182.117
info: ===> TimeStamp : 2025-03-28 22:35:22===> API : /api/auth/checkIP ===> Message : checkIPResponse() invoked!
info: ===> TimeStamp : 2025-03-28 22:35:22===> API : /api/auth/checkIP ===> Message : checkIPResponse() completed
info: ===> TimeStamp : 2025-03-28 22:35:22===> API : null ===> Message : validateRequest() invoked
info: ===> TimeStamp : 2025-03-28 22:35:22===> API : null ===> Message : fetchDBSettings()
info: ===> TimeStamp : 2025-03-28 22:35:22===> API : null ===> Message : validateRequest() Invoked!
info: ===> TimeStamp : 2025-03-28 22:35:22===> API : null ===> Message : validRequest() :: Api validated Successfully
info: ===> TimeStamp : 2025-03-28 22:35:22===> API : /api/auth/login ===> Message : loginUser() invoked!!
info: ===> TimeStamp : 2025-03-28 22:35:22===> API : /api/auth/login ===> Message : loginUser() :: Request Object :: [object Object]
info: ===> TimeStamp : 2025-03-28 22:35:22===> API : /api/auth/login ===> Message : loginUserDB() Invoked !
info: ===> TimeStamp : 2025-03-28 22:35:22===> API : /api/auth/login ===> Message : loginUserResponse() invoked!
info: ===> TimeStamp : 2025-03-28 22:35:22===> API : /api/auth/login ===> Message : loginUserResponse() completed
info: ===> TimeStamp : 2025-03-28 22:35:56===> API : null ===> Message : validateRequest() invoked
info: ===> TimeStamp : 2025-03-28 22:35:56===> API : null ===> Message : fetchDBSettings()
info: ===> TimeStamp : 2025-03-28 22:35:56===> API : null ===> Message : validateRequest() Invoked!
info: ===> TimeStamp : 2025-03-28 22:35:56===> API : null ===> Message : validRequest() :: Api validated Successfully
info: ===> TimeStamp : 2025-03-28 22:35:56===> API : /api/auth/logout ===> Message : logoutUser() invoked!!
info: ===> TimeStamp : 2025-03-28 22:35:56===> API : /api/auth/logout ===> Message : logoutUser() :: Request Object :: [object Object]
info: ===> TimeStamp : 2025-03-28 22:35:56===> API : /api/auth/logout ===> Message : logoutUserDB() Invoked !
info: ===> TimeStamp : 2025-03-28 22:35:56===> API : /api/auth/logout ===> Message : logoutUserResponse() invoked!
info: ===> TimeStamp : 2025-03-28 22:35:56===> API : /api/auth/logout ===> Message : logoutUserResponse() completed
info: ===> TimeStamp : 2025-03-28 22:36:02===> API : null ===> Message : validateRequest() invoked
info: ===> TimeStamp : 2025-03-28 22:36:02===> API : null ===> Message : fetchDBSettings()
info: ===> TimeStamp : 2025-03-28 22:36:02===> API : null ===> Message : validateRequest() Invoked!
info: ===> TimeStamp : 2025-03-28 22:36:02===> API : null ===> Message : validRequest() :: Api validated Successfully
info: ===> TimeStamp : 2025-03-28 22:36:02===> API : /api/auth/validateuser ===> Message : validateUser() invoked!!
info: ===> TimeStamp : 2025-03-28 22:36:02===> API : /api/auth/validateuser ===> Message : validateUser() :: Request Object :: [object Object]
info: ===> TimeStamp : 2025-03-28 22:36:02===> API : /api/auth/validateuser ===> Message : validateUserDB() Invoked !
info: ===> TimeStamp : 2025-03-28 22:36:02===> API : /api/auth/validateuser ===> Message : validateUserResponse() invoked!
info: ===> TimeStamp : 2025-03-28 22:36:02===> API : /api/auth/validateuser ===> Message : validateUserResponse() completed
info: ===> TimeStamp : 2025-03-28 22:36:02===> API : null ===> Message : validateRequest() invoked
info: ===> TimeStamp : 2025-03-28 22:36:02===> API : null ===> Message : fetchDBSettings()
info: ===> TimeStamp : 2025-03-28 22:36:02===> API : null ===> Message : validateRequest() Invoked!
info: ===> TimeStamp : 2025-03-28 22:36:02===> API : null ===> Message : validRequest() :: Api validated Successfully
info: ===> TimeStamp : 2025-03-28 22:36:02===> API : /api/auth/checkIP ===> Message : checkIP() invoked!!
info: ===> TimeStamp : 2025-03-28 22:36:02===> API : /api/auth/checkIP ===> Message : IPs match: 103.255.182.117
info: ===> TimeStamp : 2025-03-28 22:36:02===> API : /api/auth/checkIP ===> Message : checkIPResponse() invoked!
info: ===> TimeStamp : 2025-03-28 22:36:02===> API : /api/auth/checkIP ===> Message : checkIPResponse() completed
info: ===> TimeStamp : 2025-03-28 22:36:02===> API : null ===> Message : validateRequest() invoked
info: ===> TimeStamp : 2025-03-28 22:36:02===> API : null ===> Message : fetchDBSettings()
info: ===> TimeStamp : 2025-03-28 22:36:02===> API : null ===> Message : validateRequest() Invoked!
info: ===> TimeStamp : 2025-03-28 22:36:02===> API : null ===> Message : validRequest() :: Api validated Successfully
info: ===> TimeStamp : 2025-03-28 22:36:02===> API : /api/auth/login ===> Message : loginUser() invoked!!
info: ===> TimeStamp : 2025-03-28 22:36:02===> API : /api/auth/login ===> Message : loginUser() :: Request Object :: [object Object]
info: ===> TimeStamp : 2025-03-28 22:36:02===> API : /api/auth/login ===> Message : loginUserDB() Invoked !
info: ===> TimeStamp : 2025-03-28 22:36:02===> API : /api/auth/login ===> Message : loginUserResponse() invoked!
info: ===> TimeStamp : 2025-03-28 22:36:02===> API : /api/auth/login ===> Message : loginUserResponse() completed
info: ===> TimeStamp : 2025-03-28 22:49:10===> API : null ===> Message : validateRequest() invoked
info: ===> TimeStamp : 2025-03-28 22:49:10===> API : null ===> Message : fetchDBSettings()
info: ===> TimeStamp : 2025-03-28 22:49:10===> API : null ===> Message : validateRequest() Invoked!
info: ===> TimeStamp : 2025-03-28 22:49:10===> API : null ===> Message : validRequest() :: Api validated Successfully
info: ===> TimeStamp : 2025-03-28 22:49:10===> API : /api/auth/validateuser ===> Message : validateUser() invoked!!
info: ===> TimeStamp : 2025-03-28 22:49:10===> API : /api/auth/validateuser ===> Message : validateUser() :: Request Object :: [object Object]
info: ===> TimeStamp : 2025-03-28 22:49:10===> API : /api/auth/validateuser ===> Message : validateUserDB() Invoked !
info: ===> TimeStamp : 2025-03-28 22:49:10===> API : /api/auth/validateuser ===> Message : validateUserResponse() invoked!
info: ===> TimeStamp : 2025-03-28 22:49:10===> API : /api/auth/validateuser ===> Message : validateUserResponse() completed
info: ===> TimeStamp : 2025-03-28 22:49:10===> API : null ===> Message : validateRequest() invoked
info: ===> TimeStamp : 2025-03-28 22:49:10===> API : null ===> Message : fetchDBSettings()
info: ===> TimeStamp : 2025-03-28 22:49:10===> API : null ===> Message : validateRequest() Invoked!
info: ===> TimeStamp : 2025-03-28 22:49:10===> API : null ===> Message : validRequest() :: Api validated Successfully
info: ===> TimeStamp : 2025-03-28 22:49:10===> API : /api/auth/login ===> Message : loginUser() invoked!!
info: ===> TimeStamp : 2025-03-28 22:49:10===> API : /api/auth/login ===> Message : loginUser() :: Request Object :: [object Object]
info: ===> TimeStamp : 2025-03-28 22:49:10===> API : /api/auth/login ===> Message : loginUserDB() Invoked !
info: ===> TimeStamp : 2025-03-28 22:49:10===> API : /api/auth/login ===> Message : loginUserResponse() invoked!
info: ===> TimeStamp : 2025-03-28 22:49:10===> API : /api/auth/login ===> Message : loginUserResponse() completed
info: ===> TimeStamp : 2025-03-28 23:16:20===> API : null ===> Message : validateRequest() invoked
info: ===> TimeStamp : 2025-03-28 23:16:20===> API : null ===> Message : fetchDBSettings()
info: ===> TimeStamp : 2025-03-28 23:16:20===> API : null ===> Message : validateRequest() Invoked!
info: ===> TimeStamp : 2025-03-28 23:16:20===> API : null ===> Message : validRequest() :: Api validated Successfully
info: ===> TimeStamp : 2025-03-28 23:16:20===> API : /api/auth/validateuser ===> Message : validateUser() invoked!!
info: ===> TimeStamp : 2025-03-28 23:16:20===> API : /api/auth/validateuser ===> Message : validateUser() :: Request Object :: [object Object]
info: ===> TimeStamp : 2025-03-28 23:16:20===> API : /api/auth/validateuser ===> Message : validateUserDB() Invoked !
info: ===> TimeStamp : 2025-03-28 23:16:20===> API : /api/auth/validateuser ===> Message : validateUserResponse() invoked!
info: ===> TimeStamp : 2025-03-28 23:16:20===> API : /api/auth/validateuser ===> Message : validateUserResponse() completed
info: ===> TimeStamp : 2025-03-28 23:16:20===> API : null ===> Message : validateRequest() invoked
info: ===> TimeStamp : 2025-03-28 23:16:20===> API : null ===> Message : fetchDBSettings()
info: ===> TimeStamp : 2025-03-28 23:16:20===> API : null ===> Message : validateRequest() Invoked!
info: ===> TimeStamp : 2025-03-28 23:16:20===> API : null ===> Message : validRequest() :: Api validated Successfully
info: ===> TimeStamp : 2025-03-28 23:16:20===> API : /api/auth/checkIP ===> Message : checkIP() invoked!!
info: ===> TimeStamp : 2025-03-28 23:16:20===> API : /api/auth/checkIP ===> Message : IPs match: 103.255.182.117
info: ===> TimeStamp : 2025-03-28 23:16:20===> API : /api/auth/checkIP ===> Message : checkIPResponse() invoked!
info: ===> TimeStamp : 2025-03-28 23:16:20===> API : /api/auth/checkIP ===> Message : checkIPResponse() completed
info: ===> TimeStamp : 2025-03-28 23:16:20===> API : null ===> Message : validateRequest() invoked
info: ===> TimeStamp : 2025-03-28 23:16:20===> API : null ===> Message : fetchDBSettings()
info: ===> TimeStamp : 2025-03-28 23:16:20===> API : null ===> Message : validateRequest() Invoked!
info: ===> TimeStamp : 2025-03-28 23:16:20===> API : null ===> Message : validRequest() :: Api validated Successfully
info: ===> TimeStamp : 2025-03-28 23:16:20===> API : /api/auth/login ===> Message : loginUser() invoked!!
info: ===> TimeStamp : 2025-03-28 23:16:20===> API : /api/auth/login ===> Message : loginUser() :: Request Object :: [object Object]
info: ===> TimeStamp : 2025-03-28 23:16:20===> API : /api/auth/login ===> Message : loginUserDB() Invoked !
info: ===> TimeStamp : 2025-03-28 23:16:20===> API : /api/auth/login ===> Message : loginUserResponse() invoked!
info: ===> TimeStamp : 2025-03-28 23:16:20===> API : /api/auth/login ===> Message : loginUserResponse() completed
info: ===> TimeStamp : 2025-03-28 23:25:50===> API : null ===> Message : validateRequest() invoked
info: ===> TimeStamp : 2025-03-28 23:25:50===> API : null ===> Message : fetchDBSettings()
info: ===> TimeStamp : 2025-03-28 23:25:50===> API : null ===> Message : validateRequest() Invoked!
info: ===> TimeStamp : 2025-03-28 23:25:50===> API : null ===> Message : validRequest() :: Api validated Successfully
info: ===> TimeStamp : 2025-03-28 23:25:50===> API : /api/auth/validateuser ===> Message : validateUser() :: Request Object :: [object Object]
info: ===> TimeStamp : 2025-03-28 23:25:50===> API : /api/auth/validateuser ===> Message : validateUser() invoked!!
info: ===> TimeStamp : 2025-03-28 23:25:50===> API : /api/auth/validateuser ===> Message : validateUserDB() Invoked !
info: ===> TimeStamp : 2025-03-28 23:25:50===> API : /api/auth/validateuser ===> Message : validateUserResponse() invoked!
info: ===> TimeStamp : 2025-03-28 23:25:50===> API : /api/auth/validateuser ===> Message : validateUserResponse() completed
info: ===> TimeStamp : 2025-03-28 23:25:50===> API : null ===> Message : validateRequest() invoked
info: ===> TimeStamp : 2025-03-28 23:25:50===> API : null ===> Message : fetchDBSettings()
info: ===> TimeStamp : 2025-03-28 23:25:50===> API : null ===> Message : validateRequest() Invoked!
info: ===> TimeStamp : 2025-03-28 23:25:50===> API : null ===> Message : validRequest() :: Api validated Successfully
info: ===> TimeStamp : 2025-03-28 23:25:50===> API : /api/auth/login ===> Message : loginUser() invoked!!
info: ===> TimeStamp : 2025-03-28 23:25:50===> API : /api/auth/login ===> Message : loginUser() :: Request Object :: [object Object]
info: ===> TimeStamp : 2025-03-28 23:25:50===> API : /api/auth/login ===> Message : loginUserDB() Invoked !
info: ===> TimeStamp : 2025-03-28 23:25:50===> API : /api/auth/login ===> Message : loginUserResponse() invoked!
info: ===> TimeStamp : 2025-03-28 23:25:50===> API : /api/auth/login ===> Message : loginUserResponse() completed
info: ===> TimeStamp : 2025-03-28 23:42:12===> API : null ===> Message : validateRequest() invoked
info: ===> TimeStamp : 2025-03-28 23:42:12===> API : null ===> Message : fetchDBSettings()
info: ===> TimeStamp : 2025-03-28 23:42:12===> API : null ===> Message : validateRequest() Invoked!
info: ===> TimeStamp : 2025-03-28 23:42:13===> API : null ===> Message : validRequest() :: Api validated Successfully
info: ===> TimeStamp : 2025-03-28 23:42:13===> API : /api/auth/validateuser ===> Message : validateUser() invoked!!
info: ===> TimeStamp : 2025-03-28 23:42:13===> API : /api/auth/validateuser ===> Message : validateUser() :: Request Object :: [object Object]
info: ===> TimeStamp : 2025-03-28 23:42:13===> API : /api/auth/validateuser ===> Message : validateUserDB() Invoked !
info: ===> TimeStamp : 2025-03-28 23:42:13===> API : /api/auth/validateuser ===> Message : validateUserResponse() invoked!
info: ===> TimeStamp : 2025-03-28 23:42:13===> API : /api/auth/validateuser ===> Message : validateUserResponse() completed
info: ===> TimeStamp : 2025-03-28 23:42:13===> API : null ===> Message : validateRequest() invoked
info: ===> TimeStamp : 2025-03-28 23:42:13===> API : null ===> Message : fetchDBSettings()
info: ===> TimeStamp : 2025-03-28 23:42:13===> API : null ===> Message : validateRequest() Invoked!
info: ===> TimeStamp : 2025-03-28 23:42:13===> API : null ===> Message : validRequest() :: Api validated Successfully
info: ===> TimeStamp : 2025-03-28 23:42:13===> API : /api/auth/login ===> Message : loginUser() invoked!!
info: ===> TimeStamp : 2025-03-28 23:42:13===> API : /api/auth/login ===> Message : loginUser() :: Request Object :: [object Object]
info: ===> TimeStamp : 2025-03-28 23:42:13===> API : /api/auth/login ===> Message : loginUserDB() Invoked !
info: ===> TimeStamp : 2025-03-28 23:42:13===> API : /api/auth/login ===> Message : loginUserResponse() invoked!
info: ===> TimeStamp : 2025-03-28 23:42:13===> API : /api/auth/login ===> Message : loginUserResponse() completed
info: ===> TimeStamp : 2025-03-29 00:50:40===> API : null ===> Message : validateRequest() invoked
info: ===> TimeStamp : 2025-03-29 00:50:40===> API : null ===> Message : fetchDBSettings()
info: ===> TimeStamp : 2025-03-29 00:50:40===> API : null ===> Message : validateRequest() Invoked!
info: ===> TimeStamp : 2025-03-29 00:50:40===> API : null ===> Message : validRequest() :: Api validated Successfully
info: ===> TimeStamp : 2025-03-29 00:50:40===> API : /api/auth/validateuser ===> Message : validateUser() invoked!!
info: ===> TimeStamp : 2025-03-29 00:50:40===> API : /api/auth/validateuser ===> Message : validateUser() :: Request Object :: [object Object]
info: ===> TimeStamp : 2025-03-29 00:50:40===> API : /api/auth/validateuser ===> Message : validateUserDB() Invoked !
info: ===> TimeStamp : 2025-03-29 00:50:40===> API : /api/auth/validateuser ===> Message : validateUserResponse() invoked!
info: ===> TimeStamp : 2025-03-29 00:50:40===> API : /api/auth/validateuser ===> Message : validateUserResponse() completed
info: ===> TimeStamp : 2025-03-29 00:50:40===> API : null ===> Message : validateRequest() invoked
info: ===> TimeStamp : 2025-03-29 00:50:40===> API : null ===> Message : fetchDBSettings()
info: ===> TimeStamp : 2025-03-29 00:50:40===> API : null ===> Message : validateRequest() Invoked!
info: ===> TimeStamp : 2025-03-29 00:50:40===> API : null ===> Message : validRequest() :: Api validated Successfully
info: ===> TimeStamp : 2025-03-29 00:50:40===> API : /api/auth/login ===> Message : loginUser() invoked!!
info: ===> TimeStamp : 2025-03-29 00:50:40===> API : /api/auth/login ===> Message : loginUser() :: Request Object :: [object Object]
info: ===> TimeStamp : 2025-03-29 00:50:40===> API : /api/auth/login ===> Message : loginUserDB() Invoked !
info: ===> TimeStamp : 2025-03-29 00:50:40===> API : /api/auth/login ===> Message : loginUserResponse() invoked!
info: ===> TimeStamp : 2025-03-29 00:50:40===> API : /api/auth/login ===> Message : loginUserResponse() completed
info: ===> TimeStamp : 2025-03-29 00:58:38===> API : null ===> Message : validateRequest() invoked
info: ===> TimeStamp : 2025-03-29 00:58:38===> API : null ===> Message : fetchDBSettings()
info: ===> TimeStamp : 2025-03-29 00:58:38===> API : null ===> Message : validateRequest() Invoked!
info: ===> TimeStamp : 2025-03-29 00:58:38===> API : null ===> Message : validRequest() :: Api validated Successfully
info: ===> TimeStamp : 2025-03-29 00:58:38===> API : /api/auth/validateuser ===> Message : validateUser() invoked!!
info: ===> TimeStamp : 2025-03-29 00:58:38===> API : /api/auth/validateuser ===> Message : validateUser() :: Request Object :: [object Object]
info: ===> TimeStamp : 2025-03-29 00:58:38===> API : /api/auth/validateuser ===> Message : validateUserDB() Invoked !
info: ===> TimeStamp : 2025-03-29 00:58:38===> API : /api/auth/validateuser ===> Message : validateUserResponse() invoked!
info: ===> TimeStamp : 2025-03-29 00:58:38===> API : /api/auth/validateuser ===> Message : validateUserResponse() completed
info: ===> TimeStamp : 2025-03-29 00:58:38===> API : null ===> Message : validateRequest() invoked
info: ===> TimeStamp : 2025-03-29 00:58:38===> API : null ===> Message : fetchDBSettings()
info: ===> TimeStamp : 2025-03-29 00:58:38===> API : null ===> Message : validateRequest() Invoked!
info: ===> TimeStamp : 2025-03-29 00:58:38===> API : null ===> Message : validRequest() :: Api validated Successfully
info: ===> TimeStamp : 2025-03-29 00:58:38===> API : /api/auth/checkIP ===> Message : checkIP() invoked!!
info: ===> TimeStamp : 2025-03-29 00:58:38===> API : /api/auth/checkIP ===> Message : IPs match: 103.225.102.162
info: ===> TimeStamp : 2025-03-29 00:58:38===> API : /api/auth/checkIP ===> Message : checkIPResponse() invoked!
info: ===> TimeStamp : 2025-03-29 00:58:38===> API : /api/auth/checkIP ===> Message : checkIPResponse() completed
info: ===> TimeStamp : 2025-03-29 00:58:38===> API : null ===> Message : validateRequest() invoked
info: ===> TimeStamp : 2025-03-29 00:58:38===> API : null ===> Message : fetchDBSettings()
info: ===> TimeStamp : 2025-03-29 00:58:38===> API : null ===> Message : validateRequest() Invoked!
info: ===> TimeStamp : 2025-03-29 00:58:38===> API : null ===> Message : validRequest() :: Api validated Successfully
info: ===> TimeStamp : 2025-03-29 00:58:38===> API : /api/auth/login ===> Message : loginUser() invoked!!
info: ===> TimeStamp : 2025-03-29 00:58:38===> API : /api/auth/login ===> Message : loginUser() :: Request Object :: [object Object]
info: ===> TimeStamp : 2025-03-29 00:58:38===> API : /api/auth/login ===> Message : loginUserDB() Invoked !
info: ===> TimeStamp : 2025-03-29 00:58:38===> API : /api/auth/login ===> Message : loginUserResponse() invoked!
info: ===> TimeStamp : 2025-03-29 00:58:38===> API : /api/auth/login ===> Message : loginUserResponse() completed
info: ===> TimeStamp : 2025-03-29 03:01:06===> API : null ===> Message : validateRequest() invoked
info: ===> TimeStamp : 2025-03-29 03:01:06===> API : null ===> Message : validateRequest() Error:: Invalid Request :: 
      {"apiUri":"/"}
info: ===> TimeStamp : 2025-03-29 03:01:06===> API : null ===> Message : validateRequest() invoked
info: ===> TimeStamp : 2025-03-29 03:01:06===> API : null ===> Message : validateRequest() Error:: Invalid Request :: 
      {"apiUri":"/favicon.ico"}
info: ===> TimeStamp : 2025-03-29 03:01:21===> API : null ===> Message : validateRequest() invoked
info: ===> TimeStamp : 2025-03-29 03:01:21===> API : null ===> Message : validateRequest() Error:: Invalid Request :: 
      {"apiUri":"/favicon.ico"}
info: ===> TimeStamp : 2025-03-29 03:18:17===> API : null ===> Message : validateRequest() invoked
info: ===> TimeStamp : 2025-03-29 03:18:17===> API : null ===> Message : fetchDBSettings()
info: ===> TimeStamp : 2025-03-29 03:18:17===> API : null ===> Message : validateRequest() Invoked!
info: ===> TimeStamp : 2025-03-29 03:18:17===> API : null ===> Message : validRequest() :: Api validated Successfully
info: ===> TimeStamp : 2025-03-29 03:18:17===> API : /api/auth/validateuser ===> Message : validateUser() :: Request Object :: [object Object]
info: ===> TimeStamp : 2025-03-29 03:18:17===> API : /api/auth/validateuser ===> Message : validateUser() invoked!!
info: ===> TimeStamp : 2025-03-29 03:18:17===> API : /api/auth/validateuser ===> Message : validateUserDB() Invoked !
info: ===> TimeStamp : 2025-03-29 03:18:17===> API : /api/auth/validateuser ===> Message : validateUserResponse() invoked!
info: ===> TimeStamp : 2025-03-29 03:18:17===> API : /api/auth/validateuser ===> Message : validateUserResponse() completed
info: ===> TimeStamp : 2025-03-29 03:18:17===> API : null ===> Message : validateRequest() invoked
info: ===> TimeStamp : 2025-03-29 03:18:17===> API : null ===> Message : fetchDBSettings()
info: ===> TimeStamp : 2025-03-29 03:18:17===> API : null ===> Message : validateRequest() Invoked!
info: ===> TimeStamp : 2025-03-29 03:18:17===> API : null ===> Message : validRequest() :: Api validated Successfully
info: ===> TimeStamp : 2025-03-29 03:18:17===> API : /api/auth/checkIP ===> Message : checkIP() invoked!!
info: ===> TimeStamp : 2025-03-29 03:18:17===> API : /api/auth/checkIP ===> Message : IPs match: 103.225.102.162
info: ===> TimeStamp : 2025-03-29 03:18:17===> API : /api/auth/checkIP ===> Message : checkIPResponse() invoked!
info: ===> TimeStamp : 2025-03-29 03:18:17===> API : /api/auth/checkIP ===> Message : checkIPResponse() completed
info: ===> TimeStamp : 2025-03-29 03:18:17===> API : null ===> Message : validateRequest() invoked
info: ===> TimeStamp : 2025-03-29 03:18:17===> API : null ===> Message : fetchDBSettings()
info: ===> TimeStamp : 2025-03-29 03:18:17===> API : null ===> Message : validateRequest() Invoked!
info: ===> TimeStamp : 2025-03-29 03:18:17===> API : null ===> Message : validRequest() :: Api validated Successfully
info: ===> TimeStamp : 2025-03-29 03:18:17===> API : /api/auth/login ===> Message : loginUser() invoked!!
info: ===> TimeStamp : 2025-03-29 03:18:17===> API : /api/auth/login ===> Message : loginUser() :: Request Object :: [object Object]
info: ===> TimeStamp : 2025-03-29 03:18:17===> API : /api/auth/login ===> Message : loginUserDB() Invoked !
info: ===> TimeStamp : 2025-03-29 03:18:17===> API : /api/auth/login ===> Message : loginUserResponse() invoked!
info: ===> TimeStamp : 2025-03-29 03:18:17===> API : /api/auth/login ===> Message : loginUserResponse() completed
info: ===> TimeStamp : 2025-03-29 03:18:49===> API : null ===> Message : validateRequest() invoked
info: ===> TimeStamp : 2025-03-29 03:18:49===> API : null ===> Message : fetchDBSettings()
info: ===> TimeStamp : 2025-03-29 03:18:49===> API : null ===> Message : validateRequest() Invoked!
info: ===> TimeStamp : 2025-03-29 03:18:49===> API : null ===> Message : validRequest() :: Api validated Successfully
info: ===> TimeStamp : 2025-03-29 03:18:49===> API : /api/auth/validateuser ===> Message : validateUser() invoked!!
info: ===> TimeStamp : 2025-03-29 03:18:49===> API : /api/auth/validateuser ===> Message : validateUser() :: Request Object :: [object Object]
info: ===> TimeStamp : 2025-03-29 03:18:49===> API : /api/auth/validateuser ===> Message : validateUserDB() Invoked !
info: ===> TimeStamp : 2025-03-29 03:18:49===> API : /api/auth/validateuser ===> Message : validateUserResponse() invoked!
info: ===> TimeStamp : 2025-03-29 03:18:49===> API : /api/auth/validateuser ===> Message : validateUserResponse() completed
info: ===> TimeStamp : 2025-03-29 03:18:49===> API : null ===> Message : validateRequest() invoked
info: ===> TimeStamp : 2025-03-29 03:18:49===> API : null ===> Message : fetchDBSettings()
info: ===> TimeStamp : 2025-03-29 03:18:49===> API : null ===> Message : validateRequest() Invoked!
info: ===> TimeStamp : 2025-03-29 03:18:49===> API : /api/auth/checkIP ===> Message : checkIP() invoked!!
info: ===> TimeStamp : 2025-03-29 03:18:49===> API : null ===> Message : validRequest() :: Api validated Successfully
info: ===> TimeStamp : 2025-03-29 03:18:49===> API : /api/auth/checkIP ===> Message : IPs match: 103.255.182.117
info: ===> TimeStamp : 2025-03-29 03:18:49===> API : /api/auth/checkIP ===> Message : checkIPResponse() invoked!
info: ===> TimeStamp : 2025-03-29 03:18:49===> API : /api/auth/checkIP ===> Message : checkIPResponse() completed
info: ===> TimeStamp : 2025-03-29 03:18:49===> API : null ===> Message : validateRequest() invoked
info: ===> TimeStamp : 2025-03-29 03:18:49===> API : null ===> Message : fetchDBSettings()
info: ===> TimeStamp : 2025-03-29 03:18:49===> API : null ===> Message : validateRequest() Invoked!
info: ===> TimeStamp : 2025-03-29 03:18:49===> API : null ===> Message : validRequest() :: Api validated Successfully
info: ===> TimeStamp : 2025-03-29 03:18:49===> API : /api/auth/login ===> Message : loginUser() invoked!!
info: ===> TimeStamp : 2025-03-29 03:18:49===> API : /api/auth/login ===> Message : loginUser() :: Request Object :: [object Object]
info: ===> TimeStamp : 2025-03-29 03:18:49===> API : /api/auth/login ===> Message : loginUserDB() Invoked !
info: ===> TimeStamp : 2025-03-29 03:18:49===> API : /api/auth/login ===> Message : loginUserResponse() invoked!
info: ===> TimeStamp : 2025-03-29 03:18:49===> API : /api/auth/login ===> Message : loginUserResponse() completed
info: ===> TimeStamp : 2025-03-29 03:19:04===> API : null ===> Message : validateRequest() invoked
info: ===> TimeStamp : 2025-03-29 03:19:04===> API : null ===> Message : fetchDBSettings()
info: ===> TimeStamp : 2025-03-29 03:19:04===> API : null ===> Message : validateRequest() Invoked!
info: ===> TimeStamp : 2025-03-29 03:19:04===> API : /api/auth/logout ===> Message : logoutUser() invoked!!
info: ===> TimeStamp : 2025-03-29 03:19:04===> API : null ===> Message : validRequest() :: Api validated Successfully
info: ===> TimeStamp : 2025-03-29 03:19:04===> API : /api/auth/logout ===> Message : logoutUser() :: Request Object :: [object Object]
info: ===> TimeStamp : 2025-03-29 03:19:04===> API : /api/auth/logout ===> Message : logoutUserDB() Invoked !
info: ===> TimeStamp : 2025-03-29 03:19:04===> API : /api/auth/logout ===> Message : logoutUserResponse() invoked!
info: ===> TimeStamp : 2025-03-29 03:19:04===> API : /api/auth/logout ===> Message : logoutUserResponse() completed
info: ===> TimeStamp : 2025-03-29 03:19:06===> API : null ===> Message : validateRequest() invoked
info: ===> TimeStamp : 2025-03-29 03:19:06===> API : null ===> Message : fetchDBSettings()
info: ===> TimeStamp : 2025-03-29 03:19:06===> API : null ===> Message : validateRequest() Invoked!
info: ===> TimeStamp : 2025-03-29 03:19:06===> API : null ===> Message : validRequest() :: Api validated Successfully
info: ===> TimeStamp : 2025-03-29 03:19:06===> API : /api/auth/validateuser ===> Message : validateUser() invoked!!
info: ===> TimeStamp : 2025-03-29 03:19:06===> API : /api/auth/validateuser ===> Message : validateUser() :: Request Object :: [object Object]
info: ===> TimeStamp : 2025-03-29 03:19:06===> API : /api/auth/validateuser ===> Message : validateUserDB() Invoked !
info: ===> TimeStamp : 2025-03-29 03:19:06===> API : /api/auth/validateuser ===> Message : validateUserResponse() invoked!
info: ===> TimeStamp : 2025-03-29 03:19:06===> API : /api/auth/validateuser ===> Message : validateUserResponse() completed
info: ===> TimeStamp : 2025-03-29 03:19:06===> API : null ===> Message : validateRequest() invoked
info: ===> TimeStamp : 2025-03-29 03:19:06===> API : null ===> Message : fetchDBSettings()
info: ===> TimeStamp : 2025-03-29 03:19:06===> API : null ===> Message : validateRequest() Invoked!
info: ===> TimeStamp : 2025-03-29 03:19:06===> API : null ===> Message : validRequest() :: Api validated Successfully
info: ===> TimeStamp : 2025-03-29 03:19:06===> API : /api/auth/checkIP ===> Message : checkIP() invoked!!
info: ===> TimeStamp : 2025-03-29 03:19:06===> API : /api/auth/checkIP ===> Message : IPs match: 103.255.182.117
info: ===> TimeStamp : 2025-03-29 03:19:06===> API : /api/auth/checkIP ===> Message : checkIPResponse() invoked!
info: ===> TimeStamp : 2025-03-29 03:19:06===> API : /api/auth/checkIP ===> Message : checkIPResponse() completed
info: ===> TimeStamp : 2025-03-29 03:19:06===> API : null ===> Message : validateRequest() invoked
info: ===> TimeStamp : 2025-03-29 03:19:06===> API : null ===> Message : fetchDBSettings()
info: ===> TimeStamp : 2025-03-29 03:19:06===> API : null ===> Message : validateRequest() Invoked!
info: ===> TimeStamp : 2025-03-29 03:19:06===> API : null ===> Message : validRequest() :: Api validated Successfully
info: ===> TimeStamp : 2025-03-29 03:19:06===> API : /api/auth/login ===> Message : loginUser() invoked!!
info: ===> TimeStamp : 2025-03-29 03:19:06===> API : /api/auth/login ===> Message : loginUser() :: Request Object :: [object Object]
info: ===> TimeStamp : 2025-03-29 03:19:06===> API : /api/auth/login ===> Message : loginUserDB() Invoked !
info: ===> TimeStamp : 2025-03-29 03:19:07===> API : /api/auth/login ===> Message : loginUserResponse() invoked!
info: ===> TimeStamp : 2025-03-29 03:19:07===> API : /api/auth/login ===> Message : loginUserResponse() completed
info: ===> TimeStamp : 2025-03-29 04:23:18===> API : null ===> Message : validateRequest() invoked
info: ===> TimeStamp : 2025-03-29 04:23:18===> API : null ===> Message : validateRequest() Error:: Invalid Request :: 
      {"apiUri":"/"}
