info: ===> TimeStamp : 2025-12-02 06:54:10===> API : null ===> Message : validateRequest() invoked
info: ===> TimeStamp : 2025-12-02 06:54:10===> API : null ===> Message : fetchDBSettings()
info: ===> TimeStamp : 2025-12-02 06:54:10===> API : null ===> Message : validateRequest() Invoked!
info: ===> TimeStamp : 2025-12-02 06:54:10===> API : null ===> Message : validRequest() :: Api validated Successfully
info: ===> TimeStamp : 2025-12-02 06:54:10===> API : /api/auth/logout ===> Message : logoutUser() invoked!!
info: ===> TimeStamp : 2025-12-02 06:54:10===> API : /api/auth/logout ===> Message : logoutUser() :: Request Object :: [object Object]
info: ===> TimeStamp : 2025-12-02 06:54:10===> API : /api/auth/logout ===> Message : logoutUserDB() Invoked !
info: ===> TimeStamp : 2025-12-02 06:54:10===> API : /api/auth/logout ===> Message : logoutUserResponse() invoked!
info: ===> TimeStamp : 2025-12-02 06:54:10===> API : /api/auth/logout ===> Message : logoutUserResponse() completed
info: ===> TimeStamp : 2025-12-02 07:05:20===> API : null ===> Message : validateRequest() invoked
info: ===> TimeStamp : 2025-12-02 07:05:20===> API : null ===> Message : fetchDBSettings()
info: ===> TimeStamp : 2025-12-02 07:05:20===> API : null ===> Message : validateRequest() Invoked!
info: ===> TimeStamp : 2025-12-02 07:05:20===> API : null ===> Message : validRequest() :: Api validated Successfully
info: ===> TimeStamp : 2025-12-02 07:05:20===> API : /api/auth/validateuser ===> Message : validateUser() :: Request Object :: [object Object]
info: ===> TimeStamp : 2025-12-02 07:05:20===> API : /api/auth/validateuser ===> Message : validateUser() invoked!!
info: ===> TimeStamp : 2025-12-02 07:05:20===> API : /api/auth/validateuser ===> Message : validateUserDB() Invoked !
info: ===> TimeStamp : 2025-12-02 07:05:20===> API : /api/auth/validateuser ===> Message : validateUserResponse() invoked!
info: ===> TimeStamp : 2025-12-02 07:05:20===> API : /api/auth/validateuser ===> Message : validateUserResponse() completed
info: ===> TimeStamp : 2025-12-02 07:05:20===> API : null ===> Message : validateRequest() invoked
info: ===> TimeStamp : 2025-12-02 07:05:20===> API : null ===> Message : fetchDBSettings()
info: ===> TimeStamp : 2025-12-02 07:05:20===> API : null ===> Message : validateRequest() Invoked!
info: ===> TimeStamp : 2025-12-02 07:05:20===> API : null ===> Message : validRequest() :: Api validated Successfully
info: ===> TimeStamp : 2025-12-02 07:05:20===> API : /api/auth/checkIP ===> Message : checkIP() invoked!!
info: ===> TimeStamp : 2025-12-02 07:05:20===> API : /api/auth/checkIP ===> Message : IPs match: 103.255.182.117
info: ===> TimeStamp : 2025-12-02 07:05:20===> API : /api/auth/checkIP ===> Message : checkIPResponse() invoked!
info: ===> TimeStamp : 2025-12-02 07:05:20===> API : /api/auth/checkIP ===> Message : checkIPResponse() completed
info: ===> TimeStamp : 2025-12-02 07:05:20===> API : null ===> Message : validateRequest() invoked
info: ===> TimeStamp : 2025-12-02 07:05:20===> API : null ===> Message : fetchDBSettings()
info: ===> TimeStamp : 2025-12-02 07:05:20===> API : null ===> Message : validateRequest() Invoked!
info: ===> TimeStamp : 2025-12-02 07:05:20===> API : null ===> Message : validRequest() :: Api validated Successfully
info: ===> TimeStamp : 2025-12-02 07:05:20===> API : /api/auth/login ===> Message : loginUser() invoked!!
info: ===> TimeStamp : 2025-12-02 07:05:20===> API : /api/auth/login ===> Message : loginUser() :: Request Object :: [object Object]
info: ===> TimeStamp : 2025-12-02 07:05:20===> API : /api/auth/login ===> Message : loginUserDB() Invoked !
info: ===> TimeStamp : 2025-12-02 07:05:20===> API : /api/auth/login ===> Message : loginUserResponse() invoked!
info: ===> TimeStamp : 2025-12-02 07:05:20===> API : /api/auth/login ===> Message : loginUserResponse() completed
info: ===> TimeStamp : 2025-12-02 07:05:55===> API : null ===> Message : validateRequest() invoked
info: ===> TimeStamp : 2025-12-02 07:05:55===> API : null ===> Message : fetchDBSettings()
info: ===> TimeStamp : 2025-12-02 07:05:55===> API : null ===> Message : validateRequest() Invoked!
info: ===> TimeStamp : 2025-12-02 07:05:55===> API : null ===> Message : validRequest() :: Api validated Successfully
info: ===> TimeStamp : 2025-12-02 07:05:55===> API : /api/auth/validateuser ===> Message : validateUser() invoked!!
info: ===> TimeStamp : 2025-12-02 07:05:55===> API : /api/auth/validateuser ===> Message : validateUser() :: Request Object :: [object Object]
info: ===> TimeStamp : 2025-12-02 07:05:55===> API : /api/auth/validateuser ===> Message : validateUserDB() Invoked !
info: ===> TimeStamp : 2025-12-02 07:05:55===> API : /api/auth/validateuser ===> Message : validateUserResponse() invoked!
info: ===> TimeStamp : 2025-12-02 07:05:55===> API : /api/auth/validateuser ===> Message : validateUserResponse() completed
info: ===> TimeStamp : 2025-12-02 07:05:55===> API : null ===> Message : validateRequest() invoked
info: ===> TimeStamp : 2025-12-02 07:05:55===> API : null ===> Message : fetchDBSettings()
info: ===> TimeStamp : 2025-12-02 07:05:55===> API : null ===> Message : validateRequest() Invoked!
info: ===> TimeStamp : 2025-12-02 07:05:55===> API : null ===> Message : validRequest() :: Api validated Successfully
info: ===> TimeStamp : 2025-12-02 07:05:55===> API : /api/auth/checkIP ===> Message : checkIP() invoked!!
info: ===> TimeStamp : 2025-12-02 07:05:55===> API : /api/auth/checkIP ===> Message : IPs match: 103.255.182.117
info: ===> TimeStamp : 2025-12-02 07:05:55===> API : /api/auth/checkIP ===> Message : checkIPResponse() invoked!
info: ===> TimeStamp : 2025-12-02 07:05:55===> API : /api/auth/checkIP ===> Message : checkIPResponse() completed
info: ===> TimeStamp : 2025-12-02 07:05:55===> API : null ===> Message : validateRequest() invoked
info: ===> TimeStamp : 2025-12-02 07:05:55===> API : null ===> Message : fetchDBSettings()
info: ===> TimeStamp : 2025-12-02 07:05:55===> API : null ===> Message : validateRequest() Invoked!
info: ===> TimeStamp : 2025-12-02 07:05:55===> API : null ===> Message : validRequest() :: Api validated Successfully
info: ===> TimeStamp : 2025-12-02 07:05:55===> API : /api/auth/login ===> Message : loginUser() invoked!!
info: ===> TimeStamp : 2025-12-02 07:05:55===> API : /api/auth/login ===> Message : loginUser() :: Request Object :: [object Object]
info: ===> TimeStamp : 2025-12-02 07:05:55===> API : /api/auth/login ===> Message : loginUserDB() Invoked !
info: ===> TimeStamp : 2025-12-02 07:05:55===> API : /api/auth/login ===> Message : loginUserResponse() invoked!
info: ===> TimeStamp : 2025-12-02 07:05:55===> API : /api/auth/login ===> Message : loginUserResponse() completed
info: ===> TimeStamp : 2025-12-02 09:21:25===> API : null ===> Message : validateRequest() invoked
info: ===> TimeStamp : 2025-12-02 09:21:25===> API : null ===> Message : fetchDBSettings()
info: ===> TimeStamp : 2025-12-02 09:21:26===> API : null ===> Message : validateRequest() Invoked!
info: ===> TimeStamp : 2025-12-02 09:21:26===> API : null ===> Message : validRequest() :: Api validated Successfully
info: ===> TimeStamp : 2025-12-02 09:21:26===> API : /api/auth/validateuser ===> Message : validateUser() invoked!!
info: ===> TimeStamp : 2025-12-02 09:21:26===> API : /api/auth/validateuser ===> Message : validateUser() :: Request Object :: [object Object]
info: ===> TimeStamp : 2025-12-02 09:21:26===> API : /api/auth/validateuser ===> Message : validateUserDB() Invoked !
info: ===> TimeStamp : 2025-12-02 09:21:26===> API : /api/auth/validateuser ===> Message : validateUserResponse() invoked!
info: ===> TimeStamp : 2025-12-02 09:21:26===> API : /api/auth/validateuser ===> Message : validateUserResponse() completed
info: ===> TimeStamp : 2025-12-02 09:21:26===> API : null ===> Message : validateRequest() invoked
info: ===> TimeStamp : 2025-12-02 09:21:26===> API : null ===> Message : fetchDBSettings()
info: ===> TimeStamp : 2025-12-02 09:21:26===> API : null ===> Message : validateRequest() Invoked!
info: ===> TimeStamp : 2025-12-02 09:21:26===> API : null ===> Message : validRequest() :: Api validated Successfully
info: ===> TimeStamp : 2025-12-02 09:21:26===> API : /api/auth/checkIP ===> Message : checkIP() invoked!!
info: ===> TimeStamp : 2025-12-02 09:21:26===> API : /api/auth/checkIP ===> Message : IPs match: 103.255.182.117
info: ===> TimeStamp : 2025-12-02 09:21:26===> API : /api/auth/checkIP ===> Message : checkIPResponse() invoked!
info: ===> TimeStamp : 2025-12-02 09:21:26===> API : /api/auth/checkIP ===> Message : checkIPResponse() completed
info: ===> TimeStamp : 2025-12-02 09:21:26===> API : null ===> Message : validateRequest() invoked
info: ===> TimeStamp : 2025-12-02 09:21:26===> API : null ===> Message : fetchDBSettings()
info: ===> TimeStamp : 2025-12-02 09:21:26===> API : null ===> Message : validateRequest() Invoked!
info: ===> TimeStamp : 2025-12-02 09:21:26===> API : null ===> Message : validRequest() :: Api validated Successfully
info: ===> TimeStamp : 2025-12-02 09:21:26===> API : /api/auth/login ===> Message : loginUser() invoked!!
info: ===> TimeStamp : 2025-12-02 09:21:26===> API : /api/auth/login ===> Message : loginUser() :: Request Object :: [object Object]
info: ===> TimeStamp : 2025-12-02 09:21:26===> API : /api/auth/login ===> Message : loginUserDB() Invoked !
info: ===> TimeStamp : 2025-12-02 09:21:26===> API : /api/auth/login ===> Message : loginUserResponse() invoked!
info: ===> TimeStamp : 2025-12-02 09:21:26===> API : /api/auth/login ===> Message : loginUserResponse() completed
info: ===> TimeStamp : 2025-12-02 09:35:04===> API : null ===> Message : validateRequest() invoked
info: ===> TimeStamp : 2025-12-02 09:35:04===> API : null ===> Message : fetchDBSettings()
info: ===> TimeStamp : 2025-12-02 09:35:04===> API : null ===> Message : validateRequest() Invoked!
info: ===> TimeStamp : 2025-12-02 09:35:04===> API : null ===> Message : validRequest() :: Api validated Successfully
info: ===> TimeStamp : 2025-12-02 09:35:04===> API : /api/auth/validateuser ===> Message : validateUser() invoked!!
info: ===> TimeStamp : 2025-12-02 09:35:04===> API : /api/auth/validateuser ===> Message : validateUser() :: Request Object :: [object Object]
info: ===> TimeStamp : 2025-12-02 09:35:04===> API : /api/auth/validateuser ===> Message : validateUserDB() Invoked !
info: ===> TimeStamp : 2025-12-02 09:35:04===> API : /api/auth/validateuser ===> Message : validateUserResponse() invoked!
info: ===> TimeStamp : 2025-12-02 09:35:04===> API : /api/auth/validateuser ===> Message : validateUserResponse() completed
info: ===> TimeStamp : 2025-12-02 09:35:04===> API : null ===> Message : validateRequest() invoked
info: ===> TimeStamp : 2025-12-02 09:35:04===> API : null ===> Message : fetchDBSettings()
info: ===> TimeStamp : 2025-12-02 09:35:04===> API : null ===> Message : validateRequest() Invoked!
info: ===> TimeStamp : 2025-12-02 09:35:04===> API : null ===> Message : validRequest() :: Api validated Successfully
info: ===> TimeStamp : 2025-12-02 09:35:04===> API : /api/auth/checkIP ===> Message : IPs match: 103.255.182.117
info: ===> TimeStamp : 2025-12-02 09:35:04===> API : /api/auth/checkIP ===> Message : checkIPResponse() invoked!
info: ===> TimeStamp : 2025-12-02 09:35:04===> API : /api/auth/checkIP ===> Message : checkIP() invoked!!
info: ===> TimeStamp : 2025-12-02 09:35:04===> API : /api/auth/checkIP ===> Message : checkIPResponse() completed
info: ===> TimeStamp : 2025-12-02 09:35:04===> API : null ===> Message : validateRequest() invoked
info: ===> TimeStamp : 2025-12-02 09:35:04===> API : null ===> Message : fetchDBSettings()
info: ===> TimeStamp : 2025-12-02 09:35:04===> API : null ===> Message : validateRequest() Invoked!
info: ===> TimeStamp : 2025-12-02 09:35:04===> API : null ===> Message : validRequest() :: Api validated Successfully
info: ===> TimeStamp : 2025-12-02 09:35:04===> API : /api/auth/login ===> Message : loginUser() invoked!!
info: ===> TimeStamp : 2025-12-02 09:35:04===> API : /api/auth/login ===> Message : loginUser() :: Request Object :: [object Object]
info: ===> TimeStamp : 2025-12-02 09:35:04===> API : /api/auth/login ===> Message : loginUserDB() Invoked !
info: ===> TimeStamp : 2025-12-02 09:35:04===> API : /api/auth/login ===> Message : loginUserResponse() invoked!
info: ===> TimeStamp : 2025-12-02 09:35:04===> API : /api/auth/login ===> Message : loginUserResponse() completed
info: ===> TimeStamp : 2025-12-02 10:33:32===> API : null ===> Message : validateRequest() invoked
info: ===> TimeStamp : 2025-12-02 10:33:32===> API : null ===> Message : fetchDBSettings()
info: ===> TimeStamp : 2025-12-02 10:33:32===> API : null ===> Message : validateRequest() Invoked!
info: ===> TimeStamp : 2025-12-02 10:33:32===> API : null ===> Message : validRequest() :: Api validated Successfully
info: ===> TimeStamp : 2025-12-02 10:33:32===> API : /api/auth/validateuser ===> Message : validateUser() invoked!!
info: ===> TimeStamp : 2025-12-02 10:33:32===> API : /api/auth/validateuser ===> Message : validateUser() :: Request Object :: [object Object]
info: ===> TimeStamp : 2025-12-02 10:33:32===> API : /api/auth/validateuser ===> Message : validateUserDB() Invoked !
info: ===> TimeStamp : 2025-12-02 10:33:32===> API : /api/auth/validateuser ===> Message : validateUserResponse() invoked!
info: ===> TimeStamp : 2025-12-02 10:33:32===> API : /api/auth/validateuser ===> Message : validateUserResponse() completed
info: ===> TimeStamp : 2025-12-02 10:33:32===> API : null ===> Message : validateRequest() invoked
info: ===> TimeStamp : 2025-12-02 10:33:32===> API : null ===> Message : fetchDBSettings()
info: ===> TimeStamp : 2025-12-02 10:33:32===> API : null ===> Message : validateRequest() Invoked!
info: ===> TimeStamp : 2025-12-02 10:33:32===> API : null ===> Message : validRequest() :: Api validated Successfully
info: ===> TimeStamp : 2025-12-02 10:33:32===> API : /api/auth/login ===> Message : loginUser() invoked!!
info: ===> TimeStamp : 2025-12-02 10:33:32===> API : /api/auth/login ===> Message : loginUser() :: Request Object :: [object Object]
info: ===> TimeStamp : 2025-12-02 10:33:32===> API : /api/auth/login ===> Message : loginUserDB() Invoked !
info: ===> TimeStamp : 2025-12-02 10:33:32===> API : /api/auth/login ===> Message : loginUserResponse() invoked!
info: ===> TimeStamp : 2025-12-02 10:33:32===> API : /api/auth/login ===> Message : loginUserResponse() completed
info: ===> TimeStamp : 2025-12-02 13:10:01===> API : null ===> Message : validateRequest() invoked
info: ===> TimeStamp : 2025-12-02 13:10:01===> API : null ===> Message : fetchDBSettings()
info: ===> TimeStamp : 2025-12-02 13:10:01===> API : null ===> Message : validateRequest() Invoked!
info: ===> TimeStamp : 2025-12-02 13:10:01===> API : null ===> Message : validRequest() :: Api validated Successfully
info: ===> TimeStamp : 2025-12-02 13:10:01===> API : /api/auth/validateuser ===> Message : validateUser() :: Request Object :: [object Object]
info: ===> TimeStamp : 2025-12-02 13:10:01===> API : /api/auth/validateuser ===> Message : validateUser() invoked!!
info: ===> TimeStamp : 2025-12-02 13:10:01===> API : /api/auth/validateuser ===> Message : validateUserDB() Invoked !
info: ===> TimeStamp : 2025-12-02 13:10:01===> API : /api/auth/validateuser ===> Message : validateUserResponse() invoked!
info: ===> TimeStamp : 2025-12-02 13:10:01===> API : /api/auth/validateuser ===> Message : validateUserResponse() completed
info: ===> TimeStamp : 2025-12-02 13:10:01===> API : null ===> Message : validateRequest() invoked
info: ===> TimeStamp : 2025-12-02 13:10:01===> API : null ===> Message : fetchDBSettings()
info: ===> TimeStamp : 2025-12-02 13:10:01===> API : null ===> Message : validateRequest() Invoked!
info: ===> TimeStamp : 2025-12-02 13:10:01===> API : null ===> Message : validRequest() :: Api validated Successfully
info: ===> TimeStamp : 2025-12-02 13:10:01===> API : /api/auth/login ===> Message : loginUser() invoked!!
info: ===> TimeStamp : 2025-12-02 13:10:01===> API : /api/auth/login ===> Message : loginUser() :: Request Object :: [object Object]
info: ===> TimeStamp : 2025-12-02 13:10:01===> API : /api/auth/login ===> Message : loginUserDB() Invoked !
info: ===> TimeStamp : 2025-12-02 13:10:02===> API : /api/auth/login ===> Message : loginUserResponse() invoked!
info: ===> TimeStamp : 2025-12-02 13:10:02===> API : /api/auth/login ===> Message : loginUserResponse() completed
info: ===> TimeStamp : 2025-12-02 13:45:46===> API : null ===> Message : validateRequest() invoked
info: ===> TimeStamp : 2025-12-02 13:45:46===> API : null ===> Message : fetchDBSettings()
info: ===> TimeStamp : 2025-12-02 13:45:46===> API : null ===> Message : validateRequest() Invoked!
info: ===> TimeStamp : 2025-12-02 13:45:46===> API : null ===> Message : validRequest() :: Api validated Successfully
info: ===> TimeStamp : 2025-12-02 13:45:46===> API : /api/auth/validateuser ===> Message : validateUser() invoked!!
info: ===> TimeStamp : 2025-12-02 13:45:46===> API : /api/auth/validateuser ===> Message : validateUser() :: Request Object :: [object Object]
info: ===> TimeStamp : 2025-12-02 13:45:46===> API : /api/auth/validateuser ===> Message : validateUserDB() Invoked !
info: ===> TimeStamp : 2025-12-02 13:45:46===> API : /api/auth/validateuser ===> Message : validateUserResponse() invoked!
info: ===> TimeStamp : 2025-12-02 13:45:46===> API : /api/auth/validateuser ===> Message : validateUserResponse() completed
info: ===> TimeStamp : 2025-12-02 13:45:46===> API : null ===> Message : validateRequest() invoked
info: ===> TimeStamp : 2025-12-02 13:45:46===> API : null ===> Message : fetchDBSettings()
info: ===> TimeStamp : 2025-12-02 13:45:46===> API : null ===> Message : validateRequest() Invoked!
info: ===> TimeStamp : 2025-12-02 13:45:46===> API : null ===> Message : validRequest() :: Api validated Successfully
info: ===> TimeStamp : 2025-12-02 13:45:46===> API : /api/auth/login ===> Message : loginUser() invoked!!
info: ===> TimeStamp : 2025-12-02 13:45:46===> API : /api/auth/login ===> Message : loginUser() :: Request Object :: [object Object]
info: ===> TimeStamp : 2025-12-02 13:45:46===> API : /api/auth/login ===> Message : loginUserDB() Invoked !
info: ===> TimeStamp : 2025-12-02 13:45:46===> API : /api/auth/login ===> Message : loginUserResponse() invoked!
info: ===> TimeStamp : 2025-12-02 13:45:46===> API : /api/auth/login ===> Message : loginUserResponse() completed
info: ===> TimeStamp : 2025-12-02 14:17:01===> API : null ===> Message : validateRequest() invoked
info: ===> TimeStamp : 2025-12-02 14:17:01===> API : null ===> Message : validateRequest() Error:: Invalid Request :: 
      {"apiUri":"/"}
info: ===> TimeStamp : 2025-12-02 14:44:14===> API : null ===> Message : validateRequest() invoked
info: ===> TimeStamp : 2025-12-02 14:44:14===> API : null ===> Message : fetchDBSettings()
info: ===> TimeStamp : 2025-12-02 14:44:14===> API : null ===> Message : validateRequest() Invoked!
info: ===> TimeStamp : 2025-12-02 14:44:14===> API : null ===> Message : validRequest() :: Api validated Successfully
info: ===> TimeStamp : 2025-12-02 14:44:14===> API : /api/auth/validateuser ===> Message : validateUser() invoked!!
info: ===> TimeStamp : 2025-12-02 14:44:14===> API : /api/auth/validateuser ===> Message : validateUser() :: Request Object :: [object Object]
info: ===> TimeStamp : 2025-12-02 14:44:14===> API : /api/auth/validateuser ===> Message : validateUserDB() Invoked !
info: ===> TimeStamp : 2025-12-02 14:44:14===> API : /api/auth/validateuser ===> Message : validateUserResponse() invoked!
info: ===> TimeStamp : 2025-12-02 14:44:14===> API : /api/auth/validateuser ===> Message : validateUserResponse() completed
info: ===> TimeStamp : 2025-12-02 14:44:14===> API : null ===> Message : validateRequest() invoked
info: ===> TimeStamp : 2025-12-02 14:44:14===> API : null ===> Message : fetchDBSettings()
info: ===> TimeStamp : 2025-12-02 14:44:14===> API : null ===> Message : validateRequest() Invoked!
info: ===> TimeStamp : 2025-12-02 14:44:14===> API : null ===> Message : validRequest() :: Api validated Successfully
info: ===> TimeStamp : 2025-12-02 14:44:14===> API : /api/auth/login ===> Message : loginUser() invoked!!
info: ===> TimeStamp : 2025-12-02 14:44:14===> API : /api/auth/login ===> Message : loginUser() :: Request Object :: [object Object]
info: ===> TimeStamp : 2025-12-02 14:44:14===> API : /api/auth/login ===> Message : loginUserDB() Invoked !
info: ===> TimeStamp : 2025-12-02 14:44:14===> API : /api/auth/login ===> Message : loginUserResponse() invoked!
info: ===> TimeStamp : 2025-12-02 14:44:14===> API : /api/auth/login ===> Message : loginUserResponse() completed
info: ===> TimeStamp : 2025-12-02 14:44:57===> API : null ===> Message : validateRequest() invoked
info: ===> TimeStamp : 2025-12-02 14:44:57===> API : null ===> Message : fetchDBSettings()
info: ===> TimeStamp : 2025-12-02 14:44:57===> API : null ===> Message : validateRequest() Invoked!
info: ===> TimeStamp : 2025-12-02 14:44:57===> API : null ===> Message : validRequest() :: Api validated Successfully
info: ===> TimeStamp : 2025-12-02 14:44:57===> API : /api/auth/logout ===> Message : logoutUser() :: Request Object :: [object Object]
info: ===> TimeStamp : 2025-12-02 14:44:57===> API : /api/auth/logout ===> Message : logoutUser() invoked!!
info: ===> TimeStamp : 2025-12-02 14:44:57===> API : /api/auth/logout ===> Message : logoutUserDB() Invoked !
info: ===> TimeStamp : 2025-12-02 14:44:57===> API : /api/auth/logout ===> Message : logoutUserResponse() invoked!
info: ===> TimeStamp : 2025-12-02 14:44:57===> API : /api/auth/logout ===> Message : logoutUserResponse() completed
info: ===> TimeStamp : 2025-12-02 14:47:38===> API : null ===> Message : validateRequest() invoked
info: ===> TimeStamp : 2025-12-02 14:47:38===> API : null ===> Message : fetchDBSettings()
info: ===> TimeStamp : 2025-12-02 14:47:38===> API : null ===> Message : validateRequest() Invoked!
info: ===> TimeStamp : 2025-12-02 14:47:38===> API : null ===> Message : validRequest() :: Api validated Successfully
info: ===> TimeStamp : 2025-12-02 14:47:38===> API : /api/auth/logout ===> Message : logoutUser() invoked!!
info: ===> TimeStamp : 2025-12-02 14:47:38===> API : /api/auth/logout ===> Message : logoutUser() :: Request Object :: [object Object]
info: ===> TimeStamp : 2025-12-02 14:47:38===> API : /api/auth/logout ===> Message : logoutUserDB() Invoked !
info: ===> TimeStamp : 2025-12-02 14:47:38===> API : /api/auth/logout ===> Message : logoutUserResponse() invoked!
info: ===> TimeStamp : 2025-12-02 14:47:38===> API : /api/auth/logout ===> Message : logoutUserResponse() completed
info: ===> TimeStamp : 2025-12-02 14:47:48===> API : null ===> Message : validateRequest() invoked
info: ===> TimeStamp : 2025-12-02 14:47:48===> API : null ===> Message : fetchDBSettings()
info: ===> TimeStamp : 2025-12-02 14:47:48===> API : null ===> Message : validateRequest() Invoked!
info: ===> TimeStamp : 2025-12-02 14:47:48===> API : null ===> Message : validRequest() :: Api validated Successfully
info: ===> TimeStamp : 2025-12-02 14:47:48===> API : /api/auth/validateuser ===> Message : validateUser() invoked!!
info: ===> TimeStamp : 2025-12-02 14:47:48===> API : /api/auth/validateuser ===> Message : validateUser() :: Request Object :: [object Object]
info: ===> TimeStamp : 2025-12-02 14:47:48===> API : /api/auth/validateuser ===> Message : validateUserDB() Invoked !
info: ===> TimeStamp : 2025-12-02 14:47:48===> API : /api/auth/validateuser ===> Message : validateUserResponse() invoked!
info: ===> TimeStamp : 2025-12-02 14:47:48===> API : /api/auth/validateuser ===> Message : validateUserResponse() completed
info: ===> TimeStamp : 2025-12-02 14:47:48===> API : null ===> Message : validateRequest() invoked
info: ===> TimeStamp : 2025-12-02 14:47:48===> API : null ===> Message : fetchDBSettings()
info: ===> TimeStamp : 2025-12-02 14:47:48===> API : null ===> Message : validateRequest() Invoked!
info: ===> TimeStamp : 2025-12-02 14:47:48===> API : null ===> Message : validRequest() :: Api validated Successfully
info: ===> TimeStamp : 2025-12-02 14:47:48===> API : /api/auth/checkIP ===> Message : checkIP() invoked!!
info: ===> TimeStamp : 2025-12-02 14:47:48===> API : /api/auth/checkIP ===> Message : IPs match: 103.225.102.194
info: ===> TimeStamp : 2025-12-02 14:47:48===> API : /api/auth/checkIP ===> Message : checkIPResponse() invoked!
info: ===> TimeStamp : 2025-12-02 14:47:48===> API : /api/auth/checkIP ===> Message : checkIPResponse() completed
info: ===> TimeStamp : 2025-12-02 14:47:48===> API : null ===> Message : validateRequest() invoked
info: ===> TimeStamp : 2025-12-02 14:47:48===> API : null ===> Message : fetchDBSettings()
info: ===> TimeStamp : 2025-12-02 14:47:48===> API : null ===> Message : validateRequest() Invoked!
info: ===> TimeStamp : 2025-12-02 14:47:48===> API : null ===> Message : validRequest() :: Api validated Successfully
info: ===> TimeStamp : 2025-12-02 14:47:48===> API : /api/auth/login ===> Message : loginUserDB() Invoked !
info: ===> TimeStamp : 2025-12-02 14:47:48===> API : /api/auth/login ===> Message : loginUser() :: Request Object :: [object Object]
info: ===> TimeStamp : 2025-12-02 14:47:48===> API : /api/auth/login ===> Message : loginUser() invoked!!
info: ===> TimeStamp : 2025-12-02 14:47:48===> API : /api/auth/login ===> Message : loginUserResponse() invoked!
info: ===> TimeStamp : 2025-12-02 14:47:48===> API : /api/auth/login ===> Message : loginUserResponse() completed
info: ===> TimeStamp : 2025-12-02 14:50:02===> API : null ===> Message : validateRequest() invoked
info: ===> TimeStamp : 2025-12-02 14:50:02===> API : null ===> Message : fetchDBSettings()
info: ===> TimeStamp : 2025-12-02 14:50:02===> API : null ===> Message : validateRequest() Invoked!
info: ===> TimeStamp : 2025-12-02 14:50:02===> API : null ===> Message : validRequest() :: Api validated Successfully
info: ===> TimeStamp : 2025-12-02 14:50:02===> API : /api/auth/validateuser ===> Message : validateUser() invoked!!
info: ===> TimeStamp : 2025-12-02 14:50:02===> API : /api/auth/validateuser ===> Message : validateUser() :: Request Object :: [object Object]
info: ===> TimeStamp : 2025-12-02 14:50:02===> API : /api/auth/validateuser ===> Message : validateUserDB() Invoked !
info: ===> TimeStamp : 2025-12-02 14:50:02===> API : /api/auth/validateuser ===> Message : validateUserDB() :: Error :: {"code":"ER_SIGNAL_EXCEPTION","errno":1644,"sqlState":"10005","sqlMessage":"User Does Not Exist","sql":"CALL usp_validate_user('seni', 'seni@112')"}
info: ===> TimeStamp : 2025-12-02 14:50:02===> API : /api/auth/validateuser ===> Message : validateUserDBResult :: Error :: {"ErrorCode":10005,"ErrorMessage":"User Does Not Exist"}
info: ===> TimeStamp : 2025-12-02 14:50:02===> API : /api/auth/validateuser ===> Message : validateUserResponse() invoked!
info: ===> TimeStamp : 2025-12-02 14:50:02===> API : /api/auth/validateuser ===> Message : validateUserResponse() completed
info: ===> TimeStamp : 2025-12-02 14:50:08===> API : null ===> Message : validateRequest() invoked
info: ===> TimeStamp : 2025-12-02 14:50:08===> API : null ===> Message : fetchDBSettings()
info: ===> TimeStamp : 2025-12-02 14:50:08===> API : null ===> Message : validateRequest() Invoked!
info: ===> TimeStamp : 2025-12-02 14:50:08===> API : null ===> Message : validRequest() :: Api validated Successfully
info: ===> TimeStamp : 2025-12-02 14:50:08===> API : /api/auth/validateuser ===> Message : validateUser() invoked!!
info: ===> TimeStamp : 2025-12-02 14:50:08===> API : /api/auth/validateuser ===> Message : validateUser() :: Request Object :: [object Object]
info: ===> TimeStamp : 2025-12-02 14:50:08===> API : /api/auth/validateuser ===> Message : validateUserDB() Invoked !
info: ===> TimeStamp : 2025-12-02 14:50:08===> API : /api/auth/validateuser ===> Message : validateUserResponse() invoked!
info: ===> TimeStamp : 2025-12-02 14:50:08===> API : /api/auth/validateuser ===> Message : validateUserResponse() completed
info: ===> TimeStamp : 2025-12-02 14:50:08===> API : null ===> Message : validateRequest() invoked
info: ===> TimeStamp : 2025-12-02 14:50:08===> API : null ===> Message : fetchDBSettings()
info: ===> TimeStamp : 2025-12-02 14:50:08===> API : null ===> Message : validateRequest() Invoked!
info: ===> TimeStamp : 2025-12-02 14:50:08===> API : null ===> Message : validRequest() :: Api validated Successfully
info: ===> TimeStamp : 2025-12-02 14:50:08===> API : /api/auth/checkIP ===> Message : checkIP() invoked!!
info: ===> TimeStamp : 2025-12-02 14:50:08===> API : /api/auth/checkIP ===> Message : IPs match: 103.225.102.194
info: ===> TimeStamp : 2025-12-02 14:50:08===> API : /api/auth/checkIP ===> Message : checkIPResponse() invoked!
info: ===> TimeStamp : 2025-12-02 14:50:08===> API : /api/auth/checkIP ===> Message : checkIPResponse() completed
info: ===> TimeStamp : 2025-12-02 14:50:08===> API : null ===> Message : validateRequest() invoked
info: ===> TimeStamp : 2025-12-02 14:50:08===> API : null ===> Message : fetchDBSettings()
info: ===> TimeStamp : 2025-12-02 14:50:08===> API : null ===> Message : validateRequest() Invoked!
info: ===> TimeStamp : 2025-12-02 14:50:08===> API : null ===> Message : validRequest() :: Api validated Successfully
info: ===> TimeStamp : 2025-12-02 14:50:08===> API : /api/auth/login ===> Message : loginUser() invoked!!
info: ===> TimeStamp : 2025-12-02 14:50:08===> API : /api/auth/login ===> Message : loginUser() :: Request Object :: [object Object]
info: ===> TimeStamp : 2025-12-02 14:50:08===> API : /api/auth/login ===> Message : loginUserDB() Invoked !
info: ===> TimeStamp : 2025-12-02 14:50:09===> API : /api/auth/login ===> Message : loginUserResponse() invoked!
info: ===> TimeStamp : 2025-12-02 14:50:09===> API : /api/auth/login ===> Message : loginUserResponse() completed
info: ===> TimeStamp : 2025-12-02 14:57:17===> API : null ===> Message : validateRequest() invoked
info: ===> TimeStamp : 2025-12-02 14:57:17===> API : null ===> Message : fetchDBSettings()
info: ===> TimeStamp : 2025-12-02 14:57:17===> API : null ===> Message : validateRequest() Invoked!
info: ===> TimeStamp : 2025-12-02 14:57:17===> API : null ===> Message : validRequest() :: Api validated Successfully
info: ===> TimeStamp : 2025-12-02 14:57:17===> API : /api/auth/validateuser ===> Message : validateUser() invoked!!
info: ===> TimeStamp : 2025-12-02 14:57:17===> API : /api/auth/validateuser ===> Message : validateUser() :: Request Object :: [object Object]
info: ===> TimeStamp : 2025-12-02 14:57:17===> API : /api/auth/validateuser ===> Message : validateUserDB() Invoked !
info: ===> TimeStamp : 2025-12-02 14:57:17===> API : /api/auth/validateuser ===> Message : validateUserResponse() invoked!
info: ===> TimeStamp : 2025-12-02 14:57:17===> API : /api/auth/validateuser ===> Message : validateUserResponse() completed
info: ===> TimeStamp : 2025-12-02 14:57:17===> API : null ===> Message : validateRequest() invoked
info: ===> TimeStamp : 2025-12-02 14:57:17===> API : null ===> Message : fetchDBSettings()
info: ===> TimeStamp : 2025-12-02 14:57:17===> API : null ===> Message : validateRequest() Invoked!
info: ===> TimeStamp : 2025-12-02 14:57:18===> API : null ===> Message : validRequest() :: Api validated Successfully
info: ===> TimeStamp : 2025-12-02 14:57:18===> API : /api/auth/login ===> Message : loginUser() invoked!!
info: ===> TimeStamp : 2025-12-02 14:57:18===> API : /api/auth/login ===> Message : loginUser() :: Request Object :: [object Object]
info: ===> TimeStamp : 2025-12-02 14:57:18===> API : /api/auth/login ===> Message : loginUserDB() Invoked !
info: ===> TimeStamp : 2025-12-02 14:57:18===> API : /api/auth/login ===> Message : loginUserResponse() invoked!
info: ===> TimeStamp : 2025-12-02 14:57:18===> API : /api/auth/login ===> Message : loginUserResponse() completed
info: ===> TimeStamp : 2025-12-02 15:05:50===> API : null ===> Message : validateRequest() invoked
info: ===> TimeStamp : 2025-12-02 15:05:50===> API : null ===> Message : fetchDBSettings()
info: ===> TimeStamp : 2025-12-02 15:05:50===> API : null ===> Message : validateRequest() Invoked!
info: ===> TimeStamp : 2025-12-02 15:05:50===> API : null ===> Message : validRequest() :: Api validated Successfully
info: ===> TimeStamp : 2025-12-02 15:05:50===> API : /api/auth/validateuser ===> Message : validateUser() invoked!!
info: ===> TimeStamp : 2025-12-02 15:05:50===> API : /api/auth/validateuser ===> Message : validateUser() :: Request Object :: [object Object]
info: ===> TimeStamp : 2025-12-02 15:05:50===> API : /api/auth/validateuser ===> Message : validateUserDB() Invoked !
info: ===> TimeStamp : 2025-12-02 15:05:50===> API : /api/auth/validateuser ===> Message : validateUserResponse() invoked!
info: ===> TimeStamp : 2025-12-02 15:05:50===> API : /api/auth/validateuser ===> Message : validateUserResponse() completed
info: ===> TimeStamp : 2025-12-02 15:05:50===> API : null ===> Message : validateRequest() invoked
info: ===> TimeStamp : 2025-12-02 15:05:50===> API : null ===> Message : fetchDBSettings()
info: ===> TimeStamp : 2025-12-02 15:05:50===> API : null ===> Message : validateRequest() Invoked!
info: ===> TimeStamp : 2025-12-02 15:05:50===> API : null ===> Message : validRequest() :: Api validated Successfully
info: ===> TimeStamp : 2025-12-02 15:05:50===> API : /api/auth/checkIP ===> Message : checkIP() invoked!!
info: ===> TimeStamp : 2025-12-02 15:05:50===> API : /api/auth/checkIP ===> Message : IPs match: 103.225.102.194
info: ===> TimeStamp : 2025-12-02 15:05:50===> API : /api/auth/checkIP ===> Message : checkIPResponse() invoked!
info: ===> TimeStamp : 2025-12-02 15:05:50===> API : /api/auth/checkIP ===> Message : checkIPResponse() completed
info: ===> TimeStamp : 2025-12-02 15:05:50===> API : null ===> Message : validateRequest() invoked
info: ===> TimeStamp : 2025-12-02 15:05:50===> API : null ===> Message : fetchDBSettings()
info: ===> TimeStamp : 2025-12-02 15:05:50===> API : null ===> Message : validateRequest() Invoked!
info: ===> TimeStamp : 2025-12-02 15:05:50===> API : null ===> Message : validRequest() :: Api validated Successfully
info: ===> TimeStamp : 2025-12-02 15:05:50===> API : /api/auth/login ===> Message : loginUser() invoked!!
info: ===> TimeStamp : 2025-12-02 15:05:50===> API : /api/auth/login ===> Message : loginUser() :: Request Object :: [object Object]
info: ===> TimeStamp : 2025-12-02 15:05:50===> API : /api/auth/login ===> Message : loginUserDB() Invoked !
info: ===> TimeStamp : 2025-12-02 15:05:50===> API : /api/auth/login ===> Message : loginUserResponse() invoked!
info: ===> TimeStamp : 2025-12-02 15:05:50===> API : /api/auth/login ===> Message : loginUserResponse() completed
info: ===> TimeStamp : 2025-12-02 16:34:22===> API : null ===> Message : validateRequest() invoked
info: ===> TimeStamp : 2025-12-02 16:34:22===> API : null ===> Message : fetchDBSettings()
info: ===> TimeStamp : 2025-12-02 16:34:22===> API : null ===> Message : validateRequest() Invoked!
info: ===> TimeStamp : 2025-12-02 16:34:22===> API : null ===> Message : validRequest() :: Api validated Successfully
info: ===> TimeStamp : 2025-12-02 16:34:22===> API : /api/auth/validateuser ===> Message : validateUser() invoked!!
info: ===> TimeStamp : 2025-12-02 16:34:22===> API : /api/auth/validateuser ===> Message : validateUser() :: Request Object :: [object Object]
info: ===> TimeStamp : 2025-12-02 16:34:22===> API : /api/auth/validateuser ===> Message : validateUserDB() Invoked !
info: ===> TimeStamp : 2025-12-02 16:34:22===> API : /api/auth/validateuser ===> Message : validateUserResponse() invoked!
info: ===> TimeStamp : 2025-12-02 16:34:22===> API : /api/auth/validateuser ===> Message : validateUserResponse() completed
info: ===> TimeStamp : 2025-12-02 16:34:22===> API : null ===> Message : validateRequest() invoked
info: ===> TimeStamp : 2025-12-02 16:34:22===> API : null ===> Message : fetchDBSettings()
info: ===> TimeStamp : 2025-12-02 16:34:22===> API : null ===> Message : validateRequest() Invoked!
info: ===> TimeStamp : 2025-12-02 16:34:22===> API : /api/auth/checkIP ===> Message : checkIP() invoked!!
info: ===> TimeStamp : 2025-12-02 16:34:22===> API : null ===> Message : validRequest() :: Api validated Successfully
info: ===> TimeStamp : 2025-12-02 16:34:22===> API : /api/auth/checkIP ===> Message : IPs match: 103.225.102.194
info: ===> TimeStamp : 2025-12-02 16:34:22===> API : /api/auth/checkIP ===> Message : checkIPResponse() invoked!
info: ===> TimeStamp : 2025-12-02 16:34:22===> API : /api/auth/checkIP ===> Message : checkIPResponse() completed
info: ===> TimeStamp : 2025-12-02 16:34:23===> API : null ===> Message : validateRequest() invoked
info: ===> TimeStamp : 2025-12-02 16:34:23===> API : null ===> Message : fetchDBSettings()
info: ===> TimeStamp : 2025-12-02 16:34:23===> API : null ===> Message : validateRequest() Invoked!
info: ===> TimeStamp : 2025-12-02 16:34:23===> API : null ===> Message : validRequest() :: Api validated Successfully
info: ===> TimeStamp : 2025-12-02 16:34:23===> API : /api/auth/login ===> Message : loginUser() invoked!!
info: ===> TimeStamp : 2025-12-02 16:34:23===> API : /api/auth/login ===> Message : loginUser() :: Request Object :: [object Object]
info: ===> TimeStamp : 2025-12-02 16:34:23===> API : /api/auth/login ===> Message : loginUserDB() Invoked !
info: ===> TimeStamp : 2025-12-02 16:34:23===> API : /api/auth/login ===> Message : loginUserResponse() invoked!
info: ===> TimeStamp : 2025-12-02 16:34:23===> API : /api/auth/login ===> Message : loginUserResponse() completed
info: ===> TimeStamp : 2025-12-02 16:51:51===> API : null ===> Message : validateRequest() invoked
info: ===> TimeStamp : 2025-12-02 16:51:51===> API : null ===> Message : validateRequest() Error:: Invalid Request :: 
      {"apiUri":"/robots.txt"}
info: ===> TimeStamp : 2025-12-02 16:51:52===> API : null ===> Message : validateRequest() invoked
info: ===> TimeStamp : 2025-12-02 16:51:52===> API : null ===> Message : validateRequest() Error:: Invalid Request :: 
      {"apiUri":"/"}
info: ===> TimeStamp : 2025-12-02 17:08:09===> API : null ===> Message : validateRequest() invoked
info: ===> TimeStamp : 2025-12-02 17:08:09===> API : null ===> Message : fetchDBSettings()
info: ===> TimeStamp : 2025-12-02 17:08:09===> API : null ===> Message : validateRequest() Invoked!
info: ===> TimeStamp : 2025-12-02 17:08:09===> API : null ===> Message : validRequest() :: Api validated Successfully
info: ===> TimeStamp : 2025-12-02 17:08:09===> API : /api/auth/validateuser ===> Message : validateUser() invoked!!
info: ===> TimeStamp : 2025-12-02 17:08:09===> API : /api/auth/validateuser ===> Message : validateUser() :: Request Object :: [object Object]
info: ===> TimeStamp : 2025-12-02 17:08:09===> API : /api/auth/validateuser ===> Message : validateUserDB() Invoked !
info: ===> TimeStamp : 2025-12-02 17:08:09===> API : /api/auth/validateuser ===> Message : validateUserDB() :: Error :: {"code":"ER_SIGNAL_EXCEPTION","errno":1644,"sqlState":"10005","sqlMessage":"User Does Not Exist","sql":"CALL usp_validate_user('SENI', 'SENI12')"}
info: ===> TimeStamp : 2025-12-02 17:08:09===> API : /api/auth/validateuser ===> Message : validateUserDBResult :: Error :: {"ErrorCode":10005,"ErrorMessage":"User Does Not Exist"}
info: ===> TimeStamp : 2025-12-02 17:08:09===> API : /api/auth/validateuser ===> Message : validateUserResponse() invoked!
info: ===> TimeStamp : 2025-12-02 17:08:09===> API : /api/auth/validateuser ===> Message : validateUserResponse() completed
info: ===> TimeStamp : 2025-12-02 17:08:20===> API : null ===> Message : validateRequest() invoked
info: ===> TimeStamp : 2025-12-02 17:08:20===> API : null ===> Message : fetchDBSettings()
info: ===> TimeStamp : 2025-12-02 17:08:20===> API : null ===> Message : validateRequest() Invoked!
info: ===> TimeStamp : 2025-12-02 17:08:20===> API : null ===> Message : validRequest() :: Api validated Successfully
info: ===> TimeStamp : 2025-12-02 17:08:20===> API : /api/auth/validateuser ===> Message : validateUser() invoked!!
info: ===> TimeStamp : 2025-12-02 17:08:20===> API : /api/auth/validateuser ===> Message : validateUser() :: Request Object :: [object Object]
info: ===> TimeStamp : 2025-12-02 17:08:20===> API : /api/auth/validateuser ===> Message : validateUserDB() Invoked !
info: ===> TimeStamp : 2025-12-02 17:08:20===> API : /api/auth/validateuser ===> Message : validateUserResponse() invoked!
info: ===> TimeStamp : 2025-12-02 17:08:20===> API : /api/auth/validateuser ===> Message : validateUserResponse() completed
info: ===> TimeStamp : 2025-12-02 17:08:21===> API : null ===> Message : validateRequest() invoked
info: ===> TimeStamp : 2025-12-02 17:08:21===> API : null ===> Message : fetchDBSettings()
info: ===> TimeStamp : 2025-12-02 17:08:21===> API : null ===> Message : validateRequest() Invoked!
info: ===> TimeStamp : 2025-12-02 17:08:21===> API : null ===> Message : validRequest() :: Api validated Successfully
info: ===> TimeStamp : 2025-12-02 17:08:21===> API : /api/auth/checkIP ===> Message : IPs match: 103.225.102.194
info: ===> TimeStamp : 2025-12-02 17:08:21===> API : /api/auth/checkIP ===> Message : checkIP() invoked!!
info: ===> TimeStamp : 2025-12-02 17:08:21===> API : /api/auth/checkIP ===> Message : checkIPResponse() invoked!
info: ===> TimeStamp : 2025-12-02 17:08:21===> API : /api/auth/checkIP ===> Message : checkIPResponse() completed
info: ===> TimeStamp : 2025-12-02 17:08:21===> API : null ===> Message : validateRequest() invoked
info: ===> TimeStamp : 2025-12-02 17:08:21===> API : null ===> Message : fetchDBSettings()
info: ===> TimeStamp : 2025-12-02 17:08:21===> API : null ===> Message : validateRequest() Invoked!
info: ===> TimeStamp : 2025-12-02 17:08:21===> API : null ===> Message : validRequest() :: Api validated Successfully
info: ===> TimeStamp : 2025-12-02 17:08:21===> API : /api/auth/login ===> Message : loginUser() invoked!!
info: ===> TimeStamp : 2025-12-02 17:08:21===> API : /api/auth/login ===> Message : loginUser() :: Request Object :: [object Object]
info: ===> TimeStamp : 2025-12-02 17:08:21===> API : /api/auth/login ===> Message : loginUserDB() Invoked !
info: ===> TimeStamp : 2025-12-02 17:08:21===> API : /api/auth/login ===> Message : loginUserResponse() invoked!
info: ===> TimeStamp : 2025-12-02 17:08:21===> API : /api/auth/login ===> Message : loginUserResponse() completed
info: ===> TimeStamp : 2025-12-02 17:35:56===> API : null ===> Message : validateRequest() invoked
info: ===> TimeStamp : 2025-12-02 17:35:56===> API : null ===> Message : fetchDBSettings()
info: ===> TimeStamp : 2025-12-02 17:35:56===> API : null ===> Message : validateRequest() Invoked!
info: ===> TimeStamp : 2025-12-02 17:35:56===> API : null ===> Message : validRequest() :: Api validated Successfully
info: ===> TimeStamp : 2025-12-02 17:35:56===> API : /api/auth/validateuser ===> Message : validateUser() :: Request Object :: [object Object]
info: ===> TimeStamp : 2025-12-02 17:35:56===> API : /api/auth/validateuser ===> Message : validateUser() invoked!!
info: ===> TimeStamp : 2025-12-02 17:35:56===> API : /api/auth/validateuser ===> Message : validateUserDB() Invoked !
info: ===> TimeStamp : 2025-12-02 17:35:56===> API : /api/auth/validateuser ===> Message : validateUserResponse() invoked!
info: ===> TimeStamp : 2025-12-02 17:35:56===> API : /api/auth/validateuser ===> Message : validateUserResponse() completed
info: ===> TimeStamp : 2025-12-02 17:35:56===> API : null ===> Message : validateRequest() invoked
info: ===> TimeStamp : 2025-12-02 17:35:56===> API : null ===> Message : fetchDBSettings()
info: ===> TimeStamp : 2025-12-02 17:35:56===> API : null ===> Message : validateRequest() Invoked!
info: ===> TimeStamp : 2025-12-02 17:35:56===> API : null ===> Message : validRequest() :: Api validated Successfully
info: ===> TimeStamp : 2025-12-02 17:35:56===> API : /api/auth/login ===> Message : loginUser() invoked!!
info: ===> TimeStamp : 2025-12-02 17:35:56===> API : /api/auth/login ===> Message : loginUser() :: Request Object :: [object Object]
info: ===> TimeStamp : 2025-12-02 17:35:56===> API : /api/auth/login ===> Message : loginUserDB() Invoked !
info: ===> TimeStamp : 2025-12-02 17:35:56===> API : /api/auth/login ===> Message : loginUserResponse() invoked!
info: ===> TimeStamp : 2025-12-02 17:35:56===> API : /api/auth/login ===> Message : loginUserResponse() completed
info: ===> TimeStamp : 2025-12-02 17:36:06===> API : null ===> Message : validateRequest() invoked
info: ===> TimeStamp : 2025-12-02 17:36:06===> API : null ===> Message : validateRequest() Error:: Invalid Request :: 
      {"apiUri":"/robots.txt"}
info: ===> TimeStamp : 2025-12-02 17:36:06===> API : null ===> Message : validateRequest() invoked
info: ===> TimeStamp : 2025-12-02 17:36:06===> API : null ===> Message : validateRequest() Error:: Invalid Request :: 
      {"apiUri":"/favicon.ico"}
info: ===> TimeStamp : 2025-12-02 17:38:10===> API : null ===> Message : validateRequest() invoked
info: ===> TimeStamp : 2025-12-02 17:38:10===> API : null ===> Message : validateRequest() Error:: Invalid Request :: 
      {"apiUri":"/"}
info: ===> TimeStamp : 2025-12-02 17:38:11===> API : null ===> Message : validateRequest() invoked
info: ===> TimeStamp : 2025-12-02 17:38:11===> API : null ===> Message : validateRequest() Error:: Invalid Request :: 
      {"apiUri":"/favicon.ico"}
info: ===> TimeStamp : 2025-12-02 17:38:19===> API : null ===> Message : validateRequest() invoked
info: ===> TimeStamp : 2025-12-02 17:38:19===> API : null ===> Message : validateRequest() Error:: Invalid Request :: 
      {"apiUri":"/sitemap.xml"}
info: ===> TimeStamp : 2025-12-02 17:38:20===> API : null ===> Message : validateRequest() invoked
info: ===> TimeStamp : 2025-12-02 17:38:20===> API : null ===> Message : validateRequest() Error:: Invalid Request :: 
      {"apiUri":"/favicon.ico"}
info: ===> TimeStamp : 2025-12-02 18:35:37===> API : null ===> Message : validateRequest() invoked
info: ===> TimeStamp : 2025-12-02 18:35:37===> API : null ===> Message : fetchDBSettings()
info: ===> TimeStamp : 2025-12-02 18:35:37===> API : null ===> Message : validateRequest() Invoked!
info: ===> TimeStamp : 2025-12-02 18:35:37===> API : null ===> Message : validRequest() :: Api validated Successfully
info: ===> TimeStamp : 2025-12-02 18:35:37===> API : /api/auth/validateuser ===> Message : validateUser() invoked!!
info: ===> TimeStamp : 2025-12-02 18:35:37===> API : /api/auth/validateuser ===> Message : validateUser() :: Request Object :: [object Object]
info: ===> TimeStamp : 2025-12-02 18:35:37===> API : /api/auth/validateuser ===> Message : validateUserDB() Invoked !
info: ===> TimeStamp : 2025-12-02 18:35:37===> API : /api/auth/validateuser ===> Message : validateUserResponse() invoked!
info: ===> TimeStamp : 2025-12-02 18:35:37===> API : /api/auth/validateuser ===> Message : validateUserResponse() completed
info: ===> TimeStamp : 2025-12-02 18:35:37===> API : null ===> Message : validateRequest() invoked
info: ===> TimeStamp : 2025-12-02 18:35:37===> API : null ===> Message : fetchDBSettings()
info: ===> TimeStamp : 2025-12-02 18:35:37===> API : null ===> Message : validateRequest() Invoked!
info: ===> TimeStamp : 2025-12-02 18:35:37===> API : null ===> Message : validRequest() :: Api validated Successfully
info: ===> TimeStamp : 2025-12-02 18:35:37===> API : /api/auth/login ===> Message : loginUser() invoked!!
info: ===> TimeStamp : 2025-12-02 18:35:37===> API : /api/auth/login ===> Message : loginUser() :: Request Object :: [object Object]
info: ===> TimeStamp : 2025-12-02 18:35:37===> API : /api/auth/login ===> Message : loginUserDB() Invoked !
info: ===> TimeStamp : 2025-12-02 18:35:37===> API : /api/auth/login ===> Message : loginUserResponse() invoked!
info: ===> TimeStamp : 2025-12-02 18:35:37===> API : /api/auth/login ===> Message : loginUserResponse() completed
info: ===> TimeStamp : 2025-12-02 18:44:32===> API : null ===> Message : validateRequest() invoked
info: ===> TimeStamp : 2025-12-02 18:44:32===> API : null ===> Message : validateRequest() Error:: Invalid Request :: 
      {"apiUri":"/pdown"}
info: ===> TimeStamp : 2025-12-02 18:54:15===> API : null ===> Message : validateRequest() invoked
info: ===> TimeStamp : 2025-12-02 18:54:15===> API : null ===> Message : fetchDBSettings()
info: ===> TimeStamp : 2025-12-02 18:54:15===> API : null ===> Message : validateRequest() Invoked!
info: ===> TimeStamp : 2025-12-02 18:54:15===> API : null ===> Message : validRequest() :: Api validated Successfully
info: ===> TimeStamp : 2025-12-02 18:54:15===> API : /api/auth/validateuser ===> Message : validateUser() invoked!!
info: ===> TimeStamp : 2025-12-02 18:54:15===> API : /api/auth/validateuser ===> Message : validateUser() :: Request Object :: [object Object]
info: ===> TimeStamp : 2025-12-02 18:54:15===> API : /api/auth/validateuser ===> Message : validateUserDB() Invoked !
info: ===> TimeStamp : 2025-12-02 18:54:15===> API : /api/auth/validateuser ===> Message : validateUserResponse() invoked!
info: ===> TimeStamp : 2025-12-02 18:54:15===> API : /api/auth/validateuser ===> Message : validateUserResponse() completed
info: ===> TimeStamp : 2025-12-02 18:54:15===> API : null ===> Message : validateRequest() invoked
info: ===> TimeStamp : 2025-12-02 18:54:15===> API : null ===> Message : fetchDBSettings()
info: ===> TimeStamp : 2025-12-02 18:54:15===> API : null ===> Message : validateRequest() Invoked!
info: ===> TimeStamp : 2025-12-02 18:54:15===> API : null ===> Message : validRequest() :: Api validated Successfully
info: ===> TimeStamp : 2025-12-02 18:54:15===> API : /api/auth/login ===> Message : loginUser() invoked!!
info: ===> TimeStamp : 2025-12-02 18:54:15===> API : /api/auth/login ===> Message : loginUser() :: Request Object :: [object Object]
info: ===> TimeStamp : 2025-12-02 18:54:15===> API : /api/auth/login ===> Message : loginUserDB() Invoked !
info: ===> TimeStamp : 2025-12-02 18:54:15===> API : /api/auth/login ===> Message : loginUserResponse() invoked!
info: ===> TimeStamp : 2025-12-02 18:54:15===> API : /api/auth/login ===> Message : loginUserResponse() completed
info: ===> TimeStamp : 2025-12-02 19:56:59===> API : null ===> Message : fetchDBSettings()
info: ===> TimeStamp : 2025-12-02 19:56:59===> API : null ===> Message : validateRequest() invoked
info: ===> TimeStamp : 2025-12-02 19:56:59===> API : null ===> Message : validateRequest() Invoked!
info: ===> TimeStamp : 2025-12-02 19:56:59===> API : null ===> Message : validRequest() :: Api validated Successfully
info: ===> TimeStamp : 2025-12-02 19:56:59===> API : /api/auth/validateuser ===> Message : validateUser() invoked!!
info: ===> TimeStamp : 2025-12-02 19:56:59===> API : /api/auth/validateuser ===> Message : validateUser() :: Request Object :: [object Object]
info: ===> TimeStamp : 2025-12-02 19:56:59===> API : /api/auth/validateuser ===> Message : validateUserDB() Invoked !
info: ===> TimeStamp : 2025-12-02 19:56:59===> API : /api/auth/validateuser ===> Message : validateUserResponse() invoked!
info: ===> TimeStamp : 2025-12-02 19:56:59===> API : /api/auth/validateuser ===> Message : validateUserResponse() completed
info: ===> TimeStamp : 2025-12-02 19:56:59===> API : null ===> Message : validateRequest() invoked
info: ===> TimeStamp : 2025-12-02 19:56:59===> API : null ===> Message : fetchDBSettings()
info: ===> TimeStamp : 2025-12-02 19:56:59===> API : null ===> Message : validateRequest() Invoked!
info: ===> TimeStamp : 2025-12-02 19:57:00===> API : null ===> Message : validRequest() :: Api validated Successfully
info: ===> TimeStamp : 2025-12-02 19:57:00===> API : /api/auth/login ===> Message : loginUser() invoked!!
info: ===> TimeStamp : 2025-12-02 19:57:00===> API : /api/auth/login ===> Message : loginUser() :: Request Object :: [object Object]
info: ===> TimeStamp : 2025-12-02 19:57:00===> API : /api/auth/login ===> Message : loginUserDB() Invoked !
info: ===> TimeStamp : 2025-12-02 19:57:00===> API : /api/auth/login ===> Message : loginUserResponse() invoked!
info: ===> TimeStamp : 2025-12-02 19:57:00===> API : /api/auth/login ===> Message : loginUserResponse() completed
info: ===> TimeStamp : 2025-12-02 21:02:53===> API : null ===> Message : validateRequest() invoked
info: ===> TimeStamp : 2025-12-02 21:02:53===> API : null ===> Message : fetchDBSettings()
info: ===> TimeStamp : 2025-12-02 21:02:53===> API : null ===> Message : validateRequest() Invoked!
info: ===> TimeStamp : 2025-12-02 21:02:53===> API : null ===> Message : validRequest() :: Api validated Successfully
info: ===> TimeStamp : 2025-12-02 21:02:53===> API : /api/auth/validateuser ===> Message : validateUser() :: Request Object :: [object Object]
info: ===> TimeStamp : 2025-12-02 21:02:53===> API : /api/auth/validateuser ===> Message : validateUser() invoked!!
info: ===> TimeStamp : 2025-12-02 21:02:53===> API : /api/auth/validateuser ===> Message : validateUserDB() Invoked !
info: ===> TimeStamp : 2025-12-02 21:02:53===> API : /api/auth/validateuser ===> Message : validateUserResponse() invoked!
info: ===> TimeStamp : 2025-12-02 21:02:53===> API : /api/auth/validateuser ===> Message : validateUserResponse() completed
info: ===> TimeStamp : 2025-12-02 21:02:53===> API : null ===> Message : validateRequest() invoked
info: ===> TimeStamp : 2025-12-02 21:02:53===> API : null ===> Message : fetchDBSettings()
info: ===> TimeStamp : 2025-12-02 21:02:53===> API : null ===> Message : validateRequest() Invoked!
info: ===> TimeStamp : 2025-12-02 21:02:53===> API : null ===> Message : validRequest() :: Api validated Successfully
info: ===> TimeStamp : 2025-12-02 21:02:53===> API : /api/auth/login ===> Message : loginUser() invoked!!
info: ===> TimeStamp : 2025-12-02 21:02:53===> API : /api/auth/login ===> Message : loginUser() :: Request Object :: [object Object]
info: ===> TimeStamp : 2025-12-02 21:02:53===> API : /api/auth/login ===> Message : loginUserDB() Invoked !
info: ===> TimeStamp : 2025-12-02 21:02:54===> API : /api/auth/login ===> Message : loginUserResponse() invoked!
info: ===> TimeStamp : 2025-12-02 21:02:54===> API : /api/auth/login ===> Message : loginUserResponse() completed
info: ===> TimeStamp : 2025-12-02 21:07:21===> API : null ===> Message : validateRequest() invoked
info: ===> TimeStamp : 2025-12-02 21:07:21===> API : null ===> Message : fetchDBSettings()
info: ===> TimeStamp : 2025-12-02 21:07:21===> API : null ===> Message : validateRequest() Invoked!
info: ===> TimeStamp : 2025-12-02 21:07:21===> API : null ===> Message : validRequest() :: Api validated Successfully
info: ===> TimeStamp : 2025-12-02 21:07:21===> API : /api/auth/validateuser ===> Message : validateUser() invoked!!
info: ===> TimeStamp : 2025-12-02 21:07:21===> API : /api/auth/validateuser ===> Message : validateUser() :: Request Object :: [object Object]
info: ===> TimeStamp : 2025-12-02 21:07:21===> API : /api/auth/validateuser ===> Message : validateUserDB() Invoked !
info: ===> TimeStamp : 2025-12-02 21:07:21===> API : /api/auth/validateuser ===> Message : validateUserResponse() invoked!
info: ===> TimeStamp : 2025-12-02 21:07:21===> API : /api/auth/validateuser ===> Message : validateUserResponse() completed
info: ===> TimeStamp : 2025-12-02 21:07:22===> API : null ===> Message : validateRequest() invoked
info: ===> TimeStamp : 2025-12-02 21:07:22===> API : null ===> Message : fetchDBSettings()
info: ===> TimeStamp : 2025-12-02 21:07:22===> API : null ===> Message : validateRequest() Invoked!
info: ===> TimeStamp : 2025-12-02 21:07:22===> API : null ===> Message : validRequest() :: Api validated Successfully
info: ===> TimeStamp : 2025-12-02 21:07:22===> API : /api/auth/login ===> Message : loginUser() invoked!!
info: ===> TimeStamp : 2025-12-02 21:07:22===> API : /api/auth/login ===> Message : loginUser() :: Request Object :: [object Object]
info: ===> TimeStamp : 2025-12-02 21:07:22===> API : /api/auth/login ===> Message : loginUserDB() Invoked !
info: ===> TimeStamp : 2025-12-02 21:07:22===> API : /api/auth/login ===> Message : loginUserResponse() invoked!
info: ===> TimeStamp : 2025-12-02 21:07:22===> API : /api/auth/login ===> Message : loginUserResponse() completed
info: ===> TimeStamp : 2025-12-02 21:44:55===> API : null ===> Message : validateRequest() invoked
info: ===> TimeStamp : 2025-12-02 21:44:55===> API : null ===> Message : fetchDBSettings()
info: ===> TimeStamp : 2025-12-02 21:44:55===> API : null ===> Message : validateRequest() Invoked!
info: ===> TimeStamp : 2025-12-02 21:44:56===> API : null ===> Message : validRequest() :: Api validated Successfully
info: ===> TimeStamp : 2025-12-02 21:44:56===> API : /api/auth/validateuser ===> Message : validateUser() invoked!!
info: ===> TimeStamp : 2025-12-02 21:44:56===> API : /api/auth/validateuser ===> Message : validateUser() :: Request Object :: [object Object]
info: ===> TimeStamp : 2025-12-02 21:44:56===> API : /api/auth/validateuser ===> Message : validateUserDB() Invoked !
info: ===> TimeStamp : 2025-12-02 21:44:56===> API : /api/auth/validateuser ===> Message : validateUserResponse() invoked!
info: ===> TimeStamp : 2025-12-02 21:44:56===> API : /api/auth/validateuser ===> Message : validateUserResponse() completed
info: ===> TimeStamp : 2025-12-02 21:44:56===> API : null ===> Message : validateRequest() invoked
info: ===> TimeStamp : 2025-12-02 21:44:56===> API : null ===> Message : fetchDBSettings()
info: ===> TimeStamp : 2025-12-02 21:44:56===> API : null ===> Message : validateRequest() Invoked!
info: ===> TimeStamp : 2025-12-02 21:44:56===> API : null ===> Message : validRequest() :: Api validated Successfully
info: ===> TimeStamp : 2025-12-02 21:44:56===> API : /api/auth/login ===> Message : loginUser() invoked!!
info: ===> TimeStamp : 2025-12-02 21:44:56===> API : /api/auth/login ===> Message : loginUser() :: Request Object :: [object Object]
info: ===> TimeStamp : 2025-12-02 21:44:56===> API : /api/auth/login ===> Message : loginUserDB() Invoked !
info: ===> TimeStamp : 2025-12-02 21:44:56===> API : /api/auth/login ===> Message : loginUserResponse() invoked!
info: ===> TimeStamp : 2025-12-02 21:44:56===> API : /api/auth/login ===> Message : loginUserResponse() completed
info: ===> TimeStamp : 2025-12-02 21:52:24===> API : null ===> Message : validateRequest() invoked
info: ===> TimeStamp : 2025-12-02 21:52:24===> API : null ===> Message : fetchDBSettings()
info: ===> TimeStamp : 2025-12-02 21:52:24===> API : null ===> Message : validateRequest() Invoked!
info: ===> TimeStamp : 2025-12-02 21:52:24===> API : null ===> Message : validRequest() :: Api validated Successfully
info: ===> TimeStamp : 2025-12-02 21:52:24===> API : /api/auth/logout ===> Message : logoutUser() invoked!!
info: ===> TimeStamp : 2025-12-02 21:52:24===> API : /api/auth/logout ===> Message : logoutUser() :: Request Object :: [object Object]
info: ===> TimeStamp : 2025-12-02 21:52:24===> API : /api/auth/logout ===> Message : logoutUserDB() Invoked !
info: ===> TimeStamp : 2025-12-02 21:52:24===> API : /api/auth/logout ===> Message : logoutUserResponse() invoked!
info: ===> TimeStamp : 2025-12-02 21:52:24===> API : /api/auth/logout ===> Message : logoutUserResponse() completed
info: ===> TimeStamp : 2025-12-02 21:52:29===> API : null ===> Message : validateRequest() invoked
info: ===> TimeStamp : 2025-12-02 21:52:29===> API : null ===> Message : fetchDBSettings()
info: ===> TimeStamp : 2025-12-02 21:52:29===> API : null ===> Message : validateRequest() Invoked!
info: ===> TimeStamp : 2025-12-02 21:52:29===> API : null ===> Message : validRequest() :: Api validated Successfully
info: ===> TimeStamp : 2025-12-02 21:52:29===> API : /api/auth/logout ===> Message : logoutUser() invoked!!
info: ===> TimeStamp : 2025-12-02 21:52:29===> API : /api/auth/logout ===> Message : logoutUser() :: Request Object :: [object Object]
info: ===> TimeStamp : 2025-12-02 21:52:29===> API : /api/auth/logout ===> Message : logoutUserDB() Invoked !
info: ===> TimeStamp : 2025-12-02 21:52:29===> API : /api/auth/logout ===> Message : logoutUserResponse() invoked!
info: ===> TimeStamp : 2025-12-02 21:52:29===> API : /api/auth/logout ===> Message : logoutUserResponse() completed
info: ===> TimeStamp : 2025-12-02 21:52:38===> API : null ===> Message : validateRequest() invoked
info: ===> TimeStamp : 2025-12-02 21:52:38===> API : null ===> Message : fetchDBSettings()
info: ===> TimeStamp : 2025-12-02 21:52:38===> API : null ===> Message : validateRequest() Invoked!
info: ===> TimeStamp : 2025-12-02 21:52:38===> API : null ===> Message : validRequest() :: Api validated Successfully
info: ===> TimeStamp : 2025-12-02 21:52:38===> API : /api/auth/validateuser ===> Message : validateUser() invoked!!
info: ===> TimeStamp : 2025-12-02 21:52:38===> API : /api/auth/validateuser ===> Message : validateUser() :: Request Object :: [object Object]
info: ===> TimeStamp : 2025-12-02 21:52:38===> API : /api/auth/validateuser ===> Message : validateUserDB() Invoked !
info: ===> TimeStamp : 2025-12-02 21:52:38===> API : /api/auth/validateuser ===> Message : validateUserResponse() invoked!
info: ===> TimeStamp : 2025-12-02 21:52:38===> API : /api/auth/validateuser ===> Message : validateUserResponse() completed
info: ===> TimeStamp : 2025-12-02 21:52:39===> API : null ===> Message : validateRequest() invoked
info: ===> TimeStamp : 2025-12-02 21:52:39===> API : null ===> Message : fetchDBSettings()
info: ===> TimeStamp : 2025-12-02 21:52:39===> API : null ===> Message : validateRequest() Invoked!
info: ===> TimeStamp : 2025-12-02 21:52:39===> API : null ===> Message : validRequest() :: Api validated Successfully
info: ===> TimeStamp : 2025-12-02 21:52:39===> API : /api/auth/checkIP ===> Message : checkIP() invoked!!
info: ===> TimeStamp : 2025-12-02 21:52:39===> API : /api/auth/checkIP ===> Message : IPs match: 103.225.102.194
info: ===> TimeStamp : 2025-12-02 21:52:39===> API : /api/auth/checkIP ===> Message : checkIPResponse() invoked!
info: ===> TimeStamp : 2025-12-02 21:52:39===> API : /api/auth/checkIP ===> Message : checkIPResponse() completed
info: ===> TimeStamp : 2025-12-02 21:52:39===> API : null ===> Message : validateRequest() invoked
info: ===> TimeStamp : 2025-12-02 21:52:39===> API : null ===> Message : fetchDBSettings()
info: ===> TimeStamp : 2025-12-02 21:52:39===> API : null ===> Message : validateRequest() Invoked!
info: ===> TimeStamp : 2025-12-02 21:52:39===> API : null ===> Message : validRequest() :: Api validated Successfully
info: ===> TimeStamp : 2025-12-02 21:52:39===> API : /api/auth/login ===> Message : loginUser() invoked!!
info: ===> TimeStamp : 2025-12-02 21:52:39===> API : /api/auth/login ===> Message : loginUser() :: Request Object :: [object Object]
info: ===> TimeStamp : 2025-12-02 21:52:39===> API : /api/auth/login ===> Message : loginUserDB() Invoked !
info: ===> TimeStamp : 2025-12-02 21:52:39===> API : /api/auth/login ===> Message : loginUserResponse() invoked!
info: ===> TimeStamp : 2025-12-02 21:52:39===> API : /api/auth/login ===> Message : loginUserResponse() completed
info: ===> TimeStamp : 2025-12-02 21:56:45===> API : null ===> Message : validateRequest() invoked
info: ===> TimeStamp : 2025-12-02 21:56:45===> API : null ===> Message : fetchDBSettings()
info: ===> TimeStamp : 2025-12-02 21:56:45===> API : null ===> Message : validateRequest() Invoked!
info: ===> TimeStamp : 2025-12-02 21:56:45===> API : null ===> Message : validRequest() :: Api validated Successfully
info: ===> TimeStamp : 2025-12-02 21:56:45===> API : /api/auth/validateuser ===> Message : validateUser() invoked!!
info: ===> TimeStamp : 2025-12-02 21:56:45===> API : /api/auth/validateuser ===> Message : validateUser() :: Request Object :: [object Object]
info: ===> TimeStamp : 2025-12-02 21:56:45===> API : /api/auth/validateuser ===> Message : validateUserDB() Invoked !
info: ===> TimeStamp : 2025-12-02 21:56:45===> API : /api/auth/validateuser ===> Message : validateUserResponse() invoked!
info: ===> TimeStamp : 2025-12-02 21:56:45===> API : /api/auth/validateuser ===> Message : validateUserResponse() completed
info: ===> TimeStamp : 2025-12-02 21:56:45===> API : null ===> Message : validateRequest() invoked
info: ===> TimeStamp : 2025-12-02 21:56:45===> API : null ===> Message : fetchDBSettings()
info: ===> TimeStamp : 2025-12-02 21:56:45===> API : null ===> Message : validateRequest() Invoked!
info: ===> TimeStamp : 2025-12-02 21:56:45===> API : null ===> Message : validRequest() :: Api validated Successfully
info: ===> TimeStamp : 2025-12-02 21:56:45===> API : /api/auth/checkIP ===> Message : checkIP() invoked!!
info: ===> TimeStamp : 2025-12-02 21:56:45===> API : /api/auth/checkIP ===> Message : IPs match: 103.225.102.194
info: ===> TimeStamp : 2025-12-02 21:56:45===> API : /api/auth/checkIP ===> Message : checkIPResponse() invoked!
info: ===> TimeStamp : 2025-12-02 21:56:45===> API : /api/auth/checkIP ===> Message : checkIPResponse() completed
info: ===> TimeStamp : 2025-12-02 21:56:45===> API : null ===> Message : validateRequest() invoked
info: ===> TimeStamp : 2025-12-02 21:56:45===> API : null ===> Message : fetchDBSettings()
info: ===> TimeStamp : 2025-12-02 21:56:45===> API : null ===> Message : validateRequest() Invoked!
info: ===> TimeStamp : 2025-12-02 21:56:45===> API : null ===> Message : validRequest() :: Api validated Successfully
info: ===> TimeStamp : 2025-12-02 21:56:45===> API : /api/auth/login ===> Message : loginUser() invoked!!
info: ===> TimeStamp : 2025-12-02 21:56:45===> API : /api/auth/login ===> Message : loginUser() :: Request Object :: [object Object]
info: ===> TimeStamp : 2025-12-02 21:56:45===> API : /api/auth/login ===> Message : loginUserDB() Invoked !
info: ===> TimeStamp : 2025-12-02 21:56:45===> API : /api/auth/login ===> Message : loginUserResponse() invoked!
info: ===> TimeStamp : 2025-12-02 21:56:45===> API : /api/auth/login ===> Message : loginUserResponse() completed
info: ===> TimeStamp : 2025-12-02 21:58:32===> API : null ===> Message : validateRequest() invoked
info: ===> TimeStamp : 2025-12-02 21:58:32===> API : null ===> Message : fetchDBSettings()
info: ===> TimeStamp : 2025-12-02 21:58:32===> API : null ===> Message : validateRequest() Invoked!
info: ===> TimeStamp : 2025-12-02 21:58:32===> API : null ===> Message : validRequest() :: Api validated Successfully
info: ===> TimeStamp : 2025-12-02 21:58:32===> API : /api/auth/validateuser ===> Message : validateUser() invoked!!
info: ===> TimeStamp : 2025-12-02 21:58:32===> API : /api/auth/validateuser ===> Message : validateUser() :: Request Object :: [object Object]
info: ===> TimeStamp : 2025-12-02 21:58:32===> API : /api/auth/validateuser ===> Message : validateUserDB() Invoked !
info: ===> TimeStamp : 2025-12-02 21:58:32===> API : /api/auth/validateuser ===> Message : validateUserResponse() invoked!
info: ===> TimeStamp : 2025-12-02 21:58:32===> API : /api/auth/validateuser ===> Message : validateUserResponse() completed
info: ===> TimeStamp : 2025-12-02 21:58:33===> API : null ===> Message : validateRequest() invoked
info: ===> TimeStamp : 2025-12-02 21:58:33===> API : null ===> Message : fetchDBSettings()
info: ===> TimeStamp : 2025-12-02 21:58:33===> API : null ===> Message : validateRequest() Invoked!
info: ===> TimeStamp : 2025-12-02 21:58:33===> API : null ===> Message : validRequest() :: Api validated Successfully
info: ===> TimeStamp : 2025-12-02 21:58:33===> API : /api/auth/checkIP ===> Message : checkIP() invoked!!
info: ===> TimeStamp : 2025-12-02 21:58:33===> API : /api/auth/checkIP ===> Message : IPs match: 103.225.102.194
info: ===> TimeStamp : 2025-12-02 21:58:33===> API : /api/auth/checkIP ===> Message : checkIPResponse() invoked!
info: ===> TimeStamp : 2025-12-02 21:58:33===> API : /api/auth/checkIP ===> Message : checkIPResponse() completed
info: ===> TimeStamp : 2025-12-02 21:58:33===> API : null ===> Message : validateRequest() invoked
info: ===> TimeStamp : 2025-12-02 21:58:33===> API : null ===> Message : fetchDBSettings()
info: ===> TimeStamp : 2025-12-02 21:58:33===> API : null ===> Message : validateRequest() Invoked!
info: ===> TimeStamp : 2025-12-02 21:58:33===> API : null ===> Message : validRequest() :: Api validated Successfully
info: ===> TimeStamp : 2025-12-02 21:58:33===> API : /api/auth/login ===> Message : loginUser() invoked!!
info: ===> TimeStamp : 2025-12-02 21:58:33===> API : /api/auth/login ===> Message : loginUser() :: Request Object :: [object Object]
info: ===> TimeStamp : 2025-12-02 21:58:33===> API : /api/auth/login ===> Message : loginUserDB() Invoked !
info: ===> TimeStamp : 2025-12-02 21:58:33===> API : /api/auth/login ===> Message : loginUserResponse() invoked!
info: ===> TimeStamp : 2025-12-02 21:58:33===> API : /api/auth/login ===> Message : loginUserResponse() completed
info: ===> TimeStamp : 2025-12-02 22:09:00===> API : null ===> Message : validateRequest() invoked
info: ===> TimeStamp : 2025-12-02 22:09:00===> API : null ===> Message : fetchDBSettings()
info: ===> TimeStamp : 2025-12-02 22:09:00===> API : null ===> Message : validateRequest() Invoked!
info: ===> TimeStamp : 2025-12-02 22:09:00===> API : null ===> Message : validRequest() :: Api validated Successfully
info: ===> TimeStamp : 2025-12-02 22:09:00===> API : /api/auth/validateuser ===> Message : validateUser() invoked!!
info: ===> TimeStamp : 2025-12-02 22:09:00===> API : /api/auth/validateuser ===> Message : validateUser() :: Request Object :: [object Object]
info: ===> TimeStamp : 2025-12-02 22:09:00===> API : /api/auth/validateuser ===> Message : validateUserDB() Invoked !
info: ===> TimeStamp : 2025-12-02 22:09:00===> API : /api/auth/validateuser ===> Message : validateUserResponse() invoked!
info: ===> TimeStamp : 2025-12-02 22:09:00===> API : /api/auth/validateuser ===> Message : validateUserResponse() completed
info: ===> TimeStamp : 2025-12-02 22:09:00===> API : null ===> Message : validateRequest() invoked
info: ===> TimeStamp : 2025-12-02 22:09:00===> API : null ===> Message : fetchDBSettings()
info: ===> TimeStamp : 2025-12-02 22:09:00===> API : null ===> Message : validateRequest() Invoked!
info: ===> TimeStamp : 2025-12-02 22:09:00===> API : null ===> Message : validRequest() :: Api validated Successfully
info: ===> TimeStamp : 2025-12-02 22:09:00===> API : /api/auth/login ===> Message : loginUser() invoked!!
info: ===> TimeStamp : 2025-12-02 22:09:00===> API : /api/auth/login ===> Message : loginUser() :: Request Object :: [object Object]
info: ===> TimeStamp : 2025-12-02 22:09:00===> API : /api/auth/login ===> Message : loginUserDB() Invoked !
info: ===> TimeStamp : 2025-12-02 22:09:00===> API : /api/auth/login ===> Message : loginUserResponse() invoked!
info: ===> TimeStamp : 2025-12-02 22:09:00===> API : /api/auth/login ===> Message : loginUserResponse() completed
info: ===> TimeStamp : 2025-12-02 23:00:04===> API : null ===> Message : validateRequest() invoked
info: ===> TimeStamp : 2025-12-02 23:00:04===> API : null ===> Message : fetchDBSettings()
info: ===> TimeStamp : 2025-12-02 23:00:04===> API : null ===> Message : validateRequest() Invoked!
info: ===> TimeStamp : 2025-12-02 23:00:04===> API : null ===> Message : validRequest() :: Api validated Successfully
info: ===> TimeStamp : 2025-12-02 23:00:04===> API : /api/auth/validateuser ===> Message : validateUser() :: Request Object :: [object Object]
info: ===> TimeStamp : 2025-12-02 23:00:04===> API : /api/auth/validateuser ===> Message : validateUser() invoked!!
info: ===> TimeStamp : 2025-12-02 23:00:04===> API : /api/auth/validateuser ===> Message : validateUserDB() Invoked !
info: ===> TimeStamp : 2025-12-02 23:00:04===> API : /api/auth/validateuser ===> Message : validateUserResponse() invoked!
info: ===> TimeStamp : 2025-12-02 23:00:04===> API : /api/auth/validateuser ===> Message : validateUserResponse() completed
info: ===> TimeStamp : 2025-12-02 23:00:05===> API : null ===> Message : validateRequest() invoked
info: ===> TimeStamp : 2025-12-02 23:00:05===> API : null ===> Message : fetchDBSettings()
info: ===> TimeStamp : 2025-12-02 23:00:05===> API : null ===> Message : validateRequest() Invoked!
info: ===> TimeStamp : 2025-12-02 23:00:05===> API : null ===> Message : validRequest() :: Api validated Successfully
info: ===> TimeStamp : 2025-12-02 23:00:05===> API : /api/auth/login ===> Message : loginUser() invoked!!
info: ===> TimeStamp : 2025-12-02 23:00:05===> API : /api/auth/login ===> Message : loginUser() :: Request Object :: [object Object]
info: ===> TimeStamp : 2025-12-02 23:00:05===> API : /api/auth/login ===> Message : loginUserDB() Invoked !
info: ===> TimeStamp : 2025-12-02 23:00:05===> API : /api/auth/login ===> Message : loginUserResponse() invoked!
info: ===> TimeStamp : 2025-12-02 23:00:05===> API : /api/auth/login ===> Message : loginUserResponse() completed
info: ===> TimeStamp : 2025-12-03 00:51:09===> API : null ===> Message : validateRequest() invoked
info: ===> TimeStamp : 2025-12-03 00:51:09===> API : null ===> Message : fetchDBSettings()
info: ===> TimeStamp : 2025-12-03 00:51:09===> API : null ===> Message : validateRequest() Invoked!
info: ===> TimeStamp : 2025-12-03 00:51:09===> API : null ===> Message : validRequest() :: Api validated Successfully
info: ===> TimeStamp : 2025-12-03 00:51:09===> API : /api/auth/validateuser ===> Message : validateUser() invoked!!
info: ===> TimeStamp : 2025-12-03 00:51:09===> API : /api/auth/validateuser ===> Message : validateUser() :: Request Object :: [object Object]
info: ===> TimeStamp : 2025-12-03 00:51:09===> API : /api/auth/validateuser ===> Message : validateUserDB() Invoked !
info: ===> TimeStamp : 2025-12-03 00:51:09===> API : /api/auth/validateuser ===> Message : validateUserResponse() invoked!
info: ===> TimeStamp : 2025-12-03 00:51:09===> API : /api/auth/validateuser ===> Message : validateUserResponse() completed
info: ===> TimeStamp : 2025-12-03 00:51:09===> API : null ===> Message : validateRequest() invoked
info: ===> TimeStamp : 2025-12-03 00:51:09===> API : null ===> Message : fetchDBSettings()
info: ===> TimeStamp : 2025-12-03 00:51:09===> API : null ===> Message : validateRequest() Invoked!
info: ===> TimeStamp : 2025-12-03 00:51:09===> API : null ===> Message : validRequest() :: Api validated Successfully
info: ===> TimeStamp : 2025-12-03 00:51:09===> API : /api/auth/checkIP ===> Message : checkIP() invoked!!
info: ===> TimeStamp : 2025-12-03 00:51:09===> API : /api/auth/checkIP ===> Message : IPs match: 103.225.102.194
info: ===> TimeStamp : 2025-12-03 00:51:09===> API : /api/auth/checkIP ===> Message : checkIPResponse() invoked!
info: ===> TimeStamp : 2025-12-03 00:51:09===> API : /api/auth/checkIP ===> Message : checkIPResponse() completed
info: ===> TimeStamp : 2025-12-03 00:51:10===> API : null ===> Message : validateRequest() invoked
info: ===> TimeStamp : 2025-12-03 00:51:10===> API : null ===> Message : fetchDBSettings()
info: ===> TimeStamp : 2025-12-03 00:51:10===> API : null ===> Message : validateRequest() Invoked!
info: ===> TimeStamp : 2025-12-03 00:51:10===> API : null ===> Message : validRequest() :: Api validated Successfully
info: ===> TimeStamp : 2025-12-03 00:51:10===> API : /api/auth/login ===> Message : loginUser() invoked!!
info: ===> TimeStamp : 2025-12-03 00:51:10===> API : /api/auth/login ===> Message : loginUser() :: Request Object :: [object Object]
info: ===> TimeStamp : 2025-12-03 00:51:10===> API : /api/auth/login ===> Message : loginUserDB() Invoked !
info: ===> TimeStamp : 2025-12-03 00:51:10===> API : /api/auth/login ===> Message : loginUserResponse() invoked!
info: ===> TimeStamp : 2025-12-03 00:51:10===> API : /api/auth/login ===> Message : loginUserResponse() completed
info: ===> TimeStamp : 2025-12-03 02:37:23===> API : null ===> Message : validateRequest() invoked
info: ===> TimeStamp : 2025-12-03 02:37:23===> API : null ===> Message : fetchDBSettings()
info: ===> TimeStamp : 2025-12-03 02:37:23===> API : null ===> Message : validateRequest() Invoked!
info: ===> TimeStamp : 2025-12-03 02:37:23===> API : null ===> Message : validRequest() :: Api validated Successfully
info: ===> TimeStamp : 2025-12-03 02:37:23===> API : /api/auth/logout ===> Message : logoutUser() invoked!!
info: ===> TimeStamp : 2025-12-03 02:37:23===> API : /api/auth/logout ===> Message : logoutUser() :: Request Object :: [object Object]
info: ===> TimeStamp : 2025-12-03 02:37:23===> API : /api/auth/logout ===> Message : logoutUserDB() Invoked !
info: ===> TimeStamp : 2025-12-03 02:37:23===> API : /api/auth/logout ===> Message : logoutUserResponse() invoked!
info: ===> TimeStamp : 2025-12-03 02:37:23===> API : /api/auth/logout ===> Message : logoutUserResponse() completed
info: ===> TimeStamp : 2025-12-03 03:16:55===> API : null ===> Message : validateRequest() invoked
info: ===> TimeStamp : 2025-12-03 03:16:55===> API : null ===> Message : fetchDBSettings()
info: ===> TimeStamp : 2025-12-03 03:16:55===> API : null ===> Message : validateRequest() Invoked!
info: ===> TimeStamp : 2025-12-03 03:16:55===> API : null ===> Message : validRequest() :: Api validated Successfully
info: ===> TimeStamp : 2025-12-03 03:16:55===> API : /api/auth/validateuser ===> Message : validateUser() invoked!!
info: ===> TimeStamp : 2025-12-03 03:16:55===> API : /api/auth/validateuser ===> Message : validateUser() :: Request Object :: [object Object]
info: ===> TimeStamp : 2025-12-03 03:16:55===> API : /api/auth/validateuser ===> Message : validateUserDB() Invoked !
info: ===> TimeStamp : 2025-12-03 03:16:55===> API : /api/auth/validateuser ===> Message : validateUserResponse() invoked!
info: ===> TimeStamp : 2025-12-03 03:16:55===> API : /api/auth/validateuser ===> Message : validateUserResponse() completed
info: ===> TimeStamp : 2025-12-03 03:16:55===> API : null ===> Message : validateRequest() invoked
info: ===> TimeStamp : 2025-12-03 03:16:55===> API : null ===> Message : fetchDBSettings()
info: ===> TimeStamp : 2025-12-03 03:16:55===> API : null ===> Message : validateRequest() Invoked!
info: ===> TimeStamp : 2025-12-03 03:16:55===> API : null ===> Message : validRequest() :: Api validated Successfully
info: ===> TimeStamp : 2025-12-03 03:16:55===> API : /api/auth/login ===> Message : loginUser() invoked!!
info: ===> TimeStamp : 2025-12-03 03:16:55===> API : /api/auth/login ===> Message : loginUser() :: Request Object :: [object Object]
info: ===> TimeStamp : 2025-12-03 03:16:55===> API : /api/auth/login ===> Message : loginUserDB() Invoked !
info: ===> TimeStamp : 2025-12-03 03:16:55===> API : /api/auth/login ===> Message : loginUserResponse() invoked!
info: ===> TimeStamp : 2025-12-03 03:16:55===> API : /api/auth/login ===> Message : loginUserResponse() completed
