info: ===> TimeStamp : 2026-03-01 06:41:21===> API : null ===> Message : fetchDBSettings()
info: ===> TimeStamp : 2026-03-01 06:41:21===> API : null ===> Message : validateRequest() invoked
info: ===> TimeStamp : 2026-03-01 06:41:21===> API : null ===> Message : validateRequest() Invoked!
info: ===> TimeStamp : 2026-03-01 06:41:21===> API : null ===> Message : validRequest() :: Api validated Successfully
info: ===> TimeStamp : 2026-03-01 06:41:21===> API : /api/auth/validateuser ===> Message : validateUser() invoked!!
info: ===> TimeStamp : 2026-03-01 06:41:21===> API : /api/auth/validateuser ===> Message : validateUser() :: Request Object :: [object Object]
info: ===> TimeStamp : 2026-03-01 06:41:21===> API : /api/auth/validateuser ===> Message : validateUserDB() Invoked !
info: ===> TimeStamp : 2026-03-01 06:41:21===> API : /api/auth/validateuser ===> Message : validateUserResponse() invoked!
info: ===> TimeStamp : 2026-03-01 06:41:21===> API : /api/auth/validateuser ===> Message : validateUserResponse() completed
info: ===> TimeStamp : 2026-03-01 06:41:21===> API : null ===> Message : validateRequest() invoked
info: ===> TimeStamp : 2026-03-01 06:41:21===> API : null ===> Message : fetchDBSettings()
info: ===> TimeStamp : 2026-03-01 06:41:21===> API : null ===> Message : validateRequest() Invoked!
info: ===> TimeStamp : 2026-03-01 06:41:21===> API : null ===> Message : validRequest() :: Api validated Successfully
info: ===> TimeStamp : 2026-03-01 06:41:21===> API : /api/auth/checkIP ===> Message : checkIP() invoked!!
info: ===> TimeStamp : 2026-03-01 06:41:21===> API : /api/auth/checkIP ===> Message : IPs match: 103.225.102.194
info: ===> TimeStamp : 2026-03-01 06:41:21===> API : /api/auth/checkIP ===> Message : checkIPResponse() invoked!
info: ===> TimeStamp : 2026-03-01 06:41:21===> API : /api/auth/checkIP ===> Message : checkIPResponse() completed
info: ===> TimeStamp : 2026-03-01 06:41:21===> API : null ===> Message : validateRequest() invoked
info: ===> TimeStamp : 2026-03-01 06:41:21===> API : null ===> Message : fetchDBSettings()
info: ===> TimeStamp : 2026-03-01 06:41:21===> API : null ===> Message : validateRequest() Invoked!
info: ===> TimeStamp : 2026-03-01 06:41:21===> API : null ===> Message : validRequest() :: Api validated Successfully
info: ===> TimeStamp : 2026-03-01 06:41:21===> API : /api/auth/login ===> Message : loginUser() invoked!!
info: ===> TimeStamp : 2026-03-01 06:41:21===> API : /api/auth/login ===> Message : loginUser() :: Request Object :: [object Object]
info: ===> TimeStamp : 2026-03-01 06:41:21===> API : /api/auth/login ===> Message : loginUserDB() Invoked !
info: ===> TimeStamp : 2026-03-01 06:41:21===> API : /api/auth/login ===> Message : loginUserResponse() invoked!
info: ===> TimeStamp : 2026-03-01 06:41:21===> API : /api/auth/login ===> Message : loginUserResponse() completed
info: ===> TimeStamp : 2026-03-01 06:57:14===> API : null ===> Message : validateRequest() invoked
info: ===> TimeStamp : 2026-03-01 06:57:14===> API : null ===> Message : fetchDBSettings()
info: ===> TimeStamp : 2026-03-01 06:57:14===> API : null ===> Message : validateRequest() Invoked!
info: ===> TimeStamp : 2026-03-01 06:57:14===> API : null ===> Message : validRequest() :: Api validated Successfully
info: ===> TimeStamp : 2026-03-01 06:57:14===> API : /api/auth/logout ===> Message : logoutUser() invoked!!
info: ===> TimeStamp : 2026-03-01 06:57:14===> API : /api/auth/logout ===> Message : logoutUser() :: Request Object :: [object Object]
info: ===> TimeStamp : 2026-03-01 06:57:14===> API : /api/auth/logout ===> Message : logoutUserDB() Invoked !
info: ===> TimeStamp : 2026-03-01 06:57:14===> API : /api/auth/logout ===> Message : logoutUserResponse() invoked!
info: ===> TimeStamp : 2026-03-01 06:57:14===> API : /api/auth/logout ===> Message : logoutUserResponse() completed
info: ===> TimeStamp : 2026-03-01 06:57:23===> API : null ===> Message : validateRequest() invoked
info: ===> TimeStamp : 2026-03-01 06:57:23===> API : null ===> Message : fetchDBSettings()
info: ===> TimeStamp : 2026-03-01 06:57:23===> API : null ===> Message : validateRequest() Invoked!
info: ===> TimeStamp : 2026-03-01 06:57:23===> API : null ===> Message : validRequest() :: Api validated Successfully
info: ===> TimeStamp : 2026-03-01 06:57:23===> API : /api/auth/validateuser ===> Message : validateUser() invoked!!
info: ===> TimeStamp : 2026-03-01 06:57:23===> API : /api/auth/validateuser ===> Message : validateUser() :: Request Object :: [object Object]
info: ===> TimeStamp : 2026-03-01 06:57:23===> API : /api/auth/validateuser ===> Message : validateUserDB() Invoked !
info: ===> TimeStamp : 2026-03-01 06:57:23===> API : /api/auth/validateuser ===> Message : validateUserResponse() invoked!
info: ===> TimeStamp : 2026-03-01 06:57:23===> API : /api/auth/validateuser ===> Message : validateUserResponse() completed
info: ===> TimeStamp : 2026-03-01 06:57:23===> API : null ===> Message : validateRequest() invoked
info: ===> TimeStamp : 2026-03-01 06:57:23===> API : null ===> Message : fetchDBSettings()
info: ===> TimeStamp : 2026-03-01 06:57:23===> API : null ===> Message : validateRequest() Invoked!
info: ===> TimeStamp : 2026-03-01 06:57:23===> API : null ===> Message : validRequest() :: Api validated Successfully
info: ===> TimeStamp : 2026-03-01 06:57:23===> API : /api/auth/checkIP ===> Message : checkIP() invoked!!
info: ===> TimeStamp : 2026-03-01 06:57:23===> API : /api/auth/checkIP ===> Message : IPs match: 103.225.102.194
info: ===> TimeStamp : 2026-03-01 06:57:23===> API : /api/auth/checkIP ===> Message : checkIPResponse() invoked!
info: ===> TimeStamp : 2026-03-01 06:57:23===> API : /api/auth/checkIP ===> Message : checkIPResponse() completed
info: ===> TimeStamp : 2026-03-01 06:57:23===> API : null ===> Message : validateRequest() invoked
info: ===> TimeStamp : 2026-03-01 06:57:23===> API : null ===> Message : fetchDBSettings()
info: ===> TimeStamp : 2026-03-01 06:57:23===> API : null ===> Message : validateRequest() Invoked!
info: ===> TimeStamp : 2026-03-01 06:57:23===> API : /api/auth/login ===> Message : loginUser() invoked!!
info: ===> TimeStamp : 2026-03-01 06:57:23===> API : null ===> Message : validRequest() :: Api validated Successfully
info: ===> TimeStamp : 2026-03-01 06:57:23===> API : /api/auth/login ===> Message : loginUser() :: Request Object :: [object Object]
info: ===> TimeStamp : 2026-03-01 06:57:23===> API : /api/auth/login ===> Message : loginUserDB() Invoked !
info: ===> TimeStamp : 2026-03-01 06:57:23===> API : /api/auth/login ===> Message : loginUserResponse() invoked!
info: ===> TimeStamp : 2026-03-01 06:57:23===> API : /api/auth/login ===> Message : loginUserResponse() completed
info: ===> TimeStamp : 2026-03-01 07:18:37===> API : null ===> Message : validateRequest() invoked
info: ===> TimeStamp : 2026-03-01 07:18:37===> API : null ===> Message : fetchDBSettings()
info: ===> TimeStamp : 2026-03-01 07:18:37===> API : null ===> Message : validateRequest() Invoked!
info: ===> TimeStamp : 2026-03-01 07:18:37===> API : null ===> Message : validRequest() :: Api validated Successfully
info: ===> TimeStamp : 2026-03-01 07:18:37===> API : /api/auth/validateuser ===> Message : validateUser() invoked!!
info: ===> TimeStamp : 2026-03-01 07:18:37===> API : /api/auth/validateuser ===> Message : validateUser() :: Request Object :: [object Object]
info: ===> TimeStamp : 2026-03-01 07:18:37===> API : /api/auth/validateuser ===> Message : validateUserDB() Invoked !
info: ===> TimeStamp : 2026-03-01 07:18:37===> API : /api/auth/validateuser ===> Message : validateUserResponse() invoked!
info: ===> TimeStamp : 2026-03-01 07:18:37===> API : /api/auth/validateuser ===> Message : validateUserResponse() completed
info: ===> TimeStamp : 2026-03-01 07:18:37===> API : null ===> Message : validateRequest() invoked
info: ===> TimeStamp : 2026-03-01 07:18:37===> API : null ===> Message : fetchDBSettings()
info: ===> TimeStamp : 2026-03-01 07:18:37===> API : null ===> Message : validateRequest() Invoked!
info: ===> TimeStamp : 2026-03-01 07:18:37===> API : null ===> Message : validRequest() :: Api validated Successfully
info: ===> TimeStamp : 2026-03-01 07:18:37===> API : /api/auth/checkIP ===> Message : checkIP() invoked!!
info: ===> TimeStamp : 2026-03-01 07:18:37===> API : /api/auth/checkIP ===> Message : IPs match: 103.225.102.194
info: ===> TimeStamp : 2026-03-01 07:18:37===> API : /api/auth/checkIP ===> Message : checkIPResponse() invoked!
info: ===> TimeStamp : 2026-03-01 07:18:37===> API : /api/auth/checkIP ===> Message : checkIPResponse() completed
info: ===> TimeStamp : 2026-03-01 07:18:37===> API : null ===> Message : validateRequest() invoked
info: ===> TimeStamp : 2026-03-01 07:18:37===> API : null ===> Message : fetchDBSettings()
info: ===> TimeStamp : 2026-03-01 07:18:37===> API : null ===> Message : validateRequest() Invoked!
info: ===> TimeStamp : 2026-03-01 07:18:37===> API : null ===> Message : validRequest() :: Api validated Successfully
info: ===> TimeStamp : 2026-03-01 07:18:37===> API : /api/auth/login ===> Message : loginUser() invoked!!
info: ===> TimeStamp : 2026-03-01 07:18:37===> API : /api/auth/login ===> Message : loginUser() :: Request Object :: [object Object]
info: ===> TimeStamp : 2026-03-01 07:18:37===> API : /api/auth/login ===> Message : loginUserDB() Invoked !
info: ===> TimeStamp : 2026-03-01 07:18:37===> API : /api/auth/login ===> Message : loginUserResponse() invoked!
info: ===> TimeStamp : 2026-03-01 07:18:37===> API : /api/auth/login ===> Message : loginUserResponse() completed
info: ===> TimeStamp : 2026-03-01 08:34:35===> API : null ===> Message : validateRequest() invoked
info: ===> TimeStamp : 2026-03-01 08:34:35===> API : null ===> Message : fetchDBSettings()
info: ===> TimeStamp : 2026-03-01 08:34:35===> API : null ===> Message : validateRequest() Invoked!
info: ===> TimeStamp : 2026-03-01 08:34:35===> API : null ===> Message : validRequest() :: Api validated Successfully
info: ===> TimeStamp : 2026-03-01 08:34:35===> API : /api/auth/validateuser ===> Message : validateUser() invoked!!
info: ===> TimeStamp : 2026-03-01 08:34:35===> API : /api/auth/validateuser ===> Message : validateUser() :: Request Object :: [object Object]
info: ===> TimeStamp : 2026-03-01 08:34:35===> API : /api/auth/validateuser ===> Message : validateUserDB() Invoked !
info: ===> TimeStamp : 2026-03-01 08:34:35===> API : /api/auth/validateuser ===> Message : validateUserResponse() invoked!
info: ===> TimeStamp : 2026-03-01 08:34:35===> API : /api/auth/validateuser ===> Message : validateUserResponse() completed
info: ===> TimeStamp : 2026-03-01 08:34:35===> API : null ===> Message : validateRequest() invoked
info: ===> TimeStamp : 2026-03-01 08:34:35===> API : null ===> Message : fetchDBSettings()
info: ===> TimeStamp : 2026-03-01 08:34:35===> API : null ===> Message : validateRequest() Invoked!
info: ===> TimeStamp : 2026-03-01 08:34:35===> API : null ===> Message : validRequest() :: Api validated Successfully
info: ===> TimeStamp : 2026-03-01 08:34:35===> API : /api/auth/checkIP ===> Message : checkIP() invoked!!
info: ===> TimeStamp : 2026-03-01 08:34:35===> API : /api/auth/checkIP ===> Message : IPs match: 103.225.102.194
info: ===> TimeStamp : 2026-03-01 08:34:35===> API : /api/auth/checkIP ===> Message : checkIPResponse() invoked!
info: ===> TimeStamp : 2026-03-01 08:34:35===> API : /api/auth/checkIP ===> Message : checkIPResponse() completed
info: ===> TimeStamp : 2026-03-01 08:34:35===> API : null ===> Message : validateRequest() invoked
info: ===> TimeStamp : 2026-03-01 08:34:35===> API : null ===> Message : fetchDBSettings()
info: ===> TimeStamp : 2026-03-01 08:34:35===> API : null ===> Message : validateRequest() Invoked!
info: ===> TimeStamp : 2026-03-01 08:34:35===> API : null ===> Message : validRequest() :: Api validated Successfully
info: ===> TimeStamp : 2026-03-01 08:34:35===> API : /api/auth/login ===> Message : loginUser() invoked!!
info: ===> TimeStamp : 2026-03-01 08:34:35===> API : /api/auth/login ===> Message : loginUser() :: Request Object :: [object Object]
info: ===> TimeStamp : 2026-03-01 08:34:35===> API : /api/auth/login ===> Message : loginUserDB() Invoked !
info: ===> TimeStamp : 2026-03-01 08:34:35===> API : /api/auth/login ===> Message : loginUserResponse() invoked!
info: ===> TimeStamp : 2026-03-01 08:34:35===> API : /api/auth/login ===> Message : loginUserResponse() completed
info: ===> TimeStamp : 2026-03-01 10:09:53===> API : null ===> Message : validateRequest() invoked
info: ===> TimeStamp : 2026-03-01 10:09:53===> API : null ===> Message : fetchDBSettings()
info: ===> TimeStamp : 2026-03-01 10:09:53===> API : null ===> Message : validateRequest() Invoked!
info: ===> TimeStamp : 2026-03-01 10:09:53===> API : null ===> Message : validRequest() :: Api validated Successfully
info: ===> TimeStamp : 2026-03-01 10:09:53===> API : /api/auth/validateuser ===> Message : validateUser() invoked!!
info: ===> TimeStamp : 2026-03-01 10:09:53===> API : /api/auth/validateuser ===> Message : validateUser() :: Request Object :: [object Object]
info: ===> TimeStamp : 2026-03-01 10:09:53===> API : /api/auth/validateuser ===> Message : validateUserDB() Invoked !
info: ===> TimeStamp : 2026-03-01 10:09:53===> API : /api/auth/validateuser ===> Message : validateUserResponse() invoked!
info: ===> TimeStamp : 2026-03-01 10:09:53===> API : /api/auth/validateuser ===> Message : validateUserResponse() completed
info: ===> TimeStamp : 2026-03-01 10:09:53===> API : null ===> Message : validateRequest() invoked
info: ===> TimeStamp : 2026-03-01 10:09:53===> API : null ===> Message : fetchDBSettings()
info: ===> TimeStamp : 2026-03-01 10:09:53===> API : null ===> Message : validateRequest() Invoked!
info: ===> TimeStamp : 2026-03-01 10:09:53===> API : null ===> Message : validRequest() :: Api validated Successfully
info: ===> TimeStamp : 2026-03-01 10:09:53===> API : /api/auth/login ===> Message : loginUser() invoked!!
info: ===> TimeStamp : 2026-03-01 10:09:53===> API : /api/auth/login ===> Message : loginUser() :: Request Object :: [object Object]
info: ===> TimeStamp : 2026-03-01 10:09:53===> API : /api/auth/login ===> Message : loginUserDB() Invoked !
info: ===> TimeStamp : 2026-03-01 10:09:53===> API : /api/auth/login ===> Message : loginUserResponse() invoked!
info: ===> TimeStamp : 2026-03-01 10:09:53===> API : /api/auth/login ===> Message : loginUserResponse() completed
info: ===> TimeStamp : 2026-03-01 12:22:39===> API : null ===> Message : fetchDBSettings()
info: ===> TimeStamp : 2026-03-01 12:22:39===> API : null ===> Message : validateRequest() invoked
info: ===> TimeStamp : 2026-03-01 12:22:39===> API : null ===> Message : validateRequest() Invoked!
info: ===> TimeStamp : 2026-03-01 12:22:39===> API : null ===> Message : validRequest() :: Api validated Successfully
info: ===> TimeStamp : 2026-03-01 12:22:39===> API : /api/auth/validateuser ===> Message : validateUser() invoked!!
info: ===> TimeStamp : 2026-03-01 12:22:39===> API : /api/auth/validateuser ===> Message : validateUser() :: Request Object :: [object Object]
info: ===> TimeStamp : 2026-03-01 12:22:39===> API : /api/auth/validateuser ===> Message : validateUserDB() Invoked !
info: ===> TimeStamp : 2026-03-01 12:22:39===> API : /api/auth/validateuser ===> Message : validateUserResponse() invoked!
info: ===> TimeStamp : 2026-03-01 12:22:39===> API : /api/auth/validateuser ===> Message : validateUserResponse() completed
info: ===> TimeStamp : 2026-03-01 12:22:39===> API : null ===> Message : validateRequest() invoked
info: ===> TimeStamp : 2026-03-01 12:22:39===> API : null ===> Message : fetchDBSettings()
info: ===> TimeStamp : 2026-03-01 12:22:39===> API : null ===> Message : validateRequest() Invoked!
info: ===> TimeStamp : 2026-03-01 12:22:39===> API : null ===> Message : validRequest() :: Api validated Successfully
info: ===> TimeStamp : 2026-03-01 12:22:39===> API : /api/auth/login ===> Message : loginUser() invoked!!
info: ===> TimeStamp : 2026-03-01 12:22:39===> API : /api/auth/login ===> Message : loginUser() :: Request Object :: [object Object]
info: ===> TimeStamp : 2026-03-01 12:22:39===> API : /api/auth/login ===> Message : loginUserDB() Invoked !
info: ===> TimeStamp : 2026-03-01 12:22:39===> API : /api/auth/login ===> Message : loginUserResponse() invoked!
info: ===> TimeStamp : 2026-03-01 12:22:39===> API : /api/auth/login ===> Message : loginUserResponse() completed
info: ===> TimeStamp : 2026-03-01 12:45:33===> API : null ===> Message : validateRequest() invoked
info: ===> TimeStamp : 2026-03-01 12:45:33===> API : null ===> Message : fetchDBSettings()
info: ===> TimeStamp : 2026-03-01 12:45:33===> API : null ===> Message : validateRequest() Invoked!
info: ===> TimeStamp : 2026-03-01 12:45:33===> API : null ===> Message : validRequest() :: Api validated Successfully
info: ===> TimeStamp : 2026-03-01 12:45:33===> API : /api/auth/validateuser ===> Message : validateUser() invoked!!
info: ===> TimeStamp : 2026-03-01 12:45:33===> API : /api/auth/validateuser ===> Message : validateUser() :: Request Object :: [object Object]
info: ===> TimeStamp : 2026-03-01 12:45:33===> API : /api/auth/validateuser ===> Message : validateUserDB() Invoked !
info: ===> TimeStamp : 2026-03-01 12:45:33===> API : /api/auth/validateuser ===> Message : validateUserResponse() invoked!
info: ===> TimeStamp : 2026-03-01 12:45:33===> API : /api/auth/validateuser ===> Message : validateUserResponse() completed
info: ===> TimeStamp : 2026-03-01 12:45:33===> API : null ===> Message : validateRequest() invoked
info: ===> TimeStamp : 2026-03-01 12:45:33===> API : null ===> Message : fetchDBSettings()
info: ===> TimeStamp : 2026-03-01 12:45:33===> API : null ===> Message : validateRequest() Invoked!
info: ===> TimeStamp : 2026-03-01 12:45:33===> API : null ===> Message : validRequest() :: Api validated Successfully
info: ===> TimeStamp : 2026-03-01 12:45:33===> API : /api/auth/login ===> Message : loginUser() invoked!!
info: ===> TimeStamp : 2026-03-01 12:45:33===> API : /api/auth/login ===> Message : loginUser() :: Request Object :: [object Object]
info: ===> TimeStamp : 2026-03-01 12:45:33===> API : /api/auth/login ===> Message : loginUserDB() Invoked !
info: ===> TimeStamp : 2026-03-01 12:45:33===> API : /api/auth/login ===> Message : loginUserResponse() invoked!
info: ===> TimeStamp : 2026-03-01 12:45:33===> API : /api/auth/login ===> Message : loginUserResponse() completed
info: ===> TimeStamp : 2026-03-01 12:46:49===> API : null ===> Message : fetchDBSettings()
info: ===> TimeStamp : 2026-03-01 12:46:49===> API : null ===> Message : validateRequest() invoked
info: ===> TimeStamp : 2026-03-01 12:46:49===> API : null ===> Message : validateRequest() Invoked!
info: ===> TimeStamp : 2026-03-01 12:46:49===> API : null ===> Message : validRequest() :: Api validated Successfully
info: ===> TimeStamp : 2026-03-01 12:46:49===> API : /api/auth/validateuser ===> Message : validateUser() invoked!!
info: ===> TimeStamp : 2026-03-01 12:46:49===> API : /api/auth/validateuser ===> Message : validateUser() :: Request Object :: [object Object]
info: ===> TimeStamp : 2026-03-01 12:46:49===> API : /api/auth/validateuser ===> Message : validateUserDB() Invoked !
info: ===> TimeStamp : 2026-03-01 12:46:49===> API : /api/auth/validateuser ===> Message : validateUserResponse() invoked!
info: ===> TimeStamp : 2026-03-01 12:46:49===> API : /api/auth/validateuser ===> Message : validateUserResponse() completed
info: ===> TimeStamp : 2026-03-01 12:46:50===> API : null ===> Message : validateRequest() invoked
info: ===> TimeStamp : 2026-03-01 12:46:50===> API : null ===> Message : fetchDBSettings()
info: ===> TimeStamp : 2026-03-01 12:46:50===> API : null ===> Message : validateRequest() Invoked!
info: ===> TimeStamp : 2026-03-01 12:46:50===> API : null ===> Message : validRequest() :: Api validated Successfully
info: ===> TimeStamp : 2026-03-01 12:46:50===> API : /api/auth/login ===> Message : loginUser() invoked!!
info: ===> TimeStamp : 2026-03-01 12:46:50===> API : /api/auth/login ===> Message : loginUser() :: Request Object :: [object Object]
info: ===> TimeStamp : 2026-03-01 12:46:50===> API : /api/auth/login ===> Message : loginUserDB() Invoked !
info: ===> TimeStamp : 2026-03-01 12:46:50===> API : /api/auth/login ===> Message : loginUserResponse() invoked!
info: ===> TimeStamp : 2026-03-01 12:46:50===> API : /api/auth/login ===> Message : loginUserResponse() completed
info: ===> TimeStamp : 2026-03-01 13:32:32===> API : null ===> Message : validateRequest() invoked
info: ===> TimeStamp : 2026-03-01 13:32:32===> API : null ===> Message : fetchDBSettings()
info: ===> TimeStamp : 2026-03-01 13:32:32===> API : null ===> Message : validateRequest() Invoked!
info: ===> TimeStamp : 2026-03-01 13:32:32===> API : null ===> Message : validRequest() :: Api validated Successfully
info: ===> TimeStamp : 2026-03-01 13:32:32===> API : /api/auth/validateuser ===> Message : validateUser() invoked!!
info: ===> TimeStamp : 2026-03-01 13:32:32===> API : /api/auth/validateuser ===> Message : validateUser() :: Request Object :: [object Object]
info: ===> TimeStamp : 2026-03-01 13:32:32===> API : /api/auth/validateuser ===> Message : validateUserDB() Invoked !
info: ===> TimeStamp : 2026-03-01 13:32:32===> API : /api/auth/validateuser ===> Message : validateUserResponse() invoked!
info: ===> TimeStamp : 2026-03-01 13:32:32===> API : /api/auth/validateuser ===> Message : validateUserResponse() completed
info: ===> TimeStamp : 2026-03-01 13:32:32===> API : null ===> Message : validateRequest() invoked
info: ===> TimeStamp : 2026-03-01 13:32:32===> API : null ===> Message : fetchDBSettings()
info: ===> TimeStamp : 2026-03-01 13:32:32===> API : null ===> Message : validateRequest() Invoked!
info: ===> TimeStamp : 2026-03-01 13:32:32===> API : null ===> Message : validRequest() :: Api validated Successfully
info: ===> TimeStamp : 2026-03-01 13:32:32===> API : /api/auth/login ===> Message : loginUser() invoked!!
info: ===> TimeStamp : 2026-03-01 13:32:32===> API : /api/auth/login ===> Message : loginUser() :: Request Object :: [object Object]
info: ===> TimeStamp : 2026-03-01 13:32:32===> API : /api/auth/login ===> Message : loginUserDB() Invoked !
info: ===> TimeStamp : 2026-03-01 13:32:32===> API : /api/auth/login ===> Message : loginUserResponse() invoked!
info: ===> TimeStamp : 2026-03-01 13:32:32===> API : /api/auth/login ===> Message : loginUserResponse() completed
info: ===> TimeStamp : 2026-03-01 14:45:20===> API : null ===> Message : validateRequest() invoked
info: ===> TimeStamp : 2026-03-01 14:45:20===> API : null ===> Message : fetchDBSettings()
info: ===> TimeStamp : 2026-03-01 14:45:20===> API : null ===> Message : validateRequest() Invoked!
info: ===> TimeStamp : 2026-03-01 14:45:21===> API : null ===> Message : validRequest() :: Api validated Successfully
info: ===> TimeStamp : 2026-03-01 14:45:21===> API : /api/auth/logout ===> Message : logoutUser() invoked!!
info: ===> TimeStamp : 2026-03-01 14:45:21===> API : /api/auth/logout ===> Message : logoutUser() :: Request Object :: [object Object]
info: ===> TimeStamp : 2026-03-01 14:45:21===> API : /api/auth/logout ===> Message : logoutUserDB() Invoked !
info: ===> TimeStamp : 2026-03-01 14:45:21===> API : /api/auth/logout ===> Message : logoutUserResponse() invoked!
info: ===> TimeStamp : 2026-03-01 14:45:21===> API : /api/auth/logout ===> Message : logoutUserResponse() completed
info: ===> TimeStamp : 2026-03-01 14:46:42===> API : null ===> Message : validateRequest() invoked
info: ===> TimeStamp : 2026-03-01 14:46:42===> API : null ===> Message : fetchDBSettings()
info: ===> TimeStamp : 2026-03-01 14:46:42===> API : null ===> Message : validateRequest() Invoked!
info: ===> TimeStamp : 2026-03-01 14:46:42===> API : null ===> Message : validRequest() :: Api validated Successfully
info: ===> TimeStamp : 2026-03-01 14:46:42===> API : /api/auth/logout ===> Message : logoutUser() invoked!!
info: ===> TimeStamp : 2026-03-01 14:46:42===> API : /api/auth/logout ===> Message : logoutUser() :: Request Object :: [object Object]
info: ===> TimeStamp : 2026-03-01 14:46:42===> API : /api/auth/logout ===> Message : logoutUserDB() Invoked !
info: ===> TimeStamp : 2026-03-01 14:46:42===> API : /api/auth/logout ===> Message : logoutUserResponse() invoked!
info: ===> TimeStamp : 2026-03-01 14:46:42===> API : /api/auth/logout ===> Message : logoutUserResponse() completed
info: ===> TimeStamp : 2026-03-01 14:46:51===> API : null ===> Message : validateRequest() invoked
info: ===> TimeStamp : 2026-03-01 14:46:51===> API : null ===> Message : fetchDBSettings()
info: ===> TimeStamp : 2026-03-01 14:46:51===> API : null ===> Message : validateRequest() Invoked!
info: ===> TimeStamp : 2026-03-01 14:46:51===> API : null ===> Message : validRequest() :: Api validated Successfully
info: ===> TimeStamp : 2026-03-01 14:46:51===> API : /api/auth/validateuser ===> Message : validateUser() invoked!!
info: ===> TimeStamp : 2026-03-01 14:46:51===> API : /api/auth/validateuser ===> Message : validateUser() :: Request Object :: [object Object]
info: ===> TimeStamp : 2026-03-01 14:46:51===> API : /api/auth/validateuser ===> Message : validateUserDB() Invoked !
info: ===> TimeStamp : 2026-03-01 14:46:51===> API : /api/auth/validateuser ===> Message : validateUserResponse() invoked!
info: ===> TimeStamp : 2026-03-01 14:46:51===> API : /api/auth/validateuser ===> Message : validateUserResponse() completed
info: ===> TimeStamp : 2026-03-01 14:46:51===> API : null ===> Message : validateRequest() invoked
info: ===> TimeStamp : 2026-03-01 14:46:51===> API : null ===> Message : fetchDBSettings()
info: ===> TimeStamp : 2026-03-01 14:46:51===> API : null ===> Message : validateRequest() Invoked!
info: ===> TimeStamp : 2026-03-01 14:46:51===> API : null ===> Message : validRequest() :: Api validated Successfully
info: ===> TimeStamp : 2026-03-01 14:46:51===> API : /api/auth/checkIP ===> Message : checkIP() invoked!!
info: ===> TimeStamp : 2026-03-01 14:46:51===> API : /api/auth/checkIP ===> Message : IPs match: 103.255.182.117
info: ===> TimeStamp : 2026-03-01 14:46:51===> API : /api/auth/checkIP ===> Message : checkIPResponse() invoked!
info: ===> TimeStamp : 2026-03-01 14:46:51===> API : /api/auth/checkIP ===> Message : checkIPResponse() completed
info: ===> TimeStamp : 2026-03-01 14:46:51===> API : null ===> Message : validateRequest() invoked
info: ===> TimeStamp : 2026-03-01 14:46:51===> API : null ===> Message : fetchDBSettings()
info: ===> TimeStamp : 2026-03-01 14:46:51===> API : null ===> Message : validateRequest() Invoked!
info: ===> TimeStamp : 2026-03-01 14:46:51===> API : null ===> Message : validRequest() :: Api validated Successfully
info: ===> TimeStamp : 2026-03-01 14:46:51===> API : /api/auth/login ===> Message : loginUser() invoked!!
info: ===> TimeStamp : 2026-03-01 14:46:51===> API : /api/auth/login ===> Message : loginUser() :: Request Object :: [object Object]
info: ===> TimeStamp : 2026-03-01 14:46:51===> API : /api/auth/login ===> Message : loginUserDB() Invoked !
info: ===> TimeStamp : 2026-03-01 14:46:51===> API : /api/auth/login ===> Message : loginUserResponse() invoked!
info: ===> TimeStamp : 2026-03-01 14:46:51===> API : /api/auth/login ===> Message : loginUserResponse() completed
info: ===> TimeStamp : 2026-03-01 14:47:09===> API : null ===> Message : validateRequest() invoked
info: ===> TimeStamp : 2026-03-01 14:47:09===> API : null ===> Message : fetchDBSettings()
info: ===> TimeStamp : 2026-03-01 14:47:09===> API : null ===> Message : validateRequest() Invoked!
info: ===> TimeStamp : 2026-03-01 14:47:09===> API : null ===> Message : validRequest() :: Api validated Successfully
info: ===> TimeStamp : 2026-03-01 14:47:09===> API : /api/auth/validateuser ===> Message : validateUser() invoked!!
info: ===> TimeStamp : 2026-03-01 14:47:09===> API : /api/auth/validateuser ===> Message : validateUser() :: Request Object :: [object Object]
info: ===> TimeStamp : 2026-03-01 14:47:09===> API : /api/auth/validateuser ===> Message : validateUserDB() Invoked !
info: ===> TimeStamp : 2026-03-01 14:47:09===> API : /api/auth/validateuser ===> Message : validateUserResponse() invoked!
info: ===> TimeStamp : 2026-03-01 14:47:09===> API : /api/auth/validateuser ===> Message : validateUserResponse() completed
info: ===> TimeStamp : 2026-03-01 14:47:09===> API : null ===> Message : validateRequest() invoked
info: ===> TimeStamp : 2026-03-01 14:47:09===> API : null ===> Message : fetchDBSettings()
info: ===> TimeStamp : 2026-03-01 14:47:09===> API : null ===> Message : validateRequest() Invoked!
info: ===> TimeStamp : 2026-03-01 14:47:09===> API : null ===> Message : validRequest() :: Api validated Successfully
info: ===> TimeStamp : 2026-03-01 14:47:09===> API : /api/auth/checkIP ===> Message : checkIP() invoked!!
info: ===> TimeStamp : 2026-03-01 14:47:09===> API : /api/auth/checkIP ===> Message : IPs match: 103.225.102.194
info: ===> TimeStamp : 2026-03-01 14:47:09===> API : /api/auth/checkIP ===> Message : checkIPResponse() invoked!
info: ===> TimeStamp : 2026-03-01 14:47:09===> API : /api/auth/checkIP ===> Message : checkIPResponse() completed
info: ===> TimeStamp : 2026-03-01 14:47:09===> API : null ===> Message : validateRequest() invoked
info: ===> TimeStamp : 2026-03-01 14:47:09===> API : null ===> Message : fetchDBSettings()
info: ===> TimeStamp : 2026-03-01 14:47:09===> API : null ===> Message : validateRequest() Invoked!
info: ===> TimeStamp : 2026-03-01 14:47:09===> API : null ===> Message : validRequest() :: Api validated Successfully
info: ===> TimeStamp : 2026-03-01 14:47:09===> API : /api/auth/login ===> Message : loginUser() invoked!!
info: ===> TimeStamp : 2026-03-01 14:47:09===> API : /api/auth/login ===> Message : loginUser() :: Request Object :: [object Object]
info: ===> TimeStamp : 2026-03-01 14:47:09===> API : /api/auth/login ===> Message : loginUserDB() Invoked !
info: ===> TimeStamp : 2026-03-01 14:47:09===> API : /api/auth/login ===> Message : loginUserResponse() invoked!
info: ===> TimeStamp : 2026-03-01 14:47:09===> API : /api/auth/login ===> Message : loginUserResponse() completed
info: ===> TimeStamp : 2026-03-01 15:34:48===> API : null ===> Message : validateRequest() invoked
info: ===> TimeStamp : 2026-03-01 15:34:48===> API : null ===> Message : validateRequest() Error:: Invalid Request :: 
      {"apiUri":"/"}
info: ===> TimeStamp : 2026-03-01 15:34:57===> API : null ===> Message : validateRequest() invoked
info: ===> TimeStamp : 2026-03-01 15:34:57===> API : null ===> Message : validateRequest() Error:: Invalid Request :: 
      {"apiUri":"/"}
info: ===> TimeStamp : 2026-03-01 15:34:58===> API : null ===> Message : validateRequest() invoked
info: ===> TimeStamp : 2026-03-01 15:34:58===> API : null ===> Message : validateRequest() Error:: Invalid Request :: 
      {"apiUri":"/favicon.ico"}
info: ===> TimeStamp : 2026-03-01 15:35:02===> API : null ===> Message : validateRequest() invoked
info: ===> TimeStamp : 2026-03-01 15:35:02===> API : null ===> Message : validateRequest() Error:: Invalid Request :: 
      {"apiUri":"/robots.txt"}
info: ===> TimeStamp : 2026-03-01 15:35:04===> API : null ===> Message : validateRequest() invoked
info: ===> TimeStamp : 2026-03-01 15:35:04===> API : null ===> Message : validateRequest() Error:: Invalid Request :: 
      {"apiUri":"/favicon.ico"}
info: ===> TimeStamp : 2026-03-01 15:35:05===> API : null ===> Message : validateRequest() invoked
info: ===> TimeStamp : 2026-03-01 15:35:05===> API : null ===> Message : validateRequest() Error:: Invalid Request :: 
      {"apiUri":"/0nhymgq64fix4oa"}
info: ===> TimeStamp : 2026-03-01 15:35:05===> API : null ===> Message : validateRequest() invoked
info: ===> TimeStamp : 2026-03-01 15:35:05===> API : null ===> Message : validateRequest() Error:: Invalid Request :: 
      {"apiUri":"/favicon.ico"}
info: ===> TimeStamp : 2026-03-01 16:45:55===> API : null ===> Message : validateRequest() invoked
info: ===> TimeStamp : 2026-03-01 16:45:55===> API : null ===> Message : fetchDBSettings()
info: ===> TimeStamp : 2026-03-01 16:45:55===> API : null ===> Message : validateRequest() Invoked!
info: ===> TimeStamp : 2026-03-01 16:45:55===> API : null ===> Message : validRequest() :: Api validated Successfully
info: ===> TimeStamp : 2026-03-01 16:45:55===> API : /api/auth/validateuser ===> Message : validateUser() invoked!!
info: ===> TimeStamp : 2026-03-01 16:45:55===> API : /api/auth/validateuser ===> Message : validateUser() :: Request Object :: [object Object]
info: ===> TimeStamp : 2026-03-01 16:45:55===> API : /api/auth/validateuser ===> Message : validateUserDB() Invoked !
info: ===> TimeStamp : 2026-03-01 16:45:55===> API : /api/auth/validateuser ===> Message : validateUserResponse() invoked!
info: ===> TimeStamp : 2026-03-01 16:45:55===> API : /api/auth/validateuser ===> Message : validateUserResponse() completed
info: ===> TimeStamp : 2026-03-01 16:45:55===> API : null ===> Message : validateRequest() invoked
info: ===> TimeStamp : 2026-03-01 16:45:55===> API : null ===> Message : fetchDBSettings()
info: ===> TimeStamp : 2026-03-01 16:45:55===> API : null ===> Message : validateRequest() Invoked!
info: ===> TimeStamp : 2026-03-01 16:45:55===> API : null ===> Message : validRequest() :: Api validated Successfully
info: ===> TimeStamp : 2026-03-01 16:45:55===> API : /api/auth/login ===> Message : loginUser() invoked!!
info: ===> TimeStamp : 2026-03-01 16:45:55===> API : /api/auth/login ===> Message : loginUser() :: Request Object :: [object Object]
info: ===> TimeStamp : 2026-03-01 16:45:55===> API : /api/auth/login ===> Message : loginUserDB() Invoked !
info: ===> TimeStamp : 2026-03-01 16:45:56===> API : /api/auth/login ===> Message : loginUserResponse() invoked!
info: ===> TimeStamp : 2026-03-01 16:45:56===> API : /api/auth/login ===> Message : loginUserResponse() completed
info: ===> TimeStamp : 2026-03-01 18:09:58===> API : null ===> Message : validateRequest() invoked
info: ===> TimeStamp : 2026-03-01 18:09:58===> API : null ===> Message : fetchDBSettings()
info: ===> TimeStamp : 2026-03-01 18:09:58===> API : null ===> Message : validateRequest() Invoked!
info: ===> TimeStamp : 2026-03-01 18:09:58===> API : null ===> Message : validRequest() :: Api validated Successfully
info: ===> TimeStamp : 2026-03-01 18:09:58===> API : /api/auth/validateuser ===> Message : validateUser() invoked!!
info: ===> TimeStamp : 2026-03-01 18:09:58===> API : /api/auth/validateuser ===> Message : validateUser() :: Request Object :: [object Object]
info: ===> TimeStamp : 2026-03-01 18:09:58===> API : /api/auth/validateuser ===> Message : validateUserDB() Invoked !
info: ===> TimeStamp : 2026-03-01 18:09:58===> API : /api/auth/validateuser ===> Message : validateUserResponse() invoked!
info: ===> TimeStamp : 2026-03-01 18:09:58===> API : /api/auth/validateuser ===> Message : validateUserResponse() completed
info: ===> TimeStamp : 2026-03-01 18:09:58===> API : null ===> Message : validateRequest() invoked
info: ===> TimeStamp : 2026-03-01 18:09:58===> API : null ===> Message : fetchDBSettings()
info: ===> TimeStamp : 2026-03-01 18:09:58===> API : null ===> Message : validateRequest() Invoked!
info: ===> TimeStamp : 2026-03-01 18:09:58===> API : null ===> Message : validRequest() :: Api validated Successfully
info: ===> TimeStamp : 2026-03-01 18:09:58===> API : /api/auth/login ===> Message : loginUser() invoked!!
info: ===> TimeStamp : 2026-03-01 18:09:58===> API : /api/auth/login ===> Message : loginUser() :: Request Object :: [object Object]
info: ===> TimeStamp : 2026-03-01 18:09:58===> API : /api/auth/login ===> Message : loginUserDB() Invoked !
info: ===> TimeStamp : 2026-03-01 18:09:58===> API : /api/auth/login ===> Message : loginUserResponse() invoked!
info: ===> TimeStamp : 2026-03-01 18:09:58===> API : /api/auth/login ===> Message : loginUserResponse() completed
info: ===> TimeStamp : 2026-03-01 18:10:56===> API : null ===> Message : validateRequest() invoked
info: ===> TimeStamp : 2026-03-01 18:10:56===> API : null ===> Message : fetchDBSettings()
info: ===> TimeStamp : 2026-03-01 18:10:56===> API : null ===> Message : validateRequest() Invoked!
info: ===> TimeStamp : 2026-03-01 18:10:56===> API : null ===> Message : validRequest() :: Api validated Successfully
info: ===> TimeStamp : 2026-03-01 18:10:56===> API : /api/auth/validateuser ===> Message : validateUser() invoked!!
info: ===> TimeStamp : 2026-03-01 18:10:56===> API : /api/auth/validateuser ===> Message : validateUser() :: Request Object :: [object Object]
info: ===> TimeStamp : 2026-03-01 18:10:56===> API : /api/auth/validateuser ===> Message : validateUserDB() Invoked !
info: ===> TimeStamp : 2026-03-01 18:10:56===> API : /api/auth/validateuser ===> Message : validateUserResponse() invoked!
info: ===> TimeStamp : 2026-03-01 18:10:56===> API : /api/auth/validateuser ===> Message : validateUserResponse() completed
info: ===> TimeStamp : 2026-03-01 18:10:56===> API : null ===> Message : validateRequest() invoked
info: ===> TimeStamp : 2026-03-01 18:10:56===> API : null ===> Message : fetchDBSettings()
info: ===> TimeStamp : 2026-03-01 18:10:56===> API : null ===> Message : validateRequest() Invoked!
info: ===> TimeStamp : 2026-03-01 18:10:56===> API : null ===> Message : validRequest() :: Api validated Successfully
info: ===> TimeStamp : 2026-03-01 18:10:56===> API : /api/auth/login ===> Message : loginUser() invoked!!
info: ===> TimeStamp : 2026-03-01 18:10:56===> API : /api/auth/login ===> Message : loginUser() :: Request Object :: [object Object]
info: ===> TimeStamp : 2026-03-01 18:10:56===> API : /api/auth/login ===> Message : loginUserDB() Invoked !
info: ===> TimeStamp : 2026-03-01 18:10:56===> API : /api/auth/login ===> Message : loginUserResponse() invoked!
info: ===> TimeStamp : 2026-03-01 18:10:56===> API : /api/auth/login ===> Message : loginUserResponse() completed
info: ===> TimeStamp : 2026-03-01 18:27:04===> API : null ===> Message : validateRequest() invoked
info: ===> TimeStamp : 2026-03-01 18:27:04===> API : null ===> Message : fetchDBSettings()
info: ===> TimeStamp : 2026-03-01 18:27:04===> API : null ===> Message : validateRequest() Invoked!
info: ===> TimeStamp : 2026-03-01 18:27:04===> API : null ===> Message : validRequest() :: Api validated Successfully
info: ===> TimeStamp : 2026-03-01 18:27:04===> API : /api/auth/validateuser ===> Message : validateUser() invoked!!
info: ===> TimeStamp : 2026-03-01 18:27:04===> API : /api/auth/validateuser ===> Message : validateUser() :: Request Object :: [object Object]
info: ===> TimeStamp : 2026-03-01 18:27:04===> API : /api/auth/validateuser ===> Message : validateUserDB() Invoked !
info: ===> TimeStamp : 2026-03-01 18:27:04===> API : /api/auth/validateuser ===> Message : validateUserResponse() invoked!
info: ===> TimeStamp : 2026-03-01 18:27:04===> API : /api/auth/validateuser ===> Message : validateUserResponse() completed
info: ===> TimeStamp : 2026-03-01 18:27:05===> API : null ===> Message : validateRequest() invoked
info: ===> TimeStamp : 2026-03-01 18:27:05===> API : null ===> Message : fetchDBSettings()
info: ===> TimeStamp : 2026-03-01 18:27:05===> API : null ===> Message : validateRequest() Invoked!
info: ===> TimeStamp : 2026-03-01 18:27:05===> API : null ===> Message : validRequest() :: Api validated Successfully
info: ===> TimeStamp : 2026-03-01 18:27:05===> API : /api/auth/login ===> Message : loginUser() invoked!!
info: ===> TimeStamp : 2026-03-01 18:27:05===> API : /api/auth/login ===> Message : loginUser() :: Request Object :: [object Object]
info: ===> TimeStamp : 2026-03-01 18:27:05===> API : /api/auth/login ===> Message : loginUserDB() Invoked !
info: ===> TimeStamp : 2026-03-01 18:27:05===> API : /api/auth/login ===> Message : loginUserResponse() invoked!
info: ===> TimeStamp : 2026-03-01 18:27:05===> API : /api/auth/login ===> Message : loginUserResponse() completed
info: ===> TimeStamp : 2026-03-01 18:42:34===> API : null ===> Message : validateRequest() invoked
info: ===> TimeStamp : 2026-03-01 18:42:34===> API : null ===> Message : fetchDBSettings()
info: ===> TimeStamp : 2026-03-01 18:42:34===> API : null ===> Message : validateRequest() Invoked!
info: ===> TimeStamp : 2026-03-01 18:42:34===> API : null ===> Message : validRequest() :: Api validated Successfully
info: ===> TimeStamp : 2026-03-01 18:42:34===> API : /api/auth/validateuser ===> Message : validateUser() invoked!!
info: ===> TimeStamp : 2026-03-01 18:42:34===> API : /api/auth/validateuser ===> Message : validateUser() :: Request Object :: [object Object]
info: ===> TimeStamp : 2026-03-01 18:42:34===> API : /api/auth/validateuser ===> Message : validateUserDB() Invoked !
info: ===> TimeStamp : 2026-03-01 18:42:34===> API : /api/auth/validateuser ===> Message : validateUserDB() :: Error :: {"code":"ER_SIGNAL_EXCEPTION","errno":1644,"sqlState":"10005","sqlMessage":"User Does Not Exist","sql":"CALL usp_validate_user('ashmita', 'V@12')"}
info: ===> TimeStamp : 2026-03-01 18:42:34===> API : /api/auth/validateuser ===> Message : validateUserDBResult :: Error :: {"ErrorCode":10005,"ErrorMessage":"User Does Not Exist"}
info: ===> TimeStamp : 2026-03-01 18:42:34===> API : /api/auth/validateuser ===> Message : validateUserResponse() invoked!
info: ===> TimeStamp : 2026-03-01 18:42:34===> API : /api/auth/validateuser ===> Message : validateUserResponse() completed
info: ===> TimeStamp : 2026-03-01 18:42:40===> API : null ===> Message : validateRequest() invoked
info: ===> TimeStamp : 2026-03-01 18:42:40===> API : null ===> Message : fetchDBSettings()
info: ===> TimeStamp : 2026-03-01 18:42:40===> API : null ===> Message : validateRequest() Invoked!
info: ===> TimeStamp : 2026-03-01 18:42:40===> API : null ===> Message : validRequest() :: Api validated Successfully
info: ===> TimeStamp : 2026-03-01 18:42:40===> API : /api/auth/validateuser ===> Message : validateUser() invoked!!
info: ===> TimeStamp : 2026-03-01 18:42:40===> API : /api/auth/validateuser ===> Message : validateUser() :: Request Object :: [object Object]
info: ===> TimeStamp : 2026-03-01 18:42:40===> API : /api/auth/validateuser ===> Message : validateUserDB() Invoked !
info: ===> TimeStamp : 2026-03-01 18:42:40===> API : /api/auth/validateuser ===> Message : validateUserResponse() invoked!
info: ===> TimeStamp : 2026-03-01 18:42:40===> API : /api/auth/validateuser ===> Message : validateUserResponse() completed
info: ===> TimeStamp : 2026-03-01 18:42:40===> API : null ===> Message : validateRequest() invoked
info: ===> TimeStamp : 2026-03-01 18:42:40===> API : null ===> Message : fetchDBSettings()
info: ===> TimeStamp : 2026-03-01 18:42:40===> API : null ===> Message : validateRequest() Invoked!
info: ===> TimeStamp : 2026-03-01 18:42:40===> API : null ===> Message : validRequest() :: Api validated Successfully
info: ===> TimeStamp : 2026-03-01 18:42:40===> API : /api/auth/checkIP ===> Message : checkIP() invoked!!
info: ===> TimeStamp : 2026-03-01 18:42:40===> API : /api/auth/checkIP ===> Message : IPs match: 103.255.182.117
info: ===> TimeStamp : 2026-03-01 18:42:40===> API : /api/auth/checkIP ===> Message : checkIPResponse() invoked!
info: ===> TimeStamp : 2026-03-01 18:42:40===> API : /api/auth/checkIP ===> Message : checkIPResponse() completed
info: ===> TimeStamp : 2026-03-01 18:42:40===> API : null ===> Message : validateRequest() invoked
info: ===> TimeStamp : 2026-03-01 18:42:40===> API : null ===> Message : fetchDBSettings()
info: ===> TimeStamp : 2026-03-01 18:42:40===> API : null ===> Message : validateRequest() Invoked!
info: ===> TimeStamp : 2026-03-01 18:42:40===> API : null ===> Message : validRequest() :: Api validated Successfully
info: ===> TimeStamp : 2026-03-01 18:42:40===> API : /api/auth/login ===> Message : loginUser() invoked!!
info: ===> TimeStamp : 2026-03-01 18:42:40===> API : /api/auth/login ===> Message : loginUser() :: Request Object :: [object Object]
info: ===> TimeStamp : 2026-03-01 18:42:40===> API : /api/auth/login ===> Message : loginUserDB() Invoked !
info: ===> TimeStamp : 2026-03-01 18:42:41===> API : /api/auth/login ===> Message : loginUserResponse() invoked!
info: ===> TimeStamp : 2026-03-01 18:42:41===> API : /api/auth/login ===> Message : loginUserResponse() completed
info: ===> TimeStamp : 2026-03-01 18:48:12===> API : null ===> Message : validateRequest() invoked
info: ===> TimeStamp : 2026-03-01 18:48:12===> API : null ===> Message : fetchDBSettings()
info: ===> TimeStamp : 2026-03-01 18:48:12===> API : null ===> Message : validateRequest() Invoked!
info: ===> TimeStamp : 2026-03-01 18:48:12===> API : /api/auth/validateuser ===> Message : validateUser() invoked!!
info: ===> TimeStamp : 2026-03-01 18:48:12===> API : null ===> Message : validRequest() :: Api validated Successfully
info: ===> TimeStamp : 2026-03-01 18:48:12===> API : /api/auth/validateuser ===> Message : validateUser() :: Request Object :: [object Object]
info: ===> TimeStamp : 2026-03-01 18:48:12===> API : /api/auth/validateuser ===> Message : validateUserDB() Invoked !
info: ===> TimeStamp : 2026-03-01 18:48:12===> API : /api/auth/validateuser ===> Message : validateUserResponse() invoked!
info: ===> TimeStamp : 2026-03-01 18:48:12===> API : /api/auth/validateuser ===> Message : validateUserResponse() completed
info: ===> TimeStamp : 2026-03-01 18:48:12===> API : null ===> Message : validateRequest() invoked
info: ===> TimeStamp : 2026-03-01 18:48:12===> API : null ===> Message : fetchDBSettings()
info: ===> TimeStamp : 2026-03-01 18:48:12===> API : null ===> Message : validateRequest() Invoked!
info: ===> TimeStamp : 2026-03-01 18:48:12===> API : null ===> Message : validRequest() :: Api validated Successfully
info: ===> TimeStamp : 2026-03-01 18:48:12===> API : /api/auth/login ===> Message : loginUser() invoked!!
info: ===> TimeStamp : 2026-03-01 18:48:12===> API : /api/auth/login ===> Message : loginUser() :: Request Object :: [object Object]
info: ===> TimeStamp : 2026-03-01 18:48:12===> API : /api/auth/login ===> Message : loginUserDB() Invoked !
info: ===> TimeStamp : 2026-03-01 18:48:12===> API : /api/auth/login ===> Message : loginUserResponse() invoked!
info: ===> TimeStamp : 2026-03-01 18:48:12===> API : /api/auth/login ===> Message : loginUserResponse() completed
info: ===> TimeStamp : 2026-03-01 19:24:38===> API : null ===> Message : validateRequest() invoked
info: ===> TimeStamp : 2026-03-01 19:24:38===> API : null ===> Message : fetchDBSettings()
info: ===> TimeStamp : 2026-03-01 19:24:38===> API : null ===> Message : validateRequest() Invoked!
info: ===> TimeStamp : 2026-03-01 19:24:38===> API : null ===> Message : validRequest() :: Api validated Successfully
info: ===> TimeStamp : 2026-03-01 19:24:38===> API : /api/auth/validateuser ===> Message : validateUser() :: Request Object :: [object Object]
info: ===> TimeStamp : 2026-03-01 19:24:38===> API : /api/auth/validateuser ===> Message : validateUser() invoked!!
info: ===> TimeStamp : 2026-03-01 19:24:38===> API : /api/auth/validateuser ===> Message : validateUserDB() Invoked !
info: ===> TimeStamp : 2026-03-01 19:24:38===> API : /api/auth/validateuser ===> Message : validateUserResponse() invoked!
info: ===> TimeStamp : 2026-03-01 19:24:38===> API : /api/auth/validateuser ===> Message : validateUserResponse() completed
info: ===> TimeStamp : 2026-03-01 19:24:39===> API : null ===> Message : validateRequest() invoked
info: ===> TimeStamp : 2026-03-01 19:24:39===> API : null ===> Message : fetchDBSettings()
info: ===> TimeStamp : 2026-03-01 19:24:39===> API : null ===> Message : validateRequest() Invoked!
info: ===> TimeStamp : 2026-03-01 19:24:39===> API : null ===> Message : validRequest() :: Api validated Successfully
info: ===> TimeStamp : 2026-03-01 19:24:39===> API : /api/auth/login ===> Message : loginUser() invoked!!
info: ===> TimeStamp : 2026-03-01 19:24:39===> API : /api/auth/login ===> Message : loginUser() :: Request Object :: [object Object]
info: ===> TimeStamp : 2026-03-01 19:24:39===> API : /api/auth/login ===> Message : loginUserDB() Invoked !
info: ===> TimeStamp : 2026-03-01 19:24:39===> API : /api/auth/login ===> Message : loginUserResponse() invoked!
info: ===> TimeStamp : 2026-03-01 19:24:39===> API : /api/auth/login ===> Message : loginUserResponse() completed
info: ===> TimeStamp : 2026-03-01 20:11:39===> API : null ===> Message : validateRequest() invoked
info: ===> TimeStamp : 2026-03-01 20:11:39===> API : null ===> Message : fetchDBSettings()
info: ===> TimeStamp : 2026-03-01 20:11:40===> API : null ===> Message : validateRequest() Invoked!
info: ===> TimeStamp : 2026-03-01 20:11:40===> API : null ===> Message : validRequest() :: Api validated Successfully
info: ===> TimeStamp : 2026-03-01 20:11:40===> API : /api/auth/validateuser ===> Message : validateUser() invoked!!
info: ===> TimeStamp : 2026-03-01 20:11:40===> API : /api/auth/validateuser ===> Message : validateUser() :: Request Object :: [object Object]
info: ===> TimeStamp : 2026-03-01 20:11:40===> API : /api/auth/validateuser ===> Message : validateUserDB() Invoked !
info: ===> TimeStamp : 2026-03-01 20:11:40===> API : /api/auth/validateuser ===> Message : validateUserResponse() invoked!
info: ===> TimeStamp : 2026-03-01 20:11:40===> API : /api/auth/validateuser ===> Message : validateUserResponse() completed
info: ===> TimeStamp : 2026-03-01 20:11:40===> API : null ===> Message : validateRequest() invoked
info: ===> TimeStamp : 2026-03-01 20:11:40===> API : null ===> Message : fetchDBSettings()
info: ===> TimeStamp : 2026-03-01 20:11:40===> API : null ===> Message : validateRequest() Invoked!
info: ===> TimeStamp : 2026-03-01 20:11:40===> API : null ===> Message : validRequest() :: Api validated Successfully
info: ===> TimeStamp : 2026-03-01 20:11:40===> API : /api/auth/login ===> Message : loginUser() invoked!!
info: ===> TimeStamp : 2026-03-01 20:11:40===> API : /api/auth/login ===> Message : loginUser() :: Request Object :: [object Object]
info: ===> TimeStamp : 2026-03-01 20:11:40===> API : /api/auth/login ===> Message : loginUserDB() Invoked !
info: ===> TimeStamp : 2026-03-01 20:11:40===> API : /api/auth/login ===> Message : loginUserResponse() invoked!
info: ===> TimeStamp : 2026-03-01 20:11:40===> API : /api/auth/login ===> Message : loginUserResponse() completed
info: ===> TimeStamp : 2026-03-01 20:15:15===> API : null ===> Message : validateRequest() invoked
info: ===> TimeStamp : 2026-03-01 20:15:15===> API : null ===> Message : validateRequest() Error:: Invalid Request :: 
      {"apiUri":"/robots.txt"}
info: ===> TimeStamp : 2026-03-01 20:15:18===> API : null ===> Message : validateRequest() invoked
info: ===> TimeStamp : 2026-03-01 20:15:18===> API : null ===> Message : validateRequest() Error:: Invalid Request :: 
      {"apiUri":"/"}
info: ===> TimeStamp : 2026-03-01 20:27:12===> API : null ===> Message : validateRequest() invoked
info: ===> TimeStamp : 2026-03-01 20:27:12===> API : null ===> Message : fetchDBSettings()
info: ===> TimeStamp : 2026-03-01 20:27:12===> API : null ===> Message : validateRequest() Invoked!
info: ===> TimeStamp : 2026-03-01 20:27:12===> API : null ===> Message : validRequest() :: Api validated Successfully
info: ===> TimeStamp : 2026-03-01 20:27:12===> API : /api/auth/validateuser ===> Message : validateUser() invoked!!
info: ===> TimeStamp : 2026-03-01 20:27:12===> API : /api/auth/validateuser ===> Message : validateUser() :: Request Object :: [object Object]
info: ===> TimeStamp : 2026-03-01 20:27:12===> API : /api/auth/validateuser ===> Message : validateUserDB() Invoked !
info: ===> TimeStamp : 2026-03-01 20:27:12===> API : /api/auth/validateuser ===> Message : validateUserResponse() invoked!
info: ===> TimeStamp : 2026-03-01 20:27:12===> API : /api/auth/validateuser ===> Message : validateUserResponse() completed
info: ===> TimeStamp : 2026-03-01 20:27:12===> API : null ===> Message : validateRequest() invoked
info: ===> TimeStamp : 2026-03-01 20:27:12===> API : null ===> Message : fetchDBSettings()
info: ===> TimeStamp : 2026-03-01 20:27:12===> API : null ===> Message : validateRequest() Invoked!
info: ===> TimeStamp : 2026-03-01 20:27:12===> API : null ===> Message : validRequest() :: Api validated Successfully
info: ===> TimeStamp : 2026-03-01 20:27:12===> API : /api/auth/login ===> Message : loginUser() invoked!!
info: ===> TimeStamp : 2026-03-01 20:27:12===> API : /api/auth/login ===> Message : loginUser() :: Request Object :: [object Object]
info: ===> TimeStamp : 2026-03-01 20:27:12===> API : /api/auth/login ===> Message : loginUserDB() Invoked !
info: ===> TimeStamp : 2026-03-01 20:27:12===> API : /api/auth/login ===> Message : loginUserResponse() invoked!
info: ===> TimeStamp : 2026-03-01 20:27:12===> API : /api/auth/login ===> Message : loginUserResponse() completed
info: ===> TimeStamp : 2026-03-01 20:42:15===> API : null ===> Message : validateRequest() invoked
info: ===> TimeStamp : 2026-03-01 20:42:15===> API : null ===> Message : fetchDBSettings()
info: ===> TimeStamp : 2026-03-01 20:42:15===> API : null ===> Message : validateRequest() Invoked!
info: ===> TimeStamp : 2026-03-01 20:42:15===> API : null ===> Message : validRequest() :: Api validated Successfully
info: ===> TimeStamp : 2026-03-01 20:42:15===> API : /api/auth/validateuser ===> Message : validateUser() invoked!!
info: ===> TimeStamp : 2026-03-01 20:42:15===> API : /api/auth/validateuser ===> Message : validateUser() :: Request Object :: [object Object]
info: ===> TimeStamp : 2026-03-01 20:42:15===> API : /api/auth/validateuser ===> Message : validateUserDB() Invoked !
info: ===> TimeStamp : 2026-03-01 20:42:15===> API : /api/auth/validateuser ===> Message : validateUserResponse() invoked!
info: ===> TimeStamp : 2026-03-01 20:42:15===> API : /api/auth/validateuser ===> Message : validateUserResponse() completed
info: ===> TimeStamp : 2026-03-01 20:42:15===> API : null ===> Message : validateRequest() invoked
info: ===> TimeStamp : 2026-03-01 20:42:15===> API : null ===> Message : fetchDBSettings()
info: ===> TimeStamp : 2026-03-01 20:42:15===> API : null ===> Message : validateRequest() Invoked!
info: ===> TimeStamp : 2026-03-01 20:42:15===> API : null ===> Message : validRequest() :: Api validated Successfully
info: ===> TimeStamp : 2026-03-01 20:42:15===> API : /api/auth/login ===> Message : loginUser() invoked!!
info: ===> TimeStamp : 2026-03-01 20:42:15===> API : /api/auth/login ===> Message : loginUser() :: Request Object :: [object Object]
info: ===> TimeStamp : 2026-03-01 20:42:15===> API : /api/auth/login ===> Message : loginUserDB() Invoked !
info: ===> TimeStamp : 2026-03-01 20:42:15===> API : /api/auth/login ===> Message : loginUserResponse() invoked!
info: ===> TimeStamp : 2026-03-01 20:42:15===> API : /api/auth/login ===> Message : loginUserResponse() completed
info: ===> TimeStamp : 2026-03-01 20:47:46===> API : null ===> Message : validateRequest() invoked
info: ===> TimeStamp : 2026-03-01 20:47:46===> API : null ===> Message : fetchDBSettings()
info: ===> TimeStamp : 2026-03-01 20:47:46===> API : null ===> Message : validateRequest() Invoked!
info: ===> TimeStamp : 2026-03-01 20:47:46===> API : null ===> Message : validRequest() :: Api validated Successfully
info: ===> TimeStamp : 2026-03-01 20:47:46===> API : /api/auth/validateuser ===> Message : validateUser() invoked!!
info: ===> TimeStamp : 2026-03-01 20:47:46===> API : /api/auth/validateuser ===> Message : validateUser() :: Request Object :: [object Object]
info: ===> TimeStamp : 2026-03-01 20:47:46===> API : /api/auth/validateuser ===> Message : validateUserDB() Invoked !
info: ===> TimeStamp : 2026-03-01 20:47:46===> API : /api/auth/validateuser ===> Message : validateUserResponse() invoked!
info: ===> TimeStamp : 2026-03-01 20:47:46===> API : /api/auth/validateuser ===> Message : validateUserResponse() completed
info: ===> TimeStamp : 2026-03-01 20:47:46===> API : null ===> Message : validateRequest() invoked
info: ===> TimeStamp : 2026-03-01 20:47:46===> API : null ===> Message : fetchDBSettings()
info: ===> TimeStamp : 2026-03-01 20:47:46===> API : null ===> Message : validateRequest() Invoked!
info: ===> TimeStamp : 2026-03-01 20:47:46===> API : null ===> Message : validRequest() :: Api validated Successfully
info: ===> TimeStamp : 2026-03-01 20:47:46===> API : /api/auth/login ===> Message : loginUser() :: Request Object :: [object Object]
info: ===> TimeStamp : 2026-03-01 20:47:46===> API : /api/auth/login ===> Message : loginUser() invoked!!
info: ===> TimeStamp : 2026-03-01 20:47:46===> API : /api/auth/login ===> Message : loginUserDB() Invoked !
info: ===> TimeStamp : 2026-03-01 20:47:46===> API : /api/auth/login ===> Message : loginUserResponse() invoked!
info: ===> TimeStamp : 2026-03-01 20:47:46===> API : /api/auth/login ===> Message : loginUserResponse() completed
info: ===> TimeStamp : 2026-03-01 20:57:03===> API : null ===> Message : validateRequest() invoked
info: ===> TimeStamp : 2026-03-01 20:57:03===> API : null ===> Message : fetchDBSettings()
info: ===> TimeStamp : 2026-03-01 20:57:03===> API : null ===> Message : validateRequest() Invoked!
info: ===> TimeStamp : 2026-03-01 20:57:03===> API : null ===> Message : validRequest() :: Api validated Successfully
info: ===> TimeStamp : 2026-03-01 20:57:03===> API : /api/auth/validateuser ===> Message : validateUser() invoked!!
info: ===> TimeStamp : 2026-03-01 20:57:03===> API : /api/auth/validateuser ===> Message : validateUser() :: Request Object :: [object Object]
info: ===> TimeStamp : 2026-03-01 20:57:03===> API : /api/auth/validateuser ===> Message : validateUserDB() Invoked !
info: ===> TimeStamp : 2026-03-01 20:57:03===> API : /api/auth/validateuser ===> Message : validateUserResponse() invoked!
info: ===> TimeStamp : 2026-03-01 20:57:03===> API : /api/auth/validateuser ===> Message : validateUserResponse() completed
info: ===> TimeStamp : 2026-03-01 20:57:03===> API : null ===> Message : validateRequest() invoked
info: ===> TimeStamp : 2026-03-01 20:57:03===> API : null ===> Message : fetchDBSettings()
info: ===> TimeStamp : 2026-03-01 20:57:03===> API : null ===> Message : validateRequest() Invoked!
info: ===> TimeStamp : 2026-03-01 20:57:03===> API : null ===> Message : validRequest() :: Api validated Successfully
info: ===> TimeStamp : 2026-03-01 20:57:03===> API : /api/auth/login ===> Message : loginUser() invoked!!
info: ===> TimeStamp : 2026-03-01 20:57:03===> API : /api/auth/login ===> Message : loginUser() :: Request Object :: [object Object]
info: ===> TimeStamp : 2026-03-01 20:57:03===> API : /api/auth/login ===> Message : loginUserDB() Invoked !
info: ===> TimeStamp : 2026-03-01 20:57:03===> API : /api/auth/login ===> Message : loginUserResponse() invoked!
info: ===> TimeStamp : 2026-03-01 20:57:03===> API : /api/auth/login ===> Message : loginUserResponse() completed
info: ===> TimeStamp : 2026-03-01 21:14:53===> API : null ===> Message : validateRequest() invoked
info: ===> TimeStamp : 2026-03-01 21:14:53===> API : null ===> Message : fetchDBSettings()
info: ===> TimeStamp : 2026-03-01 21:14:53===> API : null ===> Message : validateRequest() Invoked!
info: ===> TimeStamp : 2026-03-01 21:14:53===> API : null ===> Message : validRequest() :: Api validated Successfully
info: ===> TimeStamp : 2026-03-01 21:14:53===> API : /api/auth/validateuser ===> Message : validateUser() invoked!!
info: ===> TimeStamp : 2026-03-01 21:14:53===> API : /api/auth/validateuser ===> Message : validateUser() :: Request Object :: [object Object]
info: ===> TimeStamp : 2026-03-01 21:14:53===> API : /api/auth/validateuser ===> Message : validateUserDB() Invoked !
info: ===> TimeStamp : 2026-03-01 21:14:53===> API : /api/auth/validateuser ===> Message : validateUserResponse() invoked!
info: ===> TimeStamp : 2026-03-01 21:14:53===> API : /api/auth/validateuser ===> Message : validateUserResponse() completed
info: ===> TimeStamp : 2026-03-01 21:14:53===> API : null ===> Message : validateRequest() invoked
info: ===> TimeStamp : 2026-03-01 21:14:53===> API : null ===> Message : fetchDBSettings()
info: ===> TimeStamp : 2026-03-01 21:14:53===> API : null ===> Message : validateRequest() Invoked!
info: ===> TimeStamp : 2026-03-01 21:14:53===> API : null ===> Message : validRequest() :: Api validated Successfully
info: ===> TimeStamp : 2026-03-01 21:14:53===> API : /api/auth/login ===> Message : loginUser() invoked!!
info: ===> TimeStamp : 2026-03-01 21:14:53===> API : /api/auth/login ===> Message : loginUser() :: Request Object :: [object Object]
info: ===> TimeStamp : 2026-03-01 21:14:53===> API : /api/auth/login ===> Message : loginUserDB() Invoked !
info: ===> TimeStamp : 2026-03-01 21:14:53===> API : /api/auth/login ===> Message : loginUserResponse() invoked!
info: ===> TimeStamp : 2026-03-01 21:14:53===> API : /api/auth/login ===> Message : loginUserResponse() completed
info: ===> TimeStamp : 2026-03-01 21:37:28===> API : null ===> Message : validateRequest() invoked
info: ===> TimeStamp : 2026-03-01 21:37:28===> API : null ===> Message : fetchDBSettings()
info: ===> TimeStamp : 2026-03-01 21:37:28===> API : null ===> Message : validateRequest() Invoked!
info: ===> TimeStamp : 2026-03-01 21:37:28===> API : null ===> Message : validRequest() :: Api validated Successfully
info: ===> TimeStamp : 2026-03-01 21:37:28===> API : /api/auth/logout ===> Message : logoutUser() invoked!!
info: ===> TimeStamp : 2026-03-01 21:37:28===> API : /api/auth/logout ===> Message : logoutUser() :: Request Object :: [object Object]
info: ===> TimeStamp : 2026-03-01 21:37:28===> API : /api/auth/logout ===> Message : logoutUserDB() Invoked !
info: ===> TimeStamp : 2026-03-01 21:37:28===> API : /api/auth/logout ===> Message : logoutUserResponse() invoked!
info: ===> TimeStamp : 2026-03-01 21:37:28===> API : /api/auth/logout ===> Message : logoutUserResponse() completed
info: ===> TimeStamp : 2026-03-01 21:41:15===> API : null ===> Message : validateRequest() invoked
info: ===> TimeStamp : 2026-03-01 21:41:15===> API : null ===> Message : fetchDBSettings()
info: ===> TimeStamp : 2026-03-01 21:41:15===> API : null ===> Message : validateRequest() Invoked!
info: ===> TimeStamp : 2026-03-01 21:41:15===> API : null ===> Message : validRequest() :: Api validated Successfully
info: ===> TimeStamp : 2026-03-01 21:41:15===> API : /api/auth/validateuser ===> Message : validateUser() invoked!!
info: ===> TimeStamp : 2026-03-01 21:41:15===> API : /api/auth/validateuser ===> Message : validateUser() :: Request Object :: [object Object]
info: ===> TimeStamp : 2026-03-01 21:41:15===> API : /api/auth/validateuser ===> Message : validateUserDB() Invoked !
info: ===> TimeStamp : 2026-03-01 21:41:15===> API : /api/auth/validateuser ===> Message : validateUserResponse() invoked!
info: ===> TimeStamp : 2026-03-01 21:41:15===> API : /api/auth/validateuser ===> Message : validateUserResponse() completed
info: ===> TimeStamp : 2026-03-01 21:41:15===> API : null ===> Message : validateRequest() invoked
info: ===> TimeStamp : 2026-03-01 21:41:15===> API : null ===> Message : fetchDBSettings()
info: ===> TimeStamp : 2026-03-01 21:41:16===> API : null ===> Message : validateRequest() Invoked!
info: ===> TimeStamp : 2026-03-01 21:41:16===> API : null ===> Message : validRequest() :: Api validated Successfully
info: ===> TimeStamp : 2026-03-01 21:41:16===> API : /api/auth/checkIP ===> Message : checkIP() invoked!!
info: ===> TimeStamp : 2026-03-01 21:41:16===> API : /api/auth/checkIP ===> Message : IPs match: 103.255.182.117
info: ===> TimeStamp : 2026-03-01 21:41:16===> API : /api/auth/checkIP ===> Message : checkIPResponse() invoked!
info: ===> TimeStamp : 2026-03-01 21:41:16===> API : /api/auth/checkIP ===> Message : checkIPResponse() completed
info: ===> TimeStamp : 2026-03-01 21:41:16===> API : null ===> Message : validateRequest() invoked
info: ===> TimeStamp : 2026-03-01 21:41:16===> API : null ===> Message : fetchDBSettings()
info: ===> TimeStamp : 2026-03-01 21:41:16===> API : null ===> Message : validateRequest() Invoked!
info: ===> TimeStamp : 2026-03-01 21:41:16===> API : null ===> Message : validRequest() :: Api validated Successfully
info: ===> TimeStamp : 2026-03-01 21:41:16===> API : /api/auth/login ===> Message : loginUser() invoked!!
info: ===> TimeStamp : 2026-03-01 21:41:16===> API : /api/auth/login ===> Message : loginUser() :: Request Object :: [object Object]
info: ===> TimeStamp : 2026-03-01 21:41:16===> API : /api/auth/login ===> Message : loginUserDB() Invoked !
info: ===> TimeStamp : 2026-03-01 21:41:16===> API : /api/auth/login ===> Message : loginUserResponse() invoked!
info: ===> TimeStamp : 2026-03-01 21:41:16===> API : /api/auth/login ===> Message : loginUserResponse() completed
info: ===> TimeStamp : 2026-03-01 21:42:42===> API : null ===> Message : validateRequest() invoked
info: ===> TimeStamp : 2026-03-01 21:42:42===> API : null ===> Message : fetchDBSettings()
info: ===> TimeStamp : 2026-03-01 21:42:42===> API : null ===> Message : validateRequest() Invoked!
info: ===> TimeStamp : 2026-03-01 21:42:42===> API : null ===> Message : validRequest() :: Api validated Successfully
info: ===> TimeStamp : 2026-03-01 21:42:42===> API : /api/auth/logout ===> Message : logoutUser() invoked!!
info: ===> TimeStamp : 2026-03-01 21:42:42===> API : /api/auth/logout ===> Message : logoutUser() :: Request Object :: [object Object]
info: ===> TimeStamp : 2026-03-01 21:42:42===> API : /api/auth/logout ===> Message : logoutUserDB() Invoked !
info: ===> TimeStamp : 2026-03-01 21:42:42===> API : /api/auth/logout ===> Message : logoutUserResponse() invoked!
info: ===> TimeStamp : 2026-03-01 21:42:42===> API : /api/auth/logout ===> Message : logoutUserResponse() completed
info: ===> TimeStamp : 2026-03-01 21:45:37===> API : null ===> Message : validateRequest() invoked
info: ===> TimeStamp : 2026-03-01 21:45:37===> API : null ===> Message : fetchDBSettings()
info: ===> TimeStamp : 2026-03-01 21:45:37===> API : null ===> Message : validateRequest() Invoked!
info: ===> TimeStamp : 2026-03-01 21:45:37===> API : null ===> Message : validRequest() :: Api validated Successfully
info: ===> TimeStamp : 2026-03-01 21:45:37===> API : /api/auth/validateuser ===> Message : validateUser() invoked!!
info: ===> TimeStamp : 2026-03-01 21:45:37===> API : /api/auth/validateuser ===> Message : validateUser() :: Request Object :: [object Object]
info: ===> TimeStamp : 2026-03-01 21:45:37===> API : /api/auth/validateuser ===> Message : validateUserDB() Invoked !
info: ===> TimeStamp : 2026-03-01 21:45:37===> API : /api/auth/validateuser ===> Message : validateUserResponse() invoked!
info: ===> TimeStamp : 2026-03-01 21:45:37===> API : /api/auth/validateuser ===> Message : validateUserResponse() completed
info: ===> TimeStamp : 2026-03-01 21:45:37===> API : null ===> Message : validateRequest() invoked
info: ===> TimeStamp : 2026-03-01 21:45:37===> API : null ===> Message : fetchDBSettings()
info: ===> TimeStamp : 2026-03-01 21:45:37===> API : null ===> Message : validateRequest() Invoked!
info: ===> TimeStamp : 2026-03-01 21:45:37===> API : null ===> Message : validRequest() :: Api validated Successfully
info: ===> TimeStamp : 2026-03-01 21:45:37===> API : /api/auth/login ===> Message : loginUser() invoked!!
info: ===> TimeStamp : 2026-03-01 21:45:37===> API : /api/auth/login ===> Message : loginUser() :: Request Object :: [object Object]
info: ===> TimeStamp : 2026-03-01 21:45:37===> API : /api/auth/login ===> Message : loginUserDB() Invoked !
info: ===> TimeStamp : 2026-03-01 21:45:37===> API : /api/auth/login ===> Message : loginUserResponse() invoked!
info: ===> TimeStamp : 2026-03-01 21:45:37===> API : /api/auth/login ===> Message : loginUserResponse() completed
info: ===> TimeStamp : 2026-03-01 21:48:19===> API : null ===> Message : validateRequest() invoked
info: ===> TimeStamp : 2026-03-01 21:48:19===> API : null ===> Message : fetchDBSettings()
info: ===> TimeStamp : 2026-03-01 21:48:19===> API : null ===> Message : validateRequest() Invoked!
info: ===> TimeStamp : 2026-03-01 21:48:19===> API : null ===> Message : validRequest() :: Api validated Successfully
info: ===> TimeStamp : 2026-03-01 21:48:19===> API : /api/auth/logout ===> Message : logoutUser() invoked!!
info: ===> TimeStamp : 2026-03-01 21:48:19===> API : /api/auth/logout ===> Message : logoutUser() :: Request Object :: [object Object]
info: ===> TimeStamp : 2026-03-01 21:48:19===> API : /api/auth/logout ===> Message : logoutUserDB() Invoked !
info: ===> TimeStamp : 2026-03-01 21:48:19===> API : /api/auth/logout ===> Message : logoutUserResponse() invoked!
info: ===> TimeStamp : 2026-03-01 21:48:19===> API : /api/auth/logout ===> Message : logoutUserResponse() completed
info: ===> TimeStamp : 2026-03-01 21:48:27===> API : null ===> Message : validateRequest() invoked
info: ===> TimeStamp : 2026-03-01 21:48:27===> API : null ===> Message : fetchDBSettings()
info: ===> TimeStamp : 2026-03-01 21:48:27===> API : null ===> Message : validateRequest() Invoked!
info: ===> TimeStamp : 2026-03-01 21:48:27===> API : null ===> Message : validRequest() :: Api validated Successfully
info: ===> TimeStamp : 2026-03-01 21:48:27===> API : /api/auth/validateuser ===> Message : validateUser() invoked!!
info: ===> TimeStamp : 2026-03-01 21:48:27===> API : /api/auth/validateuser ===> Message : validateUser() :: Request Object :: [object Object]
info: ===> TimeStamp : 2026-03-01 21:48:27===> API : /api/auth/validateuser ===> Message : validateUserDB() Invoked !
info: ===> TimeStamp : 2026-03-01 21:48:27===> API : /api/auth/validateuser ===> Message : validateUserResponse() invoked!
info: ===> TimeStamp : 2026-03-01 21:48:27===> API : /api/auth/validateuser ===> Message : validateUserResponse() completed
info: ===> TimeStamp : 2026-03-01 21:48:27===> API : null ===> Message : validateRequest() invoked
info: ===> TimeStamp : 2026-03-01 21:48:27===> API : null ===> Message : fetchDBSettings()
info: ===> TimeStamp : 2026-03-01 21:48:27===> API : null ===> Message : validateRequest() Invoked!
info: ===> TimeStamp : 2026-03-01 21:48:27===> API : null ===> Message : validRequest() :: Api validated Successfully
info: ===> TimeStamp : 2026-03-01 21:48:27===> API : /api/auth/checkIP ===> Message : checkIP() invoked!!
info: ===> TimeStamp : 2026-03-01 21:48:27===> API : /api/auth/checkIP ===> Message : IPs match: 103.255.182.117
info: ===> TimeStamp : 2026-03-01 21:48:27===> API : /api/auth/checkIP ===> Message : checkIPResponse() invoked!
info: ===> TimeStamp : 2026-03-01 21:48:27===> API : /api/auth/checkIP ===> Message : checkIPResponse() completed
info: ===> TimeStamp : 2026-03-01 21:48:27===> API : null ===> Message : validateRequest() invoked
info: ===> TimeStamp : 2026-03-01 21:48:27===> API : null ===> Message : fetchDBSettings()
info: ===> TimeStamp : 2026-03-01 21:48:27===> API : null ===> Message : validateRequest() Invoked!
info: ===> TimeStamp : 2026-03-01 21:48:27===> API : null ===> Message : validRequest() :: Api validated Successfully
info: ===> TimeStamp : 2026-03-01 21:48:27===> API : /api/auth/login ===> Message : loginUser() invoked!!
info: ===> TimeStamp : 2026-03-01 21:48:27===> API : /api/auth/login ===> Message : loginUser() :: Request Object :: [object Object]
info: ===> TimeStamp : 2026-03-01 21:48:27===> API : /api/auth/login ===> Message : loginUserDB() Invoked !
info: ===> TimeStamp : 2026-03-01 21:48:27===> API : /api/auth/login ===> Message : loginUserResponse() invoked!
info: ===> TimeStamp : 2026-03-01 21:48:27===> API : /api/auth/login ===> Message : loginUserResponse() completed
info: ===> TimeStamp : 2026-03-01 21:49:43===> API : null ===> Message : validateRequest() invoked
info: ===> TimeStamp : 2026-03-01 21:49:43===> API : null ===> Message : fetchDBSettings()
info: ===> TimeStamp : 2026-03-01 21:49:43===> API : null ===> Message : validateRequest() Invoked!
info: ===> TimeStamp : 2026-03-01 21:49:43===> API : null ===> Message : validRequest() :: Api validated Successfully
info: ===> TimeStamp : 2026-03-01 21:49:43===> API : /api/auth/validateuser ===> Message : validateUser() invoked!!
info: ===> TimeStamp : 2026-03-01 21:49:43===> API : /api/auth/validateuser ===> Message : validateUser() :: Request Object :: [object Object]
info: ===> TimeStamp : 2026-03-01 21:49:43===> API : /api/auth/validateuser ===> Message : validateUserDB() Invoked !
info: ===> TimeStamp : 2026-03-01 21:49:43===> API : /api/auth/validateuser ===> Message : validateUserResponse() invoked!
info: ===> TimeStamp : 2026-03-01 21:49:43===> API : /api/auth/validateuser ===> Message : validateUserResponse() completed
info: ===> TimeStamp : 2026-03-01 21:49:43===> API : null ===> Message : validateRequest() invoked
info: ===> TimeStamp : 2026-03-01 21:49:43===> API : null ===> Message : fetchDBSettings()
info: ===> TimeStamp : 2026-03-01 21:49:43===> API : null ===> Message : validateRequest() Invoked!
info: ===> TimeStamp : 2026-03-01 21:49:43===> API : null ===> Message : validRequest() :: Api validated Successfully
info: ===> TimeStamp : 2026-03-01 21:49:43===> API : /api/auth/checkIP ===> Message : checkIP() invoked!!
info: ===> TimeStamp : 2026-03-01 21:49:43===> API : /api/auth/checkIP ===> Message : IPs match: 103.255.182.117
info: ===> TimeStamp : 2026-03-01 21:49:43===> API : /api/auth/checkIP ===> Message : checkIPResponse() invoked!
info: ===> TimeStamp : 2026-03-01 21:49:43===> API : /api/auth/checkIP ===> Message : checkIPResponse() completed
info: ===> TimeStamp : 2026-03-01 21:49:43===> API : null ===> Message : validateRequest() invoked
info: ===> TimeStamp : 2026-03-01 21:49:43===> API : null ===> Message : fetchDBSettings()
info: ===> TimeStamp : 2026-03-01 21:49:43===> API : null ===> Message : validateRequest() Invoked!
info: ===> TimeStamp : 2026-03-01 21:49:43===> API : null ===> Message : validRequest() :: Api validated Successfully
info: ===> TimeStamp : 2026-03-01 21:49:43===> API : /api/auth/login ===> Message : loginUser() invoked!!
info: ===> TimeStamp : 2026-03-01 21:49:43===> API : /api/auth/login ===> Message : loginUser() :: Request Object :: [object Object]
info: ===> TimeStamp : 2026-03-01 21:49:43===> API : /api/auth/login ===> Message : loginUserDB() Invoked !
info: ===> TimeStamp : 2026-03-01 21:49:43===> API : /api/auth/login ===> Message : loginUserResponse() invoked!
info: ===> TimeStamp : 2026-03-01 21:49:43===> API : /api/auth/login ===> Message : loginUserResponse() completed
info: ===> TimeStamp : 2026-03-01 22:06:48===> API : null ===> Message : validateRequest() invoked
info: ===> TimeStamp : 2026-03-01 22:06:48===> API : null ===> Message : fetchDBSettings()
info: ===> TimeStamp : 2026-03-01 22:06:48===> API : null ===> Message : validateRequest() Invoked!
info: ===> TimeStamp : 2026-03-01 22:06:48===> API : null ===> Message : validRequest() :: Api validated Successfully
info: ===> TimeStamp : 2026-03-01 22:06:48===> API : /api/auth/validateuser ===> Message : validateUser() invoked!!
info: ===> TimeStamp : 2026-03-01 22:06:48===> API : /api/auth/validateuser ===> Message : validateUser() :: Request Object :: [object Object]
info: ===> TimeStamp : 2026-03-01 22:06:48===> API : /api/auth/validateuser ===> Message : validateUserDB() Invoked !
info: ===> TimeStamp : 2026-03-01 22:06:48===> API : /api/auth/validateuser ===> Message : validateUserResponse() invoked!
info: ===> TimeStamp : 2026-03-01 22:06:48===> API : /api/auth/validateuser ===> Message : validateUserResponse() completed
info: ===> TimeStamp : 2026-03-01 22:06:49===> API : null ===> Message : validateRequest() invoked
info: ===> TimeStamp : 2026-03-01 22:06:49===> API : null ===> Message : fetchDBSettings()
info: ===> TimeStamp : 2026-03-01 22:06:49===> API : null ===> Message : validateRequest() Invoked!
info: ===> TimeStamp : 2026-03-01 22:06:49===> API : /api/auth/login ===> Message : loginUser() invoked!!
info: ===> TimeStamp : 2026-03-01 22:06:49===> API : null ===> Message : validRequest() :: Api validated Successfully
info: ===> TimeStamp : 2026-03-01 22:06:49===> API : /api/auth/login ===> Message : loginUser() :: Request Object :: [object Object]
info: ===> TimeStamp : 2026-03-01 22:06:49===> API : /api/auth/login ===> Message : loginUserDB() Invoked !
info: ===> TimeStamp : 2026-03-01 22:06:49===> API : /api/auth/login ===> Message : loginUserResponse() invoked!
info: ===> TimeStamp : 2026-03-01 22:06:49===> API : /api/auth/login ===> Message : loginUserResponse() completed
info: ===> TimeStamp : 2026-03-01 22:19:21===> API : null ===> Message : fetchDBSettings()
info: ===> TimeStamp : 2026-03-01 22:19:21===> API : null ===> Message : validateRequest() invoked
info: ===> TimeStamp : 2026-03-01 22:19:21===> API : null ===> Message : validateRequest() Invoked!
info: ===> TimeStamp : 2026-03-01 22:19:21===> API : null ===> Message : validRequest() :: Api validated Successfully
info: ===> TimeStamp : 2026-03-01 22:19:21===> API : /api/auth/validateuser ===> Message : validateUser() invoked!!
info: ===> TimeStamp : 2026-03-01 22:19:21===> API : /api/auth/validateuser ===> Message : validateUser() :: Request Object :: [object Object]
info: ===> TimeStamp : 2026-03-01 22:19:21===> API : /api/auth/validateuser ===> Message : validateUserDB() Invoked !
info: ===> TimeStamp : 2026-03-01 22:19:21===> API : /api/auth/validateuser ===> Message : validateUserResponse() invoked!
info: ===> TimeStamp : 2026-03-01 22:19:21===> API : /api/auth/validateuser ===> Message : validateUserResponse() completed
info: ===> TimeStamp : 2026-03-01 22:19:21===> API : null ===> Message : validateRequest() invoked
info: ===> TimeStamp : 2026-03-01 22:19:21===> API : null ===> Message : fetchDBSettings()
info: ===> TimeStamp : 2026-03-01 22:19:21===> API : null ===> Message : validateRequest() Invoked!
info: ===> TimeStamp : 2026-03-01 22:19:21===> API : null ===> Message : validRequest() :: Api validated Successfully
info: ===> TimeStamp : 2026-03-01 22:19:21===> API : /api/auth/login ===> Message : loginUser() invoked!!
info: ===> TimeStamp : 2026-03-01 22:19:21===> API : /api/auth/login ===> Message : loginUser() :: Request Object :: [object Object]
info: ===> TimeStamp : 2026-03-01 22:19:21===> API : /api/auth/login ===> Message : loginUserDB() Invoked !
info: ===> TimeStamp : 2026-03-01 22:19:21===> API : /api/auth/login ===> Message : loginUserResponse() invoked!
info: ===> TimeStamp : 2026-03-01 22:19:21===> API : /api/auth/login ===> Message : loginUserResponse() completed
info: ===> TimeStamp : 2026-03-01 22:35:25===> API : null ===> Message : validateRequest() invoked
info: ===> TimeStamp : 2026-03-01 22:35:25===> API : null ===> Message : fetchDBSettings()
info: ===> TimeStamp : 2026-03-01 22:35:25===> API : null ===> Message : validateRequest() Invoked!
info: ===> TimeStamp : 2026-03-01 22:35:25===> API : null ===> Message : validRequest() :: Api validated Successfully
info: ===> TimeStamp : 2026-03-01 22:35:25===> API : /api/auth/validateuser ===> Message : validateUser() invoked!!
info: ===> TimeStamp : 2026-03-01 22:35:25===> API : /api/auth/validateuser ===> Message : validateUser() :: Request Object :: [object Object]
info: ===> TimeStamp : 2026-03-01 22:35:25===> API : /api/auth/validateuser ===> Message : validateUserDB() Invoked !
info: ===> TimeStamp : 2026-03-01 22:35:25===> API : /api/auth/validateuser ===> Message : validateUserResponse() invoked!
info: ===> TimeStamp : 2026-03-01 22:35:25===> API : /api/auth/validateuser ===> Message : validateUserResponse() completed
info: ===> TimeStamp : 2026-03-01 22:35:25===> API : null ===> Message : validateRequest() invoked
info: ===> TimeStamp : 2026-03-01 22:35:25===> API : null ===> Message : fetchDBSettings()
info: ===> TimeStamp : 2026-03-01 22:35:25===> API : null ===> Message : validateRequest() Invoked!
info: ===> TimeStamp : 2026-03-01 22:35:25===> API : null ===> Message : validRequest() :: Api validated Successfully
info: ===> TimeStamp : 2026-03-01 22:35:25===> API : /api/auth/login ===> Message : loginUser() invoked!!
info: ===> TimeStamp : 2026-03-01 22:35:25===> API : /api/auth/login ===> Message : loginUser() :: Request Object :: [object Object]
info: ===> TimeStamp : 2026-03-01 22:35:25===> API : /api/auth/login ===> Message : loginUserDB() Invoked !
info: ===> TimeStamp : 2026-03-01 22:35:25===> API : /api/auth/login ===> Message : loginUserResponse() invoked!
info: ===> TimeStamp : 2026-03-01 22:35:25===> API : /api/auth/login ===> Message : loginUserResponse() completed
info: ===> TimeStamp : 2026-03-01 23:18:10===> API : null ===> Message : validateRequest() invoked
info: ===> TimeStamp : 2026-03-01 23:18:10===> API : null ===> Message : fetchDBSettings()
info: ===> TimeStamp : 2026-03-01 23:18:10===> API : null ===> Message : validateRequest() Invoked!
info: ===> TimeStamp : 2026-03-01 23:18:10===> API : null ===> Message : validRequest() :: Api validated Successfully
info: ===> TimeStamp : 2026-03-01 23:18:10===> API : /api/auth/validateuser ===> Message : validateUser() invoked!!
info: ===> TimeStamp : 2026-03-01 23:18:10===> API : /api/auth/validateuser ===> Message : validateUser() :: Request Object :: [object Object]
info: ===> TimeStamp : 2026-03-01 23:18:10===> API : /api/auth/validateuser ===> Message : validateUserDB() Invoked !
info: ===> TimeStamp : 2026-03-01 23:18:10===> API : /api/auth/validateuser ===> Message : validateUserResponse() invoked!
info: ===> TimeStamp : 2026-03-01 23:18:10===> API : /api/auth/validateuser ===> Message : validateUserResponse() completed
info: ===> TimeStamp : 2026-03-01 23:18:10===> API : null ===> Message : validateRequest() invoked
info: ===> TimeStamp : 2026-03-01 23:18:10===> API : null ===> Message : fetchDBSettings()
info: ===> TimeStamp : 2026-03-01 23:18:10===> API : null ===> Message : validateRequest() Invoked!
info: ===> TimeStamp : 2026-03-01 23:18:10===> API : null ===> Message : validRequest() :: Api validated Successfully
info: ===> TimeStamp : 2026-03-01 23:18:10===> API : /api/auth/login ===> Message : loginUser() invoked!!
info: ===> TimeStamp : 2026-03-01 23:18:10===> API : /api/auth/login ===> Message : loginUser() :: Request Object :: [object Object]
info: ===> TimeStamp : 2026-03-01 23:18:10===> API : /api/auth/login ===> Message : loginUserDB() Invoked !
info: ===> TimeStamp : 2026-03-01 23:18:10===> API : /api/auth/login ===> Message : loginUserResponse() invoked!
info: ===> TimeStamp : 2026-03-01 23:18:10===> API : /api/auth/login ===> Message : loginUserResponse() completed
info: ===> TimeStamp : 2026-03-01 23:44:57===> API : null ===> Message : validateRequest() invoked
info: ===> TimeStamp : 2026-03-01 23:44:57===> API : null ===> Message : fetchDBSettings()
info: ===> TimeStamp : 2026-03-01 23:44:57===> API : null ===> Message : validateRequest() Invoked!
info: ===> TimeStamp : 2026-03-01 23:44:57===> API : null ===> Message : validRequest() :: Api validated Successfully
info: ===> TimeStamp : 2026-03-01 23:44:57===> API : /api/auth/validateuser ===> Message : validateUser() invoked!!
info: ===> TimeStamp : 2026-03-01 23:44:57===> API : /api/auth/validateuser ===> Message : validateUser() :: Request Object :: [object Object]
info: ===> TimeStamp : 2026-03-01 23:44:57===> API : /api/auth/validateuser ===> Message : validateUserDB() Invoked !
info: ===> TimeStamp : 2026-03-01 23:44:57===> API : /api/auth/validateuser ===> Message : validateUserResponse() invoked!
info: ===> TimeStamp : 2026-03-01 23:44:57===> API : /api/auth/validateuser ===> Message : validateUserResponse() completed
info: ===> TimeStamp : 2026-03-01 23:44:57===> API : null ===> Message : validateRequest() invoked
info: ===> TimeStamp : 2026-03-01 23:44:57===> API : null ===> Message : fetchDBSettings()
info: ===> TimeStamp : 2026-03-01 23:44:57===> API : null ===> Message : validateRequest() Invoked!
info: ===> TimeStamp : 2026-03-01 23:44:57===> API : null ===> Message : validRequest() :: Api validated Successfully
info: ===> TimeStamp : 2026-03-01 23:44:57===> API : /api/auth/login ===> Message : loginUser() invoked!!
info: ===> TimeStamp : 2026-03-01 23:44:57===> API : /api/auth/login ===> Message : loginUser() :: Request Object :: [object Object]
info: ===> TimeStamp : 2026-03-01 23:44:57===> API : /api/auth/login ===> Message : loginUserDB() Invoked !
info: ===> TimeStamp : 2026-03-01 23:44:57===> API : /api/auth/login ===> Message : loginUserResponse() invoked!
info: ===> TimeStamp : 2026-03-01 23:44:57===> API : /api/auth/login ===> Message : loginUserResponse() completed
info: ===> TimeStamp : 2026-03-02 00:36:01===> API : null ===> Message : validateRequest() invoked
info: ===> TimeStamp : 2026-03-02 00:36:01===> API : null ===> Message : fetchDBSettings()
info: ===> TimeStamp : 2026-03-02 00:36:01===> API : null ===> Message : validateRequest() Invoked!
info: ===> TimeStamp : 2026-03-02 00:36:01===> API : null ===> Message : validRequest() :: Api validated Successfully
info: ===> TimeStamp : 2026-03-02 00:36:01===> API : /api/auth/validateuser ===> Message : validateUser() :: Request Object :: [object Object]
info: ===> TimeStamp : 2026-03-02 00:36:01===> API : /api/auth/validateuser ===> Message : validateUser() invoked!!
info: ===> TimeStamp : 2026-03-02 00:36:01===> API : /api/auth/validateuser ===> Message : validateUserDB() Invoked !
info: ===> TimeStamp : 2026-03-02 00:36:01===> API : /api/auth/validateuser ===> Message : validateUserResponse() invoked!
info: ===> TimeStamp : 2026-03-02 00:36:01===> API : /api/auth/validateuser ===> Message : validateUserResponse() completed
info: ===> TimeStamp : 2026-03-02 00:36:01===> API : null ===> Message : validateRequest() invoked
info: ===> TimeStamp : 2026-03-02 00:36:01===> API : null ===> Message : fetchDBSettings()
info: ===> TimeStamp : 2026-03-02 00:36:01===> API : null ===> Message : validateRequest() Invoked!
info: ===> TimeStamp : 2026-03-02 00:36:01===> API : /api/auth/checkIP ===> Message : checkIP() invoked!!
info: ===> TimeStamp : 2026-03-02 00:36:01===> API : null ===> Message : validRequest() :: Api validated Successfully
info: ===> TimeStamp : 2026-03-02 00:36:01===> API : /api/auth/checkIP ===> Message : IPs match: 103.255.182.117
info: ===> TimeStamp : 2026-03-02 00:36:01===> API : /api/auth/checkIP ===> Message : checkIPResponse() invoked!
info: ===> TimeStamp : 2026-03-02 00:36:01===> API : /api/auth/checkIP ===> Message : checkIPResponse() completed
info: ===> TimeStamp : 2026-03-02 00:36:01===> API : null ===> Message : validateRequest() invoked
info: ===> TimeStamp : 2026-03-02 00:36:01===> API : null ===> Message : fetchDBSettings()
info: ===> TimeStamp : 2026-03-02 00:36:01===> API : null ===> Message : validateRequest() Invoked!
info: ===> TimeStamp : 2026-03-02 00:36:01===> API : null ===> Message : validRequest() :: Api validated Successfully
info: ===> TimeStamp : 2026-03-02 00:36:01===> API : /api/auth/login ===> Message : loginUser() invoked!!
info: ===> TimeStamp : 2026-03-02 00:36:01===> API : /api/auth/login ===> Message : loginUser() :: Request Object :: [object Object]
info: ===> TimeStamp : 2026-03-02 00:36:01===> API : /api/auth/login ===> Message : loginUserDB() Invoked !
info: ===> TimeStamp : 2026-03-02 00:36:01===> API : /api/auth/login ===> Message : loginUserResponse() invoked!
info: ===> TimeStamp : 2026-03-02 00:36:01===> API : /api/auth/login ===> Message : loginUserResponse() completed
info: ===> TimeStamp : 2026-03-02 01:04:10===> API : null ===> Message : validateRequest() invoked
info: ===> TimeStamp : 2026-03-02 01:04:10===> API : null ===> Message : fetchDBSettings()
info: ===> TimeStamp : 2026-03-02 01:04:11===> API : null ===> Message : validateRequest() Invoked!
info: ===> TimeStamp : 2026-03-02 01:04:11===> API : null ===> Message : validRequest() :: Api validated Successfully
info: ===> TimeStamp : 2026-03-02 01:04:11===> API : /api/auth/validateuser ===> Message : validateUser() invoked!!
info: ===> TimeStamp : 2026-03-02 01:04:11===> API : /api/auth/validateuser ===> Message : validateUser() :: Request Object :: [object Object]
info: ===> TimeStamp : 2026-03-02 01:04:11===> API : /api/auth/validateuser ===> Message : validateUserDB() Invoked !
info: ===> TimeStamp : 2026-03-02 01:04:11===> API : /api/auth/validateuser ===> Message : validateUserResponse() invoked!
info: ===> TimeStamp : 2026-03-02 01:04:11===> API : /api/auth/validateuser ===> Message : validateUserResponse() completed
info: ===> TimeStamp : 2026-03-02 01:04:11===> API : null ===> Message : validateRequest() invoked
info: ===> TimeStamp : 2026-03-02 01:04:11===> API : null ===> Message : fetchDBSettings()
info: ===> TimeStamp : 2026-03-02 01:04:11===> API : null ===> Message : validateRequest() Invoked!
info: ===> TimeStamp : 2026-03-02 01:04:11===> API : null ===> Message : validRequest() :: Api validated Successfully
info: ===> TimeStamp : 2026-03-02 01:04:11===> API : /api/auth/login ===> Message : loginUser() invoked!!
info: ===> TimeStamp : 2026-03-02 01:04:11===> API : /api/auth/login ===> Message : loginUser() :: Request Object :: [object Object]
info: ===> TimeStamp : 2026-03-02 01:04:11===> API : /api/auth/login ===> Message : loginUserDB() Invoked !
info: ===> TimeStamp : 2026-03-02 01:04:11===> API : /api/auth/login ===> Message : loginUserResponse() invoked!
info: ===> TimeStamp : 2026-03-02 01:04:11===> API : /api/auth/login ===> Message : loginUserResponse() completed
info: ===> TimeStamp : 2026-03-02 01:05:22===> API : null ===> Message : validateRequest() invoked
info: ===> TimeStamp : 2026-03-02 01:05:22===> API : null ===> Message : fetchDBSettings()
info: ===> TimeStamp : 2026-03-02 01:05:22===> API : null ===> Message : validateRequest() Invoked!
info: ===> TimeStamp : 2026-03-02 01:05:22===> API : null ===> Message : validRequest() :: Api validated Successfully
info: ===> TimeStamp : 2026-03-02 01:05:22===> API : /api/auth/validateuser ===> Message : validateUser() invoked!!
info: ===> TimeStamp : 2026-03-02 01:05:22===> API : /api/auth/validateuser ===> Message : validateUser() :: Request Object :: [object Object]
info: ===> TimeStamp : 2026-03-02 01:05:22===> API : /api/auth/validateuser ===> Message : validateUserDB() Invoked !
info: ===> TimeStamp : 2026-03-02 01:05:22===> API : /api/auth/validateuser ===> Message : validateUserResponse() invoked!
info: ===> TimeStamp : 2026-03-02 01:05:22===> API : /api/auth/validateuser ===> Message : validateUserResponse() completed
info: ===> TimeStamp : 2026-03-02 01:05:22===> API : null ===> Message : validateRequest() invoked
info: ===> TimeStamp : 2026-03-02 01:05:22===> API : null ===> Message : fetchDBSettings()
info: ===> TimeStamp : 2026-03-02 01:05:22===> API : null ===> Message : validateRequest() Invoked!
info: ===> TimeStamp : 2026-03-02 01:05:23===> API : null ===> Message : validRequest() :: Api validated Successfully
info: ===> TimeStamp : 2026-03-02 01:05:23===> API : /api/auth/login ===> Message : loginUser() invoked!!
info: ===> TimeStamp : 2026-03-02 01:05:23===> API : /api/auth/login ===> Message : loginUser() :: Request Object :: [object Object]
info: ===> TimeStamp : 2026-03-02 01:05:23===> API : /api/auth/login ===> Message : loginUserDB() Invoked !
info: ===> TimeStamp : 2026-03-02 01:05:23===> API : /api/auth/login ===> Message : loginUserResponse() invoked!
info: ===> TimeStamp : 2026-03-02 01:05:23===> API : /api/auth/login ===> Message : loginUserResponse() completed
info: ===> TimeStamp : 2026-03-02 02:47:43===> API : null ===> Message : validateRequest() invoked
info: ===> TimeStamp : 2026-03-02 02:47:43===> API : null ===> Message : fetchDBSettings()
info: ===> TimeStamp : 2026-03-02 02:47:43===> API : null ===> Message : validateRequest() Invoked!
info: ===> TimeStamp : 2026-03-02 02:47:43===> API : null ===> Message : validRequest() :: Api validated Successfully
info: ===> TimeStamp : 2026-03-02 02:47:43===> API : /api/auth/logout ===> Message : logoutUser() invoked!!
info: ===> TimeStamp : 2026-03-02 02:47:43===> API : /api/auth/logout ===> Message : logoutUser() :: Request Object :: [object Object]
info: ===> TimeStamp : 2026-03-02 02:47:43===> API : /api/auth/logout ===> Message : logoutUserDB() Invoked !
info: ===> TimeStamp : 2026-03-02 02:47:43===> API : /api/auth/logout ===> Message : logoutUserResponse() invoked!
info: ===> TimeStamp : 2026-03-02 02:47:43===> API : /api/auth/logout ===> Message : logoutUserResponse() completed
info: ===> TimeStamp : 2026-03-02 03:14:54===> API : null ===> Message : validateRequest() invoked
info: ===> TimeStamp : 2026-03-02 03:14:54===> API : null ===> Message : fetchDBSettings()
info: ===> TimeStamp : 2026-03-02 03:14:54===> API : null ===> Message : validateRequest() Invoked!
info: ===> TimeStamp : 2026-03-02 03:14:54===> API : null ===> Message : validRequest() :: Api validated Successfully
info: ===> TimeStamp : 2026-03-02 03:14:54===> API : /api/auth/validateuser ===> Message : validateUser() invoked!!
info: ===> TimeStamp : 2026-03-02 03:14:54===> API : /api/auth/validateuser ===> Message : validateUser() :: Request Object :: [object Object]
info: ===> TimeStamp : 2026-03-02 03:14:54===> API : /api/auth/validateuser ===> Message : validateUserDB() Invoked !
info: ===> TimeStamp : 2026-03-02 03:14:54===> API : /api/auth/validateuser ===> Message : validateUserResponse() invoked!
info: ===> TimeStamp : 2026-03-02 03:14:54===> API : /api/auth/validateuser ===> Message : validateUserResponse() completed
info: ===> TimeStamp : 2026-03-02 03:14:55===> API : null ===> Message : validateRequest() invoked
info: ===> TimeStamp : 2026-03-02 03:14:55===> API : null ===> Message : fetchDBSettings()
info: ===> TimeStamp : 2026-03-02 03:14:55===> API : null ===> Message : validateRequest() Invoked!
info: ===> TimeStamp : 2026-03-02 03:14:55===> API : null ===> Message : validRequest() :: Api validated Successfully
info: ===> TimeStamp : 2026-03-02 03:14:55===> API : /api/auth/checkIP ===> Message : checkIP() invoked!!
info: ===> TimeStamp : 2026-03-02 03:14:55===> API : /api/auth/checkIP ===> Message : IPs match: 103.255.182.117
info: ===> TimeStamp : 2026-03-02 03:14:55===> API : /api/auth/checkIP ===> Message : checkIPResponse() invoked!
info: ===> TimeStamp : 2026-03-02 03:14:55===> API : /api/auth/checkIP ===> Message : checkIPResponse() completed
info: ===> TimeStamp : 2026-03-02 03:14:55===> API : null ===> Message : validateRequest() invoked
info: ===> TimeStamp : 2026-03-02 03:14:55===> API : null ===> Message : fetchDBSettings()
info: ===> TimeStamp : 2026-03-02 03:14:55===> API : null ===> Message : validateRequest() Invoked!
info: ===> TimeStamp : 2026-03-02 03:14:55===> API : null ===> Message : validRequest() :: Api validated Successfully
info: ===> TimeStamp : 2026-03-02 03:14:55===> API : /api/auth/login ===> Message : loginUser() invoked!!
info: ===> TimeStamp : 2026-03-02 03:14:55===> API : /api/auth/login ===> Message : loginUser() :: Request Object :: [object Object]
info: ===> TimeStamp : 2026-03-02 03:14:55===> API : /api/auth/login ===> Message : loginUserDB() Invoked !
info: ===> TimeStamp : 2026-03-02 03:14:55===> API : /api/auth/login ===> Message : loginUserResponse() invoked!
info: ===> TimeStamp : 2026-03-02 03:14:55===> API : /api/auth/login ===> Message : loginUserResponse() completed
info: ===> TimeStamp : 2026-03-02 03:25:22===> API : null ===> Message : validateRequest() invoked
info: ===> TimeStamp : 2026-03-02 03:25:22===> API : null ===> Message : fetchDBSettings()
info: ===> TimeStamp : 2026-03-02 03:25:22===> API : null ===> Message : validateRequest() Invoked!
info: ===> TimeStamp : 2026-03-02 03:25:22===> API : null ===> Message : validRequest() :: Api validated Successfully
info: ===> TimeStamp : 2026-03-02 03:25:22===> API : /api/auth/validateuser ===> Message : validateUser() invoked!!
info: ===> TimeStamp : 2026-03-02 03:25:22===> API : /api/auth/validateuser ===> Message : validateUser() :: Request Object :: [object Object]
info: ===> TimeStamp : 2026-03-02 03:25:22===> API : /api/auth/validateuser ===> Message : validateUserDB() Invoked !
info: ===> TimeStamp : 2026-03-02 03:25:22===> API : /api/auth/validateuser ===> Message : validateUserResponse() invoked!
info: ===> TimeStamp : 2026-03-02 03:25:22===> API : /api/auth/validateuser ===> Message : validateUserResponse() completed
info: ===> TimeStamp : 2026-03-02 03:25:22===> API : null ===> Message : validateRequest() invoked
info: ===> TimeStamp : 2026-03-02 03:25:22===> API : null ===> Message : fetchDBSettings()
info: ===> TimeStamp : 2026-03-02 03:25:22===> API : null ===> Message : validateRequest() Invoked!
info: ===> TimeStamp : 2026-03-02 03:25:22===> API : null ===> Message : validRequest() :: Api validated Successfully
info: ===> TimeStamp : 2026-03-02 03:25:22===> API : /api/auth/checkIP ===> Message : checkIP() invoked!!
info: ===> TimeStamp : 2026-03-02 03:25:22===> API : /api/auth/checkIP ===> Message : IPs match: 103.255.182.117
info: ===> TimeStamp : 2026-03-02 03:25:22===> API : /api/auth/checkIP ===> Message : checkIPResponse() invoked!
info: ===> TimeStamp : 2026-03-02 03:25:22===> API : /api/auth/checkIP ===> Message : checkIPResponse() completed
info: ===> TimeStamp : 2026-03-02 03:25:22===> API : null ===> Message : validateRequest() invoked
info: ===> TimeStamp : 2026-03-02 03:25:22===> API : null ===> Message : fetchDBSettings()
info: ===> TimeStamp : 2026-03-02 03:25:22===> API : null ===> Message : validateRequest() Invoked!
info: ===> TimeStamp : 2026-03-02 03:25:22===> API : null ===> Message : validRequest() :: Api validated Successfully
info: ===> TimeStamp : 2026-03-02 03:25:22===> API : /api/auth/login ===> Message : loginUser() invoked!!
info: ===> TimeStamp : 2026-03-02 03:25:22===> API : /api/auth/login ===> Message : loginUser() :: Request Object :: [object Object]
info: ===> TimeStamp : 2026-03-02 03:25:22===> API : /api/auth/login ===> Message : loginUserDB() Invoked !
info: ===> TimeStamp : 2026-03-02 03:25:22===> API : /api/auth/login ===> Message : loginUserResponse() invoked!
info: ===> TimeStamp : 2026-03-02 03:25:22===> API : /api/auth/login ===> Message : loginUserResponse() completed
