info: ===> TimeStamp : 2026-04-27 06:48:32===> API : null ===> Message : validateRequest() invoked
info: ===> TimeStamp : 2026-04-27 06:48:32===> API : null ===> Message : fetchDBSettings()
info: ===> TimeStamp : 2026-04-27 06:48:33===> API : null ===> Message : validateRequest() Invoked!
info: ===> TimeStamp : 2026-04-27 06:48:33===> API : null ===> Message : validRequest() :: Api validated Successfully
info: ===> TimeStamp : 2026-04-27 06:48:33===> API : /api/auth/validateuser ===> Message : validateUser() :: Request Object :: [object Object]
info: ===> TimeStamp : 2026-04-27 06:48:33===> API : /api/auth/validateuser ===> Message : validateUser() invoked!!
info: ===> TimeStamp : 2026-04-27 06:48:33===> API : /api/auth/validateuser ===> Message : validateUserDB() Invoked !
info: ===> TimeStamp : 2026-04-27 06:48:33===> API : /api/auth/validateuser ===> Message : validateUserResponse() invoked!
info: ===> TimeStamp : 2026-04-27 06:48:33===> API : /api/auth/validateuser ===> Message : validateUserResponse() completed
info: ===> TimeStamp : 2026-04-27 06:48:33===> API : null ===> Message : validateRequest() invoked
info: ===> TimeStamp : 2026-04-27 06:48:33===> API : null ===> Message : fetchDBSettings()
info: ===> TimeStamp : 2026-04-27 06:48:33===> API : null ===> Message : validateRequest() Invoked!
info: ===> TimeStamp : 2026-04-27 06:48:33===> API : null ===> Message : validRequest() :: Api validated Successfully
info: ===> TimeStamp : 2026-04-27 06:48:33===> API : /api/auth/checkIP ===> Message : checkIP() invoked!!
info: ===> TimeStamp : 2026-04-27 06:48:33===> API : /api/auth/checkIP ===> Message : IPs match: 103.255.182.117
info: ===> TimeStamp : 2026-04-27 06:48:33===> API : /api/auth/checkIP ===> Message : checkIPResponse() invoked!
info: ===> TimeStamp : 2026-04-27 06:48:33===> API : /api/auth/checkIP ===> Message : checkIPResponse() completed
info: ===> TimeStamp : 2026-04-27 06:48:33===> API : null ===> Message : validateRequest() invoked
info: ===> TimeStamp : 2026-04-27 06:48:33===> API : null ===> Message : fetchDBSettings()
info: ===> TimeStamp : 2026-04-27 06:48:33===> API : null ===> Message : validateRequest() Invoked!
info: ===> TimeStamp : 2026-04-27 06:48:33===> API : null ===> Message : validRequest() :: Api validated Successfully
info: ===> TimeStamp : 2026-04-27 06:48:33===> API : /api/auth/login ===> Message : loginUser() invoked!!
info: ===> TimeStamp : 2026-04-27 06:48:33===> API : /api/auth/login ===> Message : loginUser() :: Request Object :: [object Object]
info: ===> TimeStamp : 2026-04-27 06:48:33===> API : /api/auth/login ===> Message : loginUserDB() Invoked !
info: ===> TimeStamp : 2026-04-27 06:48:33===> API : /api/auth/login ===> Message : loginUserResponse() invoked!
info: ===> TimeStamp : 2026-04-27 06:48:33===> API : /api/auth/login ===> Message : loginUserResponse() completed
info: ===> TimeStamp : 2026-04-27 06:52:49===> API : null ===> Message : validateRequest() invoked
info: ===> TimeStamp : 2026-04-27 06:52:49===> API : null ===> Message : validateRequest() Error:: Invalid Request :: 
      {"apiUri":"/"}
info: ===> TimeStamp : 2026-04-27 06:52:52===> API : null ===> Message : validateRequest() invoked
info: ===> TimeStamp : 2026-04-27 06:52:52===> API : null ===> Message : validateRequest() Error:: Invalid Request :: 
      {"apiUri":"/favicon.ico"}
info: ===> TimeStamp : 2026-04-27 06:53:19===> API : null ===> Message : validateRequest() invoked
info: ===> TimeStamp : 2026-04-27 06:53:19===> API : null ===> Message : fetchDBSettings()
info: ===> TimeStamp : 2026-04-27 06:53:19===> API : null ===> Message : validateRequest() Invoked!
info: ===> TimeStamp : 2026-04-27 06:53:19===> API : null ===> Message : validRequest() :: Api validated Successfully
info: ===> TimeStamp : 2026-04-27 06:53:19===> API : /api/auth/logout ===> Message : logoutUser() invoked!!
info: ===> TimeStamp : 2026-04-27 06:53:19===> API : /api/auth/logout ===> Message : logoutUser() :: Request Object :: [object Object]
info: ===> TimeStamp : 2026-04-27 06:53:19===> API : /api/auth/logout ===> Message : logoutUserDB() Invoked !
info: ===> TimeStamp : 2026-04-27 06:53:20===> API : /api/auth/logout ===> Message : logoutUserResponse() invoked!
info: ===> TimeStamp : 2026-04-27 06:53:20===> API : /api/auth/logout ===> Message : logoutUserResponse() completed
info: ===> TimeStamp : 2026-04-27 06:53:24===> API : null ===> Message : validateRequest() invoked
info: ===> TimeStamp : 2026-04-27 06:53:24===> API : null ===> Message : fetchDBSettings()
info: ===> TimeStamp : 2026-04-27 06:53:24===> API : null ===> Message : validateRequest() Invoked!
info: ===> TimeStamp : 2026-04-27 06:53:24===> API : null ===> Message : validRequest() :: Api validated Successfully
info: ===> TimeStamp : 2026-04-27 06:53:24===> API : /api/auth/logout ===> Message : logoutUser() :: Request Object :: [object Object]
info: ===> TimeStamp : 2026-04-27 06:53:24===> API : /api/auth/logout ===> Message : logoutUser() invoked!!
info: ===> TimeStamp : 2026-04-27 06:53:24===> API : /api/auth/logout ===> Message : logoutUserDB() Invoked !
info: ===> TimeStamp : 2026-04-27 06:53:24===> API : /api/auth/logout ===> Message : logoutUserResponse() invoked!
info: ===> TimeStamp : 2026-04-27 06:53:24===> API : /api/auth/logout ===> Message : logoutUserResponse() completed
info: ===> TimeStamp : 2026-04-27 07:04:28===> API : null ===> Message : validateRequest() invoked
info: ===> TimeStamp : 2026-04-27 07:04:28===> API : null ===> Message : fetchDBSettings()
info: ===> TimeStamp : 2026-04-27 07:04:28===> API : null ===> Message : validateRequest() Invoked!
info: ===> TimeStamp : 2026-04-27 07:04:28===> API : null ===> Message : validRequest() :: Api validated Successfully
info: ===> TimeStamp : 2026-04-27 07:04:28===> API : /api/auth/validateuser ===> Message : validateUser() :: Request Object :: [object Object]
info: ===> TimeStamp : 2026-04-27 07:04:28===> API : /api/auth/validateuser ===> Message : validateUserDB() Invoked !
info: ===> TimeStamp : 2026-04-27 07:04:28===> API : /api/auth/validateuser ===> Message : validateUser() invoked!!
info: ===> TimeStamp : 2026-04-27 07:04:28===> API : /api/auth/validateuser ===> Message : validateUserResponse() invoked!
info: ===> TimeStamp : 2026-04-27 07:04:28===> API : /api/auth/validateuser ===> Message : validateUserResponse() completed
info: ===> TimeStamp : 2026-04-27 07:04:28===> API : null ===> Message : validateRequest() invoked
info: ===> TimeStamp : 2026-04-27 07:04:28===> API : null ===> Message : fetchDBSettings()
info: ===> TimeStamp : 2026-04-27 07:04:28===> API : null ===> Message : validateRequest() Invoked!
info: ===> TimeStamp : 2026-04-27 07:04:28===> API : null ===> Message : validRequest() :: Api validated Successfully
info: ===> TimeStamp : 2026-04-27 07:04:28===> API : /api/auth/checkIP ===> Message : checkIP() invoked!!
info: ===> TimeStamp : 2026-04-27 07:04:28===> API : /api/auth/checkIP ===> Message : IPs match: 103.255.182.117
info: ===> TimeStamp : 2026-04-27 07:04:28===> API : /api/auth/checkIP ===> Message : checkIPResponse() invoked!
info: ===> TimeStamp : 2026-04-27 07:04:28===> API : /api/auth/checkIP ===> Message : checkIPResponse() completed
info: ===> TimeStamp : 2026-04-27 07:04:28===> API : null ===> Message : validateRequest() invoked
info: ===> TimeStamp : 2026-04-27 07:04:28===> API : null ===> Message : fetchDBSettings()
info: ===> TimeStamp : 2026-04-27 07:04:28===> API : null ===> Message : validateRequest() Invoked!
info: ===> TimeStamp : 2026-04-27 07:04:28===> API : null ===> Message : validRequest() :: Api validated Successfully
info: ===> TimeStamp : 2026-04-27 07:04:28===> API : /api/auth/login ===> Message : loginUser() invoked!!
info: ===> TimeStamp : 2026-04-27 07:04:28===> API : /api/auth/login ===> Message : loginUser() :: Request Object :: [object Object]
info: ===> TimeStamp : 2026-04-27 07:04:28===> API : /api/auth/login ===> Message : loginUserDB() Invoked !
info: ===> TimeStamp : 2026-04-27 07:04:28===> API : /api/auth/login ===> Message : loginUserResponse() invoked!
info: ===> TimeStamp : 2026-04-27 07:04:28===> API : /api/auth/login ===> Message : loginUserResponse() completed
info: ===> TimeStamp : 2026-04-27 07:07:01===> API : null ===> Message : validateRequest() invoked
info: ===> TimeStamp : 2026-04-27 07:07:01===> API : null ===> Message : validateRequest() Error:: Invalid Request :: 
      {"apiUri":"/wp-json/gravitysmtp/v1/tests/mock-data"}
info: ===> TimeStamp : 2026-04-27 07:07:01===> API : null ===> Message : validateRequest() invoked
info: ===> TimeStamp : 2026-04-27 07:07:01===> API : null ===> Message : validateRequest() Error:: Invalid Request :: 
      {"apiUri":"/"}
info: ===> TimeStamp : 2026-04-27 09:28:50===> API : null ===> Message : validateRequest() invoked
info: ===> TimeStamp : 2026-04-27 09:28:50===> API : null ===> Message : fetchDBSettings()
info: ===> TimeStamp : 2026-04-27 09:28:50===> API : null ===> Message : validateRequest() Invoked!
info: ===> TimeStamp : 2026-04-27 09:28:50===> API : null ===> Message : validRequest() :: Api validated Successfully
info: ===> TimeStamp : 2026-04-27 09:28:50===> API : /api/auth/validateuser ===> Message : validateUser() invoked!!
info: ===> TimeStamp : 2026-04-27 09:28:50===> API : /api/auth/validateuser ===> Message : validateUser() :: Request Object :: [object Object]
info: ===> TimeStamp : 2026-04-27 09:28:50===> API : /api/auth/validateuser ===> Message : validateUserDB() Invoked !
info: ===> TimeStamp : 2026-04-27 09:28:50===> API : /api/auth/validateuser ===> Message : validateUserResponse() invoked!
info: ===> TimeStamp : 2026-04-27 09:28:50===> API : /api/auth/validateuser ===> Message : validateUserResponse() completed
info: ===> TimeStamp : 2026-04-27 09:28:50===> API : null ===> Message : validateRequest() invoked
info: ===> TimeStamp : 2026-04-27 09:28:50===> API : null ===> Message : fetchDBSettings()
info: ===> TimeStamp : 2026-04-27 09:28:50===> API : null ===> Message : validateRequest() Invoked!
info: ===> TimeStamp : 2026-04-27 09:28:50===> API : null ===> Message : validRequest() :: Api validated Successfully
info: ===> TimeStamp : 2026-04-27 09:28:50===> API : /api/auth/checkIP ===> Message : checkIP() invoked!!
info: ===> TimeStamp : 2026-04-27 09:28:50===> API : /api/auth/checkIP ===> Message : IPs match: 103.255.182.117
info: ===> TimeStamp : 2026-04-27 09:28:50===> API : /api/auth/checkIP ===> Message : checkIPResponse() invoked!
info: ===> TimeStamp : 2026-04-27 09:28:50===> API : /api/auth/checkIP ===> Message : checkIPResponse() completed
info: ===> TimeStamp : 2026-04-27 09:28:50===> API : null ===> Message : validateRequest() invoked
info: ===> TimeStamp : 2026-04-27 09:28:50===> API : null ===> Message : fetchDBSettings()
info: ===> TimeStamp : 2026-04-27 09:28:50===> API : null ===> Message : validateRequest() Invoked!
info: ===> TimeStamp : 2026-04-27 09:28:50===> API : null ===> Message : validRequest() :: Api validated Successfully
info: ===> TimeStamp : 2026-04-27 09:28:50===> API : /api/auth/login ===> Message : loginUser() invoked!!
info: ===> TimeStamp : 2026-04-27 09:28:50===> API : /api/auth/login ===> Message : loginUser() :: Request Object :: [object Object]
info: ===> TimeStamp : 2026-04-27 09:28:50===> API : /api/auth/login ===> Message : loginUserDB() Invoked !
info: ===> TimeStamp : 2026-04-27 09:28:50===> API : /api/auth/login ===> Message : loginUserResponse() invoked!
info: ===> TimeStamp : 2026-04-27 09:28:50===> API : /api/auth/login ===> Message : loginUserResponse() completed
info: ===> TimeStamp : 2026-04-27 10:16:37===> API : null ===> Message : validateRequest() invoked
info: ===> TimeStamp : 2026-04-27 10:16:37===> API : null ===> Message : validateRequest() Error:: Invalid Request :: 
      {"apiUri":"/"}
info: ===> TimeStamp : 2026-04-27 13:25:38===> API : null ===> Message : validateRequest() invoked
info: ===> TimeStamp : 2026-04-27 13:25:38===> API : null ===> Message : fetchDBSettings()
info: ===> TimeStamp : 2026-04-27 13:25:38===> API : null ===> Message : validateRequest() Invoked!
info: ===> TimeStamp : 2026-04-27 13:25:38===> API : null ===> Message : validRequest() :: Api validated Successfully
info: ===> TimeStamp : 2026-04-27 13:25:38===> API : /api/auth/validateuser ===> Message : validateUser() invoked!!
info: ===> TimeStamp : 2026-04-27 13:25:38===> API : /api/auth/validateuser ===> Message : validateUser() :: Request Object :: [object Object]
info: ===> TimeStamp : 2026-04-27 13:25:38===> API : /api/auth/validateuser ===> Message : validateUserDB() Invoked !
info: ===> TimeStamp : 2026-04-27 13:25:38===> API : /api/auth/validateuser ===> Message : validateUserResponse() invoked!
info: ===> TimeStamp : 2026-04-27 13:25:38===> API : /api/auth/validateuser ===> Message : validateUserResponse() completed
info: ===> TimeStamp : 2026-04-27 13:25:38===> API : null ===> Message : validateRequest() invoked
info: ===> TimeStamp : 2026-04-27 13:25:38===> API : null ===> Message : fetchDBSettings()
info: ===> TimeStamp : 2026-04-27 13:25:38===> API : null ===> Message : validateRequest() Invoked!
info: ===> TimeStamp : 2026-04-27 13:25:38===> API : null ===> Message : validRequest() :: Api validated Successfully
info: ===> TimeStamp : 2026-04-27 13:25:38===> API : /api/auth/login ===> Message : loginUser() invoked!!
info: ===> TimeStamp : 2026-04-27 13:25:38===> API : /api/auth/login ===> Message : loginUser() :: Request Object :: [object Object]
info: ===> TimeStamp : 2026-04-27 13:25:38===> API : /api/auth/login ===> Message : loginUserDB() Invoked !
info: ===> TimeStamp : 2026-04-27 13:25:38===> API : /api/auth/login ===> Message : loginUserResponse() invoked!
info: ===> TimeStamp : 2026-04-27 13:25:38===> API : /api/auth/login ===> Message : loginUserResponse() completed
info: ===> TimeStamp : 2026-04-27 13:45:12===> API : null ===> Message : validateRequest() invoked
info: ===> TimeStamp : 2026-04-27 13:45:12===> API : null ===> Message : fetchDBSettings()
info: ===> TimeStamp : 2026-04-27 13:45:12===> API : null ===> Message : validateRequest() Invoked!
info: ===> TimeStamp : 2026-04-27 13:45:12===> API : null ===> Message : validRequest() :: Api validated Successfully
info: ===> TimeStamp : 2026-04-27 13:45:12===> API : /api/auth/validateuser ===> Message : validateUser() invoked!!
info: ===> TimeStamp : 2026-04-27 13:45:12===> API : /api/auth/validateuser ===> Message : validateUser() :: Request Object :: [object Object]
info: ===> TimeStamp : 2026-04-27 13:45:12===> API : /api/auth/validateuser ===> Message : validateUserDB() Invoked !
info: ===> TimeStamp : 2026-04-27 13:45:12===> API : /api/auth/validateuser ===> Message : validateUserResponse() invoked!
info: ===> TimeStamp : 2026-04-27 13:45:12===> API : /api/auth/validateuser ===> Message : validateUserResponse() completed
info: ===> TimeStamp : 2026-04-27 13:45:12===> API : null ===> Message : validateRequest() invoked
info: ===> TimeStamp : 2026-04-27 13:45:12===> API : null ===> Message : fetchDBSettings()
info: ===> TimeStamp : 2026-04-27 13:45:12===> API : null ===> Message : validateRequest() Invoked!
info: ===> TimeStamp : 2026-04-27 13:45:12===> API : null ===> Message : validRequest() :: Api validated Successfully
info: ===> TimeStamp : 2026-04-27 13:45:12===> API : /api/auth/login ===> Message : loginUser() invoked!!
info: ===> TimeStamp : 2026-04-27 13:45:12===> API : /api/auth/login ===> Message : loginUser() :: Request Object :: [object Object]
info: ===> TimeStamp : 2026-04-27 13:45:12===> API : /api/auth/login ===> Message : loginUserDB() Invoked !
info: ===> TimeStamp : 2026-04-27 13:45:12===> API : /api/auth/login ===> Message : loginUserResponse() invoked!
info: ===> TimeStamp : 2026-04-27 13:45:12===> API : /api/auth/login ===> Message : loginUserResponse() completed
info: ===> TimeStamp : 2026-04-27 14:09:13===> API : null ===> Message : validateRequest() invoked
info: ===> TimeStamp : 2026-04-27 14:09:13===> API : null ===> Message : validateRequest() Error:: Invalid Request :: 
      {"apiUri":"/"}
info: ===> TimeStamp : 2026-04-27 14:09:15===> API : null ===> Message : validateRequest() invoked
info: ===> TimeStamp : 2026-04-27 14:09:15===> API : null ===> Message : validateRequest() Error:: Invalid Request :: 
      {"apiUri":"/favicon.ico"}
info: ===> TimeStamp : 2026-04-27 14:09:20===> API : null ===> Message : validateRequest() invoked
info: ===> TimeStamp : 2026-04-27 14:09:20===> API : null ===> Message : validateRequest() Error:: Invalid Request :: 
      {"apiUri":"/login"}
info: ===> TimeStamp : 2026-04-27 14:09:20===> API : null ===> Message : validateRequest() invoked
info: ===> TimeStamp : 2026-04-27 14:09:20===> API : null ===> Message : validateRequest() Error:: Invalid Request :: 
      {"apiUri":"/favicon.ico"}
info: ===> TimeStamp : 2026-04-27 14:09:21===> API : null ===> Message : validateRequest() invoked
info: ===> TimeStamp : 2026-04-27 14:09:21===> API : null ===> Message : validateRequest() Error:: Invalid Request :: 
      {"apiUri":"/yrhugx4sh7x8i4hlf"}
info: ===> TimeStamp : 2026-04-27 14:09:22===> API : null ===> Message : validateRequest() invoked
info: ===> TimeStamp : 2026-04-27 14:09:22===> API : null ===> Message : validateRequest() Error:: Invalid Request :: 
      {"apiUri":"/favicon.ico"}
info: ===> TimeStamp : 2026-04-27 14:52:30===> API : null ===> Message : validateRequest() invoked
info: ===> TimeStamp : 2026-04-27 14:52:30===> API : null ===> Message : fetchDBSettings()
info: ===> TimeStamp : 2026-04-27 14:52:30===> API : null ===> Message : validateRequest() invoked
info: ===> TimeStamp : 2026-04-27 14:52:30===> API : null ===> Message : fetchDBSettings()
info: ===> TimeStamp : 2026-04-27 14:52:30===> API : null ===> Message : validateRequest() Invoked!
info: ===> TimeStamp : 2026-04-27 14:52:30===> API : null ===> Message : validateRequest() Invoked!
info: ===> TimeStamp : 2026-04-27 14:52:30===> API : null ===> Message : validRequest() :: Api validated Successfully
info: ===> TimeStamp : 2026-04-27 14:52:30===> API : /api/auth/logout ===> Message : logoutUser() invoked!!
info: ===> TimeStamp : 2026-04-27 14:52:30===> API : /api/auth/logout ===> Message : logoutUser() :: Request Object :: [object Object]
info: ===> TimeStamp : 2026-04-27 14:52:30===> API : /api/auth/logout ===> Message : logoutUserDB() Invoked !
info: ===> TimeStamp : 2026-04-27 14:52:30===> API : null ===> Message : validRequest() :: Api validated Successfully
info: ===> TimeStamp : 2026-04-27 14:52:30===> API : /api/auth/logout ===> Message : logoutUser() invoked!!
info: ===> TimeStamp : 2026-04-27 14:52:30===> API : /api/auth/logout ===> Message : logoutUser() :: Request Object :: [object Object]
info: ===> TimeStamp : 2026-04-27 14:52:30===> API : /api/auth/logout ===> Message : logoutUserDB() Invoked !
info: ===> TimeStamp : 2026-04-27 14:52:30===> API : /api/auth/logout ===> Message : logoutUserResponse() invoked!
info: ===> TimeStamp : 2026-04-27 14:52:30===> API : /api/auth/logout ===> Message : logoutUserResponse() completed
info: ===> TimeStamp : 2026-04-27 14:52:30===> API : /api/auth/logout ===> Message : logoutUserResponse() invoked!
info: ===> TimeStamp : 2026-04-27 14:52:30===> API : /api/auth/logout ===> Message : logoutUserResponse() completed
info: ===> TimeStamp : 2026-04-27 14:52:47===> API : null ===> Message : validateRequest() invoked
info: ===> TimeStamp : 2026-04-27 14:52:47===> API : null ===> Message : fetchDBSettings()
info: ===> TimeStamp : 2026-04-27 14:52:47===> API : null ===> Message : validateRequest() Invoked!
info: ===> TimeStamp : 2026-04-27 14:52:47===> API : null ===> Message : validRequest() :: Api validated Successfully
info: ===> TimeStamp : 2026-04-27 14:52:47===> API : /api/auth/validateuser ===> Message : validateUser() invoked!!
info: ===> TimeStamp : 2026-04-27 14:52:47===> API : /api/auth/validateuser ===> Message : validateUser() :: Request Object :: [object Object]
info: ===> TimeStamp : 2026-04-27 14:52:47===> API : /api/auth/validateuser ===> Message : validateUserDB() Invoked !
info: ===> TimeStamp : 2026-04-27 14:52:47===> API : /api/auth/validateuser ===> Message : validateUserDB() :: Error :: {"code":"ER_SIGNAL_EXCEPTION","errno":1644,"sqlState":"10005","sqlMessage":"User Does Not Exist","sql":"CALL usp_validate_user('Jayanta', ' Jayanta@123')"}
info: ===> TimeStamp : 2026-04-27 14:52:47===> API : /api/auth/validateuser ===> Message : validateUserDBResult :: Error :: {"ErrorCode":10005,"ErrorMessage":"User Does Not Exist"}
info: ===> TimeStamp : 2026-04-27 14:52:47===> API : /api/auth/validateuser ===> Message : validateUserResponse() invoked!
info: ===> TimeStamp : 2026-04-27 14:52:47===> API : /api/auth/validateuser ===> Message : validateUserResponse() completed
info: ===> TimeStamp : 2026-04-27 14:53:00===> API : null ===> Message : validateRequest() invoked
info: ===> TimeStamp : 2026-04-27 14:53:00===> API : null ===> Message : fetchDBSettings()
info: ===> TimeStamp : 2026-04-27 14:53:00===> API : null ===> Message : validateRequest() Invoked!
info: ===> TimeStamp : 2026-04-27 14:53:00===> API : null ===> Message : validRequest() :: Api validated Successfully
info: ===> TimeStamp : 2026-04-27 14:53:00===> API : /api/auth/validateuser ===> Message : validateUser() invoked!!
info: ===> TimeStamp : 2026-04-27 14:53:00===> API : /api/auth/validateuser ===> Message : validateUser() :: Request Object :: [object Object]
info: ===> TimeStamp : 2026-04-27 14:53:00===> API : /api/auth/validateuser ===> Message : validateUserDB() Invoked !
info: ===> TimeStamp : 2026-04-27 14:53:00===> API : /api/auth/validateuser ===> Message : validateUserResponse() invoked!
info: ===> TimeStamp : 2026-04-27 14:53:00===> API : /api/auth/validateuser ===> Message : validateUserResponse() completed
info: ===> TimeStamp : 2026-04-27 14:53:00===> API : null ===> Message : validateRequest() invoked
info: ===> TimeStamp : 2026-04-27 14:53:00===> API : null ===> Message : fetchDBSettings()
info: ===> TimeStamp : 2026-04-27 14:53:00===> API : null ===> Message : validateRequest() Invoked!
info: ===> TimeStamp : 2026-04-27 14:53:00===> API : null ===> Message : validRequest() :: Api validated Successfully
info: ===> TimeStamp : 2026-04-27 14:53:00===> API : /api/auth/checkIP ===> Message : checkIP() invoked!!
info: ===> TimeStamp : 2026-04-27 14:53:00===> API : /api/auth/checkIP ===> Message : IPs match: 103.255.182.117
info: ===> TimeStamp : 2026-04-27 14:53:00===> API : /api/auth/checkIP ===> Message : checkIPResponse() invoked!
info: ===> TimeStamp : 2026-04-27 14:53:00===> API : /api/auth/checkIP ===> Message : checkIPResponse() completed
info: ===> TimeStamp : 2026-04-27 14:53:00===> API : null ===> Message : validateRequest() invoked
info: ===> TimeStamp : 2026-04-27 14:53:00===> API : null ===> Message : fetchDBSettings()
info: ===> TimeStamp : 2026-04-27 14:53:00===> API : null ===> Message : validateRequest() Invoked!
info: ===> TimeStamp : 2026-04-27 14:53:00===> API : null ===> Message : validRequest() :: Api validated Successfully
info: ===> TimeStamp : 2026-04-27 14:53:00===> API : /api/auth/login ===> Message : loginUser() invoked!!
info: ===> TimeStamp : 2026-04-27 14:53:00===> API : /api/auth/login ===> Message : loginUser() :: Request Object :: [object Object]
info: ===> TimeStamp : 2026-04-27 14:53:00===> API : /api/auth/login ===> Message : loginUserDB() Invoked !
info: ===> TimeStamp : 2026-04-27 14:53:00===> API : /api/auth/login ===> Message : loginUserResponse() invoked!
info: ===> TimeStamp : 2026-04-27 14:53:00===> API : /api/auth/login ===> Message : loginUserResponse() completed
info: ===> TimeStamp : 2026-04-27 14:53:11===> API : null ===> Message : validateRequest() invoked
info: ===> TimeStamp : 2026-04-27 14:53:11===> API : null ===> Message : fetchDBSettings()
info: ===> TimeStamp : 2026-04-27 14:53:11===> API : null ===> Message : validateRequest() Invoked!
info: ===> TimeStamp : 2026-04-27 14:53:11===> API : null ===> Message : validRequest() :: Api validated Successfully
info: ===> TimeStamp : 2026-04-27 14:53:11===> API : /api/auth/logout ===> Message : logoutUser() invoked!!
info: ===> TimeStamp : 2026-04-27 14:53:11===> API : /api/auth/logout ===> Message : logoutUser() :: Request Object :: [object Object]
info: ===> TimeStamp : 2026-04-27 14:53:11===> API : /api/auth/logout ===> Message : logoutUserDB() Invoked !
info: ===> TimeStamp : 2026-04-27 14:53:11===> API : /api/auth/logout ===> Message : logoutUserResponse() invoked!
info: ===> TimeStamp : 2026-04-27 14:53:11===> API : /api/auth/logout ===> Message : logoutUserResponse() completed
info: ===> TimeStamp : 2026-04-27 15:04:08===> API : null ===> Message : validateRequest() invoked
info: ===> TimeStamp : 2026-04-27 15:04:08===> API : null ===> Message : fetchDBSettings()
info: ===> TimeStamp : 2026-04-27 15:04:08===> API : null ===> Message : validateRequest() Invoked!
info: ===> TimeStamp : 2026-04-27 15:04:08===> API : null ===> Message : validRequest() :: Api validated Successfully
info: ===> TimeStamp : 2026-04-27 15:04:08===> API : /api/auth/validateuser ===> Message : validateUser() invoked!!
info: ===> TimeStamp : 2026-04-27 15:04:08===> API : /api/auth/validateuser ===> Message : validateUser() :: Request Object :: [object Object]
info: ===> TimeStamp : 2026-04-27 15:04:08===> API : /api/auth/validateuser ===> Message : validateUserDB() Invoked !
info: ===> TimeStamp : 2026-04-27 15:04:08===> API : /api/auth/validateuser ===> Message : validateUserResponse() invoked!
info: ===> TimeStamp : 2026-04-27 15:04:08===> API : /api/auth/validateuser ===> Message : validateUserResponse() completed
info: ===> TimeStamp : 2026-04-27 15:04:08===> API : null ===> Message : validateRequest() invoked
info: ===> TimeStamp : 2026-04-27 15:04:08===> API : null ===> Message : fetchDBSettings()
info: ===> TimeStamp : 2026-04-27 15:04:08===> API : null ===> Message : validateRequest() Invoked!
info: ===> TimeStamp : 2026-04-27 15:04:08===> API : null ===> Message : validRequest() :: Api validated Successfully
info: ===> TimeStamp : 2026-04-27 15:04:08===> API : /api/auth/checkIP ===> Message : checkIP() invoked!!
info: ===> TimeStamp : 2026-04-27 15:04:08===> API : /api/auth/checkIP ===> Message : IPs match: 103.255.182.117
info: ===> TimeStamp : 2026-04-27 15:04:08===> API : /api/auth/checkIP ===> Message : checkIPResponse() invoked!
info: ===> TimeStamp : 2026-04-27 15:04:08===> API : /api/auth/checkIP ===> Message : checkIPResponse() completed
info: ===> TimeStamp : 2026-04-27 15:04:08===> API : null ===> Message : validateRequest() invoked
info: ===> TimeStamp : 2026-04-27 15:04:08===> API : null ===> Message : fetchDBSettings()
info: ===> TimeStamp : 2026-04-27 15:04:08===> API : null ===> Message : validateRequest() Invoked!
info: ===> TimeStamp : 2026-04-27 15:04:08===> API : null ===> Message : validRequest() :: Api validated Successfully
info: ===> TimeStamp : 2026-04-27 15:04:08===> API : /api/auth/login ===> Message : loginUser() invoked!!
info: ===> TimeStamp : 2026-04-27 15:04:08===> API : /api/auth/login ===> Message : loginUser() :: Request Object :: [object Object]
info: ===> TimeStamp : 2026-04-27 15:04:08===> API : /api/auth/login ===> Message : loginUserDB() Invoked !
info: ===> TimeStamp : 2026-04-27 15:04:08===> API : /api/auth/login ===> Message : loginUserResponse() invoked!
info: ===> TimeStamp : 2026-04-27 15:04:08===> API : /api/auth/login ===> Message : loginUserResponse() completed
info: ===> TimeStamp : 2026-04-27 16:02:56===> API : null ===> Message : validateRequest() invoked
info: ===> TimeStamp : 2026-04-27 16:02:56===> API : null ===> Message : fetchDBSettings()
info: ===> TimeStamp : 2026-04-27 16:02:56===> API : null ===> Message : validateRequest() Invoked!
info: ===> TimeStamp : 2026-04-27 16:02:56===> API : null ===> Message : validRequest() :: Api validated Successfully
info: ===> TimeStamp : 2026-04-27 16:02:56===> API : /api/auth/validateuser ===> Message : validateUser() :: Request Object :: [object Object]
info: ===> TimeStamp : 2026-04-27 16:02:56===> API : /api/auth/validateuser ===> Message : validateUserDB() Invoked !
info: ===> TimeStamp : 2026-04-27 16:02:56===> API : /api/auth/validateuser ===> Message : validateUser() invoked!!
info: ===> TimeStamp : 2026-04-27 16:02:56===> API : /api/auth/validateuser ===> Message : validateUserResponse() invoked!
info: ===> TimeStamp : 2026-04-27 16:02:56===> API : /api/auth/validateuser ===> Message : validateUserResponse() completed
info: ===> TimeStamp : 2026-04-27 16:02:56===> API : null ===> Message : validateRequest() invoked
info: ===> TimeStamp : 2026-04-27 16:02:56===> API : null ===> Message : fetchDBSettings()
info: ===> TimeStamp : 2026-04-27 16:02:56===> API : null ===> Message : validateRequest() Invoked!
info: ===> TimeStamp : 2026-04-27 16:02:56===> API : null ===> Message : validRequest() :: Api validated Successfully
info: ===> TimeStamp : 2026-04-27 16:02:56===> API : /api/auth/login ===> Message : loginUser() invoked!!
info: ===> TimeStamp : 2026-04-27 16:02:56===> API : /api/auth/login ===> Message : loginUser() :: Request Object :: [object Object]
info: ===> TimeStamp : 2026-04-27 16:02:56===> API : /api/auth/login ===> Message : loginUserDB() Invoked !
info: ===> TimeStamp : 2026-04-27 16:02:56===> API : /api/auth/login ===> Message : loginUserResponse() invoked!
info: ===> TimeStamp : 2026-04-27 16:02:56===> API : /api/auth/login ===> Message : loginUserResponse() completed
info: ===> TimeStamp : 2026-04-27 18:45:12===> API : null ===> Message : validateRequest() invoked
info: ===> TimeStamp : 2026-04-27 18:45:12===> API : null ===> Message : validateRequest() Error:: Invalid Request :: 
      {"apiUri":"/pdown"}
info: ===> TimeStamp : 2026-04-27 18:50:28===> API : null ===> Message : validateRequest() invoked
info: ===> TimeStamp : 2026-04-27 18:50:28===> API : null ===> Message : fetchDBSettings()
info: ===> TimeStamp : 2026-04-27 18:50:28===> API : null ===> Message : validateRequest() Invoked!
info: ===> TimeStamp : 2026-04-27 18:50:28===> API : null ===> Message : validRequest() :: Api validated Successfully
info: ===> TimeStamp : 2026-04-27 18:50:28===> API : /api/auth/validateuser ===> Message : validateUser() invoked!!
info: ===> TimeStamp : 2026-04-27 18:50:28===> API : /api/auth/validateuser ===> Message : validateUser() :: Request Object :: [object Object]
info: ===> TimeStamp : 2026-04-27 18:50:28===> API : /api/auth/validateuser ===> Message : validateUserDB() Invoked !
info: ===> TimeStamp : 2026-04-27 18:50:28===> API : /api/auth/validateuser ===> Message : validateUserResponse() invoked!
info: ===> TimeStamp : 2026-04-27 18:50:28===> API : /api/auth/validateuser ===> Message : validateUserResponse() completed
info: ===> TimeStamp : 2026-04-27 18:50:28===> API : null ===> Message : validateRequest() invoked
info: ===> TimeStamp : 2026-04-27 18:50:28===> API : null ===> Message : fetchDBSettings()
info: ===> TimeStamp : 2026-04-27 18:50:28===> API : null ===> Message : validateRequest() Invoked!
info: ===> TimeStamp : 2026-04-27 18:50:28===> API : null ===> Message : validRequest() :: Api validated Successfully
info: ===> TimeStamp : 2026-04-27 18:50:28===> API : /api/auth/login ===> Message : loginUser() invoked!!
info: ===> TimeStamp : 2026-04-27 18:50:28===> API : /api/auth/login ===> Message : loginUser() :: Request Object :: [object Object]
info: ===> TimeStamp : 2026-04-27 18:50:28===> API : /api/auth/login ===> Message : loginUserDB() Invoked !
info: ===> TimeStamp : 2026-04-27 18:50:28===> API : /api/auth/login ===> Message : loginUserResponse() invoked!
info: ===> TimeStamp : 2026-04-27 18:50:28===> API : /api/auth/login ===> Message : loginUserResponse() completed
info: ===> TimeStamp : 2026-04-27 19:15:49===> API : null ===> Message : validateRequest() invoked
info: ===> TimeStamp : 2026-04-27 19:15:49===> API : null ===> Message : validateRequest() Error:: Invalid Request :: 
      {"apiUri":"/wp-json/gravitysmtp/v1/tests/mock-data"}
info: ===> TimeStamp : 2026-04-27 19:15:50===> API : null ===> Message : validateRequest() invoked
info: ===> TimeStamp : 2026-04-27 19:15:50===> API : null ===> Message : validateRequest() Error:: Invalid Request :: 
      {"apiUri":"/"}
info: ===> TimeStamp : 2026-04-27 19:17:59===> API : null ===> Message : validateRequest() invoked
info: ===> TimeStamp : 2026-04-27 19:17:59===> API : null ===> Message : fetchDBSettings()
info: ===> TimeStamp : 2026-04-27 19:17:59===> API : null ===> Message : validateRequest() Invoked!
info: ===> TimeStamp : 2026-04-27 19:17:59===> API : /api/auth/validateuser ===> Message : validateUser() invoked!!
info: ===> TimeStamp : 2026-04-27 19:17:59===> API : null ===> Message : validRequest() :: Api validated Successfully
info: ===> TimeStamp : 2026-04-27 19:17:59===> API : /api/auth/validateuser ===> Message : validateUser() :: Request Object :: [object Object]
info: ===> TimeStamp : 2026-04-27 19:17:59===> API : /api/auth/validateuser ===> Message : validateUserDB() Invoked !
info: ===> TimeStamp : 2026-04-27 19:17:59===> API : /api/auth/validateuser ===> Message : validateUserResponse() invoked!
info: ===> TimeStamp : 2026-04-27 19:17:59===> API : /api/auth/validateuser ===> Message : validateUserResponse() completed
info: ===> TimeStamp : 2026-04-27 19:18:00===> API : null ===> Message : validateRequest() invoked
info: ===> TimeStamp : 2026-04-27 19:18:00===> API : null ===> Message : fetchDBSettings()
info: ===> TimeStamp : 2026-04-27 19:18:00===> API : null ===> Message : validateRequest() Invoked!
info: ===> TimeStamp : 2026-04-27 19:18:00===> API : null ===> Message : validRequest() :: Api validated Successfully
info: ===> TimeStamp : 2026-04-27 19:18:00===> API : /api/auth/login ===> Message : loginUser() invoked!!
info: ===> TimeStamp : 2026-04-27 19:18:00===> API : /api/auth/login ===> Message : loginUser() :: Request Object :: [object Object]
info: ===> TimeStamp : 2026-04-27 19:18:00===> API : /api/auth/login ===> Message : loginUserDB() Invoked !
info: ===> TimeStamp : 2026-04-27 19:18:00===> API : /api/auth/login ===> Message : loginUserResponse() completed
info: ===> TimeStamp : 2026-04-27 19:18:00===> API : /api/auth/login ===> Message : loginUserResponse() invoked!
info: ===> TimeStamp : 2026-04-27 19:36:09===> API : null ===> Message : validateRequest() invoked
info: ===> TimeStamp : 2026-04-27 19:36:09===> API : null ===> Message : fetchDBSettings()
info: ===> TimeStamp : 2026-04-27 19:36:09===> API : null ===> Message : validateRequest() Invoked!
info: ===> TimeStamp : 2026-04-27 19:36:09===> API : null ===> Message : validRequest() :: Api validated Successfully
info: ===> TimeStamp : 2026-04-27 19:36:09===> API : /api/auth/validateuser ===> Message : validateUser() invoked!!
info: ===> TimeStamp : 2026-04-27 19:36:09===> API : /api/auth/validateuser ===> Message : validateUser() :: Request Object :: [object Object]
info: ===> TimeStamp : 2026-04-27 19:36:09===> API : /api/auth/validateuser ===> Message : validateUserDB() Invoked !
info: ===> TimeStamp : 2026-04-27 19:36:09===> API : /api/auth/validateuser ===> Message : validateUserResponse() invoked!
info: ===> TimeStamp : 2026-04-27 19:36:09===> API : /api/auth/validateuser ===> Message : validateUserResponse() completed
info: ===> TimeStamp : 2026-04-27 19:36:10===> API : null ===> Message : validateRequest() invoked
info: ===> TimeStamp : 2026-04-27 19:36:10===> API : null ===> Message : fetchDBSettings()
info: ===> TimeStamp : 2026-04-27 19:36:10===> API : null ===> Message : validateRequest() Invoked!
info: ===> TimeStamp : 2026-04-27 19:36:10===> API : null ===> Message : validRequest() :: Api validated Successfully
info: ===> TimeStamp : 2026-04-27 19:36:10===> API : /api/auth/login ===> Message : loginUser() invoked!!
info: ===> TimeStamp : 2026-04-27 19:36:10===> API : /api/auth/login ===> Message : loginUser() :: Request Object :: [object Object]
info: ===> TimeStamp : 2026-04-27 19:36:10===> API : /api/auth/login ===> Message : loginUserDB() Invoked !
info: ===> TimeStamp : 2026-04-27 19:36:10===> API : /api/auth/login ===> Message : loginUserResponse() invoked!
info: ===> TimeStamp : 2026-04-27 19:36:10===> API : /api/auth/login ===> Message : loginUserResponse() completed
info: ===> TimeStamp : 2026-04-27 19:57:32===> API : null ===> Message : validateRequest() invoked
info: ===> TimeStamp : 2026-04-27 19:57:32===> API : null ===> Message : fetchDBSettings()
info: ===> TimeStamp : 2026-04-27 19:57:32===> API : null ===> Message : validateRequest() Invoked!
info: ===> TimeStamp : 2026-04-27 19:57:32===> API : null ===> Message : validRequest() :: Api validated Successfully
info: ===> TimeStamp : 2026-04-27 19:57:32===> API : /api/auth/validateuser ===> Message : validateUser() invoked!!
info: ===> TimeStamp : 2026-04-27 19:57:32===> API : /api/auth/validateuser ===> Message : validateUser() :: Request Object :: [object Object]
info: ===> TimeStamp : 2026-04-27 19:57:32===> API : /api/auth/validateuser ===> Message : validateUserDB() Invoked !
info: ===> TimeStamp : 2026-04-27 19:57:32===> API : /api/auth/validateuser ===> Message : validateUserResponse() invoked!
info: ===> TimeStamp : 2026-04-27 19:57:32===> API : /api/auth/validateuser ===> Message : validateUserResponse() completed
info: ===> TimeStamp : 2026-04-27 19:57:32===> API : null ===> Message : validateRequest() invoked
info: ===> TimeStamp : 2026-04-27 19:57:32===> API : null ===> Message : fetchDBSettings()
info: ===> TimeStamp : 2026-04-27 19:57:32===> API : null ===> Message : validateRequest() Invoked!
info: ===> TimeStamp : 2026-04-27 19:57:32===> API : null ===> Message : validRequest() :: Api validated Successfully
info: ===> TimeStamp : 2026-04-27 19:57:32===> API : /api/auth/login ===> Message : loginUser() invoked!!
info: ===> TimeStamp : 2026-04-27 19:57:32===> API : /api/auth/login ===> Message : loginUser() :: Request Object :: [object Object]
info: ===> TimeStamp : 2026-04-27 19:57:32===> API : /api/auth/login ===> Message : loginUserDB() Invoked !
info: ===> TimeStamp : 2026-04-27 19:57:33===> API : /api/auth/login ===> Message : loginUserResponse() invoked!
info: ===> TimeStamp : 2026-04-27 19:57:33===> API : /api/auth/login ===> Message : loginUserResponse() completed
info: ===> TimeStamp : 2026-04-27 20:03:48===> API : null ===> Message : validateRequest() invoked
info: ===> TimeStamp : 2026-04-27 20:03:48===> API : null ===> Message : fetchDBSettings()
info: ===> TimeStamp : 2026-04-27 20:03:48===> API : null ===> Message : validateRequest() Invoked!
info: ===> TimeStamp : 2026-04-27 20:03:48===> API : /api/auth/validateuser ===> Message : validateUser() invoked!!
info: ===> TimeStamp : 2026-04-27 20:03:48===> API : /api/auth/validateuser ===> Message : validateUser() :: Request Object :: [object Object]
info: ===> TimeStamp : 2026-04-27 20:03:48===> API : null ===> Message : validRequest() :: Api validated Successfully
info: ===> TimeStamp : 2026-04-27 20:03:48===> API : /api/auth/validateuser ===> Message : validateUserDB() Invoked !
info: ===> TimeStamp : 2026-04-27 20:03:48===> API : /api/auth/validateuser ===> Message : validateUserResponse() invoked!
info: ===> TimeStamp : 2026-04-27 20:03:48===> API : /api/auth/validateuser ===> Message : validateUserResponse() completed
info: ===> TimeStamp : 2026-04-27 20:03:48===> API : null ===> Message : validateRequest() invoked
info: ===> TimeStamp : 2026-04-27 20:03:48===> API : null ===> Message : fetchDBSettings()
info: ===> TimeStamp : 2026-04-27 20:03:48===> API : null ===> Message : validateRequest() Invoked!
info: ===> TimeStamp : 2026-04-27 20:03:48===> API : null ===> Message : validRequest() :: Api validated Successfully
info: ===> TimeStamp : 2026-04-27 20:03:48===> API : /api/auth/login ===> Message : loginUser() invoked!!
info: ===> TimeStamp : 2026-04-27 20:03:48===> API : /api/auth/login ===> Message : loginUser() :: Request Object :: [object Object]
info: ===> TimeStamp : 2026-04-27 20:03:48===> API : /api/auth/login ===> Message : loginUserDB() Invoked !
info: ===> TimeStamp : 2026-04-27 20:03:48===> API : /api/auth/login ===> Message : loginUserResponse() invoked!
info: ===> TimeStamp : 2026-04-27 20:03:48===> API : /api/auth/login ===> Message : loginUserResponse() completed
info: ===> TimeStamp : 2026-04-27 20:18:23===> API : null ===> Message : validateRequest() invoked
info: ===> TimeStamp : 2026-04-27 20:18:23===> API : null ===> Message : fetchDBSettings()
info: ===> TimeStamp : 2026-04-27 20:18:23===> API : null ===> Message : validateRequest() Invoked!
info: ===> TimeStamp : 2026-04-27 20:18:23===> API : null ===> Message : validRequest() :: Api validated Successfully
info: ===> TimeStamp : 2026-04-27 20:18:23===> API : /api/auth/validateuser ===> Message : validateUser() invoked!!
info: ===> TimeStamp : 2026-04-27 20:18:23===> API : /api/auth/validateuser ===> Message : validateUser() :: Request Object :: [object Object]
info: ===> TimeStamp : 2026-04-27 20:18:23===> API : /api/auth/validateuser ===> Message : validateUserDB() Invoked !
info: ===> TimeStamp : 2026-04-27 20:18:23===> API : /api/auth/validateuser ===> Message : validateUserResponse() invoked!
info: ===> TimeStamp : 2026-04-27 20:18:23===> API : /api/auth/validateuser ===> Message : validateUserResponse() completed
info: ===> TimeStamp : 2026-04-27 20:18:23===> API : null ===> Message : validateRequest() invoked
info: ===> TimeStamp : 2026-04-27 20:18:23===> API : null ===> Message : fetchDBSettings()
info: ===> TimeStamp : 2026-04-27 20:18:23===> API : null ===> Message : validateRequest() Invoked!
info: ===> TimeStamp : 2026-04-27 20:18:23===> API : null ===> Message : validRequest() :: Api validated Successfully
info: ===> TimeStamp : 2026-04-27 20:18:23===> API : /api/auth/login ===> Message : loginUser() invoked!!
info: ===> TimeStamp : 2026-04-27 20:18:23===> API : /api/auth/login ===> Message : loginUser() :: Request Object :: [object Object]
info: ===> TimeStamp : 2026-04-27 20:18:23===> API : /api/auth/login ===> Message : loginUserDB() Invoked !
info: ===> TimeStamp : 2026-04-27 20:18:24===> API : /api/auth/login ===> Message : loginUserResponse() invoked!
info: ===> TimeStamp : 2026-04-27 20:18:24===> API : /api/auth/login ===> Message : loginUserResponse() completed
info: ===> TimeStamp : 2026-04-27 20:24:06===> API : null ===> Message : validateRequest() invoked
info: ===> TimeStamp : 2026-04-27 20:24:06===> API : null ===> Message : validateRequest() Error:: Invalid Request :: 
      {"apiUri":"/"}
info: ===> TimeStamp : 2026-04-27 20:24:08===> API : null ===> Message : validateRequest() invoked
info: ===> TimeStamp : 2026-04-27 20:24:08===> API : null ===> Message : validateRequest() Error:: Invalid Request :: 
      {"apiUri":"/favicon.ico"}
info: ===> TimeStamp : 2026-04-27 20:27:11===> API : null ===> Message : validateRequest() invoked
info: ===> TimeStamp : 2026-04-27 20:27:11===> API : null ===> Message : fetchDBSettings()
info: ===> TimeStamp : 2026-04-27 20:27:11===> API : null ===> Message : validateRequest() Invoked!
info: ===> TimeStamp : 2026-04-27 20:27:11===> API : null ===> Message : validRequest() :: Api validated Successfully
info: ===> TimeStamp : 2026-04-27 20:27:11===> API : /api/auth/validateuser ===> Message : validateUser() invoked!!
info: ===> TimeStamp : 2026-04-27 20:27:11===> API : /api/auth/validateuser ===> Message : validateUser() :: Request Object :: [object Object]
info: ===> TimeStamp : 2026-04-27 20:27:11===> API : /api/auth/validateuser ===> Message : validateUserDB() Invoked !
info: ===> TimeStamp : 2026-04-27 20:27:11===> API : /api/auth/validateuser ===> Message : validateUserResponse() invoked!
info: ===> TimeStamp : 2026-04-27 20:27:11===> API : /api/auth/validateuser ===> Message : validateUserResponse() completed
info: ===> TimeStamp : 2026-04-27 20:27:11===> API : null ===> Message : validateRequest() invoked
info: ===> TimeStamp : 2026-04-27 20:27:11===> API : null ===> Message : fetchDBSettings()
info: ===> TimeStamp : 2026-04-27 20:27:11===> API : null ===> Message : validateRequest() Invoked!
info: ===> TimeStamp : 2026-04-27 20:27:11===> API : null ===> Message : validRequest() :: Api validated Successfully
info: ===> TimeStamp : 2026-04-27 20:27:11===> API : /api/auth/login ===> Message : loginUser() invoked!!
info: ===> TimeStamp : 2026-04-27 20:27:11===> API : /api/auth/login ===> Message : loginUser() :: Request Object :: [object Object]
info: ===> TimeStamp : 2026-04-27 20:27:11===> API : /api/auth/login ===> Message : loginUserDB() Invoked !
info: ===> TimeStamp : 2026-04-27 20:27:11===> API : /api/auth/login ===> Message : loginUserResponse() invoked!
info: ===> TimeStamp : 2026-04-27 20:27:11===> API : /api/auth/login ===> Message : loginUserResponse() completed
info: ===> TimeStamp : 2026-04-27 20:28:00===> API : null ===> Message : validateRequest() invoked
info: ===> TimeStamp : 2026-04-27 20:28:00===> API : null ===> Message : fetchDBSettings()
info: ===> TimeStamp : 2026-04-27 20:28:00===> API : null ===> Message : validateRequest() Invoked!
info: ===> TimeStamp : 2026-04-27 20:28:00===> API : null ===> Message : validRequest() :: Api validated Successfully
info: ===> TimeStamp : 2026-04-27 20:28:00===> API : /api/auth/validateuser ===> Message : validateUser() invoked!!
info: ===> TimeStamp : 2026-04-27 20:28:00===> API : /api/auth/validateuser ===> Message : validateUser() :: Request Object :: [object Object]
info: ===> TimeStamp : 2026-04-27 20:28:00===> API : /api/auth/validateuser ===> Message : validateUserDB() Invoked !
info: ===> TimeStamp : 2026-04-27 20:28:00===> API : /api/auth/validateuser ===> Message : validateUserResponse() invoked!
info: ===> TimeStamp : 2026-04-27 20:28:00===> API : /api/auth/validateuser ===> Message : validateUserResponse() completed
info: ===> TimeStamp : 2026-04-27 20:28:00===> API : null ===> Message : validateRequest() invoked
info: ===> TimeStamp : 2026-04-27 20:28:00===> API : null ===> Message : fetchDBSettings()
info: ===> TimeStamp : 2026-04-27 20:28:00===> API : null ===> Message : validateRequest() Invoked!
info: ===> TimeStamp : 2026-04-27 20:28:00===> API : null ===> Message : validRequest() :: Api validated Successfully
info: ===> TimeStamp : 2026-04-27 20:28:00===> API : /api/auth/login ===> Message : loginUser() invoked!!
info: ===> TimeStamp : 2026-04-27 20:28:00===> API : /api/auth/login ===> Message : loginUser() :: Request Object :: [object Object]
info: ===> TimeStamp : 2026-04-27 20:28:00===> API : /api/auth/login ===> Message : loginUserDB() Invoked !
info: ===> TimeStamp : 2026-04-27 20:28:00===> API : /api/auth/login ===> Message : loginUserResponse() invoked!
info: ===> TimeStamp : 2026-04-27 20:28:00===> API : /api/auth/login ===> Message : loginUserResponse() completed
info: ===> TimeStamp : 2026-04-27 20:29:58===> API : null ===> Message : validateRequest() invoked
info: ===> TimeStamp : 2026-04-27 20:29:58===> API : null ===> Message : fetchDBSettings()
info: ===> TimeStamp : 2026-04-27 20:29:58===> API : null ===> Message : validateRequest() Invoked!
info: ===> TimeStamp : 2026-04-27 20:29:58===> API : null ===> Message : validRequest() :: Api validated Successfully
info: ===> TimeStamp : 2026-04-27 20:29:58===> API : /api/auth/validateuser ===> Message : validateUser() invoked!!
info: ===> TimeStamp : 2026-04-27 20:29:58===> API : /api/auth/validateuser ===> Message : validateUser() :: Request Object :: [object Object]
info: ===> TimeStamp : 2026-04-27 20:29:58===> API : /api/auth/validateuser ===> Message : validateUserDB() Invoked !
info: ===> TimeStamp : 2026-04-27 20:29:58===> API : /api/auth/validateuser ===> Message : validateUserResponse() invoked!
info: ===> TimeStamp : 2026-04-27 20:29:58===> API : /api/auth/validateuser ===> Message : validateUserResponse() completed
info: ===> TimeStamp : 2026-04-27 20:29:58===> API : null ===> Message : validateRequest() invoked
info: ===> TimeStamp : 2026-04-27 20:29:58===> API : null ===> Message : fetchDBSettings()
info: ===> TimeStamp : 2026-04-27 20:29:58===> API : null ===> Message : validateRequest() Invoked!
info: ===> TimeStamp : 2026-04-27 20:29:58===> API : null ===> Message : validRequest() :: Api validated Successfully
info: ===> TimeStamp : 2026-04-27 20:29:58===> API : /api/auth/login ===> Message : loginUser() invoked!!
info: ===> TimeStamp : 2026-04-27 20:29:58===> API : /api/auth/login ===> Message : loginUser() :: Request Object :: [object Object]
info: ===> TimeStamp : 2026-04-27 20:29:58===> API : /api/auth/login ===> Message : loginUserDB() Invoked !
info: ===> TimeStamp : 2026-04-27 20:29:59===> API : /api/auth/login ===> Message : loginUserResponse() invoked!
info: ===> TimeStamp : 2026-04-27 20:29:59===> API : /api/auth/login ===> Message : loginUserResponse() completed
info: ===> TimeStamp : 2026-04-27 21:01:51===> API : null ===> Message : validateRequest() invoked
info: ===> TimeStamp : 2026-04-27 21:01:51===> API : null ===> Message : fetchDBSettings()
info: ===> TimeStamp : 2026-04-27 21:01:51===> API : null ===> Message : validateRequest() Invoked!
info: ===> TimeStamp : 2026-04-27 21:01:51===> API : null ===> Message : validRequest() :: Api validated Successfully
info: ===> TimeStamp : 2026-04-27 21:01:51===> API : /api/auth/validateuser ===> Message : validateUser() invoked!!
info: ===> TimeStamp : 2026-04-27 21:01:51===> API : /api/auth/validateuser ===> Message : validateUser() :: Request Object :: [object Object]
info: ===> TimeStamp : 2026-04-27 21:01:51===> API : /api/auth/validateuser ===> Message : validateUserDB() Invoked !
info: ===> TimeStamp : 2026-04-27 21:01:51===> API : /api/auth/validateuser ===> Message : validateUserResponse() invoked!
info: ===> TimeStamp : 2026-04-27 21:01:51===> API : /api/auth/validateuser ===> Message : validateUserResponse() completed
info: ===> TimeStamp : 2026-04-27 21:01:51===> API : null ===> Message : validateRequest() invoked
info: ===> TimeStamp : 2026-04-27 21:01:51===> API : null ===> Message : fetchDBSettings()
info: ===> TimeStamp : 2026-04-27 21:01:51===> API : null ===> Message : validateRequest() Invoked!
info: ===> TimeStamp : 2026-04-27 21:01:51===> API : null ===> Message : validRequest() :: Api validated Successfully
info: ===> TimeStamp : 2026-04-27 21:01:51===> API : /api/auth/login ===> Message : loginUser() invoked!!
info: ===> TimeStamp : 2026-04-27 21:01:51===> API : /api/auth/login ===> Message : loginUser() :: Request Object :: [object Object]
info: ===> TimeStamp : 2026-04-27 21:01:51===> API : /api/auth/login ===> Message : loginUserDB() Invoked !
info: ===> TimeStamp : 2026-04-27 21:01:52===> API : /api/auth/login ===> Message : loginUserResponse() invoked!
info: ===> TimeStamp : 2026-04-27 21:01:52===> API : /api/auth/login ===> Message : loginUserResponse() completed
info: ===> TimeStamp : 2026-04-27 21:44:20===> API : null ===> Message : validateRequest() invoked
info: ===> TimeStamp : 2026-04-27 21:44:20===> API : null ===> Message : fetchDBSettings()
info: ===> TimeStamp : 2026-04-27 21:44:20===> API : null ===> Message : validateRequest() Invoked!
info: ===> TimeStamp : 2026-04-27 21:44:20===> API : null ===> Message : validRequest() :: Api validated Successfully
info: ===> TimeStamp : 2026-04-27 21:44:20===> API : /api/auth/logout ===> Message : logoutUser() invoked!!
info: ===> TimeStamp : 2026-04-27 21:44:20===> API : /api/auth/logout ===> Message : logoutUser() :: Request Object :: [object Object]
info: ===> TimeStamp : 2026-04-27 21:44:20===> API : /api/auth/logout ===> Message : logoutUserDB() Invoked !
info: ===> TimeStamp : 2026-04-27 21:44:20===> API : /api/auth/logout ===> Message : logoutUserResponse() invoked!
info: ===> TimeStamp : 2026-04-27 21:44:20===> API : /api/auth/logout ===> Message : logoutUserResponse() completed
info: ===> TimeStamp : 2026-04-27 21:47:12===> API : null ===> Message : validateRequest() invoked
info: ===> TimeStamp : 2026-04-27 21:47:12===> API : null ===> Message : fetchDBSettings()
info: ===> TimeStamp : 2026-04-27 21:47:12===> API : null ===> Message : validateRequest() Invoked!
info: ===> TimeStamp : 2026-04-27 21:47:12===> API : null ===> Message : validRequest() :: Api validated Successfully
info: ===> TimeStamp : 2026-04-27 21:47:12===> API : /api/auth/validateuser ===> Message : validateUser() invoked!!
info: ===> TimeStamp : 2026-04-27 21:47:12===> API : /api/auth/validateuser ===> Message : validateUser() :: Request Object :: [object Object]
info: ===> TimeStamp : 2026-04-27 21:47:12===> API : /api/auth/validateuser ===> Message : validateUserDB() Invoked !
info: ===> TimeStamp : 2026-04-27 21:47:12===> API : /api/auth/validateuser ===> Message : validateUserResponse() invoked!
info: ===> TimeStamp : 2026-04-27 21:47:12===> API : /api/auth/validateuser ===> Message : validateUserResponse() completed
info: ===> TimeStamp : 2026-04-27 21:47:12===> API : null ===> Message : validateRequest() invoked
info: ===> TimeStamp : 2026-04-27 21:47:12===> API : null ===> Message : fetchDBSettings()
info: ===> TimeStamp : 2026-04-27 21:47:12===> API : null ===> Message : validateRequest() Invoked!
info: ===> TimeStamp : 2026-04-27 21:47:12===> API : null ===> Message : validRequest() :: Api validated Successfully
info: ===> TimeStamp : 2026-04-27 21:47:12===> API : /api/auth/login ===> Message : loginUser() invoked!!
info: ===> TimeStamp : 2026-04-27 21:47:12===> API : /api/auth/login ===> Message : loginUser() :: Request Object :: [object Object]
info: ===> TimeStamp : 2026-04-27 21:47:12===> API : /api/auth/login ===> Message : loginUserDB() Invoked !
info: ===> TimeStamp : 2026-04-27 21:47:12===> API : /api/auth/login ===> Message : loginUserResponse() invoked!
info: ===> TimeStamp : 2026-04-27 21:47:12===> API : /api/auth/login ===> Message : loginUserResponse() completed
info: ===> TimeStamp : 2026-04-27 21:50:39===> API : null ===> Message : validateRequest() invoked
info: ===> TimeStamp : 2026-04-27 21:50:39===> API : null ===> Message : fetchDBSettings()
info: ===> TimeStamp : 2026-04-27 21:50:39===> API : null ===> Message : validateRequest() Invoked!
info: ===> TimeStamp : 2026-04-27 21:50:39===> API : null ===> Message : validRequest() :: Api validated Successfully
info: ===> TimeStamp : 2026-04-27 21:50:39===> API : /api/auth/logout ===> Message : logoutUser() :: Request Object :: [object Object]
info: ===> TimeStamp : 2026-04-27 21:50:39===> API : /api/auth/logout ===> Message : logoutUser() invoked!!
info: ===> TimeStamp : 2026-04-27 21:50:39===> API : /api/auth/logout ===> Message : logoutUserDB() Invoked !
info: ===> TimeStamp : 2026-04-27 21:50:39===> API : /api/auth/logout ===> Message : logoutUserResponse() invoked!
info: ===> TimeStamp : 2026-04-27 21:50:39===> API : /api/auth/logout ===> Message : logoutUserResponse() completed
info: ===> TimeStamp : 2026-04-27 21:50:47===> API : null ===> Message : validateRequest() invoked
info: ===> TimeStamp : 2026-04-27 21:50:47===> API : null ===> Message : fetchDBSettings()
info: ===> TimeStamp : 2026-04-27 21:50:47===> API : null ===> Message : validateRequest() Invoked!
info: ===> TimeStamp : 2026-04-27 21:50:47===> API : null ===> Message : validRequest() :: Api validated Successfully
info: ===> TimeStamp : 2026-04-27 21:50:47===> API : /api/auth/validateuser ===> Message : validateUser() invoked!!
info: ===> TimeStamp : 2026-04-27 21:50:47===> API : /api/auth/validateuser ===> Message : validateUser() :: Request Object :: [object Object]
info: ===> TimeStamp : 2026-04-27 21:50:47===> API : /api/auth/validateuser ===> Message : validateUserDB() Invoked !
info: ===> TimeStamp : 2026-04-27 21:50:47===> API : /api/auth/validateuser ===> Message : validateUserDB() :: Error :: {"code":"ER_SIGNAL_EXCEPTION","errno":1644,"sqlState":"10005","sqlMessage":"User Does Not Exist","sql":"CALL usp_validate_user('pravash', 'pravash@123')"}
info: ===> TimeStamp : 2026-04-27 21:50:47===> API : /api/auth/validateuser ===> Message : validateUserDBResult :: Error :: {"ErrorCode":10005,"ErrorMessage":"User Does Not Exist"}
info: ===> TimeStamp : 2026-04-27 21:50:47===> API : /api/auth/validateuser ===> Message : validateUserResponse() invoked!
info: ===> TimeStamp : 2026-04-27 21:50:47===> API : /api/auth/validateuser ===> Message : validateUserResponse() completed
info: ===> TimeStamp : 2026-04-27 21:50:58===> API : null ===> Message : validateRequest() invoked
info: ===> TimeStamp : 2026-04-27 21:50:58===> API : null ===> Message : fetchDBSettings()
info: ===> TimeStamp : 2026-04-27 21:50:58===> API : null ===> Message : validateRequest() Invoked!
info: ===> TimeStamp : 2026-04-27 21:50:58===> API : null ===> Message : validRequest() :: Api validated Successfully
info: ===> TimeStamp : 2026-04-27 21:50:58===> API : /api/auth/validateuser ===> Message : validateUser() invoked!!
info: ===> TimeStamp : 2026-04-27 21:50:58===> API : /api/auth/validateuser ===> Message : validateUser() :: Request Object :: [object Object]
info: ===> TimeStamp : 2026-04-27 21:50:58===> API : /api/auth/validateuser ===> Message : validateUserDB() Invoked !
info: ===> TimeStamp : 2026-04-27 21:50:58===> API : /api/auth/validateuser ===> Message : validateUserResponse() invoked!
info: ===> TimeStamp : 2026-04-27 21:50:58===> API : /api/auth/validateuser ===> Message : validateUserResponse() completed
info: ===> TimeStamp : 2026-04-27 21:50:58===> API : null ===> Message : validateRequest() invoked
info: ===> TimeStamp : 2026-04-27 21:50:58===> API : null ===> Message : fetchDBSettings()
info: ===> TimeStamp : 2026-04-27 21:50:58===> API : null ===> Message : validateRequest() Invoked!
info: ===> TimeStamp : 2026-04-27 21:50:58===> API : null ===> Message : validRequest() :: Api validated Successfully
info: ===> TimeStamp : 2026-04-27 21:50:58===> API : /api/auth/checkIP ===> Message : checkIP() invoked!!
info: ===> TimeStamp : 2026-04-27 21:50:58===> API : /api/auth/checkIP ===> Message : IPs match: 103.255.182.117
info: ===> TimeStamp : 2026-04-27 21:50:58===> API : /api/auth/checkIP ===> Message : checkIPResponse() invoked!
info: ===> TimeStamp : 2026-04-27 21:50:58===> API : /api/auth/checkIP ===> Message : checkIPResponse() completed
info: ===> TimeStamp : 2026-04-27 21:50:58===> API : null ===> Message : validateRequest() invoked
info: ===> TimeStamp : 2026-04-27 21:50:58===> API : null ===> Message : fetchDBSettings()
info: ===> TimeStamp : 2026-04-27 21:50:58===> API : null ===> Message : validateRequest() Invoked!
info: ===> TimeStamp : 2026-04-27 21:50:58===> API : null ===> Message : validRequest() :: Api validated Successfully
info: ===> TimeStamp : 2026-04-27 21:50:58===> API : /api/auth/login ===> Message : loginUser() invoked!!
info: ===> TimeStamp : 2026-04-27 21:50:58===> API : /api/auth/login ===> Message : loginUser() :: Request Object :: [object Object]
info: ===> TimeStamp : 2026-04-27 21:50:58===> API : /api/auth/login ===> Message : loginUserDB() Invoked !
info: ===> TimeStamp : 2026-04-27 21:50:58===> API : /api/auth/login ===> Message : loginUserResponse() invoked!
info: ===> TimeStamp : 2026-04-27 21:50:58===> API : /api/auth/login ===> Message : loginUserResponse() completed
info: ===> TimeStamp : 2026-04-27 21:51:30===> API : null ===> Message : validateRequest() invoked
info: ===> TimeStamp : 2026-04-27 21:51:30===> API : null ===> Message : fetchDBSettings()
info: ===> TimeStamp : 2026-04-27 21:51:30===> API : null ===> Message : validateRequest() Invoked!
info: ===> TimeStamp : 2026-04-27 21:51:30===> API : null ===> Message : validRequest() :: Api validated Successfully
info: ===> TimeStamp : 2026-04-27 21:51:30===> API : /api/auth/validateuser ===> Message : validateUser() :: Request Object :: [object Object]
info: ===> TimeStamp : 2026-04-27 21:51:30===> API : /api/auth/validateuser ===> Message : validateUser() invoked!!
info: ===> TimeStamp : 2026-04-27 21:51:30===> API : /api/auth/validateuser ===> Message : validateUserDB() Invoked !
info: ===> TimeStamp : 2026-04-27 21:51:30===> API : /api/auth/validateuser ===> Message : validateUserResponse() invoked!
info: ===> TimeStamp : 2026-04-27 21:51:30===> API : /api/auth/validateuser ===> Message : validateUserResponse() completed
info: ===> TimeStamp : 2026-04-27 21:51:31===> API : null ===> Message : validateRequest() invoked
info: ===> TimeStamp : 2026-04-27 21:51:31===> API : null ===> Message : fetchDBSettings()
info: ===> TimeStamp : 2026-04-27 21:51:31===> API : null ===> Message : validateRequest() Invoked!
info: ===> TimeStamp : 2026-04-27 21:51:31===> API : null ===> Message : validRequest() :: Api validated Successfully
info: ===> TimeStamp : 2026-04-27 21:51:31===> API : /api/auth/checkIP ===> Message : checkIP() invoked!!
info: ===> TimeStamp : 2026-04-27 21:51:31===> API : /api/auth/checkIP ===> Message : IPs match: 103.255.182.117
info: ===> TimeStamp : 2026-04-27 21:51:31===> API : /api/auth/checkIP ===> Message : checkIPResponse() invoked!
info: ===> TimeStamp : 2026-04-27 21:51:31===> API : /api/auth/checkIP ===> Message : checkIPResponse() completed
info: ===> TimeStamp : 2026-04-27 21:51:31===> API : null ===> Message : validateRequest() invoked
info: ===> TimeStamp : 2026-04-27 21:51:31===> API : null ===> Message : fetchDBSettings()
info: ===> TimeStamp : 2026-04-27 21:51:31===> API : null ===> Message : validateRequest() Invoked!
info: ===> TimeStamp : 2026-04-27 21:51:31===> API : null ===> Message : validRequest() :: Api validated Successfully
info: ===> TimeStamp : 2026-04-27 21:51:31===> API : /api/auth/login ===> Message : loginUser() invoked!!
info: ===> TimeStamp : 2026-04-27 21:51:31===> API : /api/auth/login ===> Message : loginUser() :: Request Object :: [object Object]
info: ===> TimeStamp : 2026-04-27 21:51:31===> API : /api/auth/login ===> Message : loginUserDB() Invoked !
info: ===> TimeStamp : 2026-04-27 21:51:31===> API : /api/auth/login ===> Message : loginUserResponse() invoked!
info: ===> TimeStamp : 2026-04-27 21:51:31===> API : /api/auth/login ===> Message : loginUserResponse() completed
info: ===> TimeStamp : 2026-04-27 21:52:34===> API : null ===> Message : validateRequest() invoked
info: ===> TimeStamp : 2026-04-27 21:52:34===> API : null ===> Message : validateRequest() Error:: Invalid Request :: 
      {"apiUri":"/"}
info: ===> TimeStamp : 2026-04-27 22:36:00===> API : null ===> Message : validateRequest() invoked
info: ===> TimeStamp : 2026-04-27 22:36:00===> API : null ===> Message : fetchDBSettings()
info: ===> TimeStamp : 2026-04-27 22:36:01===> API : null ===> Message : validateRequest() Invoked!
info: ===> TimeStamp : 2026-04-27 22:36:01===> API : null ===> Message : validRequest() :: Api validated Successfully
info: ===> TimeStamp : 2026-04-27 22:36:01===> API : /api/auth/validateuser ===> Message : validateUser() invoked!!
info: ===> TimeStamp : 2026-04-27 22:36:01===> API : /api/auth/validateuser ===> Message : validateUser() :: Request Object :: [object Object]
info: ===> TimeStamp : 2026-04-27 22:36:01===> API : /api/auth/validateuser ===> Message : validateUserDB() Invoked !
info: ===> TimeStamp : 2026-04-27 22:36:01===> API : /api/auth/validateuser ===> Message : validateUserResponse() invoked!
info: ===> TimeStamp : 2026-04-27 22:36:01===> API : /api/auth/validateuser ===> Message : validateUserResponse() completed
info: ===> TimeStamp : 2026-04-27 22:36:01===> API : null ===> Message : validateRequest() invoked
info: ===> TimeStamp : 2026-04-27 22:36:01===> API : null ===> Message : fetchDBSettings()
info: ===> TimeStamp : 2026-04-27 22:36:01===> API : null ===> Message : validateRequest() Invoked!
info: ===> TimeStamp : 2026-04-27 22:36:01===> API : null ===> Message : validRequest() :: Api validated Successfully
info: ===> TimeStamp : 2026-04-27 22:36:01===> API : /api/auth/checkIP ===> Message : checkIP() invoked!!
info: ===> TimeStamp : 2026-04-27 22:36:01===> API : /api/auth/checkIP ===> Message : IPs match: 103.255.182.117
info: ===> TimeStamp : 2026-04-27 22:36:01===> API : /api/auth/checkIP ===> Message : checkIPResponse() invoked!
info: ===> TimeStamp : 2026-04-27 22:36:01===> API : /api/auth/checkIP ===> Message : checkIPResponse() completed
info: ===> TimeStamp : 2026-04-27 22:36:01===> API : null ===> Message : validateRequest() invoked
info: ===> TimeStamp : 2026-04-27 22:36:01===> API : null ===> Message : fetchDBSettings()
info: ===> TimeStamp : 2026-04-27 22:36:01===> API : null ===> Message : validateRequest() Invoked!
info: ===> TimeStamp : 2026-04-27 22:36:01===> API : null ===> Message : validRequest() :: Api validated Successfully
info: ===> TimeStamp : 2026-04-27 22:36:01===> API : /api/auth/login ===> Message : loginUser() invoked!!
info: ===> TimeStamp : 2026-04-27 22:36:01===> API : /api/auth/login ===> Message : loginUser() :: Request Object :: [object Object]
info: ===> TimeStamp : 2026-04-27 22:36:01===> API : /api/auth/login ===> Message : loginUserDB() Invoked !
info: ===> TimeStamp : 2026-04-27 22:36:01===> API : /api/auth/login ===> Message : loginUserResponse() invoked!
info: ===> TimeStamp : 2026-04-27 22:36:01===> API : /api/auth/login ===> Message : loginUserResponse() completed
info: ===> TimeStamp : 2026-04-27 22:39:11===> API : null ===> Message : validateRequest() invoked
info: ===> TimeStamp : 2026-04-27 22:39:11===> API : null ===> Message : fetchDBSettings()
info: ===> TimeStamp : 2026-04-27 22:39:11===> API : null ===> Message : validateRequest() Invoked!
info: ===> TimeStamp : 2026-04-27 22:39:11===> API : /api/auth/validateuser ===> Message : validateUser() invoked!!
info: ===> TimeStamp : 2026-04-27 22:39:11===> API : null ===> Message : validRequest() :: Api validated Successfully
info: ===> TimeStamp : 2026-04-27 22:39:11===> API : /api/auth/validateuser ===> Message : validateUser() :: Request Object :: [object Object]
info: ===> TimeStamp : 2026-04-27 22:39:11===> API : /api/auth/validateuser ===> Message : validateUserDB() Invoked !
info: ===> TimeStamp : 2026-04-27 22:39:11===> API : /api/auth/validateuser ===> Message : validateUserResponse() completed
info: ===> TimeStamp : 2026-04-27 22:39:11===> API : /api/auth/validateuser ===> Message : validateUserResponse() invoked!
info: ===> TimeStamp : 2026-04-27 22:39:11===> API : null ===> Message : validateRequest() invoked
info: ===> TimeStamp : 2026-04-27 22:39:11===> API : null ===> Message : fetchDBSettings()
info: ===> TimeStamp : 2026-04-27 22:39:11===> API : null ===> Message : validateRequest() Invoked!
info: ===> TimeStamp : 2026-04-27 22:39:11===> API : null ===> Message : validRequest() :: Api validated Successfully
info: ===> TimeStamp : 2026-04-27 22:39:11===> API : /api/auth/login ===> Message : loginUser() invoked!!
info: ===> TimeStamp : 2026-04-27 22:39:11===> API : /api/auth/login ===> Message : loginUser() :: Request Object :: [object Object]
info: ===> TimeStamp : 2026-04-27 22:39:11===> API : /api/auth/login ===> Message : loginUserDB() Invoked !
info: ===> TimeStamp : 2026-04-27 22:39:11===> API : /api/auth/login ===> Message : loginUserResponse() invoked!
info: ===> TimeStamp : 2026-04-27 22:39:11===> API : /api/auth/login ===> Message : loginUserResponse() completed
info: ===> TimeStamp : 2026-04-27 23:05:17===> API : null ===> Message : validateRequest() invoked
info: ===> TimeStamp : 2026-04-27 23:05:17===> API : null ===> Message : fetchDBSettings()
info: ===> TimeStamp : 2026-04-27 23:05:17===> API : null ===> Message : validateRequest() Invoked!
info: ===> TimeStamp : 2026-04-27 23:05:17===> API : null ===> Message : validRequest() :: Api validated Successfully
info: ===> TimeStamp : 2026-04-27 23:05:17===> API : /api/auth/validateuser ===> Message : validateUser() :: Request Object :: [object Object]
info: ===> TimeStamp : 2026-04-27 23:05:17===> API : /api/auth/validateuser ===> Message : validateUser() invoked!!
info: ===> TimeStamp : 2026-04-27 23:05:17===> API : /api/auth/validateuser ===> Message : validateUserDB() Invoked !
info: ===> TimeStamp : 2026-04-27 23:05:17===> API : /api/auth/validateuser ===> Message : validateUserResponse() invoked!
info: ===> TimeStamp : 2026-04-27 23:05:17===> API : /api/auth/validateuser ===> Message : validateUserResponse() completed
info: ===> TimeStamp : 2026-04-27 23:05:17===> API : null ===> Message : validateRequest() invoked
info: ===> TimeStamp : 2026-04-27 23:05:17===> API : null ===> Message : fetchDBSettings()
info: ===> TimeStamp : 2026-04-27 23:05:17===> API : null ===> Message : validateRequest() Invoked!
info: ===> TimeStamp : 2026-04-27 23:05:17===> API : null ===> Message : validRequest() :: Api validated Successfully
info: ===> TimeStamp : 2026-04-27 23:05:17===> API : /api/auth/login ===> Message : loginUser() invoked!!
info: ===> TimeStamp : 2026-04-27 23:05:17===> API : /api/auth/login ===> Message : loginUser() :: Request Object :: [object Object]
info: ===> TimeStamp : 2026-04-27 23:05:17===> API : /api/auth/login ===> Message : loginUserDB() Invoked !
info: ===> TimeStamp : 2026-04-27 23:05:17===> API : /api/auth/login ===> Message : loginUserResponse() invoked!
info: ===> TimeStamp : 2026-04-27 23:05:17===> API : /api/auth/login ===> Message : loginUserResponse() completed
info: ===> TimeStamp : 2026-04-28 00:11:50===> API : null ===> Message : validateRequest() invoked
info: ===> TimeStamp : 2026-04-28 00:11:50===> API : null ===> Message : fetchDBSettings()
info: ===> TimeStamp : 2026-04-28 00:11:50===> API : null ===> Message : validateRequest() Invoked!
info: ===> TimeStamp : 2026-04-28 00:11:50===> API : null ===> Message : validRequest() :: Api validated Successfully
info: ===> TimeStamp : 2026-04-28 00:11:50===> API : /api/auth/validateuser ===> Message : validateUser() invoked!!
info: ===> TimeStamp : 2026-04-28 00:11:50===> API : /api/auth/validateuser ===> Message : validateUser() :: Request Object :: [object Object]
info: ===> TimeStamp : 2026-04-28 00:11:50===> API : /api/auth/validateuser ===> Message : validateUserDB() Invoked !
info: ===> TimeStamp : 2026-04-28 00:11:50===> API : /api/auth/validateuser ===> Message : validateUserResponse() invoked!
info: ===> TimeStamp : 2026-04-28 00:11:50===> API : /api/auth/validateuser ===> Message : validateUserResponse() completed
info: ===> TimeStamp : 2026-04-28 00:11:51===> API : null ===> Message : validateRequest() invoked
info: ===> TimeStamp : 2026-04-28 00:11:51===> API : null ===> Message : fetchDBSettings()
info: ===> TimeStamp : 2026-04-28 00:11:51===> API : null ===> Message : validateRequest() Invoked!
info: ===> TimeStamp : 2026-04-28 00:11:51===> API : null ===> Message : validRequest() :: Api validated Successfully
info: ===> TimeStamp : 2026-04-28 00:11:51===> API : /api/auth/login ===> Message : loginUser() :: Request Object :: [object Object]
info: ===> TimeStamp : 2026-04-28 00:11:51===> API : /api/auth/login ===> Message : loginUser() invoked!!
info: ===> TimeStamp : 2026-04-28 00:11:51===> API : /api/auth/login ===> Message : loginUserDB() Invoked !
info: ===> TimeStamp : 2026-04-28 00:11:51===> API : /api/auth/login ===> Message : loginUserResponse() invoked!
info: ===> TimeStamp : 2026-04-28 00:11:51===> API : /api/auth/login ===> Message : loginUserResponse() completed
info: ===> TimeStamp : 2026-04-28 00:44:43===> API : null ===> Message : validateRequest() invoked
info: ===> TimeStamp : 2026-04-28 00:44:43===> API : null ===> Message : fetchDBSettings()
info: ===> TimeStamp : 2026-04-28 00:44:43===> API : null ===> Message : validateRequest() Invoked!
info: ===> TimeStamp : 2026-04-28 00:44:43===> API : null ===> Message : validRequest() :: Api validated Successfully
info: ===> TimeStamp : 2026-04-28 00:44:43===> API : /api/auth/validateuser ===> Message : validateUser() invoked!!
info: ===> TimeStamp : 2026-04-28 00:44:43===> API : /api/auth/validateuser ===> Message : validateUser() :: Request Object :: [object Object]
info: ===> TimeStamp : 2026-04-28 00:44:43===> API : /api/auth/validateuser ===> Message : validateUserDB() Invoked !
info: ===> TimeStamp : 2026-04-28 00:44:43===> API : /api/auth/validateuser ===> Message : validateUserResponse() invoked!
info: ===> TimeStamp : 2026-04-28 00:44:43===> API : /api/auth/validateuser ===> Message : validateUserResponse() completed
info: ===> TimeStamp : 2026-04-28 00:44:43===> API : null ===> Message : validateRequest() invoked
info: ===> TimeStamp : 2026-04-28 00:44:43===> API : null ===> Message : fetchDBSettings()
info: ===> TimeStamp : 2026-04-28 00:44:43===> API : null ===> Message : validateRequest() Invoked!
info: ===> TimeStamp : 2026-04-28 00:44:43===> API : null ===> Message : validRequest() :: Api validated Successfully
info: ===> TimeStamp : 2026-04-28 00:44:43===> API : /api/auth/login ===> Message : loginUser() invoked!!
info: ===> TimeStamp : 2026-04-28 00:44:43===> API : /api/auth/login ===> Message : loginUser() :: Request Object :: [object Object]
info: ===> TimeStamp : 2026-04-28 00:44:43===> API : /api/auth/login ===> Message : loginUserDB() Invoked !
info: ===> TimeStamp : 2026-04-28 00:44:43===> API : /api/auth/login ===> Message : loginUserResponse() invoked!
info: ===> TimeStamp : 2026-04-28 00:44:43===> API : /api/auth/login ===> Message : loginUserResponse() completed
info: ===> TimeStamp : 2026-04-28 00:51:54===> API : null ===> Message : validateRequest() invoked
info: ===> TimeStamp : 2026-04-28 00:51:54===> API : null ===> Message : validateRequest() Error:: Invalid Request :: 
      {"apiUri":"/robots.txt"}
info: ===> TimeStamp : 2026-04-28 00:55:30===> API : null ===> Message : validateRequest() invoked
info: ===> TimeStamp : 2026-04-28 00:55:30===> API : null ===> Message : fetchDBSettings()
info: ===> TimeStamp : 2026-04-28 00:55:30===> API : null ===> Message : validateRequest() Invoked!
info: ===> TimeStamp : 2026-04-28 00:55:30===> API : null ===> Message : validRequest() :: Api validated Successfully
info: ===> TimeStamp : 2026-04-28 00:55:30===> API : /api/auth/validateuser ===> Message : validateUser() invoked!!
info: ===> TimeStamp : 2026-04-28 00:55:30===> API : /api/auth/validateuser ===> Message : validateUser() :: Request Object :: [object Object]
info: ===> TimeStamp : 2026-04-28 00:55:30===> API : /api/auth/validateuser ===> Message : validateUserDB() Invoked !
info: ===> TimeStamp : 2026-04-28 00:55:30===> API : /api/auth/validateuser ===> Message : validateUserResponse() invoked!
info: ===> TimeStamp : 2026-04-28 00:55:30===> API : /api/auth/validateuser ===> Message : validateUserResponse() completed
info: ===> TimeStamp : 2026-04-28 00:55:30===> API : null ===> Message : validateRequest() invoked
info: ===> TimeStamp : 2026-04-28 00:55:30===> API : null ===> Message : fetchDBSettings()
info: ===> TimeStamp : 2026-04-28 00:55:30===> API : null ===> Message : validateRequest() Invoked!
info: ===> TimeStamp : 2026-04-28 00:55:30===> API : null ===> Message : validRequest() :: Api validated Successfully
info: ===> TimeStamp : 2026-04-28 00:55:30===> API : /api/auth/login ===> Message : loginUser() invoked!!
info: ===> TimeStamp : 2026-04-28 00:55:30===> API : /api/auth/login ===> Message : loginUser() :: Request Object :: [object Object]
info: ===> TimeStamp : 2026-04-28 00:55:30===> API : /api/auth/login ===> Message : loginUserDB() Invoked !
info: ===> TimeStamp : 2026-04-28 00:55:30===> API : /api/auth/login ===> Message : loginUserResponse() invoked!
info: ===> TimeStamp : 2026-04-28 00:55:30===> API : /api/auth/login ===> Message : loginUserResponse() completed
info: ===> TimeStamp : 2026-04-28 01:45:09===> API : null ===> Message : validateRequest() invoked
info: ===> TimeStamp : 2026-04-28 01:45:09===> API : null ===> Message : fetchDBSettings()
info: ===> TimeStamp : 2026-04-28 01:45:09===> API : null ===> Message : validateRequest() Invoked!
info: ===> TimeStamp : 2026-04-28 01:45:09===> API : null ===> Message : validRequest() :: Api validated Successfully
info: ===> TimeStamp : 2026-04-28 01:45:09===> API : /api/auth/validateuser ===> Message : validateUser() invoked!!
info: ===> TimeStamp : 2026-04-28 01:45:09===> API : /api/auth/validateuser ===> Message : validateUser() :: Request Object :: [object Object]
info: ===> TimeStamp : 2026-04-28 01:45:09===> API : /api/auth/validateuser ===> Message : validateUserDB() Invoked !
info: ===> TimeStamp : 2026-04-28 01:45:09===> API : /api/auth/validateuser ===> Message : validateUserResponse() invoked!
info: ===> TimeStamp : 2026-04-28 01:45:09===> API : /api/auth/validateuser ===> Message : validateUserResponse() completed
info: ===> TimeStamp : 2026-04-28 01:45:09===> API : null ===> Message : validateRequest() invoked
info: ===> TimeStamp : 2026-04-28 01:45:09===> API : null ===> Message : fetchDBSettings()
info: ===> TimeStamp : 2026-04-28 01:45:09===> API : null ===> Message : validateRequest() Invoked!
info: ===> TimeStamp : 2026-04-28 01:45:09===> API : null ===> Message : validRequest() :: Api validated Successfully
info: ===> TimeStamp : 2026-04-28 01:45:09===> API : /api/auth/login ===> Message : loginUser() invoked!!
info: ===> TimeStamp : 2026-04-28 01:45:09===> API : /api/auth/login ===> Message : loginUser() :: Request Object :: [object Object]
info: ===> TimeStamp : 2026-04-28 01:45:09===> API : /api/auth/login ===> Message : loginUserDB() Invoked !
info: ===> TimeStamp : 2026-04-28 01:45:09===> API : /api/auth/login ===> Message : loginUserResponse() invoked!
info: ===> TimeStamp : 2026-04-28 01:45:09===> API : /api/auth/login ===> Message : loginUserResponse() completed
info: ===> TimeStamp : 2026-04-28 02:45:26===> API : null ===> Message : validateRequest() invoked
info: ===> TimeStamp : 2026-04-28 02:45:26===> API : null ===> Message : fetchDBSettings()
info: ===> TimeStamp : 2026-04-28 02:45:26===> API : null ===> Message : validateRequest() Invoked!
info: ===> TimeStamp : 2026-04-28 02:45:26===> API : null ===> Message : validRequest() :: Api validated Successfully
info: ===> TimeStamp : 2026-04-28 02:45:26===> API : /api/auth/logout ===> Message : logoutUser() invoked!!
info: ===> TimeStamp : 2026-04-28 02:45:26===> API : /api/auth/logout ===> Message : logoutUser() :: Request Object :: [object Object]
info: ===> TimeStamp : 2026-04-28 02:45:26===> API : /api/auth/logout ===> Message : logoutUserDB() Invoked !
info: ===> TimeStamp : 2026-04-28 02:45:26===> API : /api/auth/logout ===> Message : logoutUserResponse() invoked!
info: ===> TimeStamp : 2026-04-28 02:45:26===> API : /api/auth/logout ===> Message : logoutUserResponse() completed
info: ===> TimeStamp : 2026-04-28 03:33:19===> API : null ===> Message : fetchDBSettings()
info: ===> TimeStamp : 2026-04-28 03:33:19===> API : null ===> Message : validateRequest() invoked
info: ===> TimeStamp : 2026-04-28 03:33:19===> API : null ===> Message : validateRequest() Invoked!
info: ===> TimeStamp : 2026-04-28 03:33:19===> API : null ===> Message : validRequest() :: Api validated Successfully
info: ===> TimeStamp : 2026-04-28 03:33:19===> API : /api/auth/validateuser ===> Message : validateUser() invoked!!
info: ===> TimeStamp : 2026-04-28 03:33:19===> API : /api/auth/validateuser ===> Message : validateUser() :: Request Object :: [object Object]
info: ===> TimeStamp : 2026-04-28 03:33:19===> API : /api/auth/validateuser ===> Message : validateUserDB() Invoked !
info: ===> TimeStamp : 2026-04-28 03:33:19===> API : /api/auth/validateuser ===> Message : validateUserResponse() invoked!
info: ===> TimeStamp : 2026-04-28 03:33:19===> API : /api/auth/validateuser ===> Message : validateUserResponse() completed
info: ===> TimeStamp : 2026-04-28 03:33:19===> API : null ===> Message : validateRequest() invoked
info: ===> TimeStamp : 2026-04-28 03:33:19===> API : null ===> Message : fetchDBSettings()
info: ===> TimeStamp : 2026-04-28 03:33:19===> API : null ===> Message : validateRequest() Invoked!
info: ===> TimeStamp : 2026-04-28 03:33:19===> API : null ===> Message : validRequest() :: Api validated Successfully
info: ===> TimeStamp : 2026-04-28 03:33:19===> API : /api/auth/checkIP ===> Message : checkIP() invoked!!
info: ===> TimeStamp : 2026-04-28 03:33:19===> API : /api/auth/checkIP ===> Message : IPs match: 103.255.182.117
info: ===> TimeStamp : 2026-04-28 03:33:19===> API : /api/auth/checkIP ===> Message : checkIPResponse() invoked!
info: ===> TimeStamp : 2026-04-28 03:33:19===> API : /api/auth/checkIP ===> Message : checkIPResponse() completed
info: ===> TimeStamp : 2026-04-28 03:33:19===> API : null ===> Message : validateRequest() invoked
info: ===> TimeStamp : 2026-04-28 03:33:19===> API : null ===> Message : fetchDBSettings()
info: ===> TimeStamp : 2026-04-28 03:33:19===> API : null ===> Message : validateRequest() Invoked!
info: ===> TimeStamp : 2026-04-28 03:33:19===> API : null ===> Message : validRequest() :: Api validated Successfully
info: ===> TimeStamp : 2026-04-28 03:33:19===> API : /api/auth/login ===> Message : loginUser() invoked!!
info: ===> TimeStamp : 2026-04-28 03:33:19===> API : /api/auth/login ===> Message : loginUser() :: Request Object :: [object Object]
info: ===> TimeStamp : 2026-04-28 03:33:19===> API : /api/auth/login ===> Message : loginUserDB() Invoked !
info: ===> TimeStamp : 2026-04-28 03:33:19===> API : /api/auth/login ===> Message : loginUserResponse() invoked!
info: ===> TimeStamp : 2026-04-28 03:33:19===> API : /api/auth/login ===> Message : loginUserResponse() completed
info: ===> TimeStamp : 2026-04-28 04:05:36===> API : null ===> Message : validateRequest() invoked
info: ===> TimeStamp : 2026-04-28 04:05:36===> API : null ===> Message : validateRequest() Error:: Invalid Request :: 
      {"apiUri":"/"}
info: ===> TimeStamp : 2026-04-28 04:38:20===> API : null ===> Message : validateRequest() invoked
info: ===> TimeStamp : 2026-04-28 04:38:20===> API : null ===> Message : validateRequest() Error:: Invalid Request :: 
      {"apiUri":"/"}
