info: ===> TimeStamp : 2025-06-03 06:10:33===> API : null ===> Message : validateRequest() invoked
info: ===> TimeStamp : 2025-06-03 06:10:33===> API : null ===> Message : validateRequest() Error:: Invalid Request :: 
      {"apiUri":"/"}
info: ===> TimeStamp : 2025-06-03 06:49:56===> API : null ===> Message : validateRequest() invoked
info: ===> TimeStamp : 2025-06-03 06:49:56===> API : null ===> Message : fetchDBSettings()
info: ===> TimeStamp : 2025-06-03 06:49:56===> API : null ===> Message : validateRequest() Invoked!
info: ===> TimeStamp : 2025-06-03 06:49:56===> API : null ===> Message : validRequest() :: Api validated Successfully
info: ===> TimeStamp : 2025-06-03 06:49:56===> API : /api/auth/logout ===> Message : logoutUser() :: Request Object :: [object Object]
info: ===> TimeStamp : 2025-06-03 06:49:56===> API : /api/auth/logout ===> Message : logoutUserDB() Invoked !
info: ===> TimeStamp : 2025-06-03 06:49:56===> API : /api/auth/logout ===> Message : logoutUser() invoked!!
info: ===> TimeStamp : 2025-06-03 06:49:56===> API : /api/auth/logout ===> Message : logoutUserResponse() invoked!
info: ===> TimeStamp : 2025-06-03 06:49:56===> API : /api/auth/logout ===> Message : logoutUserResponse() completed
info: ===> TimeStamp : 2025-06-03 06:52:37===> API : null ===> Message : validateRequest() invoked
info: ===> TimeStamp : 2025-06-03 06:52:37===> API : null ===> Message : fetchDBSettings()
info: ===> TimeStamp : 2025-06-03 06:52:37===> API : null ===> Message : validateRequest() Invoked!
info: ===> TimeStamp : 2025-06-03 06:52:37===> API : null ===> Message : validRequest() :: Api validated Successfully
info: ===> TimeStamp : 2025-06-03 06:52:37===> API : /api/auth/logout ===> Message : logoutUser() invoked!!
info: ===> TimeStamp : 2025-06-03 06:52:37===> API : /api/auth/logout ===> Message : logoutUser() :: Request Object :: [object Object]
info: ===> TimeStamp : 2025-06-03 06:52:37===> API : /api/auth/logout ===> Message : logoutUserDB() Invoked !
info: ===> TimeStamp : 2025-06-03 06:52:37===> API : /api/auth/logout ===> Message : logoutUserResponse() invoked!
info: ===> TimeStamp : 2025-06-03 06:52:37===> API : /api/auth/logout ===> Message : logoutUserResponse() completed
info: ===> TimeStamp : 2025-06-03 07:00:19===> API : null ===> Message : validateRequest() invoked
info: ===> TimeStamp : 2025-06-03 07:00:19===> API : null ===> Message : fetchDBSettings()
info: ===> TimeStamp : 2025-06-03 07:00:19===> API : null ===> Message : validateRequest() Invoked!
info: ===> TimeStamp : 2025-06-03 07:00:19===> API : null ===> Message : validRequest() :: Api validated Successfully
info: ===> TimeStamp : 2025-06-03 07:00:19===> API : /api/auth/validateuser ===> Message : validateUser() invoked!!
info: ===> TimeStamp : 2025-06-03 07:00:19===> API : /api/auth/validateuser ===> Message : validateUser() :: Request Object :: [object Object]
info: ===> TimeStamp : 2025-06-03 07:00:19===> API : /api/auth/validateuser ===> Message : validateUserDB() Invoked !
info: ===> TimeStamp : 2025-06-03 07:00:19===> API : /api/auth/validateuser ===> Message : validateUserDB() :: Error :: {"code":"ER_SIGNAL_EXCEPTION","errno":1644,"sqlState":"10005","sqlMessage":"User Does Not Exist","sql":"CALL usp_validate_user('SAPNA', 'mary@12')"}
info: ===> TimeStamp : 2025-06-03 07:00:19===> API : /api/auth/validateuser ===> Message : validateUserDBResult :: Error :: {"ErrorCode":10005,"ErrorMessage":"User Does Not Exist"}
info: ===> TimeStamp : 2025-06-03 07:00:19===> API : /api/auth/validateuser ===> Message : validateUserResponse() invoked!
info: ===> TimeStamp : 2025-06-03 07:00:19===> API : /api/auth/validateuser ===> Message : validateUserResponse() completed
info: ===> TimeStamp : 2025-06-03 07:00:21===> API : null ===> Message : validateRequest() invoked
info: ===> TimeStamp : 2025-06-03 07:00:21===> API : null ===> Message : fetchDBSettings()
info: ===> TimeStamp : 2025-06-03 07:00:21===> API : null ===> Message : validateRequest() Invoked!
info: ===> TimeStamp : 2025-06-03 07:00:21===> API : null ===> Message : validRequest() :: Api validated Successfully
info: ===> TimeStamp : 2025-06-03 07:00:21===> API : /api/auth/validateuser ===> Message : validateUser() invoked!!
info: ===> TimeStamp : 2025-06-03 07:00:21===> API : /api/auth/validateuser ===> Message : validateUser() :: Request Object :: [object Object]
info: ===> TimeStamp : 2025-06-03 07:00:21===> API : /api/auth/validateuser ===> Message : validateUserDB() Invoked !
info: ===> TimeStamp : 2025-06-03 07:00:21===> API : /api/auth/validateuser ===> Message : validateUserDB() :: Error :: {"code":"ER_SIGNAL_EXCEPTION","errno":1644,"sqlState":"10005","sqlMessage":"User Does Not Exist","sql":"CALL usp_validate_user('SAPNA', 'mary@12')"}
info: ===> TimeStamp : 2025-06-03 07:00:21===> API : /api/auth/validateuser ===> Message : validateUserDBResult :: Error :: {"ErrorCode":10005,"ErrorMessage":"User Does Not Exist"}
info: ===> TimeStamp : 2025-06-03 07:00:21===> API : /api/auth/validateuser ===> Message : validateUserResponse() invoked!
info: ===> TimeStamp : 2025-06-03 07:00:21===> API : /api/auth/validateuser ===> Message : validateUserResponse() completed
info: ===> TimeStamp : 2025-06-03 07:00:26===> API : null ===> Message : validateRequest() invoked
info: ===> TimeStamp : 2025-06-03 07:00:26===> API : null ===> Message : fetchDBSettings()
info: ===> TimeStamp : 2025-06-03 07:00:26===> API : null ===> Message : validateRequest() Invoked!
info: ===> TimeStamp : 2025-06-03 07:00:26===> API : null ===> Message : validRequest() :: Api validated Successfully
info: ===> TimeStamp : 2025-06-03 07:00:26===> API : /api/auth/validateuser ===> Message : validateUser() invoked!!
info: ===> TimeStamp : 2025-06-03 07:00:26===> API : /api/auth/validateuser ===> Message : validateUser() :: Request Object :: [object Object]
info: ===> TimeStamp : 2025-06-03 07:00:26===> API : /api/auth/validateuser ===> Message : validateUserDB() Invoked !
info: ===> TimeStamp : 2025-06-03 07:00:26===> API : /api/auth/validateuser ===> Message : validateUserResponse() invoked!
info: ===> TimeStamp : 2025-06-03 07:00:26===> API : /api/auth/validateuser ===> Message : validateUserResponse() completed
info: ===> TimeStamp : 2025-06-03 07:00:26===> API : null ===> Message : validateRequest() invoked
info: ===> TimeStamp : 2025-06-03 07:00:26===> API : null ===> Message : fetchDBSettings()
info: ===> TimeStamp : 2025-06-03 07:00:26===> API : null ===> Message : validateRequest() Invoked!
info: ===> TimeStamp : 2025-06-03 07:00:26===> API : null ===> Message : validRequest() :: Api validated Successfully
info: ===> TimeStamp : 2025-06-03 07:00:26===> API : /api/auth/checkIP ===> Message : checkIP() invoked!!
info: ===> TimeStamp : 2025-06-03 07:00:26===> API : /api/auth/checkIP ===> Message : IPs match: 103.255.182.117
info: ===> TimeStamp : 2025-06-03 07:00:26===> API : /api/auth/checkIP ===> Message : checkIPResponse() invoked!
info: ===> TimeStamp : 2025-06-03 07:00:26===> API : /api/auth/checkIP ===> Message : checkIPResponse() completed
info: ===> TimeStamp : 2025-06-03 07:00:27===> API : null ===> Message : validateRequest() invoked
info: ===> TimeStamp : 2025-06-03 07:00:27===> API : null ===> Message : fetchDBSettings()
info: ===> TimeStamp : 2025-06-03 07:00:27===> API : null ===> Message : validateRequest() Invoked!
info: ===> TimeStamp : 2025-06-03 07:00:27===> API : null ===> Message : validRequest() :: Api validated Successfully
info: ===> TimeStamp : 2025-06-03 07:00:27===> API : /api/auth/login ===> Message : loginUser() invoked!!
info: ===> TimeStamp : 2025-06-03 07:00:27===> API : /api/auth/login ===> Message : loginUser() :: Request Object :: [object Object]
info: ===> TimeStamp : 2025-06-03 07:00:27===> API : /api/auth/login ===> Message : loginUserDB() Invoked !
info: ===> TimeStamp : 2025-06-03 07:00:27===> API : /api/auth/login ===> Message : loginUserResponse() invoked!
info: ===> TimeStamp : 2025-06-03 07:00:27===> API : /api/auth/login ===> Message : loginUserResponse() completed
info: ===> TimeStamp : 2025-06-03 07:03:46===> API : null ===> Message : validateRequest() invoked
info: ===> TimeStamp : 2025-06-03 07:03:46===> API : null ===> Message : fetchDBSettings()
info: ===> TimeStamp : 2025-06-03 07:03:47===> API : null ===> Message : validateRequest() Invoked!
info: ===> TimeStamp : 2025-06-03 07:03:47===> API : null ===> Message : validRequest() :: Api validated Successfully
info: ===> TimeStamp : 2025-06-03 07:03:47===> API : /api/auth/validateuser ===> Message : validateUser() invoked!!
info: ===> TimeStamp : 2025-06-03 07:03:47===> API : /api/auth/validateuser ===> Message : validateUser() :: Request Object :: [object Object]
info: ===> TimeStamp : 2025-06-03 07:03:47===> API : /api/auth/validateuser ===> Message : validateUserDB() Invoked !
info: ===> TimeStamp : 2025-06-03 07:03:47===> API : /api/auth/validateuser ===> Message : validateUserResponse() invoked!
info: ===> TimeStamp : 2025-06-03 07:03:47===> API : /api/auth/validateuser ===> Message : validateUserResponse() completed
info: ===> TimeStamp : 2025-06-03 07:03:47===> API : null ===> Message : validateRequest() invoked
info: ===> TimeStamp : 2025-06-03 07:03:47===> API : null ===> Message : fetchDBSettings()
info: ===> TimeStamp : 2025-06-03 07:03:47===> API : null ===> Message : validateRequest() Invoked!
info: ===> TimeStamp : 2025-06-03 07:03:47===> API : null ===> Message : validRequest() :: Api validated Successfully
info: ===> TimeStamp : 2025-06-03 07:03:47===> API : /api/auth/checkIP ===> Message : checkIP() invoked!!
info: ===> TimeStamp : 2025-06-03 07:03:47===> API : /api/auth/checkIP ===> Message : IPs match: 103.255.182.117
info: ===> TimeStamp : 2025-06-03 07:03:47===> API : /api/auth/checkIP ===> Message : checkIPResponse() invoked!
info: ===> TimeStamp : 2025-06-03 07:03:47===> API : /api/auth/checkIP ===> Message : checkIPResponse() completed
info: ===> TimeStamp : 2025-06-03 07:03:47===> API : null ===> Message : validateRequest() invoked
info: ===> TimeStamp : 2025-06-03 07:03:47===> API : null ===> Message : fetchDBSettings()
info: ===> TimeStamp : 2025-06-03 07:03:47===> API : null ===> Message : validateRequest() Invoked!
info: ===> TimeStamp : 2025-06-03 07:03:47===> API : null ===> Message : validRequest() :: Api validated Successfully
info: ===> TimeStamp : 2025-06-03 07:03:47===> API : /api/auth/login ===> Message : loginUser() invoked!!
info: ===> TimeStamp : 2025-06-03 07:03:47===> API : /api/auth/login ===> Message : loginUser() :: Request Object :: [object Object]
info: ===> TimeStamp : 2025-06-03 07:03:47===> API : /api/auth/login ===> Message : loginUserDB() Invoked !
info: ===> TimeStamp : 2025-06-03 07:03:47===> API : /api/auth/login ===> Message : loginUserResponse() invoked!
info: ===> TimeStamp : 2025-06-03 07:03:47===> API : /api/auth/login ===> Message : loginUserResponse() completed
info: ===> TimeStamp : 2025-06-03 07:09:35===> API : null ===> Message : validateRequest() invoked
info: ===> TimeStamp : 2025-06-03 07:09:35===> API : null ===> Message : fetchDBSettings()
info: ===> TimeStamp : 2025-06-03 07:09:35===> API : null ===> Message : validateRequest() Invoked!
info: ===> TimeStamp : 2025-06-03 07:09:35===> API : null ===> Message : validRequest() :: Api validated Successfully
info: ===> TimeStamp : 2025-06-03 07:09:35===> API : /api/auth/validateuser ===> Message : validateUser() :: Request Object :: [object Object]
info: ===> TimeStamp : 2025-06-03 07:09:35===> API : /api/auth/validateuser ===> Message : validateUser() invoked!!
info: ===> TimeStamp : 2025-06-03 07:09:35===> API : /api/auth/validateuser ===> Message : validateUserDB() Invoked !
info: ===> TimeStamp : 2025-06-03 07:09:35===> API : /api/auth/validateuser ===> Message : validateUserResponse() invoked!
info: ===> TimeStamp : 2025-06-03 07:09:35===> API : /api/auth/validateuser ===> Message : validateUserResponse() completed
info: ===> TimeStamp : 2025-06-03 07:09:36===> API : null ===> Message : validateRequest() invoked
info: ===> TimeStamp : 2025-06-03 07:09:36===> API : null ===> Message : fetchDBSettings()
info: ===> TimeStamp : 2025-06-03 07:09:36===> API : null ===> Message : validateRequest() Invoked!
info: ===> TimeStamp : 2025-06-03 07:09:36===> API : /api/auth/login ===> Message : loginUser() invoked!!
info: ===> TimeStamp : 2025-06-03 07:09:36===> API : /api/auth/login ===> Message : loginUser() :: Request Object :: [object Object]
info: ===> TimeStamp : 2025-06-03 07:09:36===> API : /api/auth/login ===> Message : loginUserDB() Invoked !
info: ===> TimeStamp : 2025-06-03 07:09:36===> API : null ===> Message : validRequest() :: Api validated Successfully
info: ===> TimeStamp : 2025-06-03 07:09:36===> API : /api/auth/login ===> Message : loginUserResponse() invoked!
info: ===> TimeStamp : 2025-06-03 07:09:36===> API : /api/auth/login ===> Message : loginUserResponse() completed
info: ===> TimeStamp : 2025-06-03 12:12:54===> API : null ===> Message : validateRequest() invoked
info: ===> TimeStamp : 2025-06-03 12:12:54===> API : null ===> Message : fetchDBSettings()
info: ===> TimeStamp : 2025-06-03 12:12:54===> API : null ===> Message : validateRequest() Invoked!
info: ===> TimeStamp : 2025-06-03 12:12:54===> API : null ===> Message : validRequest() :: Api validated Successfully
info: ===> TimeStamp : 2025-06-03 12:12:54===> API : /api/auth/validateuser ===> Message : validateUser() invoked!!
info: ===> TimeStamp : 2025-06-03 12:12:54===> API : /api/auth/validateuser ===> Message : validateUser() :: Request Object :: [object Object]
info: ===> TimeStamp : 2025-06-03 12:12:54===> API : /api/auth/validateuser ===> Message : validateUserDB() Invoked !
info: ===> TimeStamp : 2025-06-03 12:12:54===> API : /api/auth/validateuser ===> Message : validateUserResponse() invoked!
info: ===> TimeStamp : 2025-06-03 12:12:54===> API : /api/auth/validateuser ===> Message : validateUserResponse() completed
info: ===> TimeStamp : 2025-06-03 12:12:54===> API : null ===> Message : validateRequest() invoked
info: ===> TimeStamp : 2025-06-03 12:12:54===> API : null ===> Message : fetchDBSettings()
info: ===> TimeStamp : 2025-06-03 12:12:54===> API : null ===> Message : validateRequest() Invoked!
info: ===> TimeStamp : 2025-06-03 12:12:54===> API : null ===> Message : validRequest() :: Api validated Successfully
info: ===> TimeStamp : 2025-06-03 12:12:54===> API : /api/auth/login ===> Message : loginUser() invoked!!
info: ===> TimeStamp : 2025-06-03 12:12:54===> API : /api/auth/login ===> Message : loginUser() :: Request Object :: [object Object]
info: ===> TimeStamp : 2025-06-03 12:12:54===> API : /api/auth/login ===> Message : loginUserDB() Invoked !
info: ===> TimeStamp : 2025-06-03 12:12:54===> API : /api/auth/login ===> Message : loginUserResponse() invoked!
info: ===> TimeStamp : 2025-06-03 12:12:54===> API : /api/auth/login ===> Message : loginUserResponse() completed
info: ===> TimeStamp : 2025-06-03 12:25:02===> API : null ===> Message : validateRequest() invoked
info: ===> TimeStamp : 2025-06-03 12:25:02===> API : null ===> Message : fetchDBSettings()
info: ===> TimeStamp : 2025-06-03 12:25:02===> API : null ===> Message : validateRequest() Invoked!
info: ===> TimeStamp : 2025-06-03 12:25:02===> API : null ===> Message : validRequest() :: Api validated Successfully
info: ===> TimeStamp : 2025-06-03 12:25:02===> API : /api/auth/validateuser ===> Message : validateUser() invoked!!
info: ===> TimeStamp : 2025-06-03 12:25:02===> API : /api/auth/validateuser ===> Message : validateUser() :: Request Object :: [object Object]
info: ===> TimeStamp : 2025-06-03 12:25:02===> API : /api/auth/validateuser ===> Message : validateUserDB() Invoked !
info: ===> TimeStamp : 2025-06-03 12:25:02===> API : /api/auth/validateuser ===> Message : validateUserResponse() invoked!
info: ===> TimeStamp : 2025-06-03 12:25:02===> API : /api/auth/validateuser ===> Message : validateUserResponse() completed
info: ===> TimeStamp : 2025-06-03 12:25:03===> API : null ===> Message : validateRequest() invoked
info: ===> TimeStamp : 2025-06-03 12:25:03===> API : null ===> Message : fetchDBSettings()
info: ===> TimeStamp : 2025-06-03 12:25:03===> API : null ===> Message : validateRequest() Invoked!
info: ===> TimeStamp : 2025-06-03 12:25:03===> API : null ===> Message : validRequest() :: Api validated Successfully
info: ===> TimeStamp : 2025-06-03 12:25:03===> API : /api/auth/login ===> Message : loginUser() invoked!!
info: ===> TimeStamp : 2025-06-03 12:25:03===> API : /api/auth/login ===> Message : loginUser() :: Request Object :: [object Object]
info: ===> TimeStamp : 2025-06-03 12:25:03===> API : /api/auth/login ===> Message : loginUserDB() Invoked !
info: ===> TimeStamp : 2025-06-03 12:25:03===> API : /api/auth/login ===> Message : loginUserResponse() invoked!
info: ===> TimeStamp : 2025-06-03 12:25:03===> API : /api/auth/login ===> Message : loginUserResponse() completed
info: ===> TimeStamp : 2025-06-03 13:11:16===> API : null ===> Message : validateRequest() invoked
info: ===> TimeStamp : 2025-06-03 13:11:16===> API : null ===> Message : fetchDBSettings()
info: ===> TimeStamp : 2025-06-03 13:11:16===> API : null ===> Message : validateRequest() Invoked!
info: ===> TimeStamp : 2025-06-03 13:11:16===> API : null ===> Message : validRequest() :: Api validated Successfully
info: ===> TimeStamp : 2025-06-03 13:11:16===> API : /api/auth/validateuser ===> Message : validateUser() invoked!!
info: ===> TimeStamp : 2025-06-03 13:11:16===> API : /api/auth/validateuser ===> Message : validateUser() :: Request Object :: [object Object]
info: ===> TimeStamp : 2025-06-03 13:11:16===> API : /api/auth/validateuser ===> Message : validateUserDB() Invoked !
info: ===> TimeStamp : 2025-06-03 13:11:16===> API : /api/auth/validateuser ===> Message : validateUserResponse() invoked!
info: ===> TimeStamp : 2025-06-03 13:11:16===> API : /api/auth/validateuser ===> Message : validateUserResponse() completed
info: ===> TimeStamp : 2025-06-03 13:11:16===> API : null ===> Message : validateRequest() invoked
info: ===> TimeStamp : 2025-06-03 13:11:16===> API : null ===> Message : fetchDBSettings()
info: ===> TimeStamp : 2025-06-03 13:11:16===> API : null ===> Message : validateRequest() Invoked!
info: ===> TimeStamp : 2025-06-03 13:11:16===> API : null ===> Message : validRequest() :: Api validated Successfully
info: ===> TimeStamp : 2025-06-03 13:11:16===> API : /api/auth/login ===> Message : loginUser() invoked!!
info: ===> TimeStamp : 2025-06-03 13:11:16===> API : /api/auth/login ===> Message : loginUser() :: Request Object :: [object Object]
info: ===> TimeStamp : 2025-06-03 13:11:16===> API : /api/auth/login ===> Message : loginUserDB() Invoked !
info: ===> TimeStamp : 2025-06-03 13:11:16===> API : /api/auth/login ===> Message : loginUserResponse() invoked!
info: ===> TimeStamp : 2025-06-03 13:11:17===> API : /api/auth/login ===> Message : loginUserResponse() completed
info: ===> TimeStamp : 2025-06-03 13:28:57===> API : null ===> Message : validateRequest() invoked
info: ===> TimeStamp : 2025-06-03 13:28:57===> API : null ===> Message : fetchDBSettings()
info: ===> TimeStamp : 2025-06-03 13:28:57===> API : null ===> Message : validateRequest() Invoked!
info: ===> TimeStamp : 2025-06-03 13:28:57===> API : null ===> Message : validRequest() :: Api validated Successfully
info: ===> TimeStamp : 2025-06-03 13:28:57===> API : /api/auth/validateuser ===> Message : validateUser() invoked!!
info: ===> TimeStamp : 2025-06-03 13:28:57===> API : /api/auth/validateuser ===> Message : validateUser() :: Request Object :: [object Object]
info: ===> TimeStamp : 2025-06-03 13:28:57===> API : /api/auth/validateuser ===> Message : validateUserDB() Invoked !
info: ===> TimeStamp : 2025-06-03 13:28:57===> API : /api/auth/validateuser ===> Message : validateUserResponse() invoked!
info: ===> TimeStamp : 2025-06-03 13:28:57===> API : /api/auth/validateuser ===> Message : validateUserResponse() completed
info: ===> TimeStamp : 2025-06-03 13:28:57===> API : null ===> Message : validateRequest() invoked
info: ===> TimeStamp : 2025-06-03 13:28:57===> API : null ===> Message : fetchDBSettings()
info: ===> TimeStamp : 2025-06-03 13:28:57===> API : null ===> Message : validateRequest() Invoked!
info: ===> TimeStamp : 2025-06-03 13:28:57===> API : null ===> Message : validRequest() :: Api validated Successfully
info: ===> TimeStamp : 2025-06-03 13:28:57===> API : /api/auth/login ===> Message : loginUser() invoked!!
info: ===> TimeStamp : 2025-06-03 13:28:57===> API : /api/auth/login ===> Message : loginUser() :: Request Object :: [object Object]
info: ===> TimeStamp : 2025-06-03 13:28:57===> API : /api/auth/login ===> Message : loginUserDB() Invoked !
info: ===> TimeStamp : 2025-06-03 13:28:57===> API : /api/auth/login ===> Message : loginUserResponse() invoked!
info: ===> TimeStamp : 2025-06-03 13:28:57===> API : /api/auth/login ===> Message : loginUserResponse() completed
info: ===> TimeStamp : 2025-06-03 14:00:17===> API : null ===> Message : validateRequest() invoked
info: ===> TimeStamp : 2025-06-03 14:00:17===> API : null ===> Message : fetchDBSettings()
info: ===> TimeStamp : 2025-06-03 14:00:17===> API : null ===> Message : validateRequest() Invoked!
info: ===> TimeStamp : 2025-06-03 14:00:17===> API : null ===> Message : validRequest() :: Api validated Successfully
info: ===> TimeStamp : 2025-06-03 14:00:17===> API : /api/auth/logout ===> Message : logoutUser() invoked!!
info: ===> TimeStamp : 2025-06-03 14:00:17===> API : /api/auth/logout ===> Message : logoutUser() :: Request Object :: [object Object]
info: ===> TimeStamp : 2025-06-03 14:00:17===> API : /api/auth/logout ===> Message : logoutUserDB() Invoked !
info: ===> TimeStamp : 2025-06-03 14:00:17===> API : /api/auth/logout ===> Message : logoutUserResponse() invoked!
info: ===> TimeStamp : 2025-06-03 14:00:17===> API : /api/auth/logout ===> Message : logoutUserResponse() completed
info: ===> TimeStamp : 2025-06-03 14:00:20===> API : null ===> Message : validateRequest() invoked
info: ===> TimeStamp : 2025-06-03 14:00:20===> API : null ===> Message : fetchDBSettings()
info: ===> TimeStamp : 2025-06-03 14:00:20===> API : null ===> Message : validateRequest() Invoked!
info: ===> TimeStamp : 2025-06-03 14:00:20===> API : null ===> Message : validRequest() :: Api validated Successfully
info: ===> TimeStamp : 2025-06-03 14:00:20===> API : /api/auth/validateuser ===> Message : validateUser() invoked!!
info: ===> TimeStamp : 2025-06-03 14:00:20===> API : /api/auth/validateuser ===> Message : validateUser() :: Request Object :: [object Object]
info: ===> TimeStamp : 2025-06-03 14:00:20===> API : /api/auth/validateuser ===> Message : validateUserDB() Invoked !
info: ===> TimeStamp : 2025-06-03 14:00:20===> API : /api/auth/validateuser ===> Message : validateUserResponse() invoked!
info: ===> TimeStamp : 2025-06-03 14:00:20===> API : /api/auth/validateuser ===> Message : validateUserResponse() completed
info: ===> TimeStamp : 2025-06-03 14:00:20===> API : null ===> Message : validateRequest() invoked
info: ===> TimeStamp : 2025-06-03 14:00:20===> API : null ===> Message : fetchDBSettings()
info: ===> TimeStamp : 2025-06-03 14:00:20===> API : null ===> Message : validateRequest() Invoked!
info: ===> TimeStamp : 2025-06-03 14:00:20===> API : null ===> Message : validRequest() :: Api validated Successfully
info: ===> TimeStamp : 2025-06-03 14:00:20===> API : /api/auth/checkIP ===> Message : checkIP() invoked!!
info: ===> TimeStamp : 2025-06-03 14:00:20===> API : /api/auth/checkIP ===> Message : IPs match: 103.255.183.12
info: ===> TimeStamp : 2025-06-03 14:00:20===> API : /api/auth/checkIP ===> Message : checkIPResponse() invoked!
info: ===> TimeStamp : 2025-06-03 14:00:20===> API : /api/auth/checkIP ===> Message : checkIPResponse() completed
info: ===> TimeStamp : 2025-06-03 14:00:20===> API : null ===> Message : validateRequest() invoked
info: ===> TimeStamp : 2025-06-03 14:00:20===> API : null ===> Message : fetchDBSettings()
info: ===> TimeStamp : 2025-06-03 14:00:20===> API : null ===> Message : validateRequest() Invoked!
info: ===> TimeStamp : 2025-06-03 14:00:20===> API : null ===> Message : validRequest() :: Api validated Successfully
info: ===> TimeStamp : 2025-06-03 14:00:20===> API : /api/auth/login ===> Message : loginUser() invoked!!
info: ===> TimeStamp : 2025-06-03 14:00:20===> API : /api/auth/login ===> Message : loginUser() :: Request Object :: [object Object]
info: ===> TimeStamp : 2025-06-03 14:00:20===> API : /api/auth/login ===> Message : loginUserDB() Invoked !
info: ===> TimeStamp : 2025-06-03 14:00:20===> API : /api/auth/login ===> Message : loginUserResponse() invoked!
info: ===> TimeStamp : 2025-06-03 14:00:20===> API : /api/auth/login ===> Message : loginUserResponse() completed
info: ===> TimeStamp : 2025-06-03 14:00:54===> API : null ===> Message : validateRequest() invoked
info: ===> TimeStamp : 2025-06-03 14:00:54===> API : null ===> Message : fetchDBSettings()
info: ===> TimeStamp : 2025-06-03 14:00:54===> API : null ===> Message : validateRequest() Invoked!
info: ===> TimeStamp : 2025-06-03 14:00:54===> API : null ===> Message : validRequest() :: Api validated Successfully
info: ===> TimeStamp : 2025-06-03 14:00:54===> API : /api/auth/logout ===> Message : logoutUser() invoked!!
info: ===> TimeStamp : 2025-06-03 14:00:54===> API : /api/auth/logout ===> Message : logoutUser() :: Request Object :: [object Object]
info: ===> TimeStamp : 2025-06-03 14:00:54===> API : /api/auth/logout ===> Message : logoutUserDB() Invoked !
info: ===> TimeStamp : 2025-06-03 14:00:55===> API : /api/auth/logout ===> Message : logoutUserResponse() invoked!
info: ===> TimeStamp : 2025-06-03 14:00:55===> API : /api/auth/logout ===> Message : logoutUserResponse() completed
info: ===> TimeStamp : 2025-06-03 14:00:58===> API : null ===> Message : validateRequest() invoked
info: ===> TimeStamp : 2025-06-03 14:00:58===> API : null ===> Message : fetchDBSettings()
info: ===> TimeStamp : 2025-06-03 14:00:58===> API : null ===> Message : validateRequest() Invoked!
info: ===> TimeStamp : 2025-06-03 14:00:58===> API : null ===> Message : validRequest() :: Api validated Successfully
info: ===> TimeStamp : 2025-06-03 14:00:58===> API : /api/auth/validateuser ===> Message : validateUser() invoked!!
info: ===> TimeStamp : 2025-06-03 14:00:58===> API : /api/auth/validateuser ===> Message : validateUser() :: Request Object :: [object Object]
info: ===> TimeStamp : 2025-06-03 14:00:58===> API : /api/auth/validateuser ===> Message : validateUserDB() Invoked !
info: ===> TimeStamp : 2025-06-03 14:00:58===> API : /api/auth/validateuser ===> Message : validateUserResponse() invoked!
info: ===> TimeStamp : 2025-06-03 14:00:58===> API : /api/auth/validateuser ===> Message : validateUserResponse() completed
info: ===> TimeStamp : 2025-06-03 14:00:58===> API : null ===> Message : validateRequest() invoked
info: ===> TimeStamp : 2025-06-03 14:00:58===> API : null ===> Message : fetchDBSettings()
info: ===> TimeStamp : 2025-06-03 14:00:58===> API : null ===> Message : validateRequest() Invoked!
info: ===> TimeStamp : 2025-06-03 14:00:58===> API : null ===> Message : validRequest() :: Api validated Successfully
info: ===> TimeStamp : 2025-06-03 14:00:58===> API : /api/auth/login ===> Message : loginUser() invoked!!
info: ===> TimeStamp : 2025-06-03 14:00:58===> API : /api/auth/login ===> Message : loginUser() :: Request Object :: [object Object]
info: ===> TimeStamp : 2025-06-03 14:00:58===> API : /api/auth/login ===> Message : loginUserDB() Invoked !
info: ===> TimeStamp : 2025-06-03 14:00:58===> API : /api/auth/login ===> Message : loginUserResponse() invoked!
info: ===> TimeStamp : 2025-06-03 14:00:58===> API : /api/auth/login ===> Message : loginUserResponse() completed
info: ===> TimeStamp : 2025-06-03 14:38:55===> API : null ===> Message : validateRequest() invoked
info: ===> TimeStamp : 2025-06-03 14:38:55===> API : null ===> Message : fetchDBSettings()
info: ===> TimeStamp : 2025-06-03 14:38:55===> API : null ===> Message : validateRequest() Invoked!
info: ===> TimeStamp : 2025-06-03 14:38:55===> API : null ===> Message : validRequest() :: Api validated Successfully
info: ===> TimeStamp : 2025-06-03 14:38:55===> API : /api/auth/validateuser ===> Message : validateUser() invoked!!
info: ===> TimeStamp : 2025-06-03 14:38:55===> API : /api/auth/validateuser ===> Message : validateUser() :: Request Object :: [object Object]
info: ===> TimeStamp : 2025-06-03 14:38:55===> API : /api/auth/validateuser ===> Message : validateUserDB() Invoked !
info: ===> TimeStamp : 2025-06-03 14:38:55===> API : /api/auth/validateuser ===> Message : validateUserResponse() invoked!
info: ===> TimeStamp : 2025-06-03 14:38:55===> API : /api/auth/validateuser ===> Message : validateUserResponse() completed
info: ===> TimeStamp : 2025-06-03 14:38:55===> API : null ===> Message : validateRequest() invoked
info: ===> TimeStamp : 2025-06-03 14:38:55===> API : null ===> Message : fetchDBSettings()
info: ===> TimeStamp : 2025-06-03 14:38:55===> API : null ===> Message : validateRequest() Invoked!
info: ===> TimeStamp : 2025-06-03 14:38:55===> API : null ===> Message : validRequest() :: Api validated Successfully
info: ===> TimeStamp : 2025-06-03 14:38:55===> API : /api/auth/login ===> Message : loginUser() :: Request Object :: [object Object]
info: ===> TimeStamp : 2025-06-03 14:38:55===> API : /api/auth/login ===> Message : loginUserDB() Invoked !
info: ===> TimeStamp : 2025-06-03 14:38:55===> API : /api/auth/login ===> Message : loginUser() invoked!!
info: ===> TimeStamp : 2025-06-03 14:38:55===> API : /api/auth/login ===> Message : loginUserResponse() invoked!
info: ===> TimeStamp : 2025-06-03 14:38:55===> API : /api/auth/login ===> Message : loginUserResponse() completed
info: ===> TimeStamp : 2025-06-03 14:49:36===> API : null ===> Message : validateRequest() invoked
info: ===> TimeStamp : 2025-06-03 14:49:36===> API : null ===> Message : fetchDBSettings()
info: ===> TimeStamp : 2025-06-03 14:49:36===> API : null ===> Message : validateRequest() Invoked!
info: ===> TimeStamp : 2025-06-03 14:49:37===> API : null ===> Message : validRequest() :: Api validated Successfully
info: ===> TimeStamp : 2025-06-03 14:49:37===> API : /api/auth/logout ===> Message : logoutUser() invoked!!
info: ===> TimeStamp : 2025-06-03 14:49:37===> API : /api/auth/logout ===> Message : logoutUser() :: Request Object :: [object Object]
info: ===> TimeStamp : 2025-06-03 14:49:37===> API : /api/auth/logout ===> Message : logoutUserDB() Invoked !
info: ===> TimeStamp : 2025-06-03 14:49:37===> API : /api/auth/logout ===> Message : logoutUserResponse() invoked!
info: ===> TimeStamp : 2025-06-03 14:49:37===> API : /api/auth/logout ===> Message : logoutUserResponse() completed
info: ===> TimeStamp : 2025-06-03 14:50:00===> API : null ===> Message : validateRequest() invoked
info: ===> TimeStamp : 2025-06-03 14:50:00===> API : null ===> Message : fetchDBSettings()
info: ===> TimeStamp : 2025-06-03 14:50:00===> API : null ===> Message : validateRequest() Invoked!
info: ===> TimeStamp : 2025-06-03 14:50:00===> API : null ===> Message : validRequest() :: Api validated Successfully
info: ===> TimeStamp : 2025-06-03 14:50:00===> API : /api/auth/logout ===> Message : logoutUser() invoked!!
info: ===> TimeStamp : 2025-06-03 14:50:00===> API : /api/auth/logout ===> Message : logoutUser() :: Request Object :: [object Object]
info: ===> TimeStamp : 2025-06-03 14:50:00===> API : /api/auth/logout ===> Message : logoutUserDB() Invoked !
info: ===> TimeStamp : 2025-06-03 14:50:00===> API : /api/auth/logout ===> Message : logoutUserResponse() invoked!
info: ===> TimeStamp : 2025-06-03 14:50:00===> API : /api/auth/logout ===> Message : logoutUserResponse() completed
info: ===> TimeStamp : 2025-06-03 14:50:07===> API : null ===> Message : validateRequest() invoked
info: ===> TimeStamp : 2025-06-03 14:50:07===> API : null ===> Message : fetchDBSettings()
info: ===> TimeStamp : 2025-06-03 14:50:07===> API : null ===> Message : validateRequest() Invoked!
info: ===> TimeStamp : 2025-06-03 14:50:07===> API : /api/auth/validateuser ===> Message : validateUser() invoked!!
info: ===> TimeStamp : 2025-06-03 14:50:07===> API : /api/auth/validateuser ===> Message : validateUser() :: Request Object :: [object Object]
info: ===> TimeStamp : 2025-06-03 14:50:07===> API : null ===> Message : validRequest() :: Api validated Successfully
info: ===> TimeStamp : 2025-06-03 14:50:07===> API : /api/auth/validateuser ===> Message : validateUserDB() Invoked !
info: ===> TimeStamp : 2025-06-03 14:50:07===> API : /api/auth/validateuser ===> Message : validateUserResponse() invoked!
info: ===> TimeStamp : 2025-06-03 14:50:07===> API : /api/auth/validateuser ===> Message : validateUserResponse() completed
info: ===> TimeStamp : 2025-06-03 14:50:07===> API : null ===> Message : validateRequest() invoked
info: ===> TimeStamp : 2025-06-03 14:50:07===> API : null ===> Message : fetchDBSettings()
info: ===> TimeStamp : 2025-06-03 14:50:07===> API : null ===> Message : validateRequest() Invoked!
info: ===> TimeStamp : 2025-06-03 14:50:07===> API : null ===> Message : validRequest() :: Api validated Successfully
info: ===> TimeStamp : 2025-06-03 14:50:07===> API : /api/auth/checkIP ===> Message : checkIP() invoked!!
info: ===> TimeStamp : 2025-06-03 14:50:07===> API : /api/auth/checkIP ===> Message : IPs match: 103.255.182.117
info: ===> TimeStamp : 2025-06-03 14:50:07===> API : /api/auth/checkIP ===> Message : checkIPResponse() invoked!
info: ===> TimeStamp : 2025-06-03 14:50:07===> API : /api/auth/checkIP ===> Message : checkIPResponse() completed
info: ===> TimeStamp : 2025-06-03 14:50:07===> API : null ===> Message : validateRequest() invoked
info: ===> TimeStamp : 2025-06-03 14:50:07===> API : null ===> Message : fetchDBSettings()
info: ===> TimeStamp : 2025-06-03 14:50:07===> API : null ===> Message : validateRequest() Invoked!
info: ===> TimeStamp : 2025-06-03 14:50:07===> API : null ===> Message : validRequest() :: Api validated Successfully
info: ===> TimeStamp : 2025-06-03 14:50:07===> API : /api/auth/login ===> Message : loginUser() invoked!!
info: ===> TimeStamp : 2025-06-03 14:50:07===> API : /api/auth/login ===> Message : loginUser() :: Request Object :: [object Object]
info: ===> TimeStamp : 2025-06-03 14:50:07===> API : /api/auth/login ===> Message : loginUserDB() Invoked !
info: ===> TimeStamp : 2025-06-03 14:50:07===> API : /api/auth/login ===> Message : loginUserResponse() invoked!
info: ===> TimeStamp : 2025-06-03 14:50:07===> API : /api/auth/login ===> Message : loginUserResponse() completed
info: ===> TimeStamp : 2025-06-03 14:55:16===> API : null ===> Message : validateRequest() invoked
info: ===> TimeStamp : 2025-06-03 14:55:16===> API : null ===> Message : fetchDBSettings()
info: ===> TimeStamp : 2025-06-03 14:55:16===> API : null ===> Message : validateRequest() Invoked!
info: ===> TimeStamp : 2025-06-03 14:55:16===> API : /api/auth/validateuser ===> Message : validateUser() invoked!!
info: ===> TimeStamp : 2025-06-03 14:55:16===> API : /api/auth/validateuser ===> Message : validateUser() :: Request Object :: [object Object]
info: ===> TimeStamp : 2025-06-03 14:55:16===> API : null ===> Message : validRequest() :: Api validated Successfully
info: ===> TimeStamp : 2025-06-03 14:55:16===> API : /api/auth/validateuser ===> Message : validateUserDB() Invoked !
info: ===> TimeStamp : 2025-06-03 14:55:16===> API : /api/auth/validateuser ===> Message : validateUserResponse() invoked!
info: ===> TimeStamp : 2025-06-03 14:55:16===> API : /api/auth/validateuser ===> Message : validateUserResponse() completed
info: ===> TimeStamp : 2025-06-03 14:55:16===> API : null ===> Message : validateRequest() invoked
info: ===> TimeStamp : 2025-06-03 14:55:16===> API : null ===> Message : fetchDBSettings()
info: ===> TimeStamp : 2025-06-03 14:55:16===> API : null ===> Message : validateRequest() Invoked!
info: ===> TimeStamp : 2025-06-03 14:55:16===> API : null ===> Message : validRequest() :: Api validated Successfully
info: ===> TimeStamp : 2025-06-03 14:55:16===> API : /api/auth/checkIP ===> Message : checkIP() invoked!!
info: ===> TimeStamp : 2025-06-03 14:55:16===> API : /api/auth/checkIP ===> Message : IPs match: 103.255.182.117
info: ===> TimeStamp : 2025-06-03 14:55:16===> API : /api/auth/checkIP ===> Message : checkIPResponse() invoked!
info: ===> TimeStamp : 2025-06-03 14:55:16===> API : /api/auth/checkIP ===> Message : checkIPResponse() completed
info: ===> TimeStamp : 2025-06-03 14:55:17===> API : null ===> Message : validateRequest() invoked
info: ===> TimeStamp : 2025-06-03 14:55:17===> API : null ===> Message : fetchDBSettings()
info: ===> TimeStamp : 2025-06-03 14:55:17===> API : null ===> Message : validateRequest() Invoked!
info: ===> TimeStamp : 2025-06-03 14:55:17===> API : null ===> Message : validRequest() :: Api validated Successfully
info: ===> TimeStamp : 2025-06-03 14:55:17===> API : /api/auth/login ===> Message : loginUser() invoked!!
info: ===> TimeStamp : 2025-06-03 14:55:17===> API : /api/auth/login ===> Message : loginUser() :: Request Object :: [object Object]
info: ===> TimeStamp : 2025-06-03 14:55:17===> API : /api/auth/login ===> Message : loginUserDB() Invoked !
info: ===> TimeStamp : 2025-06-03 14:55:17===> API : /api/auth/login ===> Message : loginUserResponse() invoked!
info: ===> TimeStamp : 2025-06-03 14:55:17===> API : /api/auth/login ===> Message : loginUserResponse() completed
info: ===> TimeStamp : 2025-06-03 16:07:58===> API : null ===> Message : validateRequest() invoked
info: ===> TimeStamp : 2025-06-03 16:07:58===> API : null ===> Message : fetchDBSettings()
info: ===> TimeStamp : 2025-06-03 16:07:58===> API : null ===> Message : validateRequest() Invoked!
info: ===> TimeStamp : 2025-06-03 16:07:58===> API : null ===> Message : validRequest() :: Api validated Successfully
info: ===> TimeStamp : 2025-06-03 16:07:58===> API : /api/auth/validateuser ===> Message : validateUser() invoked!!
info: ===> TimeStamp : 2025-06-03 16:07:58===> API : /api/auth/validateuser ===> Message : validateUser() :: Request Object :: [object Object]
info: ===> TimeStamp : 2025-06-03 16:07:58===> API : /api/auth/validateuser ===> Message : validateUserDB() Invoked !
info: ===> TimeStamp : 2025-06-03 16:07:58===> API : /api/auth/validateuser ===> Message : validateUserResponse() invoked!
info: ===> TimeStamp : 2025-06-03 16:07:58===> API : /api/auth/validateuser ===> Message : validateUserResponse() completed
info: ===> TimeStamp : 2025-06-03 16:07:58===> API : null ===> Message : validateRequest() invoked
info: ===> TimeStamp : 2025-06-03 16:07:58===> API : null ===> Message : fetchDBSettings()
info: ===> TimeStamp : 2025-06-03 16:07:58===> API : null ===> Message : validateRequest() Invoked!
info: ===> TimeStamp : 2025-06-03 16:07:58===> API : null ===> Message : validRequest() :: Api validated Successfully
info: ===> TimeStamp : 2025-06-03 16:07:58===> API : /api/auth/checkIP ===> Message : checkIP() invoked!!
info: ===> TimeStamp : 2025-06-03 16:07:58===> API : /api/auth/checkIP ===> Message : IPs match: 103.255.182.117
info: ===> TimeStamp : 2025-06-03 16:07:58===> API : /api/auth/checkIP ===> Message : checkIPResponse() invoked!
info: ===> TimeStamp : 2025-06-03 16:07:58===> API : /api/auth/checkIP ===> Message : checkIPResponse() completed
info: ===> TimeStamp : 2025-06-03 16:07:58===> API : null ===> Message : validateRequest() invoked
info: ===> TimeStamp : 2025-06-03 16:07:58===> API : null ===> Message : fetchDBSettings()
info: ===> TimeStamp : 2025-06-03 16:07:58===> API : null ===> Message : validateRequest() Invoked!
info: ===> TimeStamp : 2025-06-03 16:07:58===> API : null ===> Message : validRequest() :: Api validated Successfully
info: ===> TimeStamp : 2025-06-03 16:07:58===> API : /api/auth/login ===> Message : loginUser() invoked!!
info: ===> TimeStamp : 2025-06-03 16:07:58===> API : /api/auth/login ===> Message : loginUser() :: Request Object :: [object Object]
info: ===> TimeStamp : 2025-06-03 16:07:58===> API : /api/auth/login ===> Message : loginUserDB() Invoked !
info: ===> TimeStamp : 2025-06-03 16:07:58===> API : /api/auth/login ===> Message : loginUserResponse() invoked!
info: ===> TimeStamp : 2025-06-03 16:07:58===> API : /api/auth/login ===> Message : loginUserResponse() completed
info: ===> TimeStamp : 2025-06-03 17:12:53===> API : null ===> Message : validateRequest() invoked
info: ===> TimeStamp : 2025-06-03 17:12:53===> API : null ===> Message : fetchDBSettings()
info: ===> TimeStamp : 2025-06-03 17:12:53===> API : null ===> Message : validateRequest() Invoked!
info: ===> TimeStamp : 2025-06-03 17:12:53===> API : null ===> Message : validRequest() :: Api validated Successfully
info: ===> TimeStamp : 2025-06-03 17:12:53===> API : /api/auth/validateuser ===> Message : validateUser() invoked!!
info: ===> TimeStamp : 2025-06-03 17:12:53===> API : /api/auth/validateuser ===> Message : validateUser() :: Request Object :: [object Object]
info: ===> TimeStamp : 2025-06-03 17:12:53===> API : /api/auth/validateuser ===> Message : validateUserDB() Invoked !
info: ===> TimeStamp : 2025-06-03 17:12:53===> API : /api/auth/validateuser ===> Message : validateUserResponse() invoked!
info: ===> TimeStamp : 2025-06-03 17:12:53===> API : /api/auth/validateuser ===> Message : validateUserResponse() completed
info: ===> TimeStamp : 2025-06-03 17:12:53===> API : null ===> Message : validateRequest() invoked
info: ===> TimeStamp : 2025-06-03 17:12:53===> API : null ===> Message : fetchDBSettings()
info: ===> TimeStamp : 2025-06-03 17:12:53===> API : null ===> Message : validateRequest() Invoked!
info: ===> TimeStamp : 2025-06-03 17:12:53===> API : null ===> Message : validRequest() :: Api validated Successfully
info: ===> TimeStamp : 2025-06-03 17:12:53===> API : /api/auth/checkIP ===> Message : checkIP() invoked!!
info: ===> TimeStamp : 2025-06-03 17:12:53===> API : /api/auth/checkIP ===> Message : IPs match: 103.255.182.117
info: ===> TimeStamp : 2025-06-03 17:12:53===> API : /api/auth/checkIP ===> Message : checkIPResponse() invoked!
info: ===> TimeStamp : 2025-06-03 17:12:53===> API : /api/auth/checkIP ===> Message : checkIPResponse() completed
info: ===> TimeStamp : 2025-06-03 17:12:53===> API : null ===> Message : validateRequest() invoked
info: ===> TimeStamp : 2025-06-03 17:12:53===> API : null ===> Message : fetchDBSettings()
info: ===> TimeStamp : 2025-06-03 17:12:53===> API : null ===> Message : validateRequest() Invoked!
info: ===> TimeStamp : 2025-06-03 17:12:54===> API : null ===> Message : validRequest() :: Api validated Successfully
info: ===> TimeStamp : 2025-06-03 17:12:54===> API : /api/auth/login ===> Message : loginUser() invoked!!
info: ===> TimeStamp : 2025-06-03 17:12:54===> API : /api/auth/login ===> Message : loginUser() :: Request Object :: [object Object]
info: ===> TimeStamp : 2025-06-03 17:12:54===> API : /api/auth/login ===> Message : loginUserDB() Invoked !
info: ===> TimeStamp : 2025-06-03 17:12:54===> API : /api/auth/login ===> Message : loginUserResponse() invoked!
info: ===> TimeStamp : 2025-06-03 17:12:54===> API : /api/auth/login ===> Message : loginUserResponse() completed
info: ===> TimeStamp : 2025-06-03 18:44:28===> API : null ===> Message : validateRequest() invoked
info: ===> TimeStamp : 2025-06-03 18:44:28===> API : null ===> Message : validateRequest() Error:: Invalid Request :: 
      {"apiUri":"/pdown"}
info: ===> TimeStamp : 2025-06-03 19:15:07===> API : null ===> Message : validateRequest() invoked
info: ===> TimeStamp : 2025-06-03 19:15:07===> API : null ===> Message : fetchDBSettings()
info: ===> TimeStamp : 2025-06-03 19:15:07===> API : null ===> Message : validateRequest() Invoked!
info: ===> TimeStamp : 2025-06-03 19:15:07===> API : null ===> Message : validRequest() :: Api validated Successfully
info: ===> TimeStamp : 2025-06-03 19:15:07===> API : /api/auth/validateuser ===> Message : validateUser() invoked!!
info: ===> TimeStamp : 2025-06-03 19:15:07===> API : /api/auth/validateuser ===> Message : validateUser() :: Request Object :: [object Object]
info: ===> TimeStamp : 2025-06-03 19:15:07===> API : /api/auth/validateuser ===> Message : validateUserDB() Invoked !
info: ===> TimeStamp : 2025-06-03 19:15:07===> API : /api/auth/validateuser ===> Message : validateUserResponse() invoked!
info: ===> TimeStamp : 2025-06-03 19:15:07===> API : /api/auth/validateuser ===> Message : validateUserResponse() completed
info: ===> TimeStamp : 2025-06-03 19:15:07===> API : null ===> Message : validateRequest() invoked
info: ===> TimeStamp : 2025-06-03 19:15:07===> API : null ===> Message : fetchDBSettings()
info: ===> TimeStamp : 2025-06-03 19:15:07===> API : null ===> Message : validateRequest() Invoked!
info: ===> TimeStamp : 2025-06-03 19:15:07===> API : null ===> Message : validRequest() :: Api validated Successfully
info: ===> TimeStamp : 2025-06-03 19:15:07===> API : /api/auth/login ===> Message : loginUser() invoked!!
info: ===> TimeStamp : 2025-06-03 19:15:07===> API : /api/auth/login ===> Message : loginUser() :: Request Object :: [object Object]
info: ===> TimeStamp : 2025-06-03 19:15:07===> API : /api/auth/login ===> Message : loginUserDB() Invoked !
info: ===> TimeStamp : 2025-06-03 19:15:07===> API : /api/auth/login ===> Message : loginUserResponse() invoked!
info: ===> TimeStamp : 2025-06-03 19:15:07===> API : /api/auth/login ===> Message : loginUserResponse() completed
info: ===> TimeStamp : 2025-06-03 19:30:32===> API : null ===> Message : validateRequest() invoked
info: ===> TimeStamp : 2025-06-03 19:30:32===> API : null ===> Message : fetchDBSettings()
info: ===> TimeStamp : 2025-06-03 19:30:32===> API : null ===> Message : validateRequest() Invoked!
info: ===> TimeStamp : 2025-06-03 19:30:32===> API : null ===> Message : validRequest() :: Api validated Successfully
info: ===> TimeStamp : 2025-06-03 19:30:32===> API : /api/auth/validateuser ===> Message : validateUser() invoked!!
info: ===> TimeStamp : 2025-06-03 19:30:32===> API : /api/auth/validateuser ===> Message : validateUser() :: Request Object :: [object Object]
info: ===> TimeStamp : 2025-06-03 19:30:32===> API : /api/auth/validateuser ===> Message : validateUserDB() Invoked !
info: ===> TimeStamp : 2025-06-03 19:30:32===> API : /api/auth/validateuser ===> Message : validateUserResponse() invoked!
info: ===> TimeStamp : 2025-06-03 19:30:32===> API : /api/auth/validateuser ===> Message : validateUserResponse() completed
info: ===> TimeStamp : 2025-06-03 19:30:32===> API : null ===> Message : validateRequest() invoked
info: ===> TimeStamp : 2025-06-03 19:30:32===> API : null ===> Message : fetchDBSettings()
info: ===> TimeStamp : 2025-06-03 19:30:32===> API : null ===> Message : validateRequest() Invoked!
info: ===> TimeStamp : 2025-06-03 19:30:32===> API : null ===> Message : validRequest() :: Api validated Successfully
info: ===> TimeStamp : 2025-06-03 19:30:32===> API : /api/auth/login ===> Message : loginUser() invoked!!
info: ===> TimeStamp : 2025-06-03 19:30:32===> API : /api/auth/login ===> Message : loginUser() :: Request Object :: [object Object]
info: ===> TimeStamp : 2025-06-03 19:30:32===> API : /api/auth/login ===> Message : loginUserDB() Invoked !
info: ===> TimeStamp : 2025-06-03 19:30:32===> API : /api/auth/login ===> Message : loginUserResponse() invoked!
info: ===> TimeStamp : 2025-06-03 19:30:32===> API : /api/auth/login ===> Message : loginUserResponse() completed
info: ===> TimeStamp : 2025-06-03 19:52:48===> API : null ===> Message : validateRequest() invoked
info: ===> TimeStamp : 2025-06-03 19:52:48===> API : null ===> Message : fetchDBSettings()
info: ===> TimeStamp : 2025-06-03 19:52:48===> API : null ===> Message : validateRequest() Invoked!
info: ===> TimeStamp : 2025-06-03 19:52:48===> API : null ===> Message : validRequest() :: Api validated Successfully
info: ===> TimeStamp : 2025-06-03 19:52:48===> API : /api/auth/validateuser ===> Message : validateUser() invoked!!
info: ===> TimeStamp : 2025-06-03 19:52:48===> API : /api/auth/validateuser ===> Message : validateUser() :: Request Object :: [object Object]
info: ===> TimeStamp : 2025-06-03 19:52:48===> API : /api/auth/validateuser ===> Message : validateUserDB() Invoked !
info: ===> TimeStamp : 2025-06-03 19:52:48===> API : /api/auth/validateuser ===> Message : validateUserResponse() invoked!
info: ===> TimeStamp : 2025-06-03 19:52:48===> API : /api/auth/validateuser ===> Message : validateUserResponse() completed
info: ===> TimeStamp : 2025-06-03 19:52:48===> API : null ===> Message : validateRequest() invoked
info: ===> TimeStamp : 2025-06-03 19:52:48===> API : null ===> Message : fetchDBSettings()
info: ===> TimeStamp : 2025-06-03 19:52:48===> API : null ===> Message : validateRequest() Invoked!
info: ===> TimeStamp : 2025-06-03 19:52:48===> API : null ===> Message : validRequest() :: Api validated Successfully
info: ===> TimeStamp : 2025-06-03 19:52:48===> API : /api/auth/login ===> Message : loginUser() invoked!!
info: ===> TimeStamp : 2025-06-03 19:52:48===> API : /api/auth/login ===> Message : loginUser() :: Request Object :: [object Object]
info: ===> TimeStamp : 2025-06-03 19:52:48===> API : /api/auth/login ===> Message : loginUserDB() Invoked !
info: ===> TimeStamp : 2025-06-03 19:52:48===> API : /api/auth/login ===> Message : loginUserResponse() invoked!
info: ===> TimeStamp : 2025-06-03 19:52:48===> API : /api/auth/login ===> Message : loginUserResponse() completed
info: ===> TimeStamp : 2025-06-03 20:50:16===> API : null ===> Message : validateRequest() invoked
info: ===> TimeStamp : 2025-06-03 20:50:16===> API : null ===> Message : fetchDBSettings()
info: ===> TimeStamp : 2025-06-03 20:50:16===> API : null ===> Message : validateRequest() Invoked!
info: ===> TimeStamp : 2025-06-03 20:50:16===> API : null ===> Message : validRequest() :: Api validated Successfully
info: ===> TimeStamp : 2025-06-03 20:50:16===> API : /api/auth/validateuser ===> Message : validateUser() invoked!!
info: ===> TimeStamp : 2025-06-03 20:50:16===> API : /api/auth/validateuser ===> Message : validateUser() :: Request Object :: [object Object]
info: ===> TimeStamp : 2025-06-03 20:50:16===> API : /api/auth/validateuser ===> Message : validateUserDB() Invoked !
info: ===> TimeStamp : 2025-06-03 20:50:16===> API : /api/auth/validateuser ===> Message : validateUserResponse() invoked!
info: ===> TimeStamp : 2025-06-03 20:50:16===> API : /api/auth/validateuser ===> Message : validateUserResponse() completed
info: ===> TimeStamp : 2025-06-03 20:50:16===> API : null ===> Message : validateRequest() invoked
info: ===> TimeStamp : 2025-06-03 20:50:16===> API : null ===> Message : fetchDBSettings()
info: ===> TimeStamp : 2025-06-03 20:50:16===> API : null ===> Message : validateRequest() Invoked!
info: ===> TimeStamp : 2025-06-03 20:50:16===> API : null ===> Message : validRequest() :: Api validated Successfully
info: ===> TimeStamp : 2025-06-03 20:50:16===> API : /api/auth/login ===> Message : loginUser() invoked!!
info: ===> TimeStamp : 2025-06-03 20:50:16===> API : /api/auth/login ===> Message : loginUser() :: Request Object :: [object Object]
info: ===> TimeStamp : 2025-06-03 20:50:16===> API : /api/auth/login ===> Message : loginUserDB() Invoked !
info: ===> TimeStamp : 2025-06-03 20:50:16===> API : /api/auth/login ===> Message : loginUserResponse() invoked!
info: ===> TimeStamp : 2025-06-03 20:50:16===> API : /api/auth/login ===> Message : loginUserResponse() completed
info: ===> TimeStamp : 2025-06-03 21:33:20===> API : null ===> Message : validateRequest() invoked
info: ===> TimeStamp : 2025-06-03 21:33:20===> API : null ===> Message : fetchDBSettings()
info: ===> TimeStamp : 2025-06-03 21:33:20===> API : null ===> Message : validateRequest() Invoked!
info: ===> TimeStamp : 2025-06-03 21:33:20===> API : null ===> Message : validRequest() :: Api validated Successfully
info: ===> TimeStamp : 2025-06-03 21:33:20===> API : /api/auth/logout ===> Message : logoutUser() invoked!!
info: ===> TimeStamp : 2025-06-03 21:33:20===> API : /api/auth/logout ===> Message : logoutUser() :: Request Object :: [object Object]
info: ===> TimeStamp : 2025-06-03 21:33:20===> API : /api/auth/logout ===> Message : logoutUserDB() Invoked !
info: ===> TimeStamp : 2025-06-03 21:33:20===> API : /api/auth/logout ===> Message : logoutUserResponse() invoked!
info: ===> TimeStamp : 2025-06-03 21:33:20===> API : /api/auth/logout ===> Message : logoutUserResponse() completed
info: ===> TimeStamp : 2025-06-03 21:40:15===> API : null ===> Message : validateRequest() invoked
info: ===> TimeStamp : 2025-06-03 21:40:15===> API : null ===> Message : fetchDBSettings()
info: ===> TimeStamp : 2025-06-03 21:40:15===> API : null ===> Message : validateRequest() Invoked!
info: ===> TimeStamp : 2025-06-03 21:40:15===> API : null ===> Message : validRequest() :: Api validated Successfully
info: ===> TimeStamp : 2025-06-03 21:40:15===> API : /api/auth/logout ===> Message : logoutUser() invoked!!
info: ===> TimeStamp : 2025-06-03 21:40:15===> API : /api/auth/logout ===> Message : logoutUser() :: Request Object :: [object Object]
info: ===> TimeStamp : 2025-06-03 21:40:15===> API : /api/auth/logout ===> Message : logoutUserDB() Invoked !
info: ===> TimeStamp : 2025-06-03 21:40:15===> API : /api/auth/logout ===> Message : logoutUserResponse() invoked!
info: ===> TimeStamp : 2025-06-03 21:40:15===> API : /api/auth/logout ===> Message : logoutUserResponse() completed
info: ===> TimeStamp : 2025-06-03 21:40:19===> API : null ===> Message : validateRequest() invoked
info: ===> TimeStamp : 2025-06-03 21:40:19===> API : null ===> Message : fetchDBSettings()
info: ===> TimeStamp : 2025-06-03 21:40:19===> API : null ===> Message : validateRequest() Invoked!
info: ===> TimeStamp : 2025-06-03 21:40:19===> API : null ===> Message : validRequest() :: Api validated Successfully
info: ===> TimeStamp : 2025-06-03 21:40:19===> API : /api/auth/validateuser ===> Message : validateUser() invoked!!
info: ===> TimeStamp : 2025-06-03 21:40:19===> API : /api/auth/validateuser ===> Message : validateUser() :: Request Object :: [object Object]
info: ===> TimeStamp : 2025-06-03 21:40:19===> API : /api/auth/validateuser ===> Message : validateUserDB() Invoked !
info: ===> TimeStamp : 2025-06-03 21:40:19===> API : /api/auth/validateuser ===> Message : validateUserResponse() invoked!
info: ===> TimeStamp : 2025-06-03 21:40:19===> API : /api/auth/validateuser ===> Message : validateUserResponse() completed
info: ===> TimeStamp : 2025-06-03 21:40:19===> API : null ===> Message : validateRequest() invoked
info: ===> TimeStamp : 2025-06-03 21:40:19===> API : null ===> Message : fetchDBSettings()
info: ===> TimeStamp : 2025-06-03 21:40:19===> API : null ===> Message : validateRequest() Invoked!
info: ===> TimeStamp : 2025-06-03 21:40:19===> API : null ===> Message : validRequest() :: Api validated Successfully
info: ===> TimeStamp : 2025-06-03 21:40:19===> API : /api/auth/checkIP ===> Message : IPs match: 103.225.102.194
info: ===> TimeStamp : 2025-06-03 21:40:19===> API : /api/auth/checkIP ===> Message : checkIP() invoked!!
info: ===> TimeStamp : 2025-06-03 21:40:19===> API : /api/auth/checkIP ===> Message : checkIPResponse() invoked!
info: ===> TimeStamp : 2025-06-03 21:40:19===> API : /api/auth/checkIP ===> Message : checkIPResponse() completed
info: ===> TimeStamp : 2025-06-03 21:40:19===> API : null ===> Message : validateRequest() invoked
info: ===> TimeStamp : 2025-06-03 21:40:19===> API : null ===> Message : fetchDBSettings()
info: ===> TimeStamp : 2025-06-03 21:40:19===> API : null ===> Message : validateRequest() Invoked!
info: ===> TimeStamp : 2025-06-03 21:40:19===> API : null ===> Message : validRequest() :: Api validated Successfully
info: ===> TimeStamp : 2025-06-03 21:40:19===> API : /api/auth/login ===> Message : loginUser() invoked!!
info: ===> TimeStamp : 2025-06-03 21:40:19===> API : /api/auth/login ===> Message : loginUser() :: Request Object :: [object Object]
info: ===> TimeStamp : 2025-06-03 21:40:19===> API : /api/auth/login ===> Message : loginUserDB() Invoked !
info: ===> TimeStamp : 2025-06-03 21:40:19===> API : /api/auth/login ===> Message : loginUserResponse() invoked!
info: ===> TimeStamp : 2025-06-03 21:40:19===> API : /api/auth/login ===> Message : loginUserResponse() completed
info: ===> TimeStamp : 2025-06-03 21:40:41===> API : null ===> Message : validateRequest() invoked
info: ===> TimeStamp : 2025-06-03 21:40:41===> API : null ===> Message : fetchDBSettings()
info: ===> TimeStamp : 2025-06-03 21:40:41===> API : null ===> Message : validateRequest() Invoked!
info: ===> TimeStamp : 2025-06-03 21:40:41===> API : null ===> Message : validRequest() :: Api validated Successfully
info: ===> TimeStamp : 2025-06-03 21:40:41===> API : /api/auth/validateuser ===> Message : validateUser() :: Request Object :: [object Object]
info: ===> TimeStamp : 2025-06-03 21:40:41===> API : /api/auth/validateuser ===> Message : validateUser() invoked!!
info: ===> TimeStamp : 2025-06-03 21:40:41===> API : /api/auth/validateuser ===> Message : validateUserDB() Invoked !
info: ===> TimeStamp : 2025-06-03 21:40:41===> API : /api/auth/validateuser ===> Message : validateUserResponse() invoked!
info: ===> TimeStamp : 2025-06-03 21:40:41===> API : /api/auth/validateuser ===> Message : validateUserResponse() completed
info: ===> TimeStamp : 2025-06-03 21:40:41===> API : null ===> Message : validateRequest() invoked
info: ===> TimeStamp : 2025-06-03 21:40:41===> API : null ===> Message : fetchDBSettings()
info: ===> TimeStamp : 2025-06-03 21:40:41===> API : null ===> Message : validateRequest() Invoked!
info: ===> TimeStamp : 2025-06-03 21:40:41===> API : null ===> Message : validRequest() :: Api validated Successfully
info: ===> TimeStamp : 2025-06-03 21:40:41===> API : /api/auth/checkIP ===> Message : checkIP() invoked!!
info: ===> TimeStamp : 2025-06-03 21:40:41===> API : /api/auth/checkIP ===> Message : IPs match: 103.225.102.194
info: ===> TimeStamp : 2025-06-03 21:40:41===> API : /api/auth/checkIP ===> Message : checkIPResponse() invoked!
info: ===> TimeStamp : 2025-06-03 21:40:41===> API : /api/auth/checkIP ===> Message : checkIPResponse() completed
info: ===> TimeStamp : 2025-06-03 21:40:41===> API : null ===> Message : validateRequest() invoked
info: ===> TimeStamp : 2025-06-03 21:40:41===> API : null ===> Message : fetchDBSettings()
info: ===> TimeStamp : 2025-06-03 21:40:41===> API : null ===> Message : validateRequest() Invoked!
info: ===> TimeStamp : 2025-06-03 21:40:41===> API : null ===> Message : validRequest() :: Api validated Successfully
info: ===> TimeStamp : 2025-06-03 21:40:41===> API : /api/auth/login ===> Message : loginUser() invoked!!
info: ===> TimeStamp : 2025-06-03 21:40:41===> API : /api/auth/login ===> Message : loginUser() :: Request Object :: [object Object]
info: ===> TimeStamp : 2025-06-03 21:40:41===> API : /api/auth/login ===> Message : loginUserDB() Invoked !
info: ===> TimeStamp : 2025-06-03 21:40:41===> API : /api/auth/login ===> Message : loginUserResponse() invoked!
info: ===> TimeStamp : 2025-06-03 21:40:41===> API : /api/auth/login ===> Message : loginUserResponse() completed
info: ===> TimeStamp : 2025-06-03 21:50:21===> API : null ===> Message : fetchDBSettings()
info: ===> TimeStamp : 2025-06-03 21:50:21===> API : null ===> Message : validateRequest() invoked
info: ===> TimeStamp : 2025-06-03 21:50:21===> API : null ===> Message : validateRequest() Invoked!
info: ===> TimeStamp : 2025-06-03 21:50:21===> API : null ===> Message : validRequest() :: Api validated Successfully
info: ===> TimeStamp : 2025-06-03 21:50:21===> API : /api/auth/validateuser ===> Message : validateUser() invoked!!
info: ===> TimeStamp : 2025-06-03 21:50:21===> API : /api/auth/validateuser ===> Message : validateUser() :: Request Object :: [object Object]
info: ===> TimeStamp : 2025-06-03 21:50:21===> API : /api/auth/validateuser ===> Message : validateUserDB() Invoked !
info: ===> TimeStamp : 2025-06-03 21:50:21===> API : /api/auth/validateuser ===> Message : validateUserResponse() invoked!
info: ===> TimeStamp : 2025-06-03 21:50:21===> API : /api/auth/validateuser ===> Message : validateUserResponse() completed
info: ===> TimeStamp : 2025-06-03 21:50:21===> API : null ===> Message : validateRequest() invoked
info: ===> TimeStamp : 2025-06-03 21:50:21===> API : null ===> Message : fetchDBSettings()
info: ===> TimeStamp : 2025-06-03 21:50:21===> API : null ===> Message : validateRequest() Invoked!
info: ===> TimeStamp : 2025-06-03 21:50:21===> API : /api/auth/checkIP ===> Message : checkIP() invoked!!
info: ===> TimeStamp : 2025-06-03 21:50:21===> API : null ===> Message : validRequest() :: Api validated Successfully
info: ===> TimeStamp : 2025-06-03 21:50:21===> API : /api/auth/checkIP ===> Message : IPs match: 103.225.102.194
info: ===> TimeStamp : 2025-06-03 21:50:21===> API : /api/auth/checkIP ===> Message : checkIPResponse() invoked!
info: ===> TimeStamp : 2025-06-03 21:50:21===> API : /api/auth/checkIP ===> Message : checkIPResponse() completed
info: ===> TimeStamp : 2025-06-03 21:50:21===> API : null ===> Message : validateRequest() invoked
info: ===> TimeStamp : 2025-06-03 21:50:21===> API : null ===> Message : fetchDBSettings()
info: ===> TimeStamp : 2025-06-03 21:50:21===> API : null ===> Message : validateRequest() Invoked!
info: ===> TimeStamp : 2025-06-03 21:50:21===> API : null ===> Message : validRequest() :: Api validated Successfully
info: ===> TimeStamp : 2025-06-03 21:50:21===> API : /api/auth/login ===> Message : loginUser() :: Request Object :: [object Object]
info: ===> TimeStamp : 2025-06-03 21:50:21===> API : /api/auth/login ===> Message : loginUser() invoked!!
info: ===> TimeStamp : 2025-06-03 21:50:21===> API : /api/auth/login ===> Message : loginUserDB() Invoked !
info: ===> TimeStamp : 2025-06-03 21:50:21===> API : /api/auth/login ===> Message : loginUserResponse() invoked!
info: ===> TimeStamp : 2025-06-03 21:50:21===> API : /api/auth/login ===> Message : loginUserResponse() completed
info: ===> TimeStamp : 2025-06-03 22:50:25===> API : null ===> Message : fetchDBSettings()
info: ===> TimeStamp : 2025-06-03 22:50:25===> API : null ===> Message : validateRequest() invoked
info: ===> TimeStamp : 2025-06-03 22:50:25===> API : null ===> Message : validateRequest() Invoked!
info: ===> TimeStamp : 2025-06-03 22:50:25===> API : null ===> Message : validRequest() :: Api validated Successfully
info: ===> TimeStamp : 2025-06-03 22:50:25===> API : /api/auth/validateuser ===> Message : validateUser() invoked!!
info: ===> TimeStamp : 2025-06-03 22:50:25===> API : /api/auth/validateuser ===> Message : validateUser() :: Request Object :: [object Object]
info: ===> TimeStamp : 2025-06-03 22:50:25===> API : /api/auth/validateuser ===> Message : validateUserDB() Invoked !
info: ===> TimeStamp : 2025-06-03 22:50:25===> API : /api/auth/validateuser ===> Message : validateUserResponse() invoked!
info: ===> TimeStamp : 2025-06-03 22:50:25===> API : /api/auth/validateuser ===> Message : validateUserResponse() completed
info: ===> TimeStamp : 2025-06-03 22:50:25===> API : null ===> Message : validateRequest() invoked
info: ===> TimeStamp : 2025-06-03 22:50:25===> API : null ===> Message : fetchDBSettings()
info: ===> TimeStamp : 2025-06-03 22:50:25===> API : null ===> Message : validateRequest() Invoked!
info: ===> TimeStamp : 2025-06-03 22:50:25===> API : null ===> Message : validRequest() :: Api validated Successfully
info: ===> TimeStamp : 2025-06-03 22:50:25===> API : /api/auth/login ===> Message : loginUser() invoked!!
info: ===> TimeStamp : 2025-06-03 22:50:25===> API : /api/auth/login ===> Message : loginUser() :: Request Object :: [object Object]
info: ===> TimeStamp : 2025-06-03 22:50:25===> API : /api/auth/login ===> Message : loginUserDB() Invoked !
info: ===> TimeStamp : 2025-06-03 22:50:25===> API : /api/auth/login ===> Message : loginUserResponse() invoked!
info: ===> TimeStamp : 2025-06-03 22:50:25===> API : /api/auth/login ===> Message : loginUserResponse() completed
info: ===> TimeStamp : 2025-06-03 23:05:52===> API : null ===> Message : validateRequest() invoked
info: ===> TimeStamp : 2025-06-03 23:05:52===> API : null ===> Message : fetchDBSettings()
info: ===> TimeStamp : 2025-06-03 23:05:52===> API : null ===> Message : validateRequest() Invoked!
info: ===> TimeStamp : 2025-06-03 23:05:52===> API : null ===> Message : validRequest() :: Api validated Successfully
info: ===> TimeStamp : 2025-06-03 23:05:52===> API : /api/auth/validateuser ===> Message : validateUser() invoked!!
info: ===> TimeStamp : 2025-06-03 23:05:52===> API : /api/auth/validateuser ===> Message : validateUser() :: Request Object :: [object Object]
info: ===> TimeStamp : 2025-06-03 23:05:52===> API : /api/auth/validateuser ===> Message : validateUserDB() Invoked !
info: ===> TimeStamp : 2025-06-03 23:05:52===> API : /api/auth/validateuser ===> Message : validateUserResponse() invoked!
info: ===> TimeStamp : 2025-06-03 23:05:52===> API : /api/auth/validateuser ===> Message : validateUserResponse() completed
info: ===> TimeStamp : 2025-06-03 23:05:52===> API : null ===> Message : validateRequest() invoked
info: ===> TimeStamp : 2025-06-03 23:05:52===> API : null ===> Message : fetchDBSettings()
info: ===> TimeStamp : 2025-06-03 23:05:52===> API : null ===> Message : validateRequest() Invoked!
info: ===> TimeStamp : 2025-06-03 23:05:52===> API : null ===> Message : validRequest() :: Api validated Successfully
info: ===> TimeStamp : 2025-06-03 23:05:52===> API : /api/auth/login ===> Message : loginUser() invoked!!
info: ===> TimeStamp : 2025-06-03 23:05:52===> API : /api/auth/login ===> Message : loginUser() :: Request Object :: [object Object]
info: ===> TimeStamp : 2025-06-03 23:05:52===> API : /api/auth/login ===> Message : loginUserDB() Invoked !
info: ===> TimeStamp : 2025-06-03 23:05:52===> API : /api/auth/login ===> Message : loginUserResponse() invoked!
info: ===> TimeStamp : 2025-06-03 23:05:52===> API : /api/auth/login ===> Message : loginUserResponse() completed
info: ===> TimeStamp : 2025-06-03 23:18:26===> API : null ===> Message : validateRequest() invoked
info: ===> TimeStamp : 2025-06-03 23:18:26===> API : null ===> Message : fetchDBSettings()
info: ===> TimeStamp : 2025-06-03 23:18:26===> API : null ===> Message : validateRequest() Invoked!
info: ===> TimeStamp : 2025-06-03 23:18:26===> API : null ===> Message : validRequest() :: Api validated Successfully
info: ===> TimeStamp : 2025-06-03 23:18:26===> API : /api/auth/validateuser ===> Message : validateUser() invoked!!
info: ===> TimeStamp : 2025-06-03 23:18:26===> API : /api/auth/validateuser ===> Message : validateUser() :: Request Object :: [object Object]
info: ===> TimeStamp : 2025-06-03 23:18:26===> API : /api/auth/validateuser ===> Message : validateUserDB() Invoked !
info: ===> TimeStamp : 2025-06-03 23:18:26===> API : /api/auth/validateuser ===> Message : validateUserResponse() invoked!
info: ===> TimeStamp : 2025-06-03 23:18:26===> API : /api/auth/validateuser ===> Message : validateUserResponse() completed
info: ===> TimeStamp : 2025-06-03 23:18:26===> API : null ===> Message : validateRequest() invoked
info: ===> TimeStamp : 2025-06-03 23:18:26===> API : null ===> Message : fetchDBSettings()
info: ===> TimeStamp : 2025-06-03 23:18:26===> API : null ===> Message : validateRequest() Invoked!
info: ===> TimeStamp : 2025-06-03 23:18:26===> API : null ===> Message : validRequest() :: Api validated Successfully
info: ===> TimeStamp : 2025-06-03 23:18:26===> API : /api/auth/login ===> Message : loginUser() invoked!!
info: ===> TimeStamp : 2025-06-03 23:18:26===> API : /api/auth/login ===> Message : loginUser() :: Request Object :: [object Object]
info: ===> TimeStamp : 2025-06-03 23:18:26===> API : /api/auth/login ===> Message : loginUserDB() Invoked !
info: ===> TimeStamp : 2025-06-03 23:18:26===> API : /api/auth/login ===> Message : loginUserResponse() invoked!
info: ===> TimeStamp : 2025-06-03 23:18:26===> API : /api/auth/login ===> Message : loginUserResponse() completed
info: ===> TimeStamp : 2025-06-03 23:33:41===> API : null ===> Message : validateRequest() invoked
info: ===> TimeStamp : 2025-06-03 23:33:41===> API : null ===> Message : fetchDBSettings()
info: ===> TimeStamp : 2025-06-03 23:33:41===> API : null ===> Message : validateRequest() Invoked!
info: ===> TimeStamp : 2025-06-03 23:33:41===> API : null ===> Message : validRequest() :: Api validated Successfully
info: ===> TimeStamp : 2025-06-03 23:33:41===> API : /api/auth/validateuser ===> Message : validateUser() invoked!!
info: ===> TimeStamp : 2025-06-03 23:33:41===> API : /api/auth/validateuser ===> Message : validateUser() :: Request Object :: [object Object]
info: ===> TimeStamp : 2025-06-03 23:33:41===> API : /api/auth/validateuser ===> Message : validateUserDB() Invoked !
info: ===> TimeStamp : 2025-06-03 23:33:41===> API : /api/auth/validateuser ===> Message : validateUserResponse() invoked!
info: ===> TimeStamp : 2025-06-03 23:33:41===> API : /api/auth/validateuser ===> Message : validateUserResponse() completed
info: ===> TimeStamp : 2025-06-03 23:33:42===> API : null ===> Message : validateRequest() invoked
info: ===> TimeStamp : 2025-06-03 23:33:42===> API : null ===> Message : fetchDBSettings()
info: ===> TimeStamp : 2025-06-03 23:33:42===> API : null ===> Message : validateRequest() Invoked!
info: ===> TimeStamp : 2025-06-03 23:33:42===> API : null ===> Message : validRequest() :: Api validated Successfully
info: ===> TimeStamp : 2025-06-03 23:33:42===> API : /api/auth/login ===> Message : loginUser() invoked!!
info: ===> TimeStamp : 2025-06-03 23:33:42===> API : /api/auth/login ===> Message : loginUser() :: Request Object :: [object Object]
info: ===> TimeStamp : 2025-06-03 23:33:42===> API : /api/auth/login ===> Message : loginUserDB() Invoked !
info: ===> TimeStamp : 2025-06-03 23:33:42===> API : /api/auth/login ===> Message : loginUserResponse() invoked!
info: ===> TimeStamp : 2025-06-03 23:33:42===> API : /api/auth/login ===> Message : loginUserResponse() completed
info: ===> TimeStamp : 2025-06-04 00:38:50===> API : null ===> Message : validateRequest() invoked
info: ===> TimeStamp : 2025-06-04 00:38:50===> API : null ===> Message : fetchDBSettings()
info: ===> TimeStamp : 2025-06-04 00:38:50===> API : null ===> Message : validateRequest() Invoked!
info: ===> TimeStamp : 2025-06-04 00:38:50===> API : null ===> Message : validRequest() :: Api validated Successfully
info: ===> TimeStamp : 2025-06-04 00:38:50===> API : /api/auth/validateuser ===> Message : validateUser() invoked!!
info: ===> TimeStamp : 2025-06-04 00:38:50===> API : /api/auth/validateuser ===> Message : validateUser() :: Request Object :: [object Object]
info: ===> TimeStamp : 2025-06-04 00:38:50===> API : /api/auth/validateuser ===> Message : validateUserDB() Invoked !
info: ===> TimeStamp : 2025-06-04 00:38:50===> API : /api/auth/validateuser ===> Message : validateUserResponse() invoked!
info: ===> TimeStamp : 2025-06-04 00:38:50===> API : /api/auth/validateuser ===> Message : validateUserResponse() completed
info: ===> TimeStamp : 2025-06-04 00:38:50===> API : null ===> Message : validateRequest() invoked
info: ===> TimeStamp : 2025-06-04 00:38:50===> API : null ===> Message : fetchDBSettings()
info: ===> TimeStamp : 2025-06-04 00:38:50===> API : null ===> Message : validateRequest() Invoked!
info: ===> TimeStamp : 2025-06-04 00:38:50===> API : null ===> Message : validRequest() :: Api validated Successfully
info: ===> TimeStamp : 2025-06-04 00:38:50===> API : /api/auth/login ===> Message : loginUser() invoked!!
info: ===> TimeStamp : 2025-06-04 00:38:50===> API : /api/auth/login ===> Message : loginUser() :: Request Object :: [object Object]
info: ===> TimeStamp : 2025-06-04 00:38:50===> API : /api/auth/login ===> Message : loginUserDB() Invoked !
info: ===> TimeStamp : 2025-06-04 00:38:50===> API : /api/auth/login ===> Message : loginUserResponse() invoked!
info: ===> TimeStamp : 2025-06-04 00:38:50===> API : /api/auth/login ===> Message : loginUserResponse() completed
info: ===> TimeStamp : 2025-06-04 00:52:05===> API : null ===> Message : validateRequest() invoked
info: ===> TimeStamp : 2025-06-04 00:52:05===> API : null ===> Message : fetchDBSettings()
info: ===> TimeStamp : 2025-06-04 00:52:05===> API : null ===> Message : validateRequest() Invoked!
info: ===> TimeStamp : 2025-06-04 00:52:05===> API : null ===> Message : validRequest() :: Api validated Successfully
info: ===> TimeStamp : 2025-06-04 00:52:05===> API : /api/auth/validateuser ===> Message : validateUser() invoked!!
info: ===> TimeStamp : 2025-06-04 00:52:05===> API : /api/auth/validateuser ===> Message : validateUser() :: Request Object :: [object Object]
info: ===> TimeStamp : 2025-06-04 00:52:05===> API : /api/auth/validateuser ===> Message : validateUserDB() Invoked !
info: ===> TimeStamp : 2025-06-04 00:52:05===> API : /api/auth/validateuser ===> Message : validateUserResponse() invoked!
info: ===> TimeStamp : 2025-06-04 00:52:05===> API : /api/auth/validateuser ===> Message : validateUserResponse() completed
info: ===> TimeStamp : 2025-06-04 00:52:05===> API : null ===> Message : validateRequest() invoked
info: ===> TimeStamp : 2025-06-04 00:52:05===> API : null ===> Message : fetchDBSettings()
info: ===> TimeStamp : 2025-06-04 00:52:05===> API : null ===> Message : validateRequest() Invoked!
info: ===> TimeStamp : 2025-06-04 00:52:05===> API : null ===> Message : validRequest() :: Api validated Successfully
info: ===> TimeStamp : 2025-06-04 00:52:05===> API : /api/auth/checkIP ===> Message : checkIP() invoked!!
info: ===> TimeStamp : 2025-06-04 00:52:05===> API : /api/auth/checkIP ===> Message : IPs match: 103.225.102.194
info: ===> TimeStamp : 2025-06-04 00:52:05===> API : /api/auth/checkIP ===> Message : checkIPResponse() invoked!
info: ===> TimeStamp : 2025-06-04 00:52:05===> API : /api/auth/checkIP ===> Message : checkIPResponse() completed
info: ===> TimeStamp : 2025-06-04 00:52:06===> API : null ===> Message : validateRequest() invoked
info: ===> TimeStamp : 2025-06-04 00:52:06===> API : null ===> Message : fetchDBSettings()
info: ===> TimeStamp : 2025-06-04 00:52:06===> API : null ===> Message : validateRequest() Invoked!
info: ===> TimeStamp : 2025-06-04 00:52:06===> API : null ===> Message : validRequest() :: Api validated Successfully
info: ===> TimeStamp : 2025-06-04 00:52:06===> API : /api/auth/login ===> Message : loginUser() invoked!!
info: ===> TimeStamp : 2025-06-04 00:52:06===> API : /api/auth/login ===> Message : loginUser() :: Request Object :: [object Object]
info: ===> TimeStamp : 2025-06-04 00:52:06===> API : /api/auth/login ===> Message : loginUserDB() Invoked !
info: ===> TimeStamp : 2025-06-04 00:52:06===> API : /api/auth/login ===> Message : loginUserResponse() invoked!
info: ===> TimeStamp : 2025-06-04 00:52:06===> API : /api/auth/login ===> Message : loginUserResponse() completed
info: ===> TimeStamp : 2025-06-04 00:52:24===> API : null ===> Message : validateRequest() invoked
info: ===> TimeStamp : 2025-06-04 00:52:24===> API : null ===> Message : fetchDBSettings()
info: ===> TimeStamp : 2025-06-04 00:52:24===> API : null ===> Message : validateRequest() Invoked!
info: ===> TimeStamp : 2025-06-04 00:52:24===> API : null ===> Message : validRequest() :: Api validated Successfully
info: ===> TimeStamp : 2025-06-04 00:52:24===> API : /api/auth/logout ===> Message : logoutUser() invoked!!
info: ===> TimeStamp : 2025-06-04 00:52:24===> API : /api/auth/logout ===> Message : logoutUser() :: Request Object :: [object Object]
info: ===> TimeStamp : 2025-06-04 00:52:24===> API : /api/auth/logout ===> Message : logoutUserDB() Invoked !
info: ===> TimeStamp : 2025-06-04 00:52:24===> API : /api/auth/logout ===> Message : logoutUserResponse() invoked!
info: ===> TimeStamp : 2025-06-04 00:52:24===> API : /api/auth/logout ===> Message : logoutUserResponse() completed
info: ===> TimeStamp : 2025-06-04 00:52:33===> API : null ===> Message : fetchDBSettings()
info: ===> TimeStamp : 2025-06-04 00:52:33===> API : null ===> Message : validateRequest() invoked
info: ===> TimeStamp : 2025-06-04 00:52:33===> API : null ===> Message : validateRequest() Invoked!
info: ===> TimeStamp : 2025-06-04 00:52:33===> API : null ===> Message : validRequest() :: Api validated Successfully
info: ===> TimeStamp : 2025-06-04 00:52:33===> API : /api/auth/validateuser ===> Message : validateUser() invoked!!
info: ===> TimeStamp : 2025-06-04 00:52:33===> API : /api/auth/validateuser ===> Message : validateUser() :: Request Object :: [object Object]
info: ===> TimeStamp : 2025-06-04 00:52:33===> API : /api/auth/validateuser ===> Message : validateUserDB() Invoked !
info: ===> TimeStamp : 2025-06-04 00:52:33===> API : /api/auth/validateuser ===> Message : validateUserResponse() invoked!
info: ===> TimeStamp : 2025-06-04 00:52:33===> API : /api/auth/validateuser ===> Message : validateUserResponse() completed
info: ===> TimeStamp : 2025-06-04 00:52:33===> API : null ===> Message : validateRequest() invoked
info: ===> TimeStamp : 2025-06-04 00:52:33===> API : null ===> Message : fetchDBSettings()
info: ===> TimeStamp : 2025-06-04 00:52:33===> API : null ===> Message : validateRequest() Invoked!
info: ===> TimeStamp : 2025-06-04 00:52:33===> API : null ===> Message : validRequest() :: Api validated Successfully
info: ===> TimeStamp : 2025-06-04 00:52:33===> API : /api/auth/checkIP ===> Message : checkIP() invoked!!
info: ===> TimeStamp : 2025-06-04 00:52:33===> API : /api/auth/checkIP ===> Message : IPs match: 103.225.102.194
info: ===> TimeStamp : 2025-06-04 00:52:33===> API : /api/auth/checkIP ===> Message : checkIPResponse() invoked!
info: ===> TimeStamp : 2025-06-04 00:52:33===> API : /api/auth/checkIP ===> Message : checkIPResponse() completed
info: ===> TimeStamp : 2025-06-04 00:52:33===> API : null ===> Message : validateRequest() invoked
info: ===> TimeStamp : 2025-06-04 00:52:33===> API : null ===> Message : fetchDBSettings()
info: ===> TimeStamp : 2025-06-04 00:52:33===> API : null ===> Message : validateRequest() Invoked!
info: ===> TimeStamp : 2025-06-04 00:52:33===> API : null ===> Message : validRequest() :: Api validated Successfully
info: ===> TimeStamp : 2025-06-04 00:52:33===> API : /api/auth/login ===> Message : loginUser() invoked!!
info: ===> TimeStamp : 2025-06-04 00:52:33===> API : /api/auth/login ===> Message : loginUser() :: Request Object :: [object Object]
info: ===> TimeStamp : 2025-06-04 00:52:33===> API : /api/auth/login ===> Message : loginUserDB() Invoked !
info: ===> TimeStamp : 2025-06-04 00:52:33===> API : /api/auth/login ===> Message : loginUserResponse() invoked!
info: ===> TimeStamp : 2025-06-04 00:52:33===> API : /api/auth/login ===> Message : loginUserResponse() completed
info: ===> TimeStamp : 2025-06-04 02:44:43===> API : null ===> Message : validateRequest() invoked
info: ===> TimeStamp : 2025-06-04 02:44:43===> API : null ===> Message : fetchDBSettings()
info: ===> TimeStamp : 2025-06-04 02:44:43===> API : null ===> Message : validateRequest() Invoked!
info: ===> TimeStamp : 2025-06-04 02:44:43===> API : null ===> Message : validRequest() :: Api validated Successfully
info: ===> TimeStamp : 2025-06-04 02:44:43===> API : /api/auth/logout ===> Message : logoutUser() invoked!!
info: ===> TimeStamp : 2025-06-04 02:44:43===> API : /api/auth/logout ===> Message : logoutUser() :: Request Object :: [object Object]
info: ===> TimeStamp : 2025-06-04 02:44:43===> API : /api/auth/logout ===> Message : logoutUserDB() Invoked !
info: ===> TimeStamp : 2025-06-04 02:44:43===> API : /api/auth/logout ===> Message : logoutUserResponse() invoked!
info: ===> TimeStamp : 2025-06-04 02:44:43===> API : /api/auth/logout ===> Message : logoutUserResponse() completed
info: ===> TimeStamp : 2025-06-04 02:52:44===> API : null ===> Message : validateRequest() invoked
info: ===> TimeStamp : 2025-06-04 02:52:44===> API : null ===> Message : fetchDBSettings()
info: ===> TimeStamp : 2025-06-04 02:52:44===> API : null ===> Message : validateRequest() Invoked!
info: ===> TimeStamp : 2025-06-04 02:52:44===> API : null ===> Message : validRequest() :: Api validated Successfully
info: ===> TimeStamp : 2025-06-04 02:52:44===> API : /api/auth/validateuser ===> Message : validateUser() invoked!!
info: ===> TimeStamp : 2025-06-04 02:52:44===> API : /api/auth/validateuser ===> Message : validateUser() :: Request Object :: [object Object]
info: ===> TimeStamp : 2025-06-04 02:52:44===> API : /api/auth/validateuser ===> Message : validateUserDB() Invoked !
info: ===> TimeStamp : 2025-06-04 02:52:44===> API : /api/auth/validateuser ===> Message : validateUserResponse() invoked!
info: ===> TimeStamp : 2025-06-04 02:52:44===> API : /api/auth/validateuser ===> Message : validateUserResponse() completed
info: ===> TimeStamp : 2025-06-04 02:52:44===> API : null ===> Message : validateRequest() invoked
info: ===> TimeStamp : 2025-06-04 02:52:44===> API : null ===> Message : fetchDBSettings()
info: ===> TimeStamp : 2025-06-04 02:52:44===> API : null ===> Message : validateRequest() Invoked!
info: ===> TimeStamp : 2025-06-04 02:52:44===> API : null ===> Message : validRequest() :: Api validated Successfully
info: ===> TimeStamp : 2025-06-04 02:52:44===> API : /api/auth/checkIP ===> Message : IPs match: 103.225.102.194
info: ===> TimeStamp : 2025-06-04 02:52:44===> API : /api/auth/checkIP ===> Message : checkIPResponse() invoked!
info: ===> TimeStamp : 2025-06-04 02:52:44===> API : /api/auth/checkIP ===> Message : checkIP() invoked!!
info: ===> TimeStamp : 2025-06-04 02:52:44===> API : /api/auth/checkIP ===> Message : checkIPResponse() completed
info: ===> TimeStamp : 2025-06-04 02:52:44===> API : null ===> Message : validateRequest() invoked
info: ===> TimeStamp : 2025-06-04 02:52:44===> API : null ===> Message : fetchDBSettings()
info: ===> TimeStamp : 2025-06-04 02:52:44===> API : null ===> Message : validateRequest() Invoked!
info: ===> TimeStamp : 2025-06-04 02:52:44===> API : null ===> Message : validRequest() :: Api validated Successfully
info: ===> TimeStamp : 2025-06-04 02:52:44===> API : /api/auth/login ===> Message : loginUser() invoked!!
info: ===> TimeStamp : 2025-06-04 02:52:44===> API : /api/auth/login ===> Message : loginUser() :: Request Object :: [object Object]
info: ===> TimeStamp : 2025-06-04 02:52:44===> API : /api/auth/login ===> Message : loginUserDB() Invoked !
info: ===> TimeStamp : 2025-06-04 02:52:44===> API : /api/auth/login ===> Message : loginUserResponse() invoked!
info: ===> TimeStamp : 2025-06-04 02:52:44===> API : /api/auth/login ===> Message : loginUserResponse() completed
info: ===> TimeStamp : 2025-06-04 03:02:45===> API : null ===> Message : validateRequest() invoked
info: ===> TimeStamp : 2025-06-04 03:02:45===> API : null ===> Message : fetchDBSettings()
info: ===> TimeStamp : 2025-06-04 03:02:45===> API : null ===> Message : validateRequest() Invoked!
info: ===> TimeStamp : 2025-06-04 03:02:45===> API : null ===> Message : validRequest() :: Api validated Successfully
info: ===> TimeStamp : 2025-06-04 03:02:45===> API : /api/auth/validateuser ===> Message : validateUser() invoked!!
info: ===> TimeStamp : 2025-06-04 03:02:45===> API : /api/auth/validateuser ===> Message : validateUser() :: Request Object :: [object Object]
info: ===> TimeStamp : 2025-06-04 03:02:45===> API : /api/auth/validateuser ===> Message : validateUserDB() Invoked !
info: ===> TimeStamp : 2025-06-04 03:02:45===> API : /api/auth/validateuser ===> Message : validateUserResponse() invoked!
info: ===> TimeStamp : 2025-06-04 03:02:45===> API : /api/auth/validateuser ===> Message : validateUserResponse() completed
info: ===> TimeStamp : 2025-06-04 03:02:45===> API : null ===> Message : validateRequest() invoked
info: ===> TimeStamp : 2025-06-04 03:02:45===> API : null ===> Message : fetchDBSettings()
info: ===> TimeStamp : 2025-06-04 03:02:45===> API : null ===> Message : validateRequest() Invoked!
info: ===> TimeStamp : 2025-06-04 03:02:45===> API : null ===> Message : validRequest() :: Api validated Successfully
info: ===> TimeStamp : 2025-06-04 03:02:45===> API : /api/auth/checkIP ===> Message : checkIP() invoked!!
info: ===> TimeStamp : 2025-06-04 03:02:45===> API : /api/auth/checkIP ===> Message : IPs match: 103.225.102.194
info: ===> TimeStamp : 2025-06-04 03:02:45===> API : /api/auth/checkIP ===> Message : checkIPResponse() invoked!
info: ===> TimeStamp : 2025-06-04 03:02:45===> API : /api/auth/checkIP ===> Message : checkIPResponse() completed
info: ===> TimeStamp : 2025-06-04 03:02:45===> API : null ===> Message : validateRequest() invoked
info: ===> TimeStamp : 2025-06-04 03:02:45===> API : null ===> Message : fetchDBSettings()
info: ===> TimeStamp : 2025-06-04 03:02:45===> API : null ===> Message : validateRequest() Invoked!
info: ===> TimeStamp : 2025-06-04 03:02:45===> API : null ===> Message : validRequest() :: Api validated Successfully
info: ===> TimeStamp : 2025-06-04 03:02:45===> API : /api/auth/login ===> Message : loginUser() invoked!!
info: ===> TimeStamp : 2025-06-04 03:02:45===> API : /api/auth/login ===> Message : loginUser() :: Request Object :: [object Object]
info: ===> TimeStamp : 2025-06-04 03:02:45===> API : /api/auth/login ===> Message : loginUserDB() Invoked !
info: ===> TimeStamp : 2025-06-04 03:02:45===> API : /api/auth/login ===> Message : loginUserResponse() invoked!
info: ===> TimeStamp : 2025-06-04 03:02:45===> API : /api/auth/login ===> Message : loginUserResponse() completed
info: ===> TimeStamp : 2025-06-04 03:03:15===> API : null ===> Message : validateRequest() invoked
info: ===> TimeStamp : 2025-06-04 03:03:15===> API : null ===> Message : validateRequest() Error:: Invalid Request :: 
      {"apiUri":"/"}
info: ===> TimeStamp : 2025-06-04 03:03:48===> API : null ===> Message : validateRequest() invoked
info: ===> TimeStamp : 2025-06-04 03:03:48===> API : null ===> Message : fetchDBSettings()
info: ===> TimeStamp : 2025-06-04 03:03:48===> API : null ===> Message : validateRequest() Invoked!
info: ===> TimeStamp : 2025-06-04 03:03:48===> API : null ===> Message : validRequest() :: Api validated Successfully
info: ===> TimeStamp : 2025-06-04 03:03:48===> API : /api/auth/validateuser ===> Message : validateUser() invoked!!
info: ===> TimeStamp : 2025-06-04 03:03:48===> API : /api/auth/validateuser ===> Message : validateUserDB() Invoked !
info: ===> TimeStamp : 2025-06-04 03:03:48===> API : /api/auth/validateuser ===> Message : validateUser() :: Request Object :: [object Object]
info: ===> TimeStamp : 2025-06-04 03:03:48===> API : /api/auth/validateuser ===> Message : validateUserResponse() invoked!
info: ===> TimeStamp : 2025-06-04 03:03:48===> API : /api/auth/validateuser ===> Message : validateUserResponse() completed
info: ===> TimeStamp : 2025-06-04 03:03:48===> API : null ===> Message : validateRequest() invoked
info: ===> TimeStamp : 2025-06-04 03:03:48===> API : null ===> Message : fetchDBSettings()
info: ===> TimeStamp : 2025-06-04 03:03:48===> API : null ===> Message : validateRequest() Invoked!
info: ===> TimeStamp : 2025-06-04 03:03:48===> API : null ===> Message : validRequest() :: Api validated Successfully
info: ===> TimeStamp : 2025-06-04 03:03:48===> API : /api/auth/login ===> Message : loginUser() :: Request Object :: [object Object]
info: ===> TimeStamp : 2025-06-04 03:03:48===> API : /api/auth/login ===> Message : loginUser() invoked!!
info: ===> TimeStamp : 2025-06-04 03:03:48===> API : /api/auth/login ===> Message : loginUserDB() Invoked !
info: ===> TimeStamp : 2025-06-04 03:03:48===> API : /api/auth/login ===> Message : loginUserResponse() invoked!
info: ===> TimeStamp : 2025-06-04 03:03:48===> API : /api/auth/login ===> Message : loginUserResponse() completed
info: ===> TimeStamp : 2025-06-04 03:12:01===> API : null ===> Message : validateRequest() invoked
info: ===> TimeStamp : 2025-06-04 03:12:01===> API : null ===> Message : fetchDBSettings()
info: ===> TimeStamp : 2025-06-04 03:12:01===> API : null ===> Message : validateRequest() Invoked!
info: ===> TimeStamp : 2025-06-04 03:12:01===> API : null ===> Message : validRequest() :: Api validated Successfully
info: ===> TimeStamp : 2025-06-04 03:12:01===> API : /api/auth/validateuser ===> Message : validateUser() invoked!!
info: ===> TimeStamp : 2025-06-04 03:12:01===> API : /api/auth/validateuser ===> Message : validateUser() :: Request Object :: [object Object]
info: ===> TimeStamp : 2025-06-04 03:12:01===> API : /api/auth/validateuser ===> Message : validateUserDB() Invoked !
info: ===> TimeStamp : 2025-06-04 03:12:01===> API : /api/auth/validateuser ===> Message : validateUserResponse() invoked!
info: ===> TimeStamp : 2025-06-04 03:12:01===> API : /api/auth/validateuser ===> Message : validateUserResponse() completed
info: ===> TimeStamp : 2025-06-04 03:12:01===> API : null ===> Message : validateRequest() invoked
info: ===> TimeStamp : 2025-06-04 03:12:01===> API : null ===> Message : fetchDBSettings()
info: ===> TimeStamp : 2025-06-04 03:12:01===> API : null ===> Message : validateRequest() Invoked!
info: ===> TimeStamp : 2025-06-04 03:12:01===> API : null ===> Message : validRequest() :: Api validated Successfully
info: ===> TimeStamp : 2025-06-04 03:12:01===> API : /api/auth/checkIP ===> Message : checkIP() invoked!!
info: ===> TimeStamp : 2025-06-04 03:12:01===> API : /api/auth/checkIP ===> Message : IPs match: 103.225.102.194
info: ===> TimeStamp : 2025-06-04 03:12:01===> API : /api/auth/checkIP ===> Message : checkIPResponse() invoked!
info: ===> TimeStamp : 2025-06-04 03:12:01===> API : /api/auth/checkIP ===> Message : checkIPResponse() completed
info: ===> TimeStamp : 2025-06-04 03:12:01===> API : null ===> Message : validateRequest() invoked
info: ===> TimeStamp : 2025-06-04 03:12:01===> API : null ===> Message : fetchDBSettings()
info: ===> TimeStamp : 2025-06-04 03:12:01===> API : null ===> Message : validateRequest() Invoked!
info: ===> TimeStamp : 2025-06-04 03:12:01===> API : null ===> Message : validRequest() :: Api validated Successfully
info: ===> TimeStamp : 2025-06-04 03:12:01===> API : /api/auth/login ===> Message : loginUser() :: Request Object :: [object Object]
info: ===> TimeStamp : 2025-06-04 03:12:01===> API : /api/auth/login ===> Message : loginUserDB() Invoked !
info: ===> TimeStamp : 2025-06-04 03:12:01===> API : /api/auth/login ===> Message : loginUser() invoked!!
info: ===> TimeStamp : 2025-06-04 03:12:01===> API : /api/auth/login ===> Message : loginUserResponse() invoked!
info: ===> TimeStamp : 2025-06-04 03:12:01===> API : /api/auth/login ===> Message : loginUserResponse() completed
