info: ===> TimeStamp : 2025-09-09 06:45:06===> API : null ===> Message : validateRequest() invoked
info: ===> TimeStamp : 2025-09-09 06:45:06===> API : null ===> Message : fetchDBSettings()
info: ===> TimeStamp : 2025-09-09 06:45:06===> API : null ===> Message : validateRequest() Invoked!
info: ===> TimeStamp : 2025-09-09 06:45:06===> API : null ===> Message : validRequest() :: Api validated Successfully
info: ===> TimeStamp : 2025-09-09 06:45:06===> API : /api/auth/logout ===> Message : logoutUser() invoked!!
info: ===> TimeStamp : 2025-09-09 06:45:06===> API : /api/auth/logout ===> Message : logoutUser() :: Request Object :: [object Object]
info: ===> TimeStamp : 2025-09-09 06:45:06===> API : /api/auth/logout ===> Message : logoutUserDB() Invoked !
info: ===> TimeStamp : 2025-09-09 06:45:06===> API : /api/auth/logout ===> Message : logoutUserResponse() invoked!
info: ===> TimeStamp : 2025-09-09 06:45:06===> API : /api/auth/logout ===> Message : logoutUserResponse() completed
info: ===> TimeStamp : 2025-09-09 06:45:47===> API : null ===> Message : validateRequest() invoked
info: ===> TimeStamp : 2025-09-09 06:45:47===> API : null ===> Message : fetchDBSettings()
info: ===> TimeStamp : 2025-09-09 06:45:47===> API : null ===> Message : validateRequest() Invoked!
info: ===> TimeStamp : 2025-09-09 06:45:47===> API : null ===> Message : validRequest() :: Api validated Successfully
info: ===> TimeStamp : 2025-09-09 06:45:47===> API : /api/auth/logout ===> Message : logoutUser() invoked!!
info: ===> TimeStamp : 2025-09-09 06:45:47===> API : /api/auth/logout ===> Message : logoutUser() :: Request Object :: [object Object]
info: ===> TimeStamp : 2025-09-09 06:45:47===> API : /api/auth/logout ===> Message : logoutUserDB() Invoked !
info: ===> TimeStamp : 2025-09-09 06:45:47===> API : /api/auth/logout ===> Message : logoutUserResponse() invoked!
info: ===> TimeStamp : 2025-09-09 06:45:47===> API : /api/auth/logout ===> Message : logoutUserResponse() completed
info: ===> TimeStamp : 2025-09-09 06:50:55===> API : null ===> Message : validateRequest() invoked
info: ===> TimeStamp : 2025-09-09 06:50:55===> API : null ===> Message : fetchDBSettings()
info: ===> TimeStamp : 2025-09-09 06:50:55===> API : null ===> Message : validateRequest() Invoked!
info: ===> TimeStamp : 2025-09-09 06:50:55===> API : null ===> Message : validRequest() :: Api validated Successfully
info: ===> TimeStamp : 2025-09-09 06:50:55===> API : /api/auth/validateuser ===> Message : validateUser() invoked!!
info: ===> TimeStamp : 2025-09-09 06:50:55===> API : /api/auth/validateuser ===> Message : validateUser() :: Request Object :: [object Object]
info: ===> TimeStamp : 2025-09-09 06:50:55===> API : /api/auth/validateuser ===> Message : validateUserDB() Invoked !
info: ===> TimeStamp : 2025-09-09 06:50:55===> API : /api/auth/validateuser ===> Message : validateUserResponse() invoked!
info: ===> TimeStamp : 2025-09-09 06:50:55===> API : /api/auth/validateuser ===> Message : validateUserResponse() completed
info: ===> TimeStamp : 2025-09-09 06:50:55===> API : null ===> Message : validateRequest() invoked
info: ===> TimeStamp : 2025-09-09 06:50:55===> API : null ===> Message : fetchDBSettings()
info: ===> TimeStamp : 2025-09-09 06:50:55===> API : null ===> Message : validateRequest() Invoked!
info: ===> TimeStamp : 2025-09-09 06:50:55===> API : null ===> Message : validRequest() :: Api validated Successfully
info: ===> TimeStamp : 2025-09-09 06:50:55===> API : /api/auth/checkIP ===> Message : checkIP() invoked!!
info: ===> TimeStamp : 2025-09-09 06:50:55===> API : /api/auth/checkIP ===> Message : IPs match: 103.255.182.117
info: ===> TimeStamp : 2025-09-09 06:50:55===> API : /api/auth/checkIP ===> Message : checkIPResponse() invoked!
info: ===> TimeStamp : 2025-09-09 06:50:55===> API : /api/auth/checkIP ===> Message : checkIPResponse() completed
info: ===> TimeStamp : 2025-09-09 06:50:55===> API : null ===> Message : validateRequest() invoked
info: ===> TimeStamp : 2025-09-09 06:50:55===> API : null ===> Message : fetchDBSettings()
info: ===> TimeStamp : 2025-09-09 06:50:55===> API : null ===> Message : validateRequest() Invoked!
info: ===> TimeStamp : 2025-09-09 06:50:55===> API : /api/auth/login ===> Message : loginUser() invoked!!
info: ===> TimeStamp : 2025-09-09 06:50:55===> API : null ===> Message : validRequest() :: Api validated Successfully
info: ===> TimeStamp : 2025-09-09 06:50:55===> API : /api/auth/login ===> Message : loginUser() :: Request Object :: [object Object]
info: ===> TimeStamp : 2025-09-09 06:50:55===> API : /api/auth/login ===> Message : loginUserDB() Invoked !
info: ===> TimeStamp : 2025-09-09 06:50:55===> API : /api/auth/login ===> Message : loginUserResponse() invoked!
info: ===> TimeStamp : 2025-09-09 06:50:55===> API : /api/auth/login ===> Message : loginUserResponse() completed
info: ===> TimeStamp : 2025-09-09 06:51:10===> API : null ===> Message : validateRequest() invoked
info: ===> TimeStamp : 2025-09-09 06:51:10===> API : null ===> Message : fetchDBSettings()
info: ===> TimeStamp : 2025-09-09 06:51:10===> API : null ===> Message : validateRequest() Invoked!
info: ===> TimeStamp : 2025-09-09 06:51:10===> API : null ===> Message : validRequest() :: Api validated Successfully
info: ===> TimeStamp : 2025-09-09 06:51:10===> API : /api/auth/validateuser ===> Message : validateUser() invoked!!
info: ===> TimeStamp : 2025-09-09 06:51:10===> API : /api/auth/validateuser ===> Message : validateUser() :: Request Object :: [object Object]
info: ===> TimeStamp : 2025-09-09 06:51:10===> API : /api/auth/validateuser ===> Message : validateUserDB() Invoked !
info: ===> TimeStamp : 2025-09-09 06:51:10===> API : /api/auth/validateuser ===> Message : validateUserResponse() invoked!
info: ===> TimeStamp : 2025-09-09 06:51:10===> API : /api/auth/validateuser ===> Message : validateUserResponse() completed
info: ===> TimeStamp : 2025-09-09 06:51:11===> API : null ===> Message : validateRequest() invoked
info: ===> TimeStamp : 2025-09-09 06:51:11===> API : null ===> Message : fetchDBSettings()
info: ===> TimeStamp : 2025-09-09 06:51:11===> API : null ===> Message : validateRequest() Invoked!
info: ===> TimeStamp : 2025-09-09 06:51:11===> API : null ===> Message : validRequest() :: Api validated Successfully
info: ===> TimeStamp : 2025-09-09 06:51:11===> API : /api/auth/checkIP ===> Message : checkIP() invoked!!
info: ===> TimeStamp : 2025-09-09 06:51:11===> API : /api/auth/checkIP ===> Message : IPs match: 103.255.182.117
info: ===> TimeStamp : 2025-09-09 06:51:11===> API : /api/auth/checkIP ===> Message : checkIPResponse() invoked!
info: ===> TimeStamp : 2025-09-09 06:51:11===> API : /api/auth/checkIP ===> Message : checkIPResponse() completed
info: ===> TimeStamp : 2025-09-09 06:51:11===> API : null ===> Message : validateRequest() invoked
info: ===> TimeStamp : 2025-09-09 06:51:11===> API : null ===> Message : fetchDBSettings()
info: ===> TimeStamp : 2025-09-09 06:51:11===> API : null ===> Message : validateRequest() Invoked!
info: ===> TimeStamp : 2025-09-09 06:51:11===> API : null ===> Message : validRequest() :: Api validated Successfully
info: ===> TimeStamp : 2025-09-09 06:51:11===> API : /api/auth/login ===> Message : loginUser() invoked!!
info: ===> TimeStamp : 2025-09-09 06:51:11===> API : /api/auth/login ===> Message : loginUser() :: Request Object :: [object Object]
info: ===> TimeStamp : 2025-09-09 06:51:11===> API : /api/auth/login ===> Message : loginUserDB() Invoked !
info: ===> TimeStamp : 2025-09-09 06:51:11===> API : /api/auth/login ===> Message : loginUserResponse() invoked!
info: ===> TimeStamp : 2025-09-09 06:51:11===> API : /api/auth/login ===> Message : loginUserResponse() completed
info: ===> TimeStamp : 2025-09-09 08:05:10===> API : null ===> Message : validateRequest() invoked
info: ===> TimeStamp : 2025-09-09 08:05:10===> API : null ===> Message : validateRequest() Error:: Invalid Request :: 
      {"apiUri":"/"}
info: ===> TimeStamp : 2025-09-09 08:19:08===> API : null ===> Message : validateRequest() invoked
info: ===> TimeStamp : 2025-09-09 08:19:08===> API : null ===> Message : validateRequest() Error:: Invalid Request :: 
      {"apiUri":"/favicon.ico"}
info: ===> TimeStamp : 2025-09-09 10:32:49===> API : null ===> Message : validateRequest() invoked
info: ===> TimeStamp : 2025-09-09 10:32:49===> API : null ===> Message : fetchDBSettings()
info: ===> TimeStamp : 2025-09-09 10:32:49===> API : null ===> Message : validateRequest() Invoked!
info: ===> TimeStamp : 2025-09-09 10:32:49===> API : null ===> Message : validRequest() :: Api validated Successfully
info: ===> TimeStamp : 2025-09-09 10:32:49===> API : /api/auth/validateuser ===> Message : validateUser() invoked!!
info: ===> TimeStamp : 2025-09-09 10:32:49===> API : /api/auth/validateuser ===> Message : validateUser() :: Request Object :: [object Object]
info: ===> TimeStamp : 2025-09-09 10:32:49===> API : /api/auth/validateuser ===> Message : validateUserDB() Invoked !
info: ===> TimeStamp : 2025-09-09 10:32:49===> API : /api/auth/validateuser ===> Message : validateUserResponse() invoked!
info: ===> TimeStamp : 2025-09-09 10:32:49===> API : /api/auth/validateuser ===> Message : validateUserResponse() completed
info: ===> TimeStamp : 2025-09-09 10:32:49===> API : null ===> Message : validateRequest() invoked
info: ===> TimeStamp : 2025-09-09 10:32:49===> API : null ===> Message : fetchDBSettings()
info: ===> TimeStamp : 2025-09-09 10:32:49===> API : null ===> Message : validateRequest() Invoked!
info: ===> TimeStamp : 2025-09-09 10:32:49===> API : null ===> Message : validRequest() :: Api validated Successfully
info: ===> TimeStamp : 2025-09-09 10:32:49===> API : /api/auth/login ===> Message : loginUser() invoked!!
info: ===> TimeStamp : 2025-09-09 10:32:49===> API : /api/auth/login ===> Message : loginUser() :: Request Object :: [object Object]
info: ===> TimeStamp : 2025-09-09 10:32:49===> API : /api/auth/login ===> Message : loginUserDB() Invoked !
info: ===> TimeStamp : 2025-09-09 10:32:49===> API : /api/auth/login ===> Message : loginUserResponse() invoked!
info: ===> TimeStamp : 2025-09-09 10:32:49===> API : /api/auth/login ===> Message : loginUserResponse() completed
info: ===> TimeStamp : 2025-09-09 10:37:22===> API : null ===> Message : validateRequest() invoked
info: ===> TimeStamp : 2025-09-09 10:37:22===> API : null ===> Message : fetchDBSettings()
info: ===> TimeStamp : 2025-09-09 10:37:22===> API : null ===> Message : validateRequest() Invoked!
info: ===> TimeStamp : 2025-09-09 10:37:22===> API : null ===> Message : validRequest() :: Api validated Successfully
info: ===> TimeStamp : 2025-09-09 10:37:22===> API : /api/auth/validateuser ===> Message : validateUser() invoked!!
info: ===> TimeStamp : 2025-09-09 10:37:22===> API : /api/auth/validateuser ===> Message : validateUser() :: Request Object :: [object Object]
info: ===> TimeStamp : 2025-09-09 10:37:22===> API : /api/auth/validateuser ===> Message : validateUserDB() Invoked !
info: ===> TimeStamp : 2025-09-09 10:37:22===> API : /api/auth/validateuser ===> Message : validateUserResponse() invoked!
info: ===> TimeStamp : 2025-09-09 10:37:22===> API : /api/auth/validateuser ===> Message : validateUserResponse() completed
info: ===> TimeStamp : 2025-09-09 10:37:22===> API : null ===> Message : validateRequest() invoked
info: ===> TimeStamp : 2025-09-09 10:37:22===> API : null ===> Message : fetchDBSettings()
info: ===> TimeStamp : 2025-09-09 10:37:22===> API : null ===> Message : validateRequest() Invoked!
info: ===> TimeStamp : 2025-09-09 10:37:22===> API : null ===> Message : validRequest() :: Api validated Successfully
info: ===> TimeStamp : 2025-09-09 10:37:22===> API : /api/auth/login ===> Message : loginUser() invoked!!
info: ===> TimeStamp : 2025-09-09 10:37:22===> API : /api/auth/login ===> Message : loginUser() :: Request Object :: [object Object]
info: ===> TimeStamp : 2025-09-09 10:37:22===> API : /api/auth/login ===> Message : loginUserDB() Invoked !
info: ===> TimeStamp : 2025-09-09 10:37:22===> API : /api/auth/login ===> Message : loginUserResponse() invoked!
info: ===> TimeStamp : 2025-09-09 10:37:22===> API : /api/auth/login ===> Message : loginUserResponse() completed
info: ===> TimeStamp : 2025-09-09 11:15:14===> API : null ===> Message : validateRequest() invoked
info: ===> TimeStamp : 2025-09-09 11:15:14===> API : null ===> Message : fetchDBSettings()
info: ===> TimeStamp : 2025-09-09 11:15:14===> API : null ===> Message : validateRequest() Invoked!
info: ===> TimeStamp : 2025-09-09 11:15:14===> API : null ===> Message : validRequest() :: Api validated Successfully
info: ===> TimeStamp : 2025-09-09 11:15:14===> API : /api/auth/validateuser ===> Message : validateUser() invoked!!
info: ===> TimeStamp : 2025-09-09 11:15:14===> API : /api/auth/validateuser ===> Message : validateUser() :: Request Object :: [object Object]
info: ===> TimeStamp : 2025-09-09 11:15:14===> API : /api/auth/validateuser ===> Message : validateUserDB() Invoked !
info: ===> TimeStamp : 2025-09-09 11:15:14===> API : /api/auth/validateuser ===> Message : validateUserResponse() invoked!
info: ===> TimeStamp : 2025-09-09 11:15:14===> API : /api/auth/validateuser ===> Message : validateUserResponse() completed
info: ===> TimeStamp : 2025-09-09 11:15:14===> API : null ===> Message : validateRequest() invoked
info: ===> TimeStamp : 2025-09-09 11:15:14===> API : null ===> Message : fetchDBSettings()
info: ===> TimeStamp : 2025-09-09 11:15:14===> API : null ===> Message : validateRequest() Invoked!
info: ===> TimeStamp : 2025-09-09 11:15:14===> API : null ===> Message : validRequest() :: Api validated Successfully
info: ===> TimeStamp : 2025-09-09 11:15:14===> API : /api/auth/login ===> Message : loginUser() invoked!!
info: ===> TimeStamp : 2025-09-09 11:15:14===> API : /api/auth/login ===> Message : loginUser() :: Request Object :: [object Object]
info: ===> TimeStamp : 2025-09-09 11:15:14===> API : /api/auth/login ===> Message : loginUserDB() Invoked !
info: ===> TimeStamp : 2025-09-09 11:15:14===> API : /api/auth/login ===> Message : loginUserResponse() invoked!
info: ===> TimeStamp : 2025-09-09 11:15:14===> API : /api/auth/login ===> Message : loginUserResponse() completed
info: ===> TimeStamp : 2025-09-09 11:39:42===> API : null ===> Message : validateRequest() invoked
info: ===> TimeStamp : 2025-09-09 11:39:42===> API : null ===> Message : fetchDBSettings()
info: ===> TimeStamp : 2025-09-09 11:39:42===> API : null ===> Message : validateRequest() Invoked!
info: ===> TimeStamp : 2025-09-09 11:39:42===> API : null ===> Message : validRequest() :: Api validated Successfully
info: ===> TimeStamp : 2025-09-09 11:39:42===> API : /api/auth/validateuser ===> Message : validateUser() invoked!!
info: ===> TimeStamp : 2025-09-09 11:39:42===> API : /api/auth/validateuser ===> Message : validateUser() :: Request Object :: [object Object]
info: ===> TimeStamp : 2025-09-09 11:39:42===> API : /api/auth/validateuser ===> Message : validateUserDB() Invoked !
info: ===> TimeStamp : 2025-09-09 11:39:42===> API : /api/auth/validateuser ===> Message : validateUserResponse() invoked!
info: ===> TimeStamp : 2025-09-09 11:39:42===> API : /api/auth/validateuser ===> Message : validateUserResponse() completed
info: ===> TimeStamp : 2025-09-09 11:39:42===> API : null ===> Message : validateRequest() invoked
info: ===> TimeStamp : 2025-09-09 11:39:42===> API : null ===> Message : fetchDBSettings()
info: ===> TimeStamp : 2025-09-09 11:39:42===> API : null ===> Message : validateRequest() Invoked!
info: ===> TimeStamp : 2025-09-09 11:39:42===> API : null ===> Message : validRequest() :: Api validated Successfully
info: ===> TimeStamp : 2025-09-09 11:39:42===> API : /api/auth/login ===> Message : loginUser() invoked!!
info: ===> TimeStamp : 2025-09-09 11:39:42===> API : /api/auth/login ===> Message : loginUser() :: Request Object :: [object Object]
info: ===> TimeStamp : 2025-09-09 11:39:42===> API : /api/auth/login ===> Message : loginUserDB() Invoked !
info: ===> TimeStamp : 2025-09-09 11:39:42===> API : /api/auth/login ===> Message : loginUserResponse() invoked!
info: ===> TimeStamp : 2025-09-09 11:39:42===> API : /api/auth/login ===> Message : loginUserResponse() completed
info: ===> TimeStamp : 2025-09-09 12:54:50===> API : null ===> Message : validateRequest() invoked
info: ===> TimeStamp : 2025-09-09 12:54:50===> API : null ===> Message : validateRequest() Error:: Invalid Request :: 
      {"apiUri":"/"}
info: ===> TimeStamp : 2025-09-09 13:06:15===> API : null ===> Message : validateRequest() invoked
info: ===> TimeStamp : 2025-09-09 13:06:15===> API : null ===> Message : fetchDBSettings()
info: ===> TimeStamp : 2025-09-09 13:06:15===> API : null ===> Message : validateRequest() Invoked!
info: ===> TimeStamp : 2025-09-09 13:06:15===> API : null ===> Message : validRequest() :: Api validated Successfully
info: ===> TimeStamp : 2025-09-09 13:06:15===> API : /api/auth/validateuser ===> Message : validateUser() :: Request Object :: [object Object]
info: ===> TimeStamp : 2025-09-09 13:06:15===> API : /api/auth/validateuser ===> Message : validateUser() invoked!!
info: ===> TimeStamp : 2025-09-09 13:06:15===> API : /api/auth/validateuser ===> Message : validateUserDB() Invoked !
info: ===> TimeStamp : 2025-09-09 13:06:15===> API : /api/auth/validateuser ===> Message : validateUserResponse() invoked!
info: ===> TimeStamp : 2025-09-09 13:06:15===> API : /api/auth/validateuser ===> Message : validateUserResponse() completed
info: ===> TimeStamp : 2025-09-09 13:06:15===> API : null ===> Message : validateRequest() invoked
info: ===> TimeStamp : 2025-09-09 13:06:15===> API : null ===> Message : fetchDBSettings()
info: ===> TimeStamp : 2025-09-09 13:06:15===> API : null ===> Message : validateRequest() Invoked!
info: ===> TimeStamp : 2025-09-09 13:06:16===> API : null ===> Message : validRequest() :: Api validated Successfully
info: ===> TimeStamp : 2025-09-09 13:06:16===> API : /api/auth/login ===> Message : loginUser() :: Request Object :: [object Object]
info: ===> TimeStamp : 2025-09-09 13:06:16===> API : /api/auth/login ===> Message : loginUser() invoked!!
info: ===> TimeStamp : 2025-09-09 13:06:16===> API : /api/auth/login ===> Message : loginUserDB() Invoked !
info: ===> TimeStamp : 2025-09-09 13:06:16===> API : /api/auth/login ===> Message : loginUserResponse() invoked!
info: ===> TimeStamp : 2025-09-09 13:06:16===> API : /api/auth/login ===> Message : loginUserResponse() completed
info: ===> TimeStamp : 2025-09-09 13:15:05===> API : null ===> Message : validateRequest() invoked
info: ===> TimeStamp : 2025-09-09 13:15:05===> API : null ===> Message : validateRequest() Error:: Invalid Request :: 
      {"apiUri":"/"}
info: ===> TimeStamp : 2025-09-09 13:29:13===> API : null ===> Message : validateRequest() invoked
info: ===> TimeStamp : 2025-09-09 13:29:13===> API : null ===> Message : validateRequest() Error:: Invalid Request :: 
      {"apiUri":"/favicon.ico"}
info: ===> TimeStamp : 2025-09-09 14:44:51===> API : null ===> Message : validateRequest() invoked
info: ===> TimeStamp : 2025-09-09 14:44:51===> API : null ===> Message : fetchDBSettings()
info: ===> TimeStamp : 2025-09-09 14:44:51===> API : null ===> Message : validateRequest() Invoked!
info: ===> TimeStamp : 2025-09-09 14:44:51===> API : null ===> Message : validRequest() :: Api validated Successfully
info: ===> TimeStamp : 2025-09-09 14:44:51===> API : /api/auth/logout ===> Message : logoutUser() invoked!!
info: ===> TimeStamp : 2025-09-09 14:44:51===> API : /api/auth/logout ===> Message : logoutUser() :: Request Object :: [object Object]
info: ===> TimeStamp : 2025-09-09 14:44:51===> API : /api/auth/logout ===> Message : logoutUserDB() Invoked !
info: ===> TimeStamp : 2025-09-09 14:44:51===> API : /api/auth/logout ===> Message : logoutUserResponse() invoked!
info: ===> TimeStamp : 2025-09-09 14:44:51===> API : /api/auth/logout ===> Message : logoutUserResponse() completed
info: ===> TimeStamp : 2025-09-09 14:47:10===> API : null ===> Message : validateRequest() invoked
info: ===> TimeStamp : 2025-09-09 14:47:10===> API : null ===> Message : fetchDBSettings()
info: ===> TimeStamp : 2025-09-09 14:47:10===> API : null ===> Message : validateRequest() Invoked!
info: ===> TimeStamp : 2025-09-09 14:47:10===> API : null ===> Message : validRequest() :: Api validated Successfully
info: ===> TimeStamp : 2025-09-09 14:47:10===> API : /api/auth/logout ===> Message : logoutUser() invoked!!
info: ===> TimeStamp : 2025-09-09 14:47:10===> API : /api/auth/logout ===> Message : logoutUser() :: Request Object :: [object Object]
info: ===> TimeStamp : 2025-09-09 14:47:10===> API : /api/auth/logout ===> Message : logoutUserDB() Invoked !
info: ===> TimeStamp : 2025-09-09 14:47:10===> API : /api/auth/logout ===> Message : logoutUserResponse() invoked!
info: ===> TimeStamp : 2025-09-09 14:47:10===> API : /api/auth/logout ===> Message : logoutUserResponse() completed
info: ===> TimeStamp : 2025-09-09 14:47:33===> API : null ===> Message : validateRequest() invoked
info: ===> TimeStamp : 2025-09-09 14:47:33===> API : null ===> Message : fetchDBSettings()
info: ===> TimeStamp : 2025-09-09 14:47:33===> API : null ===> Message : validateRequest() Invoked!
info: ===> TimeStamp : 2025-09-09 14:47:33===> API : null ===> Message : validRequest() :: Api validated Successfully
info: ===> TimeStamp : 2025-09-09 14:47:33===> API : /api/auth/validateuser ===> Message : validateUser() invoked!!
info: ===> TimeStamp : 2025-09-09 14:47:33===> API : /api/auth/validateuser ===> Message : validateUser() :: Request Object :: [object Object]
info: ===> TimeStamp : 2025-09-09 14:47:33===> API : /api/auth/validateuser ===> Message : validateUserDB() Invoked !
info: ===> TimeStamp : 2025-09-09 14:47:33===> API : /api/auth/validateuser ===> Message : validateUserResponse() invoked!
info: ===> TimeStamp : 2025-09-09 14:47:33===> API : /api/auth/validateuser ===> Message : validateUserResponse() completed
info: ===> TimeStamp : 2025-09-09 14:47:33===> API : null ===> Message : validateRequest() invoked
info: ===> TimeStamp : 2025-09-09 14:47:33===> API : null ===> Message : fetchDBSettings()
info: ===> TimeStamp : 2025-09-09 14:47:34===> API : null ===> Message : validateRequest() Invoked!
info: ===> TimeStamp : 2025-09-09 14:47:34===> API : null ===> Message : validRequest() :: Api validated Successfully
info: ===> TimeStamp : 2025-09-09 14:47:34===> API : /api/auth/checkIP ===> Message : checkIP() invoked!!
info: ===> TimeStamp : 2025-09-09 14:47:34===> API : /api/auth/checkIP ===> Message : IPs match: 103.255.182.117
info: ===> TimeStamp : 2025-09-09 14:47:34===> API : /api/auth/checkIP ===> Message : checkIPResponse() invoked!
info: ===> TimeStamp : 2025-09-09 14:47:34===> API : /api/auth/checkIP ===> Message : checkIPResponse() completed
info: ===> TimeStamp : 2025-09-09 14:47:34===> API : null ===> Message : validateRequest() invoked
info: ===> TimeStamp : 2025-09-09 14:47:34===> API : null ===> Message : fetchDBSettings()
info: ===> TimeStamp : 2025-09-09 14:47:34===> API : null ===> Message : validateRequest() Invoked!
info: ===> TimeStamp : 2025-09-09 14:47:34===> API : null ===> Message : validRequest() :: Api validated Successfully
info: ===> TimeStamp : 2025-09-09 14:47:34===> API : /api/auth/login ===> Message : loginUser() invoked!!
info: ===> TimeStamp : 2025-09-09 14:47:34===> API : /api/auth/login ===> Message : loginUser() :: Request Object :: [object Object]
info: ===> TimeStamp : 2025-09-09 14:47:34===> API : /api/auth/login ===> Message : loginUserDB() Invoked !
info: ===> TimeStamp : 2025-09-09 14:47:34===> API : /api/auth/login ===> Message : loginUserResponse() invoked!
info: ===> TimeStamp : 2025-09-09 14:47:34===> API : /api/auth/login ===> Message : loginUserResponse() completed
info: ===> TimeStamp : 2025-09-09 14:47:56===> API : null ===> Message : validateRequest() invoked
info: ===> TimeStamp : 2025-09-09 14:47:56===> API : null ===> Message : fetchDBSettings()
info: ===> TimeStamp : 2025-09-09 14:47:56===> API : null ===> Message : validateRequest() Invoked!
info: ===> TimeStamp : 2025-09-09 14:47:57===> API : null ===> Message : validRequest() :: Api validated Successfully
info: ===> TimeStamp : 2025-09-09 14:47:57===> API : /api/auth/validateuser ===> Message : validateUser() invoked!!
info: ===> TimeStamp : 2025-09-09 14:47:57===> API : /api/auth/validateuser ===> Message : validateUser() :: Request Object :: [object Object]
info: ===> TimeStamp : 2025-09-09 14:47:57===> API : /api/auth/validateuser ===> Message : validateUserDB() Invoked !
info: ===> TimeStamp : 2025-09-09 14:47:57===> API : /api/auth/validateuser ===> Message : validateUserResponse() invoked!
info: ===> TimeStamp : 2025-09-09 14:47:57===> API : /api/auth/validateuser ===> Message : validateUserResponse() completed
info: ===> TimeStamp : 2025-09-09 14:47:57===> API : null ===> Message : validateRequest() invoked
info: ===> TimeStamp : 2025-09-09 14:47:57===> API : null ===> Message : fetchDBSettings()
info: ===> TimeStamp : 2025-09-09 14:47:57===> API : null ===> Message : validateRequest() Invoked!
info: ===> TimeStamp : 2025-09-09 14:47:57===> API : null ===> Message : validRequest() :: Api validated Successfully
info: ===> TimeStamp : 2025-09-09 14:47:57===> API : /api/auth/checkIP ===> Message : checkIP() invoked!!
info: ===> TimeStamp : 2025-09-09 14:47:57===> API : /api/auth/checkIP ===> Message : checkIPResponse() invoked!
info: ===> TimeStamp : 2025-09-09 14:47:57===> API : /api/auth/checkIP ===> Message : IPs match: 103.255.182.117
info: ===> TimeStamp : 2025-09-09 14:47:57===> API : /api/auth/checkIP ===> Message : checkIPResponse() completed
info: ===> TimeStamp : 2025-09-09 14:47:57===> API : null ===> Message : validateRequest() invoked
info: ===> TimeStamp : 2025-09-09 14:47:57===> API : null ===> Message : fetchDBSettings()
info: ===> TimeStamp : 2025-09-09 14:47:57===> API : null ===> Message : validateRequest() Invoked!
info: ===> TimeStamp : 2025-09-09 14:47:57===> API : null ===> Message : validRequest() :: Api validated Successfully
info: ===> TimeStamp : 2025-09-09 14:47:57===> API : /api/auth/login ===> Message : loginUser() invoked!!
info: ===> TimeStamp : 2025-09-09 14:47:57===> API : /api/auth/login ===> Message : loginUser() :: Request Object :: [object Object]
info: ===> TimeStamp : 2025-09-09 14:47:57===> API : /api/auth/login ===> Message : loginUserDB() Invoked !
info: ===> TimeStamp : 2025-09-09 14:47:57===> API : /api/auth/login ===> Message : loginUserResponse() invoked!
info: ===> TimeStamp : 2025-09-09 14:47:57===> API : /api/auth/login ===> Message : loginUserResponse() completed
info: ===> TimeStamp : 2025-09-09 15:02:09===> API : null ===> Message : validateRequest() invoked
info: ===> TimeStamp : 2025-09-09 15:02:09===> API : null ===> Message : fetchDBSettings()
info: ===> TimeStamp : 2025-09-09 15:02:09===> API : null ===> Message : validateRequest() Invoked!
info: ===> TimeStamp : 2025-09-09 15:02:09===> API : null ===> Message : validRequest() :: Api validated Successfully
info: ===> TimeStamp : 2025-09-09 15:02:09===> API : /api/auth/validateuser ===> Message : validateUser() :: Request Object :: [object Object]
info: ===> TimeStamp : 2025-09-09 15:02:09===> API : /api/auth/validateuser ===> Message : validateUser() invoked!!
info: ===> TimeStamp : 2025-09-09 15:02:09===> API : /api/auth/validateuser ===> Message : validateUserDB() Invoked !
info: ===> TimeStamp : 2025-09-09 15:02:09===> API : /api/auth/validateuser ===> Message : validateUserResponse() invoked!
info: ===> TimeStamp : 2025-09-09 15:02:09===> API : /api/auth/validateuser ===> Message : validateUserResponse() completed
info: ===> TimeStamp : 2025-09-09 15:02:09===> API : null ===> Message : validateRequest() invoked
info: ===> TimeStamp : 2025-09-09 15:02:09===> API : null ===> Message : fetchDBSettings()
info: ===> TimeStamp : 2025-09-09 15:02:09===> API : null ===> Message : validateRequest() Invoked!
info: ===> TimeStamp : 2025-09-09 15:02:09===> API : null ===> Message : validRequest() :: Api validated Successfully
info: ===> TimeStamp : 2025-09-09 15:02:09===> API : /api/auth/login ===> Message : loginUser() invoked!!
info: ===> TimeStamp : 2025-09-09 15:02:09===> API : /api/auth/login ===> Message : loginUser() :: Request Object :: [object Object]
info: ===> TimeStamp : 2025-09-09 15:02:09===> API : /api/auth/login ===> Message : loginUserDB() Invoked !
info: ===> TimeStamp : 2025-09-09 15:02:09===> API : /api/auth/login ===> Message : loginUserResponse() invoked!
info: ===> TimeStamp : 2025-09-09 15:02:09===> API : /api/auth/login ===> Message : loginUserResponse() completed
info: ===> TimeStamp : 2025-09-09 15:30:35===> API : null ===> Message : fetchDBSettings()
info: ===> TimeStamp : 2025-09-09 15:30:35===> API : null ===> Message : validateRequest() invoked
info: ===> TimeStamp : 2025-09-09 15:30:35===> API : null ===> Message : validateRequest() Invoked!
info: ===> TimeStamp : 2025-09-09 15:30:35===> API : null ===> Message : validRequest() :: Api validated Successfully
info: ===> TimeStamp : 2025-09-09 15:30:35===> API : /api/auth/validateuser ===> Message : validateUser() invoked!!
info: ===> TimeStamp : 2025-09-09 15:30:35===> API : /api/auth/validateuser ===> Message : validateUser() :: Request Object :: [object Object]
info: ===> TimeStamp : 2025-09-09 15:30:35===> API : /api/auth/validateuser ===> Message : validateUserDB() Invoked !
info: ===> TimeStamp : 2025-09-09 15:30:35===> API : /api/auth/validateuser ===> Message : validateUserResponse() invoked!
info: ===> TimeStamp : 2025-09-09 15:30:35===> API : /api/auth/validateuser ===> Message : validateUserResponse() completed
info: ===> TimeStamp : 2025-09-09 15:30:35===> API : null ===> Message : validateRequest() invoked
info: ===> TimeStamp : 2025-09-09 15:30:35===> API : null ===> Message : fetchDBSettings()
info: ===> TimeStamp : 2025-09-09 15:30:35===> API : null ===> Message : validateRequest() Invoked!
info: ===> TimeStamp : 2025-09-09 15:30:35===> API : null ===> Message : validRequest() :: Api validated Successfully
info: ===> TimeStamp : 2025-09-09 15:30:35===> API : /api/auth/login ===> Message : loginUser() invoked!!
info: ===> TimeStamp : 2025-09-09 15:30:35===> API : /api/auth/login ===> Message : loginUser() :: Request Object :: [object Object]
info: ===> TimeStamp : 2025-09-09 15:30:35===> API : /api/auth/login ===> Message : loginUserDB() Invoked !
info: ===> TimeStamp : 2025-09-09 15:30:35===> API : /api/auth/login ===> Message : loginUserResponse() invoked!
info: ===> TimeStamp : 2025-09-09 15:30:35===> API : /api/auth/login ===> Message : loginUserResponse() completed
info: ===> TimeStamp : 2025-09-09 15:44:53===> API : null ===> Message : validateRequest() invoked
info: ===> TimeStamp : 2025-09-09 15:44:53===> API : null ===> Message : validateRequest() Error:: Invalid Request :: 
      {"apiUri":"/"}
info: ===> TimeStamp : 2025-09-09 15:45:04===> API : null ===> Message : validateRequest() invoked
info: ===> TimeStamp : 2025-09-09 15:45:04===> API : null ===> Message : validateRequest() Error:: Invalid Request :: 
      {"apiUri":"/"}
info: ===> TimeStamp : 2025-09-09 15:45:07===> API : null ===> Message : validateRequest() invoked
info: ===> TimeStamp : 2025-09-09 15:45:07===> API : null ===> Message : validateRequest() Error:: Invalid Request :: 
      {"apiUri":"/favicon.ico"}
info: ===> TimeStamp : 2025-09-09 15:45:21===> API : null ===> Message : validateRequest() invoked
info: ===> TimeStamp : 2025-09-09 15:45:21===> API : null ===> Message : validateRequest() Error:: Invalid Request :: 
      {"apiUri":"/favicon.ico"}
info: ===> TimeStamp : 2025-09-09 15:45:24===> API : null ===> Message : validateRequest() invoked
info: ===> TimeStamp : 2025-09-09 15:45:24===> API : null ===> Message : validateRequest() Error:: Invalid Request :: 
      {"apiUri":"/sitemap.xml"}
info: ===> TimeStamp : 2025-09-09 15:47:58===> API : null ===> Message : validateRequest() invoked
info: ===> TimeStamp : 2025-09-09 15:47:58===> API : null ===> Message : fetchDBSettings()
info: ===> TimeStamp : 2025-09-09 15:47:58===> API : null ===> Message : validateRequest() Invoked!
info: ===> TimeStamp : 2025-09-09 15:47:58===> API : null ===> Message : validRequest() :: Api validated Successfully
info: ===> TimeStamp : 2025-09-09 15:47:58===> API : /api/auth/validateuser ===> Message : validateUser() invoked!!
info: ===> TimeStamp : 2025-09-09 15:47:58===> API : /api/auth/validateuser ===> Message : validateUser() :: Request Object :: [object Object]
info: ===> TimeStamp : 2025-09-09 15:47:58===> API : /api/auth/validateuser ===> Message : validateUserDB() Invoked !
info: ===> TimeStamp : 2025-09-09 15:47:58===> API : /api/auth/validateuser ===> Message : validateUserResponse() invoked!
info: ===> TimeStamp : 2025-09-09 15:47:58===> API : /api/auth/validateuser ===> Message : validateUserResponse() completed
info: ===> TimeStamp : 2025-09-09 15:47:59===> API : null ===> Message : validateRequest() invoked
info: ===> TimeStamp : 2025-09-09 15:47:59===> API : null ===> Message : fetchDBSettings()
info: ===> TimeStamp : 2025-09-09 15:47:59===> API : null ===> Message : validateRequest() Invoked!
info: ===> TimeStamp : 2025-09-09 15:47:59===> API : null ===> Message : validRequest() :: Api validated Successfully
info: ===> TimeStamp : 2025-09-09 15:47:59===> API : /api/auth/login ===> Message : loginUser() invoked!!
info: ===> TimeStamp : 2025-09-09 15:47:59===> API : /api/auth/login ===> Message : loginUser() :: Request Object :: [object Object]
info: ===> TimeStamp : 2025-09-09 15:47:59===> API : /api/auth/login ===> Message : loginUserDB() Invoked !
info: ===> TimeStamp : 2025-09-09 15:47:59===> API : /api/auth/login ===> Message : loginUserResponse() invoked!
info: ===> TimeStamp : 2025-09-09 15:47:59===> API : /api/auth/login ===> Message : loginUserResponse() completed
info: ===> TimeStamp : 2025-09-09 16:20:48===> API : null ===> Message : validateRequest() invoked
info: ===> TimeStamp : 2025-09-09 16:20:48===> API : null ===> Message : fetchDBSettings()
info: ===> TimeStamp : 2025-09-09 16:20:48===> API : null ===> Message : validateRequest() Invoked!
info: ===> TimeStamp : 2025-09-09 16:20:48===> API : null ===> Message : validRequest() :: Api validated Successfully
info: ===> TimeStamp : 2025-09-09 16:20:48===> API : /api/auth/validateuser ===> Message : validateUser() invoked!!
info: ===> TimeStamp : 2025-09-09 16:20:48===> API : /api/auth/validateuser ===> Message : validateUser() :: Request Object :: [object Object]
info: ===> TimeStamp : 2025-09-09 16:20:48===> API : /api/auth/validateuser ===> Message : validateUserDB() Invoked !
info: ===> TimeStamp : 2025-09-09 16:20:48===> API : /api/auth/validateuser ===> Message : validateUserResponse() invoked!
info: ===> TimeStamp : 2025-09-09 16:20:48===> API : /api/auth/validateuser ===> Message : validateUserResponse() completed
info: ===> TimeStamp : 2025-09-09 16:20:48===> API : null ===> Message : validateRequest() invoked
info: ===> TimeStamp : 2025-09-09 16:20:48===> API : null ===> Message : fetchDBSettings()
info: ===> TimeStamp : 2025-09-09 16:20:48===> API : null ===> Message : validateRequest() Invoked!
info: ===> TimeStamp : 2025-09-09 16:20:48===> API : null ===> Message : validRequest() :: Api validated Successfully
info: ===> TimeStamp : 2025-09-09 16:20:48===> API : /api/auth/checkIP ===> Message : checkIP() invoked!!
info: ===> TimeStamp : 2025-09-09 16:20:48===> API : /api/auth/checkIP ===> Message : IPs match: 103.255.182.117
info: ===> TimeStamp : 2025-09-09 16:20:48===> API : /api/auth/checkIP ===> Message : checkIPResponse() invoked!
info: ===> TimeStamp : 2025-09-09 16:20:48===> API : /api/auth/checkIP ===> Message : checkIPResponse() completed
info: ===> TimeStamp : 2025-09-09 16:20:48===> API : null ===> Message : validateRequest() invoked
info: ===> TimeStamp : 2025-09-09 16:20:48===> API : null ===> Message : fetchDBSettings()
info: ===> TimeStamp : 2025-09-09 16:20:48===> API : null ===> Message : validateRequest() Invoked!
info: ===> TimeStamp : 2025-09-09 16:20:48===> API : null ===> Message : validRequest() :: Api validated Successfully
info: ===> TimeStamp : 2025-09-09 16:20:48===> API : /api/auth/login ===> Message : loginUser() invoked!!
info: ===> TimeStamp : 2025-09-09 16:20:48===> API : /api/auth/login ===> Message : loginUser() :: Request Object :: [object Object]
info: ===> TimeStamp : 2025-09-09 16:20:48===> API : /api/auth/login ===> Message : loginUserDB() Invoked !
info: ===> TimeStamp : 2025-09-09 16:20:48===> API : /api/auth/login ===> Message : loginUserResponse() invoked!
info: ===> TimeStamp : 2025-09-09 16:20:48===> API : /api/auth/login ===> Message : loginUserResponse() completed
info: ===> TimeStamp : 2025-09-09 16:36:13===> API : null ===> Message : validateRequest() invoked
info: ===> TimeStamp : 2025-09-09 16:36:14===> API : null ===> Message : validateRequest() Error:: Invalid Request :: 
      {"apiUri":"/api/swagger"}
info: ===> TimeStamp : 2025-09-09 16:40:58===> API : null ===> Message : validateRequest() invoked
info: ===> TimeStamp : 2025-09-09 16:40:58===> API : null ===> Message : fetchDBSettings()
info: ===> TimeStamp : 2025-09-09 16:40:58===> API : null ===> Message : validateRequest() Invoked!
info: ===> TimeStamp : 2025-09-09 16:40:58===> API : null ===> Message : validRequest() :: Api validated Successfully
info: ===> TimeStamp : 2025-09-09 16:40:58===> API : /api/auth/validateuser ===> Message : validateUser() invoked!!
info: ===> TimeStamp : 2025-09-09 16:40:58===> API : /api/auth/validateuser ===> Message : validateUser() :: Request Object :: [object Object]
info: ===> TimeStamp : 2025-09-09 16:40:58===> API : /api/auth/validateuser ===> Message : validateUserDB() Invoked !
info: ===> TimeStamp : 2025-09-09 16:40:58===> API : /api/auth/validateuser ===> Message : validateUserResponse() invoked!
info: ===> TimeStamp : 2025-09-09 16:40:58===> API : /api/auth/validateuser ===> Message : validateUserResponse() completed
info: ===> TimeStamp : 2025-09-09 16:40:59===> API : null ===> Message : validateRequest() invoked
info: ===> TimeStamp : 2025-09-09 16:40:59===> API : null ===> Message : fetchDBSettings()
info: ===> TimeStamp : 2025-09-09 16:40:59===> API : null ===> Message : validateRequest() Invoked!
info: ===> TimeStamp : 2025-09-09 16:40:59===> API : null ===> Message : validRequest() :: Api validated Successfully
info: ===> TimeStamp : 2025-09-09 16:40:59===> API : /api/auth/login ===> Message : loginUser() invoked!!
info: ===> TimeStamp : 2025-09-09 16:40:59===> API : /api/auth/login ===> Message : loginUser() :: Request Object :: [object Object]
info: ===> TimeStamp : 2025-09-09 16:40:59===> API : /api/auth/login ===> Message : loginUserDB() Invoked !
info: ===> TimeStamp : 2025-09-09 16:40:59===> API : /api/auth/login ===> Message : loginUserResponse() invoked!
info: ===> TimeStamp : 2025-09-09 16:40:59===> API : /api/auth/login ===> Message : loginUserResponse() completed
info: ===> TimeStamp : 2025-09-09 16:50:19===> API : null ===> Message : validateRequest() invoked
info: ===> TimeStamp : 2025-09-09 16:50:19===> API : null ===> Message : fetchDBSettings()
info: ===> TimeStamp : 2025-09-09 16:50:19===> API : null ===> Message : validateRequest() Invoked!
info: ===> TimeStamp : 2025-09-09 16:50:19===> API : null ===> Message : validRequest() :: Api validated Successfully
info: ===> TimeStamp : 2025-09-09 16:50:19===> API : /api/auth/validateuser ===> Message : validateUser() :: Request Object :: [object Object]
info: ===> TimeStamp : 2025-09-09 16:50:19===> API : /api/auth/validateuser ===> Message : validateUser() invoked!!
info: ===> TimeStamp : 2025-09-09 16:50:19===> API : /api/auth/validateuser ===> Message : validateUserDB() Invoked !
info: ===> TimeStamp : 2025-09-09 16:50:19===> API : /api/auth/validateuser ===> Message : validateUserResponse() invoked!
info: ===> TimeStamp : 2025-09-09 16:50:19===> API : /api/auth/validateuser ===> Message : validateUserResponse() completed
info: ===> TimeStamp : 2025-09-09 16:50:19===> API : null ===> Message : validateRequest() invoked
info: ===> TimeStamp : 2025-09-09 16:50:19===> API : null ===> Message : fetchDBSettings()
info: ===> TimeStamp : 2025-09-09 16:50:19===> API : null ===> Message : validateRequest() Invoked!
info: ===> TimeStamp : 2025-09-09 16:50:19===> API : null ===> Message : validRequest() :: Api validated Successfully
info: ===> TimeStamp : 2025-09-09 16:50:19===> API : /api/auth/login ===> Message : loginUser() invoked!!
info: ===> TimeStamp : 2025-09-09 16:50:19===> API : /api/auth/login ===> Message : loginUser() :: Request Object :: [object Object]
info: ===> TimeStamp : 2025-09-09 16:50:19===> API : /api/auth/login ===> Message : loginUserDB() Invoked !
info: ===> TimeStamp : 2025-09-09 16:50:19===> API : /api/auth/login ===> Message : loginUserResponse() invoked!
info: ===> TimeStamp : 2025-09-09 16:50:19===> API : /api/auth/login ===> Message : loginUserResponse() completed
info: ===> TimeStamp : 2025-09-09 16:57:02===> API : null ===> Message : validateRequest() invoked
info: ===> TimeStamp : 2025-09-09 16:57:02===> API : null ===> Message : fetchDBSettings()
info: ===> TimeStamp : 2025-09-09 16:57:02===> API : null ===> Message : validateRequest() Invoked!
info: ===> TimeStamp : 2025-09-09 16:57:02===> API : null ===> Message : validRequest() :: Api validated Successfully
info: ===> TimeStamp : 2025-09-09 16:57:02===> API : /api/auth/validateuser ===> Message : validateUser() invoked!!
info: ===> TimeStamp : 2025-09-09 16:57:02===> API : /api/auth/validateuser ===> Message : validateUser() :: Request Object :: [object Object]
info: ===> TimeStamp : 2025-09-09 16:57:02===> API : /api/auth/validateuser ===> Message : validateUserDB() Invoked !
info: ===> TimeStamp : 2025-09-09 16:57:02===> API : /api/auth/validateuser ===> Message : validateUserResponse() invoked!
info: ===> TimeStamp : 2025-09-09 16:57:02===> API : /api/auth/validateuser ===> Message : validateUserResponse() completed
info: ===> TimeStamp : 2025-09-09 16:57:02===> API : null ===> Message : validateRequest() invoked
info: ===> TimeStamp : 2025-09-09 16:57:02===> API : null ===> Message : fetchDBSettings()
info: ===> TimeStamp : 2025-09-09 16:57:02===> API : null ===> Message : validateRequest() Invoked!
info: ===> TimeStamp : 2025-09-09 16:57:02===> API : null ===> Message : validRequest() :: Api validated Successfully
info: ===> TimeStamp : 2025-09-09 16:57:02===> API : /api/auth/login ===> Message : loginUser() :: Request Object :: [object Object]
info: ===> TimeStamp : 2025-09-09 16:57:02===> API : /api/auth/login ===> Message : loginUser() invoked!!
info: ===> TimeStamp : 2025-09-09 16:57:02===> API : /api/auth/login ===> Message : loginUserDB() Invoked !
info: ===> TimeStamp : 2025-09-09 16:57:02===> API : /api/auth/login ===> Message : loginUserResponse() invoked!
info: ===> TimeStamp : 2025-09-09 16:57:02===> API : /api/auth/login ===> Message : loginUserResponse() completed
info: ===> TimeStamp : 2025-09-09 17:01:22===> API : null ===> Message : validateRequest() invoked
info: ===> TimeStamp : 2025-09-09 17:01:22===> API : null ===> Message : fetchDBSettings()
info: ===> TimeStamp : 2025-09-09 17:01:22===> API : null ===> Message : validateRequest() Invoked!
info: ===> TimeStamp : 2025-09-09 17:01:22===> API : null ===> Message : validRequest() :: Api validated Successfully
info: ===> TimeStamp : 2025-09-09 17:01:22===> API : /api/auth/validateuser ===> Message : validateUser() :: Request Object :: [object Object]
info: ===> TimeStamp : 2025-09-09 17:01:22===> API : /api/auth/validateuser ===> Message : validateUser() invoked!!
info: ===> TimeStamp : 2025-09-09 17:01:22===> API : /api/auth/validateuser ===> Message : validateUserDB() Invoked !
info: ===> TimeStamp : 2025-09-09 17:01:22===> API : /api/auth/validateuser ===> Message : validateUserResponse() invoked!
info: ===> TimeStamp : 2025-09-09 17:01:22===> API : /api/auth/validateuser ===> Message : validateUserResponse() completed
info: ===> TimeStamp : 2025-09-09 17:01:23===> API : null ===> Message : validateRequest() invoked
info: ===> TimeStamp : 2025-09-09 17:01:23===> API : null ===> Message : fetchDBSettings()
info: ===> TimeStamp : 2025-09-09 17:01:23===> API : null ===> Message : validateRequest() Invoked!
info: ===> TimeStamp : 2025-09-09 17:01:23===> API : null ===> Message : validRequest() :: Api validated Successfully
info: ===> TimeStamp : 2025-09-09 17:01:23===> API : /api/auth/login ===> Message : loginUser() invoked!!
info: ===> TimeStamp : 2025-09-09 17:01:23===> API : /api/auth/login ===> Message : loginUser() :: Request Object :: [object Object]
info: ===> TimeStamp : 2025-09-09 17:01:23===> API : /api/auth/login ===> Message : loginUserDB() Invoked !
info: ===> TimeStamp : 2025-09-09 17:01:23===> API : /api/auth/login ===> Message : loginUserResponse() invoked!
info: ===> TimeStamp : 2025-09-09 17:01:23===> API : /api/auth/login ===> Message : loginUserResponse() completed
info: ===> TimeStamp : 2025-09-09 17:15:25===> API : null ===> Message : validateRequest() invoked
info: ===> TimeStamp : 2025-09-09 17:15:25===> API : null ===> Message : fetchDBSettings()
info: ===> TimeStamp : 2025-09-09 17:15:25===> API : null ===> Message : validateRequest() Invoked!
info: ===> TimeStamp : 2025-09-09 17:15:25===> API : null ===> Message : validRequest() :: Api validated Successfully
info: ===> TimeStamp : 2025-09-09 17:15:25===> API : /api/auth/validateuser ===> Message : validateUser() :: Request Object :: [object Object]
info: ===> TimeStamp : 2025-09-09 17:15:25===> API : /api/auth/validateuser ===> Message : validateUser() invoked!!
info: ===> TimeStamp : 2025-09-09 17:15:25===> API : /api/auth/validateuser ===> Message : validateUserDB() Invoked !
info: ===> TimeStamp : 2025-09-09 17:15:25===> API : /api/auth/validateuser ===> Message : validateUserResponse() invoked!
info: ===> TimeStamp : 2025-09-09 17:15:25===> API : /api/auth/validateuser ===> Message : validateUserResponse() completed
info: ===> TimeStamp : 2025-09-09 17:15:26===> API : null ===> Message : validateRequest() invoked
info: ===> TimeStamp : 2025-09-09 17:15:26===> API : null ===> Message : fetchDBSettings()
info: ===> TimeStamp : 2025-09-09 17:15:26===> API : null ===> Message : validateRequest() Invoked!
info: ===> TimeStamp : 2025-09-09 17:15:26===> API : null ===> Message : validRequest() :: Api validated Successfully
info: ===> TimeStamp : 2025-09-09 17:15:26===> API : /api/auth/login ===> Message : loginUser() invoked!!
info: ===> TimeStamp : 2025-09-09 17:15:26===> API : /api/auth/login ===> Message : loginUser() :: Request Object :: [object Object]
info: ===> TimeStamp : 2025-09-09 17:15:26===> API : /api/auth/login ===> Message : loginUserDB() Invoked !
info: ===> TimeStamp : 2025-09-09 17:15:26===> API : /api/auth/login ===> Message : loginUserResponse() invoked!
info: ===> TimeStamp : 2025-09-09 17:15:26===> API : /api/auth/login ===> Message : loginUserResponse() completed
info: ===> TimeStamp : 2025-09-09 18:01:53===> API : null ===> Message : validateRequest() invoked
info: ===> TimeStamp : 2025-09-09 18:01:53===> API : null ===> Message : fetchDBSettings()
info: ===> TimeStamp : 2025-09-09 18:01:53===> API : null ===> Message : validateRequest() Invoked!
info: ===> TimeStamp : 2025-09-09 18:01:53===> API : null ===> Message : validRequest() :: Api validated Successfully
info: ===> TimeStamp : 2025-09-09 18:01:53===> API : /api/auth/validateuser ===> Message : validateUser() invoked!!
info: ===> TimeStamp : 2025-09-09 18:01:53===> API : /api/auth/validateuser ===> Message : validateUser() :: Request Object :: [object Object]
info: ===> TimeStamp : 2025-09-09 18:01:53===> API : /api/auth/validateuser ===> Message : validateUserDB() Invoked !
info: ===> TimeStamp : 2025-09-09 18:01:53===> API : /api/auth/validateuser ===> Message : validateUserResponse() invoked!
info: ===> TimeStamp : 2025-09-09 18:01:53===> API : /api/auth/validateuser ===> Message : validateUserResponse() completed
info: ===> TimeStamp : 2025-09-09 18:01:54===> API : null ===> Message : validateRequest() invoked
info: ===> TimeStamp : 2025-09-09 18:01:54===> API : null ===> Message : fetchDBSettings()
info: ===> TimeStamp : 2025-09-09 18:01:54===> API : null ===> Message : validateRequest() Invoked!
info: ===> TimeStamp : 2025-09-09 18:01:54===> API : null ===> Message : validRequest() :: Api validated Successfully
info: ===> TimeStamp : 2025-09-09 18:01:54===> API : /api/auth/login ===> Message : loginUser() invoked!!
info: ===> TimeStamp : 2025-09-09 18:01:54===> API : /api/auth/login ===> Message : loginUser() :: Request Object :: [object Object]
info: ===> TimeStamp : 2025-09-09 18:01:54===> API : /api/auth/login ===> Message : loginUserDB() Invoked !
info: ===> TimeStamp : 2025-09-09 18:01:54===> API : /api/auth/login ===> Message : loginUserResponse() invoked!
info: ===> TimeStamp : 2025-09-09 18:01:54===> API : /api/auth/login ===> Message : loginUserResponse() completed
info: ===> TimeStamp : 2025-09-09 18:47:09===> API : null ===> Message : validateRequest() invoked
info: ===> TimeStamp : 2025-09-09 18:47:09===> API : null ===> Message : fetchDBSettings()
info: ===> TimeStamp : 2025-09-09 18:47:09===> API : null ===> Message : validateRequest() Invoked!
info: ===> TimeStamp : 2025-09-09 18:47:09===> API : null ===> Message : validRequest() :: Api validated Successfully
info: ===> TimeStamp : 2025-09-09 18:47:09===> API : /api/auth/validateuser ===> Message : validateUser() invoked!!
info: ===> TimeStamp : 2025-09-09 18:47:09===> API : /api/auth/validateuser ===> Message : validateUser() :: Request Object :: [object Object]
info: ===> TimeStamp : 2025-09-09 18:47:09===> API : /api/auth/validateuser ===> Message : validateUserDB() Invoked !
info: ===> TimeStamp : 2025-09-09 18:47:09===> API : /api/auth/validateuser ===> Message : validateUserResponse() invoked!
info: ===> TimeStamp : 2025-09-09 18:47:09===> API : /api/auth/validateuser ===> Message : validateUserResponse() completed
info: ===> TimeStamp : 2025-09-09 18:47:09===> API : null ===> Message : validateRequest() invoked
info: ===> TimeStamp : 2025-09-09 18:47:09===> API : null ===> Message : fetchDBSettings()
info: ===> TimeStamp : 2025-09-09 18:47:09===> API : null ===> Message : validateRequest() Invoked!
info: ===> TimeStamp : 2025-09-09 18:47:09===> API : null ===> Message : validRequest() :: Api validated Successfully
info: ===> TimeStamp : 2025-09-09 18:47:09===> API : /api/auth/login ===> Message : loginUser() invoked!!
info: ===> TimeStamp : 2025-09-09 18:47:09===> API : /api/auth/login ===> Message : loginUser() :: Request Object :: [object Object]
info: ===> TimeStamp : 2025-09-09 18:47:09===> API : /api/auth/login ===> Message : loginUserDB() Invoked !
info: ===> TimeStamp : 2025-09-09 18:47:09===> API : /api/auth/login ===> Message : loginUserResponse() invoked!
info: ===> TimeStamp : 2025-09-09 18:47:09===> API : /api/auth/login ===> Message : loginUserResponse() completed
info: ===> TimeStamp : 2025-09-09 18:47:34===> API : null ===> Message : validateRequest() invoked
info: ===> TimeStamp : 2025-09-09 18:47:34===> API : null ===> Message : validateRequest() Error:: Invalid Request :: 
      {"apiUri":"/pdown"}
info: ===> TimeStamp : 2025-09-09 18:56:48===> API : null ===> Message : validateRequest() invoked
info: ===> TimeStamp : 2025-09-09 18:56:48===> API : null ===> Message : fetchDBSettings()
info: ===> TimeStamp : 2025-09-09 18:56:48===> API : null ===> Message : validateRequest() Invoked!
info: ===> TimeStamp : 2025-09-09 18:56:48===> API : null ===> Message : validRequest() :: Api validated Successfully
info: ===> TimeStamp : 2025-09-09 18:56:48===> API : /api/auth/validateuser ===> Message : validateUser() invoked!!
info: ===> TimeStamp : 2025-09-09 18:56:48===> API : /api/auth/validateuser ===> Message : validateUser() :: Request Object :: [object Object]
info: ===> TimeStamp : 2025-09-09 18:56:48===> API : /api/auth/validateuser ===> Message : validateUserDB() Invoked !
info: ===> TimeStamp : 2025-09-09 18:56:48===> API : /api/auth/validateuser ===> Message : validateUserDB() :: Error :: {"code":"ER_SIGNAL_EXCEPTION","errno":1644,"sqlState":"10005","sqlMessage":"User Does Not Exist","sql":"CALL usp_validate_user('ALok', 'KUMARi@1991')"}
info: ===> TimeStamp : 2025-09-09 18:56:48===> API : /api/auth/validateuser ===> Message : validateUserDBResult :: Error :: {"ErrorCode":10005,"ErrorMessage":"User Does Not Exist"}
info: ===> TimeStamp : 2025-09-09 18:56:48===> API : /api/auth/validateuser ===> Message : validateUserResponse() invoked!
info: ===> TimeStamp : 2025-09-09 18:56:48===> API : /api/auth/validateuser ===> Message : validateUserResponse() completed
info: ===> TimeStamp : 2025-09-09 18:57:09===> API : null ===> Message : validateRequest() invoked
info: ===> TimeStamp : 2025-09-09 18:57:09===> API : null ===> Message : fetchDBSettings()
info: ===> TimeStamp : 2025-09-09 18:57:10===> API : null ===> Message : validateRequest() Invoked!
info: ===> TimeStamp : 2025-09-09 18:57:10===> API : null ===> Message : validRequest() :: Api validated Successfully
info: ===> TimeStamp : 2025-09-09 18:57:10===> API : /api/auth/validateuser ===> Message : validateUser() invoked!!
info: ===> TimeStamp : 2025-09-09 18:57:10===> API : /api/auth/validateuser ===> Message : validateUser() :: Request Object :: [object Object]
info: ===> TimeStamp : 2025-09-09 18:57:10===> API : /api/auth/validateuser ===> Message : validateUserDB() Invoked !
info: ===> TimeStamp : 2025-09-09 18:57:10===> API : /api/auth/validateuser ===> Message : validateUserResponse() invoked!
info: ===> TimeStamp : 2025-09-09 18:57:10===> API : /api/auth/validateuser ===> Message : validateUserResponse() completed
info: ===> TimeStamp : 2025-09-09 18:57:10===> API : null ===> Message : validateRequest() invoked
info: ===> TimeStamp : 2025-09-09 18:57:10===> API : null ===> Message : fetchDBSettings()
info: ===> TimeStamp : 2025-09-09 18:57:10===> API : null ===> Message : validateRequest() Invoked!
info: ===> TimeStamp : 2025-09-09 18:57:10===> API : null ===> Message : validRequest() :: Api validated Successfully
info: ===> TimeStamp : 2025-09-09 18:57:10===> API : /api/auth/login ===> Message : loginUser() invoked!!
info: ===> TimeStamp : 2025-09-09 18:57:10===> API : /api/auth/login ===> Message : loginUser() :: Request Object :: [object Object]
info: ===> TimeStamp : 2025-09-09 18:57:10===> API : /api/auth/login ===> Message : loginUserDB() Invoked !
info: ===> TimeStamp : 2025-09-09 18:57:10===> API : /api/auth/login ===> Message : loginUserResponse() invoked!
info: ===> TimeStamp : 2025-09-09 18:57:10===> API : /api/auth/login ===> Message : loginUserResponse() completed
info: ===> TimeStamp : 2025-09-09 18:59:15===> API : null ===> Message : validateRequest() invoked
info: ===> TimeStamp : 2025-09-09 18:59:15===> API : null ===> Message : fetchDBSettings()
info: ===> TimeStamp : 2025-09-09 18:59:15===> API : null ===> Message : validateRequest() Invoked!
info: ===> TimeStamp : 2025-09-09 18:59:15===> API : null ===> Message : validRequest() :: Api validated Successfully
info: ===> TimeStamp : 2025-09-09 18:59:15===> API : /api/auth/logout ===> Message : logoutUser() :: Request Object :: [object Object]
info: ===> TimeStamp : 2025-09-09 18:59:15===> API : /api/auth/logout ===> Message : logoutUser() invoked!!
info: ===> TimeStamp : 2025-09-09 18:59:15===> API : /api/auth/logout ===> Message : logoutUserDB() Invoked !
info: ===> TimeStamp : 2025-09-09 18:59:15===> API : /api/auth/logout ===> Message : logoutUserResponse() invoked!
info: ===> TimeStamp : 2025-09-09 18:59:15===> API : /api/auth/logout ===> Message : logoutUserResponse() completed
info: ===> TimeStamp : 2025-09-09 19:01:22===> API : null ===> Message : validateRequest() invoked
info: ===> TimeStamp : 2025-09-09 19:01:22===> API : null ===> Message : fetchDBSettings()
info: ===> TimeStamp : 2025-09-09 19:01:22===> API : null ===> Message : validateRequest() Invoked!
info: ===> TimeStamp : 2025-09-09 19:01:22===> API : null ===> Message : validRequest() :: Api validated Successfully
info: ===> TimeStamp : 2025-09-09 19:01:22===> API : /api/auth/validateuser ===> Message : validateUser() invoked!!
info: ===> TimeStamp : 2025-09-09 19:01:22===> API : /api/auth/validateuser ===> Message : validateUser() :: Request Object :: [object Object]
info: ===> TimeStamp : 2025-09-09 19:01:22===> API : /api/auth/validateuser ===> Message : validateUserDB() Invoked !
info: ===> TimeStamp : 2025-09-09 19:01:22===> API : /api/auth/validateuser ===> Message : validateUserResponse() invoked!
info: ===> TimeStamp : 2025-09-09 19:01:22===> API : /api/auth/validateuser ===> Message : validateUserResponse() completed
info: ===> TimeStamp : 2025-09-09 19:01:22===> API : null ===> Message : validateRequest() invoked
info: ===> TimeStamp : 2025-09-09 19:01:22===> API : null ===> Message : fetchDBSettings()
info: ===> TimeStamp : 2025-09-09 19:01:22===> API : null ===> Message : validateRequest() Invoked!
info: ===> TimeStamp : 2025-09-09 19:01:22===> API : null ===> Message : validRequest() :: Api validated Successfully
info: ===> TimeStamp : 2025-09-09 19:01:22===> API : /api/auth/login ===> Message : loginUser() :: Request Object :: [object Object]
info: ===> TimeStamp : 2025-09-09 19:01:22===> API : /api/auth/login ===> Message : loginUser() invoked!!
info: ===> TimeStamp : 2025-09-09 19:01:22===> API : /api/auth/login ===> Message : loginUserDB() Invoked !
info: ===> TimeStamp : 2025-09-09 19:01:23===> API : /api/auth/login ===> Message : loginUserResponse() invoked!
info: ===> TimeStamp : 2025-09-09 19:01:23===> API : /api/auth/login ===> Message : loginUserResponse() completed
info: ===> TimeStamp : 2025-09-09 19:28:45===> API : null ===> Message : validateRequest() invoked
info: ===> TimeStamp : 2025-09-09 19:28:45===> API : null ===> Message : fetchDBSettings()
info: ===> TimeStamp : 2025-09-09 19:28:45===> API : null ===> Message : validateRequest() Invoked!
info: ===> TimeStamp : 2025-09-09 19:28:45===> API : null ===> Message : validRequest() :: Api validated Successfully
info: ===> TimeStamp : 2025-09-09 19:28:45===> API : /api/auth/validateuser ===> Message : validateUser() invoked!!
info: ===> TimeStamp : 2025-09-09 19:28:45===> API : /api/auth/validateuser ===> Message : validateUser() :: Request Object :: [object Object]
info: ===> TimeStamp : 2025-09-09 19:28:45===> API : /api/auth/validateuser ===> Message : validateUserDB() Invoked !
info: ===> TimeStamp : 2025-09-09 19:28:45===> API : /api/auth/validateuser ===> Message : validateUserResponse() invoked!
info: ===> TimeStamp : 2025-09-09 19:28:45===> API : /api/auth/validateuser ===> Message : validateUserResponse() completed
info: ===> TimeStamp : 2025-09-09 19:28:45===> API : null ===> Message : validateRequest() invoked
info: ===> TimeStamp : 2025-09-09 19:28:45===> API : null ===> Message : fetchDBSettings()
info: ===> TimeStamp : 2025-09-09 19:28:45===> API : null ===> Message : validateRequest() Invoked!
info: ===> TimeStamp : 2025-09-09 19:28:45===> API : null ===> Message : validRequest() :: Api validated Successfully
info: ===> TimeStamp : 2025-09-09 19:28:45===> API : /api/auth/login ===> Message : loginUser() invoked!!
info: ===> TimeStamp : 2025-09-09 19:28:45===> API : /api/auth/login ===> Message : loginUser() :: Request Object :: [object Object]
info: ===> TimeStamp : 2025-09-09 19:28:45===> API : /api/auth/login ===> Message : loginUserDB() Invoked !
info: ===> TimeStamp : 2025-09-09 19:28:45===> API : /api/auth/login ===> Message : loginUserResponse() invoked!
info: ===> TimeStamp : 2025-09-09 19:28:45===> API : /api/auth/login ===> Message : loginUserResponse() completed
info: ===> TimeStamp : 2025-09-09 19:46:33===> API : null ===> Message : validateRequest() invoked
info: ===> TimeStamp : 2025-09-09 19:46:33===> API : null ===> Message : fetchDBSettings()
info: ===> TimeStamp : 2025-09-09 19:46:33===> API : null ===> Message : validateRequest() Invoked!
info: ===> TimeStamp : 2025-09-09 19:46:33===> API : null ===> Message : validRequest() :: Api validated Successfully
info: ===> TimeStamp : 2025-09-09 19:46:33===> API : /api/auth/validateuser ===> Message : validateUser() invoked!!
info: ===> TimeStamp : 2025-09-09 19:46:33===> API : /api/auth/validateuser ===> Message : validateUser() :: Request Object :: [object Object]
info: ===> TimeStamp : 2025-09-09 19:46:33===> API : /api/auth/validateuser ===> Message : validateUserDB() Invoked !
info: ===> TimeStamp : 2025-09-09 19:46:33===> API : /api/auth/validateuser ===> Message : validateUserDB() :: Error :: {"code":"ER_SIGNAL_EXCEPTION","errno":1644,"sqlState":"10005","sqlMessage":"User Does Not Exist","sql":"CALL usp_validate_user('manjit', 'manjit@32')"}
info: ===> TimeStamp : 2025-09-09 19:46:33===> API : /api/auth/validateuser ===> Message : validateUserDBResult :: Error :: {"ErrorCode":10005,"ErrorMessage":"User Does Not Exist"}
info: ===> TimeStamp : 2025-09-09 19:46:33===> API : /api/auth/validateuser ===> Message : validateUserResponse() invoked!
info: ===> TimeStamp : 2025-09-09 19:46:33===> API : /api/auth/validateuser ===> Message : validateUserResponse() completed
info: ===> TimeStamp : 2025-09-09 19:46:39===> API : null ===> Message : validateRequest() invoked
info: ===> TimeStamp : 2025-09-09 19:46:39===> API : null ===> Message : fetchDBSettings()
info: ===> TimeStamp : 2025-09-09 19:46:39===> API : null ===> Message : validateRequest() Invoked!
info: ===> TimeStamp : 2025-09-09 19:46:39===> API : null ===> Message : validRequest() :: Api validated Successfully
info: ===> TimeStamp : 2025-09-09 19:46:39===> API : /api/auth/validateuser ===> Message : validateUser() invoked!!
info: ===> TimeStamp : 2025-09-09 19:46:39===> API : /api/auth/validateuser ===> Message : validateUser() :: Request Object :: [object Object]
info: ===> TimeStamp : 2025-09-09 19:46:39===> API : /api/auth/validateuser ===> Message : validateUserDB() Invoked !
info: ===> TimeStamp : 2025-09-09 19:46:39===> API : /api/auth/validateuser ===> Message : validateUserResponse() invoked!
info: ===> TimeStamp : 2025-09-09 19:46:39===> API : /api/auth/validateuser ===> Message : validateUserResponse() completed
info: ===> TimeStamp : 2025-09-09 19:46:39===> API : null ===> Message : validateRequest() invoked
info: ===> TimeStamp : 2025-09-09 19:46:39===> API : null ===> Message : fetchDBSettings()
info: ===> TimeStamp : 2025-09-09 19:46:39===> API : null ===> Message : validateRequest() Invoked!
info: ===> TimeStamp : 2025-09-09 19:46:39===> API : null ===> Message : validRequest() :: Api validated Successfully
info: ===> TimeStamp : 2025-09-09 19:46:39===> API : /api/auth/login ===> Message : loginUser() invoked!!
info: ===> TimeStamp : 2025-09-09 19:46:39===> API : /api/auth/login ===> Message : loginUser() :: Request Object :: [object Object]
info: ===> TimeStamp : 2025-09-09 19:46:39===> API : /api/auth/login ===> Message : loginUserDB() Invoked !
info: ===> TimeStamp : 2025-09-09 19:46:39===> API : /api/auth/login ===> Message : loginUserResponse() invoked!
info: ===> TimeStamp : 2025-09-09 19:46:39===> API : /api/auth/login ===> Message : loginUserResponse() completed
info: ===> TimeStamp : 2025-09-09 20:39:08===> API : null ===> Message : validateRequest() invoked
info: ===> TimeStamp : 2025-09-09 20:39:08===> API : null ===> Message : validateRequest() Error:: Invalid Request :: 
      {"apiUri":"/"}
info: ===> TimeStamp : 2025-09-09 20:40:01===> API : null ===> Message : validateRequest() invoked
info: ===> TimeStamp : 2025-09-09 20:40:01===> API : null ===> Message : validateRequest() Error:: Invalid Request :: 
      {"apiUri":"/favicon.ico"}
info: ===> TimeStamp : 2025-09-09 21:44:46===> API : null ===> Message : validateRequest() invoked
info: ===> TimeStamp : 2025-09-09 21:44:46===> API : null ===> Message : fetchDBSettings()
info: ===> TimeStamp : 2025-09-09 21:44:46===> API : null ===> Message : validateRequest() Invoked!
info: ===> TimeStamp : 2025-09-09 21:44:46===> API : null ===> Message : validRequest() :: Api validated Successfully
info: ===> TimeStamp : 2025-09-09 21:44:46===> API : /api/auth/validateuser ===> Message : validateUser() invoked!!
info: ===> TimeStamp : 2025-09-09 21:44:46===> API : /api/auth/validateuser ===> Message : validateUser() :: Request Object :: [object Object]
info: ===> TimeStamp : 2025-09-09 21:44:46===> API : /api/auth/validateuser ===> Message : validateUserDB() Invoked !
info: ===> TimeStamp : 2025-09-09 21:44:46===> API : /api/auth/validateuser ===> Message : validateUserResponse() invoked!
info: ===> TimeStamp : 2025-09-09 21:44:46===> API : /api/auth/validateuser ===> Message : validateUserResponse() completed
info: ===> TimeStamp : 2025-09-09 21:44:47===> API : null ===> Message : validateRequest() invoked
info: ===> TimeStamp : 2025-09-09 21:44:47===> API : null ===> Message : fetchDBSettings()
info: ===> TimeStamp : 2025-09-09 21:44:47===> API : null ===> Message : validateRequest() Invoked!
info: ===> TimeStamp : 2025-09-09 21:44:47===> API : null ===> Message : validRequest() :: Api validated Successfully
info: ===> TimeStamp : 2025-09-09 21:44:47===> API : /api/auth/login ===> Message : loginUser() invoked!!
info: ===> TimeStamp : 2025-09-09 21:44:47===> API : /api/auth/login ===> Message : loginUser() :: Request Object :: [object Object]
info: ===> TimeStamp : 2025-09-09 21:44:47===> API : /api/auth/login ===> Message : loginUserDB() Invoked !
info: ===> TimeStamp : 2025-09-09 21:44:47===> API : /api/auth/login ===> Message : loginUserResponse() invoked!
info: ===> TimeStamp : 2025-09-09 21:44:47===> API : /api/auth/login ===> Message : loginUserResponse() completed
info: ===> TimeStamp : 2025-09-09 22:06:16===> API : null ===> Message : validateRequest() invoked
info: ===> TimeStamp : 2025-09-09 22:06:16===> API : null ===> Message : fetchDBSettings()
info: ===> TimeStamp : 2025-09-09 22:06:16===> API : null ===> Message : validateRequest() Invoked!
info: ===> TimeStamp : 2025-09-09 22:06:16===> API : null ===> Message : validRequest() :: Api validated Successfully
info: ===> TimeStamp : 2025-09-09 22:06:16===> API : /api/auth/logout ===> Message : logoutUser() invoked!!
info: ===> TimeStamp : 2025-09-09 22:06:16===> API : /api/auth/logout ===> Message : logoutUser() :: Request Object :: [object Object]
info: ===> TimeStamp : 2025-09-09 22:06:16===> API : /api/auth/logout ===> Message : logoutUserDB() Invoked !
info: ===> TimeStamp : 2025-09-09 22:06:16===> API : /api/auth/logout ===> Message : logoutUserResponse() invoked!
info: ===> TimeStamp : 2025-09-09 22:06:16===> API : /api/auth/logout ===> Message : logoutUserResponse() completed
info: ===> TimeStamp : 2025-09-09 22:10:05===> API : null ===> Message : validateRequest() invoked
info: ===> TimeStamp : 2025-09-09 22:10:05===> API : null ===> Message : fetchDBSettings()
info: ===> TimeStamp : 2025-09-09 22:10:05===> API : null ===> Message : validateRequest() Invoked!
info: ===> TimeStamp : 2025-09-09 22:10:05===> API : null ===> Message : validRequest() :: Api validated Successfully
info: ===> TimeStamp : 2025-09-09 22:10:05===> API : /api/auth/logout ===> Message : logoutUser() invoked!!
info: ===> TimeStamp : 2025-09-09 22:10:05===> API : /api/auth/logout ===> Message : logoutUser() :: Request Object :: [object Object]
info: ===> TimeStamp : 2025-09-09 22:10:05===> API : /api/auth/logout ===> Message : logoutUserDB() Invoked !
info: ===> TimeStamp : 2025-09-09 22:10:05===> API : /api/auth/logout ===> Message : logoutUserResponse() invoked!
info: ===> TimeStamp : 2025-09-09 22:10:05===> API : /api/auth/logout ===> Message : logoutUserResponse() completed
info: ===> TimeStamp : 2025-09-09 22:10:11===> API : null ===> Message : validateRequest() invoked
info: ===> TimeStamp : 2025-09-09 22:10:11===> API : null ===> Message : fetchDBSettings()
info: ===> TimeStamp : 2025-09-09 22:10:11===> API : null ===> Message : validateRequest() Invoked!
info: ===> TimeStamp : 2025-09-09 22:10:11===> API : /api/auth/validateuser ===> Message : validateUser() invoked!!
info: ===> TimeStamp : 2025-09-09 22:10:11===> API : /api/auth/validateuser ===> Message : validateUser() :: Request Object :: [object Object]
info: ===> TimeStamp : 2025-09-09 22:10:11===> API : null ===> Message : validRequest() :: Api validated Successfully
info: ===> TimeStamp : 2025-09-09 22:10:11===> API : /api/auth/validateuser ===> Message : validateUserDB() Invoked !
info: ===> TimeStamp : 2025-09-09 22:10:11===> API : /api/auth/validateuser ===> Message : validateUserResponse() invoked!
info: ===> TimeStamp : 2025-09-09 22:10:11===> API : /api/auth/validateuser ===> Message : validateUserResponse() completed
info: ===> TimeStamp : 2025-09-09 22:10:11===> API : null ===> Message : validateRequest() invoked
info: ===> TimeStamp : 2025-09-09 22:10:11===> API : null ===> Message : fetchDBSettings()
info: ===> TimeStamp : 2025-09-09 22:10:11===> API : null ===> Message : validateRequest() Invoked!
info: ===> TimeStamp : 2025-09-09 22:10:11===> API : /api/auth/checkIP ===> Message : checkIP() invoked!!
info: ===> TimeStamp : 2025-09-09 22:10:11===> API : null ===> Message : validRequest() :: Api validated Successfully
info: ===> TimeStamp : 2025-09-09 22:10:11===> API : /api/auth/checkIP ===> Message : IPs match: 103.255.182.117
info: ===> TimeStamp : 2025-09-09 22:10:11===> API : /api/auth/checkIP ===> Message : checkIPResponse() invoked!
info: ===> TimeStamp : 2025-09-09 22:10:11===> API : /api/auth/checkIP ===> Message : checkIPResponse() completed
info: ===> TimeStamp : 2025-09-09 22:10:11===> API : null ===> Message : validateRequest() invoked
info: ===> TimeStamp : 2025-09-09 22:10:11===> API : null ===> Message : fetchDBSettings()
info: ===> TimeStamp : 2025-09-09 22:10:11===> API : null ===> Message : validateRequest() Invoked!
info: ===> TimeStamp : 2025-09-09 22:10:11===> API : null ===> Message : validRequest() :: Api validated Successfully
info: ===> TimeStamp : 2025-09-09 22:10:11===> API : /api/auth/login ===> Message : loginUser() invoked!!
info: ===> TimeStamp : 2025-09-09 22:10:11===> API : /api/auth/login ===> Message : loginUser() :: Request Object :: [object Object]
info: ===> TimeStamp : 2025-09-09 22:10:11===> API : /api/auth/login ===> Message : loginUserDB() Invoked !
info: ===> TimeStamp : 2025-09-09 22:10:11===> API : /api/auth/login ===> Message : loginUserResponse() invoked!
info: ===> TimeStamp : 2025-09-09 22:10:11===> API : /api/auth/login ===> Message : loginUserResponse() completed
info: ===> TimeStamp : 2025-09-09 22:12:11===> API : null ===> Message : validateRequest() invoked
info: ===> TimeStamp : 2025-09-09 22:12:11===> API : null ===> Message : fetchDBSettings()
info: ===> TimeStamp : 2025-09-09 22:12:11===> API : null ===> Message : validateRequest() Invoked!
info: ===> TimeStamp : 2025-09-09 22:12:11===> API : null ===> Message : validRequest() :: Api validated Successfully
info: ===> TimeStamp : 2025-09-09 22:12:11===> API : /api/auth/validateuser ===> Message : validateUser() invoked!!
info: ===> TimeStamp : 2025-09-09 22:12:11===> API : /api/auth/validateuser ===> Message : validateUser() :: Request Object :: [object Object]
info: ===> TimeStamp : 2025-09-09 22:12:11===> API : /api/auth/validateuser ===> Message : validateUserDB() Invoked !
info: ===> TimeStamp : 2025-09-09 22:12:11===> API : /api/auth/validateuser ===> Message : validateUserResponse() invoked!
info: ===> TimeStamp : 2025-09-09 22:12:11===> API : /api/auth/validateuser ===> Message : validateUserResponse() completed
info: ===> TimeStamp : 2025-09-09 22:12:11===> API : null ===> Message : validateRequest() invoked
info: ===> TimeStamp : 2025-09-09 22:12:11===> API : null ===> Message : fetchDBSettings()
info: ===> TimeStamp : 2025-09-09 22:12:11===> API : null ===> Message : validateRequest() Invoked!
info: ===> TimeStamp : 2025-09-09 22:12:11===> API : null ===> Message : validRequest() :: Api validated Successfully
info: ===> TimeStamp : 2025-09-09 22:12:11===> API : /api/auth/checkIP ===> Message : checkIP() invoked!!
info: ===> TimeStamp : 2025-09-09 22:12:11===> API : /api/auth/checkIP ===> Message : IPs match: 103.255.182.117
info: ===> TimeStamp : 2025-09-09 22:12:11===> API : /api/auth/checkIP ===> Message : checkIPResponse() invoked!
info: ===> TimeStamp : 2025-09-09 22:12:11===> API : /api/auth/checkIP ===> Message : checkIPResponse() completed
info: ===> TimeStamp : 2025-09-09 22:12:11===> API : null ===> Message : validateRequest() invoked
info: ===> TimeStamp : 2025-09-09 22:12:11===> API : null ===> Message : fetchDBSettings()
info: ===> TimeStamp : 2025-09-09 22:12:11===> API : null ===> Message : validateRequest() Invoked!
info: ===> TimeStamp : 2025-09-09 22:12:11===> API : null ===> Message : validRequest() :: Api validated Successfully
info: ===> TimeStamp : 2025-09-09 22:12:11===> API : /api/auth/login ===> Message : loginUser() invoked!!
info: ===> TimeStamp : 2025-09-09 22:12:11===> API : /api/auth/login ===> Message : loginUser() :: Request Object :: [object Object]
info: ===> TimeStamp : 2025-09-09 22:12:11===> API : /api/auth/login ===> Message : loginUserDB() Invoked !
info: ===> TimeStamp : 2025-09-09 22:12:12===> API : /api/auth/login ===> Message : loginUserResponse() invoked!
info: ===> TimeStamp : 2025-09-09 22:12:12===> API : /api/auth/login ===> Message : loginUserResponse() completed
info: ===> TimeStamp : 2025-09-09 22:12:45===> API : null ===> Message : validateRequest() invoked
info: ===> TimeStamp : 2025-09-09 22:12:45===> API : null ===> Message : fetchDBSettings()
info: ===> TimeStamp : 2025-09-09 22:12:45===> API : null ===> Message : validateRequest() Invoked!
info: ===> TimeStamp : 2025-09-09 22:12:45===> API : null ===> Message : validRequest() :: Api validated Successfully
info: ===> TimeStamp : 2025-09-09 22:12:45===> API : /api/auth/validateuser ===> Message : validateUser() invoked!!
info: ===> TimeStamp : 2025-09-09 22:12:45===> API : /api/auth/validateuser ===> Message : validateUser() :: Request Object :: [object Object]
info: ===> TimeStamp : 2025-09-09 22:12:45===> API : /api/auth/validateuser ===> Message : validateUserDB() Invoked !
info: ===> TimeStamp : 2025-09-09 22:12:45===> API : /api/auth/validateuser ===> Message : validateUserResponse() invoked!
info: ===> TimeStamp : 2025-09-09 22:12:45===> API : /api/auth/validateuser ===> Message : validateUserResponse() completed
info: ===> TimeStamp : 2025-09-09 22:12:46===> API : null ===> Message : validateRequest() invoked
info: ===> TimeStamp : 2025-09-09 22:12:46===> API : null ===> Message : fetchDBSettings()
info: ===> TimeStamp : 2025-09-09 22:12:46===> API : null ===> Message : validateRequest() Invoked!
info: ===> TimeStamp : 2025-09-09 22:12:46===> API : null ===> Message : validRequest() :: Api validated Successfully
info: ===> TimeStamp : 2025-09-09 22:12:46===> API : /api/auth/login ===> Message : loginUser() invoked!!
info: ===> TimeStamp : 2025-09-09 22:12:46===> API : /api/auth/login ===> Message : loginUser() :: Request Object :: [object Object]
info: ===> TimeStamp : 2025-09-09 22:12:46===> API : /api/auth/login ===> Message : loginUserDB() Invoked !
info: ===> TimeStamp : 2025-09-09 22:12:46===> API : /api/auth/login ===> Message : loginUserResponse() invoked!
info: ===> TimeStamp : 2025-09-09 22:12:46===> API : /api/auth/login ===> Message : loginUserResponse() completed
info: ===> TimeStamp : 2025-09-09 22:17:26===> API : null ===> Message : validateRequest() invoked
info: ===> TimeStamp : 2025-09-09 22:17:26===> API : null ===> Message : fetchDBSettings()
info: ===> TimeStamp : 2025-09-09 22:17:26===> API : null ===> Message : validateRequest() Invoked!
info: ===> TimeStamp : 2025-09-09 22:17:26===> API : null ===> Message : validRequest() :: Api validated Successfully
info: ===> TimeStamp : 2025-09-09 22:17:26===> API : /api/auth/validateuser ===> Message : validateUser() invoked!!
info: ===> TimeStamp : 2025-09-09 22:17:26===> API : /api/auth/validateuser ===> Message : validateUser() :: Request Object :: [object Object]
info: ===> TimeStamp : 2025-09-09 22:17:26===> API : /api/auth/validateuser ===> Message : validateUserDB() Invoked !
info: ===> TimeStamp : 2025-09-09 22:17:26===> API : /api/auth/validateuser ===> Message : validateUserResponse() invoked!
info: ===> TimeStamp : 2025-09-09 22:17:26===> API : /api/auth/validateuser ===> Message : validateUserResponse() completed
info: ===> TimeStamp : 2025-09-09 22:17:26===> API : null ===> Message : validateRequest() invoked
info: ===> TimeStamp : 2025-09-09 22:17:26===> API : null ===> Message : fetchDBSettings()
info: ===> TimeStamp : 2025-09-09 22:17:26===> API : null ===> Message : validateRequest() Invoked!
info: ===> TimeStamp : 2025-09-09 22:17:26===> API : null ===> Message : validRequest() :: Api validated Successfully
info: ===> TimeStamp : 2025-09-09 22:17:26===> API : /api/auth/login ===> Message : loginUser() invoked!!
info: ===> TimeStamp : 2025-09-09 22:17:26===> API : /api/auth/login ===> Message : loginUser() :: Request Object :: [object Object]
info: ===> TimeStamp : 2025-09-09 22:17:26===> API : /api/auth/login ===> Message : loginUserDB() Invoked !
info: ===> TimeStamp : 2025-09-09 22:17:26===> API : /api/auth/login ===> Message : loginUserResponse() invoked!
info: ===> TimeStamp : 2025-09-09 22:17:26===> API : /api/auth/login ===> Message : loginUserResponse() completed
info: ===> TimeStamp : 2025-09-09 22:23:14===> API : null ===> Message : validateRequest() invoked
info: ===> TimeStamp : 2025-09-09 22:23:14===> API : null ===> Message : fetchDBSettings()
info: ===> TimeStamp : 2025-09-09 22:23:14===> API : null ===> Message : validateRequest() Invoked!
info: ===> TimeStamp : 2025-09-09 22:23:14===> API : /api/auth/validateuser ===> Message : validateUser() invoked!!
info: ===> TimeStamp : 2025-09-09 22:23:14===> API : /api/auth/validateuser ===> Message : validateUser() :: Request Object :: [object Object]
info: ===> TimeStamp : 2025-09-09 22:23:14===> API : null ===> Message : validRequest() :: Api validated Successfully
info: ===> TimeStamp : 2025-09-09 22:23:14===> API : /api/auth/validateuser ===> Message : validateUserDB() Invoked !
info: ===> TimeStamp : 2025-09-09 22:23:14===> API : /api/auth/validateuser ===> Message : validateUserResponse() invoked!
info: ===> TimeStamp : 2025-09-09 22:23:14===> API : /api/auth/validateuser ===> Message : validateUserResponse() completed
info: ===> TimeStamp : 2025-09-09 22:23:14===> API : null ===> Message : validateRequest() invoked
info: ===> TimeStamp : 2025-09-09 22:23:14===> API : null ===> Message : fetchDBSettings()
info: ===> TimeStamp : 2025-09-09 22:23:14===> API : null ===> Message : validateRequest() Invoked!
info: ===> TimeStamp : 2025-09-09 22:23:14===> API : null ===> Message : validRequest() :: Api validated Successfully
info: ===> TimeStamp : 2025-09-09 22:23:14===> API : /api/auth/login ===> Message : loginUser() invoked!!
info: ===> TimeStamp : 2025-09-09 22:23:14===> API : /api/auth/login ===> Message : loginUser() :: Request Object :: [object Object]
info: ===> TimeStamp : 2025-09-09 22:23:14===> API : /api/auth/login ===> Message : loginUserDB() Invoked !
info: ===> TimeStamp : 2025-09-09 22:23:14===> API : /api/auth/login ===> Message : loginUserResponse() invoked!
info: ===> TimeStamp : 2025-09-09 22:23:14===> API : /api/auth/login ===> Message : loginUserResponse() completed
info: ===> TimeStamp : 2025-09-09 23:16:59===> API : null ===> Message : validateRequest() invoked
info: ===> TimeStamp : 2025-09-09 23:16:59===> API : null ===> Message : fetchDBSettings()
info: ===> TimeStamp : 2025-09-09 23:16:59===> API : null ===> Message : validateRequest() Invoked!
info: ===> TimeStamp : 2025-09-09 23:16:59===> API : null ===> Message : validRequest() :: Api validated Successfully
info: ===> TimeStamp : 2025-09-09 23:16:59===> API : /api/auth/validateuser ===> Message : validateUser() invoked!!
info: ===> TimeStamp : 2025-09-09 23:16:59===> API : /api/auth/validateuser ===> Message : validateUser() :: Request Object :: [object Object]
info: ===> TimeStamp : 2025-09-09 23:16:59===> API : /api/auth/validateuser ===> Message : validateUserDB() Invoked !
info: ===> TimeStamp : 2025-09-09 23:16:59===> API : /api/auth/validateuser ===> Message : validateUserDB() :: Error :: {"code":"ER_SIGNAL_EXCEPTION","errno":1644,"sqlState":"10005","sqlMessage":"User Does Not Exist","sql":"CALL usp_validate_user('Karthikreddy1709', 'Karthik546')"}
info: ===> TimeStamp : 2025-09-09 23:16:59===> API : /api/auth/validateuser ===> Message : validateUserDBResult :: Error :: {"ErrorCode":10005,"ErrorMessage":"User Does Not Exist"}
info: ===> TimeStamp : 2025-09-09 23:16:59===> API : /api/auth/validateuser ===> Message : validateUserResponse() invoked!
info: ===> TimeStamp : 2025-09-09 23:16:59===> API : /api/auth/validateuser ===> Message : validateUserResponse() completed
info: ===> TimeStamp : 2025-09-10 00:03:51===> API : null ===> Message : validateRequest() invoked
info: ===> TimeStamp : 2025-09-10 00:03:51===> API : null ===> Message : fetchDBSettings()
info: ===> TimeStamp : 2025-09-10 00:03:51===> API : null ===> Message : validateRequest() Invoked!
info: ===> TimeStamp : 2025-09-10 00:03:51===> API : null ===> Message : validRequest() :: Api validated Successfully
info: ===> TimeStamp : 2025-09-10 00:03:51===> API : /api/auth/validateuser ===> Message : validateUser() invoked!!
info: ===> TimeStamp : 2025-09-10 00:03:51===> API : /api/auth/validateuser ===> Message : validateUser() :: Request Object :: [object Object]
info: ===> TimeStamp : 2025-09-10 00:03:51===> API : /api/auth/validateuser ===> Message : validateUserDB() Invoked !
info: ===> TimeStamp : 2025-09-10 00:03:51===> API : /api/auth/validateuser ===> Message : validateUserResponse() invoked!
info: ===> TimeStamp : 2025-09-10 00:03:51===> API : /api/auth/validateuser ===> Message : validateUserResponse() completed
info: ===> TimeStamp : 2025-09-10 00:03:52===> API : null ===> Message : validateRequest() invoked
info: ===> TimeStamp : 2025-09-10 00:03:52===> API : null ===> Message : fetchDBSettings()
info: ===> TimeStamp : 2025-09-10 00:03:52===> API : null ===> Message : validateRequest() Invoked!
info: ===> TimeStamp : 2025-09-10 00:03:52===> API : null ===> Message : validRequest() :: Api validated Successfully
info: ===> TimeStamp : 2025-09-10 00:03:52===> API : /api/auth/login ===> Message : loginUser() invoked!!
info: ===> TimeStamp : 2025-09-10 00:03:52===> API : /api/auth/login ===> Message : loginUser() :: Request Object :: [object Object]
info: ===> TimeStamp : 2025-09-10 00:03:52===> API : /api/auth/login ===> Message : loginUserDB() Invoked !
info: ===> TimeStamp : 2025-09-10 00:03:52===> API : /api/auth/login ===> Message : loginUserResponse() invoked!
info: ===> TimeStamp : 2025-09-10 00:03:52===> API : /api/auth/login ===> Message : loginUserResponse() completed
info: ===> TimeStamp : 2025-09-10 00:59:11===> API : null ===> Message : validateRequest() invoked
info: ===> TimeStamp : 2025-09-10 00:59:11===> API : null ===> Message : fetchDBSettings()
info: ===> TimeStamp : 2025-09-10 00:59:11===> API : null ===> Message : validateRequest() Invoked!
info: ===> TimeStamp : 2025-09-10 00:59:11===> API : null ===> Message : validRequest() :: Api validated Successfully
info: ===> TimeStamp : 2025-09-10 00:59:11===> API : /api/auth/validateuser ===> Message : validateUser() invoked!!
info: ===> TimeStamp : 2025-09-10 00:59:11===> API : /api/auth/validateuser ===> Message : validateUser() :: Request Object :: [object Object]
info: ===> TimeStamp : 2025-09-10 00:59:11===> API : /api/auth/validateuser ===> Message : validateUserDB() Invoked !
info: ===> TimeStamp : 2025-09-10 00:59:11===> API : /api/auth/validateuser ===> Message : validateUserResponse() invoked!
info: ===> TimeStamp : 2025-09-10 00:59:11===> API : /api/auth/validateuser ===> Message : validateUserResponse() completed
info: ===> TimeStamp : 2025-09-10 00:59:12===> API : null ===> Message : validateRequest() invoked
info: ===> TimeStamp : 2025-09-10 00:59:12===> API : null ===> Message : fetchDBSettings()
info: ===> TimeStamp : 2025-09-10 00:59:12===> API : null ===> Message : validateRequest() Invoked!
info: ===> TimeStamp : 2025-09-10 00:59:12===> API : null ===> Message : validRequest() :: Api validated Successfully
info: ===> TimeStamp : 2025-09-10 00:59:12===> API : /api/auth/login ===> Message : loginUser() invoked!!
info: ===> TimeStamp : 2025-09-10 00:59:12===> API : /api/auth/login ===> Message : loginUser() :: Request Object :: [object Object]
info: ===> TimeStamp : 2025-09-10 00:59:12===> API : /api/auth/login ===> Message : loginUserDB() Invoked !
info: ===> TimeStamp : 2025-09-10 00:59:12===> API : /api/auth/login ===> Message : loginUserResponse() invoked!
info: ===> TimeStamp : 2025-09-10 00:59:12===> API : /api/auth/login ===> Message : loginUserResponse() completed
info: ===> TimeStamp : 2025-09-10 01:09:41===> API : null ===> Message : validateRequest() invoked
info: ===> TimeStamp : 2025-09-10 01:09:41===> API : null ===> Message : validateRequest() Error:: Invalid Request :: 
      {"apiUri":"/"}
info: ===> TimeStamp : 2025-09-10 01:09:42===> API : null ===> Message : validateRequest() invoked
info: ===> TimeStamp : 2025-09-10 01:09:42===> API : null ===> Message : validateRequest() Error:: Invalid Request :: 
      {"apiUri":"/favicon.ico"}
info: ===> TimeStamp : 2025-09-10 02:55:36===> API : null ===> Message : validateRequest() invoked
info: ===> TimeStamp : 2025-09-10 02:55:36===> API : null ===> Message : fetchDBSettings()
info: ===> TimeStamp : 2025-09-10 02:55:36===> API : null ===> Message : validateRequest() Invoked!
info: ===> TimeStamp : 2025-09-10 02:55:36===> API : null ===> Message : validRequest() :: Api validated Successfully
info: ===> TimeStamp : 2025-09-10 02:55:36===> API : /api/auth/logout ===> Message : logoutUser() invoked!!
info: ===> TimeStamp : 2025-09-10 02:55:36===> API : /api/auth/logout ===> Message : logoutUser() :: Request Object :: [object Object]
info: ===> TimeStamp : 2025-09-10 02:55:36===> API : /api/auth/logout ===> Message : logoutUserDB() Invoked !
info: ===> TimeStamp : 2025-09-10 02:55:36===> API : /api/auth/logout ===> Message : logoutUserResponse() invoked!
info: ===> TimeStamp : 2025-09-10 02:55:36===> API : /api/auth/logout ===> Message : logoutUserResponse() completed
info: ===> TimeStamp : 2025-09-10 03:15:16===> API : null ===> Message : validateRequest() invoked
info: ===> TimeStamp : 2025-09-10 03:15:16===> API : null ===> Message : fetchDBSettings()
info: ===> TimeStamp : 2025-09-10 03:15:16===> API : null ===> Message : validateRequest() Invoked!
info: ===> TimeStamp : 2025-09-10 03:15:16===> API : null ===> Message : validRequest() :: Api validated Successfully
info: ===> TimeStamp : 2025-09-10 03:15:16===> API : /api/auth/validateuser ===> Message : validateUser() invoked!!
info: ===> TimeStamp : 2025-09-10 03:15:16===> API : /api/auth/validateuser ===> Message : validateUser() :: Request Object :: [object Object]
info: ===> TimeStamp : 2025-09-10 03:15:16===> API : /api/auth/validateuser ===> Message : validateUserDB() Invoked !
info: ===> TimeStamp : 2025-09-10 03:15:16===> API : /api/auth/validateuser ===> Message : validateUserResponse() invoked!
info: ===> TimeStamp : 2025-09-10 03:15:16===> API : /api/auth/validateuser ===> Message : validateUserResponse() completed
info: ===> TimeStamp : 2025-09-10 03:15:16===> API : null ===> Message : validateRequest() invoked
info: ===> TimeStamp : 2025-09-10 03:15:16===> API : null ===> Message : fetchDBSettings()
info: ===> TimeStamp : 2025-09-10 03:15:16===> API : null ===> Message : validateRequest() Invoked!
info: ===> TimeStamp : 2025-09-10 03:15:17===> API : null ===> Message : validRequest() :: Api validated Successfully
info: ===> TimeStamp : 2025-09-10 03:15:17===> API : /api/auth/checkIP ===> Message : checkIP() invoked!!
info: ===> TimeStamp : 2025-09-10 03:15:17===> API : /api/auth/checkIP ===> Message : IPs match: 103.255.182.117
info: ===> TimeStamp : 2025-09-10 03:15:17===> API : /api/auth/checkIP ===> Message : checkIPResponse() invoked!
info: ===> TimeStamp : 2025-09-10 03:15:17===> API : /api/auth/checkIP ===> Message : checkIPResponse() completed
info: ===> TimeStamp : 2025-09-10 03:15:17===> API : null ===> Message : validateRequest() invoked
info: ===> TimeStamp : 2025-09-10 03:15:17===> API : null ===> Message : fetchDBSettings()
info: ===> TimeStamp : 2025-09-10 03:15:17===> API : null ===> Message : validateRequest() Invoked!
info: ===> TimeStamp : 2025-09-10 03:15:17===> API : null ===> Message : validRequest() :: Api validated Successfully
info: ===> TimeStamp : 2025-09-10 03:15:17===> API : /api/auth/login ===> Message : loginUser() invoked!!
info: ===> TimeStamp : 2025-09-10 03:15:17===> API : /api/auth/login ===> Message : loginUser() :: Request Object :: [object Object]
info: ===> TimeStamp : 2025-09-10 03:15:17===> API : /api/auth/login ===> Message : loginUserDB() Invoked !
info: ===> TimeStamp : 2025-09-10 03:15:17===> API : /api/auth/login ===> Message : loginUserResponse() invoked!
info: ===> TimeStamp : 2025-09-10 03:15:17===> API : /api/auth/login ===> Message : loginUserResponse() completed
info: ===> TimeStamp : 2025-09-10 04:32:00===> API : null ===> Message : validateRequest() invoked
info: ===> TimeStamp : 2025-09-10 04:32:00===> API : null ===> Message : fetchDBSettings()
info: ===> TimeStamp : 2025-09-10 04:32:00===> API : null ===> Message : validateRequest() Invoked!
info: ===> TimeStamp : 2025-09-10 04:32:00===> API : null ===> Message : validRequest() :: Api validated Successfully
info: ===> TimeStamp : 2025-09-10 04:32:00===> API : /api/auth/validateuser ===> Message : validateUser() invoked!!
info: ===> TimeStamp : 2025-09-10 04:32:00===> API : /api/auth/validateuser ===> Message : validateUser() :: Request Object :: [object Object]
info: ===> TimeStamp : 2025-09-10 04:32:00===> API : /api/auth/validateuser ===> Message : validateUserDB() Invoked !
info: ===> TimeStamp : 2025-09-10 04:32:00===> API : /api/auth/validateuser ===> Message : validateUserDB() :: Error :: {"code":"ER_SIGNAL_EXCEPTION","errno":1644,"sqlState":"10005","sqlMessage":"User Does Not Exist","sql":"CALL usp_validate_user('seni', 'seni@123')"}
info: ===> TimeStamp : 2025-09-10 04:32:00===> API : /api/auth/validateuser ===> Message : validateUserDBResult :: Error :: {"ErrorCode":10005,"ErrorMessage":"User Does Not Exist"}
info: ===> TimeStamp : 2025-09-10 04:32:00===> API : /api/auth/validateuser ===> Message : validateUserResponse() invoked!
info: ===> TimeStamp : 2025-09-10 04:32:00===> API : /api/auth/validateuser ===> Message : validateUserResponse() completed
info: ===> TimeStamp : 2025-09-10 04:32:08===> API : null ===> Message : validateRequest() invoked
info: ===> TimeStamp : 2025-09-10 04:32:08===> API : null ===> Message : fetchDBSettings()
info: ===> TimeStamp : 2025-09-10 04:32:08===> API : null ===> Message : validateRequest() Invoked!
info: ===> TimeStamp : 2025-09-10 04:32:08===> API : null ===> Message : validRequest() :: Api validated Successfully
info: ===> TimeStamp : 2025-09-10 04:32:08===> API : /api/auth/validateuser ===> Message : validateUser() invoked!!
info: ===> TimeStamp : 2025-09-10 04:32:08===> API : /api/auth/validateuser ===> Message : validateUser() :: Request Object :: [object Object]
info: ===> TimeStamp : 2025-09-10 04:32:08===> API : /api/auth/validateuser ===> Message : validateUserDB() Invoked !
info: ===> TimeStamp : 2025-09-10 04:32:08===> API : /api/auth/validateuser ===> Message : validateUserResponse() invoked!
info: ===> TimeStamp : 2025-09-10 04:32:08===> API : /api/auth/validateuser ===> Message : validateUserResponse() completed
info: ===> TimeStamp : 2025-09-10 04:32:08===> API : null ===> Message : validateRequest() invoked
info: ===> TimeStamp : 2025-09-10 04:32:08===> API : null ===> Message : fetchDBSettings()
info: ===> TimeStamp : 2025-09-10 04:32:08===> API : null ===> Message : validateRequest() Invoked!
info: ===> TimeStamp : 2025-09-10 04:32:08===> API : null ===> Message : validRequest() :: Api validated Successfully
info: ===> TimeStamp : 2025-09-10 04:32:08===> API : /api/auth/checkIP ===> Message : checkIP() invoked!!
info: ===> TimeStamp : 2025-09-10 04:32:08===> API : /api/auth/checkIP ===> Message : IPs match: 103.255.182.117
info: ===> TimeStamp : 2025-09-10 04:32:08===> API : /api/auth/checkIP ===> Message : checkIPResponse() invoked!
info: ===> TimeStamp : 2025-09-10 04:32:08===> API : /api/auth/checkIP ===> Message : checkIPResponse() completed
info: ===> TimeStamp : 2025-09-10 04:32:09===> API : null ===> Message : validateRequest() invoked
info: ===> TimeStamp : 2025-09-10 04:32:09===> API : null ===> Message : fetchDBSettings()
info: ===> TimeStamp : 2025-09-10 04:32:09===> API : null ===> Message : validateRequest() Invoked!
info: ===> TimeStamp : 2025-09-10 04:32:09===> API : null ===> Message : validRequest() :: Api validated Successfully
info: ===> TimeStamp : 2025-09-10 04:32:09===> API : /api/auth/login ===> Message : loginUser() invoked!!
info: ===> TimeStamp : 2025-09-10 04:32:09===> API : /api/auth/login ===> Message : loginUser() :: Request Object :: [object Object]
info: ===> TimeStamp : 2025-09-10 04:32:09===> API : /api/auth/login ===> Message : loginUserDB() Invoked !
info: ===> TimeStamp : 2025-09-10 04:32:09===> API : /api/auth/login ===> Message : loginUserResponse() invoked!
info: ===> TimeStamp : 2025-09-10 04:32:09===> API : /api/auth/login ===> Message : loginUserResponse() completed
info: ===> TimeStamp : 2025-09-10 04:51:14===> API : null ===> Message : validateRequest() invoked
info: ===> TimeStamp : 2025-09-10 04:51:14===> API : null ===> Message : fetchDBSettings()
info: ===> TimeStamp : 2025-09-10 04:51:14===> API : null ===> Message : validateRequest() Invoked!
info: ===> TimeStamp : 2025-09-10 04:51:14===> API : /api/auth/validateuser ===> Message : validateUser() invoked!!
info: ===> TimeStamp : 2025-09-10 04:51:14===> API : /api/auth/validateuser ===> Message : validateUser() :: Request Object :: [object Object]
info: ===> TimeStamp : 2025-09-10 04:51:14===> API : null ===> Message : validRequest() :: Api validated Successfully
info: ===> TimeStamp : 2025-09-10 04:51:14===> API : /api/auth/validateuser ===> Message : validateUserDB() Invoked !
info: ===> TimeStamp : 2025-09-10 04:51:14===> API : /api/auth/validateuser ===> Message : validateUserResponse() invoked!
info: ===> TimeStamp : 2025-09-10 04:51:14===> API : /api/auth/validateuser ===> Message : validateUserResponse() completed
info: ===> TimeStamp : 2025-09-10 04:51:14===> API : null ===> Message : validateRequest() invoked
info: ===> TimeStamp : 2025-09-10 04:51:14===> API : null ===> Message : fetchDBSettings()
info: ===> TimeStamp : 2025-09-10 04:51:15===> API : null ===> Message : validateRequest() Invoked!
info: ===> TimeStamp : 2025-09-10 04:51:15===> API : null ===> Message : validRequest() :: Api validated Successfully
info: ===> TimeStamp : 2025-09-10 04:51:15===> API : /api/auth/checkIP ===> Message : checkIP() invoked!!
info: ===> TimeStamp : 2025-09-10 04:51:15===> API : /api/auth/checkIP ===> Message : IPs match: 103.255.182.117
info: ===> TimeStamp : 2025-09-10 04:51:15===> API : /api/auth/checkIP ===> Message : checkIPResponse() invoked!
info: ===> TimeStamp : 2025-09-10 04:51:15===> API : /api/auth/checkIP ===> Message : checkIPResponse() completed
info: ===> TimeStamp : 2025-09-10 04:51:15===> API : null ===> Message : validateRequest() invoked
info: ===> TimeStamp : 2025-09-10 04:51:15===> API : null ===> Message : fetchDBSettings()
info: ===> TimeStamp : 2025-09-10 04:51:15===> API : null ===> Message : validateRequest() Invoked!
info: ===> TimeStamp : 2025-09-10 04:51:15===> API : null ===> Message : validRequest() :: Api validated Successfully
info: ===> TimeStamp : 2025-09-10 04:51:15===> API : /api/auth/login ===> Message : loginUser() invoked!!
info: ===> TimeStamp : 2025-09-10 04:51:15===> API : /api/auth/login ===> Message : loginUser() :: Request Object :: [object Object]
info: ===> TimeStamp : 2025-09-10 04:51:15===> API : /api/auth/login ===> Message : loginUserDB() Invoked !
info: ===> TimeStamp : 2025-09-10 04:51:15===> API : /api/auth/login ===> Message : loginUserResponse() invoked!
info: ===> TimeStamp : 2025-09-10 04:51:15===> API : /api/auth/login ===> Message : loginUserResponse() completed
