info: ===> TimeStamp : 2025-07-04 06:03:16===> API : null ===> Message : validateRequest() invoked
info: ===> TimeStamp : 2025-07-04 06:03:16===> API : null ===> Message : fetchDBSettings()
info: ===> TimeStamp : 2025-07-04 06:03:16===> API : null ===> Message : validateRequest() Invoked!
info: ===> TimeStamp : 2025-07-04 06:03:16===> API : null ===> Message : validRequest() :: Api validated Successfully
info: ===> TimeStamp : 2025-07-04 06:03:16===> API : /api/auth/validateuser ===> Message : validateUser() invoked!!
info: ===> TimeStamp : 2025-07-04 06:03:16===> API : /api/auth/validateuser ===> Message : validateUser() :: Request Object :: [object Object]
info: ===> TimeStamp : 2025-07-04 06:03:16===> API : /api/auth/validateuser ===> Message : validateUserDB() Invoked !
info: ===> TimeStamp : 2025-07-04 06:03:16===> API : /api/auth/validateuser ===> Message : validateUserResponse() invoked!
info: ===> TimeStamp : 2025-07-04 06:03:16===> API : /api/auth/validateuser ===> Message : validateUserResponse() completed
info: ===> TimeStamp : 2025-07-04 06:03:16===> API : null ===> Message : validateRequest() invoked
info: ===> TimeStamp : 2025-07-04 06:03:16===> API : null ===> Message : fetchDBSettings()
info: ===> TimeStamp : 2025-07-04 06:03:16===> API : null ===> Message : validateRequest() Invoked!
info: ===> TimeStamp : 2025-07-04 06:03:16===> API : /api/auth/checkIP ===> Message : checkIP() invoked!!
info: ===> TimeStamp : 2025-07-04 06:03:16===> API : null ===> Message : validRequest() :: Api validated Successfully
info: ===> TimeStamp : 2025-07-04 06:03:16===> API : /api/auth/checkIP ===> Message : IPs match: 103.225.102.194
info: ===> TimeStamp : 2025-07-04 06:03:16===> API : /api/auth/checkIP ===> Message : checkIPResponse() invoked!
info: ===> TimeStamp : 2025-07-04 06:03:16===> API : /api/auth/checkIP ===> Message : checkIPResponse() completed
info: ===> TimeStamp : 2025-07-04 06:03:16===> API : null ===> Message : validateRequest() invoked
info: ===> TimeStamp : 2025-07-04 06:03:16===> API : null ===> Message : fetchDBSettings()
info: ===> TimeStamp : 2025-07-04 06:03:16===> API : null ===> Message : validateRequest() Invoked!
info: ===> TimeStamp : 2025-07-04 06:03:16===> API : null ===> Message : validRequest() :: Api validated Successfully
info: ===> TimeStamp : 2025-07-04 06:03:16===> API : /api/auth/login ===> Message : loginUser() invoked!!
info: ===> TimeStamp : 2025-07-04 06:03:16===> API : /api/auth/login ===> Message : loginUser() :: Request Object :: [object Object]
info: ===> TimeStamp : 2025-07-04 06:03:16===> API : /api/auth/login ===> Message : loginUserDB() Invoked !
info: ===> TimeStamp : 2025-07-04 06:03:16===> API : /api/auth/login ===> Message : loginUserResponse() invoked!
info: ===> TimeStamp : 2025-07-04 06:03:16===> API : /api/auth/login ===> Message : loginUserResponse() completed
info: ===> TimeStamp : 2025-07-04 06:51:22===> API : null ===> Message : validateRequest() invoked
info: ===> TimeStamp : 2025-07-04 06:51:22===> API : null ===> Message : fetchDBSettings()
info: ===> TimeStamp : 2025-07-04 06:51:22===> API : null ===> Message : validateRequest() Invoked!
info: ===> TimeStamp : 2025-07-04 06:51:22===> API : null ===> Message : validRequest() :: Api validated Successfully
info: ===> TimeStamp : 2025-07-04 06:51:22===> API : /api/auth/logout ===> Message : logoutUser() invoked!!
info: ===> TimeStamp : 2025-07-04 06:51:22===> API : /api/auth/logout ===> Message : logoutUser() :: Request Object :: [object Object]
info: ===> TimeStamp : 2025-07-04 06:51:22===> API : /api/auth/logout ===> Message : logoutUserDB() Invoked !
info: ===> TimeStamp : 2025-07-04 06:51:22===> API : /api/auth/logout ===> Message : logoutUserResponse() invoked!
info: ===> TimeStamp : 2025-07-04 06:51:22===> API : /api/auth/logout ===> Message : logoutUserResponse() completed
info: ===> TimeStamp : 2025-07-04 06:51:27===> API : null ===> Message : validateRequest() invoked
info: ===> TimeStamp : 2025-07-04 06:51:27===> API : null ===> Message : fetchDBSettings()
info: ===> TimeStamp : 2025-07-04 06:51:27===> API : null ===> Message : validateRequest() Invoked!
info: ===> TimeStamp : 2025-07-04 06:51:27===> API : null ===> Message : validRequest() :: Api validated Successfully
info: ===> TimeStamp : 2025-07-04 06:51:27===> API : /api/auth/logout ===> Message : logoutUser() invoked!!
info: ===> TimeStamp : 2025-07-04 06:51:27===> API : /api/auth/logout ===> Message : logoutUser() :: Request Object :: [object Object]
info: ===> TimeStamp : 2025-07-04 06:51:27===> API : /api/auth/logout ===> Message : logoutUserDB() Invoked !
info: ===> TimeStamp : 2025-07-04 06:51:27===> API : /api/auth/logout ===> Message : logoutUserResponse() invoked!
info: ===> TimeStamp : 2025-07-04 06:51:27===> API : /api/auth/logout ===> Message : logoutUserResponse() completed
info: ===> TimeStamp : 2025-07-04 06:54:41===> API : null ===> Message : validateRequest() invoked
info: ===> TimeStamp : 2025-07-04 06:54:41===> API : null ===> Message : fetchDBSettings()
info: ===> TimeStamp : 2025-07-04 06:54:41===> API : null ===> Message : validateRequest() Invoked!
info: ===> TimeStamp : 2025-07-04 06:54:41===> API : null ===> Message : validRequest() :: Api validated Successfully
info: ===> TimeStamp : 2025-07-04 06:54:41===> API : /api/auth/validateuser ===> Message : validateUser() invoked!!
info: ===> TimeStamp : 2025-07-04 06:54:41===> API : /api/auth/validateuser ===> Message : validateUser() :: Request Object :: [object Object]
info: ===> TimeStamp : 2025-07-04 06:54:41===> API : /api/auth/validateuser ===> Message : validateUserDB() Invoked !
info: ===> TimeStamp : 2025-07-04 06:54:41===> API : /api/auth/validateuser ===> Message : validateUserResponse() invoked!
info: ===> TimeStamp : 2025-07-04 06:54:41===> API : /api/auth/validateuser ===> Message : validateUserResponse() completed
info: ===> TimeStamp : 2025-07-04 06:54:41===> API : null ===> Message : validateRequest() invoked
info: ===> TimeStamp : 2025-07-04 06:54:41===> API : null ===> Message : fetchDBSettings()
info: ===> TimeStamp : 2025-07-04 06:54:41===> API : null ===> Message : validateRequest() Invoked!
info: ===> TimeStamp : 2025-07-04 06:54:41===> API : null ===> Message : validRequest() :: Api validated Successfully
info: ===> TimeStamp : 2025-07-04 06:54:41===> API : /api/auth/checkIP ===> Message : checkIP() invoked!!
info: ===> TimeStamp : 2025-07-04 06:54:41===> API : /api/auth/checkIP ===> Message : IPs match: 103.255.182.117
info: ===> TimeStamp : 2025-07-04 06:54:41===> API : /api/auth/checkIP ===> Message : checkIPResponse() invoked!
info: ===> TimeStamp : 2025-07-04 06:54:41===> API : /api/auth/checkIP ===> Message : checkIPResponse() completed
info: ===> TimeStamp : 2025-07-04 06:54:41===> API : null ===> Message : validateRequest() invoked
info: ===> TimeStamp : 2025-07-04 06:54:41===> API : null ===> Message : fetchDBSettings()
info: ===> TimeStamp : 2025-07-04 06:54:41===> API : null ===> Message : validateRequest() Invoked!
info: ===> TimeStamp : 2025-07-04 06:54:41===> API : null ===> Message : validRequest() :: Api validated Successfully
info: ===> TimeStamp : 2025-07-04 06:54:41===> API : /api/auth/login ===> Message : loginUser() invoked!!
info: ===> TimeStamp : 2025-07-04 06:54:41===> API : /api/auth/login ===> Message : loginUser() :: Request Object :: [object Object]
info: ===> TimeStamp : 2025-07-04 06:54:41===> API : /api/auth/login ===> Message : loginUserDB() Invoked !
info: ===> TimeStamp : 2025-07-04 06:54:41===> API : /api/auth/login ===> Message : loginUserResponse() invoked!
info: ===> TimeStamp : 2025-07-04 06:54:41===> API : /api/auth/login ===> Message : loginUserResponse() completed
info: ===> TimeStamp : 2025-07-04 06:55:02===> API : null ===> Message : validateRequest() invoked
info: ===> TimeStamp : 2025-07-04 06:55:02===> API : null ===> Message : fetchDBSettings()
info: ===> TimeStamp : 2025-07-04 06:55:02===> API : null ===> Message : validateRequest() Invoked!
info: ===> TimeStamp : 2025-07-04 06:55:02===> API : null ===> Message : validRequest() :: Api validated Successfully
info: ===> TimeStamp : 2025-07-04 06:55:02===> API : /api/auth/validateuser ===> Message : validateUser() invoked!!
info: ===> TimeStamp : 2025-07-04 06:55:02===> API : /api/auth/validateuser ===> Message : validateUser() :: Request Object :: [object Object]
info: ===> TimeStamp : 2025-07-04 06:55:02===> API : /api/auth/validateuser ===> Message : validateUserDB() Invoked !
info: ===> TimeStamp : 2025-07-04 06:55:02===> API : /api/auth/validateuser ===> Message : validateUserResponse() invoked!
info: ===> TimeStamp : 2025-07-04 06:55:02===> API : /api/auth/validateuser ===> Message : validateUserResponse() completed
info: ===> TimeStamp : 2025-07-04 06:55:02===> API : null ===> Message : validateRequest() invoked
info: ===> TimeStamp : 2025-07-04 06:55:02===> API : null ===> Message : fetchDBSettings()
info: ===> TimeStamp : 2025-07-04 06:55:02===> API : null ===> Message : validateRequest() Invoked!
info: ===> TimeStamp : 2025-07-04 06:55:02===> API : null ===> Message : validRequest() :: Api validated Successfully
info: ===> TimeStamp : 2025-07-04 06:55:02===> API : /api/auth/checkIP ===> Message : checkIP() invoked!!
info: ===> TimeStamp : 2025-07-04 06:55:02===> API : /api/auth/checkIP ===> Message : IPs match: 103.225.102.194
info: ===> TimeStamp : 2025-07-04 06:55:02===> API : /api/auth/checkIP ===> Message : checkIPResponse() invoked!
info: ===> TimeStamp : 2025-07-04 06:55:02===> API : /api/auth/checkIP ===> Message : checkIPResponse() completed
info: ===> TimeStamp : 2025-07-04 06:55:02===> API : null ===> Message : validateRequest() invoked
info: ===> TimeStamp : 2025-07-04 06:55:02===> API : null ===> Message : fetchDBSettings()
info: ===> TimeStamp : 2025-07-04 06:55:02===> API : null ===> Message : validateRequest() Invoked!
info: ===> TimeStamp : 2025-07-04 06:55:02===> API : null ===> Message : validRequest() :: Api validated Successfully
info: ===> TimeStamp : 2025-07-04 06:55:02===> API : /api/auth/login ===> Message : loginUser() invoked!!
info: ===> TimeStamp : 2025-07-04 06:55:02===> API : /api/auth/login ===> Message : loginUser() :: Request Object :: [object Object]
info: ===> TimeStamp : 2025-07-04 06:55:02===> API : /api/auth/login ===> Message : loginUserDB() Invoked !
info: ===> TimeStamp : 2025-07-04 06:55:02===> API : /api/auth/login ===> Message : loginUserResponse() invoked!
info: ===> TimeStamp : 2025-07-04 06:55:02===> API : /api/auth/login ===> Message : loginUserResponse() completed
info: ===> TimeStamp : 2025-07-04 09:28:25===> API : null ===> Message : validateRequest() invoked
info: ===> TimeStamp : 2025-07-04 09:28:25===> API : null ===> Message : validateRequest() Error:: Invalid Request :: 
      {"apiUri":"/"}
info: ===> TimeStamp : 2025-07-04 10:50:30===> API : null ===> Message : validateRequest() invoked
info: ===> TimeStamp : 2025-07-04 10:50:30===> API : null ===> Message : fetchDBSettings()
info: ===> TimeStamp : 2025-07-04 10:50:30===> API : null ===> Message : validateRequest() Invoked!
info: ===> TimeStamp : 2025-07-04 10:50:30===> API : null ===> Message : validRequest() :: Api validated Successfully
info: ===> TimeStamp : 2025-07-04 10:50:30===> API : /api/auth/validateuser ===> Message : validateUser() invoked!!
info: ===> TimeStamp : 2025-07-04 10:50:30===> API : /api/auth/validateuser ===> Message : validateUser() :: Request Object :: [object Object]
info: ===> TimeStamp : 2025-07-04 10:50:30===> API : /api/auth/validateuser ===> Message : validateUserDB() Invoked !
info: ===> TimeStamp : 2025-07-04 10:50:30===> API : /api/auth/validateuser ===> Message : validateUserResponse() invoked!
info: ===> TimeStamp : 2025-07-04 10:50:30===> API : /api/auth/validateuser ===> Message : validateUserResponse() completed
info: ===> TimeStamp : 2025-07-04 10:50:31===> API : null ===> Message : validateRequest() invoked
info: ===> TimeStamp : 2025-07-04 10:50:31===> API : null ===> Message : fetchDBSettings()
info: ===> TimeStamp : 2025-07-04 10:50:31===> API : null ===> Message : validateRequest() Invoked!
info: ===> TimeStamp : 2025-07-04 10:50:31===> API : null ===> Message : validRequest() :: Api validated Successfully
info: ===> TimeStamp : 2025-07-04 10:50:31===> API : /api/auth/login ===> Message : loginUser() invoked!!
info: ===> TimeStamp : 2025-07-04 10:50:31===> API : /api/auth/login ===> Message : loginUser() :: Request Object :: [object Object]
info: ===> TimeStamp : 2025-07-04 10:50:31===> API : /api/auth/login ===> Message : loginUserDB() Invoked !
info: ===> TimeStamp : 2025-07-04 10:50:31===> API : /api/auth/login ===> Message : loginUserResponse() invoked!
info: ===> TimeStamp : 2025-07-04 10:50:31===> API : /api/auth/login ===> Message : loginUserResponse() completed
info: ===> TimeStamp : 2025-07-04 11:46:16===> API : null ===> Message : fetchDBSettings()
info: ===> TimeStamp : 2025-07-04 11:46:16===> API : null ===> Message : validateRequest() invoked
info: ===> TimeStamp : 2025-07-04 11:46:16===> API : null ===> Message : validateRequest() Invoked!
info: ===> TimeStamp : 2025-07-04 11:46:16===> API : null ===> Message : validRequest() :: Api validated Successfully
info: ===> TimeStamp : 2025-07-04 11:46:16===> API : /api/auth/validateuser ===> Message : validateUser() invoked!!
info: ===> TimeStamp : 2025-07-04 11:46:16===> API : /api/auth/validateuser ===> Message : validateUser() :: Request Object :: [object Object]
info: ===> TimeStamp : 2025-07-04 11:46:16===> API : /api/auth/validateuser ===> Message : validateUserDB() Invoked !
info: ===> TimeStamp : 2025-07-04 11:46:16===> API : /api/auth/validateuser ===> Message : validateUserResponse() invoked!
info: ===> TimeStamp : 2025-07-04 11:46:16===> API : /api/auth/validateuser ===> Message : validateUserResponse() completed
info: ===> TimeStamp : 2025-07-04 11:46:16===> API : null ===> Message : validateRequest() invoked
info: ===> TimeStamp : 2025-07-04 11:46:16===> API : null ===> Message : fetchDBSettings()
info: ===> TimeStamp : 2025-07-04 11:46:16===> API : null ===> Message : validateRequest() Invoked!
info: ===> TimeStamp : 2025-07-04 11:46:16===> API : null ===> Message : validRequest() :: Api validated Successfully
info: ===> TimeStamp : 2025-07-04 11:46:16===> API : /api/auth/login ===> Message : loginUser() invoked!!
info: ===> TimeStamp : 2025-07-04 11:46:16===> API : /api/auth/login ===> Message : loginUser() :: Request Object :: [object Object]
info: ===> TimeStamp : 2025-07-04 11:46:16===> API : /api/auth/login ===> Message : loginUserDB() Invoked !
info: ===> TimeStamp : 2025-07-04 11:46:17===> API : /api/auth/login ===> Message : loginUserResponse() invoked!
info: ===> TimeStamp : 2025-07-04 11:46:17===> API : /api/auth/login ===> Message : loginUserResponse() completed
info: ===> TimeStamp : 2025-07-04 13:05:17===> API : null ===> Message : validateRequest() invoked
info: ===> TimeStamp : 2025-07-04 13:05:17===> API : null ===> Message : fetchDBSettings()
info: ===> TimeStamp : 2025-07-04 13:05:17===> API : null ===> Message : validateRequest() Invoked!
info: ===> TimeStamp : 2025-07-04 13:05:17===> API : /api/auth/validateuser ===> Message : validateUser() invoked!!
info: ===> TimeStamp : 2025-07-04 13:05:17===> API : null ===> Message : validRequest() :: Api validated Successfully
info: ===> TimeStamp : 2025-07-04 13:05:17===> API : /api/auth/validateuser ===> Message : validateUser() :: Request Object :: [object Object]
info: ===> TimeStamp : 2025-07-04 13:05:17===> API : /api/auth/validateuser ===> Message : validateUserDB() Invoked !
info: ===> TimeStamp : 2025-07-04 13:05:17===> API : /api/auth/validateuser ===> Message : validateUserResponse() invoked!
info: ===> TimeStamp : 2025-07-04 13:05:17===> API : /api/auth/validateuser ===> Message : validateUserResponse() completed
info: ===> TimeStamp : 2025-07-04 13:05:17===> API : null ===> Message : validateRequest() invoked
info: ===> TimeStamp : 2025-07-04 13:05:17===> API : null ===> Message : fetchDBSettings()
info: ===> TimeStamp : 2025-07-04 13:05:17===> API : null ===> Message : validateRequest() Invoked!
info: ===> TimeStamp : 2025-07-04 13:05:17===> API : null ===> Message : validRequest() :: Api validated Successfully
info: ===> TimeStamp : 2025-07-04 13:05:17===> API : /api/auth/login ===> Message : loginUser() invoked!!
info: ===> TimeStamp : 2025-07-04 13:05:17===> API : /api/auth/login ===> Message : loginUser() :: Request Object :: [object Object]
info: ===> TimeStamp : 2025-07-04 13:05:17===> API : /api/auth/login ===> Message : loginUserDB() Invoked !
info: ===> TimeStamp : 2025-07-04 13:05:18===> API : /api/auth/login ===> Message : loginUserResponse() invoked!
info: ===> TimeStamp : 2025-07-04 13:05:18===> API : /api/auth/login ===> Message : loginUserResponse() completed
info: ===> TimeStamp : 2025-07-04 13:05:20===> API : null ===> Message : validateRequest() invoked
info: ===> TimeStamp : 2025-07-04 13:05:20===> API : null ===> Message : fetchDBSettings()
info: ===> TimeStamp : 2025-07-04 13:05:20===> API : null ===> Message : validateRequest() Invoked!
info: ===> TimeStamp : 2025-07-04 13:05:20===> API : null ===> Message : validRequest() :: Api validated Successfully
info: ===> TimeStamp : 2025-07-04 13:05:20===> API : /api/auth/validateuser ===> Message : validateUser() invoked!!
info: ===> TimeStamp : 2025-07-04 13:05:20===> API : /api/auth/validateuser ===> Message : validateUser() :: Request Object :: [object Object]
info: ===> TimeStamp : 2025-07-04 13:05:20===> API : /api/auth/validateuser ===> Message : validateUserDB() Invoked !
info: ===> TimeStamp : 2025-07-04 13:05:20===> API : /api/auth/validateuser ===> Message : validateUserResponse() invoked!
info: ===> TimeStamp : 2025-07-04 13:05:20===> API : /api/auth/validateuser ===> Message : validateUserResponse() completed
info: ===> TimeStamp : 2025-07-04 13:05:20===> API : null ===> Message : validateRequest() invoked
info: ===> TimeStamp : 2025-07-04 13:05:20===> API : null ===> Message : fetchDBSettings()
info: ===> TimeStamp : 2025-07-04 13:05:20===> API : null ===> Message : validateRequest() Invoked!
info: ===> TimeStamp : 2025-07-04 13:05:20===> API : null ===> Message : validRequest() :: Api validated Successfully
info: ===> TimeStamp : 2025-07-04 13:05:20===> API : /api/auth/login ===> Message : loginUser() :: Request Object :: [object Object]
info: ===> TimeStamp : 2025-07-04 13:05:20===> API : /api/auth/login ===> Message : loginUser() invoked!!
info: ===> TimeStamp : 2025-07-04 13:05:20===> API : /api/auth/login ===> Message : loginUserDB() Invoked !
info: ===> TimeStamp : 2025-07-04 13:05:20===> API : /api/auth/login ===> Message : loginUserResponse() invoked!
info: ===> TimeStamp : 2025-07-04 13:05:20===> API : /api/auth/login ===> Message : loginUserResponse() completed
info: ===> TimeStamp : 2025-07-04 13:05:33===> API : null ===> Message : validateRequest() invoked
info: ===> TimeStamp : 2025-07-04 13:05:33===> API : null ===> Message : validateRequest() Error:: Invalid Request :: 
      {"apiUri":"/"}
info: ===> TimeStamp : 2025-07-04 13:05:41===> API : null ===> Message : fetchDBSettings()
info: ===> TimeStamp : 2025-07-04 13:05:41===> API : null ===> Message : validateRequest() invoked
info: ===> TimeStamp : 2025-07-04 13:05:41===> API : null ===> Message : validateRequest() Invoked!
info: ===> TimeStamp : 2025-07-04 13:05:41===> API : null ===> Message : validRequest() :: Api validated Successfully
info: ===> TimeStamp : 2025-07-04 13:05:41===> API : /api/auth/validateuser ===> Message : validateUser() invoked!!
info: ===> TimeStamp : 2025-07-04 13:05:41===> API : /api/auth/validateuser ===> Message : validateUser() :: Request Object :: [object Object]
info: ===> TimeStamp : 2025-07-04 13:05:41===> API : /api/auth/validateuser ===> Message : validateUserDB() Invoked !
info: ===> TimeStamp : 2025-07-04 13:05:41===> API : /api/auth/validateuser ===> Message : validateUserResponse() invoked!
info: ===> TimeStamp : 2025-07-04 13:05:41===> API : /api/auth/validateuser ===> Message : validateUserResponse() completed
info: ===> TimeStamp : 2025-07-04 13:05:41===> API : null ===> Message : validateRequest() invoked
info: ===> TimeStamp : 2025-07-04 13:05:41===> API : null ===> Message : fetchDBSettings()
info: ===> TimeStamp : 2025-07-04 13:05:41===> API : null ===> Message : validateRequest() Invoked!
info: ===> TimeStamp : 2025-07-04 13:05:41===> API : null ===> Message : validRequest() :: Api validated Successfully
info: ===> TimeStamp : 2025-07-04 13:05:41===> API : /api/auth/login ===> Message : loginUser() invoked!!
info: ===> TimeStamp : 2025-07-04 13:05:41===> API : /api/auth/login ===> Message : loginUser() :: Request Object :: [object Object]
info: ===> TimeStamp : 2025-07-04 13:05:41===> API : /api/auth/login ===> Message : loginUserDB() Invoked !
info: ===> TimeStamp : 2025-07-04 13:05:41===> API : /api/auth/login ===> Message : loginUserResponse() invoked!
info: ===> TimeStamp : 2025-07-04 13:05:41===> API : /api/auth/login ===> Message : loginUserResponse() completed
info: ===> TimeStamp : 2025-07-04 13:05:54===> API : null ===> Message : validateRequest() invoked
info: ===> TimeStamp : 2025-07-04 13:05:54===> API : null ===> Message : validateRequest() Error:: Invalid Request :: 
      {"apiUri":"/"}
info: ===> TimeStamp : 2025-07-04 13:06:03===> API : null ===> Message : validateRequest() invoked
info: ===> TimeStamp : 2025-07-04 13:06:03===> API : null ===> Message : validateRequest() Error:: Invalid Request :: 
      {"apiUri":"/"}
info: ===> TimeStamp : 2025-07-04 13:06:08===> API : null ===> Message : validateRequest() invoked
info: ===> TimeStamp : 2025-07-04 13:06:08===> API : null ===> Message : validateRequest() Error:: Invalid Request :: 
      {"apiUri":"/"}
info: ===> TimeStamp : 2025-07-04 13:06:08===> API : null ===> Message : validateRequest() invoked
info: ===> TimeStamp : 2025-07-04 13:06:08===> API : null ===> Message : validateRequest() Error:: Invalid Request :: 
      {"apiUri":"/@vite/env"}
info: ===> TimeStamp : 2025-07-04 13:06:09===> API : null ===> Message : validateRequest() invoked
info: ===> TimeStamp : 2025-07-04 13:06:09===> API : null ===> Message : validateRequest() Error:: Invalid Request :: 
      {"apiUri":"/actuator/env"}
info: ===> TimeStamp : 2025-07-04 13:06:09===> API : null ===> Message : validateRequest() invoked
info: ===> TimeStamp : 2025-07-04 13:06:09===> API : null ===> Message : validateRequest() Error:: Invalid Request :: 
      {"apiUri":"/php-cgi/php-cgi.exe"}
info: ===> TimeStamp : 2025-07-04 13:06:10===> API : null ===> Message : validateRequest() invoked
info: ===> TimeStamp : 2025-07-04 13:06:10===> API : null ===> Message : validateRequest() Error:: Invalid Request :: 
      {"apiUri":"/server"}
info: ===> TimeStamp : 2025-07-04 13:06:10===> API : null ===> Message : validateRequest() invoked
info: ===> TimeStamp : 2025-07-04 13:06:10===> API : null ===> Message : validateRequest() Error:: Invalid Request :: 
      {"apiUri":"/.vscode/sftp.json"}
info: ===> TimeStamp : 2025-07-04 13:06:10===> API : null ===> Message : validateRequest() invoked
info: ===> TimeStamp : 2025-07-04 13:06:10===> API : null ===> Message : validateRequest() Error:: Invalid Request :: 
      {"apiUri":"/about"}
info: ===> TimeStamp : 2025-07-04 13:06:11===> API : null ===> Message : validateRequest() invoked
info: ===> TimeStamp : 2025-07-04 13:06:11===> API : null ===> Message : validateRequest() Error:: Invalid Request :: 
      {"apiUri":"/debug/default/view"}
info: ===> TimeStamp : 2025-07-04 13:06:11===> API : null ===> Message : validateRequest() invoked
info: ===> TimeStamp : 2025-07-04 13:06:11===> API : null ===> Message : validateRequest() Error:: Invalid Request :: 
      {"apiUri":"/v2/_catalog"}
info: ===> TimeStamp : 2025-07-04 13:06:12===> API : null ===> Message : validateRequest() invoked
info: ===> TimeStamp : 2025-07-04 13:06:12===> API : null ===> Message : validateRequest() Error:: Invalid Request :: 
      {"apiUri":"/ecp/Current/exporttool/microsoft.exchange.ediscovery.exporttool.application"}
info: ===> TimeStamp : 2025-07-04 13:06:12===> API : null ===> Message : validateRequest() invoked
info: ===> TimeStamp : 2025-07-04 13:06:12===> API : null ===> Message : validateRequest() Error:: Invalid Request :: 
      {"apiUri":"/server-status"}
info: ===> TimeStamp : 2025-07-04 13:06:12===> API : null ===> Message : validateRequest() invoked
info: ===> TimeStamp : 2025-07-04 13:06:12===> API : null ===> Message : validateRequest() Error:: Invalid Request :: 
      {"apiUri":"/login.action"}
info: ===> TimeStamp : 2025-07-04 13:06:13===> API : null ===> Message : validateRequest() invoked
info: ===> TimeStamp : 2025-07-04 13:06:13===> API : null ===> Message : validateRequest() Error:: Invalid Request :: 
      {"apiUri":"/_all_dbs"}
info: ===> TimeStamp : 2025-07-04 13:06:13===> API : null ===> Message : validateRequest() invoked
info: ===> TimeStamp : 2025-07-04 13:06:13===> API : null ===> Message : validateRequest() Error:: Invalid Request :: 
      {"apiUri":"/.DS_Store"}
info: ===> TimeStamp : 2025-07-04 13:06:14===> API : null ===> Message : validateRequest() invoked
info: ===> TimeStamp : 2025-07-04 13:06:14===> API : null ===> Message : validateRequest() Error:: Invalid Request :: 
      {"apiUri":"/.env"}
info: ===> TimeStamp : 2025-07-04 13:06:14===> API : null ===> Message : validateRequest() invoked
info: ===> TimeStamp : 2025-07-04 13:06:14===> API : null ===> Message : validateRequest() Error:: Invalid Request :: 
      {"apiUri":"/.git/config"}
info: ===> TimeStamp : 2025-07-04 13:06:14===> API : null ===> Message : validateRequest() invoked
info: ===> TimeStamp : 2025-07-04 13:06:14===> API : null ===> Message : validateRequest() Error:: Invalid Request :: 
      {"apiUri":"/s/535313e27313e273e233/_/;/META-INF/maven/com.atlassian.jira/jira-webapp-dist/pom.properties"}
info: ===> TimeStamp : 2025-07-04 13:06:15===> API : null ===> Message : validateRequest() invoked
info: ===> TimeStamp : 2025-07-04 13:06:15===> API : null ===> Message : validateRequest() Error:: Invalid Request :: 
      {"apiUri":"/config.json"}
info: ===> TimeStamp : 2025-07-04 13:06:15===> API : null ===> Message : validateRequest() invoked
info: ===> TimeStamp : 2025-07-04 13:06:15===> API : null ===> Message : validateRequest() Error:: Invalid Request :: 
      {"apiUri":"/telescope/requests"}
info: ===> TimeStamp : 2025-07-04 13:06:16===> API : null ===> Message : validateRequest() invoked
info: ===> TimeStamp : 2025-07-04 13:06:16===> API : null ===> Message : validateRequest() Error:: Invalid Request :: 
      {"apiUri":"/info.php"}
info: ===> TimeStamp : 2025-07-04 13:06:16===> API : null ===> Message : validateRequest() invoked
info: ===> TimeStamp : 2025-07-04 13:06:16===> API : null ===> Message : validateRequest() Error:: Invalid Request :: 
      {"apiUri":"/"}
info: ===> TimeStamp : 2025-07-04 13:06:34===> API : null ===> Message : validateRequest() invoked
info: ===> TimeStamp : 2025-07-04 13:06:34===> API : null ===> Message : validateRequest() Error:: Invalid Request :: 
      {"apiUri":"/"}
info: ===> TimeStamp : 2025-07-04 13:06:34===> API : null ===> Message : validateRequest() invoked
info: ===> TimeStamp : 2025-07-04 13:06:34===> API : null ===> Message : validateRequest() Error:: Invalid Request :: 
      {"apiUri":"/"}
info: ===> TimeStamp : 2025-07-04 13:06:57===> API : null ===> Message : validateRequest() invoked
info: ===> TimeStamp : 2025-07-04 13:06:57===> API : null ===> Message : fetchDBSettings()
info: ===> TimeStamp : 2025-07-04 13:06:57===> API : null ===> Message : validateRequest() Invoked!
info: ===> TimeStamp : 2025-07-04 13:06:57===> API : null ===> Message : validRequest() :: Api validated Successfully
info: ===> TimeStamp : 2025-07-04 13:06:57===> API : /api/auth/validateuser ===> Message : validateUser() invoked!!
info: ===> TimeStamp : 2025-07-04 13:06:57===> API : /api/auth/validateuser ===> Message : validateUser() :: Request Object :: [object Object]
info: ===> TimeStamp : 2025-07-04 13:06:57===> API : /api/auth/validateuser ===> Message : validateUserDB() Invoked !
info: ===> TimeStamp : 2025-07-04 13:06:57===> API : /api/auth/validateuser ===> Message : validateUserResponse() invoked!
info: ===> TimeStamp : 2025-07-04 13:06:57===> API : /api/auth/validateuser ===> Message : validateUserResponse() completed
info: ===> TimeStamp : 2025-07-04 13:06:57===> API : null ===> Message : validateRequest() invoked
info: ===> TimeStamp : 2025-07-04 13:06:57===> API : null ===> Message : fetchDBSettings()
info: ===> TimeStamp : 2025-07-04 13:06:58===> API : null ===> Message : validateRequest() Invoked!
info: ===> TimeStamp : 2025-07-04 13:06:58===> API : null ===> Message : validRequest() :: Api validated Successfully
info: ===> TimeStamp : 2025-07-04 13:06:58===> API : /api/auth/checkIP ===> Message : checkIP() invoked!!
info: ===> TimeStamp : 2025-07-04 13:06:58===> API : /api/auth/checkIP ===> Message : IPs match: 103.255.182.117
info: ===> TimeStamp : 2025-07-04 13:06:58===> API : /api/auth/checkIP ===> Message : checkIPResponse() invoked!
info: ===> TimeStamp : 2025-07-04 13:06:58===> API : /api/auth/checkIP ===> Message : checkIPResponse() completed
info: ===> TimeStamp : 2025-07-04 13:06:58===> API : null ===> Message : validateRequest() invoked
info: ===> TimeStamp : 2025-07-04 13:06:58===> API : null ===> Message : fetchDBSettings()
info: ===> TimeStamp : 2025-07-04 13:06:58===> API : null ===> Message : validateRequest() Invoked!
info: ===> TimeStamp : 2025-07-04 13:06:58===> API : null ===> Message : validRequest() :: Api validated Successfully
info: ===> TimeStamp : 2025-07-04 13:06:58===> API : /api/auth/login ===> Message : loginUser() invoked!!
info: ===> TimeStamp : 2025-07-04 13:06:58===> API : /api/auth/login ===> Message : loginUser() :: Request Object :: [object Object]
info: ===> TimeStamp : 2025-07-04 13:06:58===> API : /api/auth/login ===> Message : loginUserDB() Invoked !
info: ===> TimeStamp : 2025-07-04 13:06:58===> API : /api/auth/login ===> Message : loginUserResponse() invoked!
info: ===> TimeStamp : 2025-07-04 13:06:58===> API : /api/auth/login ===> Message : loginUserResponse() completed
info: ===> TimeStamp : 2025-07-04 13:07:01===> API : null ===> Message : validateRequest() invoked
info: ===> TimeStamp : 2025-07-04 13:07:01===> API : null ===> Message : validateRequest() Error:: Invalid Request :: 
      {"apiUri":"/"}
info: ===> TimeStamp : 2025-07-04 13:07:02===> API : null ===> Message : validateRequest() invoked
info: ===> TimeStamp : 2025-07-04 13:07:02===> API : null ===> Message : validateRequest() Error:: Invalid Request :: 
      {"apiUri":"/favicon.ico"}
info: ===> TimeStamp : 2025-07-04 13:07:39===> API : null ===> Message : validateRequest() invoked
info: ===> TimeStamp : 2025-07-04 13:07:39===> API : null ===> Message : validateRequest() Error:: Invalid Request :: 
      {"apiUri":"/"}
info: ===> TimeStamp : 2025-07-04 13:10:04===> API : null ===> Message : validateRequest() invoked
info: ===> TimeStamp : 2025-07-04 13:10:04===> API : null ===> Message : validateRequest() Error:: Invalid Request :: 
      {"apiUri":"/"}
info: ===> TimeStamp : 2025-07-04 13:10:38===> API : null ===> Message : validateRequest() invoked
info: ===> TimeStamp : 2025-07-04 13:10:38===> API : null ===> Message : validateRequest() Error:: Invalid Request :: 
      {"apiUri":"/"}
info: ===> TimeStamp : 2025-07-04 14:05:31===> API : null ===> Message : validateRequest() invoked
info: ===> TimeStamp : 2025-07-04 14:05:31===> API : null ===> Message : validateRequest() Error:: Invalid Request :: 
      {"apiUri":"/"}
info: ===> TimeStamp : 2025-07-04 14:12:56===> API : null ===> Message : validateRequest() invoked
info: ===> TimeStamp : 2025-07-04 14:12:56===> API : null ===> Message : fetchDBSettings()
info: ===> TimeStamp : 2025-07-04 14:12:56===> API : null ===> Message : validateRequest() Invoked!
info: ===> TimeStamp : 2025-07-04 14:12:56===> API : null ===> Message : validRequest() :: Api validated Successfully
info: ===> TimeStamp : 2025-07-04 14:12:56===> API : /api/auth/validateuser ===> Message : validateUser() invoked!!
info: ===> TimeStamp : 2025-07-04 14:12:56===> API : /api/auth/validateuser ===> Message : validateUser() :: Request Object :: [object Object]
info: ===> TimeStamp : 2025-07-04 14:12:56===> API : /api/auth/validateuser ===> Message : validateUserDB() Invoked !
info: ===> TimeStamp : 2025-07-04 14:12:56===> API : /api/auth/validateuser ===> Message : validateUserResponse() invoked!
info: ===> TimeStamp : 2025-07-04 14:12:56===> API : /api/auth/validateuser ===> Message : validateUserResponse() completed
info: ===> TimeStamp : 2025-07-04 14:12:56===> API : null ===> Message : validateRequest() invoked
info: ===> TimeStamp : 2025-07-04 14:12:56===> API : null ===> Message : fetchDBSettings()
info: ===> TimeStamp : 2025-07-04 14:12:56===> API : null ===> Message : validateRequest() Invoked!
info: ===> TimeStamp : 2025-07-04 14:12:56===> API : null ===> Message : validRequest() :: Api validated Successfully
info: ===> TimeStamp : 2025-07-04 14:12:56===> API : /api/auth/login ===> Message : loginUser() invoked!!
info: ===> TimeStamp : 2025-07-04 14:12:56===> API : /api/auth/login ===> Message : loginUser() :: Request Object :: [object Object]
info: ===> TimeStamp : 2025-07-04 14:12:56===> API : /api/auth/login ===> Message : loginUserDB() Invoked !
info: ===> TimeStamp : 2025-07-04 14:12:56===> API : /api/auth/login ===> Message : loginUserResponse() invoked!
info: ===> TimeStamp : 2025-07-04 14:12:56===> API : /api/auth/login ===> Message : loginUserResponse() completed
info: ===> TimeStamp : 2025-07-04 14:44:51===> API : null ===> Message : validateRequest() invoked
info: ===> TimeStamp : 2025-07-04 14:44:51===> API : null ===> Message : validateRequest() Error:: Invalid Request :: 
      {"apiUri":"/"}
info: ===> TimeStamp : 2025-07-04 14:44:51===> API : null ===> Message : validateRequest() invoked
info: ===> TimeStamp : 2025-07-04 14:44:51===> API : null ===> Message : validateRequest() Error:: Invalid Request :: 
      {"apiUri":"/"}
info: ===> TimeStamp : 2025-07-04 14:44:58===> API : null ===> Message : validateRequest() invoked
info: ===> TimeStamp : 2025-07-04 14:44:58===> API : null ===> Message : validateRequest() Error:: Invalid Request :: 
      {"apiUri":"/"}
info: ===> TimeStamp : 2025-07-04 14:54:59===> API : null ===> Message : validateRequest() invoked
info: ===> TimeStamp : 2025-07-04 14:54:59===> API : null ===> Message : fetchDBSettings()
info: ===> TimeStamp : 2025-07-04 14:54:59===> API : null ===> Message : validateRequest() Invoked!
info: ===> TimeStamp : 2025-07-04 14:55:00===> API : null ===> Message : validRequest() :: Api validated Successfully
info: ===> TimeStamp : 2025-07-04 14:55:00===> API : /api/auth/logout ===> Message : logoutUser() invoked!!
info: ===> TimeStamp : 2025-07-04 14:55:00===> API : /api/auth/logout ===> Message : logoutUser() :: Request Object :: [object Object]
info: ===> TimeStamp : 2025-07-04 14:55:00===> API : /api/auth/logout ===> Message : logoutUserDB() Invoked !
info: ===> TimeStamp : 2025-07-04 14:55:00===> API : /api/auth/logout ===> Message : logoutUserResponse() invoked!
info: ===> TimeStamp : 2025-07-04 14:55:00===> API : /api/auth/logout ===> Message : logoutUserResponse() completed
info: ===> TimeStamp : 2025-07-04 15:02:17===> API : null ===> Message : validateRequest() invoked
info: ===> TimeStamp : 2025-07-04 15:02:17===> API : null ===> Message : fetchDBSettings()
info: ===> TimeStamp : 2025-07-04 15:02:17===> API : null ===> Message : validateRequest() Invoked!
info: ===> TimeStamp : 2025-07-04 15:02:17===> API : null ===> Message : validRequest() :: Api validated Successfully
info: ===> TimeStamp : 2025-07-04 15:02:17===> API : /api/auth/logout ===> Message : logoutUser() :: Request Object :: [object Object]
info: ===> TimeStamp : 2025-07-04 15:02:17===> API : /api/auth/logout ===> Message : logoutUserDB() Invoked !
info: ===> TimeStamp : 2025-07-04 15:02:17===> API : /api/auth/logout ===> Message : logoutUser() invoked!!
info: ===> TimeStamp : 2025-07-04 15:02:17===> API : /api/auth/logout ===> Message : logoutUserResponse() invoked!
info: ===> TimeStamp : 2025-07-04 15:02:17===> API : /api/auth/logout ===> Message : logoutUserResponse() completed
info: ===> TimeStamp : 2025-07-04 15:02:27===> API : null ===> Message : validateRequest() invoked
info: ===> TimeStamp : 2025-07-04 15:02:27===> API : null ===> Message : fetchDBSettings()
info: ===> TimeStamp : 2025-07-04 15:02:27===> API : null ===> Message : validateRequest() Invoked!
info: ===> TimeStamp : 2025-07-04 15:02:27===> API : null ===> Message : validRequest() :: Api validated Successfully
info: ===> TimeStamp : 2025-07-04 15:02:27===> API : /api/auth/validateuser ===> Message : validateUser() invoked!!
info: ===> TimeStamp : 2025-07-04 15:02:27===> API : /api/auth/validateuser ===> Message : validateUser() :: Request Object :: [object Object]
info: ===> TimeStamp : 2025-07-04 15:02:27===> API : /api/auth/validateuser ===> Message : validateUserDB() Invoked !
info: ===> TimeStamp : 2025-07-04 15:02:27===> API : /api/auth/validateuser ===> Message : validateUserResponse() invoked!
info: ===> TimeStamp : 2025-07-04 15:02:27===> API : /api/auth/validateuser ===> Message : validateUserResponse() completed
info: ===> TimeStamp : 2025-07-04 15:02:27===> API : null ===> Message : validateRequest() invoked
info: ===> TimeStamp : 2025-07-04 15:02:27===> API : null ===> Message : fetchDBSettings()
info: ===> TimeStamp : 2025-07-04 15:02:27===> API : null ===> Message : validateRequest() Invoked!
info: ===> TimeStamp : 2025-07-04 15:02:27===> API : null ===> Message : validRequest() :: Api validated Successfully
info: ===> TimeStamp : 2025-07-04 15:02:27===> API : /api/auth/checkIP ===> Message : checkIP() invoked!!
info: ===> TimeStamp : 2025-07-04 15:02:27===> API : /api/auth/checkIP ===> Message : IPs match: 103.255.182.117
info: ===> TimeStamp : 2025-07-04 15:02:27===> API : /api/auth/checkIP ===> Message : checkIPResponse() invoked!
info: ===> TimeStamp : 2025-07-04 15:02:27===> API : /api/auth/checkIP ===> Message : checkIPResponse() completed
info: ===> TimeStamp : 2025-07-04 15:02:27===> API : null ===> Message : validateRequest() invoked
info: ===> TimeStamp : 2025-07-04 15:02:27===> API : null ===> Message : fetchDBSettings()
info: ===> TimeStamp : 2025-07-04 15:02:27===> API : null ===> Message : validateRequest() Invoked!
info: ===> TimeStamp : 2025-07-04 15:02:27===> API : null ===> Message : validRequest() :: Api validated Successfully
info: ===> TimeStamp : 2025-07-04 15:02:27===> API : /api/auth/login ===> Message : loginUser() invoked!!
info: ===> TimeStamp : 2025-07-04 15:02:27===> API : /api/auth/login ===> Message : loginUser() :: Request Object :: [object Object]
info: ===> TimeStamp : 2025-07-04 15:02:27===> API : /api/auth/login ===> Message : loginUserDB() Invoked !
info: ===> TimeStamp : 2025-07-04 15:02:27===> API : /api/auth/login ===> Message : loginUserResponse() invoked!
info: ===> TimeStamp : 2025-07-04 15:02:27===> API : /api/auth/login ===> Message : loginUserResponse() completed
info: ===> TimeStamp : 2025-07-04 15:02:41===> API : null ===> Message : validateRequest() invoked
info: ===> TimeStamp : 2025-07-04 15:02:41===> API : null ===> Message : fetchDBSettings()
info: ===> TimeStamp : 2025-07-04 15:02:41===> API : null ===> Message : validateRequest() Invoked!
info: ===> TimeStamp : 2025-07-04 15:02:41===> API : null ===> Message : validRequest() :: Api validated Successfully
info: ===> TimeStamp : 2025-07-04 15:02:41===> API : /api/auth/validateuser ===> Message : validateUser() invoked!!
info: ===> TimeStamp : 2025-07-04 15:02:41===> API : /api/auth/validateuser ===> Message : validateUser() :: Request Object :: [object Object]
info: ===> TimeStamp : 2025-07-04 15:02:41===> API : /api/auth/validateuser ===> Message : validateUserDB() Invoked !
info: ===> TimeStamp : 2025-07-04 15:02:41===> API : /api/auth/validateuser ===> Message : validateUserResponse() invoked!
info: ===> TimeStamp : 2025-07-04 15:02:41===> API : /api/auth/validateuser ===> Message : validateUserResponse() completed
info: ===> TimeStamp : 2025-07-04 15:02:41===> API : null ===> Message : validateRequest() invoked
info: ===> TimeStamp : 2025-07-04 15:02:41===> API : null ===> Message : fetchDBSettings()
info: ===> TimeStamp : 2025-07-04 15:02:41===> API : null ===> Message : validateRequest() Invoked!
info: ===> TimeStamp : 2025-07-04 15:02:41===> API : null ===> Message : validRequest() :: Api validated Successfully
info: ===> TimeStamp : 2025-07-04 15:02:41===> API : /api/auth/checkIP ===> Message : checkIP() invoked!!
info: ===> TimeStamp : 2025-07-04 15:02:41===> API : /api/auth/checkIP ===> Message : IPs match: 103.255.182.117
info: ===> TimeStamp : 2025-07-04 15:02:41===> API : /api/auth/checkIP ===> Message : checkIPResponse() invoked!
info: ===> TimeStamp : 2025-07-04 15:02:41===> API : /api/auth/checkIP ===> Message : checkIPResponse() completed
info: ===> TimeStamp : 2025-07-04 15:02:41===> API : null ===> Message : validateRequest() invoked
info: ===> TimeStamp : 2025-07-04 15:02:41===> API : null ===> Message : fetchDBSettings()
info: ===> TimeStamp : 2025-07-04 15:02:41===> API : null ===> Message : validateRequest() Invoked!
info: ===> TimeStamp : 2025-07-04 15:02:41===> API : null ===> Message : validRequest() :: Api validated Successfully
info: ===> TimeStamp : 2025-07-04 15:02:41===> API : /api/auth/login ===> Message : loginUser() invoked!!
info: ===> TimeStamp : 2025-07-04 15:02:41===> API : /api/auth/login ===> Message : loginUser() :: Request Object :: [object Object]
info: ===> TimeStamp : 2025-07-04 15:02:41===> API : /api/auth/login ===> Message : loginUserDB() Invoked !
info: ===> TimeStamp : 2025-07-04 15:02:41===> API : /api/auth/login ===> Message : loginUserResponse() invoked!
info: ===> TimeStamp : 2025-07-04 15:02:41===> API : /api/auth/login ===> Message : loginUserResponse() completed
info: ===> TimeStamp : 2025-07-04 15:20:24===> API : null ===> Message : validateRequest() invoked
info: ===> TimeStamp : 2025-07-04 15:20:24===> API : null ===> Message : fetchDBSettings()
info: ===> TimeStamp : 2025-07-04 15:20:24===> API : null ===> Message : validateRequest() Invoked!
info: ===> TimeStamp : 2025-07-04 15:20:24===> API : null ===> Message : validRequest() :: Api validated Successfully
info: ===> TimeStamp : 2025-07-04 15:20:24===> API : /api/auth/validateuser ===> Message : validateUser() invoked!!
info: ===> TimeStamp : 2025-07-04 15:20:24===> API : /api/auth/validateuser ===> Message : validateUser() :: Request Object :: [object Object]
info: ===> TimeStamp : 2025-07-04 15:20:24===> API : /api/auth/validateuser ===> Message : validateUserDB() Invoked !
info: ===> TimeStamp : 2025-07-04 15:20:24===> API : /api/auth/validateuser ===> Message : validateUserResponse() invoked!
info: ===> TimeStamp : 2025-07-04 15:20:24===> API : /api/auth/validateuser ===> Message : validateUserResponse() completed
info: ===> TimeStamp : 2025-07-04 15:20:24===> API : null ===> Message : fetchDBSettings()
info: ===> TimeStamp : 2025-07-04 15:20:24===> API : null ===> Message : validateRequest() invoked
info: ===> TimeStamp : 2025-07-04 15:20:24===> API : null ===> Message : validateRequest() Invoked!
info: ===> TimeStamp : 2025-07-04 15:20:24===> API : null ===> Message : validRequest() :: Api validated Successfully
info: ===> TimeStamp : 2025-07-04 15:20:24===> API : /api/auth/login ===> Message : loginUser() invoked!!
info: ===> TimeStamp : 2025-07-04 15:20:24===> API : /api/auth/login ===> Message : loginUser() :: Request Object :: [object Object]
info: ===> TimeStamp : 2025-07-04 15:20:24===> API : /api/auth/login ===> Message : loginUserDB() Invoked !
info: ===> TimeStamp : 2025-07-04 15:20:25===> API : /api/auth/login ===> Message : loginUserResponse() invoked!
info: ===> TimeStamp : 2025-07-04 15:20:25===> API : /api/auth/login ===> Message : loginUserResponse() completed
info: ===> TimeStamp : 2025-07-04 15:33:22===> API : null ===> Message : validateRequest() invoked
info: ===> TimeStamp : 2025-07-04 15:33:22===> API : null ===> Message : validateRequest() Error:: Invalid Request :: 
      {"apiUri":"/"}
info: ===> TimeStamp : 2025-07-04 15:40:28===> API : null ===> Message : validateRequest() invoked
info: ===> TimeStamp : 2025-07-04 15:40:28===> API : null ===> Message : fetchDBSettings()
info: ===> TimeStamp : 2025-07-04 15:40:28===> API : null ===> Message : validateRequest() Invoked!
info: ===> TimeStamp : 2025-07-04 15:40:28===> API : null ===> Message : validRequest() :: Api validated Successfully
info: ===> TimeStamp : 2025-07-04 15:40:28===> API : /api/auth/validateuser ===> Message : validateUser() invoked!!
info: ===> TimeStamp : 2025-07-04 15:40:28===> API : /api/auth/validateuser ===> Message : validateUser() :: Request Object :: [object Object]
info: ===> TimeStamp : 2025-07-04 15:40:28===> API : /api/auth/validateuser ===> Message : validateUserDB() Invoked !
info: ===> TimeStamp : 2025-07-04 15:40:28===> API : /api/auth/validateuser ===> Message : validateUserResponse() invoked!
info: ===> TimeStamp : 2025-07-04 15:40:28===> API : /api/auth/validateuser ===> Message : validateUserResponse() completed
info: ===> TimeStamp : 2025-07-04 15:40:28===> API : null ===> Message : validateRequest() invoked
info: ===> TimeStamp : 2025-07-04 15:40:28===> API : null ===> Message : fetchDBSettings()
info: ===> TimeStamp : 2025-07-04 15:40:28===> API : null ===> Message : validateRequest() Invoked!
info: ===> TimeStamp : 2025-07-04 15:40:28===> API : null ===> Message : validRequest() :: Api validated Successfully
info: ===> TimeStamp : 2025-07-04 15:40:28===> API : /api/auth/login ===> Message : loginUser() :: Request Object :: [object Object]
info: ===> TimeStamp : 2025-07-04 15:40:28===> API : /api/auth/login ===> Message : loginUser() invoked!!
info: ===> TimeStamp : 2025-07-04 15:40:28===> API : /api/auth/login ===> Message : loginUserDB() Invoked !
info: ===> TimeStamp : 2025-07-04 15:40:28===> API : /api/auth/login ===> Message : loginUserResponse() invoked!
info: ===> TimeStamp : 2025-07-04 15:40:28===> API : /api/auth/login ===> Message : loginUserResponse() completed
info: ===> TimeStamp : 2025-07-04 16:11:25===> API : null ===> Message : validateRequest() invoked
info: ===> TimeStamp : 2025-07-04 16:11:25===> API : null ===> Message : validateRequest() Error:: Invalid Request :: 
      {"apiUri":"/"}
info: ===> TimeStamp : 2025-07-04 18:36:35===> API : null ===> Message : validateRequest() invoked
info: ===> TimeStamp : 2025-07-04 18:36:35===> API : null ===> Message : fetchDBSettings()
info: ===> TimeStamp : 2025-07-04 18:36:35===> API : null ===> Message : validateRequest() Invoked!
info: ===> TimeStamp : 2025-07-04 18:36:35===> API : null ===> Message : validRequest() :: Api validated Successfully
info: ===> TimeStamp : 2025-07-04 18:36:35===> API : /api/auth/validateuser ===> Message : validateUser() invoked!!
info: ===> TimeStamp : 2025-07-04 18:36:35===> API : /api/auth/validateuser ===> Message : validateUser() :: Request Object :: [object Object]
info: ===> TimeStamp : 2025-07-04 18:36:35===> API : /api/auth/validateuser ===> Message : validateUserDB() Invoked !
info: ===> TimeStamp : 2025-07-04 18:36:35===> API : /api/auth/validateuser ===> Message : validateUserResponse() invoked!
info: ===> TimeStamp : 2025-07-04 18:36:35===> API : /api/auth/validateuser ===> Message : validateUserResponse() completed
info: ===> TimeStamp : 2025-07-04 18:36:35===> API : null ===> Message : validateRequest() invoked
info: ===> TimeStamp : 2025-07-04 18:36:35===> API : null ===> Message : fetchDBSettings()
info: ===> TimeStamp : 2025-07-04 18:36:35===> API : null ===> Message : validateRequest() Invoked!
info: ===> TimeStamp : 2025-07-04 18:36:35===> API : null ===> Message : validRequest() :: Api validated Successfully
info: ===> TimeStamp : 2025-07-04 18:36:35===> API : /api/auth/login ===> Message : loginUser() invoked!!
info: ===> TimeStamp : 2025-07-04 18:36:35===> API : /api/auth/login ===> Message : loginUser() :: Request Object :: [object Object]
info: ===> TimeStamp : 2025-07-04 18:36:35===> API : /api/auth/login ===> Message : loginUserDB() Invoked !
info: ===> TimeStamp : 2025-07-04 18:36:35===> API : /api/auth/login ===> Message : loginUserResponse() invoked!
info: ===> TimeStamp : 2025-07-04 18:36:35===> API : /api/auth/login ===> Message : loginUserResponse() completed
info: ===> TimeStamp : 2025-07-04 18:46:07===> API : null ===> Message : validateRequest() invoked
info: ===> TimeStamp : 2025-07-04 18:46:07===> API : null ===> Message : validateRequest() Error:: Invalid Request :: 
      {"apiUri":"/pdown"}
info: ===> TimeStamp : 2025-07-04 18:55:33===> API : null ===> Message : validateRequest() invoked
info: ===> TimeStamp : 2025-07-04 18:55:33===> API : null ===> Message : fetchDBSettings()
info: ===> TimeStamp : 2025-07-04 18:55:33===> API : null ===> Message : validateRequest() Invoked!
info: ===> TimeStamp : 2025-07-04 18:55:33===> API : null ===> Message : validRequest() :: Api validated Successfully
info: ===> TimeStamp : 2025-07-04 18:55:33===> API : /api/auth/validateuser ===> Message : validateUser() invoked!!
info: ===> TimeStamp : 2025-07-04 18:55:33===> API : /api/auth/validateuser ===> Message : validateUser() :: Request Object :: [object Object]
info: ===> TimeStamp : 2025-07-04 18:55:33===> API : /api/auth/validateuser ===> Message : validateUserDB() Invoked !
info: ===> TimeStamp : 2025-07-04 18:55:33===> API : /api/auth/validateuser ===> Message : validateUserResponse() invoked!
info: ===> TimeStamp : 2025-07-04 18:55:33===> API : /api/auth/validateuser ===> Message : validateUserResponse() completed
info: ===> TimeStamp : 2025-07-04 18:55:33===> API : null ===> Message : validateRequest() invoked
info: ===> TimeStamp : 2025-07-04 18:55:33===> API : null ===> Message : fetchDBSettings()
info: ===> TimeStamp : 2025-07-04 18:55:33===> API : null ===> Message : validateRequest() Invoked!
info: ===> TimeStamp : 2025-07-04 18:55:33===> API : null ===> Message : validRequest() :: Api validated Successfully
info: ===> TimeStamp : 2025-07-04 18:55:33===> API : /api/auth/checkIP ===> Message : checkIP() invoked!!
info: ===> TimeStamp : 2025-07-04 18:55:33===> API : /api/auth/checkIP ===> Message : IPs match: 103.255.182.117
info: ===> TimeStamp : 2025-07-04 18:55:33===> API : /api/auth/checkIP ===> Message : checkIPResponse() invoked!
info: ===> TimeStamp : 2025-07-04 18:55:33===> API : /api/auth/checkIP ===> Message : checkIPResponse() completed
info: ===> TimeStamp : 2025-07-04 18:55:33===> API : null ===> Message : validateRequest() invoked
info: ===> TimeStamp : 2025-07-04 18:55:33===> API : null ===> Message : fetchDBSettings()
info: ===> TimeStamp : 2025-07-04 18:55:33===> API : null ===> Message : validateRequest() Invoked!
info: ===> TimeStamp : 2025-07-04 18:55:33===> API : null ===> Message : validRequest() :: Api validated Successfully
info: ===> TimeStamp : 2025-07-04 18:55:33===> API : /api/auth/login ===> Message : loginUser() invoked!!
info: ===> TimeStamp : 2025-07-04 18:55:33===> API : /api/auth/login ===> Message : loginUser() :: Request Object :: [object Object]
info: ===> TimeStamp : 2025-07-04 18:55:33===> API : /api/auth/login ===> Message : loginUserDB() Invoked !
info: ===> TimeStamp : 2025-07-04 18:55:33===> API : /api/auth/login ===> Message : loginUserResponse() invoked!
info: ===> TimeStamp : 2025-07-04 18:55:33===> API : /api/auth/login ===> Message : loginUserResponse() completed
info: ===> TimeStamp : 2025-07-04 19:03:25===> API : null ===> Message : validateRequest() invoked
info: ===> TimeStamp : 2025-07-04 19:03:25===> API : null ===> Message : fetchDBSettings()
info: ===> TimeStamp : 2025-07-04 19:03:25===> API : null ===> Message : validateRequest() Invoked!
info: ===> TimeStamp : 2025-07-04 19:03:25===> API : null ===> Message : validRequest() :: Api validated Successfully
info: ===> TimeStamp : 2025-07-04 19:03:25===> API : /api/auth/validateuser ===> Message : validateUser() invoked!!
info: ===> TimeStamp : 2025-07-04 19:03:25===> API : /api/auth/validateuser ===> Message : validateUser() :: Request Object :: [object Object]
info: ===> TimeStamp : 2025-07-04 19:03:25===> API : /api/auth/validateuser ===> Message : validateUserDB() Invoked !
info: ===> TimeStamp : 2025-07-04 19:03:25===> API : /api/auth/validateuser ===> Message : validateUserResponse() invoked!
info: ===> TimeStamp : 2025-07-04 19:03:25===> API : /api/auth/validateuser ===> Message : validateUserResponse() completed
info: ===> TimeStamp : 2025-07-04 19:03:25===> API : null ===> Message : validateRequest() invoked
info: ===> TimeStamp : 2025-07-04 19:03:25===> API : null ===> Message : fetchDBSettings()
info: ===> TimeStamp : 2025-07-04 19:03:25===> API : null ===> Message : validateRequest() Invoked!
info: ===> TimeStamp : 2025-07-04 19:03:25===> API : null ===> Message : validRequest() :: Api validated Successfully
info: ===> TimeStamp : 2025-07-04 19:03:25===> API : /api/auth/login ===> Message : loginUser() invoked!!
info: ===> TimeStamp : 2025-07-04 19:03:25===> API : /api/auth/login ===> Message : loginUser() :: Request Object :: [object Object]
info: ===> TimeStamp : 2025-07-04 19:03:25===> API : /api/auth/login ===> Message : loginUserDB() Invoked !
info: ===> TimeStamp : 2025-07-04 19:03:25===> API : /api/auth/login ===> Message : loginUserResponse() invoked!
info: ===> TimeStamp : 2025-07-04 19:03:25===> API : /api/auth/login ===> Message : loginUserResponse() completed
info: ===> TimeStamp : 2025-07-04 19:47:54===> API : null ===> Message : validateRequest() invoked
info: ===> TimeStamp : 2025-07-04 19:47:54===> API : null ===> Message : validateRequest() Error:: Invalid Request :: 
      {"apiUri":"/"}
info: ===> TimeStamp : 2025-07-04 19:47:57===> API : null ===> Message : validateRequest() invoked
info: ===> TimeStamp : 2025-07-04 19:47:57===> API : null ===> Message : validateRequest() Error:: Invalid Request :: 
      {"apiUri":"/"}
info: ===> TimeStamp : 2025-07-04 19:48:14===> API : null ===> Message : validateRequest() invoked
info: ===> TimeStamp : 2025-07-04 19:48:14===> API : null ===> Message : validateRequest() Error:: Invalid Request :: 
      {"apiUri":"/"}
info: ===> TimeStamp : 2025-07-04 20:11:33===> API : null ===> Message : validateRequest() invoked
info: ===> TimeStamp : 2025-07-04 20:11:33===> API : null ===> Message : fetchDBSettings()
info: ===> TimeStamp : 2025-07-04 20:11:33===> API : null ===> Message : validateRequest() Invoked!
info: ===> TimeStamp : 2025-07-04 20:11:33===> API : null ===> Message : validRequest() :: Api validated Successfully
info: ===> TimeStamp : 2025-07-04 20:11:33===> API : /api/auth/validateuser ===> Message : validateUser() :: Request Object :: [object Object]
info: ===> TimeStamp : 2025-07-04 20:11:33===> API : /api/auth/validateuser ===> Message : validateUserDB() Invoked !
info: ===> TimeStamp : 2025-07-04 20:11:33===> API : /api/auth/validateuser ===> Message : validateUser() invoked!!
info: ===> TimeStamp : 2025-07-04 20:11:33===> API : /api/auth/validateuser ===> Message : validateUserResponse() invoked!
info: ===> TimeStamp : 2025-07-04 20:11:33===> API : /api/auth/validateuser ===> Message : validateUserResponse() completed
info: ===> TimeStamp : 2025-07-04 20:11:33===> API : null ===> Message : validateRequest() invoked
info: ===> TimeStamp : 2025-07-04 20:11:33===> API : null ===> Message : fetchDBSettings()
info: ===> TimeStamp : 2025-07-04 20:11:33===> API : null ===> Message : validateRequest() Invoked!
info: ===> TimeStamp : 2025-07-04 20:11:33===> API : null ===> Message : validRequest() :: Api validated Successfully
info: ===> TimeStamp : 2025-07-04 20:11:33===> API : /api/auth/login ===> Message : loginUser() invoked!!
info: ===> TimeStamp : 2025-07-04 20:11:33===> API : /api/auth/login ===> Message : loginUser() :: Request Object :: [object Object]
info: ===> TimeStamp : 2025-07-04 20:11:33===> API : /api/auth/login ===> Message : loginUserDB() Invoked !
info: ===> TimeStamp : 2025-07-04 20:11:33===> API : /api/auth/login ===> Message : loginUserResponse() invoked!
info: ===> TimeStamp : 2025-07-04 20:11:33===> API : /api/auth/login ===> Message : loginUserResponse() completed
info: ===> TimeStamp : 2025-07-04 20:18:05===> API : null ===> Message : validateRequest() invoked
info: ===> TimeStamp : 2025-07-04 20:18:05===> API : null ===> Message : fetchDBSettings()
info: ===> TimeStamp : 2025-07-04 20:18:05===> API : null ===> Message : validateRequest() Invoked!
info: ===> TimeStamp : 2025-07-04 20:18:05===> API : null ===> Message : validRequest() :: Api validated Successfully
info: ===> TimeStamp : 2025-07-04 20:18:05===> API : /api/auth/validateuser ===> Message : validateUser() invoked!!
info: ===> TimeStamp : 2025-07-04 20:18:05===> API : /api/auth/validateuser ===> Message : validateUser() :: Request Object :: [object Object]
info: ===> TimeStamp : 2025-07-04 20:18:05===> API : /api/auth/validateuser ===> Message : validateUserDB() Invoked !
info: ===> TimeStamp : 2025-07-04 20:18:05===> API : /api/auth/validateuser ===> Message : validateUserResponse() invoked!
info: ===> TimeStamp : 2025-07-04 20:18:05===> API : /api/auth/validateuser ===> Message : validateUserResponse() completed
info: ===> TimeStamp : 2025-07-04 20:18:05===> API : null ===> Message : validateRequest() invoked
info: ===> TimeStamp : 2025-07-04 20:18:05===> API : null ===> Message : fetchDBSettings()
info: ===> TimeStamp : 2025-07-04 20:18:05===> API : null ===> Message : validateRequest() Invoked!
info: ===> TimeStamp : 2025-07-04 20:18:05===> API : null ===> Message : validRequest() :: Api validated Successfully
info: ===> TimeStamp : 2025-07-04 20:18:05===> API : /api/auth/login ===> Message : loginUser() :: Request Object :: [object Object]
info: ===> TimeStamp : 2025-07-04 20:18:05===> API : /api/auth/login ===> Message : loginUserDB() Invoked !
info: ===> TimeStamp : 2025-07-04 20:18:05===> API : /api/auth/login ===> Message : loginUser() invoked!!
info: ===> TimeStamp : 2025-07-04 20:18:05===> API : /api/auth/login ===> Message : loginUserResponse() invoked!
info: ===> TimeStamp : 2025-07-04 20:18:05===> API : /api/auth/login ===> Message : loginUserResponse() completed
info: ===> TimeStamp : 2025-07-04 21:30:01===> API : null ===> Message : validateRequest() invoked
info: ===> TimeStamp : 2025-07-04 21:30:01===> API : null ===> Message : fetchDBSettings()
info: ===> TimeStamp : 2025-07-04 21:30:01===> API : null ===> Message : validateRequest() Invoked!
info: ===> TimeStamp : 2025-07-04 21:30:01===> API : null ===> Message : validRequest() :: Api validated Successfully
info: ===> TimeStamp : 2025-07-04 21:30:01===> API : /api/auth/validateuser ===> Message : validateUser() invoked!!
info: ===> TimeStamp : 2025-07-04 21:30:01===> API : /api/auth/validateuser ===> Message : validateUser() :: Request Object :: [object Object]
info: ===> TimeStamp : 2025-07-04 21:30:01===> API : /api/auth/validateuser ===> Message : validateUserDB() Invoked !
info: ===> TimeStamp : 2025-07-04 21:30:01===> API : /api/auth/validateuser ===> Message : validateUserResponse() invoked!
info: ===> TimeStamp : 2025-07-04 21:30:01===> API : /api/auth/validateuser ===> Message : validateUserResponse() completed
info: ===> TimeStamp : 2025-07-04 21:30:02===> API : null ===> Message : validateRequest() invoked
info: ===> TimeStamp : 2025-07-04 21:30:02===> API : null ===> Message : fetchDBSettings()
info: ===> TimeStamp : 2025-07-04 21:30:02===> API : null ===> Message : validateRequest() Invoked!
info: ===> TimeStamp : 2025-07-04 21:30:02===> API : null ===> Message : validRequest() :: Api validated Successfully
info: ===> TimeStamp : 2025-07-04 21:30:02===> API : /api/auth/login ===> Message : loginUser() invoked!!
info: ===> TimeStamp : 2025-07-04 21:30:02===> API : /api/auth/login ===> Message : loginUser() :: Request Object :: [object Object]
info: ===> TimeStamp : 2025-07-04 21:30:02===> API : /api/auth/login ===> Message : loginUserDB() Invoked !
info: ===> TimeStamp : 2025-07-04 21:30:02===> API : /api/auth/login ===> Message : loginUserResponse() invoked!
info: ===> TimeStamp : 2025-07-04 21:30:02===> API : /api/auth/login ===> Message : loginUserResponse() completed
info: ===> TimeStamp : 2025-07-04 21:41:52===> API : null ===> Message : validateRequest() invoked
info: ===> TimeStamp : 2025-07-04 21:41:52===> API : null ===> Message : fetchDBSettings()
info: ===> TimeStamp : 2025-07-04 21:41:52===> API : null ===> Message : validateRequest() Invoked!
info: ===> TimeStamp : 2025-07-04 21:41:52===> API : null ===> Message : validRequest() :: Api validated Successfully
info: ===> TimeStamp : 2025-07-04 21:41:52===> API : /api/auth/validateuser ===> Message : validateUser() :: Request Object :: [object Object]
info: ===> TimeStamp : 2025-07-04 21:41:52===> API : /api/auth/validateuser ===> Message : validateUserDB() Invoked !
info: ===> TimeStamp : 2025-07-04 21:41:52===> API : /api/auth/validateuser ===> Message : validateUser() invoked!!
info: ===> TimeStamp : 2025-07-04 21:41:52===> API : /api/auth/validateuser ===> Message : validateUserResponse() invoked!
info: ===> TimeStamp : 2025-07-04 21:41:52===> API : /api/auth/validateuser ===> Message : validateUserResponse() completed
info: ===> TimeStamp : 2025-07-04 21:41:52===> API : null ===> Message : validateRequest() invoked
info: ===> TimeStamp : 2025-07-04 21:41:52===> API : null ===> Message : fetchDBSettings()
info: ===> TimeStamp : 2025-07-04 21:41:52===> API : null ===> Message : validateRequest() Invoked!
info: ===> TimeStamp : 2025-07-04 21:41:52===> API : null ===> Message : validRequest() :: Api validated Successfully
info: ===> TimeStamp : 2025-07-04 21:41:52===> API : /api/auth/checkIP ===> Message : checkIP() invoked!!
info: ===> TimeStamp : 2025-07-04 21:41:52===> API : /api/auth/checkIP ===> Message : IPs match: 103.255.182.117
info: ===> TimeStamp : 2025-07-04 21:41:52===> API : /api/auth/checkIP ===> Message : checkIPResponse() invoked!
info: ===> TimeStamp : 2025-07-04 21:41:52===> API : /api/auth/checkIP ===> Message : checkIPResponse() completed
info: ===> TimeStamp : 2025-07-04 21:41:52===> API : null ===> Message : validateRequest() invoked
info: ===> TimeStamp : 2025-07-04 21:41:52===> API : null ===> Message : fetchDBSettings()
info: ===> TimeStamp : 2025-07-04 21:41:52===> API : null ===> Message : validateRequest() Invoked!
info: ===> TimeStamp : 2025-07-04 21:41:52===> API : null ===> Message : validRequest() :: Api validated Successfully
info: ===> TimeStamp : 2025-07-04 21:41:52===> API : /api/auth/login ===> Message : loginUser() invoked!!
info: ===> TimeStamp : 2025-07-04 21:41:52===> API : /api/auth/login ===> Message : loginUser() :: Request Object :: [object Object]
info: ===> TimeStamp : 2025-07-04 21:41:52===> API : /api/auth/login ===> Message : loginUserDB() Invoked !
info: ===> TimeStamp : 2025-07-04 21:41:52===> API : /api/auth/login ===> Message : loginUserResponse() invoked!
info: ===> TimeStamp : 2025-07-04 21:41:52===> API : /api/auth/login ===> Message : loginUserResponse() completed
info: ===> TimeStamp : 2025-07-04 21:42:38===> API : null ===> Message : validateRequest() invoked
info: ===> TimeStamp : 2025-07-04 21:42:38===> API : null ===> Message : fetchDBSettings()
info: ===> TimeStamp : 2025-07-04 21:42:38===> API : null ===> Message : validateRequest() Invoked!
info: ===> TimeStamp : 2025-07-04 21:42:38===> API : null ===> Message : validRequest() :: Api validated Successfully
info: ===> TimeStamp : 2025-07-04 21:42:38===> API : /api/auth/validateuser ===> Message : validateUser() invoked!!
info: ===> TimeStamp : 2025-07-04 21:42:38===> API : /api/auth/validateuser ===> Message : validateUser() :: Request Object :: [object Object]
info: ===> TimeStamp : 2025-07-04 21:42:38===> API : /api/auth/validateuser ===> Message : validateUserDB() Invoked !
info: ===> TimeStamp : 2025-07-04 21:42:38===> API : /api/auth/validateuser ===> Message : validateUserResponse() invoked!
info: ===> TimeStamp : 2025-07-04 21:42:38===> API : /api/auth/validateuser ===> Message : validateUserResponse() completed
info: ===> TimeStamp : 2025-07-04 21:42:39===> API : null ===> Message : validateRequest() invoked
info: ===> TimeStamp : 2025-07-04 21:42:39===> API : null ===> Message : fetchDBSettings()
info: ===> TimeStamp : 2025-07-04 21:42:39===> API : null ===> Message : validateRequest() Invoked!
info: ===> TimeStamp : 2025-07-04 21:42:39===> API : null ===> Message : validRequest() :: Api validated Successfully
info: ===> TimeStamp : 2025-07-04 21:42:39===> API : /api/auth/login ===> Message : loginUser() invoked!!
info: ===> TimeStamp : 2025-07-04 21:42:39===> API : /api/auth/login ===> Message : loginUser() :: Request Object :: [object Object]
info: ===> TimeStamp : 2025-07-04 21:42:39===> API : /api/auth/login ===> Message : loginUserDB() Invoked !
info: ===> TimeStamp : 2025-07-04 21:42:39===> API : /api/auth/login ===> Message : loginUserResponse() invoked!
info: ===> TimeStamp : 2025-07-04 21:42:39===> API : /api/auth/login ===> Message : loginUserResponse() completed
info: ===> TimeStamp : 2025-07-04 21:45:42===> API : null ===> Message : validateRequest() invoked
info: ===> TimeStamp : 2025-07-04 21:45:42===> API : null ===> Message : fetchDBSettings()
info: ===> TimeStamp : 2025-07-04 21:45:42===> API : null ===> Message : validateRequest() Invoked!
info: ===> TimeStamp : 2025-07-04 21:45:42===> API : null ===> Message : validRequest() :: Api validated Successfully
info: ===> TimeStamp : 2025-07-04 21:45:42===> API : /api/auth/validateuser ===> Message : validateUser() invoked!!
info: ===> TimeStamp : 2025-07-04 21:45:42===> API : /api/auth/validateuser ===> Message : validateUser() :: Request Object :: [object Object]
info: ===> TimeStamp : 2025-07-04 21:45:42===> API : /api/auth/validateuser ===> Message : validateUserDB() Invoked !
info: ===> TimeStamp : 2025-07-04 21:45:42===> API : /api/auth/validateuser ===> Message : validateUserResponse() invoked!
info: ===> TimeStamp : 2025-07-04 21:45:42===> API : /api/auth/validateuser ===> Message : validateUserResponse() completed
info: ===> TimeStamp : 2025-07-04 21:45:42===> API : null ===> Message : validateRequest() invoked
info: ===> TimeStamp : 2025-07-04 21:45:42===> API : null ===> Message : fetchDBSettings()
info: ===> TimeStamp : 2025-07-04 21:45:42===> API : null ===> Message : validateRequest() Invoked!
info: ===> TimeStamp : 2025-07-04 21:45:42===> API : null ===> Message : validRequest() :: Api validated Successfully
info: ===> TimeStamp : 2025-07-04 21:45:42===> API : /api/auth/login ===> Message : loginUser() invoked!!
info: ===> TimeStamp : 2025-07-04 21:45:42===> API : /api/auth/login ===> Message : loginUser() :: Request Object :: [object Object]
info: ===> TimeStamp : 2025-07-04 21:45:42===> API : /api/auth/login ===> Message : loginUserDB() Invoked !
info: ===> TimeStamp : 2025-07-04 21:45:42===> API : /api/auth/login ===> Message : loginUserResponse() invoked!
info: ===> TimeStamp : 2025-07-04 21:45:42===> API : /api/auth/login ===> Message : loginUserResponse() completed
info: ===> TimeStamp : 2025-07-04 21:52:20===> API : null ===> Message : validateRequest() invoked
info: ===> TimeStamp : 2025-07-04 21:52:20===> API : null ===> Message : fetchDBSettings()
info: ===> TimeStamp : 2025-07-04 21:52:20===> API : null ===> Message : validateRequest() Invoked!
info: ===> TimeStamp : 2025-07-04 21:52:20===> API : null ===> Message : validRequest() :: Api validated Successfully
info: ===> TimeStamp : 2025-07-04 21:52:20===> API : /api/auth/logout ===> Message : logoutUser() invoked!!
info: ===> TimeStamp : 2025-07-04 21:52:20===> API : /api/auth/logout ===> Message : logoutUser() :: Request Object :: [object Object]
info: ===> TimeStamp : 2025-07-04 21:52:20===> API : /api/auth/logout ===> Message : logoutUserDB() Invoked !
info: ===> TimeStamp : 2025-07-04 21:52:20===> API : /api/auth/logout ===> Message : logoutUserResponse() invoked!
info: ===> TimeStamp : 2025-07-04 21:52:20===> API : /api/auth/logout ===> Message : logoutUserResponse() completed
info: ===> TimeStamp : 2025-07-04 21:59:50===> API : null ===> Message : validateRequest() invoked
info: ===> TimeStamp : 2025-07-04 21:59:50===> API : null ===> Message : fetchDBSettings()
info: ===> TimeStamp : 2025-07-04 21:59:50===> API : null ===> Message : validateRequest() Invoked!
info: ===> TimeStamp : 2025-07-04 21:59:50===> API : null ===> Message : validRequest() :: Api validated Successfully
info: ===> TimeStamp : 2025-07-04 21:59:50===> API : /api/auth/logout ===> Message : logoutUser() invoked!!
info: ===> TimeStamp : 2025-07-04 21:59:50===> API : /api/auth/logout ===> Message : logoutUser() :: Request Object :: [object Object]
info: ===> TimeStamp : 2025-07-04 21:59:50===> API : /api/auth/logout ===> Message : logoutUserDB() Invoked !
info: ===> TimeStamp : 2025-07-04 21:59:50===> API : /api/auth/logout ===> Message : logoutUserResponse() invoked!
info: ===> TimeStamp : 2025-07-04 21:59:50===> API : /api/auth/logout ===> Message : logoutUserResponse() completed
info: ===> TimeStamp : 2025-07-04 22:00:09===> API : null ===> Message : validateRequest() invoked
info: ===> TimeStamp : 2025-07-04 22:00:09===> API : null ===> Message : fetchDBSettings()
info: ===> TimeStamp : 2025-07-04 22:00:09===> API : null ===> Message : validateRequest() Invoked!
info: ===> TimeStamp : 2025-07-04 22:00:09===> API : null ===> Message : validRequest() :: Api validated Successfully
info: ===> TimeStamp : 2025-07-04 22:00:09===> API : /api/auth/validateuser ===> Message : validateUser() invoked!!
info: ===> TimeStamp : 2025-07-04 22:00:09===> API : /api/auth/validateuser ===> Message : validateUser() :: Request Object :: [object Object]
info: ===> TimeStamp : 2025-07-04 22:00:09===> API : /api/auth/validateuser ===> Message : validateUserDB() Invoked !
info: ===> TimeStamp : 2025-07-04 22:00:09===> API : /api/auth/validateuser ===> Message : validateUserResponse() invoked!
info: ===> TimeStamp : 2025-07-04 22:00:09===> API : /api/auth/validateuser ===> Message : validateUserResponse() completed
info: ===> TimeStamp : 2025-07-04 22:00:10===> API : null ===> Message : validateRequest() invoked
info: ===> TimeStamp : 2025-07-04 22:00:10===> API : null ===> Message : fetchDBSettings()
info: ===> TimeStamp : 2025-07-04 22:00:10===> API : null ===> Message : validateRequest() Invoked!
info: ===> TimeStamp : 2025-07-04 22:00:10===> API : null ===> Message : validRequest() :: Api validated Successfully
info: ===> TimeStamp : 2025-07-04 22:00:10===> API : /api/auth/checkIP ===> Message : checkIP() invoked!!
info: ===> TimeStamp : 2025-07-04 22:00:10===> API : /api/auth/checkIP ===> Message : IPs match: 103.255.182.117
info: ===> TimeStamp : 2025-07-04 22:00:10===> API : /api/auth/checkIP ===> Message : checkIPResponse() invoked!
info: ===> TimeStamp : 2025-07-04 22:00:10===> API : /api/auth/checkIP ===> Message : checkIPResponse() completed
info: ===> TimeStamp : 2025-07-04 22:00:10===> API : null ===> Message : validateRequest() invoked
info: ===> TimeStamp : 2025-07-04 22:00:10===> API : null ===> Message : fetchDBSettings()
info: ===> TimeStamp : 2025-07-04 22:00:10===> API : null ===> Message : validateRequest() Invoked!
info: ===> TimeStamp : 2025-07-04 22:00:10===> API : null ===> Message : validRequest() :: Api validated Successfully
info: ===> TimeStamp : 2025-07-04 22:00:10===> API : /api/auth/login ===> Message : loginUser() invoked!!
info: ===> TimeStamp : 2025-07-04 22:00:10===> API : /api/auth/login ===> Message : loginUser() :: Request Object :: [object Object]
info: ===> TimeStamp : 2025-07-04 22:00:10===> API : /api/auth/login ===> Message : loginUserDB() Invoked !
info: ===> TimeStamp : 2025-07-04 22:00:10===> API : /api/auth/login ===> Message : loginUserResponse() invoked!
info: ===> TimeStamp : 2025-07-04 22:00:10===> API : /api/auth/login ===> Message : loginUserResponse() completed
info: ===> TimeStamp : 2025-07-04 22:00:34===> API : null ===> Message : validateRequest() invoked
info: ===> TimeStamp : 2025-07-04 22:00:34===> API : null ===> Message : fetchDBSettings()
info: ===> TimeStamp : 2025-07-04 22:00:34===> API : null ===> Message : validateRequest() Invoked!
info: ===> TimeStamp : 2025-07-04 22:00:34===> API : null ===> Message : validRequest() :: Api validated Successfully
info: ===> TimeStamp : 2025-07-04 22:00:34===> API : /api/auth/validateuser ===> Message : validateUser() invoked!!
info: ===> TimeStamp : 2025-07-04 22:00:34===> API : /api/auth/validateuser ===> Message : validateUser() :: Request Object :: [object Object]
info: ===> TimeStamp : 2025-07-04 22:00:34===> API : /api/auth/validateuser ===> Message : validateUserDB() Invoked !
info: ===> TimeStamp : 2025-07-04 22:00:34===> API : /api/auth/validateuser ===> Message : validateUserResponse() invoked!
info: ===> TimeStamp : 2025-07-04 22:00:34===> API : /api/auth/validateuser ===> Message : validateUserResponse() completed
info: ===> TimeStamp : 2025-07-04 22:00:34===> API : null ===> Message : validateRequest() invoked
info: ===> TimeStamp : 2025-07-04 22:00:34===> API : null ===> Message : fetchDBSettings()
info: ===> TimeStamp : 2025-07-04 22:00:34===> API : null ===> Message : validateRequest() Invoked!
info: ===> TimeStamp : 2025-07-04 22:00:34===> API : null ===> Message : validRequest() :: Api validated Successfully
info: ===> TimeStamp : 2025-07-04 22:00:34===> API : /api/auth/checkIP ===> Message : checkIP() invoked!!
info: ===> TimeStamp : 2025-07-04 22:00:34===> API : /api/auth/checkIP ===> Message : IPs match: 103.255.182.117
info: ===> TimeStamp : 2025-07-04 22:00:34===> API : /api/auth/checkIP ===> Message : checkIPResponse() invoked!
info: ===> TimeStamp : 2025-07-04 22:00:34===> API : /api/auth/checkIP ===> Message : checkIPResponse() completed
info: ===> TimeStamp : 2025-07-04 22:00:34===> API : null ===> Message : validateRequest() invoked
info: ===> TimeStamp : 2025-07-04 22:00:34===> API : null ===> Message : fetchDBSettings()
info: ===> TimeStamp : 2025-07-04 22:00:34===> API : null ===> Message : validateRequest() Invoked!
info: ===> TimeStamp : 2025-07-04 22:00:34===> API : null ===> Message : validRequest() :: Api validated Successfully
info: ===> TimeStamp : 2025-07-04 22:00:34===> API : /api/auth/login ===> Message : loginUser() invoked!!
info: ===> TimeStamp : 2025-07-04 22:00:34===> API : /api/auth/login ===> Message : loginUser() :: Request Object :: [object Object]
info: ===> TimeStamp : 2025-07-04 22:00:34===> API : /api/auth/login ===> Message : loginUserDB() Invoked !
info: ===> TimeStamp : 2025-07-04 22:00:34===> API : /api/auth/login ===> Message : loginUserResponse() invoked!
info: ===> TimeStamp : 2025-07-04 22:00:34===> API : /api/auth/login ===> Message : loginUserResponse() completed
info: ===> TimeStamp : 2025-07-04 22:03:39===> API : null ===> Message : validateRequest() invoked
info: ===> TimeStamp : 2025-07-04 22:03:39===> API : null ===> Message : fetchDBSettings()
info: ===> TimeStamp : 2025-07-04 22:03:39===> API : null ===> Message : validateRequest() Invoked!
info: ===> TimeStamp : 2025-07-04 22:03:39===> API : null ===> Message : validRequest() :: Api validated Successfully
info: ===> TimeStamp : 2025-07-04 22:03:39===> API : /api/auth/validateuser ===> Message : validateUser() invoked!!
info: ===> TimeStamp : 2025-07-04 22:03:39===> API : /api/auth/validateuser ===> Message : validateUser() :: Request Object :: [object Object]
info: ===> TimeStamp : 2025-07-04 22:03:39===> API : /api/auth/validateuser ===> Message : validateUserDB() Invoked !
info: ===> TimeStamp : 2025-07-04 22:03:39===> API : /api/auth/validateuser ===> Message : validateUserResponse() invoked!
info: ===> TimeStamp : 2025-07-04 22:03:39===> API : /api/auth/validateuser ===> Message : validateUserResponse() completed
info: ===> TimeStamp : 2025-07-04 22:03:39===> API : null ===> Message : validateRequest() invoked
info: ===> TimeStamp : 2025-07-04 22:03:39===> API : null ===> Message : fetchDBSettings()
info: ===> TimeStamp : 2025-07-04 22:03:39===> API : null ===> Message : validateRequest() Invoked!
info: ===> TimeStamp : 2025-07-04 22:03:39===> API : null ===> Message : validRequest() :: Api validated Successfully
info: ===> TimeStamp : 2025-07-04 22:03:39===> API : /api/auth/login ===> Message : loginUser() invoked!!
info: ===> TimeStamp : 2025-07-04 22:03:39===> API : /api/auth/login ===> Message : loginUser() :: Request Object :: [object Object]
info: ===> TimeStamp : 2025-07-04 22:03:39===> API : /api/auth/login ===> Message : loginUserDB() Invoked !
info: ===> TimeStamp : 2025-07-04 22:03:39===> API : /api/auth/login ===> Message : loginUserResponse() invoked!
info: ===> TimeStamp : 2025-07-04 22:03:39===> API : /api/auth/login ===> Message : loginUserResponse() completed
info: ===> TimeStamp : 2025-07-04 22:45:24===> API : null ===> Message : validateRequest() invoked
info: ===> TimeStamp : 2025-07-04 22:45:24===> API : null ===> Message : fetchDBSettings()
info: ===> TimeStamp : 2025-07-04 22:45:24===> API : null ===> Message : validateRequest() Invoked!
info: ===> TimeStamp : 2025-07-04 22:45:24===> API : null ===> Message : validateRequest() :: Error :: Helper {"code":"ER_SIGNAL_EXCEPTION","errno":1644,"sqlState":"10003","sqlMessage":"Invalid User Credentials","sql":"CALL usp_validate_request(\n              '/api/auth/logout',\n              'eyJhbGciOiJIUzI1NiIsInR5cCI6IkpXVCJ9.eyJ0aW1lIjoiRnJpIEp1bCAwNCAyMDI1IDA5OjMyOjQxIEdNVCswMDAwIChDb29yZGluYXRlZCBVbml2ZXJzYWwgVGltZSkiLCJ1c2VySWQiOjI0LCJpYXQiOjE3NTE2MjE1NjF9.5ZoX7mtZjQ7azTeSaV2LmqwyrcvI8itJxbVORG9X-yo')"}
info: ===> TimeStamp : 2025-07-04 22:45:24===> API : null ===> Message : validateRequest() :: Error :: PP {"ErrorCode":10003,"ErrorMessage":"Invalid User Credentials"}
info: ===> TimeStamp : 2025-07-04 22:46:17===> API : null ===> Message : validateRequest() invoked
info: ===> TimeStamp : 2025-07-04 22:46:17===> API : null ===> Message : fetchDBSettings()
info: ===> TimeStamp : 2025-07-04 22:46:17===> API : null ===> Message : validateRequest() Invoked!
info: ===> TimeStamp : 2025-07-04 22:46:17===> API : null ===> Message : validRequest() :: Api validated Successfully
info: ===> TimeStamp : 2025-07-04 22:46:17===> API : /api/auth/validateuser ===> Message : validateUser() invoked!!
info: ===> TimeStamp : 2025-07-04 22:46:17===> API : /api/auth/validateuser ===> Message : validateUser() :: Request Object :: [object Object]
info: ===> TimeStamp : 2025-07-04 22:46:17===> API : /api/auth/validateuser ===> Message : validateUserDB() Invoked !
info: ===> TimeStamp : 2025-07-04 22:46:17===> API : /api/auth/validateuser ===> Message : validateUserResponse() invoked!
info: ===> TimeStamp : 2025-07-04 22:46:17===> API : /api/auth/validateuser ===> Message : validateUserResponse() completed
info: ===> TimeStamp : 2025-07-04 22:46:17===> API : null ===> Message : validateRequest() invoked
info: ===> TimeStamp : 2025-07-04 22:46:17===> API : null ===> Message : fetchDBSettings()
info: ===> TimeStamp : 2025-07-04 22:46:17===> API : null ===> Message : validateRequest() Invoked!
info: ===> TimeStamp : 2025-07-04 22:46:17===> API : null ===> Message : validRequest() :: Api validated Successfully
info: ===> TimeStamp : 2025-07-04 22:46:17===> API : /api/auth/checkIP ===> Message : checkIP() invoked!!
info: ===> TimeStamp : 2025-07-04 22:46:17===> API : /api/auth/checkIP ===> Message : IPs match: 103.225.102.194
info: ===> TimeStamp : 2025-07-04 22:46:17===> API : /api/auth/checkIP ===> Message : checkIPResponse() invoked!
info: ===> TimeStamp : 2025-07-04 22:46:17===> API : /api/auth/checkIP ===> Message : checkIPResponse() completed
info: ===> TimeStamp : 2025-07-04 22:46:18===> API : null ===> Message : validateRequest() invoked
info: ===> TimeStamp : 2025-07-04 22:46:18===> API : null ===> Message : fetchDBSettings()
info: ===> TimeStamp : 2025-07-04 22:46:18===> API : null ===> Message : validateRequest() Invoked!
info: ===> TimeStamp : 2025-07-04 22:46:18===> API : null ===> Message : validRequest() :: Api validated Successfully
info: ===> TimeStamp : 2025-07-04 22:46:18===> API : /api/auth/login ===> Message : loginUser() invoked!!
info: ===> TimeStamp : 2025-07-04 22:46:18===> API : /api/auth/login ===> Message : loginUser() :: Request Object :: [object Object]
info: ===> TimeStamp : 2025-07-04 22:46:18===> API : /api/auth/login ===> Message : loginUserDB() Invoked !
info: ===> TimeStamp : 2025-07-04 22:46:18===> API : /api/auth/login ===> Message : loginUserResponse() invoked!
info: ===> TimeStamp : 2025-07-04 22:46:18===> API : /api/auth/login ===> Message : loginUserResponse() completed
info: ===> TimeStamp : 2025-07-05 00:08:07===> API : null ===> Message : fetchDBSettings()
info: ===> TimeStamp : 2025-07-05 00:08:07===> API : null ===> Message : validateRequest() invoked
info: ===> TimeStamp : 2025-07-05 00:08:07===> API : null ===> Message : validateRequest() Invoked!
info: ===> TimeStamp : 2025-07-05 00:08:07===> API : null ===> Message : validRequest() :: Api validated Successfully
info: ===> TimeStamp : 2025-07-05 00:08:07===> API : /api/auth/validateuser ===> Message : validateUser() invoked!!
info: ===> TimeStamp : 2025-07-05 00:08:07===> API : /api/auth/validateuser ===> Message : validateUser() :: Request Object :: [object Object]
info: ===> TimeStamp : 2025-07-05 00:08:07===> API : /api/auth/validateuser ===> Message : validateUserDB() Invoked !
info: ===> TimeStamp : 2025-07-05 00:08:07===> API : /api/auth/validateuser ===> Message : validateUserResponse() invoked!
info: ===> TimeStamp : 2025-07-05 00:08:07===> API : /api/auth/validateuser ===> Message : validateUserResponse() completed
info: ===> TimeStamp : 2025-07-05 00:08:08===> API : null ===> Message : validateRequest() invoked
info: ===> TimeStamp : 2025-07-05 00:08:08===> API : null ===> Message : fetchDBSettings()
info: ===> TimeStamp : 2025-07-05 00:08:08===> API : null ===> Message : validateRequest() Invoked!
info: ===> TimeStamp : 2025-07-05 00:08:08===> API : /api/auth/login ===> Message : loginUser() invoked!!
info: ===> TimeStamp : 2025-07-05 00:08:08===> API : /api/auth/login ===> Message : loginUser() :: Request Object :: [object Object]
info: ===> TimeStamp : 2025-07-05 00:08:08===> API : null ===> Message : validRequest() :: Api validated Successfully
info: ===> TimeStamp : 2025-07-05 00:08:08===> API : /api/auth/login ===> Message : loginUserDB() Invoked !
info: ===> TimeStamp : 2025-07-05 00:08:08===> API : /api/auth/login ===> Message : loginUserResponse() invoked!
info: ===> TimeStamp : 2025-07-05 00:08:08===> API : /api/auth/login ===> Message : loginUserResponse() completed
info: ===> TimeStamp : 2025-07-05 00:28:36===> API : null ===> Message : validateRequest() invoked
info: ===> TimeStamp : 2025-07-05 00:28:36===> API : null ===> Message : validateRequest() Error:: Invalid Request :: 
      {"apiUri":"/"}
info: ===> TimeStamp : 2025-07-05 00:28:49===> API : null ===> Message : validateRequest() invoked
info: ===> TimeStamp : 2025-07-05 00:28:49===> API : null ===> Message : validateRequest() Error:: Invalid Request :: 
      {"apiUri":"/favicon.ico"}
info: ===> TimeStamp : 2025-07-05 00:29:30===> API : null ===> Message : validateRequest() invoked
info: ===> TimeStamp : 2025-07-05 00:29:30===> API : null ===> Message : validateRequest() Error:: Invalid Request :: 
      {"apiUri":"/favicon.ico"}
info: ===> TimeStamp : 2025-07-05 00:30:01===> API : null ===> Message : validateRequest() invoked
info: ===> TimeStamp : 2025-07-05 00:30:01===> API : null ===> Message : validateRequest() Error:: Invalid Request :: 
      {"apiUri":"/login"}
info: ===> TimeStamp : 2025-07-05 01:08:58===> API : null ===> Message : validateRequest() invoked
info: ===> TimeStamp : 2025-07-05 01:08:58===> API : null ===> Message : fetchDBSettings()
info: ===> TimeStamp : 2025-07-05 01:08:58===> API : null ===> Message : validateRequest() Invoked!
info: ===> TimeStamp : 2025-07-05 01:08:58===> API : null ===> Message : validRequest() :: Api validated Successfully
info: ===> TimeStamp : 2025-07-05 01:08:58===> API : /api/auth/validateuser ===> Message : validateUser() :: Request Object :: [object Object]
info: ===> TimeStamp : 2025-07-05 01:08:58===> API : /api/auth/validateuser ===> Message : validateUser() invoked!!
info: ===> TimeStamp : 2025-07-05 01:08:58===> API : /api/auth/validateuser ===> Message : validateUserDB() Invoked !
info: ===> TimeStamp : 2025-07-05 01:08:58===> API : /api/auth/validateuser ===> Message : validateUserResponse() invoked!
info: ===> TimeStamp : 2025-07-05 01:08:58===> API : /api/auth/validateuser ===> Message : validateUserResponse() completed
info: ===> TimeStamp : 2025-07-05 01:08:59===> API : null ===> Message : validateRequest() invoked
info: ===> TimeStamp : 2025-07-05 01:08:59===> API : null ===> Message : fetchDBSettings()
info: ===> TimeStamp : 2025-07-05 01:08:59===> API : null ===> Message : validateRequest() Invoked!
info: ===> TimeStamp : 2025-07-05 01:08:59===> API : null ===> Message : validRequest() :: Api validated Successfully
info: ===> TimeStamp : 2025-07-05 01:08:59===> API : /api/auth/login ===> Message : loginUser() invoked!!
info: ===> TimeStamp : 2025-07-05 01:08:59===> API : /api/auth/login ===> Message : loginUser() :: Request Object :: [object Object]
info: ===> TimeStamp : 2025-07-05 01:08:59===> API : /api/auth/login ===> Message : loginUserDB() Invoked !
info: ===> TimeStamp : 2025-07-05 01:08:59===> API : /api/auth/login ===> Message : loginUserResponse() invoked!
info: ===> TimeStamp : 2025-07-05 01:08:59===> API : /api/auth/login ===> Message : loginUserResponse() completed
info: ===> TimeStamp : 2025-07-05 01:26:16===> API : null ===> Message : validateRequest() invoked
info: ===> TimeStamp : 2025-07-05 01:26:16===> API : null ===> Message : validateRequest() Error:: Invalid Request :: 
      {"apiUri":"/"}
info: ===> TimeStamp : 2025-07-05 01:26:16===> API : null ===> Message : validateRequest() invoked
info: ===> TimeStamp : 2025-07-05 01:26:16===> API : null ===> Message : validateRequest() Error:: Invalid Request :: 
      {"apiUri":"/"}
info: ===> TimeStamp : 2025-07-05 01:26:18===> API : null ===> Message : validateRequest() Error:: Invalid Request :: 
      {"apiUri":"/"}
info: ===> TimeStamp : 2025-07-05 01:26:18===> API : null ===> Message : validateRequest() invoked
info: ===> TimeStamp : 2025-07-05 01:46:11===> API : null ===> Message : validateRequest() invoked
info: ===> TimeStamp : 2025-07-05 01:46:11===> API : null ===> Message : validateRequest() Error:: Invalid Request :: 
      {"apiUri":"/.git/config"}
info: ===> TimeStamp : 2025-07-05 01:46:29===> API : null ===> Message : validateRequest() invoked
info: ===> TimeStamp : 2025-07-05 01:46:29===> API : null ===> Message : validateRequest() Error:: Invalid Request :: 
      {"apiUri":"/"}
info: ===> TimeStamp : 2025-07-05 01:46:35===> API : null ===> Message : validateRequest() invoked
info: ===> TimeStamp : 2025-07-05 01:46:35===> API : null ===> Message : validateRequest() Error:: Invalid Request :: 
      {"apiUri":"/"}
info: ===> TimeStamp : 2025-07-05 01:46:45===> API : null ===> Message : validateRequest() invoked
info: ===> TimeStamp : 2025-07-05 01:46:45===> API : null ===> Message : validateRequest() Error:: Invalid Request :: 
      {"apiUri":"/"}
info: ===> TimeStamp : 2025-07-05 01:47:02===> API : null ===> Message : validateRequest() invoked
info: ===> TimeStamp : 2025-07-05 01:47:02===> API : null ===> Message : validateRequest() Error:: Invalid Request :: 
      {"apiUri":"/"}
info: ===> TimeStamp : 2025-07-05 01:47:14===> API : null ===> Message : validateRequest() invoked
info: ===> TimeStamp : 2025-07-05 01:47:14===> API : null ===> Message : validateRequest() Error:: Invalid Request :: 
      {"apiUri":"/.env"}
info: ===> TimeStamp : 2025-07-05 02:00:59===> API : null ===> Message : validateRequest() invoked
info: ===> TimeStamp : 2025-07-05 02:00:59===> API : null ===> Message : fetchDBSettings()
info: ===> TimeStamp : 2025-07-05 02:00:59===> API : null ===> Message : validateRequest() Invoked!
info: ===> TimeStamp : 2025-07-05 02:00:59===> API : /api/auth/validateuser ===> Message : validateUser() invoked!!
info: ===> TimeStamp : 2025-07-05 02:00:59===> API : /api/auth/validateuser ===> Message : validateUser() :: Request Object :: [object Object]
info: ===> TimeStamp : 2025-07-05 02:00:59===> API : null ===> Message : validRequest() :: Api validated Successfully
info: ===> TimeStamp : 2025-07-05 02:00:59===> API : /api/auth/validateuser ===> Message : validateUserDB() Invoked !
info: ===> TimeStamp : 2025-07-05 02:00:59===> API : /api/auth/validateuser ===> Message : validateUserResponse() invoked!
info: ===> TimeStamp : 2025-07-05 02:00:59===> API : /api/auth/validateuser ===> Message : validateUserResponse() completed
info: ===> TimeStamp : 2025-07-05 02:00:59===> API : null ===> Message : validateRequest() invoked
info: ===> TimeStamp : 2025-07-05 02:00:59===> API : null ===> Message : fetchDBSettings()
info: ===> TimeStamp : 2025-07-05 02:00:59===> API : null ===> Message : validateRequest() Invoked!
info: ===> TimeStamp : 2025-07-05 02:00:59===> API : null ===> Message : validRequest() :: Api validated Successfully
info: ===> TimeStamp : 2025-07-05 02:00:59===> API : /api/auth/checkIP ===> Message : checkIP() invoked!!
info: ===> TimeStamp : 2025-07-05 02:00:59===> API : /api/auth/checkIP ===> Message : IPs match: 103.255.182.117
info: ===> TimeStamp : 2025-07-05 02:00:59===> API : /api/auth/checkIP ===> Message : checkIPResponse() invoked!
info: ===> TimeStamp : 2025-07-05 02:00:59===> API : /api/auth/checkIP ===> Message : checkIPResponse() completed
info: ===> TimeStamp : 2025-07-05 02:00:59===> API : null ===> Message : validateRequest() invoked
info: ===> TimeStamp : 2025-07-05 02:00:59===> API : null ===> Message : fetchDBSettings()
info: ===> TimeStamp : 2025-07-05 02:00:59===> API : null ===> Message : validateRequest() Invoked!
info: ===> TimeStamp : 2025-07-05 02:00:59===> API : null ===> Message : validRequest() :: Api validated Successfully
info: ===> TimeStamp : 2025-07-05 02:00:59===> API : /api/auth/login ===> Message : loginUser() invoked!!
info: ===> TimeStamp : 2025-07-05 02:00:59===> API : /api/auth/login ===> Message : loginUser() :: Request Object :: [object Object]
info: ===> TimeStamp : 2025-07-05 02:00:59===> API : /api/auth/login ===> Message : loginUserDB() Invoked !
info: ===> TimeStamp : 2025-07-05 02:00:59===> API : /api/auth/login ===> Message : loginUserResponse() invoked!
info: ===> TimeStamp : 2025-07-05 02:00:59===> API : /api/auth/login ===> Message : loginUserResponse() completed
info: ===> TimeStamp : 2025-07-05 02:58:37===> API : null ===> Message : validateRequest() invoked
info: ===> TimeStamp : 2025-07-05 02:58:37===> API : null ===> Message : fetchDBSettings()
info: ===> TimeStamp : 2025-07-05 02:58:37===> API : null ===> Message : validateRequest() Invoked!
info: ===> TimeStamp : 2025-07-05 02:58:37===> API : null ===> Message : validRequest() :: Api validated Successfully
info: ===> TimeStamp : 2025-07-05 02:58:37===> API : /api/auth/logout ===> Message : logoutUser() invoked!!
info: ===> TimeStamp : 2025-07-05 02:58:37===> API : /api/auth/logout ===> Message : logoutUser() :: Request Object :: [object Object]
info: ===> TimeStamp : 2025-07-05 02:58:37===> API : /api/auth/logout ===> Message : logoutUserDB() Invoked !
info: ===> TimeStamp : 2025-07-05 02:58:37===> API : /api/auth/logout ===> Message : logoutUserResponse() invoked!
info: ===> TimeStamp : 2025-07-05 02:58:37===> API : /api/auth/logout ===> Message : logoutUserResponse() completed
info: ===> TimeStamp : 2025-07-05 02:59:46===> API : null ===> Message : validateRequest() invoked
info: ===> TimeStamp : 2025-07-05 02:59:46===> API : null ===> Message : fetchDBSettings()
info: ===> TimeStamp : 2025-07-05 02:59:46===> API : null ===> Message : validateRequest() Invoked!
info: ===> TimeStamp : 2025-07-05 02:59:46===> API : null ===> Message : validateRequest() :: Error :: Helper {"code":"ER_SIGNAL_EXCEPTION","errno":1644,"sqlState":"10003","sqlMessage":"Invalid User Credentials","sql":"CALL usp_validate_request(\n              '/api/auth/logout',\n              'eyJhbGciOiJIUzI1NiIsInR5cCI6IkpXVCJ9.eyJ0aW1lIjoiRnJpIEp1bCAwNCAyMDI1IDE3OjE2OjE4IEdNVCswMDAwIChDb29yZGluYXRlZCBVbml2ZXJzYWwgVGltZSkiLCJ1c2VySWQiOjE0LCJpYXQiOjE3NTE2NDkzNzh9.trCApJsdZ7xSm3xdTL9YxbC0iZMB_DCkiTW5287PUCQ')"}
info: ===> TimeStamp : 2025-07-05 02:59:46===> API : null ===> Message : validateRequest() :: Error :: PP {"ErrorCode":10003,"ErrorMessage":"Invalid User Credentials"}
info: ===> TimeStamp : 2025-07-05 04:00:48===> API : null ===> Message : validateRequest() invoked
info: ===> TimeStamp : 2025-07-05 04:00:48===> API : null ===> Message : validateRequest() Error:: Invalid Request :: 
      {"apiUri":"/"}
info: ===> TimeStamp : 2025-07-05 04:01:20===> API : null ===> Message : validateRequest() invoked
info: ===> TimeStamp : 2025-07-05 04:01:20===> API : null ===> Message : validateRequest() Error:: Invalid Request :: 
      {"apiUri":"/"}
