info: ===> TimeStamp : 2024-11-12 06:54:16===> API : null ===> Message : fetchDBSettings()
info: ===> TimeStamp : 2024-11-12 06:54:16===> API : null ===> Message : validateRequest() invoked
info: ===> TimeStamp : 2024-11-12 06:54:17===> API : null ===> Message : validateRequest() Invoked!
info: ===> TimeStamp : 2024-11-12 06:54:17===> API : null ===> Message : validRequest() :: Api validated Successfully
info: ===> TimeStamp : 2024-11-12 06:54:17===> API : /api/auth/logout ===> Message : logoutUser() :: Request Object :: [object Object]
info: ===> TimeStamp : 2024-11-12 06:54:17===> API : /api/auth/logout ===> Message : logoutUser() invoked!!
info: ===> TimeStamp : 2024-11-12 06:54:17===> API : /api/auth/logout ===> Message : logoutUserDB() Invoked !
info: ===> TimeStamp : 2024-11-12 06:54:17===> API : /api/auth/logout ===> Message : logoutUserResponse() invoked!
info: ===> TimeStamp : 2024-11-12 06:54:17===> API : /api/auth/logout ===> Message : logoutUserResponse() completed
info: ===> TimeStamp : 2024-11-12 06:54:29===> API : null ===> Message : validateRequest() invoked
info: ===> TimeStamp : 2024-11-12 06:54:29===> API : null ===> Message : fetchDBSettings()
info: ===> TimeStamp : 2024-11-12 06:54:29===> API : null ===> Message : validateRequest() Invoked!
info: ===> TimeStamp : 2024-11-12 06:54:29===> API : null ===> Message : validRequest() :: Api validated Successfully
info: ===> TimeStamp : 2024-11-12 06:54:29===> API : /api/auth/validateuser ===> Message : validateUser() invoked!!
info: ===> TimeStamp : 2024-11-12 06:54:29===> API : /api/auth/validateuser ===> Message : validateUser() :: Request Object :: [object Object]
info: ===> TimeStamp : 2024-11-12 06:54:29===> API : /api/auth/validateuser ===> Message : validateUserDB() Invoked !
info: ===> TimeStamp : 2024-11-12 06:54:29===> API : /api/auth/validateuser ===> Message : validateUserResponse() invoked!
info: ===> TimeStamp : 2024-11-12 06:54:29===> API : /api/auth/validateuser ===> Message : validateUserResponse() completed
info: ===> TimeStamp : 2024-11-12 06:54:29===> API : null ===> Message : validateRequest() invoked
info: ===> TimeStamp : 2024-11-12 06:54:29===> API : null ===> Message : fetchDBSettings()
info: ===> TimeStamp : 2024-11-12 06:54:29===> API : null ===> Message : validateRequest() Invoked!
info: ===> TimeStamp : 2024-11-12 06:54:29===> API : null ===> Message : validRequest() :: Api validated Successfully
info: ===> TimeStamp : 2024-11-12 06:54:29===> API : /api/auth/checkIP ===> Message : checkIP() invoked!!
info: ===> TimeStamp : 2024-11-12 06:54:29===> API : /api/auth/checkIP ===> Message : IPs match: 103.255.182.117
info: ===> TimeStamp : 2024-11-12 06:54:29===> API : /api/auth/checkIP ===> Message : checkIPResponse() invoked!
info: ===> TimeStamp : 2024-11-12 06:54:29===> API : /api/auth/checkIP ===> Message : checkIPResponse() completed
info: ===> TimeStamp : 2024-11-12 06:54:29===> API : null ===> Message : validateRequest() invoked
info: ===> TimeStamp : 2024-11-12 06:54:29===> API : null ===> Message : fetchDBSettings()
info: ===> TimeStamp : 2024-11-12 06:54:30===> API : null ===> Message : validateRequest() Invoked!
info: ===> TimeStamp : 2024-11-12 06:54:30===> API : null ===> Message : validRequest() :: Api validated Successfully
info: ===> TimeStamp : 2024-11-12 06:54:30===> API : /api/auth/login ===> Message : loginUser() invoked!!
info: ===> TimeStamp : 2024-11-12 06:54:30===> API : /api/auth/login ===> Message : loginUser() :: Request Object :: [object Object]
info: ===> TimeStamp : 2024-11-12 06:54:30===> API : /api/auth/login ===> Message : loginUserDB() Invoked !
info: ===> TimeStamp : 2024-11-12 06:54:30===> API : /api/auth/login ===> Message : loginUserResponse() invoked!
info: ===> TimeStamp : 2024-11-12 06:54:30===> API : /api/auth/login ===> Message : loginUserResponse() completed
info: ===> TimeStamp : 2024-11-12 06:54:50===> API : null ===> Message : validateRequest() invoked
info: ===> TimeStamp : 2024-11-12 06:54:50===> API : null ===> Message : fetchDBSettings()
info: ===> TimeStamp : 2024-11-12 06:54:50===> API : null ===> Message : validateRequest() Invoked!
info: ===> TimeStamp : 2024-11-12 06:54:50===> API : null ===> Message : validRequest() :: Api validated Successfully
info: ===> TimeStamp : 2024-11-12 06:54:50===> API : /api/auth/validateuser ===> Message : validateUser() invoked!!
info: ===> TimeStamp : 2024-11-12 06:54:50===> API : /api/auth/validateuser ===> Message : validateUser() :: Request Object :: [object Object]
info: ===> TimeStamp : 2024-11-12 06:54:50===> API : /api/auth/validateuser ===> Message : validateUserDB() Invoked !
info: ===> TimeStamp : 2024-11-12 06:54:50===> API : /api/auth/validateuser ===> Message : validateUserResponse() invoked!
info: ===> TimeStamp : 2024-11-12 06:54:50===> API : /api/auth/validateuser ===> Message : validateUserResponse() completed
info: ===> TimeStamp : 2024-11-12 06:54:50===> API : null ===> Message : validateRequest() invoked
info: ===> TimeStamp : 2024-11-12 06:54:50===> API : null ===> Message : fetchDBSettings()
info: ===> TimeStamp : 2024-11-12 06:54:50===> API : null ===> Message : validateRequest() Invoked!
info: ===> TimeStamp : 2024-11-12 06:54:50===> API : null ===> Message : validRequest() :: Api validated Successfully
info: ===> TimeStamp : 2024-11-12 06:54:50===> API : /api/auth/checkIP ===> Message : checkIP() invoked!!
info: ===> TimeStamp : 2024-11-12 06:54:50===> API : /api/auth/checkIP ===> Message : IPs match: 103.255.182.117
info: ===> TimeStamp : 2024-11-12 06:54:50===> API : /api/auth/checkIP ===> Message : checkIPResponse() invoked!
info: ===> TimeStamp : 2024-11-12 06:54:50===> API : /api/auth/checkIP ===> Message : checkIPResponse() completed
info: ===> TimeStamp : 2024-11-12 06:54:50===> API : null ===> Message : validateRequest() invoked
info: ===> TimeStamp : 2024-11-12 06:54:50===> API : null ===> Message : fetchDBSettings()
info: ===> TimeStamp : 2024-11-12 06:54:50===> API : null ===> Message : validateRequest() Invoked!
info: ===> TimeStamp : 2024-11-12 06:54:50===> API : null ===> Message : validRequest() :: Api validated Successfully
info: ===> TimeStamp : 2024-11-12 06:54:50===> API : /api/auth/login ===> Message : loginUser() invoked!!
info: ===> TimeStamp : 2024-11-12 06:54:50===> API : /api/auth/login ===> Message : loginUser() :: Request Object :: [object Object]
info: ===> TimeStamp : 2024-11-12 06:54:50===> API : /api/auth/login ===> Message : loginUserDB() Invoked !
info: ===> TimeStamp : 2024-11-12 06:54:50===> API : /api/auth/login ===> Message : loginUserResponse() invoked!
info: ===> TimeStamp : 2024-11-12 06:54:50===> API : /api/auth/login ===> Message : loginUserResponse() completed
info: ===> TimeStamp : 2024-11-12 08:23:06===> API : null ===> Message : validateRequest() invoked
info: ===> TimeStamp : 2024-11-12 08:23:06===> API : null ===> Message : fetchDBSettings()
info: ===> TimeStamp : 2024-11-12 08:23:06===> API : null ===> Message : validateRequest() Invoked!
info: ===> TimeStamp : 2024-11-12 08:23:06===> API : null ===> Message : validRequest() :: Api validated Successfully
info: ===> TimeStamp : 2024-11-12 08:23:06===> API : /api/auth/validateuser ===> Message : validateUser() invoked!!
info: ===> TimeStamp : 2024-11-12 08:23:06===> API : /api/auth/validateuser ===> Message : validateUser() :: Request Object :: [object Object]
info: ===> TimeStamp : 2024-11-12 08:23:06===> API : /api/auth/validateuser ===> Message : validateUserDB() Invoked !
info: ===> TimeStamp : 2024-11-12 08:23:06===> API : /api/auth/validateuser ===> Message : validateUserResponse() invoked!
info: ===> TimeStamp : 2024-11-12 08:23:06===> API : /api/auth/validateuser ===> Message : validateUserResponse() completed
info: ===> TimeStamp : 2024-11-12 08:23:07===> API : null ===> Message : validateRequest() invoked
info: ===> TimeStamp : 2024-11-12 08:23:07===> API : null ===> Message : fetchDBSettings()
info: ===> TimeStamp : 2024-11-12 08:23:07===> API : null ===> Message : validateRequest() Invoked!
info: ===> TimeStamp : 2024-11-12 08:23:07===> API : null ===> Message : validRequest() :: Api validated Successfully
info: ===> TimeStamp : 2024-11-12 08:23:07===> API : /api/auth/login ===> Message : loginUser() invoked!!
info: ===> TimeStamp : 2024-11-12 08:23:07===> API : /api/auth/login ===> Message : loginUser() :: Request Object :: [object Object]
info: ===> TimeStamp : 2024-11-12 08:23:07===> API : /api/auth/login ===> Message : loginUserDB() Invoked !
info: ===> TimeStamp : 2024-11-12 08:23:07===> API : /api/auth/login ===> Message : loginUserResponse() invoked!
info: ===> TimeStamp : 2024-11-12 08:23:07===> API : /api/auth/login ===> Message : loginUserResponse() completed
info: ===> TimeStamp : 2024-11-12 10:09:27===> API : null ===> Message : validateRequest() invoked
info: ===> TimeStamp : 2024-11-12 10:09:27===> API : null ===> Message : fetchDBSettings()
info: ===> TimeStamp : 2024-11-12 10:09:27===> API : null ===> Message : validateRequest() Invoked!
info: ===> TimeStamp : 2024-11-12 10:09:27===> API : null ===> Message : validRequest() :: Api validated Successfully
info: ===> TimeStamp : 2024-11-12 10:09:27===> API : /api/auth/validateuser ===> Message : validateUser() invoked!!
info: ===> TimeStamp : 2024-11-12 10:09:27===> API : /api/auth/validateuser ===> Message : validateUser() :: Request Object :: [object Object]
info: ===> TimeStamp : 2024-11-12 10:09:27===> API : /api/auth/validateuser ===> Message : validateUserDB() Invoked !
info: ===> TimeStamp : 2024-11-12 10:09:27===> API : /api/auth/validateuser ===> Message : validateUserResponse() invoked!
info: ===> TimeStamp : 2024-11-12 10:09:27===> API : /api/auth/validateuser ===> Message : validateUserResponse() completed
info: ===> TimeStamp : 2024-11-12 10:09:27===> API : null ===> Message : validateRequest() invoked
info: ===> TimeStamp : 2024-11-12 10:09:27===> API : null ===> Message : fetchDBSettings()
info: ===> TimeStamp : 2024-11-12 10:09:27===> API : null ===> Message : validateRequest() Invoked!
info: ===> TimeStamp : 2024-11-12 10:09:27===> API : null ===> Message : validRequest() :: Api validated Successfully
info: ===> TimeStamp : 2024-11-12 10:09:27===> API : /api/auth/login ===> Message : loginUser() invoked!!
info: ===> TimeStamp : 2024-11-12 10:09:27===> API : /api/auth/login ===> Message : loginUser() :: Request Object :: [object Object]
info: ===> TimeStamp : 2024-11-12 10:09:27===> API : /api/auth/login ===> Message : loginUserDB() Invoked !
info: ===> TimeStamp : 2024-11-12 10:09:27===> API : /api/auth/login ===> Message : loginUserResponse() invoked!
info: ===> TimeStamp : 2024-11-12 10:09:27===> API : /api/auth/login ===> Message : loginUserResponse() completed
info: ===> TimeStamp : 2024-11-12 11:06:23===> API : null ===> Message : validateRequest() invoked
info: ===> TimeStamp : 2024-11-12 11:06:23===> API : null ===> Message : fetchDBSettings()
info: ===> TimeStamp : 2024-11-12 11:06:23===> API : null ===> Message : validateRequest() Invoked!
info: ===> TimeStamp : 2024-11-12 11:06:23===> API : null ===> Message : validRequest() :: Api validated Successfully
info: ===> TimeStamp : 2024-11-12 11:06:23===> API : /api/auth/validateuser ===> Message : validateUser() invoked!!
info: ===> TimeStamp : 2024-11-12 11:06:23===> API : /api/auth/validateuser ===> Message : validateUser() :: Request Object :: [object Object]
info: ===> TimeStamp : 2024-11-12 11:06:23===> API : /api/auth/validateuser ===> Message : validateUserDB() Invoked !
info: ===> TimeStamp : 2024-11-12 11:06:23===> API : /api/auth/validateuser ===> Message : validateUserResponse() invoked!
info: ===> TimeStamp : 2024-11-12 11:06:23===> API : /api/auth/validateuser ===> Message : validateUserResponse() completed
info: ===> TimeStamp : 2024-11-12 11:06:23===> API : null ===> Message : validateRequest() invoked
info: ===> TimeStamp : 2024-11-12 11:06:23===> API : null ===> Message : fetchDBSettings()
info: ===> TimeStamp : 2024-11-12 11:06:23===> API : null ===> Message : validateRequest() Invoked!
info: ===> TimeStamp : 2024-11-12 11:06:23===> API : null ===> Message : validRequest() :: Api validated Successfully
info: ===> TimeStamp : 2024-11-12 11:06:23===> API : /api/auth/login ===> Message : loginUser() :: Request Object :: [object Object]
info: ===> TimeStamp : 2024-11-12 11:06:23===> API : /api/auth/login ===> Message : loginUser() invoked!!
info: ===> TimeStamp : 2024-11-12 11:06:23===> API : /api/auth/login ===> Message : loginUserDB() Invoked !
info: ===> TimeStamp : 2024-11-12 11:06:23===> API : /api/auth/login ===> Message : loginUserResponse() invoked!
info: ===> TimeStamp : 2024-11-12 11:06:23===> API : /api/auth/login ===> Message : loginUserResponse() completed
info: ===> TimeStamp : 2024-11-12 11:25:07===> API : null ===> Message : validateRequest() invoked
info: ===> TimeStamp : 2024-11-12 11:25:07===> API : null ===> Message : fetchDBSettings()
info: ===> TimeStamp : 2024-11-12 11:25:07===> API : null ===> Message : validateRequest() Invoked!
info: ===> TimeStamp : 2024-11-12 11:25:07===> API : null ===> Message : validRequest() :: Api validated Successfully
info: ===> TimeStamp : 2024-11-12 11:25:07===> API : /api/auth/validateuser ===> Message : validateUser() invoked!!
info: ===> TimeStamp : 2024-11-12 11:25:07===> API : /api/auth/validateuser ===> Message : validateUser() :: Request Object :: [object Object]
info: ===> TimeStamp : 2024-11-12 11:25:07===> API : /api/auth/validateuser ===> Message : validateUserDB() Invoked !
info: ===> TimeStamp : 2024-11-12 11:25:07===> API : /api/auth/validateuser ===> Message : validateUserResponse() invoked!
info: ===> TimeStamp : 2024-11-12 11:25:07===> API : /api/auth/validateuser ===> Message : validateUserResponse() completed
info: ===> TimeStamp : 2024-11-12 11:25:07===> API : null ===> Message : validateRequest() invoked
info: ===> TimeStamp : 2024-11-12 11:25:07===> API : null ===> Message : fetchDBSettings()
info: ===> TimeStamp : 2024-11-12 11:25:07===> API : null ===> Message : validateRequest() Invoked!
info: ===> TimeStamp : 2024-11-12 11:25:07===> API : null ===> Message : validRequest() :: Api validated Successfully
info: ===> TimeStamp : 2024-11-12 11:25:07===> API : /api/auth/login ===> Message : loginUser() invoked!!
info: ===> TimeStamp : 2024-11-12 11:25:07===> API : /api/auth/login ===> Message : loginUser() :: Request Object :: [object Object]
info: ===> TimeStamp : 2024-11-12 11:25:07===> API : /api/auth/login ===> Message : loginUserDB() Invoked !
info: ===> TimeStamp : 2024-11-12 11:25:07===> API : /api/auth/login ===> Message : loginUserResponse() invoked!
info: ===> TimeStamp : 2024-11-12 11:25:07===> API : /api/auth/login ===> Message : loginUserResponse() completed
info: ===> TimeStamp : 2024-11-12 11:55:40===> API : null ===> Message : fetchDBSettings()
info: ===> TimeStamp : 2024-11-12 11:55:40===> API : null ===> Message : validateRequest() invoked
info: ===> TimeStamp : 2024-11-12 11:55:40===> API : null ===> Message : validateRequest() invoked
info: ===> TimeStamp : 2024-11-12 11:55:40===> API : null ===> Message : fetchDBSettings()
info: ===> TimeStamp : 2024-11-12 11:55:41===> API : null ===> Message : validateRequest() Invoked!
info: ===> TimeStamp : 2024-11-12 11:55:41===> API : null ===> Message : validateRequest() Invoked!
info: ===> TimeStamp : 2024-11-12 11:55:41===> API : null ===> Message : validRequest() :: Api validated Successfully
info: ===> TimeStamp : 2024-11-12 11:55:41===> API : /api/auth/validateuser ===> Message : validateUser() invoked!!
info: ===> TimeStamp : 2024-11-12 11:55:41===> API : /api/auth/validateuser ===> Message : validateUser() :: Request Object :: [object Object]
info: ===> TimeStamp : 2024-11-12 11:55:41===> API : /api/auth/validateuser ===> Message : validateUserDB() Invoked !
info: ===> TimeStamp : 2024-11-12 11:55:41===> API : null ===> Message : validRequest() :: Api validated Successfully
info: ===> TimeStamp : 2024-11-12 11:55:41===> API : /api/auth/validateuser ===> Message : validateUser() invoked!!
info: ===> TimeStamp : 2024-11-12 11:55:41===> API : /api/auth/validateuser ===> Message : validateUser() :: Request Object :: [object Object]
info: ===> TimeStamp : 2024-11-12 11:55:41===> API : /api/auth/validateuser ===> Message : validateUserDB() Invoked !
info: ===> TimeStamp : 2024-11-12 11:55:41===> API : /api/auth/validateuser ===> Message : validateUserResponse() invoked!
info: ===> TimeStamp : 2024-11-12 11:55:41===> API : /api/auth/validateuser ===> Message : validateUserResponse() completed
info: ===> TimeStamp : 2024-11-12 11:55:41===> API : /api/auth/validateuser ===> Message : validateUserResponse() invoked!
info: ===> TimeStamp : 2024-11-12 11:55:41===> API : /api/auth/validateuser ===> Message : validateUserResponse() completed
info: ===> TimeStamp : 2024-11-12 11:55:41===> API : null ===> Message : validateRequest() invoked
info: ===> TimeStamp : 2024-11-12 11:55:41===> API : null ===> Message : fetchDBSettings()
info: ===> TimeStamp : 2024-11-12 11:55:41===> API : null ===> Message : validateRequest() invoked
info: ===> TimeStamp : 2024-11-12 11:55:41===> API : null ===> Message : fetchDBSettings()
info: ===> TimeStamp : 2024-11-12 11:55:41===> API : null ===> Message : validateRequest() Invoked!
info: ===> TimeStamp : 2024-11-12 11:55:41===> API : null ===> Message : validateRequest() Invoked!
info: ===> TimeStamp : 2024-11-12 11:55:41===> API : null ===> Message : validRequest() :: Api validated Successfully
info: ===> TimeStamp : 2024-11-12 11:55:41===> API : /api/auth/login ===> Message : loginUser() invoked!!
info: ===> TimeStamp : 2024-11-12 11:55:41===> API : /api/auth/login ===> Message : loginUser() :: Request Object :: [object Object]
info: ===> TimeStamp : 2024-11-12 11:55:41===> API : /api/auth/login ===> Message : loginUserDB() Invoked !
info: ===> TimeStamp : 2024-11-12 11:55:41===> API : null ===> Message : validRequest() :: Api validated Successfully
info: ===> TimeStamp : 2024-11-12 11:55:41===> API : /api/auth/login ===> Message : loginUser() invoked!!
info: ===> TimeStamp : 2024-11-12 11:55:41===> API : /api/auth/login ===> Message : loginUser() :: Request Object :: [object Object]
info: ===> TimeStamp : 2024-11-12 11:55:41===> API : /api/auth/login ===> Message : loginUserDB() Invoked !
info: ===> TimeStamp : 2024-11-12 11:55:41===> API : /api/auth/login ===> Message : loginUserResponse() invoked!
info: ===> TimeStamp : 2024-11-12 11:55:41===> API : /api/auth/login ===> Message : loginUserResponse() completed
info: ===> TimeStamp : 2024-11-12 11:55:41===> API : /api/auth/login ===> Message : loginUserResponse() invoked!
info: ===> TimeStamp : 2024-11-12 11:55:41===> API : /api/auth/login ===> Message : loginUserResponse() completed
info: ===> TimeStamp : 2024-11-12 14:55:34===> API : null ===> Message : validateRequest() invoked
info: ===> TimeStamp : 2024-11-12 14:55:34===> API : null ===> Message : fetchDBSettings()
info: ===> TimeStamp : 2024-11-12 14:55:34===> API : null ===> Message : validateRequest() Invoked!
info: ===> TimeStamp : 2024-11-12 14:55:34===> API : null ===> Message : validRequest() :: Api validated Successfully
info: ===> TimeStamp : 2024-11-12 14:55:34===> API : /api/auth/logout ===> Message : logoutUser() invoked!!
info: ===> TimeStamp : 2024-11-12 14:55:34===> API : /api/auth/logout ===> Message : logoutUser() :: Request Object :: [object Object]
info: ===> TimeStamp : 2024-11-12 14:55:34===> API : /api/auth/logout ===> Message : logoutUserDB() Invoked !
info: ===> TimeStamp : 2024-11-12 14:55:34===> API : /api/auth/logout ===> Message : logoutUserResponse() completed
info: ===> TimeStamp : 2024-11-12 14:55:34===> API : /api/auth/logout ===> Message : logoutUserResponse() invoked!
info: ===> TimeStamp : 2024-11-12 14:57:27===> API : null ===> Message : validateRequest() invoked
info: ===> TimeStamp : 2024-11-12 14:57:27===> API : null ===> Message : fetchDBSettings()
info: ===> TimeStamp : 2024-11-12 14:57:27===> API : null ===> Message : validateRequest() Invoked!
info: ===> TimeStamp : 2024-11-12 14:57:27===> API : null ===> Message : validRequest() :: Api validated Successfully
info: ===> TimeStamp : 2024-11-12 14:57:27===> API : /api/auth/logout ===> Message : logoutUser() invoked!!
info: ===> TimeStamp : 2024-11-12 14:57:27===> API : /api/auth/logout ===> Message : logoutUser() :: Request Object :: [object Object]
info: ===> TimeStamp : 2024-11-12 14:57:27===> API : /api/auth/logout ===> Message : logoutUserDB() Invoked !
info: ===> TimeStamp : 2024-11-12 14:57:27===> API : /api/auth/logout ===> Message : logoutUserResponse() invoked!
info: ===> TimeStamp : 2024-11-12 14:57:27===> API : /api/auth/logout ===> Message : logoutUserResponse() completed
info: ===> TimeStamp : 2024-11-12 14:57:59===> API : null ===> Message : validateRequest() invoked
info: ===> TimeStamp : 2024-11-12 14:57:59===> API : null ===> Message : fetchDBSettings()
info: ===> TimeStamp : 2024-11-12 14:57:59===> API : null ===> Message : validateRequest() Invoked!
info: ===> TimeStamp : 2024-11-12 14:57:59===> API : null ===> Message : validRequest() :: Api validated Successfully
info: ===> TimeStamp : 2024-11-12 14:57:59===> API : /api/auth/validateuser ===> Message : validateUser() invoked!!
info: ===> TimeStamp : 2024-11-12 14:57:59===> API : /api/auth/validateuser ===> Message : validateUser() :: Request Object :: [object Object]
info: ===> TimeStamp : 2024-11-12 14:57:59===> API : /api/auth/validateuser ===> Message : validateUserDB() Invoked !
info: ===> TimeStamp : 2024-11-12 14:57:59===> API : /api/auth/validateuser ===> Message : validateUserDB() :: Error :: {"code":"ER_SIGNAL_EXCEPTION","errno":1644,"sqlState":"10005","sqlMessage":"User Does Not Exist","sql":"CALL usp_validate_user('ashmita', 'ashmita12')"}
info: ===> TimeStamp : 2024-11-12 14:57:59===> API : /api/auth/validateuser ===> Message : validateUserDBResult :: Error :: {"ErrorCode":10005,"ErrorMessage":"User Does Not Exist"}
info: ===> TimeStamp : 2024-11-12 14:57:59===> API : /api/auth/validateuser ===> Message : validateUserResponse() invoked!
info: ===> TimeStamp : 2024-11-12 14:57:59===> API : /api/auth/validateuser ===> Message : validateUserResponse() completed
info: ===> TimeStamp : 2024-11-12 14:58:15===> API : null ===> Message : validateRequest() invoked
info: ===> TimeStamp : 2024-11-12 14:58:15===> API : null ===> Message : fetchDBSettings()
info: ===> TimeStamp : 2024-11-12 14:58:15===> API : null ===> Message : validateRequest() Invoked!
info: ===> TimeStamp : 2024-11-12 14:58:15===> API : null ===> Message : validRequest() :: Api validated Successfully
info: ===> TimeStamp : 2024-11-12 14:58:15===> API : /api/auth/validateuser ===> Message : validateUser() :: Request Object :: [object Object]
info: ===> TimeStamp : 2024-11-12 14:58:15===> API : /api/auth/validateuser ===> Message : validateUser() invoked!!
info: ===> TimeStamp : 2024-11-12 14:58:15===> API : /api/auth/validateuser ===> Message : validateUserDB() Invoked !
info: ===> TimeStamp : 2024-11-12 14:58:15===> API : /api/auth/validateuser ===> Message : validateUserResponse() invoked!
info: ===> TimeStamp : 2024-11-12 14:58:15===> API : /api/auth/validateuser ===> Message : validateUserResponse() completed
info: ===> TimeStamp : 2024-11-12 14:58:15===> API : null ===> Message : validateRequest() invoked
info: ===> TimeStamp : 2024-11-12 14:58:15===> API : null ===> Message : fetchDBSettings()
info: ===> TimeStamp : 2024-11-12 14:58:15===> API : null ===> Message : validateRequest() Invoked!
info: ===> TimeStamp : 2024-11-12 14:58:15===> API : null ===> Message : validRequest() :: Api validated Successfully
info: ===> TimeStamp : 2024-11-12 14:58:15===> API : /api/auth/checkIP ===> Message : checkIP() invoked!!
info: ===> TimeStamp : 2024-11-12 14:58:15===> API : /api/auth/checkIP ===> Message : IPs match: 103.255.182.117
info: ===> TimeStamp : 2024-11-12 14:58:15===> API : /api/auth/checkIP ===> Message : checkIPResponse() invoked!
info: ===> TimeStamp : 2024-11-12 14:58:15===> API : /api/auth/checkIP ===> Message : checkIPResponse() completed
info: ===> TimeStamp : 2024-11-12 14:58:15===> API : null ===> Message : validateRequest() invoked
info: ===> TimeStamp : 2024-11-12 14:58:15===> API : null ===> Message : fetchDBSettings()
info: ===> TimeStamp : 2024-11-12 14:58:15===> API : null ===> Message : validateRequest() Invoked!
info: ===> TimeStamp : 2024-11-12 14:58:15===> API : null ===> Message : validRequest() :: Api validated Successfully
info: ===> TimeStamp : 2024-11-12 14:58:15===> API : /api/auth/login ===> Message : loginUser() invoked!!
info: ===> TimeStamp : 2024-11-12 14:58:15===> API : /api/auth/login ===> Message : loginUser() :: Request Object :: [object Object]
info: ===> TimeStamp : 2024-11-12 14:58:15===> API : /api/auth/login ===> Message : loginUserDB() Invoked !
info: ===> TimeStamp : 2024-11-12 14:58:15===> API : /api/auth/login ===> Message : loginUserResponse() invoked!
info: ===> TimeStamp : 2024-11-12 14:58:15===> API : /api/auth/login ===> Message : loginUserResponse() completed
info: ===> TimeStamp : 2024-11-12 14:58:30===> API : null ===> Message : validateRequest() invoked
info: ===> TimeStamp : 2024-11-12 14:58:30===> API : null ===> Message : fetchDBSettings()
info: ===> TimeStamp : 2024-11-12 14:58:30===> API : null ===> Message : validateRequest() Invoked!
info: ===> TimeStamp : 2024-11-12 14:58:30===> API : null ===> Message : validRequest() :: Api validated Successfully
info: ===> TimeStamp : 2024-11-12 14:58:30===> API : /api/auth/validateuser ===> Message : validateUser() invoked!!
info: ===> TimeStamp : 2024-11-12 14:58:30===> API : /api/auth/validateuser ===> Message : validateUser() :: Request Object :: [object Object]
info: ===> TimeStamp : 2024-11-12 14:58:30===> API : /api/auth/validateuser ===> Message : validateUserDB() Invoked !
info: ===> TimeStamp : 2024-11-12 14:58:31===> API : /api/auth/validateuser ===> Message : validateUserResponse() invoked!
info: ===> TimeStamp : 2024-11-12 14:58:31===> API : /api/auth/validateuser ===> Message : validateUserResponse() completed
info: ===> TimeStamp : 2024-11-12 14:58:31===> API : null ===> Message : validateRequest() invoked
info: ===> TimeStamp : 2024-11-12 14:58:31===> API : null ===> Message : fetchDBSettings()
info: ===> TimeStamp : 2024-11-12 14:58:31===> API : null ===> Message : validateRequest() Invoked!
info: ===> TimeStamp : 2024-11-12 14:58:31===> API : null ===> Message : validRequest() :: Api validated Successfully
info: ===> TimeStamp : 2024-11-12 14:58:31===> API : /api/auth/checkIP ===> Message : checkIP() invoked!!
info: ===> TimeStamp : 2024-11-12 14:58:31===> API : /api/auth/checkIP ===> Message : IPs match: 103.255.182.117
info: ===> TimeStamp : 2024-11-12 14:58:31===> API : /api/auth/checkIP ===> Message : checkIPResponse() invoked!
info: ===> TimeStamp : 2024-11-12 14:58:31===> API : /api/auth/checkIP ===> Message : checkIPResponse() completed
info: ===> TimeStamp : 2024-11-12 14:58:31===> API : null ===> Message : validateRequest() invoked
info: ===> TimeStamp : 2024-11-12 14:58:31===> API : null ===> Message : fetchDBSettings()
info: ===> TimeStamp : 2024-11-12 14:58:31===> API : null ===> Message : validateRequest() Invoked!
info: ===> TimeStamp : 2024-11-12 14:58:31===> API : null ===> Message : validRequest() :: Api validated Successfully
info: ===> TimeStamp : 2024-11-12 14:58:31===> API : /api/auth/login ===> Message : loginUser() invoked!!
info: ===> TimeStamp : 2024-11-12 14:58:31===> API : /api/auth/login ===> Message : loginUser() :: Request Object :: [object Object]
info: ===> TimeStamp : 2024-11-12 14:58:31===> API : /api/auth/login ===> Message : loginUserDB() Invoked !
info: ===> TimeStamp : 2024-11-12 14:58:31===> API : /api/auth/login ===> Message : loginUserResponse() invoked!
info: ===> TimeStamp : 2024-11-12 14:58:31===> API : /api/auth/login ===> Message : loginUserResponse() completed
info: ===> TimeStamp : 2024-11-12 15:19:16===> API : null ===> Message : fetchDBSettings()
info: ===> TimeStamp : 2024-11-12 15:19:16===> API : null ===> Message : validateRequest() invoked
info: ===> TimeStamp : 2024-11-12 15:19:16===> API : null ===> Message : validateRequest() Invoked!
info: ===> TimeStamp : 2024-11-12 15:19:16===> API : null ===> Message : validRequest() :: Api validated Successfully
info: ===> TimeStamp : 2024-11-12 15:19:16===> API : /api/auth/validateuser ===> Message : validateUser() invoked!!
info: ===> TimeStamp : 2024-11-12 15:19:16===> API : /api/auth/validateuser ===> Message : validateUser() :: Request Object :: [object Object]
info: ===> TimeStamp : 2024-11-12 15:19:16===> API : /api/auth/validateuser ===> Message : validateUserDB() Invoked !
info: ===> TimeStamp : 2024-11-12 15:19:16===> API : /api/auth/validateuser ===> Message : validateUserResponse() invoked!
info: ===> TimeStamp : 2024-11-12 15:19:16===> API : /api/auth/validateuser ===> Message : validateUserResponse() completed
info: ===> TimeStamp : 2024-11-12 15:19:16===> API : null ===> Message : validateRequest() invoked
info: ===> TimeStamp : 2024-11-12 15:19:16===> API : null ===> Message : fetchDBSettings()
info: ===> TimeStamp : 2024-11-12 15:19:16===> API : null ===> Message : validateRequest() Invoked!
info: ===> TimeStamp : 2024-11-12 15:19:17===> API : null ===> Message : validRequest() :: Api validated Successfully
info: ===> TimeStamp : 2024-11-12 15:19:17===> API : /api/auth/login ===> Message : loginUser() invoked!!
info: ===> TimeStamp : 2024-11-12 15:19:17===> API : /api/auth/login ===> Message : loginUser() :: Request Object :: [object Object]
info: ===> TimeStamp : 2024-11-12 15:19:17===> API : /api/auth/login ===> Message : loginUserDB() Invoked !
info: ===> TimeStamp : 2024-11-12 15:19:17===> API : /api/auth/login ===> Message : loginUserResponse() invoked!
info: ===> TimeStamp : 2024-11-12 15:19:17===> API : /api/auth/login ===> Message : loginUserResponse() completed
info: ===> TimeStamp : 2024-11-12 16:13:26===> API : null ===> Message : validateRequest() invoked
info: ===> TimeStamp : 2024-11-12 16:13:26===> API : null ===> Message : fetchDBSettings()
info: ===> TimeStamp : 2024-11-12 16:13:26===> API : null ===> Message : validateRequest() Invoked!
info: ===> TimeStamp : 2024-11-12 16:13:26===> API : null ===> Message : validRequest() :: Api validated Successfully
info: ===> TimeStamp : 2024-11-12 16:13:26===> API : /api/auth/validateuser ===> Message : validateUser() invoked!!
info: ===> TimeStamp : 2024-11-12 16:13:26===> API : /api/auth/validateuser ===> Message : validateUser() :: Request Object :: [object Object]
info: ===> TimeStamp : 2024-11-12 16:13:26===> API : /api/auth/validateuser ===> Message : validateUserDB() Invoked !
info: ===> TimeStamp : 2024-11-12 16:13:26===> API : /api/auth/validateuser ===> Message : validateUserResponse() invoked!
info: ===> TimeStamp : 2024-11-12 16:13:26===> API : /api/auth/validateuser ===> Message : validateUserResponse() completed
info: ===> TimeStamp : 2024-11-12 16:13:26===> API : null ===> Message : validateRequest() invoked
info: ===> TimeStamp : 2024-11-12 16:13:26===> API : null ===> Message : fetchDBSettings()
info: ===> TimeStamp : 2024-11-12 16:13:26===> API : null ===> Message : validateRequest() Invoked!
info: ===> TimeStamp : 2024-11-12 16:13:26===> API : null ===> Message : validRequest() :: Api validated Successfully
info: ===> TimeStamp : 2024-11-12 16:13:26===> API : /api/auth/login ===> Message : loginUser() invoked!!
info: ===> TimeStamp : 2024-11-12 16:13:26===> API : /api/auth/login ===> Message : loginUser() :: Request Object :: [object Object]
info: ===> TimeStamp : 2024-11-12 16:13:26===> API : /api/auth/login ===> Message : loginUserDB() Invoked !
info: ===> TimeStamp : 2024-11-12 16:13:26===> API : /api/auth/login ===> Message : loginUserResponse() invoked!
info: ===> TimeStamp : 2024-11-12 16:13:26===> API : /api/auth/login ===> Message : loginUserResponse() completed
info: ===> TimeStamp : 2024-11-12 16:13:34===> API : null ===> Message : validateRequest() invoked
info: ===> TimeStamp : 2024-11-12 16:13:34===> API : null ===> Message : fetchDBSettings()
info: ===> TimeStamp : 2024-11-12 16:13:34===> API : null ===> Message : validateRequest() Invoked!
info: ===> TimeStamp : 2024-11-12 16:13:34===> API : /api/auth/logout ===> Message : logoutUser() :: Request Object :: [object Object]
info: ===> TimeStamp : 2024-11-12 16:13:34===> API : null ===> Message : validRequest() :: Api validated Successfully
info: ===> TimeStamp : 2024-11-12 16:13:34===> API : /api/auth/logout ===> Message : logoutUser() invoked!!
info: ===> TimeStamp : 2024-11-12 16:13:34===> API : /api/auth/logout ===> Message : logoutUserDB() Invoked !
info: ===> TimeStamp : 2024-11-12 16:13:34===> API : /api/auth/logout ===> Message : logoutUserResponse() invoked!
info: ===> TimeStamp : 2024-11-12 16:13:34===> API : /api/auth/logout ===> Message : logoutUserResponse() completed
info: ===> TimeStamp : 2024-11-12 16:34:09===> API : null ===> Message : validateRequest() invoked
info: ===> TimeStamp : 2024-11-12 16:34:09===> API : null ===> Message : fetchDBSettings()
info: ===> TimeStamp : 2024-11-12 16:34:09===> API : null ===> Message : validateRequest() Invoked!
info: ===> TimeStamp : 2024-11-12 16:34:09===> API : null ===> Message : validRequest() :: Api validated Successfully
info: ===> TimeStamp : 2024-11-12 16:34:09===> API : /api/auth/validateuser ===> Message : validateUser() invoked!!
info: ===> TimeStamp : 2024-11-12 16:34:09===> API : /api/auth/validateuser ===> Message : validateUser() :: Request Object :: [object Object]
info: ===> TimeStamp : 2024-11-12 16:34:09===> API : /api/auth/validateuser ===> Message : validateUserDB() Invoked !
info: ===> TimeStamp : 2024-11-12 16:34:09===> API : /api/auth/validateuser ===> Message : validateUserResponse() invoked!
info: ===> TimeStamp : 2024-11-12 16:34:09===> API : /api/auth/validateuser ===> Message : validateUserResponse() completed
info: ===> TimeStamp : 2024-11-12 16:34:09===> API : null ===> Message : validateRequest() invoked
info: ===> TimeStamp : 2024-11-12 16:34:09===> API : null ===> Message : fetchDBSettings()
info: ===> TimeStamp : 2024-11-12 16:34:09===> API : null ===> Message : validateRequest() Invoked!
info: ===> TimeStamp : 2024-11-12 16:34:09===> API : null ===> Message : validateRequest() invoked
info: ===> TimeStamp : 2024-11-12 16:34:09===> API : null ===> Message : fetchDBSettings()
info: ===> TimeStamp : 2024-11-12 16:34:09===> API : null ===> Message : validRequest() :: Api validated Successfully
info: ===> TimeStamp : 2024-11-12 16:34:09===> API : /api/auth/validateuser ===> Message : validateUser() invoked!!
info: ===> TimeStamp : 2024-11-12 16:34:09===> API : /api/auth/validateuser ===> Message : validateUser() :: Request Object :: [object Object]
info: ===> TimeStamp : 2024-11-12 16:34:09===> API : /api/auth/validateuser ===> Message : validateUserDB() Invoked !
info: ===> TimeStamp : 2024-11-12 16:34:09===> API : null ===> Message : validateRequest() Invoked!
info: ===> TimeStamp : 2024-11-12 16:34:09===> API : /api/auth/validateuser ===> Message : validateUserResponse() invoked!
info: ===> TimeStamp : 2024-11-12 16:34:09===> API : /api/auth/validateuser ===> Message : validateUserResponse() completed
info: ===> TimeStamp : 2024-11-12 16:34:09===> API : null ===> Message : validRequest() :: Api validated Successfully
info: ===> TimeStamp : 2024-11-12 16:34:09===> API : /api/auth/login ===> Message : loginUser() invoked!!
info: ===> TimeStamp : 2024-11-12 16:34:09===> API : /api/auth/login ===> Message : loginUser() :: Request Object :: [object Object]
info: ===> TimeStamp : 2024-11-12 16:34:09===> API : /api/auth/login ===> Message : loginUserDB() Invoked !
info: ===> TimeStamp : 2024-11-12 16:34:09===> API : null ===> Message : validateRequest() invoked
info: ===> TimeStamp : 2024-11-12 16:34:09===> API : null ===> Message : fetchDBSettings()
info: ===> TimeStamp : 2024-11-12 16:34:09===> API : null ===> Message : validateRequest() Invoked!
info: ===> TimeStamp : 2024-11-12 16:34:09===> API : /api/auth/login ===> Message : loginUserResponse() invoked!
info: ===> TimeStamp : 2024-11-12 16:34:09===> API : /api/auth/login ===> Message : loginUserResponse() completed
info: ===> TimeStamp : 2024-11-12 16:34:09===> API : null ===> Message : validRequest() :: Api validated Successfully
info: ===> TimeStamp : 2024-11-12 16:34:09===> API : /api/auth/login ===> Message : loginUser() invoked!!
info: ===> TimeStamp : 2024-11-12 16:34:09===> API : /api/auth/login ===> Message : loginUser() :: Request Object :: [object Object]
info: ===> TimeStamp : 2024-11-12 16:34:09===> API : /api/auth/login ===> Message : loginUserDB() Invoked !
info: ===> TimeStamp : 2024-11-12 16:34:09===> API : /api/auth/login ===> Message : loginUserResponse() invoked!
info: ===> TimeStamp : 2024-11-12 16:34:09===> API : /api/auth/login ===> Message : loginUserResponse() completed
info: ===> TimeStamp : 2024-11-12 17:01:29===> API : null ===> Message : validateRequest() invoked
info: ===> TimeStamp : 2024-11-12 17:01:29===> API : null ===> Message : validateRequest() Error:: Invalid Request :: 
      {"apiUri":"/"}
info: ===> TimeStamp : 2024-11-12 17:04:39===> API : null ===> Message : validateRequest() invoked
info: ===> TimeStamp : 2024-11-12 17:04:39===> API : null ===> Message : validateRequest() Error:: Invalid Request :: 
      {"apiUri":"/"}
info: ===> TimeStamp : 2024-11-12 18:07:20===> API : null ===> Message : validateRequest() invoked
info: ===> TimeStamp : 2024-11-12 18:07:20===> API : null ===> Message : validateRequest() Error:: Invalid Request :: 
      {"apiUri":"/"}
info: ===> TimeStamp : 2024-11-12 18:07:23===> API : null ===> Message : validateRequest() invoked
info: ===> TimeStamp : 2024-11-12 18:07:23===> API : null ===> Message : validateRequest() Error:: Invalid Request :: 
      {"apiUri":"/"}
info: ===> TimeStamp : 2024-11-12 18:07:23===> API : null ===> Message : validateRequest() invoked
info: ===> TimeStamp : 2024-11-12 18:07:23===> API : null ===> Message : validateRequest() Error:: Invalid Request :: 
      {"apiUri":"/php-cgi/php-cgi.exe"}
info: ===> TimeStamp : 2024-11-12 18:07:24===> API : null ===> Message : validateRequest() invoked
info: ===> TimeStamp : 2024-11-12 18:07:24===> API : null ===> Message : validateRequest() Error:: Invalid Request :: 
      {"apiUri":"/server"}
info: ===> TimeStamp : 2024-11-12 18:07:24===> API : null ===> Message : validateRequest() invoked
info: ===> TimeStamp : 2024-11-12 18:07:24===> API : null ===> Message : validateRequest() Error:: Invalid Request :: 
      {"apiUri":"/.vscode/sftp.json"}
info: ===> TimeStamp : 2024-11-12 18:07:25===> API : null ===> Message : validateRequest() invoked
info: ===> TimeStamp : 2024-11-12 18:07:25===> API : null ===> Message : validateRequest() Error:: Invalid Request :: 
      {"apiUri":"/about"}
info: ===> TimeStamp : 2024-11-12 18:07:25===> API : null ===> Message : validateRequest() invoked
info: ===> TimeStamp : 2024-11-12 18:07:25===> API : null ===> Message : validateRequest() Error:: Invalid Request :: 
      {"apiUri":"/debug/default/view"}
info: ===> TimeStamp : 2024-11-12 18:07:26===> API : null ===> Message : validateRequest() invoked
info: ===> TimeStamp : 2024-11-12 18:07:26===> API : null ===> Message : validateRequest() Error:: Invalid Request :: 
      {"apiUri":"/v2/_catalog"}
info: ===> TimeStamp : 2024-11-12 18:07:26===> API : null ===> Message : validateRequest() invoked
info: ===> TimeStamp : 2024-11-12 18:07:26===> API : null ===> Message : validateRequest() Error:: Invalid Request :: 
      {"apiUri":"/ecp/Current/exporttool/microsoft.exchange.ediscovery.exporttool.application"}
info: ===> TimeStamp : 2024-11-12 18:07:27===> API : null ===> Message : validateRequest() invoked
info: ===> TimeStamp : 2024-11-12 18:07:27===> API : null ===> Message : validateRequest() Error:: Invalid Request :: 
      {"apiUri":"/server-status"}
info: ===> TimeStamp : 2024-11-12 18:07:27===> API : null ===> Message : validateRequest() invoked
info: ===> TimeStamp : 2024-11-12 18:07:27===> API : null ===> Message : validateRequest() Error:: Invalid Request :: 
      {"apiUri":"/login.action"}
info: ===> TimeStamp : 2024-11-12 18:07:27===> API : null ===> Message : validateRequest() invoked
info: ===> TimeStamp : 2024-11-12 18:07:27===> API : null ===> Message : validateRequest() Error:: Invalid Request :: 
      {"apiUri":"/_all_dbs"}
info: ===> TimeStamp : 2024-11-12 18:07:28===> API : null ===> Message : validateRequest() invoked
info: ===> TimeStamp : 2024-11-12 18:07:28===> API : null ===> Message : validateRequest() Error:: Invalid Request :: 
      {"apiUri":"/.DS_Store"}
info: ===> TimeStamp : 2024-11-12 18:07:28===> API : null ===> Message : validateRequest() invoked
info: ===> TimeStamp : 2024-11-12 18:07:28===> API : null ===> Message : validateRequest() Error:: Invalid Request :: 
      {"apiUri":"/.env"}
info: ===> TimeStamp : 2024-11-12 18:07:29===> API : null ===> Message : validateRequest() invoked
info: ===> TimeStamp : 2024-11-12 18:07:29===> API : null ===> Message : validateRequest() Error:: Invalid Request :: 
      {"apiUri":"/.git/config"}
info: ===> TimeStamp : 2024-11-12 18:07:29===> API : null ===> Message : validateRequest() invoked
info: ===> TimeStamp : 2024-11-12 18:07:29===> API : null ===> Message : validateRequest() Error:: Invalid Request :: 
      {"apiUri":"/s/535313e27313e273e233/_/;/META-INF/maven/com.atlassian.jira/jira-webapp-dist/pom.properties"}
info: ===> TimeStamp : 2024-11-12 18:07:30===> API : null ===> Message : validateRequest() invoked
info: ===> TimeStamp : 2024-11-12 18:07:30===> API : null ===> Message : validateRequest() Error:: Invalid Request :: 
      {"apiUri":"/config.json"}
info: ===> TimeStamp : 2024-11-12 18:07:30===> API : null ===> Message : validateRequest() invoked
info: ===> TimeStamp : 2024-11-12 18:07:30===> API : null ===> Message : validateRequest() Error:: Invalid Request :: 
      {"apiUri":"/telescope/requests"}
info: ===> TimeStamp : 2024-11-12 18:07:31===> API : null ===> Message : validateRequest() invoked
info: ===> TimeStamp : 2024-11-12 18:07:31===> API : null ===> Message : validateRequest() Error:: Invalid Request :: 
      {"apiUri":"/"}
info: ===> TimeStamp : 2024-11-12 18:49:49===> API : null ===> Message : validateRequest() invoked
info: ===> TimeStamp : 2024-11-12 18:49:49===> API : null ===> Message : fetchDBSettings()
info: ===> TimeStamp : 2024-11-12 18:49:49===> API : null ===> Message : validateRequest() Invoked!
info: ===> TimeStamp : 2024-11-12 18:49:49===> API : null ===> Message : validRequest() :: Api validated Successfully
info: ===> TimeStamp : 2024-11-12 18:49:49===> API : /api/auth/validateuser ===> Message : validateUser() invoked!!
info: ===> TimeStamp : 2024-11-12 18:49:49===> API : /api/auth/validateuser ===> Message : validateUser() :: Request Object :: [object Object]
info: ===> TimeStamp : 2024-11-12 18:49:49===> API : /api/auth/validateuser ===> Message : validateUserDB() Invoked !
info: ===> TimeStamp : 2024-11-12 18:49:49===> API : /api/auth/validateuser ===> Message : validateUserResponse() invoked!
info: ===> TimeStamp : 2024-11-12 18:49:49===> API : /api/auth/validateuser ===> Message : validateUserResponse() completed
info: ===> TimeStamp : 2024-11-12 18:49:49===> API : null ===> Message : validateRequest() invoked
info: ===> TimeStamp : 2024-11-12 18:49:49===> API : null ===> Message : fetchDBSettings()
info: ===> TimeStamp : 2024-11-12 18:49:49===> API : null ===> Message : validateRequest() Invoked!
info: ===> TimeStamp : 2024-11-12 18:49:49===> API : null ===> Message : validRequest() :: Api validated Successfully
info: ===> TimeStamp : 2024-11-12 18:49:49===> API : /api/auth/login ===> Message : loginUser() invoked!!
info: ===> TimeStamp : 2024-11-12 18:49:49===> API : /api/auth/login ===> Message : loginUser() :: Request Object :: [object Object]
info: ===> TimeStamp : 2024-11-12 18:49:49===> API : /api/auth/login ===> Message : loginUserDB() Invoked !
info: ===> TimeStamp : 2024-11-12 18:49:49===> API : /api/auth/login ===> Message : loginUserResponse() invoked!
info: ===> TimeStamp : 2024-11-12 18:49:49===> API : /api/auth/login ===> Message : loginUserResponse() completed
info: ===> TimeStamp : 2024-11-12 19:22:58===> API : null ===> Message : validateRequest() invoked
info: ===> TimeStamp : 2024-11-12 19:22:58===> API : null ===> Message : fetchDBSettings()
info: ===> TimeStamp : 2024-11-12 19:22:58===> API : null ===> Message : validateRequest() Invoked!
info: ===> TimeStamp : 2024-11-12 19:22:58===> API : null ===> Message : validRequest() :: Api validated Successfully
info: ===> TimeStamp : 2024-11-12 19:22:58===> API : /api/auth/validateuser ===> Message : validateUser() invoked!!
info: ===> TimeStamp : 2024-11-12 19:22:58===> API : /api/auth/validateuser ===> Message : validateUser() :: Request Object :: [object Object]
info: ===> TimeStamp : 2024-11-12 19:22:58===> API : /api/auth/validateuser ===> Message : validateUserDB() Invoked !
info: ===> TimeStamp : 2024-11-12 19:22:58===> API : /api/auth/validateuser ===> Message : validateUserResponse() invoked!
info: ===> TimeStamp : 2024-11-12 19:22:58===> API : /api/auth/validateuser ===> Message : validateUserResponse() completed
info: ===> TimeStamp : 2024-11-12 19:22:58===> API : null ===> Message : validateRequest() invoked
info: ===> TimeStamp : 2024-11-12 19:22:58===> API : null ===> Message : fetchDBSettings()
info: ===> TimeStamp : 2024-11-12 19:22:58===> API : null ===> Message : validateRequest() Invoked!
info: ===> TimeStamp : 2024-11-12 19:22:58===> API : null ===> Message : validRequest() :: Api validated Successfully
info: ===> TimeStamp : 2024-11-12 19:22:58===> API : /api/auth/login ===> Message : loginUser() invoked!!
info: ===> TimeStamp : 2024-11-12 19:22:58===> API : /api/auth/login ===> Message : loginUserDB() Invoked !
info: ===> TimeStamp : 2024-11-12 19:22:58===> API : /api/auth/login ===> Message : loginUser() :: Request Object :: [object Object]
info: ===> TimeStamp : 2024-11-12 19:22:58===> API : /api/auth/login ===> Message : loginUserResponse() invoked!
info: ===> TimeStamp : 2024-11-12 19:22:58===> API : /api/auth/login ===> Message : loginUserResponse() completed
info: ===> TimeStamp : 2024-11-12 19:30:39===> API : null ===> Message : fetchDBSettings()
info: ===> TimeStamp : 2024-11-12 19:30:39===> API : null ===> Message : validateRequest() invoked
info: ===> TimeStamp : 2024-11-12 19:30:39===> API : null ===> Message : validateRequest() Invoked!
info: ===> TimeStamp : 2024-11-12 19:30:40===> API : null ===> Message : validRequest() :: Api validated Successfully
info: ===> TimeStamp : 2024-11-12 19:30:40===> API : /api/auth/validateuser ===> Message : validateUser() invoked!!
info: ===> TimeStamp : 2024-11-12 19:30:40===> API : /api/auth/validateuser ===> Message : validateUser() :: Request Object :: [object Object]
info: ===> TimeStamp : 2024-11-12 19:30:40===> API : /api/auth/validateuser ===> Message : validateUserDB() Invoked !
info: ===> TimeStamp : 2024-11-12 19:30:40===> API : /api/auth/validateuser ===> Message : validateUserResponse() invoked!
info: ===> TimeStamp : 2024-11-12 19:30:40===> API : /api/auth/validateuser ===> Message : validateUserResponse() completed
info: ===> TimeStamp : 2024-11-12 19:30:40===> API : null ===> Message : validateRequest() invoked
info: ===> TimeStamp : 2024-11-12 19:30:40===> API : null ===> Message : fetchDBSettings()
info: ===> TimeStamp : 2024-11-12 19:30:40===> API : null ===> Message : validateRequest() Invoked!
info: ===> TimeStamp : 2024-11-12 19:30:40===> API : null ===> Message : validRequest() :: Api validated Successfully
info: ===> TimeStamp : 2024-11-12 19:30:40===> API : /api/auth/login ===> Message : loginUser() invoked!!
info: ===> TimeStamp : 2024-11-12 19:30:40===> API : /api/auth/login ===> Message : loginUser() :: Request Object :: [object Object]
info: ===> TimeStamp : 2024-11-12 19:30:40===> API : /api/auth/login ===> Message : loginUserDB() Invoked !
info: ===> TimeStamp : 2024-11-12 19:30:40===> API : /api/auth/login ===> Message : loginUserResponse() invoked!
info: ===> TimeStamp : 2024-11-12 19:30:40===> API : /api/auth/login ===> Message : loginUserResponse() completed
info: ===> TimeStamp : 2024-11-12 19:31:02===> API : null ===> Message : validateRequest() invoked
info: ===> TimeStamp : 2024-11-12 19:31:02===> API : null ===> Message : fetchDBSettings()
info: ===> TimeStamp : 2024-11-12 19:31:02===> API : null ===> Message : validateRequest() Invoked!
info: ===> TimeStamp : 2024-11-12 19:31:02===> API : null ===> Message : validRequest() :: Api validated Successfully
info: ===> TimeStamp : 2024-11-12 19:31:02===> API : /api/auth/validateuser ===> Message : validateUser() invoked!!
info: ===> TimeStamp : 2024-11-12 19:31:02===> API : /api/auth/validateuser ===> Message : validateUser() :: Request Object :: [object Object]
info: ===> TimeStamp : 2024-11-12 19:31:02===> API : /api/auth/validateuser ===> Message : validateUserDB() Invoked !
info: ===> TimeStamp : 2024-11-12 19:31:02===> API : /api/auth/validateuser ===> Message : validateUserResponse() invoked!
info: ===> TimeStamp : 2024-11-12 19:31:02===> API : /api/auth/validateuser ===> Message : validateUserResponse() completed
info: ===> TimeStamp : 2024-11-12 19:31:02===> API : null ===> Message : validateRequest() invoked
info: ===> TimeStamp : 2024-11-12 19:31:02===> API : null ===> Message : fetchDBSettings()
info: ===> TimeStamp : 2024-11-12 19:31:02===> API : null ===> Message : validateRequest() Invoked!
info: ===> TimeStamp : 2024-11-12 19:31:03===> API : null ===> Message : validRequest() :: Api validated Successfully
info: ===> TimeStamp : 2024-11-12 19:31:03===> API : /api/auth/login ===> Message : loginUser() invoked!!
info: ===> TimeStamp : 2024-11-12 19:31:03===> API : /api/auth/login ===> Message : loginUser() :: Request Object :: [object Object]
info: ===> TimeStamp : 2024-11-12 19:31:03===> API : /api/auth/login ===> Message : loginUserDB() Invoked !
info: ===> TimeStamp : 2024-11-12 19:31:03===> API : /api/auth/login ===> Message : loginUserResponse() invoked!
info: ===> TimeStamp : 2024-11-12 19:31:03===> API : /api/auth/login ===> Message : loginUserResponse() completed
info: ===> TimeStamp : 2024-11-12 20:36:09===> API : null ===> Message : validateRequest() invoked
info: ===> TimeStamp : 2024-11-12 20:36:09===> API : null ===> Message : fetchDBSettings()
info: ===> TimeStamp : 2024-11-12 20:36:09===> API : null ===> Message : validateRequest() Invoked!
info: ===> TimeStamp : 2024-11-12 20:36:09===> API : null ===> Message : validRequest() :: Api validated Successfully
info: ===> TimeStamp : 2024-11-12 20:36:09===> API : /api/auth/validateuser ===> Message : validateUser() invoked!!
info: ===> TimeStamp : 2024-11-12 20:36:09===> API : /api/auth/validateuser ===> Message : validateUser() :: Request Object :: [object Object]
info: ===> TimeStamp : 2024-11-12 20:36:09===> API : /api/auth/validateuser ===> Message : validateUserDB() Invoked !
info: ===> TimeStamp : 2024-11-12 20:36:09===> API : /api/auth/validateuser ===> Message : validateUserResponse() invoked!
info: ===> TimeStamp : 2024-11-12 20:36:09===> API : /api/auth/validateuser ===> Message : validateUserResponse() completed
info: ===> TimeStamp : 2024-11-12 20:36:09===> API : null ===> Message : validateRequest() invoked
info: ===> TimeStamp : 2024-11-12 20:36:09===> API : null ===> Message : fetchDBSettings()
info: ===> TimeStamp : 2024-11-12 20:36:09===> API : null ===> Message : validateRequest() Invoked!
info: ===> TimeStamp : 2024-11-12 20:36:09===> API : /api/auth/login ===> Message : loginUser() invoked!!
info: ===> TimeStamp : 2024-11-12 20:36:09===> API : null ===> Message : validRequest() :: Api validated Successfully
info: ===> TimeStamp : 2024-11-12 20:36:09===> API : /api/auth/login ===> Message : loginUser() :: Request Object :: [object Object]
info: ===> TimeStamp : 2024-11-12 20:36:09===> API : /api/auth/login ===> Message : loginUserDB() Invoked !
info: ===> TimeStamp : 2024-11-12 20:36:09===> API : /api/auth/login ===> Message : loginUserResponse() invoked!
info: ===> TimeStamp : 2024-11-12 20:36:09===> API : /api/auth/login ===> Message : loginUserResponse() completed
info: ===> TimeStamp : 2024-11-12 21:06:20===> API : null ===> Message : validateRequest() invoked
info: ===> TimeStamp : 2024-11-12 21:06:20===> API : null ===> Message : fetchDBSettings()
info: ===> TimeStamp : 2024-11-12 21:06:20===> API : null ===> Message : validateRequest() Invoked!
info: ===> TimeStamp : 2024-11-12 21:06:20===> API : null ===> Message : validRequest() :: Api validated Successfully
info: ===> TimeStamp : 2024-11-12 21:06:20===> API : /api/auth/validateuser ===> Message : validateUser() invoked!!
info: ===> TimeStamp : 2024-11-12 21:06:20===> API : /api/auth/validateuser ===> Message : validateUser() :: Request Object :: [object Object]
info: ===> TimeStamp : 2024-11-12 21:06:20===> API : /api/auth/validateuser ===> Message : validateUserDB() Invoked !
info: ===> TimeStamp : 2024-11-12 21:06:20===> API : /api/auth/validateuser ===> Message : validateUserResponse() invoked!
info: ===> TimeStamp : 2024-11-12 21:06:20===> API : /api/auth/validateuser ===> Message : validateUserResponse() completed
info: ===> TimeStamp : 2024-11-12 21:06:21===> API : null ===> Message : validateRequest() invoked
info: ===> TimeStamp : 2024-11-12 21:06:21===> API : null ===> Message : fetchDBSettings()
info: ===> TimeStamp : 2024-11-12 21:06:21===> API : null ===> Message : validateRequest() Invoked!
info: ===> TimeStamp : 2024-11-12 21:06:21===> API : null ===> Message : validRequest() :: Api validated Successfully
info: ===> TimeStamp : 2024-11-12 21:06:21===> API : /api/auth/login ===> Message : loginUser() invoked!!
info: ===> TimeStamp : 2024-11-12 21:06:21===> API : /api/auth/login ===> Message : loginUser() :: Request Object :: [object Object]
info: ===> TimeStamp : 2024-11-12 21:06:21===> API : /api/auth/login ===> Message : loginUserDB() Invoked !
info: ===> TimeStamp : 2024-11-12 21:06:21===> API : /api/auth/login ===> Message : loginUserResponse() invoked!
info: ===> TimeStamp : 2024-11-12 21:06:21===> API : /api/auth/login ===> Message : loginUserResponse() completed
info: ===> TimeStamp : 2024-11-12 21:24:27===> API : null ===> Message : validateRequest() invoked
info: ===> TimeStamp : 2024-11-12 21:24:27===> API : null ===> Message : fetchDBSettings()
info: ===> TimeStamp : 2024-11-12 21:24:27===> API : null ===> Message : validateRequest() Invoked!
info: ===> TimeStamp : 2024-11-12 21:24:27===> API : null ===> Message : validRequest() :: Api validated Successfully
info: ===> TimeStamp : 2024-11-12 21:24:27===> API : /api/auth/validateuser ===> Message : validateUser() invoked!!
info: ===> TimeStamp : 2024-11-12 21:24:27===> API : /api/auth/validateuser ===> Message : validateUser() :: Request Object :: [object Object]
info: ===> TimeStamp : 2024-11-12 21:24:27===> API : /api/auth/validateuser ===> Message : validateUserDB() Invoked !
info: ===> TimeStamp : 2024-11-12 21:24:27===> API : /api/auth/validateuser ===> Message : validateUserResponse() invoked!
info: ===> TimeStamp : 2024-11-12 21:24:27===> API : /api/auth/validateuser ===> Message : validateUserResponse() completed
info: ===> TimeStamp : 2024-11-12 21:24:27===> API : null ===> Message : validateRequest() invoked
info: ===> TimeStamp : 2024-11-12 21:24:27===> API : null ===> Message : fetchDBSettings()
info: ===> TimeStamp : 2024-11-12 21:24:27===> API : null ===> Message : validateRequest() Invoked!
info: ===> TimeStamp : 2024-11-12 21:24:27===> API : null ===> Message : validRequest() :: Api validated Successfully
info: ===> TimeStamp : 2024-11-12 21:24:27===> API : /api/auth/login ===> Message : loginUser() invoked!!
info: ===> TimeStamp : 2024-11-12 21:24:27===> API : /api/auth/login ===> Message : loginUser() :: Request Object :: [object Object]
info: ===> TimeStamp : 2024-11-12 21:24:27===> API : /api/auth/login ===> Message : loginUserDB() Invoked !
info: ===> TimeStamp : 2024-11-12 21:24:27===> API : /api/auth/login ===> Message : loginUserResponse() invoked!
info: ===> TimeStamp : 2024-11-12 21:24:27===> API : /api/auth/login ===> Message : loginUserResponse() completed
info: ===> TimeStamp : 2024-11-12 21:57:32===> API : null ===> Message : validateRequest() invoked
info: ===> TimeStamp : 2024-11-12 21:57:32===> API : null ===> Message : fetchDBSettings()
info: ===> TimeStamp : 2024-11-12 21:57:32===> API : null ===> Message : validateRequest() Invoked!
info: ===> TimeStamp : 2024-11-12 21:57:32===> API : null ===> Message : validRequest() :: Api validated Successfully
info: ===> TimeStamp : 2024-11-12 21:57:32===> API : /api/auth/logout ===> Message : logoutUser() invoked!!
info: ===> TimeStamp : 2024-11-12 21:57:32===> API : /api/auth/logout ===> Message : logoutUser() :: Request Object :: [object Object]
info: ===> TimeStamp : 2024-11-12 21:57:32===> API : /api/auth/logout ===> Message : logoutUserDB() Invoked !
info: ===> TimeStamp : 2024-11-12 21:57:32===> API : /api/auth/logout ===> Message : logoutUserResponse() invoked!
info: ===> TimeStamp : 2024-11-12 21:57:32===> API : /api/auth/logout ===> Message : logoutUserResponse() completed
info: ===> TimeStamp : 2024-11-12 21:58:23===> API : null ===> Message : validateRequest() invoked
info: ===> TimeStamp : 2024-11-12 21:58:23===> API : null ===> Message : fetchDBSettings()
info: ===> TimeStamp : 2024-11-12 21:58:23===> API : null ===> Message : validateRequest() Invoked!
info: ===> TimeStamp : 2024-11-12 21:58:23===> API : null ===> Message : validRequest() :: Api validated Successfully
info: ===> TimeStamp : 2024-11-12 21:58:23===> API : /api/auth/logout ===> Message : logoutUser() invoked!!
info: ===> TimeStamp : 2024-11-12 21:58:23===> API : /api/auth/logout ===> Message : logoutUser() :: Request Object :: [object Object]
info: ===> TimeStamp : 2024-11-12 21:58:23===> API : /api/auth/logout ===> Message : logoutUserDB() Invoked !
info: ===> TimeStamp : 2024-11-12 21:58:23===> API : /api/auth/logout ===> Message : logoutUserResponse() invoked!
info: ===> TimeStamp : 2024-11-12 21:58:23===> API : /api/auth/logout ===> Message : logoutUserResponse() completed
info: ===> TimeStamp : 2024-11-12 21:58:30===> API : null ===> Message : validateRequest() invoked
info: ===> TimeStamp : 2024-11-12 21:58:30===> API : null ===> Message : fetchDBSettings()
info: ===> TimeStamp : 2024-11-12 21:58:30===> API : null ===> Message : validateRequest() Invoked!
info: ===> TimeStamp : 2024-11-12 21:58:30===> API : null ===> Message : validRequest() :: Api validated Successfully
info: ===> TimeStamp : 2024-11-12 21:58:30===> API : /api/auth/validateuser ===> Message : validateUser() invoked!!
info: ===> TimeStamp : 2024-11-12 21:58:30===> API : /api/auth/validateuser ===> Message : validateUser() :: Request Object :: [object Object]
info: ===> TimeStamp : 2024-11-12 21:58:30===> API : /api/auth/validateuser ===> Message : validateUserDB() Invoked !
info: ===> TimeStamp : 2024-11-12 21:58:30===> API : /api/auth/validateuser ===> Message : validateUserResponse() invoked!
info: ===> TimeStamp : 2024-11-12 21:58:30===> API : /api/auth/validateuser ===> Message : validateUserResponse() completed
info: ===> TimeStamp : 2024-11-12 21:58:30===> API : null ===> Message : validateRequest() invoked
info: ===> TimeStamp : 2024-11-12 21:58:30===> API : null ===> Message : fetchDBSettings()
info: ===> TimeStamp : 2024-11-12 21:58:30===> API : null ===> Message : validateRequest() Invoked!
info: ===> TimeStamp : 2024-11-12 21:58:30===> API : null ===> Message : validRequest() :: Api validated Successfully
info: ===> TimeStamp : 2024-11-12 21:58:30===> API : /api/auth/checkIP ===> Message : checkIP() invoked!!
info: ===> TimeStamp : 2024-11-12 21:58:30===> API : /api/auth/checkIP ===> Message : IPs match: 103.255.182.117
info: ===> TimeStamp : 2024-11-12 21:58:30===> API : /api/auth/checkIP ===> Message : checkIPResponse() invoked!
info: ===> TimeStamp : 2024-11-12 21:58:30===> API : /api/auth/checkIP ===> Message : checkIPResponse() completed
info: ===> TimeStamp : 2024-11-12 21:58:30===> API : null ===> Message : validateRequest() invoked
info: ===> TimeStamp : 2024-11-12 21:58:30===> API : null ===> Message : fetchDBSettings()
info: ===> TimeStamp : 2024-11-12 21:58:30===> API : null ===> Message : validateRequest() Invoked!
info: ===> TimeStamp : 2024-11-12 21:58:30===> API : null ===> Message : validRequest() :: Api validated Successfully
info: ===> TimeStamp : 2024-11-12 21:58:30===> API : /api/auth/login ===> Message : loginUser() invoked!!
info: ===> TimeStamp : 2024-11-12 21:58:30===> API : /api/auth/login ===> Message : loginUser() :: Request Object :: [object Object]
info: ===> TimeStamp : 2024-11-12 21:58:30===> API : /api/auth/login ===> Message : loginUserDB() Invoked !
info: ===> TimeStamp : 2024-11-12 21:58:30===> API : /api/auth/login ===> Message : loginUserResponse() invoked!
info: ===> TimeStamp : 2024-11-12 21:58:30===> API : /api/auth/login ===> Message : loginUserResponse() completed
info: ===> TimeStamp : 2024-11-12 22:00:02===> API : null ===> Message : validateRequest() invoked
info: ===> TimeStamp : 2024-11-12 22:00:02===> API : null ===> Message : fetchDBSettings()
info: ===> TimeStamp : 2024-11-12 22:00:02===> API : null ===> Message : validateRequest() Invoked!
info: ===> TimeStamp : 2024-11-12 22:00:02===> API : null ===> Message : validRequest() :: Api validated Successfully
info: ===> TimeStamp : 2024-11-12 22:00:02===> API : /api/auth/validateuser ===> Message : validateUser() invoked!!
info: ===> TimeStamp : 2024-11-12 22:00:02===> API : /api/auth/validateuser ===> Message : validateUser() :: Request Object :: [object Object]
info: ===> TimeStamp : 2024-11-12 22:00:02===> API : /api/auth/validateuser ===> Message : validateUserDB() Invoked !
info: ===> TimeStamp : 2024-11-12 22:00:02===> API : /api/auth/validateuser ===> Message : validateUserResponse() invoked!
info: ===> TimeStamp : 2024-11-12 22:00:02===> API : /api/auth/validateuser ===> Message : validateUserResponse() completed
info: ===> TimeStamp : 2024-11-12 22:00:02===> API : null ===> Message : validateRequest() invoked
info: ===> TimeStamp : 2024-11-12 22:00:02===> API : null ===> Message : fetchDBSettings()
info: ===> TimeStamp : 2024-11-12 22:00:02===> API : null ===> Message : validateRequest() Invoked!
info: ===> TimeStamp : 2024-11-12 22:00:02===> API : null ===> Message : validRequest() :: Api validated Successfully
info: ===> TimeStamp : 2024-11-12 22:00:02===> API : /api/auth/checkIP ===> Message : checkIP() invoked!!
info: ===> TimeStamp : 2024-11-12 22:00:02===> API : /api/auth/checkIP ===> Message : IPs match: 103.255.182.117
info: ===> TimeStamp : 2024-11-12 22:00:02===> API : /api/auth/checkIP ===> Message : checkIPResponse() invoked!
info: ===> TimeStamp : 2024-11-12 22:00:02===> API : /api/auth/checkIP ===> Message : checkIPResponse() completed
info: ===> TimeStamp : 2024-11-12 22:00:02===> API : null ===> Message : validateRequest() invoked
info: ===> TimeStamp : 2024-11-12 22:00:02===> API : null ===> Message : fetchDBSettings()
info: ===> TimeStamp : 2024-11-12 22:00:02===> API : null ===> Message : validateRequest() Invoked!
info: ===> TimeStamp : 2024-11-12 22:00:02===> API : /api/auth/login ===> Message : loginUser() invoked!!
info: ===> TimeStamp : 2024-11-12 22:00:02===> API : /api/auth/login ===> Message : loginUser() :: Request Object :: [object Object]
info: ===> TimeStamp : 2024-11-12 22:00:02===> API : null ===> Message : validRequest() :: Api validated Successfully
info: ===> TimeStamp : 2024-11-12 22:00:02===> API : /api/auth/login ===> Message : loginUserDB() Invoked !
info: ===> TimeStamp : 2024-11-12 22:00:03===> API : /api/auth/login ===> Message : loginUserResponse() invoked!
info: ===> TimeStamp : 2024-11-12 22:00:03===> API : /api/auth/login ===> Message : loginUserResponse() completed
info: ===> TimeStamp : 2024-11-12 22:31:10===> API : null ===> Message : validateRequest() invoked
info: ===> TimeStamp : 2024-11-12 22:31:10===> API : null ===> Message : fetchDBSettings()
info: ===> TimeStamp : 2024-11-12 22:31:10===> API : null ===> Message : validateRequest() Invoked!
info: ===> TimeStamp : 2024-11-12 22:31:10===> API : null ===> Message : validRequest() :: Api validated Successfully
info: ===> TimeStamp : 2024-11-12 22:31:10===> API : /api/auth/validateuser ===> Message : validateUser() invoked!!
info: ===> TimeStamp : 2024-11-12 22:31:10===> API : /api/auth/validateuser ===> Message : validateUser() :: Request Object :: [object Object]
info: ===> TimeStamp : 2024-11-12 22:31:10===> API : /api/auth/validateuser ===> Message : validateUserDB() Invoked !
info: ===> TimeStamp : 2024-11-12 22:31:10===> API : /api/auth/validateuser ===> Message : validateUserResponse() invoked!
info: ===> TimeStamp : 2024-11-12 22:31:10===> API : /api/auth/validateuser ===> Message : validateUserResponse() completed
info: ===> TimeStamp : 2024-11-12 22:31:10===> API : null ===> Message : validateRequest() invoked
info: ===> TimeStamp : 2024-11-12 22:31:10===> API : null ===> Message : fetchDBSettings()
info: ===> TimeStamp : 2024-11-12 22:31:10===> API : null ===> Message : validateRequest() Invoked!
info: ===> TimeStamp : 2024-11-12 22:31:10===> API : null ===> Message : validRequest() :: Api validated Successfully
info: ===> TimeStamp : 2024-11-12 22:31:10===> API : /api/auth/login ===> Message : loginUser() invoked!!
info: ===> TimeStamp : 2024-11-12 22:31:10===> API : /api/auth/login ===> Message : loginUser() :: Request Object :: [object Object]
info: ===> TimeStamp : 2024-11-12 22:31:10===> API : /api/auth/login ===> Message : loginUserDB() Invoked !
info: ===> TimeStamp : 2024-11-12 22:31:10===> API : /api/auth/login ===> Message : loginUserResponse() invoked!
info: ===> TimeStamp : 2024-11-12 22:31:10===> API : /api/auth/login ===> Message : loginUserResponse() completed
info: ===> TimeStamp : 2024-11-12 22:34:27===> API : null ===> Message : validateRequest() invoked
info: ===> TimeStamp : 2024-11-12 22:34:27===> API : null ===> Message : fetchDBSettings()
info: ===> TimeStamp : 2024-11-12 22:34:27===> API : null ===> Message : validateRequest() Invoked!
info: ===> TimeStamp : 2024-11-12 22:34:27===> API : null ===> Message : validRequest() :: Api validated Successfully
info: ===> TimeStamp : 2024-11-12 22:34:27===> API : /api/auth/validateuser ===> Message : validateUser() :: Request Object :: [object Object]
info: ===> TimeStamp : 2024-11-12 22:34:27===> API : /api/auth/validateuser ===> Message : validateUser() invoked!!
info: ===> TimeStamp : 2024-11-12 22:34:27===> API : /api/auth/validateuser ===> Message : validateUserDB() Invoked !
info: ===> TimeStamp : 2024-11-12 22:34:27===> API : /api/auth/validateuser ===> Message : validateUserResponse() invoked!
info: ===> TimeStamp : 2024-11-12 22:34:27===> API : /api/auth/validateuser ===> Message : validateUserResponse() completed
info: ===> TimeStamp : 2024-11-12 22:34:27===> API : null ===> Message : validateRequest() invoked
info: ===> TimeStamp : 2024-11-12 22:34:27===> API : null ===> Message : fetchDBSettings()
info: ===> TimeStamp : 2024-11-12 22:34:27===> API : null ===> Message : validateRequest() Invoked!
info: ===> TimeStamp : 2024-11-12 22:34:27===> API : null ===> Message : validRequest() :: Api validated Successfully
info: ===> TimeStamp : 2024-11-12 22:34:27===> API : /api/auth/login ===> Message : loginUser() invoked!!
info: ===> TimeStamp : 2024-11-12 22:34:27===> API : /api/auth/login ===> Message : loginUser() :: Request Object :: [object Object]
info: ===> TimeStamp : 2024-11-12 22:34:27===> API : /api/auth/login ===> Message : loginUserDB() Invoked !
info: ===> TimeStamp : 2024-11-12 22:34:27===> API : /api/auth/login ===> Message : loginUserResponse() invoked!
info: ===> TimeStamp : 2024-11-12 22:34:27===> API : /api/auth/login ===> Message : loginUserResponse() completed
info: ===> TimeStamp : 2024-11-12 23:01:14===> API : null ===> Message : validateRequest() invoked
info: ===> TimeStamp : 2024-11-12 23:01:14===> API : null ===> Message : fetchDBSettings()
info: ===> TimeStamp : 2024-11-12 23:01:14===> API : null ===> Message : validateRequest() Invoked!
info: ===> TimeStamp : 2024-11-12 23:01:14===> API : null ===> Message : validRequest() :: Api validated Successfully
info: ===> TimeStamp : 2024-11-12 23:01:14===> API : /api/auth/validateuser ===> Message : validateUser() invoked!!
info: ===> TimeStamp : 2024-11-12 23:01:14===> API : /api/auth/validateuser ===> Message : validateUser() :: Request Object :: [object Object]
info: ===> TimeStamp : 2024-11-12 23:01:14===> API : /api/auth/validateuser ===> Message : validateUserDB() Invoked !
info: ===> TimeStamp : 2024-11-12 23:01:14===> API : /api/auth/validateuser ===> Message : validateUserResponse() invoked!
info: ===> TimeStamp : 2024-11-12 23:01:14===> API : /api/auth/validateuser ===> Message : validateUserResponse() completed
info: ===> TimeStamp : 2024-11-12 23:01:14===> API : null ===> Message : validateRequest() invoked
info: ===> TimeStamp : 2024-11-12 23:01:14===> API : null ===> Message : fetchDBSettings()
info: ===> TimeStamp : 2024-11-12 23:01:14===> API : null ===> Message : validateRequest() Invoked!
info: ===> TimeStamp : 2024-11-12 23:01:14===> API : null ===> Message : validRequest() :: Api validated Successfully
info: ===> TimeStamp : 2024-11-12 23:01:14===> API : /api/auth/login ===> Message : loginUser() invoked!!
info: ===> TimeStamp : 2024-11-12 23:01:14===> API : /api/auth/login ===> Message : loginUser() :: Request Object :: [object Object]
info: ===> TimeStamp : 2024-11-12 23:01:14===> API : /api/auth/login ===> Message : loginUserDB() Invoked !
info: ===> TimeStamp : 2024-11-12 23:01:14===> API : /api/auth/login ===> Message : loginUserResponse() invoked!
info: ===> TimeStamp : 2024-11-12 23:01:14===> API : /api/auth/login ===> Message : loginUserResponse() completed
info: ===> TimeStamp : 2024-11-13 00:33:08===> API : null ===> Message : validateRequest() invoked
info: ===> TimeStamp : 2024-11-13 00:33:08===> API : null ===> Message : fetchDBSettings()
info: ===> TimeStamp : 2024-11-13 00:33:08===> API : null ===> Message : validateRequest() Invoked!
info: ===> TimeStamp : 2024-11-13 00:33:08===> API : null ===> Message : validRequest() :: Api validated Successfully
info: ===> TimeStamp : 2024-11-13 00:33:08===> API : /api/auth/validateuser ===> Message : validateUser() :: Request Object :: [object Object]
info: ===> TimeStamp : 2024-11-13 00:33:08===> API : /api/auth/validateuser ===> Message : validateUser() invoked!!
info: ===> TimeStamp : 2024-11-13 00:33:08===> API : /api/auth/validateuser ===> Message : validateUserDB() Invoked !
info: ===> TimeStamp : 2024-11-13 00:33:08===> API : /api/auth/validateuser ===> Message : validateUserResponse() invoked!
info: ===> TimeStamp : 2024-11-13 00:33:08===> API : /api/auth/validateuser ===> Message : validateUserResponse() completed
info: ===> TimeStamp : 2024-11-13 00:33:09===> API : null ===> Message : validateRequest() invoked
info: ===> TimeStamp : 2024-11-13 00:33:09===> API : null ===> Message : fetchDBSettings()
info: ===> TimeStamp : 2024-11-13 00:33:09===> API : null ===> Message : validateRequest() Invoked!
info: ===> TimeStamp : 2024-11-13 00:33:09===> API : null ===> Message : validRequest() :: Api validated Successfully
info: ===> TimeStamp : 2024-11-13 00:33:09===> API : /api/auth/login ===> Message : loginUser() invoked!!
info: ===> TimeStamp : 2024-11-13 00:33:09===> API : /api/auth/login ===> Message : loginUser() :: Request Object :: [object Object]
info: ===> TimeStamp : 2024-11-13 00:33:09===> API : /api/auth/login ===> Message : loginUserDB() Invoked !
info: ===> TimeStamp : 2024-11-13 00:33:09===> API : /api/auth/login ===> Message : loginUserResponse() invoked!
info: ===> TimeStamp : 2024-11-13 00:33:09===> API : /api/auth/login ===> Message : loginUserResponse() completed
info: ===> TimeStamp : 2024-11-13 00:45:09===> API : null ===> Message : validateRequest() invoked
info: ===> TimeStamp : 2024-11-13 00:45:09===> API : null ===> Message : fetchDBSettings()
info: ===> TimeStamp : 2024-11-13 00:45:10===> API : null ===> Message : validateRequest() Invoked!
info: ===> TimeStamp : 2024-11-13 00:45:10===> API : null ===> Message : validRequest() :: Api validated Successfully
info: ===> TimeStamp : 2024-11-13 00:45:10===> API : /api/auth/validateuser ===> Message : validateUser() :: Request Object :: [object Object]
info: ===> TimeStamp : 2024-11-13 00:45:10===> API : /api/auth/validateuser ===> Message : validateUser() invoked!!
info: ===> TimeStamp : 2024-11-13 00:45:10===> API : /api/auth/validateuser ===> Message : validateUserDB() Invoked !
info: ===> TimeStamp : 2024-11-13 00:45:10===> API : /api/auth/validateuser ===> Message : validateUserResponse() invoked!
info: ===> TimeStamp : 2024-11-13 00:45:10===> API : /api/auth/validateuser ===> Message : validateUserResponse() completed
info: ===> TimeStamp : 2024-11-13 00:45:10===> API : null ===> Message : validateRequest() invoked
info: ===> TimeStamp : 2024-11-13 00:45:10===> API : null ===> Message : fetchDBSettings()
info: ===> TimeStamp : 2024-11-13 00:45:10===> API : null ===> Message : validateRequest() Invoked!
info: ===> TimeStamp : 2024-11-13 00:45:10===> API : null ===> Message : validRequest() :: Api validated Successfully
info: ===> TimeStamp : 2024-11-13 00:45:10===> API : /api/auth/login ===> Message : loginUser() invoked!!
info: ===> TimeStamp : 2024-11-13 00:45:10===> API : /api/auth/login ===> Message : loginUser() :: Request Object :: [object Object]
info: ===> TimeStamp : 2024-11-13 00:45:10===> API : /api/auth/login ===> Message : loginUserDB() Invoked !
info: ===> TimeStamp : 2024-11-13 00:45:10===> API : /api/auth/login ===> Message : loginUserResponse() invoked!
info: ===> TimeStamp : 2024-11-13 00:45:10===> API : /api/auth/login ===> Message : loginUserResponse() completed
info: ===> TimeStamp : 2024-11-13 01:06:30===> API : null ===> Message : validateRequest() invoked
info: ===> TimeStamp : 2024-11-13 01:06:30===> API : null ===> Message : validateRequest() Error:: Invalid Request :: 
      {"apiUri":"/"}
info: ===> TimeStamp : 2024-11-13 02:20:15===> API : null ===> Message : fetchDBSettings()
info: ===> TimeStamp : 2024-11-13 02:20:15===> API : null ===> Message : validateRequest() invoked
info: ===> TimeStamp : 2024-11-13 02:20:15===> API : null ===> Message : validateRequest() Invoked!
info: ===> TimeStamp : 2024-11-13 02:20:15===> API : /api/auth/validateuser ===> Message : validateUser() invoked!!
info: ===> TimeStamp : 2024-11-13 02:20:15===> API : /api/auth/validateuser ===> Message : validateUser() :: Request Object :: [object Object]
info: ===> TimeStamp : 2024-11-13 02:20:15===> API : null ===> Message : validRequest() :: Api validated Successfully
info: ===> TimeStamp : 2024-11-13 02:20:15===> API : /api/auth/validateuser ===> Message : validateUserDB() Invoked !
info: ===> TimeStamp : 2024-11-13 02:20:15===> API : /api/auth/validateuser ===> Message : validateUserResponse() invoked!
info: ===> TimeStamp : 2024-11-13 02:20:15===> API : /api/auth/validateuser ===> Message : validateUserResponse() completed
info: ===> TimeStamp : 2024-11-13 02:20:15===> API : null ===> Message : validateRequest() invoked
info: ===> TimeStamp : 2024-11-13 02:20:15===> API : null ===> Message : fetchDBSettings()
info: ===> TimeStamp : 2024-11-13 02:20:15===> API : null ===> Message : validateRequest() Invoked!
info: ===> TimeStamp : 2024-11-13 02:20:15===> API : null ===> Message : validRequest() :: Api validated Successfully
info: ===> TimeStamp : 2024-11-13 02:20:15===> API : /api/auth/login ===> Message : loginUser() invoked!!
info: ===> TimeStamp : 2024-11-13 02:20:15===> API : /api/auth/login ===> Message : loginUser() :: Request Object :: [object Object]
info: ===> TimeStamp : 2024-11-13 02:20:15===> API : /api/auth/login ===> Message : loginUserDB() Invoked !
info: ===> TimeStamp : 2024-11-13 02:20:15===> API : /api/auth/login ===> Message : loginUserResponse() invoked!
info: ===> TimeStamp : 2024-11-13 02:20:15===> API : /api/auth/login ===> Message : loginUserResponse() completed
info: ===> TimeStamp : 2024-11-13 03:06:39===> API : null ===> Message : validateRequest() invoked
info: ===> TimeStamp : 2024-11-13 03:06:39===> API : null ===> Message : fetchDBSettings()
info: ===> TimeStamp : 2024-11-13 03:06:39===> API : null ===> Message : validateRequest() Invoked!
info: ===> TimeStamp : 2024-11-13 03:06:39===> API : null ===> Message : validRequest() :: Api validated Successfully
info: ===> TimeStamp : 2024-11-13 03:06:39===> API : /api/auth/logout ===> Message : logoutUser() invoked!!
info: ===> TimeStamp : 2024-11-13 03:06:39===> API : /api/auth/logout ===> Message : logoutUser() :: Request Object :: [object Object]
info: ===> TimeStamp : 2024-11-13 03:06:39===> API : /api/auth/logout ===> Message : logoutUserDB() Invoked !
info: ===> TimeStamp : 2024-11-13 03:06:39===> API : /api/auth/logout ===> Message : logoutUserResponse() invoked!
info: ===> TimeStamp : 2024-11-13 03:06:39===> API : /api/auth/logout ===> Message : logoutUserResponse() completed
info: ===> TimeStamp : 2024-11-13 03:09:18===> API : null ===> Message : validateRequest() invoked
info: ===> TimeStamp : 2024-11-13 03:09:18===> API : null ===> Message : fetchDBSettings()
info: ===> TimeStamp : 2024-11-13 03:09:18===> API : null ===> Message : validateRequest() Invoked!
info: ===> TimeStamp : 2024-11-13 03:09:18===> API : null ===> Message : validRequest() :: Api validated Successfully
info: ===> TimeStamp : 2024-11-13 03:09:18===> API : /api/auth/validateuser ===> Message : validateUser() invoked!!
info: ===> TimeStamp : 2024-11-13 03:09:18===> API : /api/auth/validateuser ===> Message : validateUser() :: Request Object :: [object Object]
info: ===> TimeStamp : 2024-11-13 03:09:18===> API : /api/auth/validateuser ===> Message : validateUserDB() Invoked !
info: ===> TimeStamp : 2024-11-13 03:09:18===> API : /api/auth/validateuser ===> Message : validateUserResponse() invoked!
info: ===> TimeStamp : 2024-11-13 03:09:18===> API : /api/auth/validateuser ===> Message : validateUserResponse() completed
info: ===> TimeStamp : 2024-11-13 03:09:18===> API : null ===> Message : validateRequest() invoked
info: ===> TimeStamp : 2024-11-13 03:09:18===> API : null ===> Message : fetchDBSettings()
info: ===> TimeStamp : 2024-11-13 03:09:18===> API : null ===> Message : validateRequest() Invoked!
info: ===> TimeStamp : 2024-11-13 03:09:18===> API : null ===> Message : validRequest() :: Api validated Successfully
info: ===> TimeStamp : 2024-11-13 03:09:18===> API : /api/auth/checkIP ===> Message : checkIP() invoked!!
info: ===> TimeStamp : 2024-11-13 03:09:18===> API : /api/auth/checkIP ===> Message : IPs match: 103.255.182.117
info: ===> TimeStamp : 2024-11-13 03:09:18===> API : /api/auth/checkIP ===> Message : checkIPResponse() invoked!
info: ===> TimeStamp : 2024-11-13 03:09:18===> API : /api/auth/checkIP ===> Message : checkIPResponse() completed
info: ===> TimeStamp : 2024-11-13 03:09:18===> API : null ===> Message : validateRequest() invoked
info: ===> TimeStamp : 2024-11-13 03:09:18===> API : null ===> Message : fetchDBSettings()
info: ===> TimeStamp : 2024-11-13 03:09:18===> API : null ===> Message : validateRequest() Invoked!
info: ===> TimeStamp : 2024-11-13 03:09:18===> API : null ===> Message : validRequest() :: Api validated Successfully
info: ===> TimeStamp : 2024-11-13 03:09:18===> API : /api/auth/login ===> Message : loginUser() invoked!!
info: ===> TimeStamp : 2024-11-13 03:09:18===> API : /api/auth/login ===> Message : loginUser() :: Request Object :: [object Object]
info: ===> TimeStamp : 2024-11-13 03:09:18===> API : /api/auth/login ===> Message : loginUserDB() Invoked !
info: ===> TimeStamp : 2024-11-13 03:09:18===> API : /api/auth/login ===> Message : loginUserResponse() invoked!
info: ===> TimeStamp : 2024-11-13 03:09:18===> API : /api/auth/login ===> Message : loginUserResponse() completed
info: ===> TimeStamp : 2024-11-13 03:20:49===> API : null ===> Message : validateRequest() invoked
info: ===> TimeStamp : 2024-11-13 03:20:49===> API : null ===> Message : fetchDBSettings()
info: ===> TimeStamp : 2024-11-13 03:20:49===> API : null ===> Message : validateRequest() Invoked!
info: ===> TimeStamp : 2024-11-13 03:20:49===> API : null ===> Message : validRequest() :: Api validated Successfully
info: ===> TimeStamp : 2024-11-13 03:20:49===> API : /api/auth/logout ===> Message : logoutUser() invoked!!
info: ===> TimeStamp : 2024-11-13 03:20:49===> API : /api/auth/logout ===> Message : logoutUser() :: Request Object :: [object Object]
info: ===> TimeStamp : 2024-11-13 03:20:49===> API : /api/auth/logout ===> Message : logoutUserDB() Invoked !
info: ===> TimeStamp : 2024-11-13 03:20:49===> API : /api/auth/logout ===> Message : logoutUserResponse() invoked!
info: ===> TimeStamp : 2024-11-13 03:20:49===> API : /api/auth/logout ===> Message : logoutUserResponse() completed
info: ===> TimeStamp : 2024-11-13 03:21:00===> API : null ===> Message : validateRequest() invoked
info: ===> TimeStamp : 2024-11-13 03:21:00===> API : null ===> Message : fetchDBSettings()
info: ===> TimeStamp : 2024-11-13 03:21:00===> API : null ===> Message : validateRequest() Invoked!
info: ===> TimeStamp : 2024-11-13 03:21:00===> API : null ===> Message : validRequest() :: Api validated Successfully
info: ===> TimeStamp : 2024-11-13 03:21:00===> API : /api/auth/validateuser ===> Message : validateUser() invoked!!
info: ===> TimeStamp : 2024-11-13 03:21:00===> API : /api/auth/validateuser ===> Message : validateUser() :: Request Object :: [object Object]
info: ===> TimeStamp : 2024-11-13 03:21:00===> API : /api/auth/validateuser ===> Message : validateUserDB() Invoked !
info: ===> TimeStamp : 2024-11-13 03:21:00===> API : /api/auth/validateuser ===> Message : validateUserResponse() invoked!
info: ===> TimeStamp : 2024-11-13 03:21:00===> API : /api/auth/validateuser ===> Message : validateUserResponse() completed
info: ===> TimeStamp : 2024-11-13 03:21:00===> API : null ===> Message : validateRequest() invoked
info: ===> TimeStamp : 2024-11-13 03:21:00===> API : null ===> Message : fetchDBSettings()
info: ===> TimeStamp : 2024-11-13 03:21:00===> API : null ===> Message : validateRequest() Invoked!
info: ===> TimeStamp : 2024-11-13 03:21:00===> API : null ===> Message : validRequest() :: Api validated Successfully
info: ===> TimeStamp : 2024-11-13 03:21:00===> API : /api/auth/checkIP ===> Message : IPs match: 103.255.182.117
info: ===> TimeStamp : 2024-11-13 03:21:00===> API : /api/auth/checkIP ===> Message : checkIP() invoked!!
info: ===> TimeStamp : 2024-11-13 03:21:00===> API : /api/auth/checkIP ===> Message : checkIPResponse() invoked!
info: ===> TimeStamp : 2024-11-13 03:21:00===> API : /api/auth/checkIP ===> Message : checkIPResponse() completed
info: ===> TimeStamp : 2024-11-13 03:21:00===> API : null ===> Message : validateRequest() invoked
info: ===> TimeStamp : 2024-11-13 03:21:00===> API : null ===> Message : fetchDBSettings()
info: ===> TimeStamp : 2024-11-13 03:21:00===> API : null ===> Message : validateRequest() Invoked!
info: ===> TimeStamp : 2024-11-13 03:21:00===> API : null ===> Message : validRequest() :: Api validated Successfully
info: ===> TimeStamp : 2024-11-13 03:21:00===> API : /api/auth/login ===> Message : loginUser() invoked!!
info: ===> TimeStamp : 2024-11-13 03:21:00===> API : /api/auth/login ===> Message : loginUser() :: Request Object :: [object Object]
info: ===> TimeStamp : 2024-11-13 03:21:00===> API : /api/auth/login ===> Message : loginUserDB() Invoked !
info: ===> TimeStamp : 2024-11-13 03:21:00===> API : /api/auth/login ===> Message : loginUserResponse() invoked!
info: ===> TimeStamp : 2024-11-13 03:21:00===> API : /api/auth/login ===> Message : loginUserResponse() completed
