info: ===> TimeStamp : 2025-04-23 06:12:35===> API : null ===> Message : validateRequest() invoked
info: ===> TimeStamp : 2025-04-23 06:12:35===> API : null ===> Message : fetchDBSettings()
info: ===> TimeStamp : 2025-04-23 06:12:35===> API : null ===> Message : validateRequest() Invoked!
info: ===> TimeStamp : 2025-04-23 06:12:35===> API : null ===> Message : validRequest() :: Api validated Successfully
info: ===> TimeStamp : 2025-04-23 06:12:35===> API : /api/auth/validateuser ===> Message : validateUser() invoked!!
info: ===> TimeStamp : 2025-04-23 06:12:35===> API : /api/auth/validateuser ===> Message : validateUser() :: Request Object :: [object Object]
info: ===> TimeStamp : 2025-04-23 06:12:35===> API : /api/auth/validateuser ===> Message : validateUserDB() Invoked !
info: ===> TimeStamp : 2025-04-23 06:12:35===> API : /api/auth/validateuser ===> Message : validateUserResponse() invoked!
info: ===> TimeStamp : 2025-04-23 06:12:35===> API : /api/auth/validateuser ===> Message : validateUserResponse() completed
info: ===> TimeStamp : 2025-04-23 06:12:35===> API : null ===> Message : validateRequest() invoked
info: ===> TimeStamp : 2025-04-23 06:12:35===> API : null ===> Message : fetchDBSettings()
info: ===> TimeStamp : 2025-04-23 06:12:35===> API : null ===> Message : validateRequest() Invoked!
info: ===> TimeStamp : 2025-04-23 06:12:35===> API : null ===> Message : validRequest() :: Api validated Successfully
info: ===> TimeStamp : 2025-04-23 06:12:35===> API : /api/auth/checkIP ===> Message : checkIP() invoked!!
info: ===> TimeStamp : 2025-04-23 06:12:35===> API : /api/auth/checkIP ===> Message : IPs match: 103.225.102.194
info: ===> TimeStamp : 2025-04-23 06:12:35===> API : /api/auth/checkIP ===> Message : checkIPResponse() invoked!
info: ===> TimeStamp : 2025-04-23 06:12:35===> API : /api/auth/checkIP ===> Message : checkIPResponse() completed
info: ===> TimeStamp : 2025-04-23 06:12:35===> API : null ===> Message : validateRequest() invoked
info: ===> TimeStamp : 2025-04-23 06:12:35===> API : null ===> Message : fetchDBSettings()
info: ===> TimeStamp : 2025-04-23 06:12:35===> API : null ===> Message : validateRequest() Invoked!
info: ===> TimeStamp : 2025-04-23 06:12:35===> API : null ===> Message : validRequest() :: Api validated Successfully
info: ===> TimeStamp : 2025-04-23 06:12:35===> API : /api/auth/login ===> Message : loginUser() invoked!!
info: ===> TimeStamp : 2025-04-23 06:12:35===> API : /api/auth/login ===> Message : loginUser() :: Request Object :: [object Object]
info: ===> TimeStamp : 2025-04-23 06:12:35===> API : /api/auth/login ===> Message : loginUserDB() Invoked !
info: ===> TimeStamp : 2025-04-23 06:12:35===> API : /api/auth/login ===> Message : loginUserResponse() invoked!
info: ===> TimeStamp : 2025-04-23 06:12:35===> API : /api/auth/login ===> Message : loginUserResponse() completed
info: ===> TimeStamp : 2025-04-23 06:16:33===> API : null ===> Message : validateRequest() Error:: Invalid Request :: 
      {"apiUri":"/"}
info: ===> TimeStamp : 2025-04-23 06:16:33===> API : null ===> Message : validateRequest() invoked
info: ===> TimeStamp : 2025-04-23 06:56:25===> API : null ===> Message : validateRequest() invoked
info: ===> TimeStamp : 2025-04-23 06:56:25===> API : null ===> Message : fetchDBSettings()
info: ===> TimeStamp : 2025-04-23 06:56:25===> API : null ===> Message : validateRequest() Invoked!
info: ===> TimeStamp : 2025-04-23 06:56:25===> API : null ===> Message : validRequest() :: Api validated Successfully
info: ===> TimeStamp : 2025-04-23 06:56:25===> API : /api/auth/logout ===> Message : logoutUser() invoked!!
info: ===> TimeStamp : 2025-04-23 06:56:25===> API : /api/auth/logout ===> Message : logoutUser() :: Request Object :: [object Object]
info: ===> TimeStamp : 2025-04-23 06:56:25===> API : /api/auth/logout ===> Message : logoutUserDB() Invoked !
info: ===> TimeStamp : 2025-04-23 06:56:25===> API : /api/auth/logout ===> Message : logoutUserResponse() invoked!
info: ===> TimeStamp : 2025-04-23 06:56:25===> API : /api/auth/logout ===> Message : logoutUserResponse() completed
info: ===> TimeStamp : 2025-04-23 06:58:42===> API : null ===> Message : validateRequest() invoked
info: ===> TimeStamp : 2025-04-23 06:58:42===> API : null ===> Message : fetchDBSettings()
info: ===> TimeStamp : 2025-04-23 06:58:42===> API : null ===> Message : validateRequest() Invoked!
info: ===> TimeStamp : 2025-04-23 06:58:42===> API : null ===> Message : validRequest() :: Api validated Successfully
info: ===> TimeStamp : 2025-04-23 06:58:42===> API : /api/auth/logout ===> Message : logoutUser() invoked!!
info: ===> TimeStamp : 2025-04-23 06:58:42===> API : /api/auth/logout ===> Message : logoutUser() :: Request Object :: [object Object]
info: ===> TimeStamp : 2025-04-23 06:58:42===> API : /api/auth/logout ===> Message : logoutUserDB() Invoked !
info: ===> TimeStamp : 2025-04-23 06:58:42===> API : /api/auth/logout ===> Message : logoutUserResponse() invoked!
info: ===> TimeStamp : 2025-04-23 06:58:42===> API : /api/auth/logout ===> Message : logoutUserResponse() completed
info: ===> TimeStamp : 2025-04-23 06:58:54===> API : null ===> Message : validateRequest() invoked
info: ===> TimeStamp : 2025-04-23 06:58:54===> API : null ===> Message : fetchDBSettings()
info: ===> TimeStamp : 2025-04-23 06:58:54===> API : null ===> Message : validateRequest() Invoked!
info: ===> TimeStamp : 2025-04-23 06:58:54===> API : null ===> Message : validRequest() :: Api validated Successfully
info: ===> TimeStamp : 2025-04-23 06:58:54===> API : /api/auth/validateuser ===> Message : validateUser() invoked!!
info: ===> TimeStamp : 2025-04-23 06:58:54===> API : /api/auth/validateuser ===> Message : validateUser() :: Request Object :: [object Object]
info: ===> TimeStamp : 2025-04-23 06:58:54===> API : /api/auth/validateuser ===> Message : validateUserDB() Invoked !
info: ===> TimeStamp : 2025-04-23 06:58:54===> API : /api/auth/validateuser ===> Message : validateUserResponse() invoked!
info: ===> TimeStamp : 2025-04-23 06:58:54===> API : /api/auth/validateuser ===> Message : validateUserResponse() completed
info: ===> TimeStamp : 2025-04-23 06:58:54===> API : null ===> Message : validateRequest() invoked
info: ===> TimeStamp : 2025-04-23 06:58:54===> API : null ===> Message : fetchDBSettings()
info: ===> TimeStamp : 2025-04-23 06:58:54===> API : null ===> Message : validateRequest() Invoked!
info: ===> TimeStamp : 2025-04-23 06:58:54===> API : null ===> Message : validRequest() :: Api validated Successfully
info: ===> TimeStamp : 2025-04-23 06:58:54===> API : /api/auth/checkIP ===> Message : checkIP() invoked!!
info: ===> TimeStamp : 2025-04-23 06:58:54===> API : /api/auth/checkIP ===> Message : IPs match: 103.225.102.194
info: ===> TimeStamp : 2025-04-23 06:58:54===> API : /api/auth/checkIP ===> Message : checkIPResponse() invoked!
info: ===> TimeStamp : 2025-04-23 06:58:54===> API : /api/auth/checkIP ===> Message : checkIPResponse() completed
info: ===> TimeStamp : 2025-04-23 06:58:54===> API : null ===> Message : validateRequest() invoked
info: ===> TimeStamp : 2025-04-23 06:58:54===> API : null ===> Message : fetchDBSettings()
info: ===> TimeStamp : 2025-04-23 06:58:54===> API : null ===> Message : validateRequest() Invoked!
info: ===> TimeStamp : 2025-04-23 06:58:54===> API : null ===> Message : validRequest() :: Api validated Successfully
info: ===> TimeStamp : 2025-04-23 06:58:54===> API : /api/auth/login ===> Message : loginUser() invoked!!
info: ===> TimeStamp : 2025-04-23 06:58:54===> API : /api/auth/login ===> Message : loginUser() :: Request Object :: [object Object]
info: ===> TimeStamp : 2025-04-23 06:58:54===> API : /api/auth/login ===> Message : loginUserDB() Invoked !
info: ===> TimeStamp : 2025-04-23 06:58:54===> API : /api/auth/login ===> Message : loginUserResponse() invoked!
info: ===> TimeStamp : 2025-04-23 06:58:54===> API : /api/auth/login ===> Message : loginUserResponse() completed
info: ===> TimeStamp : 2025-04-23 06:59:28===> API : null ===> Message : validateRequest() invoked
info: ===> TimeStamp : 2025-04-23 06:59:28===> API : null ===> Message : fetchDBSettings()
info: ===> TimeStamp : 2025-04-23 06:59:28===> API : null ===> Message : validateRequest() Invoked!
info: ===> TimeStamp : 2025-04-23 06:59:28===> API : null ===> Message : validRequest() :: Api validated Successfully
info: ===> TimeStamp : 2025-04-23 06:59:28===> API : /api/auth/validateuser ===> Message : validateUser() invoked!!
info: ===> TimeStamp : 2025-04-23 06:59:28===> API : /api/auth/validateuser ===> Message : validateUser() :: Request Object :: [object Object]
info: ===> TimeStamp : 2025-04-23 06:59:28===> API : /api/auth/validateuser ===> Message : validateUserDB() Invoked !
info: ===> TimeStamp : 2025-04-23 06:59:28===> API : /api/auth/validateuser ===> Message : validateUserResponse() invoked!
info: ===> TimeStamp : 2025-04-23 06:59:28===> API : /api/auth/validateuser ===> Message : validateUserResponse() completed
info: ===> TimeStamp : 2025-04-23 06:59:28===> API : null ===> Message : validateRequest() invoked
info: ===> TimeStamp : 2025-04-23 06:59:28===> API : null ===> Message : fetchDBSettings()
info: ===> TimeStamp : 2025-04-23 06:59:28===> API : null ===> Message : validateRequest() Invoked!
info: ===> TimeStamp : 2025-04-23 06:59:28===> API : null ===> Message : validRequest() :: Api validated Successfully
info: ===> TimeStamp : 2025-04-23 06:59:28===> API : /api/auth/checkIP ===> Message : checkIP() invoked!!
info: ===> TimeStamp : 2025-04-23 06:59:28===> API : /api/auth/checkIP ===> Message : IPs match: 103.225.102.194
info: ===> TimeStamp : 2025-04-23 06:59:28===> API : /api/auth/checkIP ===> Message : checkIPResponse() invoked!
info: ===> TimeStamp : 2025-04-23 06:59:28===> API : /api/auth/checkIP ===> Message : checkIPResponse() completed
info: ===> TimeStamp : 2025-04-23 06:59:28===> API : null ===> Message : validateRequest() invoked
info: ===> TimeStamp : 2025-04-23 06:59:28===> API : null ===> Message : fetchDBSettings()
info: ===> TimeStamp : 2025-04-23 06:59:28===> API : null ===> Message : validateRequest() Invoked!
info: ===> TimeStamp : 2025-04-23 06:59:28===> API : null ===> Message : validRequest() :: Api validated Successfully
info: ===> TimeStamp : 2025-04-23 06:59:28===> API : /api/auth/login ===> Message : loginUser() invoked!!
info: ===> TimeStamp : 2025-04-23 06:59:28===> API : /api/auth/login ===> Message : loginUser() :: Request Object :: [object Object]
info: ===> TimeStamp : 2025-04-23 06:59:28===> API : /api/auth/login ===> Message : loginUserDB() Invoked !
info: ===> TimeStamp : 2025-04-23 06:59:28===> API : /api/auth/login ===> Message : loginUserResponse() invoked!
info: ===> TimeStamp : 2025-04-23 06:59:28===> API : /api/auth/login ===> Message : loginUserResponse() completed
info: ===> TimeStamp : 2025-04-23 09:50:36===> API : null ===> Message : validateRequest() invoked
info: ===> TimeStamp : 2025-04-23 09:50:36===> API : null ===> Message : fetchDBSettings()
info: ===> TimeStamp : 2025-04-23 09:50:36===> API : null ===> Message : validateRequest() Invoked!
info: ===> TimeStamp : 2025-04-23 09:50:36===> API : null ===> Message : validRequest() :: Api validated Successfully
info: ===> TimeStamp : 2025-04-23 09:50:36===> API : /api/auth/validateuser ===> Message : validateUser() invoked!!
info: ===> TimeStamp : 2025-04-23 09:50:36===> API : /api/auth/validateuser ===> Message : validateUser() :: Request Object :: [object Object]
info: ===> TimeStamp : 2025-04-23 09:50:36===> API : /api/auth/validateuser ===> Message : validateUserDB() Invoked !
info: ===> TimeStamp : 2025-04-23 09:50:36===> API : /api/auth/validateuser ===> Message : validateUserResponse() invoked!
info: ===> TimeStamp : 2025-04-23 09:50:36===> API : /api/auth/validateuser ===> Message : validateUserResponse() completed
info: ===> TimeStamp : 2025-04-23 09:50:36===> API : null ===> Message : validateRequest() invoked
info: ===> TimeStamp : 2025-04-23 09:50:36===> API : null ===> Message : fetchDBSettings()
info: ===> TimeStamp : 2025-04-23 09:50:36===> API : null ===> Message : validateRequest() Invoked!
info: ===> TimeStamp : 2025-04-23 09:50:36===> API : null ===> Message : validRequest() :: Api validated Successfully
info: ===> TimeStamp : 2025-04-23 09:50:36===> API : /api/auth/login ===> Message : loginUser() invoked!!
info: ===> TimeStamp : 2025-04-23 09:50:36===> API : /api/auth/login ===> Message : loginUser() :: Request Object :: [object Object]
info: ===> TimeStamp : 2025-04-23 09:50:36===> API : /api/auth/login ===> Message : loginUserDB() Invoked !
info: ===> TimeStamp : 2025-04-23 09:50:36===> API : /api/auth/login ===> Message : loginUserResponse() invoked!
info: ===> TimeStamp : 2025-04-23 09:50:36===> API : /api/auth/login ===> Message : loginUserResponse() completed
info: ===> TimeStamp : 2025-04-23 10:48:15===> API : null ===> Message : validateRequest() invoked
info: ===> TimeStamp : 2025-04-23 10:48:15===> API : null ===> Message : fetchDBSettings()
info: ===> TimeStamp : 2025-04-23 10:48:15===> API : null ===> Message : validateRequest() Invoked!
info: ===> TimeStamp : 2025-04-23 10:48:15===> API : null ===> Message : validRequest() :: Api validated Successfully
info: ===> TimeStamp : 2025-04-23 10:48:15===> API : /api/auth/validateuser ===> Message : validateUser() invoked!!
info: ===> TimeStamp : 2025-04-23 10:48:15===> API : /api/auth/validateuser ===> Message : validateUser() :: Request Object :: [object Object]
info: ===> TimeStamp : 2025-04-23 10:48:15===> API : /api/auth/validateuser ===> Message : validateUserDB() Invoked !
info: ===> TimeStamp : 2025-04-23 10:48:15===> API : /api/auth/validateuser ===> Message : validateUserResponse() invoked!
info: ===> TimeStamp : 2025-04-23 10:48:15===> API : /api/auth/validateuser ===> Message : validateUserResponse() completed
info: ===> TimeStamp : 2025-04-23 10:48:15===> API : null ===> Message : validateRequest() invoked
info: ===> TimeStamp : 2025-04-23 10:48:15===> API : null ===> Message : fetchDBSettings()
info: ===> TimeStamp : 2025-04-23 10:48:15===> API : null ===> Message : validateRequest() Invoked!
info: ===> TimeStamp : 2025-04-23 10:48:15===> API : null ===> Message : validRequest() :: Api validated Successfully
info: ===> TimeStamp : 2025-04-23 10:48:15===> API : /api/auth/login ===> Message : loginUser() invoked!!
info: ===> TimeStamp : 2025-04-23 10:48:15===> API : /api/auth/login ===> Message : loginUser() :: Request Object :: [object Object]
info: ===> TimeStamp : 2025-04-23 10:48:15===> API : /api/auth/login ===> Message : loginUserDB() Invoked !
info: ===> TimeStamp : 2025-04-23 10:48:15===> API : /api/auth/login ===> Message : loginUserResponse() invoked!
info: ===> TimeStamp : 2025-04-23 10:48:15===> API : /api/auth/login ===> Message : loginUserResponse() completed
info: ===> TimeStamp : 2025-04-23 12:04:52===> API : null ===> Message : fetchDBSettings()
info: ===> TimeStamp : 2025-04-23 12:04:52===> API : null ===> Message : validateRequest() invoked
info: ===> TimeStamp : 2025-04-23 12:04:52===> API : null ===> Message : validateRequest() Invoked!
info: ===> TimeStamp : 2025-04-23 12:04:52===> API : null ===> Message : validRequest() :: Api validated Successfully
info: ===> TimeStamp : 2025-04-23 12:04:52===> API : /api/auth/validateuser ===> Message : validateUser() :: Request Object :: [object Object]
info: ===> TimeStamp : 2025-04-23 12:04:52===> API : /api/auth/validateuser ===> Message : validateUserDB() Invoked !
info: ===> TimeStamp : 2025-04-23 12:04:52===> API : /api/auth/validateuser ===> Message : validateUser() invoked!!
info: ===> TimeStamp : 2025-04-23 12:04:52===> API : /api/auth/validateuser ===> Message : validateUserDB() :: Error :: {"code":"ER_SIGNAL_EXCEPTION","errno":1644,"sqlState":"10005","sqlMessage":"User Does Not Exist","sql":"CALL usp_validate_user('seni', 'SENI212')"}
info: ===> TimeStamp : 2025-04-23 12:04:52===> API : /api/auth/validateuser ===> Message : validateUserResponse() invoked!
info: ===> TimeStamp : 2025-04-23 12:04:52===> API : /api/auth/validateuser ===> Message : validateUserDBResult :: Error :: {"ErrorCode":10005,"ErrorMessage":"User Does Not Exist"}
info: ===> TimeStamp : 2025-04-23 12:04:52===> API : /api/auth/validateuser ===> Message : validateUserResponse() completed
info: ===> TimeStamp : 2025-04-23 12:05:04===> API : null ===> Message : validateRequest() invoked
info: ===> TimeStamp : 2025-04-23 12:05:04===> API : null ===> Message : fetchDBSettings()
info: ===> TimeStamp : 2025-04-23 12:05:04===> API : null ===> Message : validateRequest() Invoked!
info: ===> TimeStamp : 2025-04-23 12:05:04===> API : null ===> Message : validRequest() :: Api validated Successfully
info: ===> TimeStamp : 2025-04-23 12:05:04===> API : /api/auth/validateuser ===> Message : validateUser() invoked!!
info: ===> TimeStamp : 2025-04-23 12:05:04===> API : /api/auth/validateuser ===> Message : validateUser() :: Request Object :: [object Object]
info: ===> TimeStamp : 2025-04-23 12:05:04===> API : /api/auth/validateuser ===> Message : validateUserDB() Invoked !
info: ===> TimeStamp : 2025-04-23 12:05:04===> API : /api/auth/validateuser ===> Message : validateUserResponse() invoked!
info: ===> TimeStamp : 2025-04-23 12:05:04===> API : /api/auth/validateuser ===> Message : validateUserResponse() completed
info: ===> TimeStamp : 2025-04-23 12:05:04===> API : null ===> Message : validateRequest() invoked
info: ===> TimeStamp : 2025-04-23 12:05:04===> API : null ===> Message : fetchDBSettings()
info: ===> TimeStamp : 2025-04-23 12:05:04===> API : null ===> Message : validateRequest() Invoked!
info: ===> TimeStamp : 2025-04-23 12:05:05===> API : null ===> Message : validRequest() :: Api validated Successfully
info: ===> TimeStamp : 2025-04-23 12:05:05===> API : /api/auth/checkIP ===> Message : checkIP() invoked!!
info: ===> TimeStamp : 2025-04-23 12:05:05===> API : /api/auth/checkIP ===> Message : IPs match: 103.225.102.194
info: ===> TimeStamp : 2025-04-23 12:05:05===> API : /api/auth/checkIP ===> Message : checkIPResponse() invoked!
info: ===> TimeStamp : 2025-04-23 12:05:05===> API : /api/auth/checkIP ===> Message : checkIPResponse() completed
info: ===> TimeStamp : 2025-04-23 12:05:05===> API : null ===> Message : fetchDBSettings()
info: ===> TimeStamp : 2025-04-23 12:05:05===> API : null ===> Message : validateRequest() invoked
info: ===> TimeStamp : 2025-04-23 12:05:05===> API : null ===> Message : validateRequest() Invoked!
info: ===> TimeStamp : 2025-04-23 12:05:05===> API : null ===> Message : validRequest() :: Api validated Successfully
info: ===> TimeStamp : 2025-04-23 12:05:05===> API : /api/auth/login ===> Message : loginUser() invoked!!
info: ===> TimeStamp : 2025-04-23 12:05:05===> API : /api/auth/login ===> Message : loginUser() :: Request Object :: [object Object]
info: ===> TimeStamp : 2025-04-23 12:05:05===> API : /api/auth/login ===> Message : loginUserDB() Invoked !
info: ===> TimeStamp : 2025-04-23 12:05:05===> API : /api/auth/login ===> Message : loginUserResponse() invoked!
info: ===> TimeStamp : 2025-04-23 12:05:05===> API : /api/auth/login ===> Message : loginUserResponse() completed
info: ===> TimeStamp : 2025-04-23 12:34:01===> API : null ===> Message : validateRequest() invoked
info: ===> TimeStamp : 2025-04-23 12:34:01===> API : null ===> Message : fetchDBSettings()
info: ===> TimeStamp : 2025-04-23 12:34:01===> API : null ===> Message : validateRequest() Invoked!
info: ===> TimeStamp : 2025-04-23 12:34:01===> API : null ===> Message : validRequest() :: Api validated Successfully
info: ===> TimeStamp : 2025-04-23 12:34:01===> API : /api/auth/validateuser ===> Message : validateUser() invoked!!
info: ===> TimeStamp : 2025-04-23 12:34:01===> API : /api/auth/validateuser ===> Message : validateUser() :: Request Object :: [object Object]
info: ===> TimeStamp : 2025-04-23 12:34:01===> API : /api/auth/validateuser ===> Message : validateUserDB() Invoked !
info: ===> TimeStamp : 2025-04-23 12:34:01===> API : /api/auth/validateuser ===> Message : validateUserResponse() invoked!
info: ===> TimeStamp : 2025-04-23 12:34:01===> API : /api/auth/validateuser ===> Message : validateUserResponse() completed
info: ===> TimeStamp : 2025-04-23 12:34:01===> API : null ===> Message : validateRequest() invoked
info: ===> TimeStamp : 2025-04-23 12:34:01===> API : null ===> Message : fetchDBSettings()
info: ===> TimeStamp : 2025-04-23 12:34:01===> API : null ===> Message : validateRequest() Invoked!
info: ===> TimeStamp : 2025-04-23 12:34:01===> API : null ===> Message : validRequest() :: Api validated Successfully
info: ===> TimeStamp : 2025-04-23 12:34:01===> API : /api/auth/checkIP ===> Message : checkIP() invoked!!
info: ===> TimeStamp : 2025-04-23 12:34:01===> API : /api/auth/checkIP ===> Message : IPs match: 103.225.102.194
info: ===> TimeStamp : 2025-04-23 12:34:01===> API : /api/auth/checkIP ===> Message : checkIPResponse() invoked!
info: ===> TimeStamp : 2025-04-23 12:34:01===> API : /api/auth/checkIP ===> Message : checkIPResponse() completed
info: ===> TimeStamp : 2025-04-23 12:34:01===> API : null ===> Message : validateRequest() invoked
info: ===> TimeStamp : 2025-04-23 12:34:01===> API : null ===> Message : fetchDBSettings()
info: ===> TimeStamp : 2025-04-23 12:34:01===> API : null ===> Message : validateRequest() Invoked!
info: ===> TimeStamp : 2025-04-23 12:34:01===> API : null ===> Message : validRequest() :: Api validated Successfully
info: ===> TimeStamp : 2025-04-23 12:34:01===> API : /api/auth/login ===> Message : loginUser() invoked!!
info: ===> TimeStamp : 2025-04-23 12:34:01===> API : /api/auth/login ===> Message : loginUser() :: Request Object :: [object Object]
info: ===> TimeStamp : 2025-04-23 12:34:01===> API : /api/auth/login ===> Message : loginUserDB() Invoked !
info: ===> TimeStamp : 2025-04-23 12:34:01===> API : /api/auth/login ===> Message : loginUserResponse() invoked!
info: ===> TimeStamp : 2025-04-23 12:34:01===> API : /api/auth/login ===> Message : loginUserResponse() completed
info: ===> TimeStamp : 2025-04-23 12:45:18===> API : null ===> Message : validateRequest() invoked
info: ===> TimeStamp : 2025-04-23 12:45:18===> API : null ===> Message : validateRequest() Error:: Invalid Request :: 
      {"apiUri":"/"}
info: ===> TimeStamp : 2025-04-23 12:45:20===> API : null ===> Message : validateRequest() invoked
info: ===> TimeStamp : 2025-04-23 12:45:20===> API : null ===> Message : validateRequest() Error:: Invalid Request :: 
      {"apiUri":"/favicon.ico"}
info: ===> TimeStamp : 2025-04-23 12:45:29===> API : null ===> Message : validateRequest() invoked
info: ===> TimeStamp : 2025-04-23 12:45:29===> API : null ===> Message : validateRequest() Error:: Invalid Request :: 
      {"apiUri":"/favicon.ico"}
info: ===> TimeStamp : 2025-04-23 13:25:05===> API : null ===> Message : validateRequest() invoked
info: ===> TimeStamp : 2025-04-23 13:25:05===> API : null ===> Message : validateRequest() Error:: Invalid Request :: 
      {"apiUri":"/"}
info: ===> TimeStamp : 2025-04-23 13:25:16===> API : null ===> Message : validateRequest() invoked
info: ===> TimeStamp : 2025-04-23 13:25:16===> API : null ===> Message : validateRequest() Error:: Invalid Request :: 
      {"apiUri":"/favicon.ico"}
info: ===> TimeStamp : 2025-04-23 13:25:28===> API : null ===> Message : validateRequest() invoked
info: ===> TimeStamp : 2025-04-23 13:25:28===> API : null ===> Message : validateRequest() Error:: Invalid Request :: 
      {"apiUri":"/favicon.ico"}
info: ===> TimeStamp : 2025-04-23 14:51:53===> API : null ===> Message : validateRequest() invoked
info: ===> TimeStamp : 2025-04-23 14:51:53===> API : null ===> Message : fetchDBSettings()
info: ===> TimeStamp : 2025-04-23 14:51:53===> API : null ===> Message : validateRequest() Invoked!
info: ===> TimeStamp : 2025-04-23 14:51:53===> API : null ===> Message : validRequest() :: Api validated Successfully
info: ===> TimeStamp : 2025-04-23 14:51:53===> API : /api/auth/logout ===> Message : logoutUser() invoked!!
info: ===> TimeStamp : 2025-04-23 14:51:53===> API : /api/auth/logout ===> Message : logoutUser() :: Request Object :: [object Object]
info: ===> TimeStamp : 2025-04-23 14:51:53===> API : /api/auth/logout ===> Message : logoutUserDB() Invoked !
info: ===> TimeStamp : 2025-04-23 14:51:53===> API : /api/auth/logout ===> Message : logoutUserResponse() invoked!
info: ===> TimeStamp : 2025-04-23 14:51:53===> API : /api/auth/logout ===> Message : logoutUserResponse() completed
info: ===> TimeStamp : 2025-04-23 14:52:14===> API : null ===> Message : validateRequest() invoked
info: ===> TimeStamp : 2025-04-23 14:52:14===> API : null ===> Message : fetchDBSettings()
info: ===> TimeStamp : 2025-04-23 14:52:14===> API : null ===> Message : validateRequest() Invoked!
info: ===> TimeStamp : 2025-04-23 14:52:14===> API : null ===> Message : validRequest() :: Api validated Successfully
info: ===> TimeStamp : 2025-04-23 14:52:14===> API : /api/auth/validateuser ===> Message : validateUser() :: Request Object :: [object Object]
info: ===> TimeStamp : 2025-04-23 14:52:14===> API : /api/auth/validateuser ===> Message : validateUser() invoked!!
info: ===> TimeStamp : 2025-04-23 14:52:14===> API : /api/auth/validateuser ===> Message : validateUserDB() Invoked !
info: ===> TimeStamp : 2025-04-23 14:52:14===> API : /api/auth/validateuser ===> Message : validateUserResponse() invoked!
info: ===> TimeStamp : 2025-04-23 14:52:14===> API : /api/auth/validateuser ===> Message : validateUserResponse() completed
info: ===> TimeStamp : 2025-04-23 14:52:14===> API : null ===> Message : validateRequest() invoked
info: ===> TimeStamp : 2025-04-23 14:52:14===> API : null ===> Message : fetchDBSettings()
info: ===> TimeStamp : 2025-04-23 14:52:14===> API : null ===> Message : validateRequest() Invoked!
info: ===> TimeStamp : 2025-04-23 14:52:14===> API : null ===> Message : validRequest() :: Api validated Successfully
info: ===> TimeStamp : 2025-04-23 14:52:14===> API : /api/auth/checkIP ===> Message : checkIP() invoked!!
info: ===> TimeStamp : 2025-04-23 14:52:14===> API : /api/auth/checkIP ===> Message : IPs match: 103.225.102.194
info: ===> TimeStamp : 2025-04-23 14:52:14===> API : /api/auth/checkIP ===> Message : checkIPResponse() invoked!
info: ===> TimeStamp : 2025-04-23 14:52:14===> API : /api/auth/checkIP ===> Message : checkIPResponse() completed
info: ===> TimeStamp : 2025-04-23 14:52:14===> API : null ===> Message : validateRequest() invoked
info: ===> TimeStamp : 2025-04-23 14:52:14===> API : null ===> Message : fetchDBSettings()
info: ===> TimeStamp : 2025-04-23 14:52:14===> API : null ===> Message : validateRequest() Invoked!
info: ===> TimeStamp : 2025-04-23 14:52:14===> API : null ===> Message : validRequest() :: Api validated Successfully
info: ===> TimeStamp : 2025-04-23 14:52:14===> API : /api/auth/login ===> Message : loginUser() invoked!!
info: ===> TimeStamp : 2025-04-23 14:52:14===> API : /api/auth/login ===> Message : loginUser() :: Request Object :: [object Object]
info: ===> TimeStamp : 2025-04-23 14:52:14===> API : /api/auth/login ===> Message : loginUserDB() Invoked !
info: ===> TimeStamp : 2025-04-23 14:52:14===> API : /api/auth/login ===> Message : loginUserResponse() invoked!
info: ===> TimeStamp : 2025-04-23 14:52:14===> API : /api/auth/login ===> Message : loginUserResponse() completed
info: ===> TimeStamp : 2025-04-23 14:52:15===> API : null ===> Message : validateRequest() invoked
info: ===> TimeStamp : 2025-04-23 14:52:15===> API : null ===> Message : fetchDBSettings()
info: ===> TimeStamp : 2025-04-23 14:52:15===> API : null ===> Message : validateRequest() Invoked!
info: ===> TimeStamp : 2025-04-23 14:52:16===> API : null ===> Message : validRequest() :: Api validated Successfully
info: ===> TimeStamp : 2025-04-23 14:52:16===> API : /api/auth/logout ===> Message : logoutUser() invoked!!
info: ===> TimeStamp : 2025-04-23 14:52:16===> API : /api/auth/logout ===> Message : logoutUser() :: Request Object :: [object Object]
info: ===> TimeStamp : 2025-04-23 14:52:16===> API : /api/auth/logout ===> Message : logoutUserDB() Invoked !
info: ===> TimeStamp : 2025-04-23 14:52:16===> API : /api/auth/logout ===> Message : logoutUserResponse() invoked!
info: ===> TimeStamp : 2025-04-23 14:52:16===> API : /api/auth/logout ===> Message : logoutUserResponse() completed
info: ===> TimeStamp : 2025-04-23 14:52:25===> API : null ===> Message : validateRequest() invoked
info: ===> TimeStamp : 2025-04-23 14:52:25===> API : null ===> Message : fetchDBSettings()
info: ===> TimeStamp : 2025-04-23 14:52:25===> API : null ===> Message : validateRequest() Invoked!
info: ===> TimeStamp : 2025-04-23 14:52:25===> API : null ===> Message : validRequest() :: Api validated Successfully
info: ===> TimeStamp : 2025-04-23 14:52:25===> API : /api/auth/validateuser ===> Message : validateUser() invoked!!
info: ===> TimeStamp : 2025-04-23 14:52:25===> API : /api/auth/validateuser ===> Message : validateUser() :: Request Object :: [object Object]
info: ===> TimeStamp : 2025-04-23 14:52:25===> API : /api/auth/validateuser ===> Message : validateUserDB() Invoked !
info: ===> TimeStamp : 2025-04-23 14:52:25===> API : /api/auth/validateuser ===> Message : validateUserResponse() invoked!
info: ===> TimeStamp : 2025-04-23 14:52:25===> API : /api/auth/validateuser ===> Message : validateUserResponse() completed
info: ===> TimeStamp : 2025-04-23 14:52:25===> API : null ===> Message : validateRequest() invoked
info: ===> TimeStamp : 2025-04-23 14:52:25===> API : null ===> Message : fetchDBSettings()
info: ===> TimeStamp : 2025-04-23 14:52:25===> API : null ===> Message : validateRequest() Invoked!
info: ===> TimeStamp : 2025-04-23 14:52:25===> API : null ===> Message : validRequest() :: Api validated Successfully
info: ===> TimeStamp : 2025-04-23 14:52:25===> API : /api/auth/checkIP ===> Message : checkIP() invoked!!
info: ===> TimeStamp : 2025-04-23 14:52:25===> API : /api/auth/checkIP ===> Message : IPs match: 103.225.102.194
info: ===> TimeStamp : 2025-04-23 14:52:25===> API : /api/auth/checkIP ===> Message : checkIPResponse() invoked!
info: ===> TimeStamp : 2025-04-23 14:52:25===> API : /api/auth/checkIP ===> Message : checkIPResponse() completed
info: ===> TimeStamp : 2025-04-23 14:52:26===> API : null ===> Message : validateRequest() invoked
info: ===> TimeStamp : 2025-04-23 14:52:26===> API : null ===> Message : fetchDBSettings()
info: ===> TimeStamp : 2025-04-23 14:52:26===> API : null ===> Message : validateRequest() Invoked!
info: ===> TimeStamp : 2025-04-23 14:52:26===> API : null ===> Message : validRequest() :: Api validated Successfully
info: ===> TimeStamp : 2025-04-23 14:52:26===> API : /api/auth/login ===> Message : loginUser() invoked!!
info: ===> TimeStamp : 2025-04-23 14:52:26===> API : /api/auth/login ===> Message : loginUser() :: Request Object :: [object Object]
info: ===> TimeStamp : 2025-04-23 14:52:26===> API : /api/auth/login ===> Message : loginUserDB() Invoked !
info: ===> TimeStamp : 2025-04-23 14:52:26===> API : /api/auth/login ===> Message : loginUserResponse() invoked!
info: ===> TimeStamp : 2025-04-23 14:52:26===> API : /api/auth/login ===> Message : loginUserResponse() completed
info: ===> TimeStamp : 2025-04-23 17:54:37===> API : null ===> Message : validateRequest() invoked
info: ===> TimeStamp : 2025-04-23 17:54:37===> API : null ===> Message : fetchDBSettings()
info: ===> TimeStamp : 2025-04-23 17:54:37===> API : null ===> Message : validateRequest() Invoked!
info: ===> TimeStamp : 2025-04-23 17:54:37===> API : null ===> Message : validRequest() :: Api validated Successfully
info: ===> TimeStamp : 2025-04-23 17:54:37===> API : /api/auth/validateuser ===> Message : validateUser() invoked!!
info: ===> TimeStamp : 2025-04-23 17:54:37===> API : /api/auth/validateuser ===> Message : validateUser() :: Request Object :: [object Object]
info: ===> TimeStamp : 2025-04-23 17:54:37===> API : /api/auth/validateuser ===> Message : validateUserDB() Invoked !
info: ===> TimeStamp : 2025-04-23 17:54:37===> API : /api/auth/validateuser ===> Message : validateUserResponse() invoked!
info: ===> TimeStamp : 2025-04-23 17:54:37===> API : /api/auth/validateuser ===> Message : validateUserResponse() completed
info: ===> TimeStamp : 2025-04-23 17:54:37===> API : null ===> Message : validateRequest() invoked
info: ===> TimeStamp : 2025-04-23 17:54:37===> API : null ===> Message : fetchDBSettings()
info: ===> TimeStamp : 2025-04-23 17:54:37===> API : null ===> Message : validateRequest() Invoked!
info: ===> TimeStamp : 2025-04-23 17:54:37===> API : null ===> Message : validRequest() :: Api validated Successfully
info: ===> TimeStamp : 2025-04-23 17:54:37===> API : /api/auth/login ===> Message : loginUser() :: Request Object :: [object Object]
info: ===> TimeStamp : 2025-04-23 17:54:37===> API : /api/auth/login ===> Message : loginUser() invoked!!
info: ===> TimeStamp : 2025-04-23 17:54:37===> API : /api/auth/login ===> Message : loginUserDB() Invoked !
info: ===> TimeStamp : 2025-04-23 17:54:37===> API : /api/auth/login ===> Message : loginUserResponse() invoked!
info: ===> TimeStamp : 2025-04-23 17:54:37===> API : /api/auth/login ===> Message : loginUserResponse() completed
info: ===> TimeStamp : 2025-04-23 18:34:27===> API : null ===> Message : fetchDBSettings()
info: ===> TimeStamp : 2025-04-23 18:34:27===> API : null ===> Message : validateRequest() invoked
info: ===> TimeStamp : 2025-04-23 18:34:27===> API : null ===> Message : validateRequest() Invoked!
info: ===> TimeStamp : 2025-04-23 18:34:27===> API : null ===> Message : validRequest() :: Api validated Successfully
info: ===> TimeStamp : 2025-04-23 18:34:27===> API : /api/auth/validateuser ===> Message : validateUser() invoked!!
info: ===> TimeStamp : 2025-04-23 18:34:27===> API : /api/auth/validateuser ===> Message : validateUser() :: Request Object :: [object Object]
info: ===> TimeStamp : 2025-04-23 18:34:27===> API : /api/auth/validateuser ===> Message : validateUserDB() Invoked !
info: ===> TimeStamp : 2025-04-23 18:34:28===> API : /api/auth/validateuser ===> Message : validateUserResponse() invoked!
info: ===> TimeStamp : 2025-04-23 18:34:28===> API : /api/auth/validateuser ===> Message : validateUserResponse() completed
info: ===> TimeStamp : 2025-04-23 18:34:28===> API : null ===> Message : validateRequest() invoked
info: ===> TimeStamp : 2025-04-23 18:34:28===> API : null ===> Message : fetchDBSettings()
info: ===> TimeStamp : 2025-04-23 18:34:28===> API : null ===> Message : validateRequest() Invoked!
info: ===> TimeStamp : 2025-04-23 18:34:28===> API : null ===> Message : validRequest() :: Api validated Successfully
info: ===> TimeStamp : 2025-04-23 18:34:28===> API : /api/auth/login ===> Message : loginUser() invoked!!
info: ===> TimeStamp : 2025-04-23 18:34:28===> API : /api/auth/login ===> Message : loginUser() :: Request Object :: [object Object]
info: ===> TimeStamp : 2025-04-23 18:34:28===> API : /api/auth/login ===> Message : loginUserDB() Invoked !
info: ===> TimeStamp : 2025-04-23 18:34:28===> API : /api/auth/login ===> Message : loginUserResponse() invoked!
info: ===> TimeStamp : 2025-04-23 18:34:28===> API : /api/auth/login ===> Message : loginUserResponse() completed
info: ===> TimeStamp : 2025-04-23 18:43:20===> API : null ===> Message : validateRequest() invoked
info: ===> TimeStamp : 2025-04-23 18:43:20===> API : null ===> Message : validateRequest() Error:: Invalid Request :: 
      {"apiUri":"/pdown"}
info: ===> TimeStamp : 2025-04-23 20:38:12===> API : null ===> Message : validateRequest() invoked
info: ===> TimeStamp : 2025-04-23 20:38:12===> API : null ===> Message : fetchDBSettings()
info: ===> TimeStamp : 2025-04-23 20:38:12===> API : null ===> Message : validateRequest() Invoked!
info: ===> TimeStamp : 2025-04-23 20:38:12===> API : null ===> Message : validRequest() :: Api validated Successfully
info: ===> TimeStamp : 2025-04-23 20:38:12===> API : /api/auth/validateuser ===> Message : validateUser() invoked!!
info: ===> TimeStamp : 2025-04-23 20:38:12===> API : /api/auth/validateuser ===> Message : validateUser() :: Request Object :: [object Object]
info: ===> TimeStamp : 2025-04-23 20:38:12===> API : /api/auth/validateuser ===> Message : validateUserDB() Invoked !
info: ===> TimeStamp : 2025-04-23 20:38:12===> API : /api/auth/validateuser ===> Message : validateUserResponse() invoked!
info: ===> TimeStamp : 2025-04-23 20:38:12===> API : /api/auth/validateuser ===> Message : validateUserResponse() completed
info: ===> TimeStamp : 2025-04-23 20:38:13===> API : null ===> Message : validateRequest() invoked
info: ===> TimeStamp : 2025-04-23 20:38:13===> API : null ===> Message : fetchDBSettings()
info: ===> TimeStamp : 2025-04-23 20:38:13===> API : null ===> Message : validateRequest() Invoked!
info: ===> TimeStamp : 2025-04-23 20:38:13===> API : null ===> Message : validRequest() :: Api validated Successfully
info: ===> TimeStamp : 2025-04-23 20:38:13===> API : /api/auth/login ===> Message : loginUser() :: Request Object :: [object Object]
info: ===> TimeStamp : 2025-04-23 20:38:13===> API : /api/auth/login ===> Message : loginUser() invoked!!
info: ===> TimeStamp : 2025-04-23 20:38:13===> API : /api/auth/login ===> Message : loginUserDB() Invoked !
info: ===> TimeStamp : 2025-04-23 20:38:13===> API : /api/auth/login ===> Message : loginUserResponse() invoked!
info: ===> TimeStamp : 2025-04-23 20:38:13===> API : /api/auth/login ===> Message : loginUserResponse() completed
info: ===> TimeStamp : 2025-04-23 21:16:38===> API : null ===> Message : validateRequest() invoked
info: ===> TimeStamp : 2025-04-23 21:16:38===> API : null ===> Message : fetchDBSettings()
info: ===> TimeStamp : 2025-04-23 21:16:38===> API : null ===> Message : validateRequest() Invoked!
info: ===> TimeStamp : 2025-04-23 21:16:38===> API : null ===> Message : validRequest() :: Api validated Successfully
info: ===> TimeStamp : 2025-04-23 21:16:38===> API : /api/auth/validateuser ===> Message : validateUser() :: Request Object :: [object Object]
info: ===> TimeStamp : 2025-04-23 21:16:38===> API : /api/auth/validateuser ===> Message : validateUser() invoked!!
info: ===> TimeStamp : 2025-04-23 21:16:38===> API : /api/auth/validateuser ===> Message : validateUserDB() Invoked !
info: ===> TimeStamp : 2025-04-23 21:16:38===> API : /api/auth/validateuser ===> Message : validateUserResponse() invoked!
info: ===> TimeStamp : 2025-04-23 21:16:38===> API : /api/auth/validateuser ===> Message : validateUserResponse() completed
info: ===> TimeStamp : 2025-04-23 21:16:38===> API : null ===> Message : validateRequest() invoked
info: ===> TimeStamp : 2025-04-23 21:16:38===> API : null ===> Message : fetchDBSettings()
info: ===> TimeStamp : 2025-04-23 21:16:38===> API : null ===> Message : validateRequest() Invoked!
info: ===> TimeStamp : 2025-04-23 21:16:38===> API : null ===> Message : validRequest() :: Api validated Successfully
info: ===> TimeStamp : 2025-04-23 21:16:38===> API : /api/auth/login ===> Message : loginUser() invoked!!
info: ===> TimeStamp : 2025-04-23 21:16:38===> API : /api/auth/login ===> Message : loginUser() :: Request Object :: [object Object]
info: ===> TimeStamp : 2025-04-23 21:16:38===> API : /api/auth/login ===> Message : loginUserDB() Invoked !
info: ===> TimeStamp : 2025-04-23 21:16:38===> API : /api/auth/login ===> Message : loginUserResponse() invoked!
info: ===> TimeStamp : 2025-04-23 21:16:38===> API : /api/auth/login ===> Message : loginUserResponse() completed
info: ===> TimeStamp : 2025-04-23 21:24:56===> API : null ===> Message : validateRequest() invoked
info: ===> TimeStamp : 2025-04-23 21:24:56===> API : null ===> Message : fetchDBSettings()
info: ===> TimeStamp : 2025-04-23 21:24:56===> API : null ===> Message : validateRequest() Invoked!
info: ===> TimeStamp : 2025-04-23 21:24:56===> API : null ===> Message : validRequest() :: Api validated Successfully
info: ===> TimeStamp : 2025-04-23 21:24:56===> API : /api/auth/validateuser ===> Message : validateUser() invoked!!
info: ===> TimeStamp : 2025-04-23 21:24:56===> API : /api/auth/validateuser ===> Message : validateUser() :: Request Object :: [object Object]
info: ===> TimeStamp : 2025-04-23 21:24:56===> API : /api/auth/validateuser ===> Message : validateUserDB() Invoked !
info: ===> TimeStamp : 2025-04-23 21:24:56===> API : /api/auth/validateuser ===> Message : validateUserResponse() invoked!
info: ===> TimeStamp : 2025-04-23 21:24:56===> API : /api/auth/validateuser ===> Message : validateUserResponse() completed
info: ===> TimeStamp : 2025-04-23 21:24:56===> API : null ===> Message : validateRequest() invoked
info: ===> TimeStamp : 2025-04-23 21:24:56===> API : null ===> Message : fetchDBSettings()
info: ===> TimeStamp : 2025-04-23 21:24:56===> API : null ===> Message : validateRequest() Invoked!
info: ===> TimeStamp : 2025-04-23 21:24:56===> API : null ===> Message : validRequest() :: Api validated Successfully
info: ===> TimeStamp : 2025-04-23 21:24:56===> API : /api/auth/login ===> Message : loginUser() invoked!!
info: ===> TimeStamp : 2025-04-23 21:24:56===> API : /api/auth/login ===> Message : loginUser() :: Request Object :: [object Object]
info: ===> TimeStamp : 2025-04-23 21:24:56===> API : /api/auth/login ===> Message : loginUserDB() Invoked !
info: ===> TimeStamp : 2025-04-23 21:24:56===> API : /api/auth/login ===> Message : loginUserResponse() invoked!
info: ===> TimeStamp : 2025-04-23 21:24:56===> API : /api/auth/login ===> Message : loginUserResponse() completed
info: ===> TimeStamp : 2025-04-23 21:46:24===> API : null ===> Message : validateRequest() invoked
info: ===> TimeStamp : 2025-04-23 21:46:24===> API : null ===> Message : fetchDBSettings()
info: ===> TimeStamp : 2025-04-23 21:46:24===> API : null ===> Message : validateRequest() Invoked!
info: ===> TimeStamp : 2025-04-23 21:46:24===> API : null ===> Message : validRequest() :: Api validated Successfully
info: ===> TimeStamp : 2025-04-23 21:46:24===> API : /api/auth/logout ===> Message : logoutUser() invoked!!
info: ===> TimeStamp : 2025-04-23 21:46:24===> API : /api/auth/logout ===> Message : logoutUser() :: Request Object :: [object Object]
info: ===> TimeStamp : 2025-04-23 21:46:24===> API : /api/auth/logout ===> Message : logoutUserDB() Invoked !
info: ===> TimeStamp : 2025-04-23 21:46:24===> API : /api/auth/logout ===> Message : logoutUserResponse() invoked!
info: ===> TimeStamp : 2025-04-23 21:46:24===> API : /api/auth/logout ===> Message : logoutUserResponse() completed
info: ===> TimeStamp : 2025-04-23 21:46:50===> API : null ===> Message : validateRequest() invoked
info: ===> TimeStamp : 2025-04-23 21:46:50===> API : null ===> Message : fetchDBSettings()
info: ===> TimeStamp : 2025-04-23 21:46:50===> API : null ===> Message : validateRequest() Invoked!
info: ===> TimeStamp : 2025-04-23 21:46:50===> API : null ===> Message : validRequest() :: Api validated Successfully
info: ===> TimeStamp : 2025-04-23 21:46:50===> API : /api/auth/validateuser ===> Message : validateUser() invoked!!
info: ===> TimeStamp : 2025-04-23 21:46:50===> API : /api/auth/validateuser ===> Message : validateUser() :: Request Object :: [object Object]
info: ===> TimeStamp : 2025-04-23 21:46:50===> API : /api/auth/validateuser ===> Message : validateUserDB() Invoked !
info: ===> TimeStamp : 2025-04-23 21:46:50===> API : /api/auth/validateuser ===> Message : validateUserResponse() invoked!
info: ===> TimeStamp : 2025-04-23 21:46:50===> API : /api/auth/validateuser ===> Message : validateUserResponse() completed
info: ===> TimeStamp : 2025-04-23 21:46:50===> API : null ===> Message : validateRequest() invoked
info: ===> TimeStamp : 2025-04-23 21:46:50===> API : null ===> Message : fetchDBSettings()
info: ===> TimeStamp : 2025-04-23 21:46:50===> API : null ===> Message : validateRequest() Invoked!
info: ===> TimeStamp : 2025-04-23 21:46:50===> API : null ===> Message : validRequest() :: Api validated Successfully
info: ===> TimeStamp : 2025-04-23 21:46:50===> API : /api/auth/login ===> Message : loginUser() invoked!!
info: ===> TimeStamp : 2025-04-23 21:46:50===> API : /api/auth/login ===> Message : loginUser() :: Request Object :: [object Object]
info: ===> TimeStamp : 2025-04-23 21:46:50===> API : /api/auth/login ===> Message : loginUserDB() Invoked !
info: ===> TimeStamp : 2025-04-23 21:46:50===> API : /api/auth/login ===> Message : loginUserResponse() invoked!
info: ===> TimeStamp : 2025-04-23 21:46:50===> API : /api/auth/login ===> Message : loginUserResponse() completed
info: ===> TimeStamp : 2025-04-23 21:51:11===> API : null ===> Message : validateRequest() invoked
info: ===> TimeStamp : 2025-04-23 21:51:11===> API : null ===> Message : fetchDBSettings()
info: ===> TimeStamp : 2025-04-23 21:51:11===> API : null ===> Message : validateRequest() Invoked!
info: ===> TimeStamp : 2025-04-23 21:51:11===> API : null ===> Message : validRequest() :: Api validated Successfully
info: ===> TimeStamp : 2025-04-23 21:51:11===> API : /api/auth/logout ===> Message : logoutUser() invoked!!
info: ===> TimeStamp : 2025-04-23 21:51:11===> API : /api/auth/logout ===> Message : logoutUser() :: Request Object :: [object Object]
info: ===> TimeStamp : 2025-04-23 21:51:11===> API : /api/auth/logout ===> Message : logoutUserDB() Invoked !
info: ===> TimeStamp : 2025-04-23 21:51:11===> API : /api/auth/logout ===> Message : logoutUserResponse() invoked!
info: ===> TimeStamp : 2025-04-23 21:51:11===> API : /api/auth/logout ===> Message : logoutUserResponse() completed
info: ===> TimeStamp : 2025-04-23 21:51:25===> API : null ===> Message : validateRequest() invoked
info: ===> TimeStamp : 2025-04-23 21:51:25===> API : null ===> Message : fetchDBSettings()
info: ===> TimeStamp : 2025-04-23 21:51:25===> API : null ===> Message : validateRequest() Invoked!
info: ===> TimeStamp : 2025-04-23 21:51:25===> API : null ===> Message : validRequest() :: Api validated Successfully
info: ===> TimeStamp : 2025-04-23 21:51:25===> API : /api/auth/validateuser ===> Message : validateUser() :: Request Object :: [object Object]
info: ===> TimeStamp : 2025-04-23 21:51:25===> API : /api/auth/validateuser ===> Message : validateUser() invoked!!
info: ===> TimeStamp : 2025-04-23 21:51:25===> API : /api/auth/validateuser ===> Message : validateUserDB() Invoked !
info: ===> TimeStamp : 2025-04-23 21:51:25===> API : /api/auth/validateuser ===> Message : validateUserResponse() invoked!
info: ===> TimeStamp : 2025-04-23 21:51:25===> API : /api/auth/validateuser ===> Message : validateUserResponse() completed
info: ===> TimeStamp : 2025-04-23 21:51:25===> API : null ===> Message : validateRequest() invoked
info: ===> TimeStamp : 2025-04-23 21:51:25===> API : null ===> Message : fetchDBSettings()
info: ===> TimeStamp : 2025-04-23 21:51:25===> API : null ===> Message : validateRequest() Invoked!
info: ===> TimeStamp : 2025-04-23 21:51:25===> API : null ===> Message : validRequest() :: Api validated Successfully
info: ===> TimeStamp : 2025-04-23 21:51:25===> API : /api/auth/checkIP ===> Message : checkIP() invoked!!
info: ===> TimeStamp : 2025-04-23 21:51:25===> API : /api/auth/checkIP ===> Message : IPs match: 103.225.102.194
info: ===> TimeStamp : 2025-04-23 21:51:25===> API : /api/auth/checkIP ===> Message : checkIPResponse() invoked!
info: ===> TimeStamp : 2025-04-23 21:51:25===> API : /api/auth/checkIP ===> Message : checkIPResponse() completed
info: ===> TimeStamp : 2025-04-23 21:51:25===> API : null ===> Message : validateRequest() invoked
info: ===> TimeStamp : 2025-04-23 21:51:25===> API : null ===> Message : fetchDBSettings()
info: ===> TimeStamp : 2025-04-23 21:51:25===> API : null ===> Message : validateRequest() Invoked!
info: ===> TimeStamp : 2025-04-23 21:51:25===> API : null ===> Message : validRequest() :: Api validated Successfully
info: ===> TimeStamp : 2025-04-23 21:51:25===> API : /api/auth/login ===> Message : loginUser() invoked!!
info: ===> TimeStamp : 2025-04-23 21:51:25===> API : /api/auth/login ===> Message : loginUser() :: Request Object :: [object Object]
info: ===> TimeStamp : 2025-04-23 21:51:25===> API : /api/auth/login ===> Message : loginUserDB() Invoked !
info: ===> TimeStamp : 2025-04-23 21:51:25===> API : /api/auth/login ===> Message : loginUserResponse() invoked!
info: ===> TimeStamp : 2025-04-23 21:51:25===> API : /api/auth/login ===> Message : loginUserResponse() completed
info: ===> TimeStamp : 2025-04-23 21:52:01===> API : null ===> Message : validateRequest() invoked
info: ===> TimeStamp : 2025-04-23 21:52:01===> API : null ===> Message : fetchDBSettings()
info: ===> TimeStamp : 2025-04-23 21:52:01===> API : null ===> Message : validateRequest() Invoked!
info: ===> TimeStamp : 2025-04-23 21:52:01===> API : /api/auth/validateuser ===> Message : validateUser() invoked!!
info: ===> TimeStamp : 2025-04-23 21:52:01===> API : null ===> Message : validRequest() :: Api validated Successfully
info: ===> TimeStamp : 2025-04-23 21:52:01===> API : /api/auth/validateuser ===> Message : validateUser() :: Request Object :: [object Object]
info: ===> TimeStamp : 2025-04-23 21:52:01===> API : /api/auth/validateuser ===> Message : validateUserDB() Invoked !
info: ===> TimeStamp : 2025-04-23 21:52:01===> API : /api/auth/validateuser ===> Message : validateUserResponse() invoked!
info: ===> TimeStamp : 2025-04-23 21:52:01===> API : /api/auth/validateuser ===> Message : validateUserResponse() completed
info: ===> TimeStamp : 2025-04-23 21:52:01===> API : null ===> Message : validateRequest() invoked
info: ===> TimeStamp : 2025-04-23 21:52:01===> API : null ===> Message : fetchDBSettings()
info: ===> TimeStamp : 2025-04-23 21:52:01===> API : null ===> Message : validateRequest() Invoked!
info: ===> TimeStamp : 2025-04-23 21:52:01===> API : null ===> Message : validRequest() :: Api validated Successfully
info: ===> TimeStamp : 2025-04-23 21:52:01===> API : /api/auth/checkIP ===> Message : checkIP() invoked!!
info: ===> TimeStamp : 2025-04-23 21:52:01===> API : /api/auth/checkIP ===> Message : IPs match: 103.225.102.194
info: ===> TimeStamp : 2025-04-23 21:52:01===> API : /api/auth/checkIP ===> Message : checkIPResponse() invoked!
info: ===> TimeStamp : 2025-04-23 21:52:01===> API : /api/auth/checkIP ===> Message : checkIPResponse() completed
info: ===> TimeStamp : 2025-04-23 21:52:01===> API : null ===> Message : validateRequest() invoked
info: ===> TimeStamp : 2025-04-23 21:52:01===> API : null ===> Message : fetchDBSettings()
info: ===> TimeStamp : 2025-04-23 21:52:01===> API : null ===> Message : validateRequest() Invoked!
info: ===> TimeStamp : 2025-04-23 21:52:01===> API : null ===> Message : validRequest() :: Api validated Successfully
info: ===> TimeStamp : 2025-04-23 21:52:01===> API : /api/auth/login ===> Message : loginUser() invoked!!
info: ===> TimeStamp : 2025-04-23 21:52:01===> API : /api/auth/login ===> Message : loginUser() :: Request Object :: [object Object]
info: ===> TimeStamp : 2025-04-23 21:52:01===> API : /api/auth/login ===> Message : loginUserDB() Invoked !
info: ===> TimeStamp : 2025-04-23 21:52:01===> API : /api/auth/login ===> Message : loginUserResponse() invoked!
info: ===> TimeStamp : 2025-04-23 21:52:01===> API : /api/auth/login ===> Message : loginUserResponse() completed
info: ===> TimeStamp : 2025-04-23 22:22:27===> API : null ===> Message : validateRequest() invoked
info: ===> TimeStamp : 2025-04-23 22:22:27===> API : null ===> Message : fetchDBSettings()
info: ===> TimeStamp : 2025-04-23 22:22:28===> API : null ===> Message : validateRequest() Invoked!
info: ===> TimeStamp : 2025-04-23 22:22:28===> API : null ===> Message : validRequest() :: Api validated Successfully
info: ===> TimeStamp : 2025-04-23 22:22:28===> API : /api/auth/validateuser ===> Message : validateUser() invoked!!
info: ===> TimeStamp : 2025-04-23 22:22:28===> API : /api/auth/validateuser ===> Message : validateUser() :: Request Object :: [object Object]
info: ===> TimeStamp : 2025-04-23 22:22:28===> API : /api/auth/validateuser ===> Message : validateUserDB() Invoked !
info: ===> TimeStamp : 2025-04-23 22:22:28===> API : /api/auth/validateuser ===> Message : validateUserResponse() invoked!
info: ===> TimeStamp : 2025-04-23 22:22:28===> API : /api/auth/validateuser ===> Message : validateUserResponse() completed
info: ===> TimeStamp : 2025-04-23 22:22:28===> API : null ===> Message : validateRequest() invoked
info: ===> TimeStamp : 2025-04-23 22:22:28===> API : null ===> Message : fetchDBSettings()
info: ===> TimeStamp : 2025-04-23 22:22:28===> API : null ===> Message : validateRequest() Invoked!
info: ===> TimeStamp : 2025-04-23 22:22:28===> API : null ===> Message : validRequest() :: Api validated Successfully
info: ===> TimeStamp : 2025-04-23 22:22:28===> API : /api/auth/login ===> Message : loginUser() invoked!!
info: ===> TimeStamp : 2025-04-23 22:22:28===> API : /api/auth/login ===> Message : loginUser() :: Request Object :: [object Object]
info: ===> TimeStamp : 2025-04-23 22:22:28===> API : /api/auth/login ===> Message : loginUserDB() Invoked !
info: ===> TimeStamp : 2025-04-23 22:22:28===> API : /api/auth/login ===> Message : loginUserResponse() invoked!
info: ===> TimeStamp : 2025-04-23 22:22:28===> API : /api/auth/login ===> Message : loginUserResponse() completed
info: ===> TimeStamp : 2025-04-23 23:21:30===> API : null ===> Message : validateRequest() invoked
info: ===> TimeStamp : 2025-04-23 23:21:30===> API : null ===> Message : fetchDBSettings()
info: ===> TimeStamp : 2025-04-23 23:21:30===> API : null ===> Message : validateRequest() Invoked!
info: ===> TimeStamp : 2025-04-23 23:21:30===> API : null ===> Message : validRequest() :: Api validated Successfully
info: ===> TimeStamp : 2025-04-23 23:21:30===> API : /api/auth/validateuser ===> Message : validateUser() invoked!!
info: ===> TimeStamp : 2025-04-23 23:21:30===> API : /api/auth/validateuser ===> Message : validateUser() :: Request Object :: [object Object]
info: ===> TimeStamp : 2025-04-23 23:21:30===> API : /api/auth/validateuser ===> Message : validateUserDB() Invoked !
info: ===> TimeStamp : 2025-04-23 23:21:30===> API : /api/auth/validateuser ===> Message : validateUserResponse() invoked!
info: ===> TimeStamp : 2025-04-23 23:21:30===> API : /api/auth/validateuser ===> Message : validateUserResponse() completed
info: ===> TimeStamp : 2025-04-23 23:21:30===> API : null ===> Message : validateRequest() invoked
info: ===> TimeStamp : 2025-04-23 23:21:30===> API : null ===> Message : fetchDBSettings()
info: ===> TimeStamp : 2025-04-23 23:21:30===> API : null ===> Message : validateRequest() Invoked!
info: ===> TimeStamp : 2025-04-23 23:21:30===> API : null ===> Message : validRequest() :: Api validated Successfully
info: ===> TimeStamp : 2025-04-23 23:21:30===> API : /api/auth/checkIP ===> Message : checkIP() invoked!!
info: ===> TimeStamp : 2025-04-23 23:21:30===> API : /api/auth/checkIP ===> Message : IPs match: 103.225.102.194
info: ===> TimeStamp : 2025-04-23 23:21:30===> API : /api/auth/checkIP ===> Message : checkIPResponse() invoked!
info: ===> TimeStamp : 2025-04-23 23:21:30===> API : /api/auth/checkIP ===> Message : checkIPResponse() completed
info: ===> TimeStamp : 2025-04-23 23:21:30===> API : null ===> Message : validateRequest() invoked
info: ===> TimeStamp : 2025-04-23 23:21:30===> API : null ===> Message : fetchDBSettings()
info: ===> TimeStamp : 2025-04-23 23:21:30===> API : null ===> Message : validateRequest() Invoked!
info: ===> TimeStamp : 2025-04-23 23:21:30===> API : null ===> Message : validRequest() :: Api validated Successfully
info: ===> TimeStamp : 2025-04-23 23:21:30===> API : /api/auth/login ===> Message : loginUser() invoked!!
info: ===> TimeStamp : 2025-04-23 23:21:30===> API : /api/auth/login ===> Message : loginUser() :: Request Object :: [object Object]
info: ===> TimeStamp : 2025-04-23 23:21:30===> API : /api/auth/login ===> Message : loginUserDB() Invoked !
info: ===> TimeStamp : 2025-04-23 23:21:30===> API : /api/auth/login ===> Message : loginUserResponse() invoked!
info: ===> TimeStamp : 2025-04-23 23:21:30===> API : /api/auth/login ===> Message : loginUserResponse() completed
info: ===> TimeStamp : 2025-04-23 23:44:39===> API : null ===> Message : validateRequest() invoked
info: ===> TimeStamp : 2025-04-23 23:44:39===> API : null ===> Message : fetchDBSettings()
info: ===> TimeStamp : 2025-04-23 23:44:39===> API : null ===> Message : validateRequest() Invoked!
info: ===> TimeStamp : 2025-04-23 23:44:39===> API : null ===> Message : validRequest() :: Api validated Successfully
info: ===> TimeStamp : 2025-04-23 23:44:39===> API : /api/auth/validateuser ===> Message : validateUser() invoked!!
info: ===> TimeStamp : 2025-04-23 23:44:39===> API : /api/auth/validateuser ===> Message : validateUser() :: Request Object :: [object Object]
info: ===> TimeStamp : 2025-04-23 23:44:39===> API : /api/auth/validateuser ===> Message : validateUserDB() Invoked !
info: ===> TimeStamp : 2025-04-23 23:44:39===> API : /api/auth/validateuser ===> Message : validateUserResponse() invoked!
info: ===> TimeStamp : 2025-04-23 23:44:39===> API : /api/auth/validateuser ===> Message : validateUserResponse() completed
info: ===> TimeStamp : 2025-04-23 23:44:40===> API : null ===> Message : validateRequest() invoked
info: ===> TimeStamp : 2025-04-23 23:44:40===> API : null ===> Message : fetchDBSettings()
info: ===> TimeStamp : 2025-04-23 23:44:40===> API : null ===> Message : validateRequest() Invoked!
info: ===> TimeStamp : 2025-04-23 23:44:40===> API : null ===> Message : validRequest() :: Api validated Successfully
info: ===> TimeStamp : 2025-04-23 23:44:40===> API : /api/auth/login ===> Message : loginUser() :: Request Object :: [object Object]
info: ===> TimeStamp : 2025-04-23 23:44:40===> API : /api/auth/login ===> Message : loginUser() invoked!!
info: ===> TimeStamp : 2025-04-23 23:44:40===> API : /api/auth/login ===> Message : loginUserDB() Invoked !
info: ===> TimeStamp : 2025-04-23 23:44:40===> API : /api/auth/login ===> Message : loginUserResponse() invoked!
info: ===> TimeStamp : 2025-04-23 23:44:40===> API : /api/auth/login ===> Message : loginUserResponse() completed
info: ===> TimeStamp : 2025-04-24 00:49:17===> API : null ===> Message : validateRequest() invoked
info: ===> TimeStamp : 2025-04-24 00:49:17===> API : null ===> Message : fetchDBSettings()
info: ===> TimeStamp : 2025-04-24 00:49:17===> API : null ===> Message : validateRequest() Invoked!
info: ===> TimeStamp : 2025-04-24 00:49:17===> API : null ===> Message : validRequest() :: Api validated Successfully
info: ===> TimeStamp : 2025-04-24 00:49:17===> API : /api/auth/validateuser ===> Message : validateUser() invoked!!
info: ===> TimeStamp : 2025-04-24 00:49:17===> API : /api/auth/validateuser ===> Message : validateUser() :: Request Object :: [object Object]
info: ===> TimeStamp : 2025-04-24 00:49:17===> API : /api/auth/validateuser ===> Message : validateUserDB() Invoked !
info: ===> TimeStamp : 2025-04-24 00:49:17===> API : /api/auth/validateuser ===> Message : validateUserResponse() invoked!
info: ===> TimeStamp : 2025-04-24 00:49:17===> API : /api/auth/validateuser ===> Message : validateUserResponse() completed
info: ===> TimeStamp : 2025-04-24 00:49:18===> API : null ===> Message : validateRequest() invoked
info: ===> TimeStamp : 2025-04-24 00:49:18===> API : null ===> Message : fetchDBSettings()
info: ===> TimeStamp : 2025-04-24 00:49:18===> API : null ===> Message : validateRequest() Invoked!
info: ===> TimeStamp : 2025-04-24 00:49:18===> API : null ===> Message : validRequest() :: Api validated Successfully
info: ===> TimeStamp : 2025-04-24 00:49:18===> API : /api/auth/login ===> Message : loginUser() :: Request Object :: [object Object]
info: ===> TimeStamp : 2025-04-24 00:49:18===> API : /api/auth/login ===> Message : loginUser() invoked!!
info: ===> TimeStamp : 2025-04-24 00:49:18===> API : /api/auth/login ===> Message : loginUserDB() Invoked !
info: ===> TimeStamp : 2025-04-24 00:49:18===> API : /api/auth/login ===> Message : loginUserResponse() invoked!
info: ===> TimeStamp : 2025-04-24 00:49:18===> API : /api/auth/login ===> Message : loginUserResponse() completed
info: ===> TimeStamp : 2025-04-24 00:55:58===> API : null ===> Message : validateRequest() invoked
info: ===> TimeStamp : 2025-04-24 00:55:58===> API : null ===> Message : fetchDBSettings()
info: ===> TimeStamp : 2025-04-24 00:55:58===> API : null ===> Message : validateRequest() Invoked!
info: ===> TimeStamp : 2025-04-24 00:55:58===> API : null ===> Message : validRequest() :: Api validated Successfully
info: ===> TimeStamp : 2025-04-24 00:55:58===> API : /api/auth/validateuser ===> Message : validateUser() invoked!!
info: ===> TimeStamp : 2025-04-24 00:55:58===> API : /api/auth/validateuser ===> Message : validateUser() :: Request Object :: [object Object]
info: ===> TimeStamp : 2025-04-24 00:55:58===> API : /api/auth/validateuser ===> Message : validateUserDB() Invoked !
info: ===> TimeStamp : 2025-04-24 00:55:58===> API : /api/auth/validateuser ===> Message : validateUserResponse() invoked!
info: ===> TimeStamp : 2025-04-24 00:55:58===> API : /api/auth/validateuser ===> Message : validateUserResponse() completed
info: ===> TimeStamp : 2025-04-24 00:55:59===> API : null ===> Message : fetchDBSettings()
info: ===> TimeStamp : 2025-04-24 00:55:59===> API : null ===> Message : validateRequest() invoked
info: ===> TimeStamp : 2025-04-24 00:55:59===> API : null ===> Message : validateRequest() Invoked!
info: ===> TimeStamp : 2025-04-24 00:55:59===> API : null ===> Message : validRequest() :: Api validated Successfully
info: ===> TimeStamp : 2025-04-24 00:55:59===> API : /api/auth/login ===> Message : loginUser() :: Request Object :: [object Object]
info: ===> TimeStamp : 2025-04-24 00:55:59===> API : /api/auth/login ===> Message : loginUser() invoked!!
info: ===> TimeStamp : 2025-04-24 00:55:59===> API : /api/auth/login ===> Message : loginUserDB() Invoked !
info: ===> TimeStamp : 2025-04-24 00:55:59===> API : /api/auth/login ===> Message : loginUserResponse() invoked!
info: ===> TimeStamp : 2025-04-24 00:55:59===> API : /api/auth/login ===> Message : loginUserResponse() completed
info: ===> TimeStamp : 2025-04-24 02:53:08===> API : null ===> Message : validateRequest() invoked
info: ===> TimeStamp : 2025-04-24 02:53:08===> API : null ===> Message : fetchDBSettings()
info: ===> TimeStamp : 2025-04-24 02:53:09===> API : null ===> Message : validateRequest() Invoked!
info: ===> TimeStamp : 2025-04-24 02:53:09===> API : null ===> Message : validRequest() :: Api validated Successfully
info: ===> TimeStamp : 2025-04-24 02:53:09===> API : /api/auth/logout ===> Message : logoutUser() invoked!!
info: ===> TimeStamp : 2025-04-24 02:53:09===> API : /api/auth/logout ===> Message : logoutUser() :: Request Object :: [object Object]
info: ===> TimeStamp : 2025-04-24 02:53:09===> API : /api/auth/logout ===> Message : logoutUserDB() Invoked !
info: ===> TimeStamp : 2025-04-24 02:53:09===> API : /api/auth/logout ===> Message : logoutUserResponse() invoked!
info: ===> TimeStamp : 2025-04-24 02:53:09===> API : /api/auth/logout ===> Message : logoutUserResponse() completed
info: ===> TimeStamp : 2025-04-24 04:41:37===> API : null ===> Message : validateRequest() invoked
info: ===> TimeStamp : 2025-04-24 04:41:37===> API : null ===> Message : fetchDBSettings()
info: ===> TimeStamp : 2025-04-24 04:41:37===> API : null ===> Message : validateRequest() Invoked!
info: ===> TimeStamp : 2025-04-24 04:41:37===> API : null ===> Message : validRequest() :: Api validated Successfully
info: ===> TimeStamp : 2025-04-24 04:41:37===> API : /api/auth/logout ===> Message : logoutUser() invoked!!
info: ===> TimeStamp : 2025-04-24 04:41:37===> API : /api/auth/logout ===> Message : logoutUser() :: Request Object :: [object Object]
info: ===> TimeStamp : 2025-04-24 04:41:37===> API : /api/auth/logout ===> Message : logoutUserDB() Invoked !
info: ===> TimeStamp : 2025-04-24 04:41:37===> API : /api/auth/logout ===> Message : logoutUserResponse() invoked!
info: ===> TimeStamp : 2025-04-24 04:41:37===> API : /api/auth/logout ===> Message : logoutUserResponse() completed
info: ===> TimeStamp : 2025-04-24 04:41:45===> API : null ===> Message : validateRequest() invoked
info: ===> TimeStamp : 2025-04-24 04:41:45===> API : null ===> Message : fetchDBSettings()
info: ===> TimeStamp : 2025-04-24 04:41:45===> API : null ===> Message : validateRequest() Invoked!
info: ===> TimeStamp : 2025-04-24 04:41:45===> API : null ===> Message : validRequest() :: Api validated Successfully
info: ===> TimeStamp : 2025-04-24 04:41:45===> API : /api/auth/validateuser ===> Message : validateUser() invoked!!
info: ===> TimeStamp : 2025-04-24 04:41:45===> API : /api/auth/validateuser ===> Message : validateUser() :: Request Object :: [object Object]
info: ===> TimeStamp : 2025-04-24 04:41:45===> API : /api/auth/validateuser ===> Message : validateUserDB() Invoked !
info: ===> TimeStamp : 2025-04-24 04:41:45===> API : /api/auth/validateuser ===> Message : validateUserResponse() invoked!
info: ===> TimeStamp : 2025-04-24 04:41:45===> API : /api/auth/validateuser ===> Message : validateUserResponse() completed
info: ===> TimeStamp : 2025-04-24 04:41:45===> API : null ===> Message : validateRequest() invoked
info: ===> TimeStamp : 2025-04-24 04:41:45===> API : null ===> Message : fetchDBSettings()
info: ===> TimeStamp : 2025-04-24 04:41:45===> API : null ===> Message : validateRequest() Invoked!
info: ===> TimeStamp : 2025-04-24 04:41:45===> API : null ===> Message : validRequest() :: Api validated Successfully
info: ===> TimeStamp : 2025-04-24 04:41:45===> API : /api/auth/checkIP ===> Message : checkIP() invoked!!
info: ===> TimeStamp : 2025-04-24 04:41:45===> API : /api/auth/checkIP ===> Message : checkIPResponse() invoked!
info: ===> TimeStamp : 2025-04-24 04:41:45===> API : /api/auth/checkIP ===> Message : IPs match: 103.225.102.194
info: ===> TimeStamp : 2025-04-24 04:41:45===> API : /api/auth/checkIP ===> Message : checkIPResponse() completed
info: ===> TimeStamp : 2025-04-24 04:41:45===> API : null ===> Message : validateRequest() invoked
info: ===> TimeStamp : 2025-04-24 04:41:45===> API : null ===> Message : fetchDBSettings()
info: ===> TimeStamp : 2025-04-24 04:41:45===> API : null ===> Message : validateRequest() Invoked!
info: ===> TimeStamp : 2025-04-24 04:41:45===> API : null ===> Message : validRequest() :: Api validated Successfully
info: ===> TimeStamp : 2025-04-24 04:41:45===> API : /api/auth/login ===> Message : loginUser() invoked!!
info: ===> TimeStamp : 2025-04-24 04:41:45===> API : /api/auth/login ===> Message : loginUser() :: Request Object :: [object Object]
info: ===> TimeStamp : 2025-04-24 04:41:45===> API : /api/auth/login ===> Message : loginUserDB() Invoked !
info: ===> TimeStamp : 2025-04-24 04:41:45===> API : /api/auth/login ===> Message : loginUserResponse() invoked!
info: ===> TimeStamp : 2025-04-24 04:41:45===> API : /api/auth/login ===> Message : loginUserResponse() completed
info: ===> TimeStamp : 2025-04-24 04:42:19===> API : null ===> Message : validateRequest() invoked
info: ===> TimeStamp : 2025-04-24 04:42:19===> API : null ===> Message : fetchDBSettings()
info: ===> TimeStamp : 2025-04-24 04:42:19===> API : null ===> Message : validateRequest() Invoked!
info: ===> TimeStamp : 2025-04-24 04:42:20===> API : null ===> Message : validRequest() :: Api validated Successfully
info: ===> TimeStamp : 2025-04-24 04:42:20===> API : /api/auth/logout ===> Message : logoutUser() invoked!!
info: ===> TimeStamp : 2025-04-24 04:42:20===> API : /api/auth/logout ===> Message : logoutUser() :: Request Object :: [object Object]
info: ===> TimeStamp : 2025-04-24 04:42:20===> API : /api/auth/logout ===> Message : logoutUserDB() Invoked !
info: ===> TimeStamp : 2025-04-24 04:42:20===> API : /api/auth/logout ===> Message : logoutUserResponse() invoked!
info: ===> TimeStamp : 2025-04-24 04:42:20===> API : /api/auth/logout ===> Message : logoutUserResponse() completed
info: ===> TimeStamp : 2025-04-24 04:42:26===> API : null ===> Message : validateRequest() invoked
info: ===> TimeStamp : 2025-04-24 04:42:26===> API : null ===> Message : fetchDBSettings()
info: ===> TimeStamp : 2025-04-24 04:42:26===> API : null ===> Message : validateRequest() Invoked!
info: ===> TimeStamp : 2025-04-24 04:42:26===> API : null ===> Message : validRequest() :: Api validated Successfully
info: ===> TimeStamp : 2025-04-24 04:42:26===> API : /api/auth/validateuser ===> Message : validateUser() invoked!!
info: ===> TimeStamp : 2025-04-24 04:42:26===> API : /api/auth/validateuser ===> Message : validateUser() :: Request Object :: [object Object]
info: ===> TimeStamp : 2025-04-24 04:42:26===> API : /api/auth/validateuser ===> Message : validateUserDB() Invoked !
info: ===> TimeStamp : 2025-04-24 04:42:26===> API : /api/auth/validateuser ===> Message : validateUserResponse() invoked!
info: ===> TimeStamp : 2025-04-24 04:42:26===> API : /api/auth/validateuser ===> Message : validateUserResponse() completed
info: ===> TimeStamp : 2025-04-24 04:42:26===> API : null ===> Message : validateRequest() invoked
info: ===> TimeStamp : 2025-04-24 04:42:26===> API : null ===> Message : fetchDBSettings()
info: ===> TimeStamp : 2025-04-24 04:42:26===> API : null ===> Message : validateRequest() Invoked!
info: ===> TimeStamp : 2025-04-24 04:42:26===> API : null ===> Message : validRequest() :: Api validated Successfully
info: ===> TimeStamp : 2025-04-24 04:42:26===> API : /api/auth/checkIP ===> Message : checkIP() invoked!!
info: ===> TimeStamp : 2025-04-24 04:42:26===> API : /api/auth/checkIP ===> Message : IPs match: 103.225.102.194
info: ===> TimeStamp : 2025-04-24 04:42:26===> API : /api/auth/checkIP ===> Message : checkIPResponse() invoked!
info: ===> TimeStamp : 2025-04-24 04:42:26===> API : /api/auth/checkIP ===> Message : checkIPResponse() completed
info: ===> TimeStamp : 2025-04-24 04:42:26===> API : null ===> Message : validateRequest() invoked
info: ===> TimeStamp : 2025-04-24 04:42:26===> API : null ===> Message : fetchDBSettings()
info: ===> TimeStamp : 2025-04-24 04:42:26===> API : null ===> Message : validateRequest() Invoked!
info: ===> TimeStamp : 2025-04-24 04:42:26===> API : null ===> Message : validRequest() :: Api validated Successfully
info: ===> TimeStamp : 2025-04-24 04:42:26===> API : /api/auth/login ===> Message : loginUser() invoked!!
info: ===> TimeStamp : 2025-04-24 04:42:26===> API : /api/auth/login ===> Message : loginUser() :: Request Object :: [object Object]
info: ===> TimeStamp : 2025-04-24 04:42:26===> API : /api/auth/login ===> Message : loginUserDB() Invoked !
info: ===> TimeStamp : 2025-04-24 04:42:26===> API : /api/auth/login ===> Message : loginUserResponse() invoked!
info: ===> TimeStamp : 2025-04-24 04:42:26===> API : /api/auth/login ===> Message : loginUserResponse() completed
