info: ===> TimeStamp : 2026-03-16 06:49:10===> API : null ===> Message : validateRequest() invoked
info: ===> TimeStamp : 2026-03-16 06:49:10===> API : null ===> Message : fetchDBSettings()
info: ===> TimeStamp : 2026-03-16 06:49:10===> API : null ===> Message : validateRequest() Invoked!
info: ===> TimeStamp : 2026-03-16 06:49:10===> API : null ===> Message : validRequest() :: Api validated Successfully
info: ===> TimeStamp : 2026-03-16 06:49:10===> API : /api/auth/logout ===> Message : logoutUser() invoked!!
info: ===> TimeStamp : 2026-03-16 06:49:10===> API : /api/auth/logout ===> Message : logoutUser() :: Request Object :: [object Object]
info: ===> TimeStamp : 2026-03-16 06:49:10===> API : /api/auth/logout ===> Message : logoutUserDB() Invoked !
info: ===> TimeStamp : 2026-03-16 06:49:10===> API : /api/auth/logout ===> Message : logoutUserResponse() invoked!
info: ===> TimeStamp : 2026-03-16 06:49:10===> API : /api/auth/logout ===> Message : logoutUserResponse() completed
info: ===> TimeStamp : 2026-03-16 06:49:18===> API : null ===> Message : validateRequest() invoked
info: ===> TimeStamp : 2026-03-16 06:49:18===> API : null ===> Message : fetchDBSettings()
info: ===> TimeStamp : 2026-03-16 06:49:18===> API : null ===> Message : validateRequest() Invoked!
info: ===> TimeStamp : 2026-03-16 06:49:18===> API : null ===> Message : validRequest() :: Api validated Successfully
info: ===> TimeStamp : 2026-03-16 06:49:18===> API : /api/auth/logout ===> Message : logoutUser() :: Request Object :: [object Object]
info: ===> TimeStamp : 2026-03-16 06:49:18===> API : /api/auth/logout ===> Message : logoutUser() invoked!!
info: ===> TimeStamp : 2026-03-16 06:49:18===> API : /api/auth/logout ===> Message : logoutUserDB() Invoked !
info: ===> TimeStamp : 2026-03-16 06:49:18===> API : /api/auth/logout ===> Message : logoutUserResponse() invoked!
info: ===> TimeStamp : 2026-03-16 06:49:18===> API : /api/auth/logout ===> Message : logoutUserResponse() completed
info: ===> TimeStamp : 2026-03-16 06:54:53===> API : null ===> Message : validateRequest() invoked
info: ===> TimeStamp : 2026-03-16 06:54:53===> API : null ===> Message : fetchDBSettings()
info: ===> TimeStamp : 2026-03-16 06:54:53===> API : null ===> Message : validateRequest() Invoked!
info: ===> TimeStamp : 2026-03-16 06:54:53===> API : null ===> Message : validRequest() :: Api validated Successfully
info: ===> TimeStamp : 2026-03-16 06:54:53===> API : /api/auth/validateuser ===> Message : validateUser() invoked!!
info: ===> TimeStamp : 2026-03-16 06:54:53===> API : /api/auth/validateuser ===> Message : validateUser() :: Request Object :: [object Object]
info: ===> TimeStamp : 2026-03-16 06:54:53===> API : /api/auth/validateuser ===> Message : validateUserDB() Invoked !
info: ===> TimeStamp : 2026-03-16 06:54:53===> API : /api/auth/validateuser ===> Message : validateUserResponse() invoked!
info: ===> TimeStamp : 2026-03-16 06:54:53===> API : /api/auth/validateuser ===> Message : validateUserResponse() completed
info: ===> TimeStamp : 2026-03-16 06:54:53===> API : null ===> Message : validateRequest() invoked
info: ===> TimeStamp : 2026-03-16 06:54:53===> API : null ===> Message : fetchDBSettings()
info: ===> TimeStamp : 2026-03-16 06:54:53===> API : null ===> Message : validateRequest() Invoked!
info: ===> TimeStamp : 2026-03-16 06:54:53===> API : null ===> Message : validRequest() :: Api validated Successfully
info: ===> TimeStamp : 2026-03-16 06:54:53===> API : /api/auth/checkIP ===> Message : checkIP() invoked!!
info: ===> TimeStamp : 2026-03-16 06:54:53===> API : /api/auth/checkIP ===> Message : IPs match: 103.225.102.194
info: ===> TimeStamp : 2026-03-16 06:54:53===> API : /api/auth/checkIP ===> Message : checkIPResponse() invoked!
info: ===> TimeStamp : 2026-03-16 06:54:53===> API : /api/auth/checkIP ===> Message : checkIPResponse() completed
info: ===> TimeStamp : 2026-03-16 06:54:53===> API : null ===> Message : validateRequest() invoked
info: ===> TimeStamp : 2026-03-16 06:54:53===> API : null ===> Message : fetchDBSettings()
info: ===> TimeStamp : 2026-03-16 06:54:53===> API : null ===> Message : validateRequest() Invoked!
info: ===> TimeStamp : 2026-03-16 06:54:53===> API : null ===> Message : validRequest() :: Api validated Successfully
info: ===> TimeStamp : 2026-03-16 06:54:53===> API : /api/auth/login ===> Message : loginUser() invoked!!
info: ===> TimeStamp : 2026-03-16 06:54:53===> API : /api/auth/login ===> Message : loginUser() :: Request Object :: [object Object]
info: ===> TimeStamp : 2026-03-16 06:54:53===> API : /api/auth/login ===> Message : loginUserDB() Invoked !
info: ===> TimeStamp : 2026-03-16 06:54:53===> API : /api/auth/login ===> Message : loginUserResponse() invoked!
info: ===> TimeStamp : 2026-03-16 06:54:53===> API : /api/auth/login ===> Message : loginUserResponse() completed
info: ===> TimeStamp : 2026-03-16 07:10:10===> API : null ===> Message : validateRequest() invoked
info: ===> TimeStamp : 2026-03-16 07:10:10===> API : null ===> Message : fetchDBSettings()
info: ===> TimeStamp : 2026-03-16 07:10:10===> API : null ===> Message : validateRequest() Invoked!
info: ===> TimeStamp : 2026-03-16 07:10:10===> API : null ===> Message : validRequest() :: Api validated Successfully
info: ===> TimeStamp : 2026-03-16 07:10:10===> API : /api/auth/validateuser ===> Message : validateUser() invoked!!
info: ===> TimeStamp : 2026-03-16 07:10:10===> API : /api/auth/validateuser ===> Message : validateUser() :: Request Object :: [object Object]
info: ===> TimeStamp : 2026-03-16 07:10:10===> API : /api/auth/validateuser ===> Message : validateUserDB() Invoked !
info: ===> TimeStamp : 2026-03-16 07:10:10===> API : /api/auth/validateuser ===> Message : validateUserResponse() invoked!
info: ===> TimeStamp : 2026-03-16 07:10:10===> API : /api/auth/validateuser ===> Message : validateUserResponse() completed
info: ===> TimeStamp : 2026-03-16 07:10:10===> API : null ===> Message : validateRequest() invoked
info: ===> TimeStamp : 2026-03-16 07:10:10===> API : null ===> Message : fetchDBSettings()
info: ===> TimeStamp : 2026-03-16 07:10:10===> API : null ===> Message : validateRequest() Invoked!
info: ===> TimeStamp : 2026-03-16 07:10:10===> API : null ===> Message : validRequest() :: Api validated Successfully
info: ===> TimeStamp : 2026-03-16 07:10:10===> API : /api/auth/checkIP ===> Message : checkIP() invoked!!
info: ===> TimeStamp : 2026-03-16 07:10:10===> API : /api/auth/checkIP ===> Message : IPs match: 103.225.102.194
info: ===> TimeStamp : 2026-03-16 07:10:10===> API : /api/auth/checkIP ===> Message : checkIPResponse() invoked!
info: ===> TimeStamp : 2026-03-16 07:10:10===> API : /api/auth/checkIP ===> Message : checkIPResponse() completed
info: ===> TimeStamp : 2026-03-16 07:10:10===> API : null ===> Message : validateRequest() invoked
info: ===> TimeStamp : 2026-03-16 07:10:10===> API : null ===> Message : fetchDBSettings()
info: ===> TimeStamp : 2026-03-16 07:10:10===> API : null ===> Message : validateRequest() Invoked!
info: ===> TimeStamp : 2026-03-16 07:10:10===> API : null ===> Message : validRequest() :: Api validated Successfully
info: ===> TimeStamp : 2026-03-16 07:10:10===> API : /api/auth/login ===> Message : loginUser() invoked!!
info: ===> TimeStamp : 2026-03-16 07:10:10===> API : /api/auth/login ===> Message : loginUser() :: Request Object :: [object Object]
info: ===> TimeStamp : 2026-03-16 07:10:10===> API : /api/auth/login ===> Message : loginUserDB() Invoked !
info: ===> TimeStamp : 2026-03-16 07:10:10===> API : /api/auth/login ===> Message : loginUserResponse() invoked!
info: ===> TimeStamp : 2026-03-16 07:10:10===> API : /api/auth/login ===> Message : loginUserResponse() completed
info: ===> TimeStamp : 2026-03-16 08:03:03===> API : null ===> Message : validateRequest() invoked
info: ===> TimeStamp : 2026-03-16 08:03:03===> API : null ===> Message : fetchDBSettings()
info: ===> TimeStamp : 2026-03-16 08:03:03===> API : null ===> Message : validateRequest() Invoked!
info: ===> TimeStamp : 2026-03-16 08:03:03===> API : null ===> Message : validRequest() :: Api validated Successfully
info: ===> TimeStamp : 2026-03-16 08:03:03===> API : /api/auth/validateuser ===> Message : validateUser() invoked!!
info: ===> TimeStamp : 2026-03-16 08:03:03===> API : /api/auth/validateuser ===> Message : validateUser() :: Request Object :: [object Object]
info: ===> TimeStamp : 2026-03-16 08:03:03===> API : /api/auth/validateuser ===> Message : validateUserDB() Invoked !
info: ===> TimeStamp : 2026-03-16 08:03:03===> API : /api/auth/validateuser ===> Message : validateUserResponse() invoked!
info: ===> TimeStamp : 2026-03-16 08:03:03===> API : /api/auth/validateuser ===> Message : validateUserResponse() completed
info: ===> TimeStamp : 2026-03-16 08:03:03===> API : null ===> Message : validateRequest() invoked
info: ===> TimeStamp : 2026-03-16 08:03:03===> API : null ===> Message : fetchDBSettings()
info: ===> TimeStamp : 2026-03-16 08:03:03===> API : null ===> Message : validateRequest() Invoked!
info: ===> TimeStamp : 2026-03-16 08:03:04===> API : null ===> Message : validRequest() :: Api validated Successfully
info: ===> TimeStamp : 2026-03-16 08:03:04===> API : /api/auth/checkIP ===> Message : checkIP() invoked!!
info: ===> TimeStamp : 2026-03-16 08:03:04===> API : /api/auth/checkIP ===> Message : IPs match: 103.225.102.194
info: ===> TimeStamp : 2026-03-16 08:03:04===> API : /api/auth/checkIP ===> Message : checkIPResponse() invoked!
info: ===> TimeStamp : 2026-03-16 08:03:04===> API : /api/auth/checkIP ===> Message : checkIPResponse() completed
info: ===> TimeStamp : 2026-03-16 08:03:04===> API : null ===> Message : validateRequest() invoked
info: ===> TimeStamp : 2026-03-16 08:03:04===> API : null ===> Message : fetchDBSettings()
info: ===> TimeStamp : 2026-03-16 08:03:04===> API : null ===> Message : validateRequest() Invoked!
info: ===> TimeStamp : 2026-03-16 08:03:04===> API : null ===> Message : validRequest() :: Api validated Successfully
info: ===> TimeStamp : 2026-03-16 08:03:04===> API : /api/auth/login ===> Message : loginUser() invoked!!
info: ===> TimeStamp : 2026-03-16 08:03:04===> API : /api/auth/login ===> Message : loginUser() :: Request Object :: [object Object]
info: ===> TimeStamp : 2026-03-16 08:03:04===> API : /api/auth/login ===> Message : loginUserDB() Invoked !
info: ===> TimeStamp : 2026-03-16 08:03:04===> API : /api/auth/login ===> Message : loginUserResponse() invoked!
info: ===> TimeStamp : 2026-03-16 08:03:04===> API : /api/auth/login ===> Message : loginUserResponse() completed
info: ===> TimeStamp : 2026-03-16 08:19:29===> API : null ===> Message : validateRequest() invoked
info: ===> TimeStamp : 2026-03-16 08:19:29===> API : null ===> Message : fetchDBSettings()
info: ===> TimeStamp : 2026-03-16 08:19:29===> API : null ===> Message : validateRequest() Invoked!
info: ===> TimeStamp : 2026-03-16 08:19:29===> API : null ===> Message : validRequest() :: Api validated Successfully
info: ===> TimeStamp : 2026-03-16 08:19:29===> API : /api/auth/validateuser ===> Message : validateUser() invoked!!
info: ===> TimeStamp : 2026-03-16 08:19:29===> API : /api/auth/validateuser ===> Message : validateUser() :: Request Object :: [object Object]
info: ===> TimeStamp : 2026-03-16 08:19:29===> API : /api/auth/validateuser ===> Message : validateUserDB() Invoked !
info: ===> TimeStamp : 2026-03-16 08:19:29===> API : /api/auth/validateuser ===> Message : validateUserResponse() invoked!
info: ===> TimeStamp : 2026-03-16 08:19:29===> API : /api/auth/validateuser ===> Message : validateUserResponse() completed
info: ===> TimeStamp : 2026-03-16 08:19:29===> API : null ===> Message : validateRequest() invoked
info: ===> TimeStamp : 2026-03-16 08:19:29===> API : null ===> Message : fetchDBSettings()
info: ===> TimeStamp : 2026-03-16 08:19:29===> API : null ===> Message : validateRequest() Invoked!
info: ===> TimeStamp : 2026-03-16 08:19:29===> API : null ===> Message : validRequest() :: Api validated Successfully
info: ===> TimeStamp : 2026-03-16 08:19:29===> API : /api/auth/checkIP ===> Message : checkIP() invoked!!
info: ===> TimeStamp : 2026-03-16 08:19:29===> API : /api/auth/checkIP ===> Message : IPs match: 103.225.102.194
info: ===> TimeStamp : 2026-03-16 08:19:29===> API : /api/auth/checkIP ===> Message : checkIPResponse() invoked!
info: ===> TimeStamp : 2026-03-16 08:19:29===> API : /api/auth/checkIP ===> Message : checkIPResponse() completed
info: ===> TimeStamp : 2026-03-16 08:19:29===> API : null ===> Message : validateRequest() invoked
info: ===> TimeStamp : 2026-03-16 08:19:29===> API : null ===> Message : fetchDBSettings()
info: ===> TimeStamp : 2026-03-16 08:19:29===> API : null ===> Message : validateRequest() Invoked!
info: ===> TimeStamp : 2026-03-16 08:19:29===> API : null ===> Message : validRequest() :: Api validated Successfully
info: ===> TimeStamp : 2026-03-16 08:19:29===> API : /api/auth/login ===> Message : loginUser() invoked!!
info: ===> TimeStamp : 2026-03-16 08:19:29===> API : /api/auth/login ===> Message : loginUser() :: Request Object :: [object Object]
info: ===> TimeStamp : 2026-03-16 08:19:29===> API : /api/auth/login ===> Message : loginUserDB() Invoked !
info: ===> TimeStamp : 2026-03-16 08:19:29===> API : /api/auth/login ===> Message : loginUserResponse() invoked!
info: ===> TimeStamp : 2026-03-16 08:19:29===> API : /api/auth/login ===> Message : loginUserResponse() completed
info: ===> TimeStamp : 2026-03-16 09:42:35===> API : null ===> Message : validateRequest() invoked
info: ===> TimeStamp : 2026-03-16 09:42:35===> API : null ===> Message : fetchDBSettings()
info: ===> TimeStamp : 2026-03-16 09:42:35===> API : null ===> Message : validateRequest() Invoked!
info: ===> TimeStamp : 2026-03-16 09:42:35===> API : null ===> Message : validRequest() :: Api validated Successfully
info: ===> TimeStamp : 2026-03-16 09:42:35===> API : /api/auth/validateuser ===> Message : validateUser() invoked!!
info: ===> TimeStamp : 2026-03-16 09:42:35===> API : /api/auth/validateuser ===> Message : validateUser() :: Request Object :: [object Object]
info: ===> TimeStamp : 2026-03-16 09:42:35===> API : /api/auth/validateuser ===> Message : validateUserDB() Invoked !
info: ===> TimeStamp : 2026-03-16 09:42:35===> API : /api/auth/validateuser ===> Message : validateUserResponse() invoked!
info: ===> TimeStamp : 2026-03-16 09:42:35===> API : /api/auth/validateuser ===> Message : validateUserResponse() completed
info: ===> TimeStamp : 2026-03-16 09:42:35===> API : null ===> Message : validateRequest() invoked
info: ===> TimeStamp : 2026-03-16 09:42:35===> API : null ===> Message : fetchDBSettings()
info: ===> TimeStamp : 2026-03-16 09:42:35===> API : null ===> Message : validateRequest() Invoked!
info: ===> TimeStamp : 2026-03-16 09:42:35===> API : null ===> Message : validRequest() :: Api validated Successfully
info: ===> TimeStamp : 2026-03-16 09:42:35===> API : /api/auth/login ===> Message : loginUser() invoked!!
info: ===> TimeStamp : 2026-03-16 09:42:35===> API : /api/auth/login ===> Message : loginUser() :: Request Object :: [object Object]
info: ===> TimeStamp : 2026-03-16 09:42:35===> API : /api/auth/login ===> Message : loginUserDB() Invoked !
info: ===> TimeStamp : 2026-03-16 09:42:35===> API : /api/auth/login ===> Message : loginUserResponse() invoked!
info: ===> TimeStamp : 2026-03-16 09:42:35===> API : /api/auth/login ===> Message : loginUserResponse() completed
info: ===> TimeStamp : 2026-03-16 09:45:20===> API : null ===> Message : validateRequest() invoked
info: ===> TimeStamp : 2026-03-16 09:45:20===> API : null ===> Message : validateRequest() Error:: Invalid Request :: 
      {"apiUri":"/"}
info: ===> TimeStamp : 2026-03-16 09:45:25===> API : null ===> Message : validateRequest() invoked
info: ===> TimeStamp : 2026-03-16 09:45:25===> API : null ===> Message : validateRequest() Error:: Invalid Request :: 
      {"apiUri":"/favicon.ico"}
info: ===> TimeStamp : 2026-03-16 09:56:37===> API : null ===> Message : validateRequest() invoked
info: ===> TimeStamp : 2026-03-16 09:56:37===> API : null ===> Message : validateRequest() Error:: Invalid Request :: 
      {"apiUri":"/"}
info: ===> TimeStamp : 2026-03-16 10:32:52===> API : null ===> Message : validateRequest() invoked
info: ===> TimeStamp : 2026-03-16 10:32:52===> API : null ===> Message : fetchDBSettings()
info: ===> TimeStamp : 2026-03-16 10:32:52===> API : null ===> Message : validateRequest() Invoked!
info: ===> TimeStamp : 2026-03-16 10:32:52===> API : null ===> Message : validRequest() :: Api validated Successfully
info: ===> TimeStamp : 2026-03-16 10:32:52===> API : /api/auth/validateuser ===> Message : validateUser() invoked!!
info: ===> TimeStamp : 2026-03-16 10:32:52===> API : /api/auth/validateuser ===> Message : validateUser() :: Request Object :: [object Object]
info: ===> TimeStamp : 2026-03-16 10:32:52===> API : /api/auth/validateuser ===> Message : validateUserDB() Invoked !
info: ===> TimeStamp : 2026-03-16 10:32:52===> API : /api/auth/validateuser ===> Message : validateUserResponse() invoked!
info: ===> TimeStamp : 2026-03-16 10:32:52===> API : /api/auth/validateuser ===> Message : validateUserResponse() completed
info: ===> TimeStamp : 2026-03-16 10:32:52===> API : null ===> Message : validateRequest() invoked
info: ===> TimeStamp : 2026-03-16 10:32:52===> API : null ===> Message : fetchDBSettings()
info: ===> TimeStamp : 2026-03-16 10:32:52===> API : null ===> Message : validateRequest() Invoked!
info: ===> TimeStamp : 2026-03-16 10:32:52===> API : null ===> Message : validRequest() :: Api validated Successfully
info: ===> TimeStamp : 2026-03-16 10:32:52===> API : /api/auth/login ===> Message : loginUser() invoked!!
info: ===> TimeStamp : 2026-03-16 10:32:52===> API : /api/auth/login ===> Message : loginUser() :: Request Object :: [object Object]
info: ===> TimeStamp : 2026-03-16 10:32:52===> API : /api/auth/login ===> Message : loginUserDB() Invoked !
info: ===> TimeStamp : 2026-03-16 10:32:52===> API : /api/auth/login ===> Message : loginUserResponse() invoked!
info: ===> TimeStamp : 2026-03-16 10:32:52===> API : /api/auth/login ===> Message : loginUserResponse() completed
info: ===> TimeStamp : 2026-03-16 10:32:56===> API : null ===> Message : validateRequest() invoked
info: ===> TimeStamp : 2026-03-16 10:32:56===> API : null ===> Message : fetchDBSettings()
info: ===> TimeStamp : 2026-03-16 10:32:56===> API : null ===> Message : validateRequest() Invoked!
info: ===> TimeStamp : 2026-03-16 10:32:56===> API : null ===> Message : validRequest() :: Api validated Successfully
info: ===> TimeStamp : 2026-03-16 10:32:56===> API : /api/auth/validateuser ===> Message : validateUser() invoked!!
info: ===> TimeStamp : 2026-03-16 10:32:56===> API : /api/auth/validateuser ===> Message : validateUser() :: Request Object :: [object Object]
info: ===> TimeStamp : 2026-03-16 10:32:56===> API : /api/auth/validateuser ===> Message : validateUserDB() Invoked !
info: ===> TimeStamp : 2026-03-16 10:32:56===> API : /api/auth/validateuser ===> Message : validateUserResponse() invoked!
info: ===> TimeStamp : 2026-03-16 10:32:56===> API : /api/auth/validateuser ===> Message : validateUserResponse() completed
info: ===> TimeStamp : 2026-03-16 10:32:56===> API : null ===> Message : validateRequest() invoked
info: ===> TimeStamp : 2026-03-16 10:32:56===> API : null ===> Message : fetchDBSettings()
info: ===> TimeStamp : 2026-03-16 10:32:56===> API : null ===> Message : validateRequest() Invoked!
info: ===> TimeStamp : 2026-03-16 10:32:56===> API : null ===> Message : validRequest() :: Api validated Successfully
info: ===> TimeStamp : 2026-03-16 10:32:56===> API : /api/auth/login ===> Message : loginUser() invoked!!
info: ===> TimeStamp : 2026-03-16 10:32:56===> API : /api/auth/login ===> Message : loginUser() :: Request Object :: [object Object]
info: ===> TimeStamp : 2026-03-16 10:32:56===> API : /api/auth/login ===> Message : loginUserDB() Invoked !
info: ===> TimeStamp : 2026-03-16 10:32:56===> API : /api/auth/login ===> Message : loginUserResponse() invoked!
info: ===> TimeStamp : 2026-03-16 10:32:56===> API : /api/auth/login ===> Message : loginUserResponse() completed
info: ===> TimeStamp : 2026-03-16 11:19:53===> API : null ===> Message : validateRequest() invoked
info: ===> TimeStamp : 2026-03-16 11:19:53===> API : null ===> Message : fetchDBSettings()
info: ===> TimeStamp : 2026-03-16 11:19:53===> API : null ===> Message : validateRequest() Invoked!
info: ===> TimeStamp : 2026-03-16 11:19:53===> API : null ===> Message : validRequest() :: Api validated Successfully
info: ===> TimeStamp : 2026-03-16 11:19:53===> API : /api/auth/validateuser ===> Message : validateUser() invoked!!
info: ===> TimeStamp : 2026-03-16 11:19:53===> API : /api/auth/validateuser ===> Message : validateUser() :: Request Object :: [object Object]
info: ===> TimeStamp : 2026-03-16 11:19:53===> API : /api/auth/validateuser ===> Message : validateUserDB() Invoked !
info: ===> TimeStamp : 2026-03-16 11:19:53===> API : /api/auth/validateuser ===> Message : validateUserResponse() invoked!
info: ===> TimeStamp : 2026-03-16 11:19:53===> API : /api/auth/validateuser ===> Message : validateUserResponse() completed
info: ===> TimeStamp : 2026-03-16 11:19:53===> API : null ===> Message : validateRequest() invoked
info: ===> TimeStamp : 2026-03-16 11:19:53===> API : null ===> Message : fetchDBSettings()
info: ===> TimeStamp : 2026-03-16 11:19:53===> API : null ===> Message : validateRequest() Invoked!
info: ===> TimeStamp : 2026-03-16 11:19:53===> API : null ===> Message : validRequest() :: Api validated Successfully
info: ===> TimeStamp : 2026-03-16 11:19:53===> API : /api/auth/login ===> Message : loginUser() invoked!!
info: ===> TimeStamp : 2026-03-16 11:19:53===> API : /api/auth/login ===> Message : loginUser() :: Request Object :: [object Object]
info: ===> TimeStamp : 2026-03-16 11:19:53===> API : /api/auth/login ===> Message : loginUserDB() Invoked !
info: ===> TimeStamp : 2026-03-16 11:19:53===> API : /api/auth/login ===> Message : loginUserResponse() invoked!
info: ===> TimeStamp : 2026-03-16 11:19:53===> API : /api/auth/login ===> Message : loginUserResponse() completed
info: ===> TimeStamp : 2026-03-16 11:37:59===> API : null ===> Message : validateRequest() invoked
info: ===> TimeStamp : 2026-03-16 11:37:59===> API : null ===> Message : fetchDBSettings()
info: ===> TimeStamp : 2026-03-16 11:37:59===> API : null ===> Message : validateRequest() Invoked!
info: ===> TimeStamp : 2026-03-16 11:37:59===> API : null ===> Message : validRequest() :: Api validated Successfully
info: ===> TimeStamp : 2026-03-16 11:37:59===> API : /api/auth/validateuser ===> Message : validateUser() invoked!!
info: ===> TimeStamp : 2026-03-16 11:37:59===> API : /api/auth/validateuser ===> Message : validateUser() :: Request Object :: [object Object]
info: ===> TimeStamp : 2026-03-16 11:37:59===> API : /api/auth/validateuser ===> Message : validateUserDB() Invoked !
info: ===> TimeStamp : 2026-03-16 11:37:59===> API : /api/auth/validateuser ===> Message : validateUserResponse() invoked!
info: ===> TimeStamp : 2026-03-16 11:37:59===> API : /api/auth/validateuser ===> Message : validateUserResponse() completed
info: ===> TimeStamp : 2026-03-16 11:37:59===> API : null ===> Message : validateRequest() invoked
info: ===> TimeStamp : 2026-03-16 11:37:59===> API : null ===> Message : fetchDBSettings()
info: ===> TimeStamp : 2026-03-16 11:37:59===> API : null ===> Message : validateRequest() Invoked!
info: ===> TimeStamp : 2026-03-16 11:37:59===> API : null ===> Message : validRequest() :: Api validated Successfully
info: ===> TimeStamp : 2026-03-16 11:37:59===> API : /api/auth/login ===> Message : loginUser() invoked!!
info: ===> TimeStamp : 2026-03-16 11:37:59===> API : /api/auth/login ===> Message : loginUser() :: Request Object :: [object Object]
info: ===> TimeStamp : 2026-03-16 11:37:59===> API : /api/auth/login ===> Message : loginUserDB() Invoked !
info: ===> TimeStamp : 2026-03-16 11:37:59===> API : /api/auth/login ===> Message : loginUserResponse() invoked!
info: ===> TimeStamp : 2026-03-16 11:37:59===> API : /api/auth/login ===> Message : loginUserResponse() completed
info: ===> TimeStamp : 2026-03-16 12:00:28===> API : null ===> Message : validateRequest() invoked
info: ===> TimeStamp : 2026-03-16 12:00:28===> API : null ===> Message : validateRequest() Error:: Invalid Request :: 
      {"apiUri":"/"}
info: ===> TimeStamp : 2026-03-16 12:00:29===> API : null ===> Message : validateRequest() invoked
info: ===> TimeStamp : 2026-03-16 12:00:29===> API : null ===> Message : validateRequest() Error:: Invalid Request :: 
      {"apiUri":"/console/"}
info: ===> TimeStamp : 2026-03-16 12:00:30===> API : null ===> Message : validateRequest() invoked
info: ===> TimeStamp : 2026-03-16 12:00:30===> API : null ===> Message : validateRequest() Error:: Invalid Request :: 
      {"apiUri":"/server"}
info: ===> TimeStamp : 2026-03-16 12:00:31===> API : null ===> Message : validateRequest() invoked
info: ===> TimeStamp : 2026-03-16 12:00:31===> API : null ===> Message : validateRequest() Error:: Invalid Request :: 
      {"apiUri":"/server-status"}
info: ===> TimeStamp : 2026-03-16 12:00:32===> API : null ===> Message : validateRequest() invoked
info: ===> TimeStamp : 2026-03-16 12:00:32===> API : null ===> Message : validateRequest() Error:: Invalid Request :: 
      {"apiUri":"/about"}
info: ===> TimeStamp : 2026-03-16 12:00:33===> API : null ===> Message : validateRequest() invoked
info: ===> TimeStamp : 2026-03-16 12:00:33===> API : null ===> Message : validateRequest() Error:: Invalid Request :: 
      {"apiUri":"/login.action"}
info: ===> TimeStamp : 2026-03-16 12:00:34===> API : null ===> Message : validateRequest() invoked
info: ===> TimeStamp : 2026-03-16 12:00:34===> API : null ===> Message : validateRequest() Error:: Invalid Request :: 
      {"apiUri":"/v2/_catalog"}
info: ===> TimeStamp : 2026-03-16 12:00:35===> API : null ===> Message : validateRequest() invoked
info: ===> TimeStamp : 2026-03-16 12:00:35===> API : null ===> Message : validateRequest() Error:: Invalid Request :: 
      {"apiUri":"/.DS_Store"}
info: ===> TimeStamp : 2026-03-16 12:00:36===> API : null ===> Message : validateRequest() invoked
info: ===> TimeStamp : 2026-03-16 12:00:36===> API : null ===> Message : validateRequest() Error:: Invalid Request :: 
      {"apiUri":"/.env"}
info: ===> TimeStamp : 2026-03-16 12:00:38===> API : null ===> Message : validateRequest() invoked
info: ===> TimeStamp : 2026-03-16 12:00:38===> API : null ===> Message : validateRequest() Error:: Invalid Request :: 
      {"apiUri":"/ecp/Current/exporttool/microsoft.exchange.ediscovery.exporttool.application"}
info: ===> TimeStamp : 2026-03-16 12:00:40===> API : null ===> Message : validateRequest() invoked
info: ===> TimeStamp : 2026-03-16 12:00:40===> API : null ===> Message : validateRequest() Error:: Invalid Request :: 
      {"apiUri":"/.git/config"}
info: ===> TimeStamp : 2026-03-16 12:00:41===> API : null ===> Message : validateRequest() invoked
info: ===> TimeStamp : 2026-03-16 12:00:41===> API : null ===> Message : validateRequest() Error:: Invalid Request :: 
      {"apiUri":"/graphql"}
info: ===> TimeStamp : 2026-03-16 12:00:42===> API : null ===> Message : validateRequest() invoked
info: ===> TimeStamp : 2026-03-16 12:00:42===> API : null ===> Message : validateRequest() Error:: Invalid Request :: 
      {"apiUri":"/api"}
info: ===> TimeStamp : 2026-03-16 12:00:43===> API : null ===> Message : validateRequest() invoked
info: ===> TimeStamp : 2026-03-16 12:00:43===> API : null ===> Message : validateRequest() Error:: Invalid Request :: 
      {"apiUri":"/api/graphql"}
info: ===> TimeStamp : 2026-03-16 12:00:44===> API : null ===> Message : validateRequest() invoked
info: ===> TimeStamp : 2026-03-16 12:00:44===> API : null ===> Message : validateRequest() Error:: Invalid Request :: 
      {"apiUri":"/graphql/api"}
info: ===> TimeStamp : 2026-03-16 12:00:45===> API : null ===> Message : validateRequest() invoked
info: ===> TimeStamp : 2026-03-16 12:00:45===> API : null ===> Message : validateRequest() Error:: Invalid Request :: 
      {"apiUri":"/api/gql"}
info: ===> TimeStamp : 2026-03-16 12:00:45===> API : null ===> Message : validateRequest() invoked
info: ===> TimeStamp : 2026-03-16 12:00:45===> API : null ===> Message : validateRequest() Error:: Invalid Request :: 
      {"apiUri":"/s/535313e27313e273e233/_/;/META-INF/maven/com.atlassian.jira/jira-webapp-dist/pom.properties"}
info: ===> TimeStamp : 2026-03-16 12:00:46===> API : null ===> Message : validateRequest() invoked
info: ===> TimeStamp : 2026-03-16 12:00:46===> API : null ===> Message : validateRequest() Error:: Invalid Request :: 
      {"apiUri":"/config.json"}
info: ===> TimeStamp : 2026-03-16 12:00:47===> API : null ===> Message : validateRequest() invoked
info: ===> TimeStamp : 2026-03-16 12:00:47===> API : null ===> Message : validateRequest() Error:: Invalid Request :: 
      {"apiUri":"/telescope/requests"}
info: ===> TimeStamp : 2026-03-16 12:00:48===> API : null ===> Message : validateRequest() invoked
info: ===> TimeStamp : 2026-03-16 12:00:48===> API : null ===> Message : validateRequest() Error:: Invalid Request :: 
      {"apiUri":"/php-cgi/php-cgi.exe"}
info: ===> TimeStamp : 2026-03-16 12:00:49===> API : null ===> Message : validateRequest() invoked
info: ===> TimeStamp : 2026-03-16 12:00:49===> API : null ===> Message : validateRequest() Error:: Invalid Request :: 
      {"apiUri":"/info.php"}
info: ===> TimeStamp : 2026-03-16 12:00:50===> API : null ===> Message : validateRequest() invoked
info: ===> TimeStamp : 2026-03-16 12:00:50===> API : null ===> Message : validateRequest() Error:: Invalid Request :: 
      {"apiUri":"/.well-known/security.txt"}
info: ===> TimeStamp : 2026-03-16 12:00:51===> API : null ===> Message : validateRequest() invoked
info: ===> TimeStamp : 2026-03-16 12:00:51===> API : null ===> Message : validateRequest() Error:: Invalid Request :: 
      {"apiUri":"/actuator/env"}
info: ===> TimeStamp : 2026-03-16 12:00:53===> API : null ===> Message : validateRequest() invoked
info: ===> TimeStamp : 2026-03-16 12:00:53===> API : null ===> Message : validateRequest() Error:: Invalid Request :: 
      {"apiUri":"/swagger-ui.html"}
info: ===> TimeStamp : 2026-03-16 12:00:54===> API : null ===> Message : validateRequest() invoked
info: ===> TimeStamp : 2026-03-16 12:00:54===> API : null ===> Message : validateRequest() Error:: Invalid Request :: 
      {"apiUri":"/swagger/index.html"}
info: ===> TimeStamp : 2026-03-16 12:00:55===> API : null ===> Message : validateRequest() invoked
info: ===> TimeStamp : 2026-03-16 12:00:55===> API : null ===> Message : validateRequest() Error:: Invalid Request :: 
      {"apiUri":"/swagger/swagger-ui.html"}
info: ===> TimeStamp : 2026-03-16 12:00:56===> API : null ===> Message : validateRequest() invoked
info: ===> TimeStamp : 2026-03-16 12:00:56===> API : null ===> Message : validateRequest() Error:: Invalid Request :: 
      {"apiUri":"/webjars/swagger-ui/index.html"}
info: ===> TimeStamp : 2026-03-16 12:00:57===> API : null ===> Message : validateRequest() invoked
info: ===> TimeStamp : 2026-03-16 12:00:57===> API : null ===> Message : validateRequest() Error:: Invalid Request :: 
      {"apiUri":"/swagger.json"}
info: ===> TimeStamp : 2026-03-16 12:00:58===> API : null ===> Message : validateRequest() invoked
info: ===> TimeStamp : 2026-03-16 12:00:58===> API : null ===> Message : validateRequest() Error:: Invalid Request :: 
      {"apiUri":"/swagger/v1/swagger.json"}
info: ===> TimeStamp : 2026-03-16 12:00:59===> API : null ===> Message : validateRequest() invoked
info: ===> TimeStamp : 2026-03-16 12:00:59===> API : null ===> Message : validateRequest() Error:: Invalid Request :: 
      {"apiUri":"/v2/api-docs"}
info: ===> TimeStamp : 2026-03-16 12:01:00===> API : null ===> Message : validateRequest() invoked
info: ===> TimeStamp : 2026-03-16 12:01:00===> API : null ===> Message : validateRequest() Error:: Invalid Request :: 
      {"apiUri":"/v3/api-docs"}
info: ===> TimeStamp : 2026-03-16 12:01:01===> API : null ===> Message : validateRequest() invoked
info: ===> TimeStamp : 2026-03-16 12:01:01===> API : null ===> Message : validateRequest() Error:: Invalid Request :: 
      {"apiUri":"/api-docs/swagger.json"}
info: ===> TimeStamp : 2026-03-16 12:01:02===> API : null ===> Message : validateRequest() invoked
info: ===> TimeStamp : 2026-03-16 12:01:02===> API : null ===> Message : validateRequest() Error:: Invalid Request :: 
      {"apiUri":"/api/swagger.json"}
info: ===> TimeStamp : 2026-03-16 12:01:03===> API : null ===> Message : validateRequest() invoked
info: ===> TimeStamp : 2026-03-16 12:01:03===> API : null ===> Message : validateRequest() Error:: Invalid Request :: 
      {"apiUri":"/trace.axd"}
info: ===> TimeStamp : 2026-03-16 12:01:04===> API : null ===> Message : validateRequest() invoked
info: ===> TimeStamp : 2026-03-16 12:01:04===> API : null ===> Message : validateRequest() Error:: Invalid Request :: 
      {"apiUri":"/@vite/env"}
info: ===> TimeStamp : 2026-03-16 12:01:06===> API : null ===> Message : validateRequest() invoked
info: ===> TimeStamp : 2026-03-16 12:01:06===> API : null ===> Message : validateRequest() Error:: Invalid Request :: 
      {"apiUri":"/.vscode/sftp.json"}
info: ===> TimeStamp : 2026-03-16 12:01:07===> API : null ===> Message : validateRequest() invoked
info: ===> TimeStamp : 2026-03-16 12:01:07===> API : null ===> Message : validateRequest() Error:: Invalid Request :: 
      {"apiUri":"/"}
info: ===> TimeStamp : 2026-03-16 12:01:08===> API : null ===> Message : validateRequest() invoked
info: ===> TimeStamp : 2026-03-16 12:01:08===> API : null ===> Message : validateRequest() Error:: Invalid Request :: 
      {"apiUri":"/debug/default/view"}
info: ===> TimeStamp : 2026-03-16 12:12:06===> API : null ===> Message : validateRequest() invoked
info: ===> TimeStamp : 2026-03-16 12:12:06===> API : null ===> Message : validateRequest() Error:: Invalid Request :: 
      {"apiUri":"/robots.txt"}
info: ===> TimeStamp : 2026-03-16 13:39:32===> API : null ===> Message : validateRequest() invoked
info: ===> TimeStamp : 2026-03-16 13:39:32===> API : null ===> Message : fetchDBSettings()
info: ===> TimeStamp : 2026-03-16 13:39:32===> API : null ===> Message : validateRequest() Invoked!
info: ===> TimeStamp : 2026-03-16 13:39:32===> API : null ===> Message : validRequest() :: Api validated Successfully
info: ===> TimeStamp : 2026-03-16 13:39:32===> API : /api/auth/logout ===> Message : logoutUser() invoked!!
info: ===> TimeStamp : 2026-03-16 13:39:32===> API : /api/auth/logout ===> Message : logoutUser() :: Request Object :: [object Object]
info: ===> TimeStamp : 2026-03-16 13:39:32===> API : /api/auth/logout ===> Message : logoutUserDB() Invoked !
info: ===> TimeStamp : 2026-03-16 13:39:32===> API : /api/auth/logout ===> Message : logoutUserResponse() invoked!
info: ===> TimeStamp : 2026-03-16 13:39:32===> API : /api/auth/logout ===> Message : logoutUserResponse() completed
info: ===> TimeStamp : 2026-03-16 13:39:40===> API : null ===> Message : validateRequest() invoked
info: ===> TimeStamp : 2026-03-16 13:39:40===> API : null ===> Message : fetchDBSettings()
info: ===> TimeStamp : 2026-03-16 13:39:40===> API : null ===> Message : validateRequest() Invoked!
info: ===> TimeStamp : 2026-03-16 13:39:40===> API : null ===> Message : validRequest() :: Api validated Successfully
info: ===> TimeStamp : 2026-03-16 13:39:40===> API : /api/auth/validateuser ===> Message : validateUser() invoked!!
info: ===> TimeStamp : 2026-03-16 13:39:40===> API : /api/auth/validateuser ===> Message : validateUser() :: Request Object :: [object Object]
info: ===> TimeStamp : 2026-03-16 13:39:40===> API : /api/auth/validateuser ===> Message : validateUserDB() Invoked !
info: ===> TimeStamp : 2026-03-16 13:39:40===> API : /api/auth/validateuser ===> Message : validateUserResponse() invoked!
info: ===> TimeStamp : 2026-03-16 13:39:40===> API : /api/auth/validateuser ===> Message : validateUserResponse() completed
info: ===> TimeStamp : 2026-03-16 13:39:40===> API : null ===> Message : validateRequest() invoked
info: ===> TimeStamp : 2026-03-16 13:39:40===> API : null ===> Message : fetchDBSettings()
info: ===> TimeStamp : 2026-03-16 13:39:40===> API : null ===> Message : validateRequest() Invoked!
info: ===> TimeStamp : 2026-03-16 13:39:40===> API : null ===> Message : validRequest() :: Api validated Successfully
info: ===> TimeStamp : 2026-03-16 13:39:40===> API : /api/auth/checkIP ===> Message : checkIP() invoked!!
info: ===> TimeStamp : 2026-03-16 13:39:40===> API : /api/auth/checkIP ===> Message : IPs match: 103.225.102.194
info: ===> TimeStamp : 2026-03-16 13:39:40===> API : /api/auth/checkIP ===> Message : checkIPResponse() invoked!
info: ===> TimeStamp : 2026-03-16 13:39:40===> API : /api/auth/checkIP ===> Message : checkIPResponse() completed
info: ===> TimeStamp : 2026-03-16 13:39:40===> API : null ===> Message : validateRequest() invoked
info: ===> TimeStamp : 2026-03-16 13:39:40===> API : null ===> Message : fetchDBSettings()
info: ===> TimeStamp : 2026-03-16 13:39:40===> API : null ===> Message : validateRequest() Invoked!
info: ===> TimeStamp : 2026-03-16 13:39:41===> API : null ===> Message : validRequest() :: Api validated Successfully
info: ===> TimeStamp : 2026-03-16 13:39:41===> API : /api/auth/login ===> Message : loginUser() invoked!!
info: ===> TimeStamp : 2026-03-16 13:39:41===> API : /api/auth/login ===> Message : loginUser() :: Request Object :: [object Object]
info: ===> TimeStamp : 2026-03-16 13:39:41===> API : /api/auth/login ===> Message : loginUserDB() Invoked !
info: ===> TimeStamp : 2026-03-16 13:39:41===> API : /api/auth/login ===> Message : loginUserResponse() invoked!
info: ===> TimeStamp : 2026-03-16 13:39:41===> API : /api/auth/login ===> Message : loginUserResponse() completed
info: ===> TimeStamp : 2026-03-16 13:42:56===> API : null ===> Message : validateRequest() invoked
info: ===> TimeStamp : 2026-03-16 13:42:56===> API : null ===> Message : fetchDBSettings()
info: ===> TimeStamp : 2026-03-16 13:42:56===> API : null ===> Message : validateRequest() Invoked!
info: ===> TimeStamp : 2026-03-16 13:42:56===> API : null ===> Message : validRequest() :: Api validated Successfully
info: ===> TimeStamp : 2026-03-16 13:42:56===> API : /api/auth/validateuser ===> Message : validateUser() invoked!!
info: ===> TimeStamp : 2026-03-16 13:42:56===> API : /api/auth/validateuser ===> Message : validateUser() :: Request Object :: [object Object]
info: ===> TimeStamp : 2026-03-16 13:42:56===> API : /api/auth/validateuser ===> Message : validateUserDB() Invoked !
info: ===> TimeStamp : 2026-03-16 13:42:56===> API : /api/auth/validateuser ===> Message : validateUserResponse() invoked!
info: ===> TimeStamp : 2026-03-16 13:42:56===> API : /api/auth/validateuser ===> Message : validateUserResponse() completed
info: ===> TimeStamp : 2026-03-16 13:42:56===> API : null ===> Message : validateRequest() invoked
info: ===> TimeStamp : 2026-03-16 13:42:56===> API : null ===> Message : fetchDBSettings()
info: ===> TimeStamp : 2026-03-16 13:42:56===> API : null ===> Message : validateRequest() Invoked!
info: ===> TimeStamp : 2026-03-16 13:42:56===> API : null ===> Message : validRequest() :: Api validated Successfully
info: ===> TimeStamp : 2026-03-16 13:42:56===> API : /api/auth/login ===> Message : loginUser() invoked!!
info: ===> TimeStamp : 2026-03-16 13:42:56===> API : /api/auth/login ===> Message : loginUser() :: Request Object :: [object Object]
info: ===> TimeStamp : 2026-03-16 13:42:56===> API : /api/auth/login ===> Message : loginUserDB() Invoked !
info: ===> TimeStamp : 2026-03-16 13:42:56===> API : /api/auth/login ===> Message : loginUserResponse() invoked!
info: ===> TimeStamp : 2026-03-16 13:42:56===> API : /api/auth/login ===> Message : loginUserResponse() completed
info: ===> TimeStamp : 2026-03-16 14:14:57===> API : null ===> Message : validateRequest() invoked
info: ===> TimeStamp : 2026-03-16 14:14:57===> API : null ===> Message : fetchDBSettings()
info: ===> TimeStamp : 2026-03-16 14:14:57===> API : null ===> Message : validateRequest() Invoked!
info: ===> TimeStamp : 2026-03-16 14:14:57===> API : null ===> Message : validRequest() :: Api validated Successfully
info: ===> TimeStamp : 2026-03-16 14:14:57===> API : /api/auth/validateuser ===> Message : validateUser() invoked!!
info: ===> TimeStamp : 2026-03-16 14:14:57===> API : /api/auth/validateuser ===> Message : validateUser() :: Request Object :: [object Object]
info: ===> TimeStamp : 2026-03-16 14:14:57===> API : /api/auth/validateuser ===> Message : validateUserDB() Invoked !
info: ===> TimeStamp : 2026-03-16 14:14:57===> API : /api/auth/validateuser ===> Message : validateUserResponse() invoked!
info: ===> TimeStamp : 2026-03-16 14:14:57===> API : /api/auth/validateuser ===> Message : validateUserResponse() completed
info: ===> TimeStamp : 2026-03-16 14:14:57===> API : null ===> Message : validateRequest() invoked
info: ===> TimeStamp : 2026-03-16 14:14:57===> API : null ===> Message : fetchDBSettings()
info: ===> TimeStamp : 2026-03-16 14:14:57===> API : null ===> Message : validateRequest() Invoked!
info: ===> TimeStamp : 2026-03-16 14:14:57===> API : null ===> Message : validRequest() :: Api validated Successfully
info: ===> TimeStamp : 2026-03-16 14:14:57===> API : /api/auth/login ===> Message : loginUser() invoked!!
info: ===> TimeStamp : 2026-03-16 14:14:57===> API : /api/auth/login ===> Message : loginUser() :: Request Object :: [object Object]
info: ===> TimeStamp : 2026-03-16 14:14:57===> API : /api/auth/login ===> Message : loginUserDB() Invoked !
info: ===> TimeStamp : 2026-03-16 14:14:58===> API : /api/auth/login ===> Message : loginUserResponse() invoked!
info: ===> TimeStamp : 2026-03-16 14:14:58===> API : /api/auth/login ===> Message : loginUserResponse() completed
info: ===> TimeStamp : 2026-03-16 14:51:38===> API : null ===> Message : validateRequest() invoked
info: ===> TimeStamp : 2026-03-16 14:51:38===> API : null ===> Message : fetchDBSettings()
info: ===> TimeStamp : 2026-03-16 14:51:39===> API : null ===> Message : validateRequest() Invoked!
info: ===> TimeStamp : 2026-03-16 14:51:39===> API : null ===> Message : validRequest() :: Api validated Successfully
info: ===> TimeStamp : 2026-03-16 14:51:39===> API : /api/auth/logout ===> Message : logoutUser() invoked!!
info: ===> TimeStamp : 2026-03-16 14:51:39===> API : /api/auth/logout ===> Message : logoutUser() :: Request Object :: [object Object]
info: ===> TimeStamp : 2026-03-16 14:51:39===> API : /api/auth/logout ===> Message : logoutUserDB() Invoked !
info: ===> TimeStamp : 2026-03-16 14:51:39===> API : /api/auth/logout ===> Message : logoutUserResponse() invoked!
info: ===> TimeStamp : 2026-03-16 14:51:39===> API : /api/auth/logout ===> Message : logoutUserResponse() completed
info: ===> TimeStamp : 2026-03-16 14:52:35===> API : null ===> Message : validateRequest() invoked
info: ===> TimeStamp : 2026-03-16 14:52:35===> API : null ===> Message : fetchDBSettings()
info: ===> TimeStamp : 2026-03-16 14:52:35===> API : null ===> Message : validateRequest() Invoked!
info: ===> TimeStamp : 2026-03-16 14:52:35===> API : null ===> Message : validRequest() :: Api validated Successfully
info: ===> TimeStamp : 2026-03-16 14:52:35===> API : /api/auth/logout ===> Message : logoutUser() invoked!!
info: ===> TimeStamp : 2026-03-16 14:52:35===> API : /api/auth/logout ===> Message : logoutUser() :: Request Object :: [object Object]
info: ===> TimeStamp : 2026-03-16 14:52:35===> API : /api/auth/logout ===> Message : logoutUserDB() Invoked !
info: ===> TimeStamp : 2026-03-16 14:52:36===> API : /api/auth/logout ===> Message : logoutUserResponse() invoked!
info: ===> TimeStamp : 2026-03-16 14:52:36===> API : /api/auth/logout ===> Message : logoutUserResponse() completed
info: ===> TimeStamp : 2026-03-16 14:52:45===> API : null ===> Message : validateRequest() invoked
info: ===> TimeStamp : 2026-03-16 14:52:45===> API : null ===> Message : fetchDBSettings()
info: ===> TimeStamp : 2026-03-16 14:52:45===> API : null ===> Message : validateRequest() Invoked!
info: ===> TimeStamp : 2026-03-16 14:52:45===> API : /api/auth/validateuser ===> Message : validateUser() invoked!!
info: ===> TimeStamp : 2026-03-16 14:52:45===> API : /api/auth/validateuser ===> Message : validateUser() :: Request Object :: [object Object]
info: ===> TimeStamp : 2026-03-16 14:52:45===> API : null ===> Message : validRequest() :: Api validated Successfully
info: ===> TimeStamp : 2026-03-16 14:52:45===> API : /api/auth/validateuser ===> Message : validateUserDB() Invoked !
info: ===> TimeStamp : 2026-03-16 14:52:45===> API : /api/auth/validateuser ===> Message : validateUserResponse() invoked!
info: ===> TimeStamp : 2026-03-16 14:52:45===> API : /api/auth/validateuser ===> Message : validateUserResponse() completed
info: ===> TimeStamp : 2026-03-16 14:52:45===> API : null ===> Message : validateRequest() invoked
info: ===> TimeStamp : 2026-03-16 14:52:45===> API : null ===> Message : fetchDBSettings()
info: ===> TimeStamp : 2026-03-16 14:52:45===> API : null ===> Message : validateRequest() Invoked!
info: ===> TimeStamp : 2026-03-16 14:52:45===> API : null ===> Message : validRequest() :: Api validated Successfully
info: ===> TimeStamp : 2026-03-16 14:52:45===> API : /api/auth/checkIP ===> Message : checkIP() invoked!!
info: ===> TimeStamp : 2026-03-16 14:52:45===> API : /api/auth/checkIP ===> Message : IPs match: 103.225.102.194
info: ===> TimeStamp : 2026-03-16 14:52:45===> API : /api/auth/checkIP ===> Message : checkIPResponse() invoked!
info: ===> TimeStamp : 2026-03-16 14:52:45===> API : /api/auth/checkIP ===> Message : checkIPResponse() completed
info: ===> TimeStamp : 2026-03-16 14:52:45===> API : null ===> Message : validateRequest() invoked
info: ===> TimeStamp : 2026-03-16 14:52:45===> API : null ===> Message : fetchDBSettings()
info: ===> TimeStamp : 2026-03-16 14:52:45===> API : null ===> Message : validateRequest() Invoked!
info: ===> TimeStamp : 2026-03-16 14:52:45===> API : null ===> Message : validRequest() :: Api validated Successfully
info: ===> TimeStamp : 2026-03-16 14:52:45===> API : /api/auth/login ===> Message : loginUser() invoked!!
info: ===> TimeStamp : 2026-03-16 14:52:45===> API : /api/auth/login ===> Message : loginUser() :: Request Object :: [object Object]
info: ===> TimeStamp : 2026-03-16 14:52:45===> API : /api/auth/login ===> Message : loginUserDB() Invoked !
info: ===> TimeStamp : 2026-03-16 14:52:45===> API : /api/auth/login ===> Message : loginUserResponse() invoked!
info: ===> TimeStamp : 2026-03-16 14:52:45===> API : /api/auth/login ===> Message : loginUserResponse() completed
info: ===> TimeStamp : 2026-03-16 15:03:15===> API : null ===> Message : validateRequest() invoked
info: ===> TimeStamp : 2026-03-16 15:03:15===> API : null ===> Message : fetchDBSettings()
info: ===> TimeStamp : 2026-03-16 15:03:15===> API : null ===> Message : validateRequest() Invoked!
info: ===> TimeStamp : 2026-03-16 15:03:15===> API : null ===> Message : validRequest() :: Api validated Successfully
info: ===> TimeStamp : 2026-03-16 15:03:15===> API : /api/auth/validateuser ===> Message : validateUser() invoked!!
info: ===> TimeStamp : 2026-03-16 15:03:15===> API : /api/auth/validateuser ===> Message : validateUser() :: Request Object :: [object Object]
info: ===> TimeStamp : 2026-03-16 15:03:15===> API : /api/auth/validateuser ===> Message : validateUserDB() Invoked !
info: ===> TimeStamp : 2026-03-16 15:03:15===> API : /api/auth/validateuser ===> Message : validateUserResponse() invoked!
info: ===> TimeStamp : 2026-03-16 15:03:15===> API : /api/auth/validateuser ===> Message : validateUserResponse() completed
info: ===> TimeStamp : 2026-03-16 15:03:15===> API : null ===> Message : validateRequest() invoked
info: ===> TimeStamp : 2026-03-16 15:03:15===> API : null ===> Message : fetchDBSettings()
info: ===> TimeStamp : 2026-03-16 15:03:15===> API : null ===> Message : validateRequest() Invoked!
info: ===> TimeStamp : 2026-03-16 15:03:15===> API : null ===> Message : validRequest() :: Api validated Successfully
info: ===> TimeStamp : 2026-03-16 15:03:15===> API : /api/auth/checkIP ===> Message : checkIP() invoked!!
info: ===> TimeStamp : 2026-03-16 15:03:15===> API : /api/auth/checkIP ===> Message : IPs match: 103.225.102.194
info: ===> TimeStamp : 2026-03-16 15:03:15===> API : /api/auth/checkIP ===> Message : checkIPResponse() invoked!
info: ===> TimeStamp : 2026-03-16 15:03:15===> API : /api/auth/checkIP ===> Message : checkIPResponse() completed
info: ===> TimeStamp : 2026-03-16 15:03:15===> API : null ===> Message : validateRequest() invoked
info: ===> TimeStamp : 2026-03-16 15:03:15===> API : null ===> Message : fetchDBSettings()
info: ===> TimeStamp : 2026-03-16 15:03:15===> API : null ===> Message : validateRequest() Invoked!
info: ===> TimeStamp : 2026-03-16 15:03:15===> API : null ===> Message : validRequest() :: Api validated Successfully
info: ===> TimeStamp : 2026-03-16 15:03:15===> API : /api/auth/login ===> Message : loginUser() invoked!!
info: ===> TimeStamp : 2026-03-16 15:03:15===> API : /api/auth/login ===> Message : loginUser() :: Request Object :: [object Object]
info: ===> TimeStamp : 2026-03-16 15:03:15===> API : /api/auth/login ===> Message : loginUserDB() Invoked !
info: ===> TimeStamp : 2026-03-16 15:03:15===> API : /api/auth/login ===> Message : loginUserResponse() invoked!
info: ===> TimeStamp : 2026-03-16 15:03:15===> API : /api/auth/login ===> Message : loginUserResponse() completed
info: ===> TimeStamp : 2026-03-16 15:32:23===> API : null ===> Message : validateRequest() invoked
info: ===> TimeStamp : 2026-03-16 15:32:23===> API : null ===> Message : validateRequest() Error:: Invalid Request :: 
      {"apiUri":"/"}
info: ===> TimeStamp : 2026-03-16 15:32:26===> API : null ===> Message : validateRequest() invoked
info: ===> TimeStamp : 2026-03-16 15:32:26===> API : null ===> Message : validateRequest() Error:: Invalid Request :: 
      {"apiUri":"/favicon.ico"}
info: ===> TimeStamp : 2026-03-16 15:59:08===> API : null ===> Message : validateRequest() invoked
info: ===> TimeStamp : 2026-03-16 15:59:08===> API : null ===> Message : fetchDBSettings()
info: ===> TimeStamp : 2026-03-16 15:59:08===> API : null ===> Message : validateRequest() Invoked!
info: ===> TimeStamp : 2026-03-16 15:59:08===> API : null ===> Message : validRequest() :: Api validated Successfully
info: ===> TimeStamp : 2026-03-16 15:59:08===> API : /api/auth/validateuser ===> Message : validateUser() :: Request Object :: [object Object]
info: ===> TimeStamp : 2026-03-16 15:59:08===> API : /api/auth/validateuser ===> Message : validateUser() invoked!!
info: ===> TimeStamp : 2026-03-16 15:59:08===> API : /api/auth/validateuser ===> Message : validateUserDB() Invoked !
info: ===> TimeStamp : 2026-03-16 15:59:08===> API : /api/auth/validateuser ===> Message : validateUserResponse() invoked!
info: ===> TimeStamp : 2026-03-16 15:59:08===> API : /api/auth/validateuser ===> Message : validateUserResponse() completed
info: ===> TimeStamp : 2026-03-16 15:59:08===> API : null ===> Message : validateRequest() invoked
info: ===> TimeStamp : 2026-03-16 15:59:08===> API : null ===> Message : fetchDBSettings()
info: ===> TimeStamp : 2026-03-16 15:59:08===> API : null ===> Message : validateRequest() Invoked!
info: ===> TimeStamp : 2026-03-16 15:59:08===> API : null ===> Message : validRequest() :: Api validated Successfully
info: ===> TimeStamp : 2026-03-16 15:59:08===> API : /api/auth/login ===> Message : loginUser() invoked!!
info: ===> TimeStamp : 2026-03-16 15:59:08===> API : /api/auth/login ===> Message : loginUser() :: Request Object :: [object Object]
info: ===> TimeStamp : 2026-03-16 15:59:08===> API : /api/auth/login ===> Message : loginUserDB() Invoked !
info: ===> TimeStamp : 2026-03-16 15:59:08===> API : /api/auth/login ===> Message : loginUserResponse() invoked!
info: ===> TimeStamp : 2026-03-16 15:59:08===> API : /api/auth/login ===> Message : loginUserResponse() completed
info: ===> TimeStamp : 2026-03-16 15:59:59===> API : null ===> Message : validateRequest() invoked
info: ===> TimeStamp : 2026-03-16 15:59:59===> API : null ===> Message : fetchDBSettings()
info: ===> TimeStamp : 2026-03-16 15:59:59===> API : null ===> Message : validateRequest() Invoked!
info: ===> TimeStamp : 2026-03-16 15:59:59===> API : null ===> Message : validRequest() :: Api validated Successfully
info: ===> TimeStamp : 2026-03-16 15:59:59===> API : /api/auth/validateuser ===> Message : validateUser() invoked!!
info: ===> TimeStamp : 2026-03-16 15:59:59===> API : /api/auth/validateuser ===> Message : validateUser() :: Request Object :: [object Object]
info: ===> TimeStamp : 2026-03-16 15:59:59===> API : /api/auth/validateuser ===> Message : validateUserDB() Invoked !
info: ===> TimeStamp : 2026-03-16 15:59:59===> API : /api/auth/validateuser ===> Message : validateUserResponse() invoked!
info: ===> TimeStamp : 2026-03-16 15:59:59===> API : /api/auth/validateuser ===> Message : validateUserResponse() completed
info: ===> TimeStamp : 2026-03-16 15:59:59===> API : null ===> Message : validateRequest() invoked
info: ===> TimeStamp : 2026-03-16 15:59:59===> API : null ===> Message : fetchDBSettings()
info: ===> TimeStamp : 2026-03-16 15:59:59===> API : null ===> Message : validateRequest() Invoked!
info: ===> TimeStamp : 2026-03-16 15:59:59===> API : null ===> Message : validRequest() :: Api validated Successfully
info: ===> TimeStamp : 2026-03-16 15:59:59===> API : /api/auth/login ===> Message : loginUser() invoked!!
info: ===> TimeStamp : 2026-03-16 15:59:59===> API : /api/auth/login ===> Message : loginUser() :: Request Object :: [object Object]
info: ===> TimeStamp : 2026-03-16 15:59:59===> API : /api/auth/login ===> Message : loginUserDB() Invoked !
info: ===> TimeStamp : 2026-03-16 15:59:59===> API : /api/auth/login ===> Message : loginUserResponse() invoked!
info: ===> TimeStamp : 2026-03-16 15:59:59===> API : /api/auth/login ===> Message : loginUserResponse() completed
info: ===> TimeStamp : 2026-03-16 16:31:07===> API : null ===> Message : validateRequest() invoked
info: ===> TimeStamp : 2026-03-16 16:31:07===> API : null ===> Message : fetchDBSettings()
info: ===> TimeStamp : 2026-03-16 16:31:07===> API : null ===> Message : validateRequest() Invoked!
info: ===> TimeStamp : 2026-03-16 16:31:07===> API : null ===> Message : validRequest() :: Api validated Successfully
info: ===> TimeStamp : 2026-03-16 16:31:07===> API : /api/auth/validateuser ===> Message : validateUser() invoked!!
info: ===> TimeStamp : 2026-03-16 16:31:07===> API : /api/auth/validateuser ===> Message : validateUser() :: Request Object :: [object Object]
info: ===> TimeStamp : 2026-03-16 16:31:07===> API : /api/auth/validateuser ===> Message : validateUserDB() Invoked !
info: ===> TimeStamp : 2026-03-16 16:31:07===> API : /api/auth/validateuser ===> Message : validateUserResponse() invoked!
info: ===> TimeStamp : 2026-03-16 16:31:07===> API : /api/auth/validateuser ===> Message : validateUserResponse() completed
info: ===> TimeStamp : 2026-03-16 16:31:08===> API : null ===> Message : validateRequest() invoked
info: ===> TimeStamp : 2026-03-16 16:31:08===> API : null ===> Message : fetchDBSettings()
info: ===> TimeStamp : 2026-03-16 16:31:08===> API : null ===> Message : validateRequest() Invoked!
info: ===> TimeStamp : 2026-03-16 16:31:08===> API : null ===> Message : validRequest() :: Api validated Successfully
info: ===> TimeStamp : 2026-03-16 16:31:08===> API : /api/auth/login ===> Message : loginUser() invoked!!
info: ===> TimeStamp : 2026-03-16 16:31:08===> API : /api/auth/login ===> Message : loginUser() :: Request Object :: [object Object]
info: ===> TimeStamp : 2026-03-16 16:31:08===> API : /api/auth/login ===> Message : loginUserDB() Invoked !
info: ===> TimeStamp : 2026-03-16 16:31:08===> API : /api/auth/login ===> Message : loginUserResponse() invoked!
info: ===> TimeStamp : 2026-03-16 16:31:08===> API : /api/auth/login ===> Message : loginUserResponse() completed
info: ===> TimeStamp : 2026-03-16 16:32:12===> API : null ===> Message : validateRequest() invoked
info: ===> TimeStamp : 2026-03-16 16:32:12===> API : null ===> Message : validateRequest() Error:: Invalid Request :: 
      {"apiUri":"/"}
info: ===> TimeStamp : 2026-03-16 16:45:42===> API : null ===> Message : validateRequest() invoked
info: ===> TimeStamp : 2026-03-16 16:45:42===> API : null ===> Message : fetchDBSettings()
info: ===> TimeStamp : 2026-03-16 16:45:42===> API : null ===> Message : validateRequest() Invoked!
info: ===> TimeStamp : 2026-03-16 16:45:42===> API : null ===> Message : validRequest() :: Api validated Successfully
info: ===> TimeStamp : 2026-03-16 16:45:42===> API : /api/auth/validateuser ===> Message : validateUser() invoked!!
info: ===> TimeStamp : 2026-03-16 16:45:42===> API : /api/auth/validateuser ===> Message : validateUser() :: Request Object :: [object Object]
info: ===> TimeStamp : 2026-03-16 16:45:42===> API : /api/auth/validateuser ===> Message : validateUserDB() Invoked !
info: ===> TimeStamp : 2026-03-16 16:45:42===> API : /api/auth/validateuser ===> Message : validateUserResponse() invoked!
info: ===> TimeStamp : 2026-03-16 16:45:42===> API : /api/auth/validateuser ===> Message : validateUserResponse() completed
info: ===> TimeStamp : 2026-03-16 16:45:42===> API : null ===> Message : validateRequest() invoked
info: ===> TimeStamp : 2026-03-16 16:45:42===> API : null ===> Message : fetchDBSettings()
info: ===> TimeStamp : 2026-03-16 16:45:42===> API : null ===> Message : validateRequest() Invoked!
info: ===> TimeStamp : 2026-03-16 16:45:42===> API : /api/auth/login ===> Message : loginUser() invoked!!
info: ===> TimeStamp : 2026-03-16 16:45:42===> API : /api/auth/login ===> Message : loginUser() :: Request Object :: [object Object]
info: ===> TimeStamp : 2026-03-16 16:45:42===> API : null ===> Message : validRequest() :: Api validated Successfully
info: ===> TimeStamp : 2026-03-16 16:45:42===> API : /api/auth/login ===> Message : loginUserDB() Invoked !
info: ===> TimeStamp : 2026-03-16 16:45:42===> API : /api/auth/login ===> Message : loginUserResponse() invoked!
info: ===> TimeStamp : 2026-03-16 16:45:42===> API : /api/auth/login ===> Message : loginUserResponse() completed
info: ===> TimeStamp : 2026-03-16 17:01:52===> API : null ===> Message : fetchDBSettings()
info: ===> TimeStamp : 2026-03-16 17:01:52===> API : null ===> Message : validateRequest() invoked
info: ===> TimeStamp : 2026-03-16 17:01:52===> API : null ===> Message : validateRequest() Invoked!
info: ===> TimeStamp : 2026-03-16 17:01:52===> API : null ===> Message : validRequest() :: Api validated Successfully
info: ===> TimeStamp : 2026-03-16 17:01:52===> API : /api/auth/validateuser ===> Message : validateUser() invoked!!
info: ===> TimeStamp : 2026-03-16 17:01:52===> API : /api/auth/validateuser ===> Message : validateUser() :: Request Object :: [object Object]
info: ===> TimeStamp : 2026-03-16 17:01:52===> API : /api/auth/validateuser ===> Message : validateUserDB() Invoked !
info: ===> TimeStamp : 2026-03-16 17:01:52===> API : /api/auth/validateuser ===> Message : validateUserResponse() invoked!
info: ===> TimeStamp : 2026-03-16 17:01:52===> API : /api/auth/validateuser ===> Message : validateUserResponse() completed
info: ===> TimeStamp : 2026-03-16 17:01:52===> API : null ===> Message : validateRequest() invoked
info: ===> TimeStamp : 2026-03-16 17:01:52===> API : null ===> Message : fetchDBSettings()
info: ===> TimeStamp : 2026-03-16 17:01:52===> API : null ===> Message : validateRequest() Invoked!
info: ===> TimeStamp : 2026-03-16 17:01:52===> API : null ===> Message : validRequest() :: Api validated Successfully
info: ===> TimeStamp : 2026-03-16 17:01:52===> API : /api/auth/login ===> Message : loginUser() invoked!!
info: ===> TimeStamp : 2026-03-16 17:01:52===> API : /api/auth/login ===> Message : loginUser() :: Request Object :: [object Object]
info: ===> TimeStamp : 2026-03-16 17:01:52===> API : /api/auth/login ===> Message : loginUserDB() Invoked !
info: ===> TimeStamp : 2026-03-16 17:01:52===> API : /api/auth/login ===> Message : loginUserResponse() invoked!
info: ===> TimeStamp : 2026-03-16 17:01:52===> API : /api/auth/login ===> Message : loginUserResponse() completed
info: ===> TimeStamp : 2026-03-16 17:45:16===> API : null ===> Message : validateRequest() invoked
info: ===> TimeStamp : 2026-03-16 17:45:16===> API : null ===> Message : fetchDBSettings()
info: ===> TimeStamp : 2026-03-16 17:45:16===> API : null ===> Message : validateRequest() Invoked!
info: ===> TimeStamp : 2026-03-16 17:45:16===> API : null ===> Message : validRequest() :: Api validated Successfully
info: ===> TimeStamp : 2026-03-16 17:45:16===> API : /api/auth/validateuser ===> Message : validateUser() :: Request Object :: [object Object]
info: ===> TimeStamp : 2026-03-16 17:45:16===> API : /api/auth/validateuser ===> Message : validateUserDB() Invoked !
info: ===> TimeStamp : 2026-03-16 17:45:16===> API : /api/auth/validateuser ===> Message : validateUser() invoked!!
info: ===> TimeStamp : 2026-03-16 17:45:16===> API : /api/auth/validateuser ===> Message : validateUserResponse() invoked!
info: ===> TimeStamp : 2026-03-16 17:45:16===> API : /api/auth/validateuser ===> Message : validateUserResponse() completed
info: ===> TimeStamp : 2026-03-16 17:45:16===> API : null ===> Message : validateRequest() invoked
info: ===> TimeStamp : 2026-03-16 17:45:16===> API : null ===> Message : fetchDBSettings()
info: ===> TimeStamp : 2026-03-16 17:45:16===> API : null ===> Message : validateRequest() Invoked!
info: ===> TimeStamp : 2026-03-16 17:45:16===> API : null ===> Message : validRequest() :: Api validated Successfully
info: ===> TimeStamp : 2026-03-16 17:45:16===> API : /api/auth/login ===> Message : loginUser() :: Request Object :: [object Object]
info: ===> TimeStamp : 2026-03-16 17:45:16===> API : /api/auth/login ===> Message : loginUserDB() Invoked !
info: ===> TimeStamp : 2026-03-16 17:45:16===> API : /api/auth/login ===> Message : loginUser() invoked!!
info: ===> TimeStamp : 2026-03-16 17:45:16===> API : /api/auth/login ===> Message : loginUserResponse() invoked!
info: ===> TimeStamp : 2026-03-16 17:45:16===> API : /api/auth/login ===> Message : loginUserResponse() completed
info: ===> TimeStamp : 2026-03-16 18:07:27===> API : null ===> Message : validateRequest() invoked
info: ===> TimeStamp : 2026-03-16 18:07:27===> API : null ===> Message : fetchDBSettings()
info: ===> TimeStamp : 2026-03-16 18:07:27===> API : null ===> Message : validateRequest() Invoked!
info: ===> TimeStamp : 2026-03-16 18:07:27===> API : null ===> Message : validRequest() :: Api validated Successfully
info: ===> TimeStamp : 2026-03-16 18:07:27===> API : /api/auth/validateuser ===> Message : validateUser() invoked!!
info: ===> TimeStamp : 2026-03-16 18:07:27===> API : /api/auth/validateuser ===> Message : validateUser() :: Request Object :: [object Object]
info: ===> TimeStamp : 2026-03-16 18:07:27===> API : /api/auth/validateuser ===> Message : validateUserDB() Invoked !
info: ===> TimeStamp : 2026-03-16 18:07:27===> API : /api/auth/validateuser ===> Message : validateUserResponse() invoked!
info: ===> TimeStamp : 2026-03-16 18:07:27===> API : /api/auth/validateuser ===> Message : validateUserResponse() completed
info: ===> TimeStamp : 2026-03-16 18:07:27===> API : null ===> Message : validateRequest() invoked
info: ===> TimeStamp : 2026-03-16 18:07:27===> API : null ===> Message : fetchDBSettings()
info: ===> TimeStamp : 2026-03-16 18:07:27===> API : null ===> Message : validateRequest() Invoked!
info: ===> TimeStamp : 2026-03-16 18:07:27===> API : null ===> Message : validRequest() :: Api validated Successfully
info: ===> TimeStamp : 2026-03-16 18:07:27===> API : /api/auth/login ===> Message : loginUser() invoked!!
info: ===> TimeStamp : 2026-03-16 18:07:27===> API : /api/auth/login ===> Message : loginUser() :: Request Object :: [object Object]
info: ===> TimeStamp : 2026-03-16 18:07:27===> API : /api/auth/login ===> Message : loginUserDB() Invoked !
info: ===> TimeStamp : 2026-03-16 18:07:27===> API : /api/auth/login ===> Message : loginUserResponse() invoked!
info: ===> TimeStamp : 2026-03-16 18:07:27===> API : /api/auth/login ===> Message : loginUserResponse() completed
info: ===> TimeStamp : 2026-03-16 18:12:38===> API : null ===> Message : fetchDBSettings()
info: ===> TimeStamp : 2026-03-16 18:12:38===> API : null ===> Message : validateRequest() invoked
info: ===> TimeStamp : 2026-03-16 18:12:38===> API : null ===> Message : validateRequest() Invoked!
info: ===> TimeStamp : 2026-03-16 18:12:38===> API : null ===> Message : validRequest() :: Api validated Successfully
info: ===> TimeStamp : 2026-03-16 18:12:38===> API : /api/auth/validateuser ===> Message : validateUser() invoked!!
info: ===> TimeStamp : 2026-03-16 18:12:38===> API : /api/auth/validateuser ===> Message : validateUser() :: Request Object :: [object Object]
info: ===> TimeStamp : 2026-03-16 18:12:38===> API : /api/auth/validateuser ===> Message : validateUserDB() Invoked !
info: ===> TimeStamp : 2026-03-16 18:12:38===> API : /api/auth/validateuser ===> Message : validateUserResponse() invoked!
info: ===> TimeStamp : 2026-03-16 18:12:38===> API : /api/auth/validateuser ===> Message : validateUserResponse() completed
info: ===> TimeStamp : 2026-03-16 18:12:38===> API : null ===> Message : validateRequest() invoked
info: ===> TimeStamp : 2026-03-16 18:12:38===> API : null ===> Message : fetchDBSettings()
info: ===> TimeStamp : 2026-03-16 18:12:38===> API : null ===> Message : validateRequest() Invoked!
info: ===> TimeStamp : 2026-03-16 18:12:38===> API : null ===> Message : validRequest() :: Api validated Successfully
info: ===> TimeStamp : 2026-03-16 18:12:38===> API : /api/auth/login ===> Message : loginUser() invoked!!
info: ===> TimeStamp : 2026-03-16 18:12:38===> API : /api/auth/login ===> Message : loginUser() :: Request Object :: [object Object]
info: ===> TimeStamp : 2026-03-16 18:12:38===> API : /api/auth/login ===> Message : loginUserDB() Invoked !
info: ===> TimeStamp : 2026-03-16 18:12:38===> API : /api/auth/login ===> Message : loginUserResponse() invoked!
info: ===> TimeStamp : 2026-03-16 18:12:38===> API : /api/auth/login ===> Message : loginUserResponse() completed
info: ===> TimeStamp : 2026-03-16 18:19:40===> API : null ===> Message : validateRequest() invoked
info: ===> TimeStamp : 2026-03-16 18:19:40===> API : null ===> Message : fetchDBSettings()
info: ===> TimeStamp : 2026-03-16 18:19:40===> API : null ===> Message : validateRequest() Invoked!
info: ===> TimeStamp : 2026-03-16 18:19:40===> API : /api/auth/validateuser ===> Message : validateUser() invoked!!
info: ===> TimeStamp : 2026-03-16 18:19:40===> API : null ===> Message : validRequest() :: Api validated Successfully
info: ===> TimeStamp : 2026-03-16 18:19:40===> API : /api/auth/validateuser ===> Message : validateUser() :: Request Object :: [object Object]
info: ===> TimeStamp : 2026-03-16 18:19:40===> API : /api/auth/validateuser ===> Message : validateUserDB() Invoked !
info: ===> TimeStamp : 2026-03-16 18:19:40===> API : /api/auth/validateuser ===> Message : validateUserResponse() invoked!
info: ===> TimeStamp : 2026-03-16 18:19:40===> API : /api/auth/validateuser ===> Message : validateUserResponse() completed
info: ===> TimeStamp : 2026-03-16 18:19:40===> API : null ===> Message : validateRequest() invoked
info: ===> TimeStamp : 2026-03-16 18:19:40===> API : null ===> Message : fetchDBSettings()
info: ===> TimeStamp : 2026-03-16 18:19:40===> API : null ===> Message : validateRequest() Invoked!
info: ===> TimeStamp : 2026-03-16 18:19:40===> API : null ===> Message : validRequest() :: Api validated Successfully
info: ===> TimeStamp : 2026-03-16 18:19:40===> API : /api/auth/login ===> Message : loginUser() invoked!!
info: ===> TimeStamp : 2026-03-16 18:19:40===> API : /api/auth/login ===> Message : loginUser() :: Request Object :: [object Object]
info: ===> TimeStamp : 2026-03-16 18:19:40===> API : /api/auth/login ===> Message : loginUserDB() Invoked !
info: ===> TimeStamp : 2026-03-16 18:19:40===> API : /api/auth/login ===> Message : loginUserResponse() invoked!
info: ===> TimeStamp : 2026-03-16 18:19:40===> API : /api/auth/login ===> Message : loginUserResponse() completed
info: ===> TimeStamp : 2026-03-16 18:36:56===> API : null ===> Message : validateRequest() invoked
info: ===> TimeStamp : 2026-03-16 18:36:56===> API : null ===> Message : fetchDBSettings()
info: ===> TimeStamp : 2026-03-16 18:36:56===> API : null ===> Message : validateRequest() Invoked!
info: ===> TimeStamp : 2026-03-16 18:36:56===> API : null ===> Message : validRequest() :: Api validated Successfully
info: ===> TimeStamp : 2026-03-16 18:36:56===> API : /api/auth/validateuser ===> Message : validateUser() invoked!!
info: ===> TimeStamp : 2026-03-16 18:36:56===> API : /api/auth/validateuser ===> Message : validateUser() :: Request Object :: [object Object]
info: ===> TimeStamp : 2026-03-16 18:36:56===> API : /api/auth/validateuser ===> Message : validateUserDB() Invoked !
info: ===> TimeStamp : 2026-03-16 18:36:56===> API : /api/auth/validateuser ===> Message : validateUserResponse() invoked!
info: ===> TimeStamp : 2026-03-16 18:36:56===> API : /api/auth/validateuser ===> Message : validateUserResponse() completed
info: ===> TimeStamp : 2026-03-16 18:36:56===> API : null ===> Message : validateRequest() invoked
info: ===> TimeStamp : 2026-03-16 18:36:56===> API : null ===> Message : fetchDBSettings()
info: ===> TimeStamp : 2026-03-16 18:36:56===> API : null ===> Message : validateRequest() Invoked!
info: ===> TimeStamp : 2026-03-16 18:36:56===> API : null ===> Message : validRequest() :: Api validated Successfully
info: ===> TimeStamp : 2026-03-16 18:36:56===> API : /api/auth/login ===> Message : loginUser() invoked!!
info: ===> TimeStamp : 2026-03-16 18:36:56===> API : /api/auth/login ===> Message : loginUser() :: Request Object :: [object Object]
info: ===> TimeStamp : 2026-03-16 18:36:56===> API : /api/auth/login ===> Message : loginUserDB() Invoked !
info: ===> TimeStamp : 2026-03-16 18:36:57===> API : /api/auth/login ===> Message : loginUserResponse() invoked!
info: ===> TimeStamp : 2026-03-16 18:36:57===> API : /api/auth/login ===> Message : loginUserResponse() completed
info: ===> TimeStamp : 2026-03-16 18:58:00===> API : null ===> Message : validateRequest() invoked
info: ===> TimeStamp : 2026-03-16 18:58:00===> API : null ===> Message : fetchDBSettings()
info: ===> TimeStamp : 2026-03-16 18:58:00===> API : null ===> Message : validateRequest() Invoked!
info: ===> TimeStamp : 2026-03-16 18:58:00===> API : null ===> Message : validRequest() :: Api validated Successfully
info: ===> TimeStamp : 2026-03-16 18:58:00===> API : /api/auth/validateuser ===> Message : validateUser() invoked!!
info: ===> TimeStamp : 2026-03-16 18:58:00===> API : /api/auth/validateuser ===> Message : validateUser() :: Request Object :: [object Object]
info: ===> TimeStamp : 2026-03-16 18:58:00===> API : /api/auth/validateuser ===> Message : validateUserDB() Invoked !
info: ===> TimeStamp : 2026-03-16 18:58:00===> API : /api/auth/validateuser ===> Message : validateUserResponse() invoked!
info: ===> TimeStamp : 2026-03-16 18:58:00===> API : /api/auth/validateuser ===> Message : validateUserResponse() completed
info: ===> TimeStamp : 2026-03-16 18:58:01===> API : null ===> Message : validateRequest() invoked
info: ===> TimeStamp : 2026-03-16 18:58:01===> API : null ===> Message : fetchDBSettings()
info: ===> TimeStamp : 2026-03-16 18:58:01===> API : null ===> Message : validateRequest() Invoked!
info: ===> TimeStamp : 2026-03-16 18:58:01===> API : null ===> Message : validRequest() :: Api validated Successfully
info: ===> TimeStamp : 2026-03-16 18:58:01===> API : /api/auth/login ===> Message : loginUser() invoked!!
info: ===> TimeStamp : 2026-03-16 18:58:01===> API : /api/auth/login ===> Message : loginUser() :: Request Object :: [object Object]
info: ===> TimeStamp : 2026-03-16 18:58:01===> API : /api/auth/login ===> Message : loginUserDB() Invoked !
info: ===> TimeStamp : 2026-03-16 18:58:01===> API : /api/auth/login ===> Message : loginUserResponse() invoked!
info: ===> TimeStamp : 2026-03-16 18:58:01===> API : /api/auth/login ===> Message : loginUserResponse() completed
info: ===> TimeStamp : 2026-03-16 19:44:08===> API : null ===> Message : validateRequest() invoked
info: ===> TimeStamp : 2026-03-16 19:44:08===> API : null ===> Message : fetchDBSettings()
info: ===> TimeStamp : 2026-03-16 19:44:08===> API : null ===> Message : validateRequest() Invoked!
info: ===> TimeStamp : 2026-03-16 19:44:08===> API : null ===> Message : validRequest() :: Api validated Successfully
info: ===> TimeStamp : 2026-03-16 19:44:08===> API : /api/auth/validateuser ===> Message : validateUser() invoked!!
info: ===> TimeStamp : 2026-03-16 19:44:08===> API : /api/auth/validateuser ===> Message : validateUser() :: Request Object :: [object Object]
info: ===> TimeStamp : 2026-03-16 19:44:08===> API : /api/auth/validateuser ===> Message : validateUserDB() Invoked !
info: ===> TimeStamp : 2026-03-16 19:44:08===> API : /api/auth/validateuser ===> Message : validateUserResponse() invoked!
info: ===> TimeStamp : 2026-03-16 19:44:08===> API : /api/auth/validateuser ===> Message : validateUserResponse() completed
info: ===> TimeStamp : 2026-03-16 19:44:08===> API : null ===> Message : fetchDBSettings()
info: ===> TimeStamp : 2026-03-16 19:44:08===> API : null ===> Message : validateRequest() invoked
info: ===> TimeStamp : 2026-03-16 19:44:08===> API : null ===> Message : validateRequest() Invoked!
info: ===> TimeStamp : 2026-03-16 19:44:08===> API : /api/auth/login ===> Message : loginUser() invoked!!
info: ===> TimeStamp : 2026-03-16 19:44:08===> API : /api/auth/login ===> Message : loginUser() :: Request Object :: [object Object]
info: ===> TimeStamp : 2026-03-16 19:44:08===> API : null ===> Message : validRequest() :: Api validated Successfully
info: ===> TimeStamp : 2026-03-16 19:44:08===> API : /api/auth/login ===> Message : loginUserDB() Invoked !
info: ===> TimeStamp : 2026-03-16 19:44:08===> API : /api/auth/login ===> Message : loginUserResponse() invoked!
info: ===> TimeStamp : 2026-03-16 19:44:08===> API : /api/auth/login ===> Message : loginUserResponse() completed
info: ===> TimeStamp : 2026-03-16 20:35:18===> API : null ===> Message : validateRequest() invoked
info: ===> TimeStamp : 2026-03-16 20:35:18===> API : null ===> Message : fetchDBSettings()
info: ===> TimeStamp : 2026-03-16 20:35:18===> API : null ===> Message : validateRequest() Invoked!
info: ===> TimeStamp : 2026-03-16 20:35:18===> API : null ===> Message : validRequest() :: Api validated Successfully
info: ===> TimeStamp : 2026-03-16 20:35:18===> API : /api/auth/validateuser ===> Message : validateUser() invoked!!
info: ===> TimeStamp : 2026-03-16 20:35:18===> API : /api/auth/validateuser ===> Message : validateUser() :: Request Object :: [object Object]
info: ===> TimeStamp : 2026-03-16 20:35:18===> API : /api/auth/validateuser ===> Message : validateUserDB() Invoked !
info: ===> TimeStamp : 2026-03-16 20:35:18===> API : /api/auth/validateuser ===> Message : validateUserResponse() invoked!
info: ===> TimeStamp : 2026-03-16 20:35:18===> API : /api/auth/validateuser ===> Message : validateUserResponse() completed
info: ===> TimeStamp : 2026-03-16 20:35:18===> API : null ===> Message : validateRequest() invoked
info: ===> TimeStamp : 2026-03-16 20:35:18===> API : null ===> Message : fetchDBSettings()
info: ===> TimeStamp : 2026-03-16 20:35:18===> API : null ===> Message : validateRequest() Invoked!
info: ===> TimeStamp : 2026-03-16 20:35:18===> API : null ===> Message : validRequest() :: Api validated Successfully
info: ===> TimeStamp : 2026-03-16 20:35:18===> API : /api/auth/login ===> Message : loginUser() invoked!!
info: ===> TimeStamp : 2026-03-16 20:35:18===> API : /api/auth/login ===> Message : loginUser() :: Request Object :: [object Object]
info: ===> TimeStamp : 2026-03-16 20:35:18===> API : /api/auth/login ===> Message : loginUserDB() Invoked !
info: ===> TimeStamp : 2026-03-16 20:35:18===> API : /api/auth/login ===> Message : loginUserResponse() invoked!
info: ===> TimeStamp : 2026-03-16 20:35:18===> API : /api/auth/login ===> Message : loginUserResponse() completed
info: ===> TimeStamp : 2026-03-16 21:07:18===> API : null ===> Message : validateRequest() invoked
info: ===> TimeStamp : 2026-03-16 21:07:18===> API : null ===> Message : fetchDBSettings()
info: ===> TimeStamp : 2026-03-16 21:07:18===> API : null ===> Message : validateRequest() Invoked!
info: ===> TimeStamp : 2026-03-16 21:07:18===> API : null ===> Message : validRequest() :: Api validated Successfully
info: ===> TimeStamp : 2026-03-16 21:07:18===> API : /api/auth/validateuser ===> Message : validateUser() invoked!!
info: ===> TimeStamp : 2026-03-16 21:07:18===> API : /api/auth/validateuser ===> Message : validateUser() :: Request Object :: [object Object]
info: ===> TimeStamp : 2026-03-16 21:07:18===> API : /api/auth/validateuser ===> Message : validateUserDB() Invoked !
info: ===> TimeStamp : 2026-03-16 21:07:18===> API : /api/auth/validateuser ===> Message : validateUserResponse() invoked!
info: ===> TimeStamp : 2026-03-16 21:07:18===> API : /api/auth/validateuser ===> Message : validateUserResponse() completed
info: ===> TimeStamp : 2026-03-16 21:07:18===> API : null ===> Message : validateRequest() invoked
info: ===> TimeStamp : 2026-03-16 21:07:18===> API : null ===> Message : fetchDBSettings()
info: ===> TimeStamp : 2026-03-16 21:07:18===> API : null ===> Message : validateRequest() Invoked!
info: ===> TimeStamp : 2026-03-16 21:07:18===> API : null ===> Message : validRequest() :: Api validated Successfully
info: ===> TimeStamp : 2026-03-16 21:07:18===> API : /api/auth/login ===> Message : loginUser() invoked!!
info: ===> TimeStamp : 2026-03-16 21:07:18===> API : /api/auth/login ===> Message : loginUser() :: Request Object :: [object Object]
info: ===> TimeStamp : 2026-03-16 21:07:18===> API : /api/auth/login ===> Message : loginUserDB() Invoked !
info: ===> TimeStamp : 2026-03-16 21:07:18===> API : /api/auth/login ===> Message : loginUserResponse() invoked!
info: ===> TimeStamp : 2026-03-16 21:07:18===> API : /api/auth/login ===> Message : loginUserResponse() completed
info: ===> TimeStamp : 2026-03-16 21:29:52===> API : null ===> Message : validateRequest() invoked
info: ===> TimeStamp : 2026-03-16 21:29:52===> API : null ===> Message : fetchDBSettings()
info: ===> TimeStamp : 2026-03-16 21:29:52===> API : null ===> Message : validateRequest() Invoked!
info: ===> TimeStamp : 2026-03-16 21:29:52===> API : null ===> Message : validRequest() :: Api validated Successfully
info: ===> TimeStamp : 2026-03-16 21:29:52===> API : /api/auth/validateuser ===> Message : validateUser() invoked!!
info: ===> TimeStamp : 2026-03-16 21:29:52===> API : /api/auth/validateuser ===> Message : validateUser() :: Request Object :: [object Object]
info: ===> TimeStamp : 2026-03-16 21:29:52===> API : /api/auth/validateuser ===> Message : validateUserDB() Invoked !
info: ===> TimeStamp : 2026-03-16 21:29:52===> API : /api/auth/validateuser ===> Message : validateUserResponse() invoked!
info: ===> TimeStamp : 2026-03-16 21:29:52===> API : /api/auth/validateuser ===> Message : validateUserResponse() completed
info: ===> TimeStamp : 2026-03-16 21:29:52===> API : null ===> Message : validateRequest() invoked
info: ===> TimeStamp : 2026-03-16 21:29:52===> API : null ===> Message : fetchDBSettings()
info: ===> TimeStamp : 2026-03-16 21:29:52===> API : null ===> Message : validateRequest() Invoked!
info: ===> TimeStamp : 2026-03-16 21:29:52===> API : null ===> Message : validRequest() :: Api validated Successfully
info: ===> TimeStamp : 2026-03-16 21:29:52===> API : /api/auth/login ===> Message : loginUser() :: Request Object :: [object Object]
info: ===> TimeStamp : 2026-03-16 21:29:52===> API : /api/auth/login ===> Message : loginUser() invoked!!
info: ===> TimeStamp : 2026-03-16 21:29:52===> API : /api/auth/login ===> Message : loginUserDB() Invoked !
info: ===> TimeStamp : 2026-03-16 21:29:52===> API : /api/auth/login ===> Message : loginUserResponse() invoked!
info: ===> TimeStamp : 2026-03-16 21:29:52===> API : /api/auth/login ===> Message : loginUserResponse() completed
info: ===> TimeStamp : 2026-03-16 21:50:57===> API : null ===> Message : validateRequest() invoked
info: ===> TimeStamp : 2026-03-16 21:50:57===> API : null ===> Message : fetchDBSettings()
info: ===> TimeStamp : 2026-03-16 21:50:57===> API : null ===> Message : validateRequest() Invoked!
info: ===> TimeStamp : 2026-03-16 21:50:57===> API : null ===> Message : validRequest() :: Api validated Successfully
info: ===> TimeStamp : 2026-03-16 21:50:57===> API : /api/auth/logout ===> Message : logoutUser() invoked!!
info: ===> TimeStamp : 2026-03-16 21:50:57===> API : /api/auth/logout ===> Message : logoutUser() :: Request Object :: [object Object]
info: ===> TimeStamp : 2026-03-16 21:50:57===> API : /api/auth/logout ===> Message : logoutUserDB() Invoked !
info: ===> TimeStamp : 2026-03-16 21:50:57===> API : /api/auth/logout ===> Message : logoutUserResponse() invoked!
info: ===> TimeStamp : 2026-03-16 21:50:57===> API : /api/auth/logout ===> Message : logoutUserResponse() completed
info: ===> TimeStamp : 2026-03-16 21:54:03===> API : null ===> Message : validateRequest() invoked
info: ===> TimeStamp : 2026-03-16 21:54:03===> API : null ===> Message : fetchDBSettings()
info: ===> TimeStamp : 2026-03-16 21:54:03===> API : null ===> Message : validateRequest() Invoked!
info: ===> TimeStamp : 2026-03-16 21:54:03===> API : null ===> Message : validRequest() :: Api validated Successfully
info: ===> TimeStamp : 2026-03-16 21:54:03===> API : /api/auth/logout ===> Message : logoutUser() invoked!!
info: ===> TimeStamp : 2026-03-16 21:54:03===> API : /api/auth/logout ===> Message : logoutUser() :: Request Object :: [object Object]
info: ===> TimeStamp : 2026-03-16 21:54:03===> API : /api/auth/logout ===> Message : logoutUserDB() Invoked !
info: ===> TimeStamp : 2026-03-16 21:54:04===> API : /api/auth/logout ===> Message : logoutUserResponse() invoked!
info: ===> TimeStamp : 2026-03-16 21:54:04===> API : /api/auth/logout ===> Message : logoutUserResponse() completed
info: ===> TimeStamp : 2026-03-16 21:54:12===> API : null ===> Message : validateRequest() invoked
info: ===> TimeStamp : 2026-03-16 21:54:12===> API : null ===> Message : fetchDBSettings()
info: ===> TimeStamp : 2026-03-16 21:54:12===> API : null ===> Message : validateRequest() Invoked!
info: ===> TimeStamp : 2026-03-16 21:54:12===> API : null ===> Message : validRequest() :: Api validated Successfully
info: ===> TimeStamp : 2026-03-16 21:54:12===> API : /api/auth/validateuser ===> Message : validateUser() invoked!!
info: ===> TimeStamp : 2026-03-16 21:54:12===> API : /api/auth/validateuser ===> Message : validateUser() :: Request Object :: [object Object]
info: ===> TimeStamp : 2026-03-16 21:54:12===> API : /api/auth/validateuser ===> Message : validateUserDB() Invoked !
info: ===> TimeStamp : 2026-03-16 21:54:12===> API : /api/auth/validateuser ===> Message : validateUserResponse() invoked!
info: ===> TimeStamp : 2026-03-16 21:54:12===> API : /api/auth/validateuser ===> Message : validateUserResponse() completed
info: ===> TimeStamp : 2026-03-16 21:54:12===> API : null ===> Message : validateRequest() invoked
info: ===> TimeStamp : 2026-03-16 21:54:12===> API : null ===> Message : fetchDBSettings()
info: ===> TimeStamp : 2026-03-16 21:54:12===> API : null ===> Message : validateRequest() Invoked!
info: ===> TimeStamp : 2026-03-16 21:54:12===> API : null ===> Message : validRequest() :: Api validated Successfully
info: ===> TimeStamp : 2026-03-16 21:54:12===> API : /api/auth/checkIP ===> Message : checkIP() invoked!!
info: ===> TimeStamp : 2026-03-16 21:54:12===> API : /api/auth/checkIP ===> Message : IPs match: 103.225.102.194
info: ===> TimeStamp : 2026-03-16 21:54:12===> API : /api/auth/checkIP ===> Message : checkIPResponse() invoked!
info: ===> TimeStamp : 2026-03-16 21:54:12===> API : /api/auth/checkIP ===> Message : checkIPResponse() completed
info: ===> TimeStamp : 2026-03-16 21:54:12===> API : null ===> Message : validateRequest() invoked
info: ===> TimeStamp : 2026-03-16 21:54:12===> API : null ===> Message : fetchDBSettings()
info: ===> TimeStamp : 2026-03-16 21:54:12===> API : null ===> Message : validateRequest() Invoked!
info: ===> TimeStamp : 2026-03-16 21:54:12===> API : null ===> Message : validRequest() :: Api validated Successfully
info: ===> TimeStamp : 2026-03-16 21:54:12===> API : /api/auth/login ===> Message : loginUser() invoked!!
info: ===> TimeStamp : 2026-03-16 21:54:12===> API : /api/auth/login ===> Message : loginUser() :: Request Object :: [object Object]
info: ===> TimeStamp : 2026-03-16 21:54:12===> API : /api/auth/login ===> Message : loginUserDB() Invoked !
info: ===> TimeStamp : 2026-03-16 21:54:12===> API : /api/auth/login ===> Message : loginUserResponse() invoked!
info: ===> TimeStamp : 2026-03-16 21:54:12===> API : /api/auth/login ===> Message : loginUserResponse() completed
info: ===> TimeStamp : 2026-03-16 21:54:47===> API : null ===> Message : validateRequest() invoked
info: ===> TimeStamp : 2026-03-16 21:54:47===> API : null ===> Message : fetchDBSettings()
info: ===> TimeStamp : 2026-03-16 21:54:47===> API : null ===> Message : validateRequest() Invoked!
info: ===> TimeStamp : 2026-03-16 21:54:47===> API : null ===> Message : validRequest() :: Api validated Successfully
info: ===> TimeStamp : 2026-03-16 21:54:47===> API : /api/auth/validateuser ===> Message : validateUser() invoked!!
info: ===> TimeStamp : 2026-03-16 21:54:47===> API : /api/auth/validateuser ===> Message : validateUser() :: Request Object :: [object Object]
info: ===> TimeStamp : 2026-03-16 21:54:47===> API : /api/auth/validateuser ===> Message : validateUserDB() Invoked !
info: ===> TimeStamp : 2026-03-16 21:54:47===> API : /api/auth/validateuser ===> Message : validateUserResponse() invoked!
info: ===> TimeStamp : 2026-03-16 21:54:47===> API : /api/auth/validateuser ===> Message : validateUserResponse() completed
info: ===> TimeStamp : 2026-03-16 21:54:48===> API : null ===> Message : validateRequest() invoked
info: ===> TimeStamp : 2026-03-16 21:54:48===> API : null ===> Message : fetchDBSettings()
info: ===> TimeStamp : 2026-03-16 21:54:48===> API : null ===> Message : validateRequest() Invoked!
info: ===> TimeStamp : 2026-03-16 21:54:48===> API : null ===> Message : validRequest() :: Api validated Successfully
info: ===> TimeStamp : 2026-03-16 21:54:48===> API : /api/auth/checkIP ===> Message : checkIP() invoked!!
info: ===> TimeStamp : 2026-03-16 21:54:48===> API : /api/auth/checkIP ===> Message : IPs match: 103.225.102.194
info: ===> TimeStamp : 2026-03-16 21:54:48===> API : /api/auth/checkIP ===> Message : checkIPResponse() invoked!
info: ===> TimeStamp : 2026-03-16 21:54:48===> API : /api/auth/checkIP ===> Message : checkIPResponse() completed
info: ===> TimeStamp : 2026-03-16 21:54:48===> API : null ===> Message : validateRequest() invoked
info: ===> TimeStamp : 2026-03-16 21:54:48===> API : null ===> Message : fetchDBSettings()
info: ===> TimeStamp : 2026-03-16 21:54:48===> API : null ===> Message : validateRequest() Invoked!
info: ===> TimeStamp : 2026-03-16 21:54:48===> API : null ===> Message : validRequest() :: Api validated Successfully
info: ===> TimeStamp : 2026-03-16 21:54:48===> API : /api/auth/login ===> Message : loginUser() invoked!!
info: ===> TimeStamp : 2026-03-16 21:54:48===> API : /api/auth/login ===> Message : loginUser() :: Request Object :: [object Object]
info: ===> TimeStamp : 2026-03-16 21:54:48===> API : /api/auth/login ===> Message : loginUserDB() Invoked !
info: ===> TimeStamp : 2026-03-16 21:54:48===> API : /api/auth/login ===> Message : loginUserResponse() invoked!
info: ===> TimeStamp : 2026-03-16 21:54:48===> API : /api/auth/login ===> Message : loginUserResponse() completed
info: ===> TimeStamp : 2026-03-16 22:24:53===> API : null ===> Message : validateRequest() invoked
info: ===> TimeStamp : 2026-03-16 22:24:53===> API : null ===> Message : fetchDBSettings()
info: ===> TimeStamp : 2026-03-16 22:24:53===> API : null ===> Message : validateRequest() Invoked!
info: ===> TimeStamp : 2026-03-16 22:24:53===> API : null ===> Message : validRequest() :: Api validated Successfully
info: ===> TimeStamp : 2026-03-16 22:24:53===> API : /api/auth/validateuser ===> Message : validateUser() :: Request Object :: [object Object]
info: ===> TimeStamp : 2026-03-16 22:24:53===> API : /api/auth/validateuser ===> Message : validateUser() invoked!!
info: ===> TimeStamp : 2026-03-16 22:24:53===> API : /api/auth/validateuser ===> Message : validateUserDB() Invoked !
info: ===> TimeStamp : 2026-03-16 22:24:53===> API : /api/auth/validateuser ===> Message : validateUserResponse() invoked!
info: ===> TimeStamp : 2026-03-16 22:24:53===> API : /api/auth/validateuser ===> Message : validateUserResponse() completed
info: ===> TimeStamp : 2026-03-16 22:24:53===> API : null ===> Message : validateRequest() invoked
info: ===> TimeStamp : 2026-03-16 22:24:53===> API : null ===> Message : fetchDBSettings()
info: ===> TimeStamp : 2026-03-16 22:24:53===> API : null ===> Message : validateRequest() Invoked!
info: ===> TimeStamp : 2026-03-16 22:24:53===> API : null ===> Message : validRequest() :: Api validated Successfully
info: ===> TimeStamp : 2026-03-16 22:24:53===> API : /api/auth/login ===> Message : loginUser() invoked!!
info: ===> TimeStamp : 2026-03-16 22:24:53===> API : /api/auth/login ===> Message : loginUser() :: Request Object :: [object Object]
info: ===> TimeStamp : 2026-03-16 22:24:53===> API : /api/auth/login ===> Message : loginUserDB() Invoked !
info: ===> TimeStamp : 2026-03-16 22:24:53===> API : /api/auth/login ===> Message : loginUserResponse() invoked!
info: ===> TimeStamp : 2026-03-16 22:24:53===> API : /api/auth/login ===> Message : loginUserResponse() completed
info: ===> TimeStamp : 2026-03-17 01:03:44===> API : null ===> Message : validateRequest() invoked
info: ===> TimeStamp : 2026-03-17 01:03:44===> API : null ===> Message : fetchDBSettings()
info: ===> TimeStamp : 2026-03-17 01:03:44===> API : null ===> Message : validateRequest() Invoked!
info: ===> TimeStamp : 2026-03-17 01:03:44===> API : null ===> Message : validRequest() :: Api validated Successfully
info: ===> TimeStamp : 2026-03-17 01:03:44===> API : /api/auth/validateuser ===> Message : validateUser() invoked!!
info: ===> TimeStamp : 2026-03-17 01:03:44===> API : /api/auth/validateuser ===> Message : validateUser() :: Request Object :: [object Object]
info: ===> TimeStamp : 2026-03-17 01:03:44===> API : /api/auth/validateuser ===> Message : validateUserDB() Invoked !
info: ===> TimeStamp : 2026-03-17 01:03:44===> API : /api/auth/validateuser ===> Message : validateUserResponse() invoked!
info: ===> TimeStamp : 2026-03-17 01:03:44===> API : /api/auth/validateuser ===> Message : validateUserResponse() completed
info: ===> TimeStamp : 2026-03-17 01:03:44===> API : null ===> Message : validateRequest() invoked
info: ===> TimeStamp : 2026-03-17 01:03:44===> API : null ===> Message : fetchDBSettings()
info: ===> TimeStamp : 2026-03-17 01:03:44===> API : null ===> Message : validateRequest() Invoked!
info: ===> TimeStamp : 2026-03-17 01:03:44===> API : null ===> Message : validRequest() :: Api validated Successfully
info: ===> TimeStamp : 2026-03-17 01:03:44===> API : /api/auth/login ===> Message : loginUser() invoked!!
info: ===> TimeStamp : 2026-03-17 01:03:44===> API : /api/auth/login ===> Message : loginUser() :: Request Object :: [object Object]
info: ===> TimeStamp : 2026-03-17 01:03:44===> API : /api/auth/login ===> Message : loginUserDB() Invoked !
info: ===> TimeStamp : 2026-03-17 01:03:44===> API : /api/auth/login ===> Message : loginUserResponse() invoked!
info: ===> TimeStamp : 2026-03-17 01:03:44===> API : /api/auth/login ===> Message : loginUserResponse() completed
info: ===> TimeStamp : 2026-03-17 01:55:04===> API : null ===> Message : validateRequest() invoked
info: ===> TimeStamp : 2026-03-17 01:55:04===> API : null ===> Message : validateRequest() Error:: Invalid Request :: 
      {"apiUri":"/"}
info: ===> TimeStamp : 2026-03-17 01:55:08===> API : null ===> Message : validateRequest() invoked
info: ===> TimeStamp : 2026-03-17 01:55:08===> API : null ===> Message : validateRequest() Error:: Invalid Request :: 
      {"apiUri":"/favicon.ico"}
info: ===> TimeStamp : 2026-03-17 03:00:18===> API : null ===> Message : validateRequest() invoked
info: ===> TimeStamp : 2026-03-17 03:00:18===> API : null ===> Message : fetchDBSettings()
info: ===> TimeStamp : 2026-03-17 03:00:18===> API : null ===> Message : validateRequest() Invoked!
info: ===> TimeStamp : 2026-03-17 03:00:18===> API : null ===> Message : validRequest() :: Api validated Successfully
info: ===> TimeStamp : 2026-03-17 03:00:18===> API : /api/auth/logout ===> Message : logoutUser() invoked!!
info: ===> TimeStamp : 2026-03-17 03:00:18===> API : /api/auth/logout ===> Message : logoutUser() :: Request Object :: [object Object]
info: ===> TimeStamp : 2026-03-17 03:00:18===> API : /api/auth/logout ===> Message : logoutUserDB() Invoked !
info: ===> TimeStamp : 2026-03-17 03:00:18===> API : /api/auth/logout ===> Message : logoutUserResponse() invoked!
info: ===> TimeStamp : 2026-03-17 03:00:18===> API : /api/auth/logout ===> Message : logoutUserResponse() completed
info: ===> TimeStamp : 2026-03-17 03:22:18===> API : null ===> Message : fetchDBSettings()
info: ===> TimeStamp : 2026-03-17 03:22:18===> API : null ===> Message : validateRequest() invoked
info: ===> TimeStamp : 2026-03-17 03:22:19===> API : null ===> Message : validateRequest() Invoked!
info: ===> TimeStamp : 2026-03-17 03:22:19===> API : null ===> Message : validRequest() :: Api validated Successfully
info: ===> TimeStamp : 2026-03-17 03:22:19===> API : /api/auth/validateuser ===> Message : validateUser() invoked!!
info: ===> TimeStamp : 2026-03-17 03:22:19===> API : /api/auth/validateuser ===> Message : validateUser() :: Request Object :: [object Object]
info: ===> TimeStamp : 2026-03-17 03:22:19===> API : /api/auth/validateuser ===> Message : validateUserDB() Invoked !
info: ===> TimeStamp : 2026-03-17 03:22:19===> API : /api/auth/validateuser ===> Message : validateUserResponse() invoked!
info: ===> TimeStamp : 2026-03-17 03:22:19===> API : /api/auth/validateuser ===> Message : validateUserResponse() completed
info: ===> TimeStamp : 2026-03-17 03:22:19===> API : null ===> Message : validateRequest() invoked
info: ===> TimeStamp : 2026-03-17 03:22:19===> API : null ===> Message : fetchDBSettings()
info: ===> TimeStamp : 2026-03-17 03:22:19===> API : null ===> Message : validateRequest() Invoked!
info: ===> TimeStamp : 2026-03-17 03:22:19===> API : null ===> Message : validRequest() :: Api validated Successfully
info: ===> TimeStamp : 2026-03-17 03:22:19===> API : /api/auth/checkIP ===> Message : checkIP() invoked!!
info: ===> TimeStamp : 2026-03-17 03:22:19===> API : /api/auth/checkIP ===> Message : IPs match: 103.225.102.194
info: ===> TimeStamp : 2026-03-17 03:22:19===> API : /api/auth/checkIP ===> Message : checkIPResponse() invoked!
info: ===> TimeStamp : 2026-03-17 03:22:19===> API : /api/auth/checkIP ===> Message : checkIPResponse() completed
info: ===> TimeStamp : 2026-03-17 03:22:19===> API : null ===> Message : validateRequest() invoked
info: ===> TimeStamp : 2026-03-17 03:22:19===> API : null ===> Message : fetchDBSettings()
info: ===> TimeStamp : 2026-03-17 03:22:19===> API : null ===> Message : validateRequest() Invoked!
info: ===> TimeStamp : 2026-03-17 03:22:19===> API : null ===> Message : validRequest() :: Api validated Successfully
info: ===> TimeStamp : 2026-03-17 03:22:19===> API : /api/auth/login ===> Message : loginUser() invoked!!
info: ===> TimeStamp : 2026-03-17 03:22:19===> API : /api/auth/login ===> Message : loginUser() :: Request Object :: [object Object]
info: ===> TimeStamp : 2026-03-17 03:22:19===> API : /api/auth/login ===> Message : loginUserDB() Invoked !
info: ===> TimeStamp : 2026-03-17 03:22:19===> API : /api/auth/login ===> Message : loginUserResponse() invoked!
info: ===> TimeStamp : 2026-03-17 03:22:19===> API : /api/auth/login ===> Message : loginUserResponse() completed
