info: ===> TimeStamp : 2025-07-20 05:55:40===> API : null ===> Message : validateRequest() invoked
info: ===> TimeStamp : 2025-07-20 05:55:40===> API : null ===> Message : validateRequest() Error:: Invalid Request :: 
      {"apiUri":"/"}
info: ===> TimeStamp : 2025-07-20 05:55:41===> API : null ===> Message : validateRequest() invoked
info: ===> TimeStamp : 2025-07-20 05:55:41===> API : null ===> Message : validateRequest() Error:: Invalid Request :: 
      {"apiUri":"/favicon.ico"}
info: ===> TimeStamp : 2025-07-20 05:55:55===> API : null ===> Message : validateRequest() invoked
info: ===> TimeStamp : 2025-07-20 05:55:55===> API : null ===> Message : validateRequest() Error:: Invalid Request :: 
      {"apiUri":"/"}
info: ===> TimeStamp : 2025-07-20 05:55:55===> API : null ===> Message : validateRequest() Error:: Invalid Request :: 
      {"apiUri":"/favicon.ico"}
info: ===> TimeStamp : 2025-07-20 05:55:55===> API : null ===> Message : validateRequest() invoked
info: ===> TimeStamp : 2025-07-20 06:33:31===> API : null ===> Message : validateRequest() invoked
info: ===> TimeStamp : 2025-07-20 06:33:31===> API : null ===> Message : fetchDBSettings()
info: ===> TimeStamp : 2025-07-20 06:33:31===> API : null ===> Message : validateRequest() Invoked!
info: ===> TimeStamp : 2025-07-20 06:33:31===> API : null ===> Message : validRequest() :: Api validated Successfully
info: ===> TimeStamp : 2025-07-20 06:33:31===> API : /api/auth/validateuser ===> Message : validateUser() invoked!!
info: ===> TimeStamp : 2025-07-20 06:33:31===> API : /api/auth/validateuser ===> Message : validateUser() :: Request Object :: [object Object]
info: ===> TimeStamp : 2025-07-20 06:33:31===> API : /api/auth/validateuser ===> Message : validateUserDB() Invoked !
info: ===> TimeStamp : 2025-07-20 06:33:31===> API : /api/auth/validateuser ===> Message : validateUserDB() :: Error :: {"code":"ER_SIGNAL_EXCEPTION","errno":1644,"sqlState":"10005","sqlMessage":"User Does Not Exist","sql":"CALL usp_validate_user('ashmita', 'ashmita@`112')"}
info: ===> TimeStamp : 2025-07-20 06:33:31===> API : /api/auth/validateuser ===> Message : validateUserDBResult :: Error :: {"ErrorCode":10005,"ErrorMessage":"User Does Not Exist"}
info: ===> TimeStamp : 2025-07-20 06:33:31===> API : /api/auth/validateuser ===> Message : validateUserResponse() invoked!
info: ===> TimeStamp : 2025-07-20 06:33:31===> API : /api/auth/validateuser ===> Message : validateUserResponse() completed
info: ===> TimeStamp : 2025-07-20 06:33:32===> API : null ===> Message : validateRequest() invoked
info: ===> TimeStamp : 2025-07-20 06:33:32===> API : null ===> Message : fetchDBSettings()
info: ===> TimeStamp : 2025-07-20 06:33:32===> API : null ===> Message : validateRequest() Invoked!
info: ===> TimeStamp : 2025-07-20 06:33:32===> API : null ===> Message : validRequest() :: Api validated Successfully
info: ===> TimeStamp : 2025-07-20 06:33:32===> API : /api/auth/validateuser ===> Message : validateUser() invoked!!
info: ===> TimeStamp : 2025-07-20 06:33:32===> API : /api/auth/validateuser ===> Message : validateUser() :: Request Object :: [object Object]
info: ===> TimeStamp : 2025-07-20 06:33:32===> API : /api/auth/validateuser ===> Message : validateUserDB() Invoked !
info: ===> TimeStamp : 2025-07-20 06:33:32===> API : /api/auth/validateuser ===> Message : validateUserDB() :: Error :: {"code":"ER_SIGNAL_EXCEPTION","errno":1644,"sqlState":"10005","sqlMessage":"User Does Not Exist","sql":"CALL usp_validate_user('ashmita', 'ashmita@`112')"}
info: ===> TimeStamp : 2025-07-20 06:33:32===> API : /api/auth/validateuser ===> Message : validateUserDBResult :: Error :: {"ErrorCode":10005,"ErrorMessage":"User Does Not Exist"}
info: ===> TimeStamp : 2025-07-20 06:33:32===> API : /api/auth/validateuser ===> Message : validateUserResponse() invoked!
info: ===> TimeStamp : 2025-07-20 06:33:32===> API : /api/auth/validateuser ===> Message : validateUserResponse() completed
info: ===> TimeStamp : 2025-07-20 06:33:40===> API : null ===> Message : validateRequest() invoked
info: ===> TimeStamp : 2025-07-20 06:33:40===> API : null ===> Message : fetchDBSettings()
info: ===> TimeStamp : 2025-07-20 06:33:40===> API : null ===> Message : validateRequest() Invoked!
info: ===> TimeStamp : 2025-07-20 06:33:40===> API : null ===> Message : validRequest() :: Api validated Successfully
info: ===> TimeStamp : 2025-07-20 06:33:40===> API : /api/auth/validateuser ===> Message : validateUser() invoked!!
info: ===> TimeStamp : 2025-07-20 06:33:40===> API : /api/auth/validateuser ===> Message : validateUser() :: Request Object :: [object Object]
info: ===> TimeStamp : 2025-07-20 06:33:40===> API : /api/auth/validateuser ===> Message : validateUserDB() Invoked !
info: ===> TimeStamp : 2025-07-20 06:33:40===> API : /api/auth/validateuser ===> Message : validateUserResponse() invoked!
info: ===> TimeStamp : 2025-07-20 06:33:40===> API : /api/auth/validateuser ===> Message : validateUserResponse() completed
info: ===> TimeStamp : 2025-07-20 06:33:40===> API : null ===> Message : validateRequest() invoked
info: ===> TimeStamp : 2025-07-20 06:33:40===> API : null ===> Message : fetchDBSettings()
info: ===> TimeStamp : 2025-07-20 06:33:40===> API : null ===> Message : validateRequest() Invoked!
info: ===> TimeStamp : 2025-07-20 06:33:40===> API : null ===> Message : validRequest() :: Api validated Successfully
info: ===> TimeStamp : 2025-07-20 06:33:40===> API : /api/auth/checkIP ===> Message : checkIP() invoked!!
info: ===> TimeStamp : 2025-07-20 06:33:40===> API : /api/auth/checkIP ===> Message : IPs match: 103.225.102.194
info: ===> TimeStamp : 2025-07-20 06:33:40===> API : /api/auth/checkIP ===> Message : checkIPResponse() invoked!
info: ===> TimeStamp : 2025-07-20 06:33:40===> API : /api/auth/checkIP ===> Message : checkIPResponse() completed
info: ===> TimeStamp : 2025-07-20 06:33:40===> API : null ===> Message : validateRequest() invoked
info: ===> TimeStamp : 2025-07-20 06:33:40===> API : null ===> Message : fetchDBSettings()
info: ===> TimeStamp : 2025-07-20 06:33:40===> API : null ===> Message : validateRequest() Invoked!
info: ===> TimeStamp : 2025-07-20 06:33:40===> API : null ===> Message : validRequest() :: Api validated Successfully
info: ===> TimeStamp : 2025-07-20 06:33:40===> API : /api/auth/login ===> Message : loginUser() invoked!!
info: ===> TimeStamp : 2025-07-20 06:33:40===> API : /api/auth/login ===> Message : loginUser() :: Request Object :: [object Object]
info: ===> TimeStamp : 2025-07-20 06:33:40===> API : /api/auth/login ===> Message : loginUserDB() Invoked !
info: ===> TimeStamp : 2025-07-20 06:33:40===> API : /api/auth/login ===> Message : loginUserResponse() invoked!
info: ===> TimeStamp : 2025-07-20 06:33:40===> API : /api/auth/login ===> Message : loginUserResponse() completed
info: ===> TimeStamp : 2025-07-20 06:50:21===> API : null ===> Message : validateRequest() invoked
info: ===> TimeStamp : 2025-07-20 06:50:21===> API : null ===> Message : fetchDBSettings()
info: ===> TimeStamp : 2025-07-20 06:50:21===> API : null ===> Message : validateRequest() Invoked!
info: ===> TimeStamp : 2025-07-20 06:50:21===> API : null ===> Message : validRequest() :: Api validated Successfully
info: ===> TimeStamp : 2025-07-20 06:50:21===> API : /api/auth/logout ===> Message : logoutUser() invoked!!
info: ===> TimeStamp : 2025-07-20 06:50:21===> API : /api/auth/logout ===> Message : logoutUser() :: Request Object :: [object Object]
info: ===> TimeStamp : 2025-07-20 06:50:21===> API : /api/auth/logout ===> Message : logoutUserDB() Invoked !
info: ===> TimeStamp : 2025-07-20 06:50:22===> API : /api/auth/logout ===> Message : logoutUserResponse() invoked!
info: ===> TimeStamp : 2025-07-20 06:50:22===> API : /api/auth/logout ===> Message : logoutUserResponse() completed
info: ===> TimeStamp : 2025-07-20 06:56:35===> API : null ===> Message : validateRequest() invoked
info: ===> TimeStamp : 2025-07-20 06:56:35===> API : null ===> Message : fetchDBSettings()
info: ===> TimeStamp : 2025-07-20 06:56:35===> API : null ===> Message : validateRequest() Invoked!
info: ===> TimeStamp : 2025-07-20 06:56:35===> API : null ===> Message : validRequest() :: Api validated Successfully
info: ===> TimeStamp : 2025-07-20 06:56:35===> API : /api/auth/validateuser ===> Message : validateUser() invoked!!
info: ===> TimeStamp : 2025-07-20 06:56:35===> API : /api/auth/validateuser ===> Message : validateUser() :: Request Object :: [object Object]
info: ===> TimeStamp : 2025-07-20 06:56:35===> API : /api/auth/validateuser ===> Message : validateUserDB() Invoked !
info: ===> TimeStamp : 2025-07-20 06:56:35===> API : /api/auth/validateuser ===> Message : validateUserDB() :: Error :: {"code":"ER_SIGNAL_EXCEPTION","errno":1644,"sqlState":"10005","sqlMessage":"User Does Not Exist","sql":"CALL usp_validate_user('mary', 'mary12')"}
info: ===> TimeStamp : 2025-07-20 06:56:35===> API : /api/auth/validateuser ===> Message : validateUserDBResult :: Error :: {"ErrorCode":10005,"ErrorMessage":"User Does Not Exist"}
info: ===> TimeStamp : 2025-07-20 06:56:35===> API : /api/auth/validateuser ===> Message : validateUserResponse() invoked!
info: ===> TimeStamp : 2025-07-20 06:56:35===> API : /api/auth/validateuser ===> Message : validateUserResponse() completed
info: ===> TimeStamp : 2025-07-20 06:56:42===> API : null ===> Message : validateRequest() invoked
info: ===> TimeStamp : 2025-07-20 06:56:42===> API : null ===> Message : fetchDBSettings()
info: ===> TimeStamp : 2025-07-20 06:56:42===> API : null ===> Message : validateRequest() Invoked!
info: ===> TimeStamp : 2025-07-20 06:56:42===> API : null ===> Message : validRequest() :: Api validated Successfully
info: ===> TimeStamp : 2025-07-20 06:56:42===> API : /api/auth/validateuser ===> Message : validateUser() invoked!!
info: ===> TimeStamp : 2025-07-20 06:56:42===> API : /api/auth/validateuser ===> Message : validateUser() :: Request Object :: [object Object]
info: ===> TimeStamp : 2025-07-20 06:56:42===> API : /api/auth/validateuser ===> Message : validateUserDB() Invoked !
info: ===> TimeStamp : 2025-07-20 06:56:42===> API : /api/auth/validateuser ===> Message : validateUserResponse() invoked!
info: ===> TimeStamp : 2025-07-20 06:56:42===> API : /api/auth/validateuser ===> Message : validateUserResponse() completed
info: ===> TimeStamp : 2025-07-20 06:56:42===> API : null ===> Message : validateRequest() invoked
info: ===> TimeStamp : 2025-07-20 06:56:42===> API : null ===> Message : fetchDBSettings()
info: ===> TimeStamp : 2025-07-20 06:56:42===> API : null ===> Message : validateRequest() Invoked!
info: ===> TimeStamp : 2025-07-20 06:56:42===> API : null ===> Message : validRequest() :: Api validated Successfully
info: ===> TimeStamp : 2025-07-20 06:56:42===> API : /api/auth/checkIP ===> Message : checkIP() invoked!!
info: ===> TimeStamp : 2025-07-20 06:56:42===> API : /api/auth/checkIP ===> Message : IPs match: 103.225.102.194
info: ===> TimeStamp : 2025-07-20 06:56:42===> API : /api/auth/checkIP ===> Message : checkIPResponse() invoked!
info: ===> TimeStamp : 2025-07-20 06:56:42===> API : /api/auth/checkIP ===> Message : checkIPResponse() completed
info: ===> TimeStamp : 2025-07-20 06:56:42===> API : null ===> Message : validateRequest() invoked
info: ===> TimeStamp : 2025-07-20 06:56:42===> API : null ===> Message : fetchDBSettings()
info: ===> TimeStamp : 2025-07-20 06:56:42===> API : null ===> Message : validateRequest() Invoked!
info: ===> TimeStamp : 2025-07-20 06:56:42===> API : null ===> Message : validRequest() :: Api validated Successfully
info: ===> TimeStamp : 2025-07-20 06:56:42===> API : /api/auth/login ===> Message : loginUser() invoked!!
info: ===> TimeStamp : 2025-07-20 06:56:42===> API : /api/auth/login ===> Message : loginUser() :: Request Object :: [object Object]
info: ===> TimeStamp : 2025-07-20 06:56:42===> API : /api/auth/login ===> Message : loginUserDB() Invoked !
info: ===> TimeStamp : 2025-07-20 06:56:42===> API : /api/auth/login ===> Message : loginUserResponse() invoked!
info: ===> TimeStamp : 2025-07-20 06:56:42===> API : /api/auth/login ===> Message : loginUserResponse() completed
info: ===> TimeStamp : 2025-07-20 07:02:16===> API : null ===> Message : validateRequest() invoked
info: ===> TimeStamp : 2025-07-20 07:02:16===> API : null ===> Message : fetchDBSettings()
info: ===> TimeStamp : 2025-07-20 07:02:16===> API : null ===> Message : validateRequest() Invoked!
info: ===> TimeStamp : 2025-07-20 07:02:16===> API : null ===> Message : validRequest() :: Api validated Successfully
info: ===> TimeStamp : 2025-07-20 07:02:16===> API : /api/auth/validateuser ===> Message : validateUser() invoked!!
info: ===> TimeStamp : 2025-07-20 07:02:16===> API : /api/auth/validateuser ===> Message : validateUser() :: Request Object :: [object Object]
info: ===> TimeStamp : 2025-07-20 07:02:16===> API : /api/auth/validateuser ===> Message : validateUserDB() Invoked !
info: ===> TimeStamp : 2025-07-20 07:02:16===> API : /api/auth/validateuser ===> Message : validateUserDB() :: Error :: {"code":"ER_SIGNAL_EXCEPTION","errno":1644,"sqlState":"10005","sqlMessage":"User Does Not Exist","sql":"CALL usp_validate_user('mary', '@12')"}
info: ===> TimeStamp : 2025-07-20 07:02:16===> API : /api/auth/validateuser ===> Message : validateUserResponse() invoked!
info: ===> TimeStamp : 2025-07-20 07:02:16===> API : /api/auth/validateuser ===> Message : validateUserDBResult :: Error :: {"ErrorCode":10005,"ErrorMessage":"User Does Not Exist"}
info: ===> TimeStamp : 2025-07-20 07:02:16===> API : /api/auth/validateuser ===> Message : validateUserResponse() completed
info: ===> TimeStamp : 2025-07-20 07:02:23===> API : null ===> Message : validateRequest() invoked
info: ===> TimeStamp : 2025-07-20 07:02:23===> API : null ===> Message : fetchDBSettings()
info: ===> TimeStamp : 2025-07-20 07:02:23===> API : null ===> Message : validateRequest() Invoked!
info: ===> TimeStamp : 2025-07-20 07:02:23===> API : null ===> Message : validRequest() :: Api validated Successfully
info: ===> TimeStamp : 2025-07-20 07:02:23===> API : /api/auth/validateuser ===> Message : validateUser() :: Request Object :: [object Object]
info: ===> TimeStamp : 2025-07-20 07:02:23===> API : /api/auth/validateuser ===> Message : validateUser() invoked!!
info: ===> TimeStamp : 2025-07-20 07:02:23===> API : /api/auth/validateuser ===> Message : validateUserDB() Invoked !
info: ===> TimeStamp : 2025-07-20 07:02:23===> API : /api/auth/validateuser ===> Message : validateUserResponse() invoked!
info: ===> TimeStamp : 2025-07-20 07:02:23===> API : /api/auth/validateuser ===> Message : validateUserResponse() completed
info: ===> TimeStamp : 2025-07-20 07:02:24===> API : null ===> Message : validateRequest() invoked
info: ===> TimeStamp : 2025-07-20 07:02:24===> API : null ===> Message : fetchDBSettings()
info: ===> TimeStamp : 2025-07-20 07:02:24===> API : null ===> Message : validateRequest() Invoked!
info: ===> TimeStamp : 2025-07-20 07:02:24===> API : null ===> Message : validRequest() :: Api validated Successfully
info: ===> TimeStamp : 2025-07-20 07:02:24===> API : /api/auth/checkIP ===> Message : checkIP() invoked!!
info: ===> TimeStamp : 2025-07-20 07:02:24===> API : /api/auth/checkIP ===> Message : IPs match: 103.225.102.194
info: ===> TimeStamp : 2025-07-20 07:02:24===> API : /api/auth/checkIP ===> Message : checkIPResponse() invoked!
info: ===> TimeStamp : 2025-07-20 07:02:24===> API : /api/auth/checkIP ===> Message : checkIPResponse() completed
info: ===> TimeStamp : 2025-07-20 07:02:24===> API : null ===> Message : validateRequest() invoked
info: ===> TimeStamp : 2025-07-20 07:02:24===> API : null ===> Message : fetchDBSettings()
info: ===> TimeStamp : 2025-07-20 07:02:24===> API : null ===> Message : validateRequest() Invoked!
info: ===> TimeStamp : 2025-07-20 07:02:24===> API : null ===> Message : validRequest() :: Api validated Successfully
info: ===> TimeStamp : 2025-07-20 07:02:24===> API : /api/auth/login ===> Message : loginUser() invoked!!
info: ===> TimeStamp : 2025-07-20 07:02:24===> API : /api/auth/login ===> Message : loginUser() :: Request Object :: [object Object]
info: ===> TimeStamp : 2025-07-20 07:02:24===> API : /api/auth/login ===> Message : loginUserDB() Invoked !
info: ===> TimeStamp : 2025-07-20 07:02:24===> API : /api/auth/login ===> Message : loginUserResponse() invoked!
info: ===> TimeStamp : 2025-07-20 07:02:24===> API : /api/auth/login ===> Message : loginUserResponse() completed
info: ===> TimeStamp : 2025-07-20 07:04:14===> API : null ===> Message : validateRequest() invoked
info: ===> TimeStamp : 2025-07-20 07:04:14===> API : null ===> Message : fetchDBSettings()
info: ===> TimeStamp : 2025-07-20 07:04:14===> API : null ===> Message : validateRequest() Invoked!
info: ===> TimeStamp : 2025-07-20 07:04:14===> API : null ===> Message : validRequest() :: Api validated Successfully
info: ===> TimeStamp : 2025-07-20 07:04:14===> API : /api/auth/validateuser ===> Message : validateUser() invoked!!
info: ===> TimeStamp : 2025-07-20 07:04:14===> API : /api/auth/validateuser ===> Message : validateUser() :: Request Object :: [object Object]
info: ===> TimeStamp : 2025-07-20 07:04:14===> API : /api/auth/validateuser ===> Message : validateUserDB() Invoked !
info: ===> TimeStamp : 2025-07-20 07:04:14===> API : /api/auth/validateuser ===> Message : validateUserResponse() invoked!
info: ===> TimeStamp : 2025-07-20 07:04:14===> API : /api/auth/validateuser ===> Message : validateUserResponse() completed
info: ===> TimeStamp : 2025-07-20 07:04:15===> API : null ===> Message : validateRequest() invoked
info: ===> TimeStamp : 2025-07-20 07:04:15===> API : null ===> Message : fetchDBSettings()
info: ===> TimeStamp : 2025-07-20 07:04:15===> API : null ===> Message : validateRequest() Invoked!
info: ===> TimeStamp : 2025-07-20 07:04:15===> API : null ===> Message : validRequest() :: Api validated Successfully
info: ===> TimeStamp : 2025-07-20 07:04:15===> API : /api/auth/checkIP ===> Message : checkIP() invoked!!
info: ===> TimeStamp : 2025-07-20 07:04:15===> API : /api/auth/checkIP ===> Message : IPs match: 103.255.182.117
info: ===> TimeStamp : 2025-07-20 07:04:15===> API : /api/auth/checkIP ===> Message : checkIPResponse() invoked!
info: ===> TimeStamp : 2025-07-20 07:04:15===> API : /api/auth/checkIP ===> Message : checkIPResponse() completed
info: ===> TimeStamp : 2025-07-20 07:04:15===> API : null ===> Message : validateRequest() invoked
info: ===> TimeStamp : 2025-07-20 07:04:15===> API : null ===> Message : fetchDBSettings()
info: ===> TimeStamp : 2025-07-20 07:04:15===> API : null ===> Message : validateRequest() Invoked!
info: ===> TimeStamp : 2025-07-20 07:04:15===> API : null ===> Message : validRequest() :: Api validated Successfully
info: ===> TimeStamp : 2025-07-20 07:04:15===> API : /api/auth/login ===> Message : loginUser() invoked!!
info: ===> TimeStamp : 2025-07-20 07:04:15===> API : /api/auth/login ===> Message : loginUser() :: Request Object :: [object Object]
info: ===> TimeStamp : 2025-07-20 07:04:15===> API : /api/auth/login ===> Message : loginUserDB() Invoked !
info: ===> TimeStamp : 2025-07-20 07:04:15===> API : /api/auth/login ===> Message : loginUserResponse() invoked!
info: ===> TimeStamp : 2025-07-20 07:04:15===> API : /api/auth/login ===> Message : loginUserResponse() completed
info: ===> TimeStamp : 2025-07-20 08:47:27===> API : null ===> Message : validateRequest() invoked
info: ===> TimeStamp : 2025-07-20 08:47:27===> API : null ===> Message : fetchDBSettings()
info: ===> TimeStamp : 2025-07-20 08:47:27===> API : null ===> Message : validateRequest() Invoked!
info: ===> TimeStamp : 2025-07-20 08:47:27===> API : null ===> Message : validRequest() :: Api validated Successfully
info: ===> TimeStamp : 2025-07-20 08:47:27===> API : /api/auth/validateuser ===> Message : validateUser() invoked!!
info: ===> TimeStamp : 2025-07-20 08:47:27===> API : /api/auth/validateuser ===> Message : validateUser() :: Request Object :: [object Object]
info: ===> TimeStamp : 2025-07-20 08:47:27===> API : /api/auth/validateuser ===> Message : validateUserDB() Invoked !
info: ===> TimeStamp : 2025-07-20 08:47:27===> API : /api/auth/validateuser ===> Message : validateUserResponse() invoked!
info: ===> TimeStamp : 2025-07-20 08:47:27===> API : /api/auth/validateuser ===> Message : validateUserResponse() completed
info: ===> TimeStamp : 2025-07-20 08:47:27===> API : null ===> Message : validateRequest() invoked
info: ===> TimeStamp : 2025-07-20 08:47:27===> API : null ===> Message : fetchDBSettings()
info: ===> TimeStamp : 2025-07-20 08:47:27===> API : null ===> Message : validateRequest() Invoked!
info: ===> TimeStamp : 2025-07-20 08:47:27===> API : null ===> Message : validRequest() :: Api validated Successfully
info: ===> TimeStamp : 2025-07-20 08:47:27===> API : /api/auth/login ===> Message : loginUser() :: Request Object :: [object Object]
info: ===> TimeStamp : 2025-07-20 08:47:27===> API : /api/auth/login ===> Message : loginUser() invoked!!
info: ===> TimeStamp : 2025-07-20 08:47:27===> API : /api/auth/login ===> Message : loginUserDB() Invoked !
info: ===> TimeStamp : 2025-07-20 08:47:27===> API : /api/auth/login ===> Message : loginUserResponse() invoked!
info: ===> TimeStamp : 2025-07-20 08:47:27===> API : /api/auth/login ===> Message : loginUserResponse() completed
info: ===> TimeStamp : 2025-07-20 09:11:33===> API : null ===> Message : validateRequest() invoked
info: ===> TimeStamp : 2025-07-20 09:11:33===> API : null ===> Message : fetchDBSettings()
info: ===> TimeStamp : 2025-07-20 09:11:33===> API : null ===> Message : validateRequest() Invoked!
info: ===> TimeStamp : 2025-07-20 09:11:33===> API : null ===> Message : validRequest() :: Api validated Successfully
info: ===> TimeStamp : 2025-07-20 09:11:33===> API : /api/auth/validateuser ===> Message : validateUser() invoked!!
info: ===> TimeStamp : 2025-07-20 09:11:33===> API : /api/auth/validateuser ===> Message : validateUser() :: Request Object :: [object Object]
info: ===> TimeStamp : 2025-07-20 09:11:33===> API : /api/auth/validateuser ===> Message : validateUserDB() Invoked !
info: ===> TimeStamp : 2025-07-20 09:11:33===> API : /api/auth/validateuser ===> Message : validateUserResponse() invoked!
info: ===> TimeStamp : 2025-07-20 09:11:33===> API : /api/auth/validateuser ===> Message : validateUserResponse() completed
info: ===> TimeStamp : 2025-07-20 09:11:33===> API : null ===> Message : validateRequest() invoked
info: ===> TimeStamp : 2025-07-20 09:11:33===> API : null ===> Message : fetchDBSettings()
info: ===> TimeStamp : 2025-07-20 09:11:33===> API : null ===> Message : validateRequest() Invoked!
info: ===> TimeStamp : 2025-07-20 09:11:33===> API : null ===> Message : validRequest() :: Api validated Successfully
info: ===> TimeStamp : 2025-07-20 09:11:33===> API : /api/auth/checkIP ===> Message : checkIP() invoked!!
info: ===> TimeStamp : 2025-07-20 09:11:33===> API : /api/auth/checkIP ===> Message : IPs match: 103.225.102.194
info: ===> TimeStamp : 2025-07-20 09:11:33===> API : /api/auth/checkIP ===> Message : checkIPResponse() invoked!
info: ===> TimeStamp : 2025-07-20 09:11:33===> API : /api/auth/checkIP ===> Message : checkIPResponse() completed
info: ===> TimeStamp : 2025-07-20 09:11:33===> API : null ===> Message : validateRequest() invoked
info: ===> TimeStamp : 2025-07-20 09:11:33===> API : null ===> Message : fetchDBSettings()
info: ===> TimeStamp : 2025-07-20 09:11:33===> API : null ===> Message : validateRequest() Invoked!
info: ===> TimeStamp : 2025-07-20 09:11:33===> API : null ===> Message : validRequest() :: Api validated Successfully
info: ===> TimeStamp : 2025-07-20 09:11:33===> API : /api/auth/login ===> Message : loginUser() invoked!!
info: ===> TimeStamp : 2025-07-20 09:11:33===> API : /api/auth/login ===> Message : loginUser() :: Request Object :: [object Object]
info: ===> TimeStamp : 2025-07-20 09:11:33===> API : /api/auth/login ===> Message : loginUserDB() Invoked !
info: ===> TimeStamp : 2025-07-20 09:11:33===> API : /api/auth/login ===> Message : loginUserResponse() invoked!
info: ===> TimeStamp : 2025-07-20 09:11:33===> API : /api/auth/login ===> Message : loginUserResponse() completed
info: ===> TimeStamp : 2025-07-20 10:44:52===> API : null ===> Message : validateRequest() invoked
info: ===> TimeStamp : 2025-07-20 10:44:52===> API : null ===> Message : fetchDBSettings()
info: ===> TimeStamp : 2025-07-20 10:44:52===> API : null ===> Message : validateRequest() Invoked!
info: ===> TimeStamp : 2025-07-20 10:44:52===> API : null ===> Message : validRequest() :: Api validated Successfully
info: ===> TimeStamp : 2025-07-20 10:44:52===> API : /api/auth/validateuser ===> Message : validateUser() invoked!!
info: ===> TimeStamp : 2025-07-20 10:44:52===> API : /api/auth/validateuser ===> Message : validateUser() :: Request Object :: [object Object]
info: ===> TimeStamp : 2025-07-20 10:44:52===> API : /api/auth/validateuser ===> Message : validateUserDB() Invoked !
info: ===> TimeStamp : 2025-07-20 10:44:52===> API : /api/auth/validateuser ===> Message : validateUserResponse() invoked!
info: ===> TimeStamp : 2025-07-20 10:44:52===> API : /api/auth/validateuser ===> Message : validateUserResponse() completed
info: ===> TimeStamp : 2025-07-20 10:44:55===> API : null ===> Message : validateRequest() invoked
info: ===> TimeStamp : 2025-07-20 10:44:55===> API : null ===> Message : fetchDBSettings()
info: ===> TimeStamp : 2025-07-20 10:44:56===> API : null ===> Message : validateRequest() Invoked!
info: ===> TimeStamp : 2025-07-20 10:44:56===> API : null ===> Message : validRequest() :: Api validated Successfully
info: ===> TimeStamp : 2025-07-20 10:44:56===> API : /api/auth/login ===> Message : loginUser() invoked!!
info: ===> TimeStamp : 2025-07-20 10:44:56===> API : /api/auth/login ===> Message : loginUser() :: Request Object :: [object Object]
info: ===> TimeStamp : 2025-07-20 10:44:56===> API : /api/auth/login ===> Message : loginUserDB() Invoked !
info: ===> TimeStamp : 2025-07-20 10:44:56===> API : /api/auth/login ===> Message : loginUserResponse() invoked!
info: ===> TimeStamp : 2025-07-20 10:44:56===> API : /api/auth/login ===> Message : loginUserResponse() completed
info: ===> TimeStamp : 2025-07-20 12:42:31===> API : null ===> Message : validateRequest() invoked
info: ===> TimeStamp : 2025-07-20 12:42:32===> API : null ===> Message : fetchDBSettings()
info: ===> TimeStamp : 2025-07-20 12:42:32===> API : null ===> Message : validateRequest() Invoked!
info: ===> TimeStamp : 2025-07-20 12:42:32===> API : null ===> Message : validRequest() :: Api validated Successfully
info: ===> TimeStamp : 2025-07-20 12:42:32===> API : /api/auth/validateuser ===> Message : validateUser() :: Request Object :: [object Object]
info: ===> TimeStamp : 2025-07-20 12:42:32===> API : /api/auth/validateuser ===> Message : validateUser() invoked!!
info: ===> TimeStamp : 2025-07-20 12:42:32===> API : /api/auth/validateuser ===> Message : validateUserDB() Invoked !
info: ===> TimeStamp : 2025-07-20 12:42:32===> API : /api/auth/validateuser ===> Message : validateUserResponse() invoked!
info: ===> TimeStamp : 2025-07-20 12:42:32===> API : /api/auth/validateuser ===> Message : validateUserResponse() completed
info: ===> TimeStamp : 2025-07-20 12:42:32===> API : null ===> Message : validateRequest() invoked
info: ===> TimeStamp : 2025-07-20 12:42:32===> API : null ===> Message : fetchDBSettings()
info: ===> TimeStamp : 2025-07-20 12:42:32===> API : null ===> Message : validateRequest() Invoked!
info: ===> TimeStamp : 2025-07-20 12:42:32===> API : null ===> Message : validRequest() :: Api validated Successfully
info: ===> TimeStamp : 2025-07-20 12:42:32===> API : /api/auth/login ===> Message : loginUser() invoked!!
info: ===> TimeStamp : 2025-07-20 12:42:32===> API : /api/auth/login ===> Message : loginUser() :: Request Object :: [object Object]
info: ===> TimeStamp : 2025-07-20 12:42:32===> API : /api/auth/login ===> Message : loginUserDB() Invoked !
info: ===> TimeStamp : 2025-07-20 12:42:32===> API : /api/auth/login ===> Message : loginUserResponse() invoked!
info: ===> TimeStamp : 2025-07-20 12:42:32===> API : /api/auth/login ===> Message : loginUserResponse() completed
info: ===> TimeStamp : 2025-07-20 14:36:27===> API : null ===> Message : validateRequest() invoked
info: ===> TimeStamp : 2025-07-20 14:36:27===> API : null ===> Message : fetchDBSettings()
info: ===> TimeStamp : 2025-07-20 14:36:27===> API : null ===> Message : validateRequest() Invoked!
info: ===> TimeStamp : 2025-07-20 14:36:27===> API : null ===> Message : validRequest() :: Api validated Successfully
info: ===> TimeStamp : 2025-07-20 14:36:27===> API : /api/auth/validateuser ===> Message : validateUser() invoked!!
info: ===> TimeStamp : 2025-07-20 14:36:27===> API : /api/auth/validateuser ===> Message : validateUser() :: Request Object :: [object Object]
info: ===> TimeStamp : 2025-07-20 14:36:27===> API : /api/auth/validateuser ===> Message : validateUserDB() Invoked !
info: ===> TimeStamp : 2025-07-20 14:36:27===> API : /api/auth/validateuser ===> Message : validateUserResponse() invoked!
info: ===> TimeStamp : 2025-07-20 14:36:27===> API : /api/auth/validateuser ===> Message : validateUserResponse() completed
info: ===> TimeStamp : 2025-07-20 14:36:27===> API : null ===> Message : validateRequest() invoked
info: ===> TimeStamp : 2025-07-20 14:36:27===> API : null ===> Message : fetchDBSettings()
info: ===> TimeStamp : 2025-07-20 14:36:27===> API : null ===> Message : validateRequest() Invoked!
info: ===> TimeStamp : 2025-07-20 14:36:27===> API : null ===> Message : validRequest() :: Api validated Successfully
info: ===> TimeStamp : 2025-07-20 14:36:27===> API : /api/auth/login ===> Message : loginUser() invoked!!
info: ===> TimeStamp : 2025-07-20 14:36:27===> API : /api/auth/login ===> Message : loginUser() :: Request Object :: [object Object]
info: ===> TimeStamp : 2025-07-20 14:36:27===> API : /api/auth/login ===> Message : loginUserDB() Invoked !
info: ===> TimeStamp : 2025-07-20 14:36:27===> API : /api/auth/login ===> Message : loginUserResponse() invoked!
info: ===> TimeStamp : 2025-07-20 14:36:27===> API : /api/auth/login ===> Message : loginUserResponse() completed
info: ===> TimeStamp : 2025-07-20 14:49:33===> API : null ===> Message : validateRequest() invoked
info: ===> TimeStamp : 2025-07-20 14:49:33===> API : null ===> Message : fetchDBSettings()
info: ===> TimeStamp : 2025-07-20 14:49:33===> API : null ===> Message : validateRequest() Invoked!
info: ===> TimeStamp : 2025-07-20 14:49:33===> API : null ===> Message : validRequest() :: Api validated Successfully
info: ===> TimeStamp : 2025-07-20 14:49:33===> API : /api/auth/logout ===> Message : logoutUser() invoked!!
info: ===> TimeStamp : 2025-07-20 14:49:33===> API : /api/auth/logout ===> Message : logoutUser() :: Request Object :: [object Object]
info: ===> TimeStamp : 2025-07-20 14:49:33===> API : /api/auth/logout ===> Message : logoutUserDB() Invoked !
info: ===> TimeStamp : 2025-07-20 14:49:33===> API : /api/auth/logout ===> Message : logoutUserResponse() invoked!
info: ===> TimeStamp : 2025-07-20 14:49:33===> API : /api/auth/logout ===> Message : logoutUserResponse() completed
info: ===> TimeStamp : 2025-07-20 14:51:47===> API : null ===> Message : validateRequest() invoked
info: ===> TimeStamp : 2025-07-20 14:51:47===> API : null ===> Message : fetchDBSettings()
info: ===> TimeStamp : 2025-07-20 14:51:47===> API : null ===> Message : validateRequest() Invoked!
info: ===> TimeStamp : 2025-07-20 14:51:47===> API : /api/auth/logout ===> Message : logoutUser() invoked!!
info: ===> TimeStamp : 2025-07-20 14:51:47===> API : /api/auth/logout ===> Message : logoutUser() :: Request Object :: [object Object]
info: ===> TimeStamp : 2025-07-20 14:51:47===> API : null ===> Message : validRequest() :: Api validated Successfully
info: ===> TimeStamp : 2025-07-20 14:51:47===> API : /api/auth/logout ===> Message : logoutUserDB() Invoked !
info: ===> TimeStamp : 2025-07-20 14:51:47===> API : /api/auth/logout ===> Message : logoutUserResponse() invoked!
info: ===> TimeStamp : 2025-07-20 14:51:47===> API : /api/auth/logout ===> Message : logoutUserResponse() completed
info: ===> TimeStamp : 2025-07-20 14:51:58===> API : null ===> Message : validateRequest() invoked
info: ===> TimeStamp : 2025-07-20 14:51:58===> API : null ===> Message : fetchDBSettings()
info: ===> TimeStamp : 2025-07-20 14:51:58===> API : null ===> Message : validateRequest() Invoked!
info: ===> TimeStamp : 2025-07-20 14:51:58===> API : null ===> Message : validRequest() :: Api validated Successfully
info: ===> TimeStamp : 2025-07-20 14:51:58===> API : /api/auth/validateuser ===> Message : validateUser() invoked!!
info: ===> TimeStamp : 2025-07-20 14:51:58===> API : /api/auth/validateuser ===> Message : validateUser() :: Request Object :: [object Object]
info: ===> TimeStamp : 2025-07-20 14:51:58===> API : /api/auth/validateuser ===> Message : validateUserDB() Invoked !
info: ===> TimeStamp : 2025-07-20 14:51:58===> API : /api/auth/validateuser ===> Message : validateUserResponse() invoked!
info: ===> TimeStamp : 2025-07-20 14:51:58===> API : /api/auth/validateuser ===> Message : validateUserResponse() completed
info: ===> TimeStamp : 2025-07-20 14:51:58===> API : null ===> Message : validateRequest() invoked
info: ===> TimeStamp : 2025-07-20 14:51:58===> API : null ===> Message : fetchDBSettings()
info: ===> TimeStamp : 2025-07-20 14:51:58===> API : null ===> Message : validateRequest() Invoked!
info: ===> TimeStamp : 2025-07-20 14:51:58===> API : null ===> Message : validRequest() :: Api validated Successfully
info: ===> TimeStamp : 2025-07-20 14:51:58===> API : /api/auth/checkIP ===> Message : checkIP() invoked!!
info: ===> TimeStamp : 2025-07-20 14:51:58===> API : /api/auth/checkIP ===> Message : IPs match: 103.225.102.194
info: ===> TimeStamp : 2025-07-20 14:51:58===> API : /api/auth/checkIP ===> Message : checkIPResponse() invoked!
info: ===> TimeStamp : 2025-07-20 14:51:58===> API : /api/auth/checkIP ===> Message : checkIPResponse() completed
info: ===> TimeStamp : 2025-07-20 14:51:58===> API : null ===> Message : validateRequest() invoked
info: ===> TimeStamp : 2025-07-20 14:51:58===> API : null ===> Message : fetchDBSettings()
info: ===> TimeStamp : 2025-07-20 14:51:59===> API : null ===> Message : validateRequest() Invoked!
info: ===> TimeStamp : 2025-07-20 14:51:59===> API : /api/auth/login ===> Message : loginUser() invoked!!
info: ===> TimeStamp : 2025-07-20 14:51:59===> API : null ===> Message : validRequest() :: Api validated Successfully
info: ===> TimeStamp : 2025-07-20 14:51:59===> API : /api/auth/login ===> Message : loginUser() :: Request Object :: [object Object]
info: ===> TimeStamp : 2025-07-20 14:51:59===> API : /api/auth/login ===> Message : loginUserDB() Invoked !
info: ===> TimeStamp : 2025-07-20 14:51:59===> API : /api/auth/login ===> Message : loginUserResponse() invoked!
info: ===> TimeStamp : 2025-07-20 14:51:59===> API : /api/auth/login ===> Message : loginUserResponse() completed
info: ===> TimeStamp : 2025-07-20 14:52:02===> API : null ===> Message : validateRequest() invoked
info: ===> TimeStamp : 2025-07-20 14:52:02===> API : null ===> Message : fetchDBSettings()
info: ===> TimeStamp : 2025-07-20 14:52:02===> API : null ===> Message : validateRequest() Invoked!
info: ===> TimeStamp : 2025-07-20 14:52:02===> API : null ===> Message : validRequest() :: Api validated Successfully
info: ===> TimeStamp : 2025-07-20 14:52:02===> API : /api/auth/logout ===> Message : logoutUser() :: Request Object :: [object Object]
info: ===> TimeStamp : 2025-07-20 14:52:02===> API : /api/auth/logout ===> Message : logoutUserDB() Invoked !
info: ===> TimeStamp : 2025-07-20 14:52:02===> API : /api/auth/logout ===> Message : logoutUser() invoked!!
info: ===> TimeStamp : 2025-07-20 14:52:02===> API : /api/auth/logout ===> Message : logoutUserResponse() invoked!
info: ===> TimeStamp : 2025-07-20 14:52:02===> API : /api/auth/logout ===> Message : logoutUserResponse() completed
info: ===> TimeStamp : 2025-07-20 14:52:19===> API : null ===> Message : validateRequest() invoked
info: ===> TimeStamp : 2025-07-20 14:52:19===> API : null ===> Message : fetchDBSettings()
info: ===> TimeStamp : 2025-07-20 14:52:19===> API : null ===> Message : validateRequest() Invoked!
info: ===> TimeStamp : 2025-07-20 14:52:19===> API : null ===> Message : validRequest() :: Api validated Successfully
info: ===> TimeStamp : 2025-07-20 14:52:19===> API : /api/auth/validateuser ===> Message : validateUser() invoked!!
info: ===> TimeStamp : 2025-07-20 14:52:19===> API : /api/auth/validateuser ===> Message : validateUser() :: Request Object :: [object Object]
info: ===> TimeStamp : 2025-07-20 14:52:19===> API : /api/auth/validateuser ===> Message : validateUserDB() Invoked !
info: ===> TimeStamp : 2025-07-20 14:52:19===> API : /api/auth/validateuser ===> Message : validateUserResponse() invoked!
info: ===> TimeStamp : 2025-07-20 14:52:19===> API : /api/auth/validateuser ===> Message : validateUserResponse() completed
info: ===> TimeStamp : 2025-07-20 14:52:19===> API : null ===> Message : validateRequest() invoked
info: ===> TimeStamp : 2025-07-20 14:52:19===> API : null ===> Message : fetchDBSettings()
info: ===> TimeStamp : 2025-07-20 14:52:19===> API : null ===> Message : validateRequest() Invoked!
info: ===> TimeStamp : 2025-07-20 14:52:19===> API : null ===> Message : validRequest() :: Api validated Successfully
info: ===> TimeStamp : 2025-07-20 14:52:19===> API : /api/auth/checkIP ===> Message : checkIP() invoked!!
info: ===> TimeStamp : 2025-07-20 14:52:19===> API : /api/auth/checkIP ===> Message : IPs match: 103.225.102.194
info: ===> TimeStamp : 2025-07-20 14:52:19===> API : /api/auth/checkIP ===> Message : checkIPResponse() invoked!
info: ===> TimeStamp : 2025-07-20 14:52:19===> API : /api/auth/checkIP ===> Message : checkIPResponse() completed
info: ===> TimeStamp : 2025-07-20 14:52:19===> API : null ===> Message : validateRequest() invoked
info: ===> TimeStamp : 2025-07-20 14:52:19===> API : null ===> Message : fetchDBSettings()
info: ===> TimeStamp : 2025-07-20 14:52:19===> API : null ===> Message : validateRequest() Invoked!
info: ===> TimeStamp : 2025-07-20 14:52:19===> API : null ===> Message : validRequest() :: Api validated Successfully
info: ===> TimeStamp : 2025-07-20 14:52:19===> API : /api/auth/login ===> Message : loginUser() invoked!!
info: ===> TimeStamp : 2025-07-20 14:52:19===> API : /api/auth/login ===> Message : loginUser() :: Request Object :: [object Object]
info: ===> TimeStamp : 2025-07-20 14:52:19===> API : /api/auth/login ===> Message : loginUserDB() Invoked !
info: ===> TimeStamp : 2025-07-20 14:52:19===> API : /api/auth/login ===> Message : loginUserResponse() invoked!
info: ===> TimeStamp : 2025-07-20 14:52:19===> API : /api/auth/login ===> Message : loginUserResponse() completed
info: ===> TimeStamp : 2025-07-20 14:53:26===> API : null ===> Message : validateRequest() invoked
info: ===> TimeStamp : 2025-07-20 14:53:26===> API : null ===> Message : fetchDBSettings()
info: ===> TimeStamp : 2025-07-20 14:53:26===> API : null ===> Message : validateRequest() Invoked!
info: ===> TimeStamp : 2025-07-20 14:53:26===> API : null ===> Message : validRequest() :: Api validated Successfully
info: ===> TimeStamp : 2025-07-20 14:53:26===> API : /api/auth/logout ===> Message : logoutUser() invoked!!
info: ===> TimeStamp : 2025-07-20 14:53:26===> API : /api/auth/logout ===> Message : logoutUser() :: Request Object :: [object Object]
info: ===> TimeStamp : 2025-07-20 14:53:26===> API : /api/auth/logout ===> Message : logoutUserDB() Invoked !
info: ===> TimeStamp : 2025-07-20 14:53:26===> API : /api/auth/logout ===> Message : logoutUserResponse() invoked!
info: ===> TimeStamp : 2025-07-20 14:53:26===> API : /api/auth/logout ===> Message : logoutUserResponse() completed
info: ===> TimeStamp : 2025-07-20 14:53:41===> API : null ===> Message : validateRequest() invoked
info: ===> TimeStamp : 2025-07-20 14:53:41===> API : null ===> Message : fetchDBSettings()
info: ===> TimeStamp : 2025-07-20 14:53:41===> API : null ===> Message : validateRequest() Invoked!
info: ===> TimeStamp : 2025-07-20 14:53:41===> API : null ===> Message : validRequest() :: Api validated Successfully
info: ===> TimeStamp : 2025-07-20 14:53:41===> API : /api/auth/validateuser ===> Message : validateUser() invoked!!
info: ===> TimeStamp : 2025-07-20 14:53:41===> API : /api/auth/validateuser ===> Message : validateUser() :: Request Object :: [object Object]
info: ===> TimeStamp : 2025-07-20 14:53:41===> API : /api/auth/validateuser ===> Message : validateUserDB() Invoked !
info: ===> TimeStamp : 2025-07-20 14:53:41===> API : /api/auth/validateuser ===> Message : validateUserResponse() invoked!
info: ===> TimeStamp : 2025-07-20 14:53:41===> API : /api/auth/validateuser ===> Message : validateUserResponse() completed
info: ===> TimeStamp : 2025-07-20 14:53:41===> API : null ===> Message : validateRequest() invoked
info: ===> TimeStamp : 2025-07-20 14:53:41===> API : null ===> Message : fetchDBSettings()
info: ===> TimeStamp : 2025-07-20 14:53:41===> API : null ===> Message : validateRequest() Invoked!
info: ===> TimeStamp : 2025-07-20 14:53:41===> API : null ===> Message : validRequest() :: Api validated Successfully
info: ===> TimeStamp : 2025-07-20 14:53:41===> API : /api/auth/checkIP ===> Message : checkIP() invoked!!
info: ===> TimeStamp : 2025-07-20 14:53:41===> API : /api/auth/checkIP ===> Message : IPs match: 103.225.102.194
info: ===> TimeStamp : 2025-07-20 14:53:41===> API : /api/auth/checkIP ===> Message : checkIPResponse() invoked!
info: ===> TimeStamp : 2025-07-20 14:53:41===> API : /api/auth/checkIP ===> Message : checkIPResponse() completed
info: ===> TimeStamp : 2025-07-20 14:53:41===> API : null ===> Message : validateRequest() invoked
info: ===> TimeStamp : 2025-07-20 14:53:41===> API : null ===> Message : fetchDBSettings()
info: ===> TimeStamp : 2025-07-20 14:53:41===> API : null ===> Message : validateRequest() Invoked!
info: ===> TimeStamp : 2025-07-20 14:53:41===> API : null ===> Message : validRequest() :: Api validated Successfully
info: ===> TimeStamp : 2025-07-20 14:53:41===> API : /api/auth/login ===> Message : loginUser() invoked!!
info: ===> TimeStamp : 2025-07-20 14:53:41===> API : /api/auth/login ===> Message : loginUser() :: Request Object :: [object Object]
info: ===> TimeStamp : 2025-07-20 14:53:41===> API : /api/auth/login ===> Message : loginUserDB() Invoked !
info: ===> TimeStamp : 2025-07-20 14:53:41===> API : /api/auth/login ===> Message : loginUserResponse() invoked!
info: ===> TimeStamp : 2025-07-20 14:53:41===> API : /api/auth/login ===> Message : loginUserResponse() completed
info: ===> TimeStamp : 2025-07-20 14:54:09===> API : null ===> Message : validateRequest() invoked
info: ===> TimeStamp : 2025-07-20 14:54:09===> API : null ===> Message : fetchDBSettings()
info: ===> TimeStamp : 2025-07-20 14:54:09===> API : null ===> Message : validateRequest() Invoked!
info: ===> TimeStamp : 2025-07-20 14:54:09===> API : null ===> Message : validRequest() :: Api validated Successfully
info: ===> TimeStamp : 2025-07-20 14:54:09===> API : /api/auth/validateuser ===> Message : validateUser() invoked!!
info: ===> TimeStamp : 2025-07-20 14:54:09===> API : /api/auth/validateuser ===> Message : validateUser() :: Request Object :: [object Object]
info: ===> TimeStamp : 2025-07-20 14:54:09===> API : /api/auth/validateuser ===> Message : validateUserDB() Invoked !
info: ===> TimeStamp : 2025-07-20 14:54:09===> API : /api/auth/validateuser ===> Message : validateUserResponse() invoked!
info: ===> TimeStamp : 2025-07-20 14:54:09===> API : /api/auth/validateuser ===> Message : validateUserResponse() completed
info: ===> TimeStamp : 2025-07-20 14:54:09===> API : null ===> Message : validateRequest() invoked
info: ===> TimeStamp : 2025-07-20 14:54:09===> API : null ===> Message : fetchDBSettings()
info: ===> TimeStamp : 2025-07-20 14:54:09===> API : null ===> Message : validateRequest() Invoked!
info: ===> TimeStamp : 2025-07-20 14:54:09===> API : null ===> Message : validRequest() :: Api validated Successfully
info: ===> TimeStamp : 2025-07-20 14:54:09===> API : /api/auth/checkIP ===> Message : checkIP() invoked!!
info: ===> TimeStamp : 2025-07-20 14:54:09===> API : /api/auth/checkIP ===> Message : IPs match: 103.255.182.117
info: ===> TimeStamp : 2025-07-20 14:54:09===> API : /api/auth/checkIP ===> Message : checkIPResponse() invoked!
info: ===> TimeStamp : 2025-07-20 14:54:09===> API : /api/auth/checkIP ===> Message : checkIPResponse() completed
info: ===> TimeStamp : 2025-07-20 14:54:09===> API : null ===> Message : validateRequest() invoked
info: ===> TimeStamp : 2025-07-20 14:54:09===> API : null ===> Message : fetchDBSettings()
info: ===> TimeStamp : 2025-07-20 14:54:09===> API : null ===> Message : validateRequest() Invoked!
info: ===> TimeStamp : 2025-07-20 14:54:09===> API : null ===> Message : validRequest() :: Api validated Successfully
info: ===> TimeStamp : 2025-07-20 14:54:09===> API : /api/auth/login ===> Message : loginUser() invoked!!
info: ===> TimeStamp : 2025-07-20 14:54:09===> API : /api/auth/login ===> Message : loginUser() :: Request Object :: [object Object]
info: ===> TimeStamp : 2025-07-20 14:54:09===> API : /api/auth/login ===> Message : loginUserDB() Invoked !
info: ===> TimeStamp : 2025-07-20 14:54:09===> API : /api/auth/login ===> Message : loginUserResponse() invoked!
info: ===> TimeStamp : 2025-07-20 14:54:09===> API : /api/auth/login ===> Message : loginUserResponse() completed
info: ===> TimeStamp : 2025-07-20 16:20:47===> API : null ===> Message : validateRequest() invoked
info: ===> TimeStamp : 2025-07-20 16:20:47===> API : null ===> Message : validateRequest() Error:: Invalid Request :: 
      {"apiUri":"/"}
info: ===> TimeStamp : 2025-07-20 16:20:55===> API : null ===> Message : validateRequest() invoked
info: ===> TimeStamp : 2025-07-20 16:20:55===> API : null ===> Message : validateRequest() Error:: Invalid Request :: 
      {"apiUri":"/"}
info: ===> TimeStamp : 2025-07-20 16:20:56===> API : null ===> Message : validateRequest() invoked
info: ===> TimeStamp : 2025-07-20 16:20:56===> API : null ===> Message : validateRequest() Error:: Invalid Request :: 
      {"apiUri":"/favicon.ico"}
info: ===> TimeStamp : 2025-07-20 16:21:01===> API : null ===> Message : validateRequest() invoked
info: ===> TimeStamp : 2025-07-20 16:21:01===> API : null ===> Message : validateRequest() Error:: Invalid Request :: 
      {"apiUri":"/favicon.ico"}
info: ===> TimeStamp : 2025-07-20 16:21:07===> API : null ===> Message : validateRequest() invoked
info: ===> TimeStamp : 2025-07-20 16:21:07===> API : null ===> Message : validateRequest() Error:: Invalid Request :: 
      {"apiUri":"/login"}
info: ===> TimeStamp : 2025-07-20 16:25:29===> API : null ===> Message : validateRequest() invoked
info: ===> TimeStamp : 2025-07-20 16:25:29===> API : null ===> Message : fetchDBSettings()
info: ===> TimeStamp : 2025-07-20 16:25:29===> API : null ===> Message : validateRequest() Invoked!
info: ===> TimeStamp : 2025-07-20 16:25:29===> API : null ===> Message : validRequest() :: Api validated Successfully
info: ===> TimeStamp : 2025-07-20 16:25:29===> API : /api/auth/validateuser ===> Message : validateUser() invoked!!
info: ===> TimeStamp : 2025-07-20 16:25:29===> API : /api/auth/validateuser ===> Message : validateUser() :: Request Object :: [object Object]
info: ===> TimeStamp : 2025-07-20 16:25:29===> API : /api/auth/validateuser ===> Message : validateUserDB() Invoked !
info: ===> TimeStamp : 2025-07-20 16:25:29===> API : /api/auth/validateuser ===> Message : validateUserResponse() invoked!
info: ===> TimeStamp : 2025-07-20 16:25:29===> API : /api/auth/validateuser ===> Message : validateUserResponse() completed
info: ===> TimeStamp : 2025-07-20 16:25:30===> API : null ===> Message : validateRequest() invoked
info: ===> TimeStamp : 2025-07-20 16:25:30===> API : null ===> Message : fetchDBSettings()
info: ===> TimeStamp : 2025-07-20 16:25:30===> API : null ===> Message : validateRequest() Invoked!
info: ===> TimeStamp : 2025-07-20 16:25:30===> API : null ===> Message : validRequest() :: Api validated Successfully
info: ===> TimeStamp : 2025-07-20 16:25:30===> API : /api/auth/login ===> Message : loginUser() invoked!!
info: ===> TimeStamp : 2025-07-20 16:25:30===> API : /api/auth/login ===> Message : loginUser() :: Request Object :: [object Object]
info: ===> TimeStamp : 2025-07-20 16:25:30===> API : /api/auth/login ===> Message : loginUserDB() Invoked !
info: ===> TimeStamp : 2025-07-20 16:25:30===> API : /api/auth/login ===> Message : loginUserResponse() invoked!
info: ===> TimeStamp : 2025-07-20 16:25:30===> API : /api/auth/login ===> Message : loginUserResponse() completed
info: ===> TimeStamp : 2025-07-20 17:52:32===> API : null ===> Message : validateRequest() invoked
info: ===> TimeStamp : 2025-07-20 17:52:32===> API : null ===> Message : validateRequest() Error:: Invalid Request :: 
      {"apiUri":"/"}
info: ===> TimeStamp : 2025-07-20 17:52:35===> API : null ===> Message : validateRequest() invoked
info: ===> TimeStamp : 2025-07-20 17:52:35===> API : null ===> Message : validateRequest() Error:: Invalid Request :: 
      {"apiUri":"/"}
info: ===> TimeStamp : 2025-07-20 17:52:35===> API : null ===> Message : validateRequest() invoked
info: ===> TimeStamp : 2025-07-20 17:52:35===> API : null ===> Message : validateRequest() Error:: Invalid Request :: 
      {"apiUri":"/@vite/env"}
info: ===> TimeStamp : 2025-07-20 17:52:36===> API : null ===> Message : validateRequest() invoked
info: ===> TimeStamp : 2025-07-20 17:52:36===> API : null ===> Message : validateRequest() Error:: Invalid Request :: 
      {"apiUri":"/actuator/env"}
info: ===> TimeStamp : 2025-07-20 17:52:36===> API : null ===> Message : validateRequest() invoked
info: ===> TimeStamp : 2025-07-20 17:52:36===> API : null ===> Message : validateRequest() Error:: Invalid Request :: 
      {"apiUri":"/php-cgi/php-cgi.exe"}
info: ===> TimeStamp : 2025-07-20 17:52:36===> API : null ===> Message : validateRequest() Error:: Invalid Request :: 
      {"apiUri":"/server"}
info: ===> TimeStamp : 2025-07-20 17:52:36===> API : null ===> Message : validateRequest() invoked
info: ===> TimeStamp : 2025-07-20 17:52:37===> API : null ===> Message : validateRequest() invoked
info: ===> TimeStamp : 2025-07-20 17:52:37===> API : null ===> Message : validateRequest() Error:: Invalid Request :: 
      {"apiUri":"/.vscode/sftp.json"}
info: ===> TimeStamp : 2025-07-20 17:52:37===> API : null ===> Message : validateRequest() invoked
info: ===> TimeStamp : 2025-07-20 17:52:37===> API : null ===> Message : validateRequest() Error:: Invalid Request :: 
      {"apiUri":"/about"}
info: ===> TimeStamp : 2025-07-20 17:52:38===> API : null ===> Message : validateRequest() invoked
info: ===> TimeStamp : 2025-07-20 17:52:38===> API : null ===> Message : validateRequest() Error:: Invalid Request :: 
      {"apiUri":"/debug/default/view"}
info: ===> TimeStamp : 2025-07-20 17:52:38===> API : null ===> Message : validateRequest() invoked
info: ===> TimeStamp : 2025-07-20 17:52:38===> API : null ===> Message : validateRequest() Error:: Invalid Request :: 
      {"apiUri":"/v2/_catalog"}
info: ===> TimeStamp : 2025-07-20 17:52:38===> API : null ===> Message : validateRequest() Error:: Invalid Request :: 
      {"apiUri":"/ecp/Current/exporttool/microsoft.exchange.ediscovery.exporttool.application"}
info: ===> TimeStamp : 2025-07-20 17:52:38===> API : null ===> Message : validateRequest() invoked
info: ===> TimeStamp : 2025-07-20 17:52:39===> API : null ===> Message : validateRequest() invoked
info: ===> TimeStamp : 2025-07-20 17:52:39===> API : null ===> Message : validateRequest() Error:: Invalid Request :: 
      {"apiUri":"/server-status"}
info: ===> TimeStamp : 2025-07-20 17:52:39===> API : null ===> Message : validateRequest() invoked
info: ===> TimeStamp : 2025-07-20 17:52:39===> API : null ===> Message : validateRequest() Error:: Invalid Request :: 
      {"apiUri":"/login.action"}
info: ===> TimeStamp : 2025-07-20 17:52:39===> API : null ===> Message : validateRequest() invoked
info: ===> TimeStamp : 2025-07-20 17:52:39===> API : null ===> Message : validateRequest() Error:: Invalid Request :: 
      {"apiUri":"/_all_dbs"}
info: ===> TimeStamp : 2025-07-20 17:52:40===> API : null ===> Message : validateRequest() invoked
info: ===> TimeStamp : 2025-07-20 17:52:40===> API : null ===> Message : validateRequest() Error:: Invalid Request :: 
      {"apiUri":"/.DS_Store"}
info: ===> TimeStamp : 2025-07-20 17:52:40===> API : null ===> Message : validateRequest() invoked
info: ===> TimeStamp : 2025-07-20 17:52:40===> API : null ===> Message : validateRequest() Error:: Invalid Request :: 
      {"apiUri":"/.env"}
info: ===> TimeStamp : 2025-07-20 17:52:41===> API : null ===> Message : validateRequest() Error:: Invalid Request :: 
      {"apiUri":"/.git/config"}
info: ===> TimeStamp : 2025-07-20 17:52:41===> API : null ===> Message : validateRequest() invoked
info: ===> TimeStamp : 2025-07-20 17:52:41===> API : null ===> Message : validateRequest() invoked
info: ===> TimeStamp : 2025-07-20 17:52:41===> API : null ===> Message : validateRequest() Error:: Invalid Request :: 
      {"apiUri":"/s/535313e27313e273e233/_/;/META-INF/maven/com.atlassian.jira/jira-webapp-dist/pom.properties"}
info: ===> TimeStamp : 2025-07-20 17:52:41===> API : null ===> Message : validateRequest() invoked
info: ===> TimeStamp : 2025-07-20 17:52:41===> API : null ===> Message : validateRequest() Error:: Invalid Request :: 
      {"apiUri":"/config.json"}
info: ===> TimeStamp : 2025-07-20 17:52:42===> API : null ===> Message : validateRequest() invoked
info: ===> TimeStamp : 2025-07-20 17:52:42===> API : null ===> Message : validateRequest() Error:: Invalid Request :: 
      {"apiUri":"/telescope/requests"}
info: ===> TimeStamp : 2025-07-20 17:52:42===> API : null ===> Message : validateRequest() invoked
info: ===> TimeStamp : 2025-07-20 17:52:42===> API : null ===> Message : validateRequest() Error:: Invalid Request :: 
      {"apiUri":"/info.php"}
info: ===> TimeStamp : 2025-07-20 17:52:43===> API : null ===> Message : validateRequest() invoked
info: ===> TimeStamp : 2025-07-20 17:52:43===> API : null ===> Message : validateRequest() Error:: Invalid Request :: 
      {"apiUri":"/"}
info: ===> TimeStamp : 2025-07-20 18:07:46===> API : null ===> Message : validateRequest() invoked
info: ===> TimeStamp : 2025-07-20 18:07:46===> API : null ===> Message : fetchDBSettings()
info: ===> TimeStamp : 2025-07-20 18:07:46===> API : null ===> Message : validateRequest() Invoked!
info: ===> TimeStamp : 2025-07-20 18:07:46===> API : null ===> Message : validRequest() :: Api validated Successfully
info: ===> TimeStamp : 2025-07-20 18:07:46===> API : /api/auth/validateuser ===> Message : validateUser() invoked!!
info: ===> TimeStamp : 2025-07-20 18:07:46===> API : /api/auth/validateuser ===> Message : validateUser() :: Request Object :: [object Object]
info: ===> TimeStamp : 2025-07-20 18:07:46===> API : /api/auth/validateuser ===> Message : validateUserDB() Invoked !
info: ===> TimeStamp : 2025-07-20 18:07:46===> API : /api/auth/validateuser ===> Message : validateUserResponse() invoked!
info: ===> TimeStamp : 2025-07-20 18:07:46===> API : /api/auth/validateuser ===> Message : validateUserResponse() completed
info: ===> TimeStamp : 2025-07-20 18:07:46===> API : null ===> Message : validateRequest() invoked
info: ===> TimeStamp : 2025-07-20 18:07:46===> API : null ===> Message : fetchDBSettings()
info: ===> TimeStamp : 2025-07-20 18:07:46===> API : null ===> Message : validateRequest() Invoked!
info: ===> TimeStamp : 2025-07-20 18:07:46===> API : null ===> Message : validRequest() :: Api validated Successfully
info: ===> TimeStamp : 2025-07-20 18:07:46===> API : /api/auth/login ===> Message : loginUser() invoked!!
info: ===> TimeStamp : 2025-07-20 18:07:46===> API : /api/auth/login ===> Message : loginUser() :: Request Object :: [object Object]
info: ===> TimeStamp : 2025-07-20 18:07:46===> API : /api/auth/login ===> Message : loginUserDB() Invoked !
info: ===> TimeStamp : 2025-07-20 18:07:46===> API : /api/auth/login ===> Message : loginUserResponse() invoked!
info: ===> TimeStamp : 2025-07-20 18:07:46===> API : /api/auth/login ===> Message : loginUserResponse() completed
info: ===> TimeStamp : 2025-07-20 18:45:39===> API : null ===> Message : validateRequest() invoked
info: ===> TimeStamp : 2025-07-20 18:45:39===> API : null ===> Message : validateRequest() Error:: Invalid Request :: 
      {"apiUri":"/pdown"}
info: ===> TimeStamp : 2025-07-20 19:44:31===> API : null ===> Message : validateRequest() invoked
info: ===> TimeStamp : 2025-07-20 19:44:31===> API : null ===> Message : fetchDBSettings()
info: ===> TimeStamp : 2025-07-20 19:44:31===> API : null ===> Message : validateRequest() Invoked!
info: ===> TimeStamp : 2025-07-20 19:44:31===> API : null ===> Message : validRequest() :: Api validated Successfully
info: ===> TimeStamp : 2025-07-20 19:44:31===> API : /api/auth/validateuser ===> Message : validateUser() :: Request Object :: [object Object]
info: ===> TimeStamp : 2025-07-20 19:44:31===> API : /api/auth/validateuser ===> Message : validateUserDB() Invoked !
info: ===> TimeStamp : 2025-07-20 19:44:31===> API : /api/auth/validateuser ===> Message : validateUser() invoked!!
info: ===> TimeStamp : 2025-07-20 19:44:31===> API : /api/auth/validateuser ===> Message : validateUserResponse() invoked!
info: ===> TimeStamp : 2025-07-20 19:44:31===> API : /api/auth/validateuser ===> Message : validateUserResponse() completed
info: ===> TimeStamp : 2025-07-20 19:44:32===> API : null ===> Message : validateRequest() invoked
info: ===> TimeStamp : 2025-07-20 19:44:32===> API : null ===> Message : fetchDBSettings()
info: ===> TimeStamp : 2025-07-20 19:44:32===> API : null ===> Message : validateRequest() Invoked!
info: ===> TimeStamp : 2025-07-20 19:44:32===> API : null ===> Message : validRequest() :: Api validated Successfully
info: ===> TimeStamp : 2025-07-20 19:44:32===> API : /api/auth/login ===> Message : loginUser() invoked!!
info: ===> TimeStamp : 2025-07-20 19:44:32===> API : /api/auth/login ===> Message : loginUser() :: Request Object :: [object Object]
info: ===> TimeStamp : 2025-07-20 19:44:32===> API : /api/auth/login ===> Message : loginUserDB() Invoked !
info: ===> TimeStamp : 2025-07-20 19:44:32===> API : /api/auth/login ===> Message : loginUserResponse() invoked!
info: ===> TimeStamp : 2025-07-20 19:44:32===> API : /api/auth/login ===> Message : loginUserResponse() completed
info: ===> TimeStamp : 2025-07-20 19:45:43===> API : null ===> Message : validateRequest() invoked
info: ===> TimeStamp : 2025-07-20 19:45:43===> API : null ===> Message : fetchDBSettings()
info: ===> TimeStamp : 2025-07-20 19:45:43===> API : null ===> Message : validateRequest() Invoked!
info: ===> TimeStamp : 2025-07-20 19:45:43===> API : /api/auth/validateuser ===> Message : validateUser() invoked!!
info: ===> TimeStamp : 2025-07-20 19:45:43===> API : /api/auth/validateuser ===> Message : validateUser() :: Request Object :: [object Object]
info: ===> TimeStamp : 2025-07-20 19:45:43===> API : /api/auth/validateuser ===> Message : validateUserDB() Invoked !
info: ===> TimeStamp : 2025-07-20 19:45:43===> API : null ===> Message : validRequest() :: Api validated Successfully
info: ===> TimeStamp : 2025-07-20 19:45:43===> API : /api/auth/validateuser ===> Message : validateUserResponse() invoked!
info: ===> TimeStamp : 2025-07-20 19:45:43===> API : /api/auth/validateuser ===> Message : validateUserResponse() completed
info: ===> TimeStamp : 2025-07-20 19:45:43===> API : null ===> Message : validateRequest() invoked
info: ===> TimeStamp : 2025-07-20 19:45:43===> API : null ===> Message : fetchDBSettings()
info: ===> TimeStamp : 2025-07-20 19:45:43===> API : null ===> Message : validateRequest() Invoked!
info: ===> TimeStamp : 2025-07-20 19:45:43===> API : null ===> Message : validRequest() :: Api validated Successfully
info: ===> TimeStamp : 2025-07-20 19:45:43===> API : /api/auth/login ===> Message : loginUser() invoked!!
info: ===> TimeStamp : 2025-07-20 19:45:43===> API : /api/auth/login ===> Message : loginUser() :: Request Object :: [object Object]
info: ===> TimeStamp : 2025-07-20 19:45:43===> API : /api/auth/login ===> Message : loginUserDB() Invoked !
info: ===> TimeStamp : 2025-07-20 19:45:43===> API : /api/auth/login ===> Message : loginUserResponse() invoked!
info: ===> TimeStamp : 2025-07-20 19:45:43===> API : /api/auth/login ===> Message : loginUserResponse() completed
info: ===> TimeStamp : 2025-07-20 20:07:24===> API : null ===> Message : validateRequest() invoked
info: ===> TimeStamp : 2025-07-20 20:07:24===> API : null ===> Message : fetchDBSettings()
info: ===> TimeStamp : 2025-07-20 20:07:24===> API : null ===> Message : validateRequest() Invoked!
info: ===> TimeStamp : 2025-07-20 20:07:24===> API : null ===> Message : validRequest() :: Api validated Successfully
info: ===> TimeStamp : 2025-07-20 20:07:24===> API : /api/auth/validateuser ===> Message : validateUser() invoked!!
info: ===> TimeStamp : 2025-07-20 20:07:24===> API : /api/auth/validateuser ===> Message : validateUser() :: Request Object :: [object Object]
info: ===> TimeStamp : 2025-07-20 20:07:24===> API : /api/auth/validateuser ===> Message : validateUserDB() Invoked !
info: ===> TimeStamp : 2025-07-20 20:07:24===> API : /api/auth/validateuser ===> Message : validateUserResponse() invoked!
info: ===> TimeStamp : 2025-07-20 20:07:24===> API : /api/auth/validateuser ===> Message : validateUserResponse() completed
info: ===> TimeStamp : 2025-07-20 20:07:24===> API : null ===> Message : validateRequest() invoked
info: ===> TimeStamp : 2025-07-20 20:07:24===> API : null ===> Message : fetchDBSettings()
info: ===> TimeStamp : 2025-07-20 20:07:24===> API : null ===> Message : validateRequest() Invoked!
info: ===> TimeStamp : 2025-07-20 20:07:24===> API : null ===> Message : validRequest() :: Api validated Successfully
info: ===> TimeStamp : 2025-07-20 20:07:24===> API : /api/auth/login ===> Message : loginUser() invoked!!
info: ===> TimeStamp : 2025-07-20 20:07:24===> API : /api/auth/login ===> Message : loginUser() :: Request Object :: [object Object]
info: ===> TimeStamp : 2025-07-20 20:07:24===> API : /api/auth/login ===> Message : loginUserDB() Invoked !
info: ===> TimeStamp : 2025-07-20 20:07:24===> API : /api/auth/login ===> Message : loginUserResponse() invoked!
info: ===> TimeStamp : 2025-07-20 20:07:24===> API : /api/auth/login ===> Message : loginUserResponse() completed
info: ===> TimeStamp : 2025-07-20 21:27:42===> API : null ===> Message : validateRequest() invoked
info: ===> TimeStamp : 2025-07-20 21:27:42===> API : null ===> Message : fetchDBSettings()
info: ===> TimeStamp : 2025-07-20 21:27:42===> API : null ===> Message : validateRequest() Invoked!
info: ===> TimeStamp : 2025-07-20 21:27:42===> API : null ===> Message : validRequest() :: Api validated Successfully
info: ===> TimeStamp : 2025-07-20 21:27:42===> API : /api/auth/validateuser ===> Message : validateUser() invoked!!
info: ===> TimeStamp : 2025-07-20 21:27:42===> API : /api/auth/validateuser ===> Message : validateUser() :: Request Object :: [object Object]
info: ===> TimeStamp : 2025-07-20 21:27:42===> API : /api/auth/validateuser ===> Message : validateUserDB() Invoked !
info: ===> TimeStamp : 2025-07-20 21:27:42===> API : /api/auth/validateuser ===> Message : validateUserResponse() invoked!
info: ===> TimeStamp : 2025-07-20 21:27:42===> API : /api/auth/validateuser ===> Message : validateUserResponse() completed
info: ===> TimeStamp : 2025-07-20 21:27:42===> API : null ===> Message : validateRequest() invoked
info: ===> TimeStamp : 2025-07-20 21:27:42===> API : null ===> Message : fetchDBSettings()
info: ===> TimeStamp : 2025-07-20 21:27:42===> API : null ===> Message : validateRequest() Invoked!
info: ===> TimeStamp : 2025-07-20 21:27:42===> API : null ===> Message : validRequest() :: Api validated Successfully
info: ===> TimeStamp : 2025-07-20 21:27:42===> API : /api/auth/login ===> Message : loginUser() invoked!!
info: ===> TimeStamp : 2025-07-20 21:27:42===> API : /api/auth/login ===> Message : loginUser() :: Request Object :: [object Object]
info: ===> TimeStamp : 2025-07-20 21:27:42===> API : /api/auth/login ===> Message : loginUserDB() Invoked !
info: ===> TimeStamp : 2025-07-20 21:27:42===> API : /api/auth/login ===> Message : loginUserResponse() invoked!
info: ===> TimeStamp : 2025-07-20 21:27:42===> API : /api/auth/login ===> Message : loginUserResponse() completed
info: ===> TimeStamp : 2025-07-20 21:38:54===> API : null ===> Message : validateRequest() invoked
info: ===> TimeStamp : 2025-07-20 21:38:54===> API : null ===> Message : fetchDBSettings()
info: ===> TimeStamp : 2025-07-20 21:38:54===> API : null ===> Message : validateRequest() Invoked!
info: ===> TimeStamp : 2025-07-20 21:38:54===> API : null ===> Message : validRequest() :: Api validated Successfully
info: ===> TimeStamp : 2025-07-20 21:38:54===> API : /api/auth/logout ===> Message : logoutUser() invoked!!
info: ===> TimeStamp : 2025-07-20 21:38:54===> API : /api/auth/logout ===> Message : logoutUser() :: Request Object :: [object Object]
info: ===> TimeStamp : 2025-07-20 21:38:54===> API : /api/auth/logout ===> Message : logoutUserDB() Invoked !
info: ===> TimeStamp : 2025-07-20 21:38:55===> API : /api/auth/logout ===> Message : logoutUserResponse() invoked!
info: ===> TimeStamp : 2025-07-20 21:38:55===> API : /api/auth/logout ===> Message : logoutUserResponse() completed
info: ===> TimeStamp : 2025-07-20 21:41:28===> API : null ===> Message : validateRequest() invoked
info: ===> TimeStamp : 2025-07-20 21:41:28===> API : null ===> Message : fetchDBSettings()
info: ===> TimeStamp : 2025-07-20 21:41:28===> API : null ===> Message : validateRequest() Invoked!
info: ===> TimeStamp : 2025-07-20 21:41:28===> API : null ===> Message : validRequest() :: Api validated Successfully
info: ===> TimeStamp : 2025-07-20 21:41:28===> API : /api/auth/logout ===> Message : logoutUser() :: Request Object :: [object Object]
info: ===> TimeStamp : 2025-07-20 21:41:28===> API : /api/auth/logout ===> Message : logoutUserDB() Invoked !
info: ===> TimeStamp : 2025-07-20 21:41:28===> API : /api/auth/logout ===> Message : logoutUser() invoked!!
info: ===> TimeStamp : 2025-07-20 21:41:28===> API : /api/auth/logout ===> Message : logoutUserResponse() invoked!
info: ===> TimeStamp : 2025-07-20 21:41:28===> API : /api/auth/logout ===> Message : logoutUserResponse() completed
info: ===> TimeStamp : 2025-07-20 21:41:37===> API : null ===> Message : validateRequest() invoked
info: ===> TimeStamp : 2025-07-20 21:41:37===> API : null ===> Message : fetchDBSettings()
info: ===> TimeStamp : 2025-07-20 21:41:37===> API : null ===> Message : validateRequest() Invoked!
info: ===> TimeStamp : 2025-07-20 21:41:37===> API : null ===> Message : validRequest() :: Api validated Successfully
info: ===> TimeStamp : 2025-07-20 21:41:37===> API : /api/auth/validateuser ===> Message : validateUser() invoked!!
info: ===> TimeStamp : 2025-07-20 21:41:37===> API : /api/auth/validateuser ===> Message : validateUser() :: Request Object :: [object Object]
info: ===> TimeStamp : 2025-07-20 21:41:37===> API : /api/auth/validateuser ===> Message : validateUserDB() Invoked !
info: ===> TimeStamp : 2025-07-20 21:41:37===> API : /api/auth/validateuser ===> Message : validateUserResponse() invoked!
info: ===> TimeStamp : 2025-07-20 21:41:37===> API : /api/auth/validateuser ===> Message : validateUserResponse() completed
info: ===> TimeStamp : 2025-07-20 21:41:37===> API : null ===> Message : validateRequest() invoked
info: ===> TimeStamp : 2025-07-20 21:41:37===> API : null ===> Message : fetchDBSettings()
info: ===> TimeStamp : 2025-07-20 21:41:37===> API : null ===> Message : validateRequest() Invoked!
info: ===> TimeStamp : 2025-07-20 21:41:37===> API : null ===> Message : validRequest() :: Api validated Successfully
info: ===> TimeStamp : 2025-07-20 21:41:37===> API : /api/auth/checkIP ===> Message : IPs match: 103.225.102.194
info: ===> TimeStamp : 2025-07-20 21:41:37===> API : /api/auth/checkIP ===> Message : checkIPResponse() invoked!
info: ===> TimeStamp : 2025-07-20 21:41:37===> API : /api/auth/checkIP ===> Message : checkIP() invoked!!
info: ===> TimeStamp : 2025-07-20 21:41:37===> API : /api/auth/checkIP ===> Message : checkIPResponse() completed
info: ===> TimeStamp : 2025-07-20 21:41:37===> API : null ===> Message : validateRequest() invoked
info: ===> TimeStamp : 2025-07-20 21:41:37===> API : null ===> Message : fetchDBSettings()
info: ===> TimeStamp : 2025-07-20 21:41:37===> API : null ===> Message : validateRequest() Invoked!
info: ===> TimeStamp : 2025-07-20 21:41:37===> API : null ===> Message : validRequest() :: Api validated Successfully
info: ===> TimeStamp : 2025-07-20 21:41:37===> API : /api/auth/login ===> Message : loginUser() invoked!!
info: ===> TimeStamp : 2025-07-20 21:41:37===> API : /api/auth/login ===> Message : loginUser() :: Request Object :: [object Object]
info: ===> TimeStamp : 2025-07-20 21:41:37===> API : /api/auth/login ===> Message : loginUserDB() Invoked !
info: ===> TimeStamp : 2025-07-20 21:41:37===> API : /api/auth/login ===> Message : loginUserResponse() invoked!
info: ===> TimeStamp : 2025-07-20 21:41:37===> API : /api/auth/login ===> Message : loginUserResponse() completed
info: ===> TimeStamp : 2025-07-20 21:42:28===> API : null ===> Message : validateRequest() invoked
info: ===> TimeStamp : 2025-07-20 21:42:28===> API : null ===> Message : fetchDBSettings()
info: ===> TimeStamp : 2025-07-20 21:42:28===> API : null ===> Message : validateRequest() Invoked!
info: ===> TimeStamp : 2025-07-20 21:42:28===> API : null ===> Message : validRequest() :: Api validated Successfully
info: ===> TimeStamp : 2025-07-20 21:42:28===> API : /api/auth/validateuser ===> Message : validateUser() invoked!!
info: ===> TimeStamp : 2025-07-20 21:42:28===> API : /api/auth/validateuser ===> Message : validateUser() :: Request Object :: [object Object]
info: ===> TimeStamp : 2025-07-20 21:42:28===> API : /api/auth/validateuser ===> Message : validateUserDB() Invoked !
info: ===> TimeStamp : 2025-07-20 21:42:28===> API : /api/auth/validateuser ===> Message : validateUserResponse() invoked!
info: ===> TimeStamp : 2025-07-20 21:42:28===> API : /api/auth/validateuser ===> Message : validateUserResponse() completed
info: ===> TimeStamp : 2025-07-20 21:42:28===> API : null ===> Message : validateRequest() invoked
info: ===> TimeStamp : 2025-07-20 21:42:28===> API : null ===> Message : fetchDBSettings()
info: ===> TimeStamp : 2025-07-20 21:42:28===> API : null ===> Message : validateRequest() Invoked!
info: ===> TimeStamp : 2025-07-20 21:42:28===> API : null ===> Message : validRequest() :: Api validated Successfully
info: ===> TimeStamp : 2025-07-20 21:42:28===> API : /api/auth/checkIP ===> Message : checkIP() invoked!!
info: ===> TimeStamp : 2025-07-20 21:42:28===> API : /api/auth/checkIP ===> Message : IPs match: 103.255.182.117
info: ===> TimeStamp : 2025-07-20 21:42:28===> API : /api/auth/checkIP ===> Message : checkIPResponse() invoked!
info: ===> TimeStamp : 2025-07-20 21:42:28===> API : /api/auth/checkIP ===> Message : checkIPResponse() completed
info: ===> TimeStamp : 2025-07-20 21:42:28===> API : null ===> Message : validateRequest() invoked
info: ===> TimeStamp : 2025-07-20 21:42:28===> API : null ===> Message : fetchDBSettings()
info: ===> TimeStamp : 2025-07-20 21:42:28===> API : null ===> Message : validateRequest() Invoked!
info: ===> TimeStamp : 2025-07-20 21:42:29===> API : null ===> Message : validRequest() :: Api validated Successfully
info: ===> TimeStamp : 2025-07-20 21:42:29===> API : /api/auth/login ===> Message : loginUser() invoked!!
info: ===> TimeStamp : 2025-07-20 21:42:29===> API : /api/auth/login ===> Message : loginUser() :: Request Object :: [object Object]
info: ===> TimeStamp : 2025-07-20 21:42:29===> API : /api/auth/login ===> Message : loginUserDB() Invoked !
info: ===> TimeStamp : 2025-07-20 21:42:29===> API : /api/auth/login ===> Message : loginUserResponse() invoked!
info: ===> TimeStamp : 2025-07-20 21:42:29===> API : /api/auth/login ===> Message : loginUserResponse() completed
info: ===> TimeStamp : 2025-07-20 22:00:19===> API : null ===> Message : validateRequest() invoked
info: ===> TimeStamp : 2025-07-20 22:00:19===> API : null ===> Message : fetchDBSettings()
info: ===> TimeStamp : 2025-07-20 22:00:19===> API : null ===> Message : validateRequest() Invoked!
info: ===> TimeStamp : 2025-07-20 22:00:19===> API : null ===> Message : validRequest() :: Api validated Successfully
info: ===> TimeStamp : 2025-07-20 22:00:19===> API : /api/auth/validateuser ===> Message : validateUser() invoked!!
info: ===> TimeStamp : 2025-07-20 22:00:19===> API : /api/auth/validateuser ===> Message : validateUser() :: Request Object :: [object Object]
info: ===> TimeStamp : 2025-07-20 22:00:19===> API : /api/auth/validateuser ===> Message : validateUserDB() Invoked !
info: ===> TimeStamp : 2025-07-20 22:00:19===> API : /api/auth/validateuser ===> Message : validateUserResponse() invoked!
info: ===> TimeStamp : 2025-07-20 22:00:19===> API : /api/auth/validateuser ===> Message : validateUserResponse() completed
info: ===> TimeStamp : 2025-07-20 22:00:19===> API : null ===> Message : validateRequest() invoked
info: ===> TimeStamp : 2025-07-20 22:00:19===> API : null ===> Message : fetchDBSettings()
info: ===> TimeStamp : 2025-07-20 22:00:19===> API : null ===> Message : validateRequest() Invoked!
info: ===> TimeStamp : 2025-07-20 22:00:19===> API : null ===> Message : validRequest() :: Api validated Successfully
info: ===> TimeStamp : 2025-07-20 22:00:19===> API : /api/auth/checkIP ===> Message : checkIP() invoked!!
info: ===> TimeStamp : 2025-07-20 22:00:19===> API : /api/auth/checkIP ===> Message : checkIPResponse() invoked!
info: ===> TimeStamp : 2025-07-20 22:00:19===> API : /api/auth/checkIP ===> Message : IPs match: 103.255.182.117
info: ===> TimeStamp : 2025-07-20 22:00:19===> API : /api/auth/checkIP ===> Message : checkIPResponse() completed
info: ===> TimeStamp : 2025-07-20 22:00:19===> API : null ===> Message : validateRequest() invoked
info: ===> TimeStamp : 2025-07-20 22:00:19===> API : null ===> Message : fetchDBSettings()
info: ===> TimeStamp : 2025-07-20 22:00:19===> API : null ===> Message : validateRequest() Invoked!
info: ===> TimeStamp : 2025-07-20 22:00:19===> API : /api/auth/login ===> Message : loginUser() invoked!!
info: ===> TimeStamp : 2025-07-20 22:00:19===> API : /api/auth/login ===> Message : loginUser() :: Request Object :: [object Object]
info: ===> TimeStamp : 2025-07-20 22:00:19===> API : /api/auth/login ===> Message : loginUserDB() Invoked !
info: ===> TimeStamp : 2025-07-20 22:00:19===> API : null ===> Message : validRequest() :: Api validated Successfully
info: ===> TimeStamp : 2025-07-20 22:00:19===> API : /api/auth/login ===> Message : loginUserResponse() invoked!
info: ===> TimeStamp : 2025-07-20 22:00:19===> API : /api/auth/login ===> Message : loginUserResponse() completed
info: ===> TimeStamp : 2025-07-20 22:08:00===> API : null ===> Message : validateRequest() invoked
info: ===> TimeStamp : 2025-07-20 22:08:00===> API : null ===> Message : validateRequest() Error:: Invalid Request :: 
      {"apiUri":"/"}
info: ===> TimeStamp : 2025-07-20 22:20:58===> API : null ===> Message : validateRequest() invoked
info: ===> TimeStamp : 2025-07-20 22:20:58===> API : null ===> Message : fetchDBSettings()
info: ===> TimeStamp : 2025-07-20 22:20:58===> API : null ===> Message : validateRequest() Invoked!
info: ===> TimeStamp : 2025-07-20 22:20:58===> API : null ===> Message : validRequest() :: Api validated Successfully
info: ===> TimeStamp : 2025-07-20 22:20:58===> API : /api/auth/validateuser ===> Message : validateUser() invoked!!
info: ===> TimeStamp : 2025-07-20 22:20:58===> API : /api/auth/validateuser ===> Message : validateUser() :: Request Object :: [object Object]
info: ===> TimeStamp : 2025-07-20 22:20:58===> API : /api/auth/validateuser ===> Message : validateUserDB() Invoked !
info: ===> TimeStamp : 2025-07-20 22:20:58===> API : /api/auth/validateuser ===> Message : validateUserResponse() invoked!
info: ===> TimeStamp : 2025-07-20 22:20:58===> API : /api/auth/validateuser ===> Message : validateUserResponse() completed
info: ===> TimeStamp : 2025-07-20 22:20:58===> API : null ===> Message : validateRequest() invoked
info: ===> TimeStamp : 2025-07-20 22:20:58===> API : null ===> Message : fetchDBSettings()
info: ===> TimeStamp : 2025-07-20 22:20:58===> API : null ===> Message : validateRequest() Invoked!
info: ===> TimeStamp : 2025-07-20 22:20:58===> API : null ===> Message : validRequest() :: Api validated Successfully
info: ===> TimeStamp : 2025-07-20 22:20:58===> API : /api/auth/login ===> Message : loginUser() invoked!!
info: ===> TimeStamp : 2025-07-20 22:20:58===> API : /api/auth/login ===> Message : loginUser() :: Request Object :: [object Object]
info: ===> TimeStamp : 2025-07-20 22:20:58===> API : /api/auth/login ===> Message : loginUserDB() Invoked !
info: ===> TimeStamp : 2025-07-20 22:20:58===> API : /api/auth/login ===> Message : loginUserResponse() invoked!
info: ===> TimeStamp : 2025-07-20 22:20:58===> API : /api/auth/login ===> Message : loginUserResponse() completed
info: ===> TimeStamp : 2025-07-20 23:20:16===> API : null ===> Message : validateRequest() invoked
info: ===> TimeStamp : 2025-07-20 23:20:16===> API : null ===> Message : fetchDBSettings()
info: ===> TimeStamp : 2025-07-20 23:20:16===> API : null ===> Message : validateRequest() Invoked!
info: ===> TimeStamp : 2025-07-20 23:20:16===> API : null ===> Message : validRequest() :: Api validated Successfully
info: ===> TimeStamp : 2025-07-20 23:20:16===> API : /api/auth/validateuser ===> Message : validateUser() invoked!!
info: ===> TimeStamp : 2025-07-20 23:20:16===> API : /api/auth/validateuser ===> Message : validateUser() :: Request Object :: [object Object]
info: ===> TimeStamp : 2025-07-20 23:20:16===> API : /api/auth/validateuser ===> Message : validateUserDB() Invoked !
info: ===> TimeStamp : 2025-07-20 23:20:16===> API : /api/auth/validateuser ===> Message : validateUserResponse() invoked!
info: ===> TimeStamp : 2025-07-20 23:20:16===> API : /api/auth/validateuser ===> Message : validateUserResponse() completed
info: ===> TimeStamp : 2025-07-20 23:20:16===> API : null ===> Message : validateRequest() invoked
info: ===> TimeStamp : 2025-07-20 23:20:16===> API : null ===> Message : fetchDBSettings()
info: ===> TimeStamp : 2025-07-20 23:20:16===> API : null ===> Message : validateRequest() Invoked!
info: ===> TimeStamp : 2025-07-20 23:20:16===> API : null ===> Message : validRequest() :: Api validated Successfully
info: ===> TimeStamp : 2025-07-20 23:20:16===> API : /api/auth/login ===> Message : loginUser() invoked!!
info: ===> TimeStamp : 2025-07-20 23:20:16===> API : /api/auth/login ===> Message : loginUser() :: Request Object :: [object Object]
info: ===> TimeStamp : 2025-07-20 23:20:16===> API : /api/auth/login ===> Message : loginUserDB() Invoked !
info: ===> TimeStamp : 2025-07-20 23:20:17===> API : /api/auth/login ===> Message : loginUserResponse() invoked!
info: ===> TimeStamp : 2025-07-20 23:20:17===> API : /api/auth/login ===> Message : loginUserResponse() completed
info: ===> TimeStamp : 2025-07-21 00:35:00===> API : null ===> Message : validateRequest() invoked
info: ===> TimeStamp : 2025-07-21 00:35:00===> API : null ===> Message : fetchDBSettings()
info: ===> TimeStamp : 2025-07-21 00:35:00===> API : null ===> Message : validateRequest() Invoked!
info: ===> TimeStamp : 2025-07-21 00:35:00===> API : /api/auth/validateuser ===> Message : validateUser() invoked!!
info: ===> TimeStamp : 2025-07-21 00:35:00===> API : /api/auth/validateuser ===> Message : validateUser() :: Request Object :: [object Object]
info: ===> TimeStamp : 2025-07-21 00:35:00===> API : null ===> Message : validRequest() :: Api validated Successfully
info: ===> TimeStamp : 2025-07-21 00:35:00===> API : /api/auth/validateuser ===> Message : validateUserDB() Invoked !
info: ===> TimeStamp : 2025-07-21 00:35:01===> API : /api/auth/validateuser ===> Message : validateUserResponse() invoked!
info: ===> TimeStamp : 2025-07-21 00:35:01===> API : /api/auth/validateuser ===> Message : validateUserResponse() completed
info: ===> TimeStamp : 2025-07-21 00:35:01===> API : null ===> Message : validateRequest() invoked
info: ===> TimeStamp : 2025-07-21 00:35:01===> API : null ===> Message : fetchDBSettings()
info: ===> TimeStamp : 2025-07-21 00:35:01===> API : null ===> Message : validateRequest() Invoked!
info: ===> TimeStamp : 2025-07-21 00:35:01===> API : null ===> Message : validRequest() :: Api validated Successfully
info: ===> TimeStamp : 2025-07-21 00:35:01===> API : /api/auth/login ===> Message : loginUser() invoked!!
info: ===> TimeStamp : 2025-07-21 00:35:01===> API : /api/auth/login ===> Message : loginUser() :: Request Object :: [object Object]
info: ===> TimeStamp : 2025-07-21 00:35:01===> API : /api/auth/login ===> Message : loginUserDB() Invoked !
info: ===> TimeStamp : 2025-07-21 00:35:01===> API : /api/auth/login ===> Message : loginUserResponse() invoked!
info: ===> TimeStamp : 2025-07-21 00:35:01===> API : /api/auth/login ===> Message : loginUserResponse() completed
info: ===> TimeStamp : 2025-07-21 01:13:45===> API : null ===> Message : validateRequest() invoked
info: ===> TimeStamp : 2025-07-21 01:13:45===> API : null ===> Message : validateRequest() Error:: Invalid Request :: 
      {"apiUri":"/"}
info: ===> TimeStamp : 2025-07-21 02:52:22===> API : null ===> Message : validateRequest() invoked
info: ===> TimeStamp : 2025-07-21 02:52:22===> API : null ===> Message : fetchDBSettings()
info: ===> TimeStamp : 2025-07-21 02:52:22===> API : null ===> Message : validateRequest() Invoked!
info: ===> TimeStamp : 2025-07-21 02:52:22===> API : null ===> Message : validRequest() :: Api validated Successfully
info: ===> TimeStamp : 2025-07-21 02:52:22===> API : /api/auth/logout ===> Message : logoutUser() invoked!!
info: ===> TimeStamp : 2025-07-21 02:52:22===> API : /api/auth/logout ===> Message : logoutUser() :: Request Object :: [object Object]
info: ===> TimeStamp : 2025-07-21 02:52:22===> API : /api/auth/logout ===> Message : logoutUserDB() Invoked !
info: ===> TimeStamp : 2025-07-21 02:52:22===> API : /api/auth/logout ===> Message : logoutUserResponse() invoked!
info: ===> TimeStamp : 2025-07-21 02:52:22===> API : /api/auth/logout ===> Message : logoutUserResponse() completed
info: ===> TimeStamp : 2025-07-21 04:06:57===> API : null ===> Message : validateRequest() invoked
info: ===> TimeStamp : 2025-07-21 04:06:57===> API : null ===> Message : fetchDBSettings()
info: ===> TimeStamp : 2025-07-21 04:06:57===> API : null ===> Message : validateRequest() Invoked!
info: ===> TimeStamp : 2025-07-21 04:06:57===> API : null ===> Message : validRequest() :: Api validated Successfully
info: ===> TimeStamp : 2025-07-21 04:06:57===> API : /api/auth/validateuser ===> Message : validateUser() invoked!!
info: ===> TimeStamp : 2025-07-21 04:06:57===> API : /api/auth/validateuser ===> Message : validateUser() :: Request Object :: [object Object]
info: ===> TimeStamp : 2025-07-21 04:06:57===> API : /api/auth/validateuser ===> Message : validateUserDB() Invoked !
info: ===> TimeStamp : 2025-07-21 04:06:57===> API : /api/auth/validateuser ===> Message : validateUserResponse() invoked!
info: ===> TimeStamp : 2025-07-21 04:06:57===> API : /api/auth/validateuser ===> Message : validateUserResponse() completed
info: ===> TimeStamp : 2025-07-21 04:06:57===> API : null ===> Message : validateRequest() invoked
info: ===> TimeStamp : 2025-07-21 04:06:57===> API : null ===> Message : fetchDBSettings()
info: ===> TimeStamp : 2025-07-21 04:06:57===> API : null ===> Message : validateRequest() Invoked!
info: ===> TimeStamp : 2025-07-21 04:06:57===> API : null ===> Message : validRequest() :: Api validated Successfully
info: ===> TimeStamp : 2025-07-21 04:06:57===> API : /api/auth/checkIP ===> Message : checkIP() invoked!!
info: ===> TimeStamp : 2025-07-21 04:06:57===> API : /api/auth/checkIP ===> Message : IPs match: 103.225.102.194
info: ===> TimeStamp : 2025-07-21 04:06:57===> API : /api/auth/checkIP ===> Message : checkIPResponse() invoked!
info: ===> TimeStamp : 2025-07-21 04:06:57===> API : /api/auth/checkIP ===> Message : checkIPResponse() completed
info: ===> TimeStamp : 2025-07-21 04:06:57===> API : null ===> Message : validateRequest() invoked
info: ===> TimeStamp : 2025-07-21 04:06:57===> API : null ===> Message : fetchDBSettings()
info: ===> TimeStamp : 2025-07-21 04:06:57===> API : null ===> Message : validateRequest() Invoked!
info: ===> TimeStamp : 2025-07-21 04:06:57===> API : null ===> Message : validRequest() :: Api validated Successfully
info: ===> TimeStamp : 2025-07-21 04:06:57===> API : /api/auth/login ===> Message : loginUser() invoked!!
info: ===> TimeStamp : 2025-07-21 04:06:57===> API : /api/auth/login ===> Message : loginUser() :: Request Object :: [object Object]
info: ===> TimeStamp : 2025-07-21 04:06:57===> API : /api/auth/login ===> Message : loginUserDB() Invoked !
info: ===> TimeStamp : 2025-07-21 04:06:57===> API : /api/auth/login ===> Message : loginUserResponse() invoked!
info: ===> TimeStamp : 2025-07-21 04:06:57===> API : /api/auth/login ===> Message : loginUserResponse() completed
info: ===> TimeStamp : 2025-07-21 04:24:27===> API : null ===> Message : validateRequest() invoked
info: ===> TimeStamp : 2025-07-21 04:24:27===> API : null ===> Message : fetchDBSettings()
info: ===> TimeStamp : 2025-07-21 04:24:27===> API : null ===> Message : validateRequest() Invoked!
info: ===> TimeStamp : 2025-07-21 04:24:27===> API : null ===> Message : validRequest() :: Api validated Successfully
info: ===> TimeStamp : 2025-07-21 04:24:27===> API : /api/auth/validateuser ===> Message : validateUser() invoked!!
info: ===> TimeStamp : 2025-07-21 04:24:27===> API : /api/auth/validateuser ===> Message : validateUser() :: Request Object :: [object Object]
info: ===> TimeStamp : 2025-07-21 04:24:27===> API : /api/auth/validateuser ===> Message : validateUserDB() Invoked !
info: ===> TimeStamp : 2025-07-21 04:24:27===> API : /api/auth/validateuser ===> Message : validateUserResponse() invoked!
info: ===> TimeStamp : 2025-07-21 04:24:27===> API : /api/auth/validateuser ===> Message : validateUserResponse() completed
info: ===> TimeStamp : 2025-07-21 04:24:27===> API : null ===> Message : validateRequest() invoked
info: ===> TimeStamp : 2025-07-21 04:24:27===> API : null ===> Message : fetchDBSettings()
info: ===> TimeStamp : 2025-07-21 04:24:27===> API : null ===> Message : validateRequest() Invoked!
info: ===> TimeStamp : 2025-07-21 04:24:27===> API : null ===> Message : validRequest() :: Api validated Successfully
info: ===> TimeStamp : 2025-07-21 04:24:27===> API : /api/auth/checkIP ===> Message : checkIP() invoked!!
info: ===> TimeStamp : 2025-07-21 04:24:27===> API : /api/auth/checkIP ===> Message : IPs match: 103.225.102.194
info: ===> TimeStamp : 2025-07-21 04:24:27===> API : /api/auth/checkIP ===> Message : checkIPResponse() invoked!
info: ===> TimeStamp : 2025-07-21 04:24:27===> API : /api/auth/checkIP ===> Message : checkIPResponse() completed
info: ===> TimeStamp : 2025-07-21 04:24:27===> API : null ===> Message : validateRequest() invoked
info: ===> TimeStamp : 2025-07-21 04:24:27===> API : null ===> Message : fetchDBSettings()
info: ===> TimeStamp : 2025-07-21 04:24:27===> API : null ===> Message : validateRequest() Invoked!
info: ===> TimeStamp : 2025-07-21 04:24:27===> API : null ===> Message : validRequest() :: Api validated Successfully
info: ===> TimeStamp : 2025-07-21 04:24:27===> API : /api/auth/login ===> Message : loginUser() invoked!!
info: ===> TimeStamp : 2025-07-21 04:24:27===> API : /api/auth/login ===> Message : loginUser() :: Request Object :: [object Object]
info: ===> TimeStamp : 2025-07-21 04:24:27===> API : /api/auth/login ===> Message : loginUserDB() Invoked !
info: ===> TimeStamp : 2025-07-21 04:24:27===> API : /api/auth/login ===> Message : loginUserResponse() invoked!
info: ===> TimeStamp : 2025-07-21 04:24:27===> API : /api/auth/login ===> Message : loginUserResponse() completed
info: ===> TimeStamp : 2025-07-21 04:38:02===> API : null ===> Message : validateRequest() invoked
info: ===> TimeStamp : 2025-07-21 04:38:02===> API : null ===> Message : fetchDBSettings()
info: ===> TimeStamp : 2025-07-21 04:38:02===> API : null ===> Message : validateRequest() Invoked!
info: ===> TimeStamp : 2025-07-21 04:38:02===> API : null ===> Message : validRequest() :: Api validated Successfully
info: ===> TimeStamp : 2025-07-21 04:38:02===> API : /api/auth/validateuser ===> Message : validateUser() invoked!!
info: ===> TimeStamp : 2025-07-21 04:38:02===> API : /api/auth/validateuser ===> Message : validateUser() :: Request Object :: [object Object]
info: ===> TimeStamp : 2025-07-21 04:38:02===> API : /api/auth/validateuser ===> Message : validateUserDB() Invoked !
info: ===> TimeStamp : 2025-07-21 04:38:02===> API : /api/auth/validateuser ===> Message : validateUserDB() :: Error :: {"code":"ER_SIGNAL_EXCEPTION","errno":1644,"sqlState":"10005","sqlMessage":"User Does Not Exist","sql":"CALL usp_validate_user('admin', 'udjqjlxe')"}
info: ===> TimeStamp : 2025-07-21 04:38:02===> API : /api/auth/validateuser ===> Message : validateUserDBResult :: Error :: {"ErrorCode":10005,"ErrorMessage":"User Does Not Exist"}
info: ===> TimeStamp : 2025-07-21 04:38:02===> API : /api/auth/validateuser ===> Message : validateUserResponse() invoked!
info: ===> TimeStamp : 2025-07-21 04:38:02===> API : /api/auth/validateuser ===> Message : validateUserResponse() completed
info: ===> TimeStamp : 2025-07-21 04:38:06===> API : null ===> Message : validateRequest() invoked
info: ===> TimeStamp : 2025-07-21 04:38:06===> API : null ===> Message : fetchDBSettings()
info: ===> TimeStamp : 2025-07-21 04:38:06===> API : null ===> Message : validateRequest() Invoked!
info: ===> TimeStamp : 2025-07-21 04:38:06===> API : null ===> Message : validRequest() :: Api validated Successfully
info: ===> TimeStamp : 2025-07-21 04:38:06===> API : /api/auth/validateuser ===> Message : validateUser() :: Request Object :: [object Object]
info: ===> TimeStamp : 2025-07-21 04:38:06===> API : /api/auth/validateuser ===> Message : validateUserDB() Invoked !
info: ===> TimeStamp : 2025-07-21 04:38:06===> API : /api/auth/validateuser ===> Message : validateUser() invoked!!
info: ===> TimeStamp : 2025-07-21 04:38:06===> API : /api/auth/validateuser ===> Message : validateUserDB() :: Error :: {"code":"ER_SIGNAL_EXCEPTION","errno":1644,"sqlState":"10005","sqlMessage":"User Does Not Exist","sql":"CALL usp_validate_user('admin', 'ygbgmpsm')"}
info: ===> TimeStamp : 2025-07-21 04:38:06===> API : /api/auth/validateuser ===> Message : validateUserDBResult :: Error :: {"ErrorCode":10005,"ErrorMessage":"User Does Not Exist"}
info: ===> TimeStamp : 2025-07-21 04:38:06===> API : /api/auth/validateuser ===> Message : validateUserResponse() invoked!
info: ===> TimeStamp : 2025-07-21 04:38:06===> API : /api/auth/validateuser ===> Message : validateUserResponse() completed
info: ===> TimeStamp : 2025-07-21 04:38:08===> API : null ===> Message : fetchDBSettings()
info: ===> TimeStamp : 2025-07-21 04:38:08===> API : null ===> Message : validateRequest() invoked
info: ===> TimeStamp : 2025-07-21 04:38:08===> API : null ===> Message : validateRequest() Invoked!
info: ===> TimeStamp : 2025-07-21 04:38:08===> API : null ===> Message : validRequest() :: Api validated Successfully
info: ===> TimeStamp : 2025-07-21 04:38:08===> API : /api/auth/validateuser ===> Message : validateUser() invoked!!
info: ===> TimeStamp : 2025-07-21 04:38:08===> API : /api/auth/validateuser ===> Message : validateUser() :: Request Object :: [object Object]
info: ===> TimeStamp : 2025-07-21 04:38:08===> API : /api/auth/validateuser ===> Message : validateUserDB() Invoked !
info: ===> TimeStamp : 2025-07-21 04:38:08===> API : /api/auth/validateuser ===> Message : validateUserDB() :: Error :: {"code":"ER_SIGNAL_EXCEPTION","errno":1644,"sqlState":"10005","sqlMessage":"User Does Not Exist","sql":"CALL usp_validate_user('admin', 'pkojuylt')"}
info: ===> TimeStamp : 2025-07-21 04:38:08===> API : /api/auth/validateuser ===> Message : validateUserDBResult :: Error :: {"ErrorCode":10005,"ErrorMessage":"User Does Not Exist"}
info: ===> TimeStamp : 2025-07-21 04:38:08===> API : /api/auth/validateuser ===> Message : validateUserResponse() invoked!
info: ===> TimeStamp : 2025-07-21 04:38:08===> API : /api/auth/validateuser ===> Message : validateUserResponse() completed
info: ===> TimeStamp : 2025-07-21 04:38:12===> API : null ===> Message : validateRequest() invoked
info: ===> TimeStamp : 2025-07-21 04:38:12===> API : null ===> Message : fetchDBSettings()
info: ===> TimeStamp : 2025-07-21 04:38:12===> API : null ===> Message : validateRequest() Invoked!
info: ===> TimeStamp : 2025-07-21 04:38:12===> API : null ===> Message : validRequest() :: Api validated Successfully
info: ===> TimeStamp : 2025-07-21 04:38:12===> API : /api/auth/validateuser ===> Message : validateUser() invoked!!
info: ===> TimeStamp : 2025-07-21 04:38:12===> API : /api/auth/validateuser ===> Message : validateUser() :: Request Object :: [object Object]
info: ===> TimeStamp : 2025-07-21 04:38:12===> API : /api/auth/validateuser ===> Message : validateUserDB() Invoked !
info: ===> TimeStamp : 2025-07-21 04:38:12===> API : /api/auth/validateuser ===> Message : validateUserDB() :: Error :: {"code":"ER_SIGNAL_EXCEPTION","errno":1644,"sqlState":"10005","sqlMessage":"User Does Not Exist","sql":"CALL usp_validate_user('admin', 'idaafmmm')"}
info: ===> TimeStamp : 2025-07-21 04:38:12===> API : /api/auth/validateuser ===> Message : validateUserDBResult :: Error :: {"ErrorCode":10005,"ErrorMessage":"User Does Not Exist"}
info: ===> TimeStamp : 2025-07-21 04:38:12===> API : /api/auth/validateuser ===> Message : validateUserResponse() invoked!
info: ===> TimeStamp : 2025-07-21 04:38:12===> API : /api/auth/validateuser ===> Message : validateUserResponse() completed
