info: ===> TimeStamp : 2024-12-09 06:51:52===> API : null ===> Message : validateRequest() invoked
info: ===> TimeStamp : 2024-12-09 06:51:52===> API : null ===> Message : fetchDBSettings()
info: ===> TimeStamp : 2024-12-09 06:51:52===> API : null ===> Message : validateRequest() Invoked!
info: ===> TimeStamp : 2024-12-09 06:51:52===> API : null ===> Message : validRequest() :: Api validated Successfully
info: ===> TimeStamp : 2024-12-09 06:51:52===> API : /api/auth/logout ===> Message : logoutUser() :: Request Object :: [object Object]
info: ===> TimeStamp : 2024-12-09 06:51:52===> API : /api/auth/logout ===> Message : logoutUser() invoked!!
info: ===> TimeStamp : 2024-12-09 06:51:52===> API : /api/auth/logout ===> Message : logoutUserDB() Invoked !
info: ===> TimeStamp : 2024-12-09 06:51:52===> API : /api/auth/logout ===> Message : logoutUserResponse() invoked!
info: ===> TimeStamp : 2024-12-09 06:51:52===> API : /api/auth/logout ===> Message : logoutUserResponse() completed
info: ===> TimeStamp : 2024-12-09 06:52:05===> API : null ===> Message : validateRequest() invoked
info: ===> TimeStamp : 2024-12-09 06:52:05===> API : null ===> Message : fetchDBSettings()
info: ===> TimeStamp : 2024-12-09 06:52:05===> API : null ===> Message : validateRequest() Invoked!
info: ===> TimeStamp : 2024-12-09 06:52:05===> API : null ===> Message : validRequest() :: Api validated Successfully
info: ===> TimeStamp : 2024-12-09 06:52:05===> API : /api/auth/validateuser ===> Message : validateUser() invoked!!
info: ===> TimeStamp : 2024-12-09 06:52:05===> API : /api/auth/validateuser ===> Message : validateUser() :: Request Object :: [object Object]
info: ===> TimeStamp : 2024-12-09 06:52:05===> API : /api/auth/validateuser ===> Message : validateUserDB() Invoked !
info: ===> TimeStamp : 2024-12-09 06:52:06===> API : /api/auth/validateuser ===> Message : validateUserResponse() invoked!
info: ===> TimeStamp : 2024-12-09 06:52:06===> API : /api/auth/validateuser ===> Message : validateUserResponse() completed
info: ===> TimeStamp : 2024-12-09 06:52:06===> API : null ===> Message : validateRequest() invoked
info: ===> TimeStamp : 2024-12-09 06:52:06===> API : null ===> Message : fetchDBSettings()
info: ===> TimeStamp : 2024-12-09 06:52:06===> API : null ===> Message : validateRequest() Invoked!
info: ===> TimeStamp : 2024-12-09 06:52:06===> API : null ===> Message : validRequest() :: Api validated Successfully
info: ===> TimeStamp : 2024-12-09 06:52:06===> API : /api/auth/checkIP ===> Message : checkIP() invoked!!
info: ===> TimeStamp : 2024-12-09 06:52:06===> API : /api/auth/checkIP ===> Message : IPs match: 103.225.102.194
info: ===> TimeStamp : 2024-12-09 06:52:06===> API : /api/auth/checkIP ===> Message : checkIPResponse() invoked!
info: ===> TimeStamp : 2024-12-09 06:52:06===> API : /api/auth/checkIP ===> Message : checkIPResponse() completed
info: ===> TimeStamp : 2024-12-09 06:52:06===> API : null ===> Message : validateRequest() invoked
info: ===> TimeStamp : 2024-12-09 06:52:06===> API : null ===> Message : fetchDBSettings()
info: ===> TimeStamp : 2024-12-09 06:52:06===> API : null ===> Message : validateRequest() Invoked!
info: ===> TimeStamp : 2024-12-09 06:52:06===> API : null ===> Message : validRequest() :: Api validated Successfully
info: ===> TimeStamp : 2024-12-09 06:52:06===> API : /api/auth/login ===> Message : loginUser() invoked!!
info: ===> TimeStamp : 2024-12-09 06:52:06===> API : /api/auth/login ===> Message : loginUser() :: Request Object :: [object Object]
info: ===> TimeStamp : 2024-12-09 06:52:06===> API : /api/auth/login ===> Message : loginUserDB() Invoked !
info: ===> TimeStamp : 2024-12-09 06:52:06===> API : /api/auth/login ===> Message : loginUserResponse() invoked!
info: ===> TimeStamp : 2024-12-09 06:52:06===> API : /api/auth/login ===> Message : loginUserResponse() completed
info: ===> TimeStamp : 2024-12-09 06:52:22===> API : null ===> Message : validateRequest() invoked
info: ===> TimeStamp : 2024-12-09 06:52:22===> API : null ===> Message : fetchDBSettings()
info: ===> TimeStamp : 2024-12-09 06:52:22===> API : null ===> Message : validateRequest() Invoked!
info: ===> TimeStamp : 2024-12-09 06:52:22===> API : null ===> Message : validRequest() :: Api validated Successfully
info: ===> TimeStamp : 2024-12-09 06:52:22===> API : /api/auth/logout ===> Message : logoutUser() :: Request Object :: [object Object]
info: ===> TimeStamp : 2024-12-09 06:52:22===> API : /api/auth/logout ===> Message : logoutUser() invoked!!
info: ===> TimeStamp : 2024-12-09 06:52:22===> API : /api/auth/logout ===> Message : logoutUserDB() Invoked !
info: ===> TimeStamp : 2024-12-09 06:52:22===> API : /api/auth/logout ===> Message : logoutUserResponse() invoked!
info: ===> TimeStamp : 2024-12-09 06:52:22===> API : /api/auth/logout ===> Message : logoutUserResponse() completed
info: ===> TimeStamp : 2024-12-09 06:52:27===> API : null ===> Message : validateRequest() invoked
info: ===> TimeStamp : 2024-12-09 06:52:27===> API : null ===> Message : fetchDBSettings()
info: ===> TimeStamp : 2024-12-09 06:52:27===> API : null ===> Message : validateRequest() Invoked!
info: ===> TimeStamp : 2024-12-09 06:52:27===> API : null ===> Message : validRequest() :: Api validated Successfully
info: ===> TimeStamp : 2024-12-09 06:52:27===> API : /api/auth/validateuser ===> Message : validateUser() invoked!!
info: ===> TimeStamp : 2024-12-09 06:52:27===> API : /api/auth/validateuser ===> Message : validateUser() :: Request Object :: [object Object]
info: ===> TimeStamp : 2024-12-09 06:52:27===> API : /api/auth/validateuser ===> Message : validateUserDB() Invoked !
info: ===> TimeStamp : 2024-12-09 06:52:27===> API : /api/auth/validateuser ===> Message : validateUserResponse() invoked!
info: ===> TimeStamp : 2024-12-09 06:52:27===> API : /api/auth/validateuser ===> Message : validateUserResponse() completed
info: ===> TimeStamp : 2024-12-09 06:52:28===> API : null ===> Message : validateRequest() invoked
info: ===> TimeStamp : 2024-12-09 06:52:28===> API : null ===> Message : fetchDBSettings()
info: ===> TimeStamp : 2024-12-09 06:52:28===> API : null ===> Message : validateRequest() Invoked!
info: ===> TimeStamp : 2024-12-09 06:52:28===> API : null ===> Message : validRequest() :: Api validated Successfully
info: ===> TimeStamp : 2024-12-09 06:52:28===> API : /api/auth/checkIP ===> Message : checkIP() invoked!!
info: ===> TimeStamp : 2024-12-09 06:52:28===> API : /api/auth/checkIP ===> Message : IPs match: 103.225.102.194
info: ===> TimeStamp : 2024-12-09 06:52:28===> API : /api/auth/checkIP ===> Message : checkIPResponse() invoked!
info: ===> TimeStamp : 2024-12-09 06:52:28===> API : /api/auth/checkIP ===> Message : checkIPResponse() completed
info: ===> TimeStamp : 2024-12-09 06:52:28===> API : null ===> Message : fetchDBSettings()
info: ===> TimeStamp : 2024-12-09 06:52:28===> API : null ===> Message : validateRequest() invoked
info: ===> TimeStamp : 2024-12-09 06:52:28===> API : null ===> Message : validateRequest() Invoked!
info: ===> TimeStamp : 2024-12-09 06:52:28===> API : null ===> Message : validRequest() :: Api validated Successfully
info: ===> TimeStamp : 2024-12-09 06:52:28===> API : /api/auth/login ===> Message : loginUser() invoked!!
info: ===> TimeStamp : 2024-12-09 06:52:28===> API : /api/auth/login ===> Message : loginUser() :: Request Object :: [object Object]
info: ===> TimeStamp : 2024-12-09 06:52:28===> API : /api/auth/login ===> Message : loginUserDB() Invoked !
info: ===> TimeStamp : 2024-12-09 06:52:28===> API : /api/auth/login ===> Message : loginUserResponse() invoked!
info: ===> TimeStamp : 2024-12-09 06:52:28===> API : /api/auth/login ===> Message : loginUserResponse() completed
info: ===> TimeStamp : 2024-12-09 07:08:48===> API : null ===> Message : validateRequest() invoked
info: ===> TimeStamp : 2024-12-09 07:08:48===> API : null ===> Message : validateRequest() Error:: Invalid Request :: 
      {"apiUri":"/"}
info: ===> TimeStamp : 2024-12-09 07:08:48===> API : null ===> Message : validateRequest() invoked
info: ===> TimeStamp : 2024-12-09 07:08:48===> API : null ===> Message : validateRequest() Error:: Invalid Request :: 
      {"apiUri":"/favicon.ico"}
info: ===> TimeStamp : 2024-12-09 07:08:48===> API : null ===> Message : validateRequest() invoked
info: ===> TimeStamp : 2024-12-09 07:08:48===> API : null ===> Message : validateRequest() Error:: Invalid Request :: 
      {"apiUri":"/ads.txt"}
info: ===> TimeStamp : 2024-12-09 08:41:56===> API : null ===> Message : validateRequest() invoked
info: ===> TimeStamp : 2024-12-09 08:41:56===> API : null ===> Message : fetchDBSettings()
info: ===> TimeStamp : 2024-12-09 08:41:56===> API : null ===> Message : validateRequest() Invoked!
info: ===> TimeStamp : 2024-12-09 08:41:56===> API : null ===> Message : validRequest() :: Api validated Successfully
info: ===> TimeStamp : 2024-12-09 08:41:56===> API : /api/auth/validateuser ===> Message : validateUser() invoked!!
info: ===> TimeStamp : 2024-12-09 08:41:56===> API : /api/auth/validateuser ===> Message : validateUser() :: Request Object :: [object Object]
info: ===> TimeStamp : 2024-12-09 08:41:56===> API : /api/auth/validateuser ===> Message : validateUserDB() Invoked !
info: ===> TimeStamp : 2024-12-09 08:41:56===> API : /api/auth/validateuser ===> Message : validateUserResponse() invoked!
info: ===> TimeStamp : 2024-12-09 08:41:56===> API : /api/auth/validateuser ===> Message : validateUserResponse() completed
info: ===> TimeStamp : 2024-12-09 08:41:56===> API : null ===> Message : validateRequest() invoked
info: ===> TimeStamp : 2024-12-09 08:41:56===> API : null ===> Message : fetchDBSettings()
info: ===> TimeStamp : 2024-12-09 08:41:56===> API : null ===> Message : validateRequest() Invoked!
info: ===> TimeStamp : 2024-12-09 08:41:56===> API : null ===> Message : validRequest() :: Api validated Successfully
info: ===> TimeStamp : 2024-12-09 08:41:56===> API : /api/auth/login ===> Message : loginUser() invoked!!
info: ===> TimeStamp : 2024-12-09 08:41:56===> API : /api/auth/login ===> Message : loginUser() :: Request Object :: [object Object]
info: ===> TimeStamp : 2024-12-09 08:41:56===> API : /api/auth/login ===> Message : loginUserDB() Invoked !
info: ===> TimeStamp : 2024-12-09 08:41:56===> API : /api/auth/login ===> Message : loginUserResponse() invoked!
info: ===> TimeStamp : 2024-12-09 08:41:56===> API : /api/auth/login ===> Message : loginUserResponse() completed
info: ===> TimeStamp : 2024-12-09 10:50:39===> API : null ===> Message : validateRequest() invoked
info: ===> TimeStamp : 2024-12-09 10:50:39===> API : null ===> Message : fetchDBSettings()
info: ===> TimeStamp : 2024-12-09 10:50:39===> API : null ===> Message : validateRequest() Invoked!
info: ===> TimeStamp : 2024-12-09 10:50:39===> API : null ===> Message : validRequest() :: Api validated Successfully
info: ===> TimeStamp : 2024-12-09 10:50:39===> API : /api/auth/logout ===> Message : logoutUser() invoked!!
info: ===> TimeStamp : 2024-12-09 10:50:39===> API : /api/auth/logout ===> Message : logoutUser() :: Request Object :: [object Object]
info: ===> TimeStamp : 2024-12-09 10:50:39===> API : /api/auth/logout ===> Message : logoutUserDB() Invoked !
info: ===> TimeStamp : 2024-12-09 10:50:39===> API : /api/auth/logout ===> Message : logoutUserResponse() invoked!
info: ===> TimeStamp : 2024-12-09 10:50:39===> API : /api/auth/logout ===> Message : logoutUserResponse() completed
info: ===> TimeStamp : 2024-12-09 10:50:47===> API : null ===> Message : validateRequest() invoked
info: ===> TimeStamp : 2024-12-09 10:50:47===> API : null ===> Message : fetchDBSettings()
info: ===> TimeStamp : 2024-12-09 10:50:47===> API : null ===> Message : validateRequest() Invoked!
info: ===> TimeStamp : 2024-12-09 10:50:47===> API : null ===> Message : validRequest() :: Api validated Successfully
info: ===> TimeStamp : 2024-12-09 10:50:47===> API : /api/auth/validateuser ===> Message : validateUser() :: Request Object :: [object Object]
info: ===> TimeStamp : 2024-12-09 10:50:47===> API : /api/auth/validateuser ===> Message : validateUserDB() Invoked !
info: ===> TimeStamp : 2024-12-09 10:50:47===> API : /api/auth/validateuser ===> Message : validateUser() invoked!!
info: ===> TimeStamp : 2024-12-09 10:50:47===> API : /api/auth/validateuser ===> Message : validateUserResponse() invoked!
info: ===> TimeStamp : 2024-12-09 10:50:47===> API : /api/auth/validateuser ===> Message : validateUserResponse() completed
info: ===> TimeStamp : 2024-12-09 10:50:47===> API : null ===> Message : validateRequest() invoked
info: ===> TimeStamp : 2024-12-09 10:50:47===> API : null ===> Message : fetchDBSettings()
info: ===> TimeStamp : 2024-12-09 10:50:47===> API : null ===> Message : validateRequest() Invoked!
info: ===> TimeStamp : 2024-12-09 10:50:47===> API : null ===> Message : validRequest() :: Api validated Successfully
info: ===> TimeStamp : 2024-12-09 10:50:47===> API : /api/auth/checkIP ===> Message : checkIP() invoked!!
info: ===> TimeStamp : 2024-12-09 10:50:47===> API : /api/auth/checkIP ===> Message : IPs match: 103.225.102.194
info: ===> TimeStamp : 2024-12-09 10:50:47===> API : /api/auth/checkIP ===> Message : checkIPResponse() invoked!
info: ===> TimeStamp : 2024-12-09 10:50:47===> API : /api/auth/checkIP ===> Message : checkIPResponse() completed
info: ===> TimeStamp : 2024-12-09 10:50:47===> API : null ===> Message : validateRequest() invoked
info: ===> TimeStamp : 2024-12-09 10:50:47===> API : null ===> Message : fetchDBSettings()
info: ===> TimeStamp : 2024-12-09 10:50:47===> API : null ===> Message : validateRequest() Invoked!
info: ===> TimeStamp : 2024-12-09 10:50:47===> API : null ===> Message : validRequest() :: Api validated Successfully
info: ===> TimeStamp : 2024-12-09 10:50:47===> API : /api/auth/login ===> Message : loginUser() invoked!!
info: ===> TimeStamp : 2024-12-09 10:50:47===> API : /api/auth/login ===> Message : loginUser() :: Request Object :: [object Object]
info: ===> TimeStamp : 2024-12-09 10:50:47===> API : /api/auth/login ===> Message : loginUserDB() Invoked !
info: ===> TimeStamp : 2024-12-09 10:50:47===> API : /api/auth/login ===> Message : loginUserResponse() invoked!
info: ===> TimeStamp : 2024-12-09 10:50:47===> API : /api/auth/login ===> Message : loginUserResponse() completed
info: ===> TimeStamp : 2024-12-09 10:50:56===> API : null ===> Message : validateRequest() invoked
info: ===> TimeStamp : 2024-12-09 10:50:56===> API : null ===> Message : fetchDBSettings()
info: ===> TimeStamp : 2024-12-09 10:50:56===> API : null ===> Message : validateRequest() Invoked!
info: ===> TimeStamp : 2024-12-09 10:50:56===> API : null ===> Message : validRequest() :: Api validated Successfully
info: ===> TimeStamp : 2024-12-09 10:50:56===> API : /api/auth/logout ===> Message : logoutUser() invoked!!
info: ===> TimeStamp : 2024-12-09 10:50:56===> API : /api/auth/logout ===> Message : logoutUser() :: Request Object :: [object Object]
info: ===> TimeStamp : 2024-12-09 10:50:56===> API : /api/auth/logout ===> Message : logoutUserDB() Invoked !
info: ===> TimeStamp : 2024-12-09 10:50:56===> API : /api/auth/logout ===> Message : logoutUserResponse() invoked!
info: ===> TimeStamp : 2024-12-09 10:50:56===> API : /api/auth/logout ===> Message : logoutUserResponse() completed
info: ===> TimeStamp : 2024-12-09 14:47:19===> API : null ===> Message : validateRequest() invoked
info: ===> TimeStamp : 2024-12-09 14:47:19===> API : null ===> Message : fetchDBSettings()
info: ===> TimeStamp : 2024-12-09 14:47:19===> API : null ===> Message : validateRequest() Invoked!
info: ===> TimeStamp : 2024-12-09 14:47:19===> API : null ===> Message : validRequest() :: Api validated Successfully
info: ===> TimeStamp : 2024-12-09 14:47:19===> API : /api/auth/logout ===> Message : logoutUser() invoked!!
info: ===> TimeStamp : 2024-12-09 14:47:19===> API : /api/auth/logout ===> Message : logoutUser() :: Request Object :: [object Object]
info: ===> TimeStamp : 2024-12-09 14:47:19===> API : /api/auth/logout ===> Message : logoutUserDB() Invoked !
info: ===> TimeStamp : 2024-12-09 14:47:19===> API : /api/auth/logout ===> Message : logoutUserResponse() invoked!
info: ===> TimeStamp : 2024-12-09 14:47:19===> API : /api/auth/logout ===> Message : logoutUserResponse() completed
info: ===> TimeStamp : 2024-12-09 14:54:42===> API : null ===> Message : validateRequest() invoked
info: ===> TimeStamp : 2024-12-09 14:54:42===> API : null ===> Message : fetchDBSettings()
info: ===> TimeStamp : 2024-12-09 14:54:42===> API : null ===> Message : validateRequest() Invoked!
info: ===> TimeStamp : 2024-12-09 14:54:42===> API : null ===> Message : validRequest() :: Api validated Successfully
info: ===> TimeStamp : 2024-12-09 14:54:42===> API : /api/auth/logout ===> Message : logoutUser() invoked!!
info: ===> TimeStamp : 2024-12-09 14:54:42===> API : /api/auth/logout ===> Message : logoutUser() :: Request Object :: [object Object]
info: ===> TimeStamp : 2024-12-09 14:54:42===> API : /api/auth/logout ===> Message : logoutUserDB() Invoked !
info: ===> TimeStamp : 2024-12-09 14:54:42===> API : /api/auth/logout ===> Message : logoutUserResponse() invoked!
info: ===> TimeStamp : 2024-12-09 14:54:42===> API : /api/auth/logout ===> Message : logoutUserResponse() completed
info: ===> TimeStamp : 2024-12-09 14:55:29===> API : null ===> Message : validateRequest() invoked
info: ===> TimeStamp : 2024-12-09 14:55:29===> API : null ===> Message : fetchDBSettings()
info: ===> TimeStamp : 2024-12-09 14:55:29===> API : null ===> Message : validateRequest() Invoked!
info: ===> TimeStamp : 2024-12-09 14:55:29===> API : null ===> Message : validRequest() :: Api validated Successfully
info: ===> TimeStamp : 2024-12-09 14:55:29===> API : /api/auth/validateuser ===> Message : validateUser() :: Request Object :: [object Object]
info: ===> TimeStamp : 2024-12-09 14:55:29===> API : /api/auth/validateuser ===> Message : validateUser() invoked!!
info: ===> TimeStamp : 2024-12-09 14:55:29===> API : /api/auth/validateuser ===> Message : validateUserDB() Invoked !
info: ===> TimeStamp : 2024-12-09 14:55:29===> API : /api/auth/validateuser ===> Message : validateUserResponse() invoked!
info: ===> TimeStamp : 2024-12-09 14:55:29===> API : /api/auth/validateuser ===> Message : validateUserResponse() completed
info: ===> TimeStamp : 2024-12-09 14:55:29===> API : null ===> Message : validateRequest() invoked
info: ===> TimeStamp : 2024-12-09 14:55:29===> API : null ===> Message : fetchDBSettings()
info: ===> TimeStamp : 2024-12-09 14:55:29===> API : null ===> Message : validateRequest() Invoked!
info: ===> TimeStamp : 2024-12-09 14:55:29===> API : null ===> Message : validRequest() :: Api validated Successfully
info: ===> TimeStamp : 2024-12-09 14:55:29===> API : /api/auth/checkIP ===> Message : IPs match: 103.225.102.194
info: ===> TimeStamp : 2024-12-09 14:55:29===> API : /api/auth/checkIP ===> Message : checkIPResponse() invoked!
info: ===> TimeStamp : 2024-12-09 14:55:29===> API : /api/auth/checkIP ===> Message : checkIP() invoked!!
info: ===> TimeStamp : 2024-12-09 14:55:29===> API : /api/auth/checkIP ===> Message : checkIPResponse() completed
info: ===> TimeStamp : 2024-12-09 14:55:29===> API : null ===> Message : validateRequest() invoked
info: ===> TimeStamp : 2024-12-09 14:55:29===> API : null ===> Message : fetchDBSettings()
info: ===> TimeStamp : 2024-12-09 14:55:29===> API : null ===> Message : validateRequest() Invoked!
info: ===> TimeStamp : 2024-12-09 14:55:29===> API : null ===> Message : validRequest() :: Api validated Successfully
info: ===> TimeStamp : 2024-12-09 14:55:29===> API : /api/auth/login ===> Message : loginUser() invoked!!
info: ===> TimeStamp : 2024-12-09 14:55:29===> API : /api/auth/login ===> Message : loginUser() :: Request Object :: [object Object]
info: ===> TimeStamp : 2024-12-09 14:55:29===> API : /api/auth/login ===> Message : loginUserDB() Invoked !
info: ===> TimeStamp : 2024-12-09 14:55:29===> API : /api/auth/login ===> Message : loginUserResponse() invoked!
info: ===> TimeStamp : 2024-12-09 14:55:29===> API : /api/auth/login ===> Message : loginUserResponse() completed
info: ===> TimeStamp : 2024-12-09 14:56:12===> API : null ===> Message : validateRequest() invoked
info: ===> TimeStamp : 2024-12-09 14:56:12===> API : null ===> Message : fetchDBSettings()
info: ===> TimeStamp : 2024-12-09 14:56:12===> API : null ===> Message : validateRequest() Invoked!
info: ===> TimeStamp : 2024-12-09 14:56:12===> API : null ===> Message : validRequest() :: Api validated Successfully
info: ===> TimeStamp : 2024-12-09 14:56:12===> API : /api/auth/validateuser ===> Message : validateUser() :: Request Object :: [object Object]
info: ===> TimeStamp : 2024-12-09 14:56:12===> API : /api/auth/validateuser ===> Message : validateUser() invoked!!
info: ===> TimeStamp : 2024-12-09 14:56:12===> API : /api/auth/validateuser ===> Message : validateUserDB() Invoked !
info: ===> TimeStamp : 2024-12-09 14:56:12===> API : /api/auth/validateuser ===> Message : validateUserResponse() invoked!
info: ===> TimeStamp : 2024-12-09 14:56:12===> API : /api/auth/validateuser ===> Message : validateUserResponse() completed
info: ===> TimeStamp : 2024-12-09 14:56:12===> API : null ===> Message : validateRequest() invoked
info: ===> TimeStamp : 2024-12-09 14:56:12===> API : null ===> Message : fetchDBSettings()
info: ===> TimeStamp : 2024-12-09 14:56:12===> API : null ===> Message : validateRequest() Invoked!
info: ===> TimeStamp : 2024-12-09 14:56:12===> API : null ===> Message : validRequest() :: Api validated Successfully
info: ===> TimeStamp : 2024-12-09 14:56:12===> API : /api/auth/checkIP ===> Message : checkIP() invoked!!
info: ===> TimeStamp : 2024-12-09 14:56:12===> API : /api/auth/checkIP ===> Message : IPs match: 103.225.102.194
info: ===> TimeStamp : 2024-12-09 14:56:12===> API : /api/auth/checkIP ===> Message : checkIPResponse() invoked!
info: ===> TimeStamp : 2024-12-09 14:56:12===> API : /api/auth/checkIP ===> Message : checkIPResponse() completed
info: ===> TimeStamp : 2024-12-09 14:56:12===> API : null ===> Message : validateRequest() invoked
info: ===> TimeStamp : 2024-12-09 14:56:12===> API : null ===> Message : fetchDBSettings()
info: ===> TimeStamp : 2024-12-09 14:56:12===> API : null ===> Message : validateRequest() Invoked!
info: ===> TimeStamp : 2024-12-09 14:56:12===> API : null ===> Message : validRequest() :: Api validated Successfully
info: ===> TimeStamp : 2024-12-09 14:56:12===> API : /api/auth/login ===> Message : loginUser() invoked!!
info: ===> TimeStamp : 2024-12-09 14:56:12===> API : /api/auth/login ===> Message : loginUser() :: Request Object :: [object Object]
info: ===> TimeStamp : 2024-12-09 14:56:12===> API : /api/auth/login ===> Message : loginUserDB() Invoked !
info: ===> TimeStamp : 2024-12-09 14:56:12===> API : /api/auth/login ===> Message : loginUserResponse() invoked!
info: ===> TimeStamp : 2024-12-09 14:56:12===> API : /api/auth/login ===> Message : loginUserResponse() completed
info: ===> TimeStamp : 2024-12-09 15:26:21===> API : null ===> Message : validateRequest() invoked
info: ===> TimeStamp : 2024-12-09 15:26:21===> API : null ===> Message : fetchDBSettings()
info: ===> TimeStamp : 2024-12-09 15:26:21===> API : null ===> Message : validateRequest() Invoked!
info: ===> TimeStamp : 2024-12-09 15:26:21===> API : null ===> Message : validRequest() :: Api validated Successfully
info: ===> TimeStamp : 2024-12-09 15:26:21===> API : /api/auth/validateuser ===> Message : validateUser() invoked!!
info: ===> TimeStamp : 2024-12-09 15:26:21===> API : /api/auth/validateuser ===> Message : validateUser() :: Request Object :: [object Object]
info: ===> TimeStamp : 2024-12-09 15:26:21===> API : /api/auth/validateuser ===> Message : validateUserDB() Invoked !
info: ===> TimeStamp : 2024-12-09 15:26:21===> API : /api/auth/validateuser ===> Message : validateUserResponse() invoked!
info: ===> TimeStamp : 2024-12-09 15:26:21===> API : /api/auth/validateuser ===> Message : validateUserResponse() completed
info: ===> TimeStamp : 2024-12-09 15:26:21===> API : null ===> Message : validateRequest() invoked
info: ===> TimeStamp : 2024-12-09 15:26:21===> API : null ===> Message : fetchDBSettings()
info: ===> TimeStamp : 2024-12-09 15:26:21===> API : null ===> Message : validateRequest() Invoked!
info: ===> TimeStamp : 2024-12-09 15:26:21===> API : null ===> Message : validRequest() :: Api validated Successfully
info: ===> TimeStamp : 2024-12-09 15:26:21===> API : /api/auth/login ===> Message : loginUser() invoked!!
info: ===> TimeStamp : 2024-12-09 15:26:21===> API : /api/auth/login ===> Message : loginUser() :: Request Object :: [object Object]
info: ===> TimeStamp : 2024-12-09 15:26:21===> API : /api/auth/login ===> Message : loginUserDB() Invoked !
info: ===> TimeStamp : 2024-12-09 15:26:21===> API : /api/auth/login ===> Message : loginUserResponse() invoked!
info: ===> TimeStamp : 2024-12-09 15:26:21===> API : /api/auth/login ===> Message : loginUserResponse() completed
info: ===> TimeStamp : 2024-12-09 15:47:43===> API : null ===> Message : validateRequest() invoked
info: ===> TimeStamp : 2024-12-09 15:47:43===> API : null ===> Message : fetchDBSettings()
info: ===> TimeStamp : 2024-12-09 15:47:43===> API : null ===> Message : validateRequest() Invoked!
info: ===> TimeStamp : 2024-12-09 15:47:43===> API : null ===> Message : validRequest() :: Api validated Successfully
info: ===> TimeStamp : 2024-12-09 15:47:43===> API : /api/auth/validateuser ===> Message : validateUser() invoked!!
info: ===> TimeStamp : 2024-12-09 15:47:43===> API : /api/auth/validateuser ===> Message : validateUser() :: Request Object :: [object Object]
info: ===> TimeStamp : 2024-12-09 15:47:43===> API : /api/auth/validateuser ===> Message : validateUserDB() Invoked !
info: ===> TimeStamp : 2024-12-09 15:47:43===> API : /api/auth/validateuser ===> Message : validateUserResponse() invoked!
info: ===> TimeStamp : 2024-12-09 15:47:43===> API : /api/auth/validateuser ===> Message : validateUserResponse() completed
info: ===> TimeStamp : 2024-12-09 15:47:43===> API : null ===> Message : validateRequest() invoked
info: ===> TimeStamp : 2024-12-09 15:47:43===> API : null ===> Message : fetchDBSettings()
info: ===> TimeStamp : 2024-12-09 15:47:43===> API : null ===> Message : validateRequest() Invoked!
info: ===> TimeStamp : 2024-12-09 15:47:43===> API : null ===> Message : validRequest() :: Api validated Successfully
info: ===> TimeStamp : 2024-12-09 15:47:43===> API : /api/auth/login ===> Message : loginUser() invoked!!
info: ===> TimeStamp : 2024-12-09 15:47:43===> API : /api/auth/login ===> Message : loginUser() :: Request Object :: [object Object]
info: ===> TimeStamp : 2024-12-09 15:47:43===> API : /api/auth/login ===> Message : loginUserDB() Invoked !
info: ===> TimeStamp : 2024-12-09 15:47:43===> API : /api/auth/login ===> Message : loginUserResponse() invoked!
info: ===> TimeStamp : 2024-12-09 15:47:43===> API : /api/auth/login ===> Message : loginUserResponse() completed
info: ===> TimeStamp : 2024-12-09 16:18:57===> API : null ===> Message : validateRequest() invoked
info: ===> TimeStamp : 2024-12-09 16:18:57===> API : null ===> Message : fetchDBSettings()
info: ===> TimeStamp : 2024-12-09 16:18:57===> API : null ===> Message : validateRequest() Invoked!
info: ===> TimeStamp : 2024-12-09 16:18:57===> API : /api/auth/validateuser ===> Message : validateUser() invoked!!
info: ===> TimeStamp : 2024-12-09 16:18:57===> API : null ===> Message : validRequest() :: Api validated Successfully
info: ===> TimeStamp : 2024-12-09 16:18:57===> API : /api/auth/validateuser ===> Message : validateUser() :: Request Object :: [object Object]
info: ===> TimeStamp : 2024-12-09 16:18:57===> API : /api/auth/validateuser ===> Message : validateUserDB() Invoked !
info: ===> TimeStamp : 2024-12-09 16:18:57===> API : /api/auth/validateuser ===> Message : validateUserResponse() invoked!
info: ===> TimeStamp : 2024-12-09 16:18:57===> API : /api/auth/validateuser ===> Message : validateUserResponse() completed
info: ===> TimeStamp : 2024-12-09 16:18:57===> API : null ===> Message : validateRequest() invoked
info: ===> TimeStamp : 2024-12-09 16:18:57===> API : null ===> Message : fetchDBSettings()
info: ===> TimeStamp : 2024-12-09 16:18:57===> API : null ===> Message : validateRequest() Invoked!
info: ===> TimeStamp : 2024-12-09 16:18:57===> API : null ===> Message : validRequest() :: Api validated Successfully
info: ===> TimeStamp : 2024-12-09 16:18:57===> API : /api/auth/login ===> Message : loginUser() invoked!!
info: ===> TimeStamp : 2024-12-09 16:18:57===> API : /api/auth/login ===> Message : loginUser() :: Request Object :: [object Object]
info: ===> TimeStamp : 2024-12-09 16:18:57===> API : /api/auth/login ===> Message : loginUserDB() Invoked !
info: ===> TimeStamp : 2024-12-09 16:18:57===> API : /api/auth/login ===> Message : loginUserResponse() invoked!
info: ===> TimeStamp : 2024-12-09 16:18:57===> API : /api/auth/login ===> Message : loginUserResponse() completed
info: ===> TimeStamp : 2024-12-09 16:52:06===> API : null ===> Message : startAuthServer Invoked()
info: ===> TimeStamp : 2024-12-09 16:52:07===> API : null ===> Message : AUTH SERVER running on port 9012
info: ===> TimeStamp : 2024-12-09 17:04:46===> API : null ===> Message : validateRequest() invoked
info: ===> TimeStamp : 2024-12-09 17:04:46===> API : null ===> Message : fetchDBSettings()
info: ===> TimeStamp : 2024-12-09 17:04:46===> API : null ===> Message : validateRequest() Invoked!
info: ===> TimeStamp : 2024-12-09 17:04:46===> API : null ===> Message : validRequest() :: Api validated Successfully
info: ===> TimeStamp : 2024-12-09 17:04:46===> API : /api/auth/validateuser ===> Message : validateUser() invoked!!
info: ===> TimeStamp : 2024-12-09 17:04:46===> API : /api/auth/validateuser ===> Message : validateUser() :: Request Object :: [object Object]
info: ===> TimeStamp : 2024-12-09 17:04:46===> API : /api/auth/validateuser ===> Message : validateUserDB() Invoked !
info: ===> TimeStamp : 2024-12-09 17:04:46===> API : /api/auth/validateuser ===> Message : validateUserResponse() invoked!
info: ===> TimeStamp : 2024-12-09 17:04:46===> API : /api/auth/validateuser ===> Message : validateUserResponse() completed
info: ===> TimeStamp : 2024-12-09 17:04:46===> API : null ===> Message : validateRequest() invoked
info: ===> TimeStamp : 2024-12-09 17:04:46===> API : null ===> Message : fetchDBSettings()
info: ===> TimeStamp : 2024-12-09 17:04:46===> API : null ===> Message : validateRequest() Invoked!
info: ===> TimeStamp : 2024-12-09 17:04:46===> API : null ===> Message : validRequest() :: Api validated Successfully
info: ===> TimeStamp : 2024-12-09 17:04:46===> API : /api/auth/checkIP ===> Message : checkIP() invoked!!
info: ===> TimeStamp : 2024-12-09 17:04:46===> API : /api/auth/checkIP ===> Message : IPs match: 103.225.102.194
info: ===> TimeStamp : 2024-12-09 17:04:46===> API : /api/auth/checkIP ===> Message : checkIPResponse() invoked!
info: ===> TimeStamp : 2024-12-09 17:04:46===> API : /api/auth/checkIP ===> Message : checkIPResponse() completed
info: ===> TimeStamp : 2024-12-09 17:04:46===> API : null ===> Message : validateRequest() invoked
info: ===> TimeStamp : 2024-12-09 17:04:46===> API : null ===> Message : fetchDBSettings()
info: ===> TimeStamp : 2024-12-09 17:04:46===> API : null ===> Message : validateRequest() Invoked!
info: ===> TimeStamp : 2024-12-09 17:04:46===> API : null ===> Message : validRequest() :: Api validated Successfully
info: ===> TimeStamp : 2024-12-09 17:04:46===> API : /api/auth/login ===> Message : loginUser() invoked!!
info: ===> TimeStamp : 2024-12-09 17:04:46===> API : /api/auth/login ===> Message : loginUser() :: Request Object :: [object Object]
info: ===> TimeStamp : 2024-12-09 17:04:46===> API : /api/auth/login ===> Message : loginUserDB() Invoked !
info: ===> TimeStamp : 2024-12-09 17:04:46===> API : /api/auth/login ===> Message : loginUserResponse() invoked!
info: ===> TimeStamp : 2024-12-09 17:04:46===> API : /api/auth/login ===> Message : loginUserResponse() completed
info: ===> TimeStamp : 2024-12-09 17:19:08===> API : null ===> Message : validateRequest() invoked
info: ===> TimeStamp : 2024-12-09 17:19:08===> API : null ===> Message : fetchDBSettings()
info: ===> TimeStamp : 2024-12-09 17:19:08===> API : null ===> Message : validateRequest() Invoked!
info: ===> TimeStamp : 2024-12-09 17:19:08===> API : null ===> Message : validRequest() :: Api validated Successfully
info: ===> TimeStamp : 2024-12-09 17:19:08===> API : /api/auth/validateuser ===> Message : validateUser() invoked!!
info: ===> TimeStamp : 2024-12-09 17:19:08===> API : /api/auth/validateuser ===> Message : validateUser() :: Request Object :: [object Object]
info: ===> TimeStamp : 2024-12-09 17:19:08===> API : /api/auth/validateuser ===> Message : validateUserDB() Invoked !
info: ===> TimeStamp : 2024-12-09 17:19:08===> API : /api/auth/validateuser ===> Message : validateUserResponse() invoked!
info: ===> TimeStamp : 2024-12-09 17:19:08===> API : /api/auth/validateuser ===> Message : validateUserResponse() completed
info: ===> TimeStamp : 2024-12-09 17:19:08===> API : null ===> Message : validateRequest() invoked
info: ===> TimeStamp : 2024-12-09 17:19:08===> API : null ===> Message : fetchDBSettings()
info: ===> TimeStamp : 2024-12-09 17:19:08===> API : null ===> Message : validateRequest() Invoked!
info: ===> TimeStamp : 2024-12-09 17:19:08===> API : null ===> Message : validRequest() :: Api validated Successfully
info: ===> TimeStamp : 2024-12-09 17:19:08===> API : /api/auth/login ===> Message : loginUser() invoked!!
info: ===> TimeStamp : 2024-12-09 17:19:08===> API : /api/auth/login ===> Message : loginUser() :: Request Object :: [object Object]
info: ===> TimeStamp : 2024-12-09 17:19:08===> API : /api/auth/login ===> Message : loginUserDB() Invoked !
info: ===> TimeStamp : 2024-12-09 17:19:08===> API : /api/auth/login ===> Message : loginUserResponse() invoked!
info: ===> TimeStamp : 2024-12-09 17:19:08===> API : /api/auth/login ===> Message : loginUserResponse() completed
info: ===> TimeStamp : 2024-12-09 17:21:44===> API : null ===> Message : validateRequest() invoked
info: ===> TimeStamp : 2024-12-09 17:21:44===> API : null ===> Message : fetchDBSettings()
info: ===> TimeStamp : 2024-12-09 17:21:44===> API : null ===> Message : validateRequest() Invoked!
info: ===> TimeStamp : 2024-12-09 17:21:44===> API : null ===> Message : validRequest() :: Api validated Successfully
info: ===> TimeStamp : 2024-12-09 17:21:44===> API : /api/auth/validateuser ===> Message : validateUser() invoked!!
info: ===> TimeStamp : 2024-12-09 17:21:44===> API : /api/auth/validateuser ===> Message : validateUser() :: Request Object :: [object Object]
info: ===> TimeStamp : 2024-12-09 17:21:44===> API : /api/auth/validateuser ===> Message : validateUserDB() Invoked !
info: ===> TimeStamp : 2024-12-09 17:21:44===> API : /api/auth/validateuser ===> Message : validateUserDB() :: Error :: {"code":"ER_SIGNAL_EXCEPTION","errno":1644,"sqlState":"10005","sqlMessage":"User Does Not Exist","sql":"CALL usp_validate_user('starlihht', '9650')"}
info: ===> TimeStamp : 2024-12-09 17:21:44===> API : /api/auth/validateuser ===> Message : validateUserDBResult :: Error :: {"ErrorCode":10005,"ErrorMessage":"User Does Not Exist"}
info: ===> TimeStamp : 2024-12-09 17:21:44===> API : /api/auth/validateuser ===> Message : validateUserResponse() invoked!
info: ===> TimeStamp : 2024-12-09 17:21:44===> API : /api/auth/validateuser ===> Message : validateUserResponse() completed
info: ===> TimeStamp : 2024-12-09 17:21:52===> API : null ===> Message : validateRequest() invoked
info: ===> TimeStamp : 2024-12-09 17:21:52===> API : null ===> Message : fetchDBSettings()
info: ===> TimeStamp : 2024-12-09 17:21:52===> API : null ===> Message : validateRequest() Invoked!
info: ===> TimeStamp : 2024-12-09 17:21:52===> API : null ===> Message : validRequest() :: Api validated Successfully
info: ===> TimeStamp : 2024-12-09 17:21:52===> API : /api/auth/validateuser ===> Message : validateUser() invoked!!
info: ===> TimeStamp : 2024-12-09 17:21:52===> API : /api/auth/validateuser ===> Message : validateUser() :: Request Object :: [object Object]
info: ===> TimeStamp : 2024-12-09 17:21:52===> API : /api/auth/validateuser ===> Message : validateUserDB() Invoked !
info: ===> TimeStamp : 2024-12-09 17:21:52===> API : /api/auth/validateuser ===> Message : validateUserResponse() invoked!
info: ===> TimeStamp : 2024-12-09 17:21:52===> API : /api/auth/validateuser ===> Message : validateUserResponse() completed
info: ===> TimeStamp : 2024-12-09 17:21:52===> API : null ===> Message : validateRequest() invoked
info: ===> TimeStamp : 2024-12-09 17:21:52===> API : null ===> Message : fetchDBSettings()
info: ===> TimeStamp : 2024-12-09 17:21:52===> API : null ===> Message : validateRequest() Invoked!
info: ===> TimeStamp : 2024-12-09 17:21:52===> API : null ===> Message : validRequest() :: Api validated Successfully
info: ===> TimeStamp : 2024-12-09 17:21:52===> API : /api/auth/login ===> Message : loginUser() invoked!!
info: ===> TimeStamp : 2024-12-09 17:21:52===> API : /api/auth/login ===> Message : loginUser() :: Request Object :: [object Object]
info: ===> TimeStamp : 2024-12-09 17:21:52===> API : /api/auth/login ===> Message : loginUserDB() Invoked !
info: ===> TimeStamp : 2024-12-09 17:21:52===> API : /api/auth/login ===> Message : loginUserResponse() invoked!
info: ===> TimeStamp : 2024-12-09 17:21:52===> API : /api/auth/login ===> Message : loginUserResponse() completed
info: ===> TimeStamp : 2024-12-09 17:35:20===> API : null ===> Message : validateRequest() invoked
info: ===> TimeStamp : 2024-12-09 17:35:20===> API : null ===> Message : fetchDBSettings()
info: ===> TimeStamp : 2024-12-09 17:35:20===> API : null ===> Message : validateRequest() Invoked!
info: ===> TimeStamp : 2024-12-09 17:35:20===> API : null ===> Message : validRequest() :: Api validated Successfully
info: ===> TimeStamp : 2024-12-09 17:35:20===> API : /api/auth/validateuser ===> Message : validateUser() invoked!!
info: ===> TimeStamp : 2024-12-09 17:35:20===> API : /api/auth/validateuser ===> Message : validateUser() :: Request Object :: [object Object]
info: ===> TimeStamp : 2024-12-09 17:35:20===> API : /api/auth/validateuser ===> Message : validateUserDB() Invoked !
info: ===> TimeStamp : 2024-12-09 17:35:20===> API : /api/auth/validateuser ===> Message : validateUserResponse() invoked!
info: ===> TimeStamp : 2024-12-09 17:35:20===> API : /api/auth/validateuser ===> Message : validateUserResponse() completed
info: ===> TimeStamp : 2024-12-09 17:35:20===> API : null ===> Message : validateRequest() invoked
info: ===> TimeStamp : 2024-12-09 17:35:20===> API : null ===> Message : fetchDBSettings()
info: ===> TimeStamp : 2024-12-09 17:35:20===> API : null ===> Message : validateRequest() Invoked!
info: ===> TimeStamp : 2024-12-09 17:35:20===> API : null ===> Message : validRequest() :: Api validated Successfully
info: ===> TimeStamp : 2024-12-09 17:35:20===> API : /api/auth/checkIP ===> Message : checkIP() invoked!!
info: ===> TimeStamp : 2024-12-09 17:35:20===> API : /api/auth/checkIP ===> Message : IPs match: 103.225.102.194
info: ===> TimeStamp : 2024-12-09 17:35:20===> API : /api/auth/checkIP ===> Message : checkIPResponse() invoked!
info: ===> TimeStamp : 2024-12-09 17:35:20===> API : /api/auth/checkIP ===> Message : checkIPResponse() completed
info: ===> TimeStamp : 2024-12-09 17:35:20===> API : null ===> Message : validateRequest() invoked
info: ===> TimeStamp : 2024-12-09 17:35:20===> API : null ===> Message : fetchDBSettings()
info: ===> TimeStamp : 2024-12-09 17:35:20===> API : null ===> Message : validateRequest() Invoked!
info: ===> TimeStamp : 2024-12-09 17:35:20===> API : null ===> Message : validRequest() :: Api validated Successfully
info: ===> TimeStamp : 2024-12-09 17:35:20===> API : /api/auth/login ===> Message : loginUser() invoked!!
info: ===> TimeStamp : 2024-12-09 17:35:20===> API : /api/auth/login ===> Message : loginUser() :: Request Object :: [object Object]
info: ===> TimeStamp : 2024-12-09 17:35:20===> API : /api/auth/login ===> Message : loginUserDB() Invoked !
info: ===> TimeStamp : 2024-12-09 17:35:20===> API : /api/auth/login ===> Message : loginUserResponse() invoked!
info: ===> TimeStamp : 2024-12-09 17:35:20===> API : /api/auth/login ===> Message : loginUserResponse() completed
info: ===> TimeStamp : 2024-12-09 17:39:36===> API : null ===> Message : validateRequest() invoked
info: ===> TimeStamp : 2024-12-09 17:39:36===> API : null ===> Message : fetchDBSettings()
info: ===> TimeStamp : 2024-12-09 17:39:36===> API : null ===> Message : validateRequest() Invoked!
info: ===> TimeStamp : 2024-12-09 17:39:36===> API : /api/auth/validateuser ===> Message : validateUserDB() Invoked !
info: ===> TimeStamp : 2024-12-09 17:39:36===> API : /api/auth/validateuser ===> Message : validateUser() invoked!!
info: ===> TimeStamp : 2024-12-09 17:39:36===> API : null ===> Message : validRequest() :: Api validated Successfully
info: ===> TimeStamp : 2024-12-09 17:39:36===> API : /api/auth/validateuser ===> Message : validateUser() :: Request Object :: [object Object]
info: ===> TimeStamp : 2024-12-09 17:39:36===> API : /api/auth/validateuser ===> Message : validateUserResponse() invoked!
info: ===> TimeStamp : 2024-12-09 17:39:36===> API : /api/auth/validateuser ===> Message : validateUserResponse() completed
info: ===> TimeStamp : 2024-12-09 17:39:36===> API : null ===> Message : validateRequest() invoked
info: ===> TimeStamp : 2024-12-09 17:39:36===> API : null ===> Message : fetchDBSettings()
info: ===> TimeStamp : 2024-12-09 17:39:36===> API : null ===> Message : validateRequest() Invoked!
info: ===> TimeStamp : 2024-12-09 17:39:36===> API : null ===> Message : validRequest() :: Api validated Successfully
info: ===> TimeStamp : 2024-12-09 17:39:36===> API : /api/auth/login ===> Message : loginUser() invoked!!
info: ===> TimeStamp : 2024-12-09 17:39:36===> API : /api/auth/login ===> Message : loginUser() :: Request Object :: [object Object]
info: ===> TimeStamp : 2024-12-09 17:39:36===> API : /api/auth/login ===> Message : loginUserDB() Invoked !
info: ===> TimeStamp : 2024-12-09 17:39:36===> API : /api/auth/login ===> Message : loginUserResponse() invoked!
info: ===> TimeStamp : 2024-12-09 17:39:36===> API : /api/auth/login ===> Message : loginUserResponse() completed
info: ===> TimeStamp : 2024-12-09 17:42:45===> API : null ===> Message : validateRequest() invoked
info: ===> TimeStamp : 2024-12-09 17:42:45===> API : null ===> Message : fetchDBSettings()
info: ===> TimeStamp : 2024-12-09 17:42:45===> API : null ===> Message : validateRequest() Invoked!
info: ===> TimeStamp : 2024-12-09 17:42:45===> API : null ===> Message : validRequest() :: Api validated Successfully
info: ===> TimeStamp : 2024-12-09 17:42:45===> API : /api/auth/validateuser ===> Message : validateUser() invoked!!
info: ===> TimeStamp : 2024-12-09 17:42:45===> API : /api/auth/validateuser ===> Message : validateUser() :: Request Object :: [object Object]
info: ===> TimeStamp : 2024-12-09 17:42:45===> API : /api/auth/validateuser ===> Message : validateUserDB() Invoked !
info: ===> TimeStamp : 2024-12-09 17:42:45===> API : /api/auth/validateuser ===> Message : validateUserResponse() invoked!
info: ===> TimeStamp : 2024-12-09 17:42:45===> API : /api/auth/validateuser ===> Message : validateUserResponse() completed
info: ===> TimeStamp : 2024-12-09 17:42:45===> API : null ===> Message : validateRequest() invoked
info: ===> TimeStamp : 2024-12-09 17:42:45===> API : null ===> Message : fetchDBSettings()
info: ===> TimeStamp : 2024-12-09 17:42:45===> API : null ===> Message : validateRequest() Invoked!
info: ===> TimeStamp : 2024-12-09 17:42:45===> API : null ===> Message : validRequest() :: Api validated Successfully
info: ===> TimeStamp : 2024-12-09 17:42:45===> API : /api/auth/login ===> Message : loginUser() invoked!!
info: ===> TimeStamp : 2024-12-09 17:42:45===> API : /api/auth/login ===> Message : loginUser() :: Request Object :: [object Object]
info: ===> TimeStamp : 2024-12-09 17:42:45===> API : /api/auth/login ===> Message : loginUserDB() Invoked !
info: ===> TimeStamp : 2024-12-09 17:42:46===> API : /api/auth/login ===> Message : loginUserResponse() invoked!
info: ===> TimeStamp : 2024-12-09 17:42:46===> API : /api/auth/login ===> Message : loginUserResponse() completed
info: ===> TimeStamp : 2024-12-09 17:44:47===> API : null ===> Message : validateRequest() invoked
info: ===> TimeStamp : 2024-12-09 17:44:47===> API : null ===> Message : fetchDBSettings()
info: ===> TimeStamp : 2024-12-09 17:44:47===> API : null ===> Message : validateRequest() Invoked!
info: ===> TimeStamp : 2024-12-09 17:44:47===> API : null ===> Message : validRequest() :: Api validated Successfully
info: ===> TimeStamp : 2024-12-09 17:44:47===> API : /api/auth/validateuser ===> Message : validateUser() invoked!!
info: ===> TimeStamp : 2024-12-09 17:44:47===> API : /api/auth/validateuser ===> Message : validateUser() :: Request Object :: [object Object]
info: ===> TimeStamp : 2024-12-09 17:44:47===> API : /api/auth/validateuser ===> Message : validateUserDB() Invoked !
info: ===> TimeStamp : 2024-12-09 17:44:47===> API : /api/auth/validateuser ===> Message : validateUserResponse() invoked!
info: ===> TimeStamp : 2024-12-09 17:44:47===> API : /api/auth/validateuser ===> Message : validateUserResponse() completed
info: ===> TimeStamp : 2024-12-09 17:44:47===> API : null ===> Message : validateRequest() invoked
info: ===> TimeStamp : 2024-12-09 17:44:47===> API : null ===> Message : fetchDBSettings()
info: ===> TimeStamp : 2024-12-09 17:44:47===> API : null ===> Message : validateRequest() Invoked!
info: ===> TimeStamp : 2024-12-09 17:44:47===> API : null ===> Message : validRequest() :: Api validated Successfully
info: ===> TimeStamp : 2024-12-09 17:44:47===> API : /api/auth/login ===> Message : loginUser() invoked!!
info: ===> TimeStamp : 2024-12-09 17:44:47===> API : /api/auth/login ===> Message : loginUser() :: Request Object :: [object Object]
info: ===> TimeStamp : 2024-12-09 17:44:47===> API : /api/auth/login ===> Message : loginUserDB() Invoked !
info: ===> TimeStamp : 2024-12-09 17:44:47===> API : /api/auth/login ===> Message : loginUserResponse() invoked!
info: ===> TimeStamp : 2024-12-09 17:44:47===> API : /api/auth/login ===> Message : loginUserResponse() completed
info: ===> TimeStamp : 2024-12-09 18:02:28===> API : null ===> Message : validateRequest() invoked
info: ===> TimeStamp : 2024-12-09 18:02:28===> API : null ===> Message : fetchDBSettings()
info: ===> TimeStamp : 2024-12-09 18:02:28===> API : null ===> Message : validateRequest() Invoked!
info: ===> TimeStamp : 2024-12-09 18:02:28===> API : null ===> Message : validRequest() :: Api validated Successfully
info: ===> TimeStamp : 2024-12-09 18:02:28===> API : /api/auth/validateuser ===> Message : validateUser() invoked!!
info: ===> TimeStamp : 2024-12-09 18:02:28===> API : /api/auth/validateuser ===> Message : validateUser() :: Request Object :: [object Object]
info: ===> TimeStamp : 2024-12-09 18:02:28===> API : /api/auth/validateuser ===> Message : validateUserDB() Invoked !
info: ===> TimeStamp : 2024-12-09 18:02:28===> API : /api/auth/validateuser ===> Message : validateUserResponse() invoked!
info: ===> TimeStamp : 2024-12-09 18:02:28===> API : /api/auth/validateuser ===> Message : validateUserResponse() completed
info: ===> TimeStamp : 2024-12-09 18:02:28===> API : null ===> Message : validateRequest() invoked
info: ===> TimeStamp : 2024-12-09 18:02:28===> API : null ===> Message : fetchDBSettings()
info: ===> TimeStamp : 2024-12-09 18:02:28===> API : null ===> Message : validateRequest() Invoked!
info: ===> TimeStamp : 2024-12-09 18:02:28===> API : null ===> Message : validRequest() :: Api validated Successfully
info: ===> TimeStamp : 2024-12-09 18:02:28===> API : /api/auth/login ===> Message : loginUser() invoked!!
info: ===> TimeStamp : 2024-12-09 18:02:28===> API : /api/auth/login ===> Message : loginUser() :: Request Object :: [object Object]
info: ===> TimeStamp : 2024-12-09 18:02:28===> API : /api/auth/login ===> Message : loginUserDB() Invoked !
info: ===> TimeStamp : 2024-12-09 18:02:28===> API : /api/auth/login ===> Message : loginUserResponse() invoked!
info: ===> TimeStamp : 2024-12-09 18:02:28===> API : /api/auth/login ===> Message : loginUserResponse() completed
info: ===> TimeStamp : 2024-12-09 18:02:32===> API : null ===> Message : validateRequest() invoked
info: ===> TimeStamp : 2024-12-09 18:02:32===> API : null ===> Message : fetchDBSettings()
info: ===> TimeStamp : 2024-12-09 18:02:32===> API : null ===> Message : validateRequest() Invoked!
info: ===> TimeStamp : 2024-12-09 18:02:32===> API : null ===> Message : validRequest() :: Api validated Successfully
info: ===> TimeStamp : 2024-12-09 18:02:32===> API : /api/auth/logout ===> Message : logoutUser() invoked!!
info: ===> TimeStamp : 2024-12-09 18:02:32===> API : /api/auth/logout ===> Message : logoutUser() :: Request Object :: [object Object]
info: ===> TimeStamp : 2024-12-09 18:02:32===> API : /api/auth/logout ===> Message : logoutUserDB() Invoked !
info: ===> TimeStamp : 2024-12-09 18:02:32===> API : /api/auth/logout ===> Message : logoutUserResponse() invoked!
info: ===> TimeStamp : 2024-12-09 18:02:32===> API : /api/auth/logout ===> Message : logoutUserResponse() completed
info: ===> TimeStamp : 2024-12-09 18:02:36===> API : null ===> Message : validateRequest() invoked
info: ===> TimeStamp : 2024-12-09 18:02:36===> API : null ===> Message : fetchDBSettings()
info: ===> TimeStamp : 2024-12-09 18:02:36===> API : null ===> Message : validateRequest() Invoked!
info: ===> TimeStamp : 2024-12-09 18:02:36===> API : null ===> Message : validRequest() :: Api validated Successfully
info: ===> TimeStamp : 2024-12-09 18:02:36===> API : /api/auth/validateuser ===> Message : validateUser() invoked!!
info: ===> TimeStamp : 2024-12-09 18:02:36===> API : /api/auth/validateuser ===> Message : validateUser() :: Request Object :: [object Object]
info: ===> TimeStamp : 2024-12-09 18:02:36===> API : /api/auth/validateuser ===> Message : validateUserDB() Invoked !
info: ===> TimeStamp : 2024-12-09 18:02:36===> API : /api/auth/validateuser ===> Message : validateUserResponse() invoked!
info: ===> TimeStamp : 2024-12-09 18:02:36===> API : /api/auth/validateuser ===> Message : validateUserResponse() completed
info: ===> TimeStamp : 2024-12-09 18:02:36===> API : null ===> Message : validateRequest() invoked
info: ===> TimeStamp : 2024-12-09 18:02:36===> API : null ===> Message : fetchDBSettings()
info: ===> TimeStamp : 2024-12-09 18:02:36===> API : null ===> Message : validateRequest() Invoked!
info: ===> TimeStamp : 2024-12-09 18:02:36===> API : null ===> Message : validRequest() :: Api validated Successfully
info: ===> TimeStamp : 2024-12-09 18:02:36===> API : /api/auth/login ===> Message : loginUser() invoked!!
info: ===> TimeStamp : 2024-12-09 18:02:36===> API : /api/auth/login ===> Message : loginUser() :: Request Object :: [object Object]
info: ===> TimeStamp : 2024-12-09 18:02:36===> API : /api/auth/login ===> Message : loginUserDB() Invoked !
info: ===> TimeStamp : 2024-12-09 18:02:36===> API : /api/auth/login ===> Message : loginUserResponse() invoked!
info: ===> TimeStamp : 2024-12-09 18:02:36===> API : /api/auth/login ===> Message : loginUserResponse() completed
info: ===> TimeStamp : 2024-12-09 18:06:15===> API : null ===> Message : validateRequest() invoked
info: ===> TimeStamp : 2024-12-09 18:06:15===> API : null ===> Message : fetchDBSettings()
info: ===> TimeStamp : 2024-12-09 18:06:15===> API : null ===> Message : validateRequest() Invoked!
info: ===> TimeStamp : 2024-12-09 18:06:15===> API : null ===> Message : validRequest() :: Api validated Successfully
info: ===> TimeStamp : 2024-12-09 18:06:15===> API : /api/auth/validateuser ===> Message : validateUser() invoked!!
info: ===> TimeStamp : 2024-12-09 18:06:15===> API : /api/auth/validateuser ===> Message : validateUser() :: Request Object :: [object Object]
info: ===> TimeStamp : 2024-12-09 18:06:15===> API : /api/auth/validateuser ===> Message : validateUserDB() Invoked !
info: ===> TimeStamp : 2024-12-09 18:06:15===> API : /api/auth/validateuser ===> Message : validateUserResponse() invoked!
info: ===> TimeStamp : 2024-12-09 18:06:15===> API : /api/auth/validateuser ===> Message : validateUserResponse() completed
info: ===> TimeStamp : 2024-12-09 18:06:17===> API : null ===> Message : validateRequest() invoked
info: ===> TimeStamp : 2024-12-09 18:06:17===> API : null ===> Message : fetchDBSettings()
info: ===> TimeStamp : 2024-12-09 18:06:17===> API : null ===> Message : validateRequest() Invoked!
info: ===> TimeStamp : 2024-12-09 18:06:17===> API : null ===> Message : validRequest() :: Api validated Successfully
info: ===> TimeStamp : 2024-12-09 18:06:17===> API : /api/auth/login ===> Message : loginUser() invoked!!
info: ===> TimeStamp : 2024-12-09 18:06:17===> API : /api/auth/login ===> Message : loginUser() :: Request Object :: [object Object]
info: ===> TimeStamp : 2024-12-09 18:06:17===> API : /api/auth/login ===> Message : loginUserDB() Invoked !
info: ===> TimeStamp : 2024-12-09 18:06:17===> API : /api/auth/login ===> Message : loginUserResponse() invoked!
info: ===> TimeStamp : 2024-12-09 18:06:17===> API : /api/auth/login ===> Message : loginUserResponse() completed
info: ===> TimeStamp : 2024-12-09 18:06:30===> API : null ===> Message : validateRequest() invoked
info: ===> TimeStamp : 2024-12-09 18:06:30===> API : null ===> Message : fetchDBSettings()
info: ===> TimeStamp : 2024-12-09 18:06:30===> API : null ===> Message : validateRequest() Invoked!
info: ===> TimeStamp : 2024-12-09 18:06:30===> API : null ===> Message : validRequest() :: Api validated Successfully
info: ===> TimeStamp : 2024-12-09 18:06:30===> API : /api/auth/logout ===> Message : logoutUser() invoked!!
info: ===> TimeStamp : 2024-12-09 18:06:30===> API : /api/auth/logout ===> Message : logoutUser() :: Request Object :: [object Object]
info: ===> TimeStamp : 2024-12-09 18:06:30===> API : /api/auth/logout ===> Message : logoutUserDB() Invoked !
info: ===> TimeStamp : 2024-12-09 18:06:30===> API : /api/auth/logout ===> Message : logoutUserResponse() invoked!
info: ===> TimeStamp : 2024-12-09 18:06:30===> API : /api/auth/logout ===> Message : logoutUserResponse() completed
info: ===> TimeStamp : 2024-12-09 18:46:08===> API : null ===> Message : validateRequest() invoked
info: ===> TimeStamp : 2024-12-09 18:46:08===> API : null ===> Message : fetchDBSettings()
info: ===> TimeStamp : 2024-12-09 18:46:08===> API : null ===> Message : validateRequest() Invoked!
info: ===> TimeStamp : 2024-12-09 18:46:08===> API : null ===> Message : validRequest() :: Api validated Successfully
info: ===> TimeStamp : 2024-12-09 18:46:08===> API : /api/auth/validateuser ===> Message : validateUserResponse() invoked!
info: ===> TimeStamp : 2024-12-09 18:46:08===> API : /api/auth/validateuser ===> Message : validateUserDB() Invoked !
info: ===> TimeStamp : 2024-12-09 18:46:08===> API : /api/auth/validateuser ===> Message : validateUserResponse() completed
info: ===> TimeStamp : 2024-12-09 18:46:08===> API : /api/auth/validateuser ===> Message : validateUser() invoked!!
info: ===> TimeStamp : 2024-12-09 18:46:08===> API : /api/auth/validateuser ===> Message : validateUser() :: Request Object :: [object Object]
info: ===> TimeStamp : 2024-12-09 18:46:09===> API : null ===> Message : validateRequest() invoked
info: ===> TimeStamp : 2024-12-09 18:46:09===> API : null ===> Message : fetchDBSettings()
info: ===> TimeStamp : 2024-12-09 18:46:09===> API : null ===> Message : validateRequest() Invoked!
info: ===> TimeStamp : 2024-12-09 18:46:09===> API : null ===> Message : validRequest() :: Api validated Successfully
info: ===> TimeStamp : 2024-12-09 18:46:09===> API : /api/auth/login ===> Message : loginUser() invoked!!
info: ===> TimeStamp : 2024-12-09 18:46:09===> API : /api/auth/login ===> Message : loginUser() :: Request Object :: [object Object]
info: ===> TimeStamp : 2024-12-09 18:46:09===> API : /api/auth/login ===> Message : loginUserDB() Invoked !
info: ===> TimeStamp : 2024-12-09 18:46:09===> API : /api/auth/login ===> Message : loginUserResponse() invoked!
info: ===> TimeStamp : 2024-12-09 18:46:09===> API : /api/auth/login ===> Message : loginUserResponse() completed
info: ===> TimeStamp : 2024-12-09 18:55:29===> API : null ===> Message : validateRequest() invoked
info: ===> TimeStamp : 2024-12-09 18:55:29===> API : null ===> Message : fetchDBSettings()
info: ===> TimeStamp : 2024-12-09 18:55:29===> API : null ===> Message : validateRequest() Invoked!
info: ===> TimeStamp : 2024-12-09 18:55:30===> API : null ===> Message : validRequest() :: Api validated Successfully
info: ===> TimeStamp : 2024-12-09 18:55:30===> API : /api/auth/validateuser ===> Message : validateUser() invoked!!
info: ===> TimeStamp : 2024-12-09 18:55:30===> API : /api/auth/validateuser ===> Message : validateUser() :: Request Object :: [object Object]
info: ===> TimeStamp : 2024-12-09 18:55:30===> API : /api/auth/validateuser ===> Message : validateUserDB() Invoked !
info: ===> TimeStamp : 2024-12-09 18:55:30===> API : /api/auth/validateuser ===> Message : validateUserResponse() invoked!
info: ===> TimeStamp : 2024-12-09 18:55:30===> API : /api/auth/validateuser ===> Message : validateUserResponse() completed
info: ===> TimeStamp : 2024-12-09 18:55:30===> API : null ===> Message : validateRequest() invoked
info: ===> TimeStamp : 2024-12-09 18:55:30===> API : null ===> Message : fetchDBSettings()
info: ===> TimeStamp : 2024-12-09 18:55:30===> API : null ===> Message : validateRequest() Invoked!
info: ===> TimeStamp : 2024-12-09 18:55:30===> API : null ===> Message : validRequest() :: Api validated Successfully
info: ===> TimeStamp : 2024-12-09 18:55:30===> API : /api/auth/login ===> Message : loginUser() invoked!!
info: ===> TimeStamp : 2024-12-09 18:55:30===> API : /api/auth/login ===> Message : loginUser() :: Request Object :: [object Object]
info: ===> TimeStamp : 2024-12-09 18:55:30===> API : /api/auth/login ===> Message : loginUserDB() Invoked !
info: ===> TimeStamp : 2024-12-09 18:55:30===> API : /api/auth/login ===> Message : loginUserResponse() invoked!
info: ===> TimeStamp : 2024-12-09 18:55:30===> API : /api/auth/login ===> Message : loginUserResponse() completed
info: ===> TimeStamp : 2024-12-09 19:02:35===> API : null ===> Message : validateRequest() invoked
info: ===> TimeStamp : 2024-12-09 19:02:35===> API : null ===> Message : fetchDBSettings()
info: ===> TimeStamp : 2024-12-09 19:02:35===> API : null ===> Message : validateRequest() Invoked!
info: ===> TimeStamp : 2024-12-09 19:02:35===> API : null ===> Message : validRequest() :: Api validated Successfully
info: ===> TimeStamp : 2024-12-09 19:02:35===> API : /api/auth/validateuser ===> Message : validateUser() invoked!!
info: ===> TimeStamp : 2024-12-09 19:02:35===> API : /api/auth/validateuser ===> Message : validateUser() :: Request Object :: [object Object]
info: ===> TimeStamp : 2024-12-09 19:02:35===> API : /api/auth/validateuser ===> Message : validateUserDB() Invoked !
info: ===> TimeStamp : 2024-12-09 19:02:35===> API : /api/auth/validateuser ===> Message : validateUserResponse() invoked!
info: ===> TimeStamp : 2024-12-09 19:02:35===> API : /api/auth/validateuser ===> Message : validateUserResponse() completed
info: ===> TimeStamp : 2024-12-09 19:02:35===> API : null ===> Message : validateRequest() invoked
info: ===> TimeStamp : 2024-12-09 19:02:35===> API : null ===> Message : fetchDBSettings()
info: ===> TimeStamp : 2024-12-09 19:02:35===> API : null ===> Message : validateRequest() Invoked!
info: ===> TimeStamp : 2024-12-09 19:02:35===> API : null ===> Message : validRequest() :: Api validated Successfully
info: ===> TimeStamp : 2024-12-09 19:02:35===> API : /api/auth/login ===> Message : loginUser() invoked!!
info: ===> TimeStamp : 2024-12-09 19:02:35===> API : /api/auth/login ===> Message : loginUser() :: Request Object :: [object Object]
info: ===> TimeStamp : 2024-12-09 19:02:35===> API : /api/auth/login ===> Message : loginUserDB() Invoked !
info: ===> TimeStamp : 2024-12-09 19:02:35===> API : /api/auth/login ===> Message : loginUserResponse() invoked!
info: ===> TimeStamp : 2024-12-09 19:02:35===> API : /api/auth/login ===> Message : loginUserResponse() completed
info: ===> TimeStamp : 2024-12-09 19:58:03===> API : null ===> Message : validateRequest() invoked
info: ===> TimeStamp : 2024-12-09 19:58:03===> API : null ===> Message : fetchDBSettings()
info: ===> TimeStamp : 2024-12-09 19:58:03===> API : null ===> Message : validateRequest() Invoked!
info: ===> TimeStamp : 2024-12-09 19:58:03===> API : /api/auth/validateuser ===> Message : validateUser() invoked!!
info: ===> TimeStamp : 2024-12-09 19:58:03===> API : null ===> Message : validRequest() :: Api validated Successfully
info: ===> TimeStamp : 2024-12-09 19:58:03===> API : /api/auth/validateuser ===> Message : validateUser() :: Request Object :: [object Object]
info: ===> TimeStamp : 2024-12-09 19:58:03===> API : /api/auth/validateuser ===> Message : validateUserDB() Invoked !
info: ===> TimeStamp : 2024-12-09 19:58:03===> API : /api/auth/validateuser ===> Message : validateUserResponse() invoked!
info: ===> TimeStamp : 2024-12-09 19:58:03===> API : /api/auth/validateuser ===> Message : validateUserResponse() completed
info: ===> TimeStamp : 2024-12-09 19:58:03===> API : null ===> Message : validateRequest() invoked
info: ===> TimeStamp : 2024-12-09 19:58:03===> API : null ===> Message : fetchDBSettings()
info: ===> TimeStamp : 2024-12-09 19:58:03===> API : null ===> Message : validateRequest() Invoked!
info: ===> TimeStamp : 2024-12-09 19:58:03===> API : null ===> Message : validRequest() :: Api validated Successfully
info: ===> TimeStamp : 2024-12-09 19:58:03===> API : /api/auth/checkIP ===> Message : checkIP() invoked!!
info: ===> TimeStamp : 2024-12-09 19:58:03===> API : /api/auth/checkIP ===> Message : IPs match: 103.225.102.194
info: ===> TimeStamp : 2024-12-09 19:58:03===> API : /api/auth/checkIP ===> Message : checkIPResponse() invoked!
info: ===> TimeStamp : 2024-12-09 19:58:03===> API : /api/auth/checkIP ===> Message : checkIPResponse() completed
info: ===> TimeStamp : 2024-12-09 19:58:04===> API : null ===> Message : validateRequest() invoked
info: ===> TimeStamp : 2024-12-09 19:58:04===> API : null ===> Message : fetchDBSettings()
info: ===> TimeStamp : 2024-12-09 19:58:04===> API : null ===> Message : validateRequest() Invoked!
info: ===> TimeStamp : 2024-12-09 19:58:04===> API : null ===> Message : validRequest() :: Api validated Successfully
info: ===> TimeStamp : 2024-12-09 19:58:04===> API : /api/auth/login ===> Message : loginUser() invoked!!
info: ===> TimeStamp : 2024-12-09 19:58:04===> API : /api/auth/login ===> Message : loginUser() :: Request Object :: [object Object]
info: ===> TimeStamp : 2024-12-09 19:58:04===> API : /api/auth/login ===> Message : loginUserDB() Invoked !
info: ===> TimeStamp : 2024-12-09 19:58:04===> API : /api/auth/login ===> Message : loginUserResponse() invoked!
info: ===> TimeStamp : 2024-12-09 19:58:04===> API : /api/auth/login ===> Message : loginUserResponse() completed
info: ===> TimeStamp : 2024-12-09 21:55:31===> API : null ===> Message : validateRequest() invoked
info: ===> TimeStamp : 2024-12-09 21:55:31===> API : null ===> Message : fetchDBSettings()
info: ===> TimeStamp : 2024-12-09 21:55:31===> API : null ===> Message : validateRequest() Invoked!
info: ===> TimeStamp : 2024-12-09 21:55:31===> API : null ===> Message : validRequest() :: Api validated Successfully
info: ===> TimeStamp : 2024-12-09 21:55:31===> API : /api/auth/logout ===> Message : logoutUser() invoked!!
info: ===> TimeStamp : 2024-12-09 21:55:31===> API : /api/auth/logout ===> Message : logoutUser() :: Request Object :: [object Object]
info: ===> TimeStamp : 2024-12-09 21:55:31===> API : /api/auth/logout ===> Message : logoutUserDB() Invoked !
info: ===> TimeStamp : 2024-12-09 21:55:32===> API : /api/auth/logout ===> Message : logoutUserResponse() invoked!
info: ===> TimeStamp : 2024-12-09 21:55:32===> API : /api/auth/logout ===> Message : logoutUserResponse() completed
info: ===> TimeStamp : 2024-12-09 21:58:33===> API : null ===> Message : validateRequest() invoked
info: ===> TimeStamp : 2024-12-09 21:58:33===> API : null ===> Message : fetchDBSettings()
info: ===> TimeStamp : 2024-12-09 21:58:33===> API : null ===> Message : validateRequest() Invoked!
info: ===> TimeStamp : 2024-12-09 21:58:33===> API : null ===> Message : validRequest() :: Api validated Successfully
info: ===> TimeStamp : 2024-12-09 21:58:33===> API : /api/auth/logout ===> Message : logoutUser() invoked!!
info: ===> TimeStamp : 2024-12-09 21:58:33===> API : /api/auth/logout ===> Message : logoutUser() :: Request Object :: [object Object]
info: ===> TimeStamp : 2024-12-09 21:58:33===> API : /api/auth/logout ===> Message : logoutUserDB() Invoked !
info: ===> TimeStamp : 2024-12-09 21:58:33===> API : /api/auth/logout ===> Message : logoutUserResponse() invoked!
info: ===> TimeStamp : 2024-12-09 21:58:33===> API : /api/auth/logout ===> Message : logoutUserResponse() completed
info: ===> TimeStamp : 2024-12-09 21:58:45===> API : null ===> Message : validateRequest() invoked
info: ===> TimeStamp : 2024-12-09 21:58:45===> API : null ===> Message : fetchDBSettings()
info: ===> TimeStamp : 2024-12-09 21:58:45===> API : null ===> Message : validateRequest() Invoked!
info: ===> TimeStamp : 2024-12-09 21:58:45===> API : null ===> Message : validRequest() :: Api validated Successfully
info: ===> TimeStamp : 2024-12-09 21:58:45===> API : /api/auth/validateuser ===> Message : validateUser() invoked!!
info: ===> TimeStamp : 2024-12-09 21:58:45===> API : /api/auth/validateuser ===> Message : validateUser() :: Request Object :: [object Object]
info: ===> TimeStamp : 2024-12-09 21:58:45===> API : /api/auth/validateuser ===> Message : validateUserDB() Invoked !
info: ===> TimeStamp : 2024-12-09 21:58:45===> API : /api/auth/validateuser ===> Message : validateUserResponse() invoked!
info: ===> TimeStamp : 2024-12-09 21:58:45===> API : /api/auth/validateuser ===> Message : validateUserResponse() completed
info: ===> TimeStamp : 2024-12-09 21:58:45===> API : null ===> Message : validateRequest() invoked
info: ===> TimeStamp : 2024-12-09 21:58:45===> API : null ===> Message : fetchDBSettings()
info: ===> TimeStamp : 2024-12-09 21:58:45===> API : null ===> Message : validateRequest() Invoked!
info: ===> TimeStamp : 2024-12-09 21:58:45===> API : null ===> Message : validRequest() :: Api validated Successfully
info: ===> TimeStamp : 2024-12-09 21:58:45===> API : /api/auth/checkIP ===> Message : checkIP() invoked!!
info: ===> TimeStamp : 2024-12-09 21:58:45===> API : /api/auth/checkIP ===> Message : IPs match: 103.225.102.194
info: ===> TimeStamp : 2024-12-09 21:58:45===> API : /api/auth/checkIP ===> Message : checkIPResponse() invoked!
info: ===> TimeStamp : 2024-12-09 21:58:45===> API : /api/auth/checkIP ===> Message : checkIPResponse() completed
info: ===> TimeStamp : 2024-12-09 21:58:45===> API : null ===> Message : validateRequest() invoked
info: ===> TimeStamp : 2024-12-09 21:58:45===> API : null ===> Message : fetchDBSettings()
info: ===> TimeStamp : 2024-12-09 21:58:45===> API : null ===> Message : validateRequest() Invoked!
info: ===> TimeStamp : 2024-12-09 21:58:45===> API : null ===> Message : validRequest() :: Api validated Successfully
info: ===> TimeStamp : 2024-12-09 21:58:45===> API : /api/auth/login ===> Message : loginUser() invoked!!
info: ===> TimeStamp : 2024-12-09 21:58:45===> API : /api/auth/login ===> Message : loginUser() :: Request Object :: [object Object]
info: ===> TimeStamp : 2024-12-09 21:58:45===> API : /api/auth/login ===> Message : loginUserDB() Invoked !
info: ===> TimeStamp : 2024-12-09 21:58:45===> API : /api/auth/login ===> Message : loginUserResponse() invoked!
info: ===> TimeStamp : 2024-12-09 21:58:45===> API : /api/auth/login ===> Message : loginUserResponse() completed
info: ===> TimeStamp : 2024-12-09 21:59:12===> API : null ===> Message : validateRequest() invoked
info: ===> TimeStamp : 2024-12-09 21:59:12===> API : null ===> Message : fetchDBSettings()
info: ===> TimeStamp : 2024-12-09 21:59:12===> API : null ===> Message : validateRequest() Invoked!
info: ===> TimeStamp : 2024-12-09 21:59:12===> API : null ===> Message : validRequest() :: Api validated Successfully
info: ===> TimeStamp : 2024-12-09 21:59:12===> API : /api/auth/validateuser ===> Message : validateUser() invoked!!
info: ===> TimeStamp : 2024-12-09 21:59:12===> API : /api/auth/validateuser ===> Message : validateUser() :: Request Object :: [object Object]
info: ===> TimeStamp : 2024-12-09 21:59:12===> API : /api/auth/validateuser ===> Message : validateUserDB() Invoked !
info: ===> TimeStamp : 2024-12-09 21:59:12===> API : /api/auth/validateuser ===> Message : validateUserResponse() invoked!
info: ===> TimeStamp : 2024-12-09 21:59:12===> API : /api/auth/validateuser ===> Message : validateUserResponse() completed
info: ===> TimeStamp : 2024-12-09 21:59:12===> API : null ===> Message : validateRequest() invoked
info: ===> TimeStamp : 2024-12-09 21:59:12===> API : null ===> Message : fetchDBSettings()
info: ===> TimeStamp : 2024-12-09 21:59:12===> API : null ===> Message : validateRequest() Invoked!
info: ===> TimeStamp : 2024-12-09 21:59:12===> API : null ===> Message : validRequest() :: Api validated Successfully
info: ===> TimeStamp : 2024-12-09 21:59:12===> API : /api/auth/checkIP ===> Message : checkIP() invoked!!
info: ===> TimeStamp : 2024-12-09 21:59:12===> API : /api/auth/checkIP ===> Message : IPs match: 103.225.102.194
info: ===> TimeStamp : 2024-12-09 21:59:12===> API : /api/auth/checkIP ===> Message : checkIPResponse() invoked!
info: ===> TimeStamp : 2024-12-09 21:59:12===> API : /api/auth/checkIP ===> Message : checkIPResponse() completed
info: ===> TimeStamp : 2024-12-09 21:59:12===> API : null ===> Message : validateRequest() invoked
info: ===> TimeStamp : 2024-12-09 21:59:12===> API : null ===> Message : fetchDBSettings()
info: ===> TimeStamp : 2024-12-09 21:59:12===> API : null ===> Message : validateRequest() Invoked!
info: ===> TimeStamp : 2024-12-09 21:59:13===> API : null ===> Message : validRequest() :: Api validated Successfully
info: ===> TimeStamp : 2024-12-09 21:59:13===> API : /api/auth/login ===> Message : loginUser() invoked!!
info: ===> TimeStamp : 2024-12-09 21:59:13===> API : /api/auth/login ===> Message : loginUser() :: Request Object :: [object Object]
info: ===> TimeStamp : 2024-12-09 21:59:13===> API : /api/auth/login ===> Message : loginUserDB() Invoked !
info: ===> TimeStamp : 2024-12-09 21:59:13===> API : /api/auth/login ===> Message : loginUserResponse() invoked!
info: ===> TimeStamp : 2024-12-09 21:59:13===> API : /api/auth/login ===> Message : loginUserResponse() completed
info: ===> TimeStamp : 2024-12-09 21:59:16===> API : null ===> Message : validateRequest() invoked
info: ===> TimeStamp : 2024-12-09 21:59:16===> API : null ===> Message : fetchDBSettings()
info: ===> TimeStamp : 2024-12-09 21:59:16===> API : null ===> Message : validateRequest() Invoked!
info: ===> TimeStamp : 2024-12-09 21:59:16===> API : null ===> Message : validRequest() :: Api validated Successfully
info: ===> TimeStamp : 2024-12-09 21:59:16===> API : /api/auth/logout ===> Message : logoutUser() invoked!!
info: ===> TimeStamp : 2024-12-09 21:59:16===> API : /api/auth/logout ===> Message : logoutUser() :: Request Object :: [object Object]
info: ===> TimeStamp : 2024-12-09 21:59:16===> API : /api/auth/logout ===> Message : logoutUserDB() Invoked !
info: ===> TimeStamp : 2024-12-09 21:59:16===> API : /api/auth/logout ===> Message : logoutUserResponse() invoked!
info: ===> TimeStamp : 2024-12-09 21:59:16===> API : /api/auth/logout ===> Message : logoutUserResponse() completed
info: ===> TimeStamp : 2024-12-09 21:59:24===> API : null ===> Message : validateRequest() invoked
info: ===> TimeStamp : 2024-12-09 21:59:24===> API : null ===> Message : fetchDBSettings()
info: ===> TimeStamp : 2024-12-09 21:59:24===> API : null ===> Message : validateRequest() Invoked!
info: ===> TimeStamp : 2024-12-09 21:59:24===> API : null ===> Message : validRequest() :: Api validated Successfully
info: ===> TimeStamp : 2024-12-09 21:59:24===> API : /api/auth/validateuser ===> Message : validateUser() invoked!!
info: ===> TimeStamp : 2024-12-09 21:59:24===> API : /api/auth/validateuser ===> Message : validateUser() :: Request Object :: [object Object]
info: ===> TimeStamp : 2024-12-09 21:59:24===> API : /api/auth/validateuser ===> Message : validateUserDB() Invoked !
info: ===> TimeStamp : 2024-12-09 21:59:24===> API : /api/auth/validateuser ===> Message : validateUserResponse() invoked!
info: ===> TimeStamp : 2024-12-09 21:59:24===> API : /api/auth/validateuser ===> Message : validateUserResponse() completed
info: ===> TimeStamp : 2024-12-09 21:59:24===> API : null ===> Message : validateRequest() invoked
info: ===> TimeStamp : 2024-12-09 21:59:24===> API : null ===> Message : fetchDBSettings()
info: ===> TimeStamp : 2024-12-09 21:59:24===> API : null ===> Message : validateRequest() Invoked!
info: ===> TimeStamp : 2024-12-09 21:59:24===> API : null ===> Message : validRequest() :: Api validated Successfully
info: ===> TimeStamp : 2024-12-09 21:59:24===> API : /api/auth/checkIP ===> Message : checkIP() invoked!!
info: ===> TimeStamp : 2024-12-09 21:59:24===> API : /api/auth/checkIP ===> Message : IPs match: 103.225.102.194
info: ===> TimeStamp : 2024-12-09 21:59:24===> API : /api/auth/checkIP ===> Message : checkIPResponse() invoked!
info: ===> TimeStamp : 2024-12-09 21:59:24===> API : /api/auth/checkIP ===> Message : checkIPResponse() completed
info: ===> TimeStamp : 2024-12-09 21:59:24===> API : null ===> Message : validateRequest() invoked
info: ===> TimeStamp : 2024-12-09 21:59:24===> API : null ===> Message : fetchDBSettings()
info: ===> TimeStamp : 2024-12-09 21:59:24===> API : null ===> Message : validateRequest() Invoked!
info: ===> TimeStamp : 2024-12-09 21:59:24===> API : null ===> Message : validRequest() :: Api validated Successfully
info: ===> TimeStamp : 2024-12-09 21:59:24===> API : /api/auth/login ===> Message : loginUser() invoked!!
info: ===> TimeStamp : 2024-12-09 21:59:24===> API : /api/auth/login ===> Message : loginUser() :: Request Object :: [object Object]
info: ===> TimeStamp : 2024-12-09 21:59:24===> API : /api/auth/login ===> Message : loginUserDB() Invoked !
info: ===> TimeStamp : 2024-12-09 21:59:24===> API : /api/auth/login ===> Message : loginUserResponse() invoked!
info: ===> TimeStamp : 2024-12-09 21:59:24===> API : /api/auth/login ===> Message : loginUserResponse() completed
info: ===> TimeStamp : 2024-12-09 22:54:17===> API : null ===> Message : validateRequest() invoked
info: ===> TimeStamp : 2024-12-09 22:54:17===> API : null ===> Message : fetchDBSettings()
info: ===> TimeStamp : 2024-12-09 22:54:17===> API : null ===> Message : validateRequest() Invoked!
info: ===> TimeStamp : 2024-12-09 22:54:17===> API : null ===> Message : validRequest() :: Api validated Successfully
info: ===> TimeStamp : 2024-12-09 22:54:17===> API : /api/auth/validateuser ===> Message : validateUser() invoked!!
info: ===> TimeStamp : 2024-12-09 22:54:17===> API : /api/auth/validateuser ===> Message : validateUser() :: Request Object :: [object Object]
info: ===> TimeStamp : 2024-12-09 22:54:17===> API : /api/auth/validateuser ===> Message : validateUserDB() Invoked !
info: ===> TimeStamp : 2024-12-09 22:54:17===> API : /api/auth/validateuser ===> Message : validateUserResponse() invoked!
info: ===> TimeStamp : 2024-12-09 22:54:17===> API : /api/auth/validateuser ===> Message : validateUserResponse() completed
info: ===> TimeStamp : 2024-12-09 22:54:17===> API : null ===> Message : validateRequest() invoked
info: ===> TimeStamp : 2024-12-09 22:54:17===> API : null ===> Message : fetchDBSettings()
info: ===> TimeStamp : 2024-12-09 22:54:17===> API : null ===> Message : validateRequest() Invoked!
info: ===> TimeStamp : 2024-12-09 22:54:17===> API : null ===> Message : validRequest() :: Api validated Successfully
info: ===> TimeStamp : 2024-12-09 22:54:17===> API : /api/auth/login ===> Message : loginUser() invoked!!
info: ===> TimeStamp : 2024-12-09 22:54:17===> API : /api/auth/login ===> Message : loginUser() :: Request Object :: [object Object]
info: ===> TimeStamp : 2024-12-09 22:54:17===> API : /api/auth/login ===> Message : loginUserDB() Invoked !
info: ===> TimeStamp : 2024-12-09 22:54:17===> API : /api/auth/login ===> Message : loginUserResponse() invoked!
info: ===> TimeStamp : 2024-12-09 22:54:17===> API : /api/auth/login ===> Message : loginUserResponse() completed
info: ===> TimeStamp : 2024-12-09 23:38:49===> API : null ===> Message : validateRequest() invoked
info: ===> TimeStamp : 2024-12-09 23:38:49===> API : null ===> Message : validateRequest() Error:: Invalid Request :: 
      {"apiUri":"/.git/config"}
info: ===> TimeStamp : 2024-12-10 03:07:26===> API : null ===> Message : validateRequest() invoked
info: ===> TimeStamp : 2024-12-10 03:07:26===> API : null ===> Message : fetchDBSettings()
info: ===> TimeStamp : 2024-12-10 03:07:26===> API : null ===> Message : validateRequest() Invoked!
info: ===> TimeStamp : 2024-12-10 03:07:26===> API : null ===> Message : validRequest() :: Api validated Successfully
info: ===> TimeStamp : 2024-12-10 03:07:26===> API : /api/auth/logout ===> Message : logoutUser() invoked!!
info: ===> TimeStamp : 2024-12-10 03:07:26===> API : /api/auth/logout ===> Message : logoutUser() :: Request Object :: [object Object]
info: ===> TimeStamp : 2024-12-10 03:07:26===> API : /api/auth/logout ===> Message : logoutUserDB() Invoked !
info: ===> TimeStamp : 2024-12-10 03:07:26===> API : /api/auth/logout ===> Message : logoutUserResponse() invoked!
info: ===> TimeStamp : 2024-12-10 03:07:26===> API : /api/auth/logout ===> Message : logoutUserResponse() completed
info: ===> TimeStamp : 2024-12-10 03:11:05===> API : null ===> Message : validateRequest() invoked
info: ===> TimeStamp : 2024-12-10 03:11:05===> API : null ===> Message : fetchDBSettings()
info: ===> TimeStamp : 2024-12-10 03:11:05===> API : null ===> Message : validateRequest() Invoked!
info: ===> TimeStamp : 2024-12-10 03:11:05===> API : null ===> Message : validRequest() :: Api validated Successfully
info: ===> TimeStamp : 2024-12-10 03:11:05===> API : /api/auth/validateuser ===> Message : validateUser() invoked!!
info: ===> TimeStamp : 2024-12-10 03:11:05===> API : /api/auth/validateuser ===> Message : validateUser() :: Request Object :: [object Object]
info: ===> TimeStamp : 2024-12-10 03:11:05===> API : /api/auth/validateuser ===> Message : validateUserDB() Invoked !
info: ===> TimeStamp : 2024-12-10 03:11:05===> API : /api/auth/validateuser ===> Message : validateUserResponse() invoked!
info: ===> TimeStamp : 2024-12-10 03:11:05===> API : /api/auth/validateuser ===> Message : validateUserResponse() completed
info: ===> TimeStamp : 2024-12-10 03:11:05===> API : null ===> Message : validateRequest() invoked
info: ===> TimeStamp : 2024-12-10 03:11:05===> API : null ===> Message : fetchDBSettings()
info: ===> TimeStamp : 2024-12-10 03:11:05===> API : null ===> Message : validateRequest() Invoked!
info: ===> TimeStamp : 2024-12-10 03:11:05===> API : null ===> Message : validRequest() :: Api validated Successfully
info: ===> TimeStamp : 2024-12-10 03:11:05===> API : /api/auth/checkIP ===> Message : checkIP() invoked!!
info: ===> TimeStamp : 2024-12-10 03:11:05===> API : /api/auth/checkIP ===> Message : IPs match: 103.225.102.194
info: ===> TimeStamp : 2024-12-10 03:11:05===> API : /api/auth/checkIP ===> Message : checkIPResponse() invoked!
info: ===> TimeStamp : 2024-12-10 03:11:05===> API : /api/auth/checkIP ===> Message : checkIPResponse() completed
info: ===> TimeStamp : 2024-12-10 03:11:05===> API : null ===> Message : validateRequest() invoked
info: ===> TimeStamp : 2024-12-10 03:11:05===> API : null ===> Message : fetchDBSettings()
info: ===> TimeStamp : 2024-12-10 03:11:05===> API : null ===> Message : validateRequest() Invoked!
info: ===> TimeStamp : 2024-12-10 03:11:05===> API : null ===> Message : validRequest() :: Api validated Successfully
info: ===> TimeStamp : 2024-12-10 03:11:05===> API : /api/auth/login ===> Message : loginUser() invoked!!
info: ===> TimeStamp : 2024-12-10 03:11:05===> API : /api/auth/login ===> Message : loginUser() :: Request Object :: [object Object]
info: ===> TimeStamp : 2024-12-10 03:11:05===> API : /api/auth/login ===> Message : loginUserDB() Invoked !
info: ===> TimeStamp : 2024-12-10 03:11:05===> API : /api/auth/login ===> Message : loginUserResponse() invoked!
info: ===> TimeStamp : 2024-12-10 03:11:05===> API : /api/auth/login ===> Message : loginUserResponse() completed
