info: ===> TimeStamp : 2025-08-30 05:57:29===> API : null ===> Message : validateRequest() invoked
info: ===> TimeStamp : 2025-08-30 05:57:29===> API : null ===> Message : fetchDBSettings()
info: ===> TimeStamp : 2025-08-30 05:57:29===> API : null ===> Message : validateRequest() Invoked!
info: ===> TimeStamp : 2025-08-30 05:57:29===> API : null ===> Message : validateRequest() :: Error :: Helper {"code":"ER_SIGNAL_EXCEPTION","errno":1644,"sqlState":"10003","sqlMessage":"Invalid User Credentials","sql":"CALL usp_validate_request(\n              '/api/auth/logout',\n              'eyJhbGciOiJIUzI1NiIsInR5cCI6IkpXVCJ9.eyJ0aW1lIjoiTW9uIEF1ZyAyNSAyMDI1IDA5OjIxOjEzIEdNVCswMDAwIChDb29yZGluYXRlZCBVbml2ZXJzYWwgVGltZSkiLCJ1c2VySWQiOjE5LCJpYXQiOjE3NTYxMTM2NzN9.8ryuiGvlD5FesHNUK-hTHk4zCfEVKgrcIVASarN2g3A')"}
info: ===> TimeStamp : 2025-08-30 05:57:29===> API : null ===> Message : validateRequest() :: Error :: PP {"ErrorCode":10003,"ErrorMessage":"Invalid User Credentials"}
info: ===> TimeStamp : 2025-08-30 05:57:44===> API : null ===> Message : validateRequest() invoked
info: ===> TimeStamp : 2025-08-30 05:57:44===> API : null ===> Message : fetchDBSettings()
info: ===> TimeStamp : 2025-08-30 05:57:44===> API : null ===> Message : validateRequest() Invoked!
info: ===> TimeStamp : 2025-08-30 05:57:44===> API : null ===> Message : validRequest() :: Api validated Successfully
info: ===> TimeStamp : 2025-08-30 05:57:44===> API : /api/auth/validateuser ===> Message : validateUser() invoked!!
info: ===> TimeStamp : 2025-08-30 05:57:44===> API : /api/auth/validateuser ===> Message : validateUser() :: Request Object :: [object Object]
info: ===> TimeStamp : 2025-08-30 05:57:44===> API : /api/auth/validateuser ===> Message : validateUserDB() Invoked !
info: ===> TimeStamp : 2025-08-30 05:57:44===> API : /api/auth/validateuser ===> Message : validateUserResponse() invoked!
info: ===> TimeStamp : 2025-08-30 05:57:44===> API : /api/auth/validateuser ===> Message : validateUserResponse() completed
info: ===> TimeStamp : 2025-08-30 05:57:44===> API : null ===> Message : validateRequest() invoked
info: ===> TimeStamp : 2025-08-30 05:57:44===> API : null ===> Message : fetchDBSettings()
info: ===> TimeStamp : 2025-08-30 05:57:44===> API : null ===> Message : validateRequest() Invoked!
info: ===> TimeStamp : 2025-08-30 05:57:44===> API : null ===> Message : validRequest() :: Api validated Successfully
info: ===> TimeStamp : 2025-08-30 05:57:44===> API : /api/auth/checkIP ===> Message : checkIP() invoked!!
info: ===> TimeStamp : 2025-08-30 05:57:44===> API : /api/auth/checkIP ===> Message : IPs match: 103.255.182.117
info: ===> TimeStamp : 2025-08-30 05:57:44===> API : /api/auth/checkIP ===> Message : checkIPResponse() invoked!
info: ===> TimeStamp : 2025-08-30 05:57:44===> API : /api/auth/checkIP ===> Message : checkIPResponse() completed
info: ===> TimeStamp : 2025-08-30 05:57:44===> API : null ===> Message : validateRequest() invoked
info: ===> TimeStamp : 2025-08-30 05:57:44===> API : null ===> Message : fetchDBSettings()
info: ===> TimeStamp : 2025-08-30 05:57:44===> API : null ===> Message : validateRequest() Invoked!
info: ===> TimeStamp : 2025-08-30 05:57:44===> API : null ===> Message : validRequest() :: Api validated Successfully
info: ===> TimeStamp : 2025-08-30 05:57:44===> API : /api/auth/login ===> Message : loginUser() invoked!!
info: ===> TimeStamp : 2025-08-30 05:57:44===> API : /api/auth/login ===> Message : loginUser() :: Request Object :: [object Object]
info: ===> TimeStamp : 2025-08-30 05:57:44===> API : /api/auth/login ===> Message : loginUserDB() Invoked !
info: ===> TimeStamp : 2025-08-30 05:57:44===> API : /api/auth/login ===> Message : loginUserResponse() invoked!
info: ===> TimeStamp : 2025-08-30 05:57:44===> API : /api/auth/login ===> Message : loginUserResponse() completed
info: ===> TimeStamp : 2025-08-30 06:56:41===> API : null ===> Message : validateRequest() invoked
info: ===> TimeStamp : 2025-08-30 06:56:41===> API : null ===> Message : fetchDBSettings()
info: ===> TimeStamp : 2025-08-30 06:56:41===> API : null ===> Message : validateRequest() Invoked!
info: ===> TimeStamp : 2025-08-30 06:56:42===> API : null ===> Message : validRequest() :: Api validated Successfully
info: ===> TimeStamp : 2025-08-30 06:56:42===> API : /api/auth/logout ===> Message : logoutUser() invoked!!
info: ===> TimeStamp : 2025-08-30 06:56:42===> API : /api/auth/logout ===> Message : logoutUser() :: Request Object :: [object Object]
info: ===> TimeStamp : 2025-08-30 06:56:42===> API : /api/auth/logout ===> Message : logoutUserDB() Invoked !
info: ===> TimeStamp : 2025-08-30 06:56:42===> API : /api/auth/logout ===> Message : logoutUserResponse() invoked!
info: ===> TimeStamp : 2025-08-30 06:56:42===> API : /api/auth/logout ===> Message : logoutUserResponse() completed
info: ===> TimeStamp : 2025-08-30 06:59:40===> API : null ===> Message : validateRequest() invoked
info: ===> TimeStamp : 2025-08-30 06:59:40===> API : null ===> Message : fetchDBSettings()
info: ===> TimeStamp : 2025-08-30 06:59:40===> API : null ===> Message : validateRequest() Invoked!
info: ===> TimeStamp : 2025-08-30 06:59:40===> API : null ===> Message : validRequest() :: Api validated Successfully
info: ===> TimeStamp : 2025-08-30 06:59:40===> API : /api/auth/logout ===> Message : logoutUser() :: Request Object :: [object Object]
info: ===> TimeStamp : 2025-08-30 06:59:40===> API : /api/auth/logout ===> Message : logoutUser() invoked!!
info: ===> TimeStamp : 2025-08-30 06:59:40===> API : /api/auth/logout ===> Message : logoutUserDB() Invoked !
info: ===> TimeStamp : 2025-08-30 06:59:40===> API : /api/auth/logout ===> Message : logoutUserResponse() invoked!
info: ===> TimeStamp : 2025-08-30 06:59:40===> API : /api/auth/logout ===> Message : logoutUserResponse() completed
info: ===> TimeStamp : 2025-08-30 07:03:37===> API : null ===> Message : validateRequest() invoked
info: ===> TimeStamp : 2025-08-30 07:03:37===> API : null ===> Message : fetchDBSettings()
info: ===> TimeStamp : 2025-08-30 07:03:37===> API : null ===> Message : validateRequest() Invoked!
info: ===> TimeStamp : 2025-08-30 07:03:37===> API : null ===> Message : validRequest() :: Api validated Successfully
info: ===> TimeStamp : 2025-08-30 07:03:37===> API : /api/auth/validateuser ===> Message : validateUser() invoked!!
info: ===> TimeStamp : 2025-08-30 07:03:37===> API : /api/auth/validateuser ===> Message : validateUser() :: Request Object :: [object Object]
info: ===> TimeStamp : 2025-08-30 07:03:37===> API : /api/auth/validateuser ===> Message : validateUserDB() Invoked !
info: ===> TimeStamp : 2025-08-30 07:03:37===> API : /api/auth/validateuser ===> Message : validateUserResponse() invoked!
info: ===> TimeStamp : 2025-08-30 07:03:37===> API : /api/auth/validateuser ===> Message : validateUserResponse() completed
info: ===> TimeStamp : 2025-08-30 07:03:37===> API : null ===> Message : validateRequest() invoked
info: ===> TimeStamp : 2025-08-30 07:03:37===> API : null ===> Message : fetchDBSettings()
info: ===> TimeStamp : 2025-08-30 07:03:37===> API : null ===> Message : validateRequest() Invoked!
info: ===> TimeStamp : 2025-08-30 07:03:37===> API : null ===> Message : validRequest() :: Api validated Successfully
info: ===> TimeStamp : 2025-08-30 07:03:37===> API : /api/auth/checkIP ===> Message : checkIP() invoked!!
info: ===> TimeStamp : 2025-08-30 07:03:37===> API : /api/auth/checkIP ===> Message : IPs match: 103.255.182.117
info: ===> TimeStamp : 2025-08-30 07:03:37===> API : /api/auth/checkIP ===> Message : checkIPResponse() invoked!
info: ===> TimeStamp : 2025-08-30 07:03:37===> API : /api/auth/checkIP ===> Message : checkIPResponse() completed
info: ===> TimeStamp : 2025-08-30 07:03:37===> API : null ===> Message : validateRequest() invoked
info: ===> TimeStamp : 2025-08-30 07:03:37===> API : null ===> Message : fetchDBSettings()
info: ===> TimeStamp : 2025-08-30 07:03:37===> API : null ===> Message : validateRequest() Invoked!
info: ===> TimeStamp : 2025-08-30 07:03:37===> API : null ===> Message : validRequest() :: Api validated Successfully
info: ===> TimeStamp : 2025-08-30 07:03:37===> API : /api/auth/login ===> Message : loginUser() invoked!!
info: ===> TimeStamp : 2025-08-30 07:03:37===> API : /api/auth/login ===> Message : loginUser() :: Request Object :: [object Object]
info: ===> TimeStamp : 2025-08-30 07:03:37===> API : /api/auth/login ===> Message : loginUserDB() Invoked !
info: ===> TimeStamp : 2025-08-30 07:03:37===> API : /api/auth/login ===> Message : loginUserResponse() invoked!
info: ===> TimeStamp : 2025-08-30 07:03:37===> API : /api/auth/login ===> Message : loginUserResponse() completed
info: ===> TimeStamp : 2025-08-30 07:04:00===> API : null ===> Message : validateRequest() invoked
info: ===> TimeStamp : 2025-08-30 07:04:00===> API : null ===> Message : fetchDBSettings()
info: ===> TimeStamp : 2025-08-30 07:04:00===> API : null ===> Message : validateRequest() Invoked!
info: ===> TimeStamp : 2025-08-30 07:04:00===> API : null ===> Message : validRequest() :: Api validated Successfully
info: ===> TimeStamp : 2025-08-30 07:04:00===> API : /api/auth/validateuser ===> Message : validateUser() :: Request Object :: [object Object]
info: ===> TimeStamp : 2025-08-30 07:04:00===> API : /api/auth/validateuser ===> Message : validateUserDB() Invoked !
info: ===> TimeStamp : 2025-08-30 07:04:00===> API : /api/auth/validateuser ===> Message : validateUser() invoked!!
info: ===> TimeStamp : 2025-08-30 07:04:00===> API : /api/auth/validateuser ===> Message : validateUserResponse() invoked!
info: ===> TimeStamp : 2025-08-30 07:04:00===> API : /api/auth/validateuser ===> Message : validateUserResponse() completed
info: ===> TimeStamp : 2025-08-30 07:04:00===> API : null ===> Message : validateRequest() invoked
info: ===> TimeStamp : 2025-08-30 07:04:00===> API : null ===> Message : fetchDBSettings()
info: ===> TimeStamp : 2025-08-30 07:04:00===> API : null ===> Message : validateRequest() Invoked!
info: ===> TimeStamp : 2025-08-30 07:04:01===> API : null ===> Message : validRequest() :: Api validated Successfully
info: ===> TimeStamp : 2025-08-30 07:04:01===> API : /api/auth/checkIP ===> Message : checkIP() invoked!!
info: ===> TimeStamp : 2025-08-30 07:04:01===> API : /api/auth/checkIP ===> Message : IPs match: 103.255.182.117
info: ===> TimeStamp : 2025-08-30 07:04:01===> API : /api/auth/checkIP ===> Message : checkIPResponse() invoked!
info: ===> TimeStamp : 2025-08-30 07:04:01===> API : /api/auth/checkIP ===> Message : checkIPResponse() completed
info: ===> TimeStamp : 2025-08-30 07:04:01===> API : null ===> Message : validateRequest() invoked
info: ===> TimeStamp : 2025-08-30 07:04:01===> API : null ===> Message : fetchDBSettings()
info: ===> TimeStamp : 2025-08-30 07:04:01===> API : null ===> Message : validateRequest() Invoked!
info: ===> TimeStamp : 2025-08-30 07:04:01===> API : null ===> Message : validRequest() :: Api validated Successfully
info: ===> TimeStamp : 2025-08-30 07:04:01===> API : /api/auth/login ===> Message : loginUser() invoked!!
info: ===> TimeStamp : 2025-08-30 07:04:01===> API : /api/auth/login ===> Message : loginUser() :: Request Object :: [object Object]
info: ===> TimeStamp : 2025-08-30 07:04:01===> API : /api/auth/login ===> Message : loginUserDB() Invoked !
info: ===> TimeStamp : 2025-08-30 07:04:01===> API : /api/auth/login ===> Message : loginUserResponse() invoked!
info: ===> TimeStamp : 2025-08-30 07:04:01===> API : /api/auth/login ===> Message : loginUserResponse() completed
info: ===> TimeStamp : 2025-08-30 08:45:51===> API : null ===> Message : validateRequest() invoked
info: ===> TimeStamp : 2025-08-30 08:45:51===> API : null ===> Message : validateRequest() Error:: Invalid Request :: 
      {"apiUri":"/"}
info: ===> TimeStamp : 2025-08-30 08:46:06===> API : null ===> Message : validateRequest() invoked
info: ===> TimeStamp : 2025-08-30 08:46:06===> API : null ===> Message : validateRequest() Error:: Invalid Request :: 
      {"apiUri":"/favicon.ico"}
info: ===> TimeStamp : 2025-08-30 08:46:25===> API : null ===> Message : validateRequest() invoked
info: ===> TimeStamp : 2025-08-30 08:46:25===> API : null ===> Message : validateRequest() Error:: Invalid Request :: 
      {"apiUri":"/favicon.ico"}
info: ===> TimeStamp : 2025-08-30 08:46:26===> API : null ===> Message : validateRequest() invoked
info: ===> TimeStamp : 2025-08-30 08:46:26===> API : null ===> Message : validateRequest() Error:: Invalid Request :: 
      {"apiUri":"/login"}
info: ===> TimeStamp : 2025-08-30 08:51:53===> API : null ===> Message : validateRequest() invoked
info: ===> TimeStamp : 2025-08-30 08:51:53===> API : null ===> Message : fetchDBSettings()
info: ===> TimeStamp : 2025-08-30 08:51:53===> API : null ===> Message : validateRequest() Invoked!
info: ===> TimeStamp : 2025-08-30 08:51:53===> API : null ===> Message : validRequest() :: Api validated Successfully
info: ===> TimeStamp : 2025-08-30 08:51:53===> API : /api/auth/validateuser ===> Message : validateUser() :: Request Object :: [object Object]
info: ===> TimeStamp : 2025-08-30 08:51:53===> API : /api/auth/validateuser ===> Message : validateUser() invoked!!
info: ===> TimeStamp : 2025-08-30 08:51:53===> API : /api/auth/validateuser ===> Message : validateUserDB() Invoked !
info: ===> TimeStamp : 2025-08-30 08:51:53===> API : /api/auth/validateuser ===> Message : validateUserResponse() invoked!
info: ===> TimeStamp : 2025-08-30 08:51:53===> API : /api/auth/validateuser ===> Message : validateUserResponse() completed
info: ===> TimeStamp : 2025-08-30 08:51:53===> API : null ===> Message : validateRequest() invoked
info: ===> TimeStamp : 2025-08-30 08:51:53===> API : null ===> Message : fetchDBSettings()
info: ===> TimeStamp : 2025-08-30 08:51:53===> API : null ===> Message : validateRequest() Invoked!
info: ===> TimeStamp : 2025-08-30 08:51:53===> API : null ===> Message : validRequest() :: Api validated Successfully
info: ===> TimeStamp : 2025-08-30 08:51:53===> API : /api/auth/login ===> Message : loginUser() invoked!!
info: ===> TimeStamp : 2025-08-30 08:51:53===> API : /api/auth/login ===> Message : loginUser() :: Request Object :: [object Object]
info: ===> TimeStamp : 2025-08-30 08:51:53===> API : /api/auth/login ===> Message : loginUserDB() Invoked !
info: ===> TimeStamp : 2025-08-30 08:51:53===> API : /api/auth/login ===> Message : loginUserResponse() invoked!
info: ===> TimeStamp : 2025-08-30 08:51:53===> API : /api/auth/login ===> Message : loginUserResponse() completed
info: ===> TimeStamp : 2025-08-30 08:59:13===> API : null ===> Message : validateRequest() invoked
info: ===> TimeStamp : 2025-08-30 08:59:13===> API : null ===> Message : fetchDBSettings()
info: ===> TimeStamp : 2025-08-30 08:59:13===> API : null ===> Message : validateRequest() Invoked!
info: ===> TimeStamp : 2025-08-30 08:59:13===> API : null ===> Message : validRequest() :: Api validated Successfully
info: ===> TimeStamp : 2025-08-30 08:59:13===> API : /api/auth/validateuser ===> Message : validateUser() invoked!!
info: ===> TimeStamp : 2025-08-30 08:59:13===> API : /api/auth/validateuser ===> Message : validateUser() :: Request Object :: [object Object]
info: ===> TimeStamp : 2025-08-30 08:59:13===> API : /api/auth/validateuser ===> Message : validateUserDB() Invoked !
info: ===> TimeStamp : 2025-08-30 08:59:13===> API : /api/auth/validateuser ===> Message : validateUserResponse() invoked!
info: ===> TimeStamp : 2025-08-30 08:59:13===> API : /api/auth/validateuser ===> Message : validateUserResponse() completed
info: ===> TimeStamp : 2025-08-30 08:59:13===> API : null ===> Message : validateRequest() invoked
info: ===> TimeStamp : 2025-08-30 08:59:13===> API : null ===> Message : fetchDBSettings()
info: ===> TimeStamp : 2025-08-30 08:59:13===> API : null ===> Message : validateRequest() Invoked!
info: ===> TimeStamp : 2025-08-30 08:59:13===> API : null ===> Message : validRequest() :: Api validated Successfully
info: ===> TimeStamp : 2025-08-30 08:59:13===> API : /api/auth/login ===> Message : loginUser() invoked!!
info: ===> TimeStamp : 2025-08-30 08:59:13===> API : /api/auth/login ===> Message : loginUser() :: Request Object :: [object Object]
info: ===> TimeStamp : 2025-08-30 08:59:13===> API : /api/auth/login ===> Message : loginUserDB() Invoked !
info: ===> TimeStamp : 2025-08-30 08:59:13===> API : /api/auth/login ===> Message : loginUserResponse() invoked!
info: ===> TimeStamp : 2025-08-30 08:59:13===> API : /api/auth/login ===> Message : loginUserResponse() completed
info: ===> TimeStamp : 2025-08-30 11:13:07===> API : null ===> Message : validateRequest() invoked
info: ===> TimeStamp : 2025-08-30 11:13:07===> API : null ===> Message : fetchDBSettings()
info: ===> TimeStamp : 2025-08-30 11:13:07===> API : null ===> Message : validateRequest() Invoked!
info: ===> TimeStamp : 2025-08-30 11:13:07===> API : null ===> Message : validRequest() :: Api validated Successfully
info: ===> TimeStamp : 2025-08-30 11:13:07===> API : /api/auth/validateuser ===> Message : validateUser() :: Request Object :: [object Object]
info: ===> TimeStamp : 2025-08-30 11:13:07===> API : /api/auth/validateuser ===> Message : validateUser() invoked!!
info: ===> TimeStamp : 2025-08-30 11:13:07===> API : /api/auth/validateuser ===> Message : validateUserDB() Invoked !
info: ===> TimeStamp : 2025-08-30 11:13:07===> API : /api/auth/validateuser ===> Message : validateUserResponse() invoked!
info: ===> TimeStamp : 2025-08-30 11:13:07===> API : /api/auth/validateuser ===> Message : validateUserResponse() completed
info: ===> TimeStamp : 2025-08-30 11:13:07===> API : null ===> Message : validateRequest() invoked
info: ===> TimeStamp : 2025-08-30 11:13:07===> API : null ===> Message : fetchDBSettings()
info: ===> TimeStamp : 2025-08-30 11:13:07===> API : null ===> Message : validateRequest() Invoked!
info: ===> TimeStamp : 2025-08-30 11:13:07===> API : null ===> Message : validRequest() :: Api validated Successfully
info: ===> TimeStamp : 2025-08-30 11:13:07===> API : /api/auth/login ===> Message : loginUser() invoked!!
info: ===> TimeStamp : 2025-08-30 11:13:07===> API : /api/auth/login ===> Message : loginUser() :: Request Object :: [object Object]
info: ===> TimeStamp : 2025-08-30 11:13:07===> API : /api/auth/login ===> Message : loginUserDB() Invoked !
info: ===> TimeStamp : 2025-08-30 11:13:07===> API : /api/auth/login ===> Message : loginUserResponse() invoked!
info: ===> TimeStamp : 2025-08-30 11:13:07===> API : /api/auth/login ===> Message : loginUserResponse() completed
info: ===> TimeStamp : 2025-08-30 14:31:50===> API : null ===> Message : validateRequest() invoked
info: ===> TimeStamp : 2025-08-30 14:31:50===> API : null ===> Message : fetchDBSettings()
info: ===> TimeStamp : 2025-08-30 14:31:50===> API : null ===> Message : validateRequest() Invoked!
info: ===> TimeStamp : 2025-08-30 14:31:50===> API : null ===> Message : validRequest() :: Api validated Successfully
info: ===> TimeStamp : 2025-08-30 14:31:50===> API : /api/auth/validateuser ===> Message : validateUser() invoked!!
info: ===> TimeStamp : 2025-08-30 14:31:50===> API : /api/auth/validateuser ===> Message : validateUser() :: Request Object :: [object Object]
info: ===> TimeStamp : 2025-08-30 14:31:50===> API : /api/auth/validateuser ===> Message : validateUserDB() Invoked !
info: ===> TimeStamp : 2025-08-30 14:31:50===> API : /api/auth/validateuser ===> Message : validateUserResponse() invoked!
info: ===> TimeStamp : 2025-08-30 14:31:50===> API : /api/auth/validateuser ===> Message : validateUserResponse() completed
info: ===> TimeStamp : 2025-08-30 14:31:50===> API : null ===> Message : validateRequest() invoked
info: ===> TimeStamp : 2025-08-30 14:31:50===> API : null ===> Message : fetchDBSettings()
info: ===> TimeStamp : 2025-08-30 14:31:51===> API : null ===> Message : validateRequest() Invoked!
info: ===> TimeStamp : 2025-08-30 14:31:51===> API : null ===> Message : validRequest() :: Api validated Successfully
info: ===> TimeStamp : 2025-08-30 14:31:51===> API : /api/auth/login ===> Message : loginUser() invoked!!
info: ===> TimeStamp : 2025-08-30 14:31:51===> API : /api/auth/login ===> Message : loginUser() :: Request Object :: [object Object]
info: ===> TimeStamp : 2025-08-30 14:31:51===> API : /api/auth/login ===> Message : loginUserDB() Invoked !
info: ===> TimeStamp : 2025-08-30 14:31:51===> API : /api/auth/login ===> Message : loginUserResponse() invoked!
info: ===> TimeStamp : 2025-08-30 14:31:51===> API : /api/auth/login ===> Message : loginUserResponse() completed
info: ===> TimeStamp : 2025-08-30 14:48:13===> API : null ===> Message : validateRequest() invoked
info: ===> TimeStamp : 2025-08-30 14:48:13===> API : null ===> Message : fetchDBSettings()
info: ===> TimeStamp : 2025-08-30 14:48:13===> API : null ===> Message : validateRequest() Invoked!
info: ===> TimeStamp : 2025-08-30 14:48:13===> API : null ===> Message : validRequest() :: Api validated Successfully
info: ===> TimeStamp : 2025-08-30 14:48:13===> API : /api/auth/logout ===> Message : logoutUser() invoked!!
info: ===> TimeStamp : 2025-08-30 14:48:13===> API : /api/auth/logout ===> Message : logoutUser() :: Request Object :: [object Object]
info: ===> TimeStamp : 2025-08-30 14:48:13===> API : /api/auth/logout ===> Message : logoutUserDB() Invoked !
info: ===> TimeStamp : 2025-08-30 14:48:13===> API : /api/auth/logout ===> Message : logoutUserResponse() invoked!
info: ===> TimeStamp : 2025-08-30 14:48:13===> API : /api/auth/logout ===> Message : logoutUserResponse() completed
info: ===> TimeStamp : 2025-08-30 14:50:37===> API : null ===> Message : validateRequest() invoked
info: ===> TimeStamp : 2025-08-30 14:50:37===> API : null ===> Message : fetchDBSettings()
info: ===> TimeStamp : 2025-08-30 14:50:38===> API : null ===> Message : validateRequest() Invoked!
info: ===> TimeStamp : 2025-08-30 14:50:38===> API : null ===> Message : validRequest() :: Api validated Successfully
info: ===> TimeStamp : 2025-08-30 14:50:38===> API : /api/auth/logout ===> Message : logoutUser() invoked!!
info: ===> TimeStamp : 2025-08-30 14:50:38===> API : /api/auth/logout ===> Message : logoutUser() :: Request Object :: [object Object]
info: ===> TimeStamp : 2025-08-30 14:50:38===> API : /api/auth/logout ===> Message : logoutUserDB() Invoked !
info: ===> TimeStamp : 2025-08-30 14:50:38===> API : /api/auth/logout ===> Message : logoutUserResponse() invoked!
info: ===> TimeStamp : 2025-08-30 14:50:38===> API : /api/auth/logout ===> Message : logoutUserResponse() completed
info: ===> TimeStamp : 2025-08-30 14:50:52===> API : null ===> Message : validateRequest() invoked
info: ===> TimeStamp : 2025-08-30 14:50:52===> API : null ===> Message : fetchDBSettings()
info: ===> TimeStamp : 2025-08-30 14:50:52===> API : null ===> Message : validateRequest() Invoked!
info: ===> TimeStamp : 2025-08-30 14:50:52===> API : null ===> Message : validRequest() :: Api validated Successfully
info: ===> TimeStamp : 2025-08-30 14:50:52===> API : /api/auth/validateuser ===> Message : validateUser() invoked!!
info: ===> TimeStamp : 2025-08-30 14:50:52===> API : /api/auth/validateuser ===> Message : validateUser() :: Request Object :: [object Object]
info: ===> TimeStamp : 2025-08-30 14:50:52===> API : /api/auth/validateuser ===> Message : validateUserDB() Invoked !
info: ===> TimeStamp : 2025-08-30 14:50:52===> API : /api/auth/validateuser ===> Message : validateUserResponse() invoked!
info: ===> TimeStamp : 2025-08-30 14:50:52===> API : /api/auth/validateuser ===> Message : validateUserResponse() completed
info: ===> TimeStamp : 2025-08-30 14:50:52===> API : null ===> Message : validateRequest() invoked
info: ===> TimeStamp : 2025-08-30 14:50:52===> API : null ===> Message : fetchDBSettings()
info: ===> TimeStamp : 2025-08-30 14:50:52===> API : null ===> Message : validateRequest() Invoked!
info: ===> TimeStamp : 2025-08-30 14:50:52===> API : null ===> Message : validRequest() :: Api validated Successfully
info: ===> TimeStamp : 2025-08-30 14:50:52===> API : /api/auth/checkIP ===> Message : checkIP() invoked!!
info: ===> TimeStamp : 2025-08-30 14:50:52===> API : /api/auth/checkIP ===> Message : IPs match: 103.255.182.117
info: ===> TimeStamp : 2025-08-30 14:50:52===> API : /api/auth/checkIP ===> Message : checkIPResponse() invoked!
info: ===> TimeStamp : 2025-08-30 14:50:52===> API : /api/auth/checkIP ===> Message : checkIPResponse() completed
info: ===> TimeStamp : 2025-08-30 14:50:52===> API : null ===> Message : validateRequest() invoked
info: ===> TimeStamp : 2025-08-30 14:50:52===> API : null ===> Message : fetchDBSettings()
info: ===> TimeStamp : 2025-08-30 14:50:52===> API : null ===> Message : validateRequest() Invoked!
info: ===> TimeStamp : 2025-08-30 14:50:52===> API : null ===> Message : validRequest() :: Api validated Successfully
info: ===> TimeStamp : 2025-08-30 14:50:52===> API : /api/auth/login ===> Message : loginUser() :: Request Object :: [object Object]
info: ===> TimeStamp : 2025-08-30 14:50:52===> API : /api/auth/login ===> Message : loginUser() invoked!!
info: ===> TimeStamp : 2025-08-30 14:50:52===> API : /api/auth/login ===> Message : loginUserDB() Invoked !
info: ===> TimeStamp : 2025-08-30 14:50:52===> API : /api/auth/login ===> Message : loginUserResponse() invoked!
info: ===> TimeStamp : 2025-08-30 14:50:52===> API : /api/auth/login ===> Message : loginUserResponse() completed
info: ===> TimeStamp : 2025-08-30 14:51:12===> API : null ===> Message : validateRequest() invoked
info: ===> TimeStamp : 2025-08-30 14:51:12===> API : null ===> Message : fetchDBSettings()
info: ===> TimeStamp : 2025-08-30 14:51:12===> API : null ===> Message : validateRequest() Invoked!
info: ===> TimeStamp : 2025-08-30 14:51:12===> API : null ===> Message : validRequest() :: Api validated Successfully
info: ===> TimeStamp : 2025-08-30 14:51:12===> API : /api/auth/validateuser ===> Message : validateUser() invoked!!
info: ===> TimeStamp : 2025-08-30 14:51:12===> API : /api/auth/validateuser ===> Message : validateUser() :: Request Object :: [object Object]
info: ===> TimeStamp : 2025-08-30 14:51:12===> API : /api/auth/validateuser ===> Message : validateUserDB() Invoked !
info: ===> TimeStamp : 2025-08-30 14:51:12===> API : /api/auth/validateuser ===> Message : validateUserResponse() invoked!
info: ===> TimeStamp : 2025-08-30 14:51:12===> API : /api/auth/validateuser ===> Message : validateUserResponse() completed
info: ===> TimeStamp : 2025-08-30 14:51:12===> API : null ===> Message : validateRequest() invoked
info: ===> TimeStamp : 2025-08-30 14:51:12===> API : null ===> Message : fetchDBSettings()
info: ===> TimeStamp : 2025-08-30 14:51:12===> API : null ===> Message : validateRequest() Invoked!
info: ===> TimeStamp : 2025-08-30 14:51:12===> API : null ===> Message : validRequest() :: Api validated Successfully
info: ===> TimeStamp : 2025-08-30 14:51:12===> API : /api/auth/checkIP ===> Message : checkIP() invoked!!
info: ===> TimeStamp : 2025-08-30 14:51:12===> API : /api/auth/checkIP ===> Message : IPs match: 103.255.182.117
info: ===> TimeStamp : 2025-08-30 14:51:12===> API : /api/auth/checkIP ===> Message : checkIPResponse() invoked!
info: ===> TimeStamp : 2025-08-30 14:51:12===> API : /api/auth/checkIP ===> Message : checkIPResponse() completed
info: ===> TimeStamp : 2025-08-30 14:51:12===> API : null ===> Message : validateRequest() invoked
info: ===> TimeStamp : 2025-08-30 14:51:12===> API : null ===> Message : fetchDBSettings()
info: ===> TimeStamp : 2025-08-30 14:51:12===> API : null ===> Message : validateRequest() Invoked!
info: ===> TimeStamp : 2025-08-30 14:51:12===> API : null ===> Message : validRequest() :: Api validated Successfully
info: ===> TimeStamp : 2025-08-30 14:51:12===> API : /api/auth/login ===> Message : loginUser() invoked!!
info: ===> TimeStamp : 2025-08-30 14:51:12===> API : /api/auth/login ===> Message : loginUser() :: Request Object :: [object Object]
info: ===> TimeStamp : 2025-08-30 14:51:12===> API : /api/auth/login ===> Message : loginUserDB() Invoked !
info: ===> TimeStamp : 2025-08-30 14:51:12===> API : /api/auth/login ===> Message : loginUserResponse() invoked!
info: ===> TimeStamp : 2025-08-30 14:51:12===> API : /api/auth/login ===> Message : loginUserResponse() completed
info: ===> TimeStamp : 2025-08-30 15:16:04===> API : null ===> Message : validateRequest() invoked
info: ===> TimeStamp : 2025-08-30 15:16:04===> API : null ===> Message : fetchDBSettings()
info: ===> TimeStamp : 2025-08-30 15:16:04===> API : null ===> Message : validateRequest() Invoked!
info: ===> TimeStamp : 2025-08-30 15:16:04===> API : null ===> Message : validRequest() :: Api validated Successfully
info: ===> TimeStamp : 2025-08-30 15:16:04===> API : /api/auth/validateuser ===> Message : validateUser() invoked!!
info: ===> TimeStamp : 2025-08-30 15:16:04===> API : /api/auth/validateuser ===> Message : validateUser() :: Request Object :: [object Object]
info: ===> TimeStamp : 2025-08-30 15:16:04===> API : /api/auth/validateuser ===> Message : validateUserDB() Invoked !
info: ===> TimeStamp : 2025-08-30 15:16:04===> API : /api/auth/validateuser ===> Message : validateUserResponse() invoked!
info: ===> TimeStamp : 2025-08-30 15:16:04===> API : /api/auth/validateuser ===> Message : validateUserResponse() completed
info: ===> TimeStamp : 2025-08-30 15:16:04===> API : null ===> Message : validateRequest() invoked
info: ===> TimeStamp : 2025-08-30 15:16:04===> API : null ===> Message : fetchDBSettings()
info: ===> TimeStamp : 2025-08-30 15:16:04===> API : null ===> Message : validateRequest() Invoked!
info: ===> TimeStamp : 2025-08-30 15:16:04===> API : null ===> Message : validRequest() :: Api validated Successfully
info: ===> TimeStamp : 2025-08-30 15:16:04===> API : /api/auth/login ===> Message : loginUser() invoked!!
info: ===> TimeStamp : 2025-08-30 15:16:04===> API : /api/auth/login ===> Message : loginUser() :: Request Object :: [object Object]
info: ===> TimeStamp : 2025-08-30 15:16:04===> API : /api/auth/login ===> Message : loginUserDB() Invoked !
info: ===> TimeStamp : 2025-08-30 15:16:04===> API : /api/auth/login ===> Message : loginUserResponse() invoked!
info: ===> TimeStamp : 2025-08-30 15:16:04===> API : /api/auth/login ===> Message : loginUserResponse() completed
info: ===> TimeStamp : 2025-08-30 16:32:58===> API : null ===> Message : validateRequest() invoked
info: ===> TimeStamp : 2025-08-30 16:32:58===> API : null ===> Message : fetchDBSettings()
info: ===> TimeStamp : 2025-08-30 16:32:59===> API : null ===> Message : validateRequest() Invoked!
info: ===> TimeStamp : 2025-08-30 16:32:59===> API : null ===> Message : validRequest() :: Api validated Successfully
info: ===> TimeStamp : 2025-08-30 16:32:59===> API : /api/auth/validateuser ===> Message : validateUser() :: Request Object :: [object Object]
info: ===> TimeStamp : 2025-08-30 16:32:59===> API : /api/auth/validateuser ===> Message : validateUser() invoked!!
info: ===> TimeStamp : 2025-08-30 16:32:59===> API : /api/auth/validateuser ===> Message : validateUserDB() Invoked !
info: ===> TimeStamp : 2025-08-30 16:32:59===> API : /api/auth/validateuser ===> Message : validateUserResponse() invoked!
info: ===> TimeStamp : 2025-08-30 16:32:59===> API : /api/auth/validateuser ===> Message : validateUserResponse() completed
info: ===> TimeStamp : 2025-08-30 16:32:59===> API : null ===> Message : validateRequest() invoked
info: ===> TimeStamp : 2025-08-30 16:32:59===> API : null ===> Message : fetchDBSettings()
info: ===> TimeStamp : 2025-08-30 16:32:59===> API : null ===> Message : validateRequest() Invoked!
info: ===> TimeStamp : 2025-08-30 16:32:59===> API : null ===> Message : validRequest() :: Api validated Successfully
info: ===> TimeStamp : 2025-08-30 16:32:59===> API : /api/auth/checkIP ===> Message : checkIP() invoked!!
info: ===> TimeStamp : 2025-08-30 16:32:59===> API : /api/auth/checkIP ===> Message : IPs match: 103.255.182.117
info: ===> TimeStamp : 2025-08-30 16:32:59===> API : /api/auth/checkIP ===> Message : checkIPResponse() invoked!
info: ===> TimeStamp : 2025-08-30 16:32:59===> API : /api/auth/checkIP ===> Message : checkIPResponse() completed
info: ===> TimeStamp : 2025-08-30 16:32:59===> API : null ===> Message : validateRequest() invoked
info: ===> TimeStamp : 2025-08-30 16:32:59===> API : null ===> Message : fetchDBSettings()
info: ===> TimeStamp : 2025-08-30 16:32:59===> API : null ===> Message : validateRequest() Invoked!
info: ===> TimeStamp : 2025-08-30 16:32:59===> API : null ===> Message : validRequest() :: Api validated Successfully
info: ===> TimeStamp : 2025-08-30 16:32:59===> API : /api/auth/login ===> Message : loginUser() invoked!!
info: ===> TimeStamp : 2025-08-30 16:32:59===> API : /api/auth/login ===> Message : loginUser() :: Request Object :: [object Object]
info: ===> TimeStamp : 2025-08-30 16:32:59===> API : /api/auth/login ===> Message : loginUserDB() Invoked !
info: ===> TimeStamp : 2025-08-30 16:32:59===> API : /api/auth/login ===> Message : loginUserResponse() invoked!
info: ===> TimeStamp : 2025-08-30 16:32:59===> API : /api/auth/login ===> Message : loginUserResponse() completed
info: ===> TimeStamp : 2025-08-30 17:01:44===> API : null ===> Message : validateRequest() invoked
info: ===> TimeStamp : 2025-08-30 17:01:44===> API : null ===> Message : fetchDBSettings()
info: ===> TimeStamp : 2025-08-30 17:01:44===> API : null ===> Message : validateRequest() Invoked!
info: ===> TimeStamp : 2025-08-30 17:01:44===> API : null ===> Message : validRequest() :: Api validated Successfully
info: ===> TimeStamp : 2025-08-30 17:01:44===> API : /api/auth/validateuser ===> Message : validateUser() invoked!!
info: ===> TimeStamp : 2025-08-30 17:01:44===> API : /api/auth/validateuser ===> Message : validateUser() :: Request Object :: [object Object]
info: ===> TimeStamp : 2025-08-30 17:01:44===> API : /api/auth/validateuser ===> Message : validateUserDB() Invoked !
info: ===> TimeStamp : 2025-08-30 17:01:44===> API : /api/auth/validateuser ===> Message : validateUserResponse() invoked!
info: ===> TimeStamp : 2025-08-30 17:01:44===> API : /api/auth/validateuser ===> Message : validateUserResponse() completed
info: ===> TimeStamp : 2025-08-30 17:01:44===> API : null ===> Message : validateRequest() invoked
info: ===> TimeStamp : 2025-08-30 17:01:44===> API : null ===> Message : fetchDBSettings()
info: ===> TimeStamp : 2025-08-30 17:01:44===> API : null ===> Message : validateRequest() Invoked!
info: ===> TimeStamp : 2025-08-30 17:01:44===> API : null ===> Message : validRequest() :: Api validated Successfully
info: ===> TimeStamp : 2025-08-30 17:01:44===> API : /api/auth/checkIP ===> Message : checkIP() invoked!!
info: ===> TimeStamp : 2025-08-30 17:01:44===> API : /api/auth/checkIP ===> Message : IPs match: 103.255.182.117
info: ===> TimeStamp : 2025-08-30 17:01:44===> API : /api/auth/checkIP ===> Message : checkIPResponse() invoked!
info: ===> TimeStamp : 2025-08-30 17:01:44===> API : /api/auth/checkIP ===> Message : checkIPResponse() completed
info: ===> TimeStamp : 2025-08-30 17:01:44===> API : null ===> Message : validateRequest() invoked
info: ===> TimeStamp : 2025-08-30 17:01:44===> API : null ===> Message : fetchDBSettings()
info: ===> TimeStamp : 2025-08-30 17:01:44===> API : null ===> Message : validateRequest() Invoked!
info: ===> TimeStamp : 2025-08-30 17:01:44===> API : null ===> Message : validRequest() :: Api validated Successfully
info: ===> TimeStamp : 2025-08-30 17:01:44===> API : /api/auth/login ===> Message : loginUser() invoked!!
info: ===> TimeStamp : 2025-08-30 17:01:44===> API : /api/auth/login ===> Message : loginUser() :: Request Object :: [object Object]
info: ===> TimeStamp : 2025-08-30 17:01:44===> API : /api/auth/login ===> Message : loginUserDB() Invoked !
info: ===> TimeStamp : 2025-08-30 17:01:44===> API : /api/auth/login ===> Message : loginUserResponse() invoked!
info: ===> TimeStamp : 2025-08-30 17:01:44===> API : /api/auth/login ===> Message : loginUserResponse() completed
info: ===> TimeStamp : 2025-08-30 17:09:10===> API : null ===> Message : validateRequest() invoked
info: ===> TimeStamp : 2025-08-30 17:09:10===> API : null ===> Message : fetchDBSettings()
info: ===> TimeStamp : 2025-08-30 17:09:10===> API : null ===> Message : validateRequest() Invoked!
info: ===> TimeStamp : 2025-08-30 17:09:10===> API : null ===> Message : validRequest() :: Api validated Successfully
info: ===> TimeStamp : 2025-08-30 17:09:10===> API : /api/auth/validateuser ===> Message : validateUser() invoked!!
info: ===> TimeStamp : 2025-08-30 17:09:10===> API : /api/auth/validateuser ===> Message : validateUser() :: Request Object :: [object Object]
info: ===> TimeStamp : 2025-08-30 17:09:10===> API : /api/auth/validateuser ===> Message : validateUserDB() Invoked !
info: ===> TimeStamp : 2025-08-30 17:09:10===> API : /api/auth/validateuser ===> Message : validateUserResponse() invoked!
info: ===> TimeStamp : 2025-08-30 17:09:10===> API : /api/auth/validateuser ===> Message : validateUserResponse() completed
info: ===> TimeStamp : 2025-08-30 17:09:10===> API : null ===> Message : validateRequest() invoked
info: ===> TimeStamp : 2025-08-30 17:09:10===> API : null ===> Message : fetchDBSettings()
info: ===> TimeStamp : 2025-08-30 17:09:10===> API : null ===> Message : validateRequest() Invoked!
info: ===> TimeStamp : 2025-08-30 17:09:10===> API : null ===> Message : validRequest() :: Api validated Successfully
info: ===> TimeStamp : 2025-08-30 17:09:10===> API : /api/auth/login ===> Message : loginUser() invoked!!
info: ===> TimeStamp : 2025-08-30 17:09:10===> API : /api/auth/login ===> Message : loginUser() :: Request Object :: [object Object]
info: ===> TimeStamp : 2025-08-30 17:09:10===> API : /api/auth/login ===> Message : loginUserDB() Invoked !
info: ===> TimeStamp : 2025-08-30 17:09:10===> API : /api/auth/login ===> Message : loginUserResponse() invoked!
info: ===> TimeStamp : 2025-08-30 17:09:10===> API : /api/auth/login ===> Message : loginUserResponse() completed
info: ===> TimeStamp : 2025-08-30 17:09:15===> API : null ===> Message : validateRequest() invoked
info: ===> TimeStamp : 2025-08-30 17:09:15===> API : null ===> Message : fetchDBSettings()
info: ===> TimeStamp : 2025-08-30 17:09:15===> API : null ===> Message : validateRequest() Invoked!
info: ===> TimeStamp : 2025-08-30 17:09:15===> API : null ===> Message : validRequest() :: Api validated Successfully
info: ===> TimeStamp : 2025-08-30 17:09:15===> API : /api/auth/logout ===> Message : logoutUser() invoked!!
info: ===> TimeStamp : 2025-08-30 17:09:15===> API : /api/auth/logout ===> Message : logoutUser() :: Request Object :: [object Object]
info: ===> TimeStamp : 2025-08-30 17:09:15===> API : /api/auth/logout ===> Message : logoutUserDB() Invoked !
info: ===> TimeStamp : 2025-08-30 17:09:15===> API : /api/auth/logout ===> Message : logoutUserResponse() invoked!
info: ===> TimeStamp : 2025-08-30 17:09:15===> API : /api/auth/logout ===> Message : logoutUserResponse() completed
info: ===> TimeStamp : 2025-08-30 17:09:27===> API : null ===> Message : validateRequest() invoked
info: ===> TimeStamp : 2025-08-30 17:09:27===> API : null ===> Message : fetchDBSettings()
info: ===> TimeStamp : 2025-08-30 17:09:27===> API : null ===> Message : validateRequest() Invoked!
info: ===> TimeStamp : 2025-08-30 17:09:27===> API : null ===> Message : validRequest() :: Api validated Successfully
info: ===> TimeStamp : 2025-08-30 17:09:27===> API : /api/auth/validateuser ===> Message : validateUser() :: Request Object :: [object Object]
info: ===> TimeStamp : 2025-08-30 17:09:27===> API : /api/auth/validateuser ===> Message : validateUser() invoked!!
info: ===> TimeStamp : 2025-08-30 17:09:27===> API : /api/auth/validateuser ===> Message : validateUserDB() Invoked !
info: ===> TimeStamp : 2025-08-30 17:09:27===> API : /api/auth/validateuser ===> Message : validateUserResponse() invoked!
info: ===> TimeStamp : 2025-08-30 17:09:27===> API : /api/auth/validateuser ===> Message : validateUserResponse() completed
info: ===> TimeStamp : 2025-08-30 17:09:27===> API : null ===> Message : validateRequest() invoked
info: ===> TimeStamp : 2025-08-30 17:09:27===> API : null ===> Message : fetchDBSettings()
info: ===> TimeStamp : 2025-08-30 17:09:27===> API : null ===> Message : validateRequest() Invoked!
info: ===> TimeStamp : 2025-08-30 17:09:27===> API : null ===> Message : validRequest() :: Api validated Successfully
info: ===> TimeStamp : 2025-08-30 17:09:27===> API : /api/auth/login ===> Message : loginUser() invoked!!
info: ===> TimeStamp : 2025-08-30 17:09:27===> API : /api/auth/login ===> Message : loginUser() :: Request Object :: [object Object]
info: ===> TimeStamp : 2025-08-30 17:09:27===> API : /api/auth/login ===> Message : loginUserDB() Invoked !
info: ===> TimeStamp : 2025-08-30 17:09:27===> API : /api/auth/login ===> Message : loginUserResponse() invoked!
info: ===> TimeStamp : 2025-08-30 17:09:27===> API : /api/auth/login ===> Message : loginUserResponse() completed
info: ===> TimeStamp : 2025-08-30 17:26:54===> API : null ===> Message : validateRequest() invoked
info: ===> TimeStamp : 2025-08-30 17:26:54===> API : null ===> Message : fetchDBSettings()
info: ===> TimeStamp : 2025-08-30 17:26:54===> API : null ===> Message : validateRequest() Invoked!
info: ===> TimeStamp : 2025-08-30 17:26:54===> API : null ===> Message : validRequest() :: Api validated Successfully
info: ===> TimeStamp : 2025-08-30 17:26:54===> API : /api/auth/validateuser ===> Message : validateUser() invoked!!
info: ===> TimeStamp : 2025-08-30 17:26:54===> API : /api/auth/validateuser ===> Message : validateUser() :: Request Object :: [object Object]
info: ===> TimeStamp : 2025-08-30 17:26:54===> API : /api/auth/validateuser ===> Message : validateUserDB() Invoked !
info: ===> TimeStamp : 2025-08-30 17:26:55===> API : /api/auth/validateuser ===> Message : validateUserResponse() invoked!
info: ===> TimeStamp : 2025-08-30 17:26:55===> API : /api/auth/validateuser ===> Message : validateUserResponse() completed
info: ===> TimeStamp : 2025-08-30 17:26:55===> API : null ===> Message : validateRequest() invoked
info: ===> TimeStamp : 2025-08-30 17:26:55===> API : null ===> Message : fetchDBSettings()
info: ===> TimeStamp : 2025-08-30 17:26:55===> API : null ===> Message : validateRequest() Invoked!
info: ===> TimeStamp : 2025-08-30 17:26:55===> API : null ===> Message : validRequest() :: Api validated Successfully
info: ===> TimeStamp : 2025-08-30 17:26:55===> API : /api/auth/checkIP ===> Message : IPs match: 103.255.182.117
info: ===> TimeStamp : 2025-08-30 17:26:55===> API : /api/auth/checkIP ===> Message : checkIP() invoked!!
info: ===> TimeStamp : 2025-08-30 17:26:55===> API : /api/auth/checkIP ===> Message : checkIPResponse() invoked!
info: ===> TimeStamp : 2025-08-30 17:26:55===> API : /api/auth/checkIP ===> Message : checkIPResponse() completed
info: ===> TimeStamp : 2025-08-30 17:26:55===> API : null ===> Message : validateRequest() invoked
info: ===> TimeStamp : 2025-08-30 17:26:55===> API : null ===> Message : fetchDBSettings()
info: ===> TimeStamp : 2025-08-30 17:26:55===> API : null ===> Message : validateRequest() Invoked!
info: ===> TimeStamp : 2025-08-30 17:26:55===> API : null ===> Message : validRequest() :: Api validated Successfully
info: ===> TimeStamp : 2025-08-30 17:26:55===> API : /api/auth/login ===> Message : loginUser() invoked!!
info: ===> TimeStamp : 2025-08-30 17:26:55===> API : /api/auth/login ===> Message : loginUser() :: Request Object :: [object Object]
info: ===> TimeStamp : 2025-08-30 17:26:55===> API : /api/auth/login ===> Message : loginUserDB() Invoked !
info: ===> TimeStamp : 2025-08-30 17:26:55===> API : /api/auth/login ===> Message : loginUserResponse() invoked!
info: ===> TimeStamp : 2025-08-30 17:26:55===> API : /api/auth/login ===> Message : loginUserResponse() completed
info: ===> TimeStamp : 2025-08-30 18:46:20===> API : null ===> Message : validateRequest() invoked
info: ===> TimeStamp : 2025-08-30 18:46:20===> API : null ===> Message : validateRequest() Error:: Invalid Request :: 
      {"apiUri":"/pdown"}
info: ===> TimeStamp : 2025-08-30 19:20:46===> API : null ===> Message : validateRequest() invoked
info: ===> TimeStamp : 2025-08-30 19:20:46===> API : null ===> Message : fetchDBSettings()
info: ===> TimeStamp : 2025-08-30 19:20:46===> API : null ===> Message : validateRequest() Invoked!
info: ===> TimeStamp : 2025-08-30 19:20:46===> API : null ===> Message : validRequest() :: Api validated Successfully
info: ===> TimeStamp : 2025-08-30 19:20:46===> API : /api/auth/validateuser ===> Message : validateUser() invoked!!
info: ===> TimeStamp : 2025-08-30 19:20:46===> API : /api/auth/validateuser ===> Message : validateUser() :: Request Object :: [object Object]
info: ===> TimeStamp : 2025-08-30 19:20:46===> API : /api/auth/validateuser ===> Message : validateUserDB() Invoked !
info: ===> TimeStamp : 2025-08-30 19:20:46===> API : /api/auth/validateuser ===> Message : validateUserResponse() invoked!
info: ===> TimeStamp : 2025-08-30 19:20:46===> API : /api/auth/validateuser ===> Message : validateUserResponse() completed
info: ===> TimeStamp : 2025-08-30 19:20:47===> API : null ===> Message : validateRequest() invoked
info: ===> TimeStamp : 2025-08-30 19:20:47===> API : null ===> Message : fetchDBSettings()
info: ===> TimeStamp : 2025-08-30 19:20:47===> API : null ===> Message : validateRequest() Invoked!
info: ===> TimeStamp : 2025-08-30 19:20:47===> API : null ===> Message : validRequest() :: Api validated Successfully
info: ===> TimeStamp : 2025-08-30 19:20:47===> API : /api/auth/login ===> Message : loginUser() invoked!!
info: ===> TimeStamp : 2025-08-30 19:20:47===> API : /api/auth/login ===> Message : loginUser() :: Request Object :: [object Object]
info: ===> TimeStamp : 2025-08-30 19:20:47===> API : /api/auth/login ===> Message : loginUserDB() Invoked !
info: ===> TimeStamp : 2025-08-30 19:20:47===> API : /api/auth/login ===> Message : loginUserResponse() invoked!
info: ===> TimeStamp : 2025-08-30 19:20:47===> API : /api/auth/login ===> Message : loginUserResponse() completed
info: ===> TimeStamp : 2025-08-30 19:37:29===> API : null ===> Message : validateRequest() invoked
info: ===> TimeStamp : 2025-08-30 19:37:29===> API : null ===> Message : fetchDBSettings()
info: ===> TimeStamp : 2025-08-30 19:37:29===> API : null ===> Message : validateRequest() Invoked!
info: ===> TimeStamp : 2025-08-30 19:37:29===> API : null ===> Message : validRequest() :: Api validated Successfully
info: ===> TimeStamp : 2025-08-30 19:37:29===> API : /api/auth/validateuser ===> Message : validateUser() invoked!!
info: ===> TimeStamp : 2025-08-30 19:37:29===> API : /api/auth/validateuser ===> Message : validateUser() :: Request Object :: [object Object]
info: ===> TimeStamp : 2025-08-30 19:37:29===> API : /api/auth/validateuser ===> Message : validateUserDB() Invoked !
info: ===> TimeStamp : 2025-08-30 19:37:29===> API : /api/auth/validateuser ===> Message : validateUserResponse() invoked!
info: ===> TimeStamp : 2025-08-30 19:37:29===> API : /api/auth/validateuser ===> Message : validateUserResponse() completed
info: ===> TimeStamp : 2025-08-30 19:37:29===> API : null ===> Message : validateRequest() invoked
info: ===> TimeStamp : 2025-08-30 19:37:29===> API : null ===> Message : fetchDBSettings()
info: ===> TimeStamp : 2025-08-30 19:37:29===> API : null ===> Message : validateRequest() Invoked!
info: ===> TimeStamp : 2025-08-30 19:37:29===> API : null ===> Message : validRequest() :: Api validated Successfully
info: ===> TimeStamp : 2025-08-30 19:37:29===> API : /api/auth/login ===> Message : loginUser() invoked!!
info: ===> TimeStamp : 2025-08-30 19:37:29===> API : /api/auth/login ===> Message : loginUser() :: Request Object :: [object Object]
info: ===> TimeStamp : 2025-08-30 19:37:29===> API : /api/auth/login ===> Message : loginUserDB() Invoked !
info: ===> TimeStamp : 2025-08-30 19:37:29===> API : /api/auth/login ===> Message : loginUserResponse() invoked!
info: ===> TimeStamp : 2025-08-30 19:37:29===> API : /api/auth/login ===> Message : loginUserResponse() completed
info: ===> TimeStamp : 2025-08-30 19:41:18===> API : null ===> Message : validateRequest() invoked
info: ===> TimeStamp : 2025-08-30 19:41:18===> API : null ===> Message : validateRequest() Error:: Invalid Request :: 
      {"apiUri":"/"}
info: ===> TimeStamp : 2025-08-30 19:41:21===> API : null ===> Message : validateRequest() invoked
info: ===> TimeStamp : 2025-08-30 19:41:21===> API : null ===> Message : validateRequest() Error:: Invalid Request :: 
      {"apiUri":"/"}
info: ===> TimeStamp : 2025-08-30 19:41:22===> API : null ===> Message : validateRequest() invoked
info: ===> TimeStamp : 2025-08-30 19:41:22===> API : null ===> Message : validateRequest() Error:: Invalid Request :: 
      {"apiUri":"/@vite/env"}
info: ===> TimeStamp : 2025-08-30 19:41:22===> API : null ===> Message : validateRequest() invoked
info: ===> TimeStamp : 2025-08-30 19:41:22===> API : null ===> Message : validateRequest() Error:: Invalid Request :: 
      {"apiUri":"/actuator/env"}
info: ===> TimeStamp : 2025-08-30 19:41:23===> API : null ===> Message : validateRequest() invoked
info: ===> TimeStamp : 2025-08-30 19:41:23===> API : null ===> Message : validateRequest() Error:: Invalid Request :: 
      {"apiUri":"/php-cgi/php-cgi.exe"}
info: ===> TimeStamp : 2025-08-30 19:41:23===> API : null ===> Message : validateRequest() invoked
info: ===> TimeStamp : 2025-08-30 19:41:23===> API : null ===> Message : validateRequest() Error:: Invalid Request :: 
      {"apiUri":"/server"}
info: ===> TimeStamp : 2025-08-30 19:41:23===> API : null ===> Message : validateRequest() invoked
info: ===> TimeStamp : 2025-08-30 19:41:23===> API : null ===> Message : validateRequest() Error:: Invalid Request :: 
      {"apiUri":"/.vscode/sftp.json"}
info: ===> TimeStamp : 2025-08-30 19:41:24===> API : null ===> Message : validateRequest() invoked
info: ===> TimeStamp : 2025-08-30 19:41:24===> API : null ===> Message : validateRequest() Error:: Invalid Request :: 
      {"apiUri":"/about"}
info: ===> TimeStamp : 2025-08-30 19:41:24===> API : null ===> Message : validateRequest() invoked
info: ===> TimeStamp : 2025-08-30 19:41:24===> API : null ===> Message : validateRequest() Error:: Invalid Request :: 
      {"apiUri":"/debug/default/view"}
info: ===> TimeStamp : 2025-08-30 19:41:25===> API : null ===> Message : validateRequest() invoked
info: ===> TimeStamp : 2025-08-30 19:41:25===> API : null ===> Message : validateRequest() Error:: Invalid Request :: 
      {"apiUri":"/v2/_catalog"}
info: ===> TimeStamp : 2025-08-30 19:41:25===> API : null ===> Message : validateRequest() invoked
info: ===> TimeStamp : 2025-08-30 19:41:25===> API : null ===> Message : validateRequest() Error:: Invalid Request :: 
      {"apiUri":"/ecp/Current/exporttool/microsoft.exchange.ediscovery.exporttool.application"}
info: ===> TimeStamp : 2025-08-30 19:41:26===> API : null ===> Message : validateRequest() invoked
info: ===> TimeStamp : 2025-08-30 19:41:26===> API : null ===> Message : validateRequest() Error:: Invalid Request :: 
      {"apiUri":"/server-status"}
info: ===> TimeStamp : 2025-08-30 19:41:26===> API : null ===> Message : validateRequest() invoked
info: ===> TimeStamp : 2025-08-30 19:41:26===> API : null ===> Message : validateRequest() Error:: Invalid Request :: 
      {"apiUri":"/login.action"}
info: ===> TimeStamp : 2025-08-30 19:41:27===> API : null ===> Message : validateRequest() invoked
info: ===> TimeStamp : 2025-08-30 19:41:27===> API : null ===> Message : validateRequest() Error:: Invalid Request :: 
      {"apiUri":"/_all_dbs"}
info: ===> TimeStamp : 2025-08-30 19:41:27===> API : null ===> Message : validateRequest() invoked
info: ===> TimeStamp : 2025-08-30 19:41:27===> API : null ===> Message : validateRequest() Error:: Invalid Request :: 
      {"apiUri":"/.DS_Store"}
info: ===> TimeStamp : 2025-08-30 19:41:27===> API : null ===> Message : validateRequest() invoked
info: ===> TimeStamp : 2025-08-30 19:41:27===> API : null ===> Message : validateRequest() Error:: Invalid Request :: 
      {"apiUri":"/.env"}
info: ===> TimeStamp : 2025-08-30 19:41:28===> API : null ===> Message : validateRequest() invoked
info: ===> TimeStamp : 2025-08-30 19:41:28===> API : null ===> Message : validateRequest() Error:: Invalid Request :: 
      {"apiUri":"/.git/config"}
info: ===> TimeStamp : 2025-08-30 19:41:28===> API : null ===> Message : validateRequest() invoked
info: ===> TimeStamp : 2025-08-30 19:41:28===> API : null ===> Message : validateRequest() Error:: Invalid Request :: 
      {"apiUri":"/s/535313e27313e273e233/_/;/META-INF/maven/com.atlassian.jira/jira-webapp-dist/pom.properties"}
info: ===> TimeStamp : 2025-08-30 19:41:29===> API : null ===> Message : validateRequest() invoked
info: ===> TimeStamp : 2025-08-30 19:41:29===> API : null ===> Message : validateRequest() Error:: Invalid Request :: 
      {"apiUri":"/config.json"}
info: ===> TimeStamp : 2025-08-30 19:41:29===> API : null ===> Message : validateRequest() invoked
info: ===> TimeStamp : 2025-08-30 19:41:29===> API : null ===> Message : validateRequest() Error:: Invalid Request :: 
      {"apiUri":"/telescope/requests"}
info: ===> TimeStamp : 2025-08-30 19:41:29===> API : null ===> Message : validateRequest() invoked
info: ===> TimeStamp : 2025-08-30 19:41:29===> API : null ===> Message : validateRequest() Error:: Invalid Request :: 
      {"apiUri":"/info.php"}
info: ===> TimeStamp : 2025-08-30 19:41:30===> API : null ===> Message : validateRequest() invoked
info: ===> TimeStamp : 2025-08-30 19:41:30===> API : null ===> Message : validateRequest() Error:: Invalid Request :: 
      {"apiUri":"/"}
info: ===> TimeStamp : 2025-08-30 19:47:14===> API : null ===> Message : validateRequest() invoked
info: ===> TimeStamp : 2025-08-30 19:47:14===> API : null ===> Message : fetchDBSettings()
info: ===> TimeStamp : 2025-08-30 19:47:14===> API : null ===> Message : validateRequest() Invoked!
info: ===> TimeStamp : 2025-08-30 19:47:14===> API : null ===> Message : validRequest() :: Api validated Successfully
info: ===> TimeStamp : 2025-08-30 19:47:14===> API : /api/auth/validateuser ===> Message : validateUser() invoked!!
info: ===> TimeStamp : 2025-08-30 19:47:14===> API : /api/auth/validateuser ===> Message : validateUser() :: Request Object :: [object Object]
info: ===> TimeStamp : 2025-08-30 19:47:14===> API : /api/auth/validateuser ===> Message : validateUserDB() Invoked !
info: ===> TimeStamp : 2025-08-30 19:47:14===> API : /api/auth/validateuser ===> Message : validateUserResponse() invoked!
info: ===> TimeStamp : 2025-08-30 19:47:14===> API : /api/auth/validateuser ===> Message : validateUserResponse() completed
info: ===> TimeStamp : 2025-08-30 19:47:14===> API : null ===> Message : validateRequest() invoked
info: ===> TimeStamp : 2025-08-30 19:47:14===> API : null ===> Message : fetchDBSettings()
info: ===> TimeStamp : 2025-08-30 19:47:14===> API : null ===> Message : validateRequest() Invoked!
info: ===> TimeStamp : 2025-08-30 19:47:14===> API : null ===> Message : validRequest() :: Api validated Successfully
info: ===> TimeStamp : 2025-08-30 19:47:14===> API : /api/auth/login ===> Message : loginUser() invoked!!
info: ===> TimeStamp : 2025-08-30 19:47:14===> API : /api/auth/login ===> Message : loginUser() :: Request Object :: [object Object]
info: ===> TimeStamp : 2025-08-30 19:47:14===> API : /api/auth/login ===> Message : loginUserDB() Invoked !
info: ===> TimeStamp : 2025-08-30 19:47:14===> API : /api/auth/login ===> Message : loginUserResponse() invoked!
info: ===> TimeStamp : 2025-08-30 19:47:14===> API : /api/auth/login ===> Message : loginUserResponse() completed
info: ===> TimeStamp : 2025-08-30 21:28:29===> API : null ===> Message : validateRequest() invoked
info: ===> TimeStamp : 2025-08-30 21:28:29===> API : null ===> Message : validateRequest() Error:: Invalid Request :: 
      {"apiUri":"/"}
info: ===> TimeStamp : 2025-08-30 21:29:13===> API : null ===> Message : validateRequest() invoked
info: ===> TimeStamp : 2025-08-30 21:29:13===> API : null ===> Message : fetchDBSettings()
info: ===> TimeStamp : 2025-08-30 21:29:13===> API : null ===> Message : validateRequest() Invoked!
info: ===> TimeStamp : 2025-08-30 21:29:13===> API : null ===> Message : validRequest() :: Api validated Successfully
info: ===> TimeStamp : 2025-08-30 21:29:13===> API : /api/auth/validateuser ===> Message : validateUser() invoked!!
info: ===> TimeStamp : 2025-08-30 21:29:13===> API : /api/auth/validateuser ===> Message : validateUser() :: Request Object :: [object Object]
info: ===> TimeStamp : 2025-08-30 21:29:13===> API : /api/auth/validateuser ===> Message : validateUserDB() Invoked !
info: ===> TimeStamp : 2025-08-30 21:29:13===> API : /api/auth/validateuser ===> Message : validateUserResponse() invoked!
info: ===> TimeStamp : 2025-08-30 21:29:13===> API : /api/auth/validateuser ===> Message : validateUserResponse() completed
info: ===> TimeStamp : 2025-08-30 21:29:13===> API : null ===> Message : validateRequest() invoked
info: ===> TimeStamp : 2025-08-30 21:29:13===> API : null ===> Message : fetchDBSettings()
info: ===> TimeStamp : 2025-08-30 21:29:13===> API : null ===> Message : validateRequest() Invoked!
info: ===> TimeStamp : 2025-08-30 21:29:13===> API : null ===> Message : validRequest() :: Api validated Successfully
info: ===> TimeStamp : 2025-08-30 21:29:13===> API : /api/auth/checkIP ===> Message : checkIP() invoked!!
info: ===> TimeStamp : 2025-08-30 21:29:13===> API : /api/auth/checkIP ===> Message : IPs match: 103.255.182.117
info: ===> TimeStamp : 2025-08-30 21:29:13===> API : /api/auth/checkIP ===> Message : checkIPResponse() invoked!
info: ===> TimeStamp : 2025-08-30 21:29:13===> API : /api/auth/checkIP ===> Message : checkIPResponse() completed
info: ===> TimeStamp : 2025-08-30 21:29:13===> API : null ===> Message : validateRequest() invoked
info: ===> TimeStamp : 2025-08-30 21:29:13===> API : null ===> Message : fetchDBSettings()
info: ===> TimeStamp : 2025-08-30 21:29:13===> API : null ===> Message : validateRequest() Invoked!
info: ===> TimeStamp : 2025-08-30 21:29:13===> API : null ===> Message : validRequest() :: Api validated Successfully
info: ===> TimeStamp : 2025-08-30 21:29:13===> API : /api/auth/login ===> Message : loginUser() invoked!!
info: ===> TimeStamp : 2025-08-30 21:29:13===> API : /api/auth/login ===> Message : loginUser() :: Request Object :: [object Object]
info: ===> TimeStamp : 2025-08-30 21:29:13===> API : /api/auth/login ===> Message : loginUserDB() Invoked !
info: ===> TimeStamp : 2025-08-30 21:29:13===> API : /api/auth/login ===> Message : loginUserResponse() invoked!
info: ===> TimeStamp : 2025-08-30 21:29:13===> API : /api/auth/login ===> Message : loginUserResponse() completed
info: ===> TimeStamp : 2025-08-30 21:51:01===> API : null ===> Message : validateRequest() invoked
info: ===> TimeStamp : 2025-08-30 21:51:01===> API : null ===> Message : fetchDBSettings()
info: ===> TimeStamp : 2025-08-30 21:51:01===> API : null ===> Message : validateRequest() Invoked!
info: ===> TimeStamp : 2025-08-30 21:51:01===> API : null ===> Message : validRequest() :: Api validated Successfully
info: ===> TimeStamp : 2025-08-30 21:51:01===> API : /api/auth/logout ===> Message : logoutUser() invoked!!
info: ===> TimeStamp : 2025-08-30 21:51:01===> API : /api/auth/logout ===> Message : logoutUser() :: Request Object :: [object Object]
info: ===> TimeStamp : 2025-08-30 21:51:01===> API : /api/auth/logout ===> Message : logoutUserDB() Invoked !
info: ===> TimeStamp : 2025-08-30 21:51:01===> API : /api/auth/logout ===> Message : logoutUserResponse() invoked!
info: ===> TimeStamp : 2025-08-30 21:51:01===> API : /api/auth/logout ===> Message : logoutUserResponse() completed
info: ===> TimeStamp : 2025-08-30 21:51:08===> API : null ===> Message : validateRequest() invoked
info: ===> TimeStamp : 2025-08-30 21:51:08===> API : null ===> Message : fetchDBSettings()
info: ===> TimeStamp : 2025-08-30 21:51:08===> API : null ===> Message : validateRequest() Invoked!
info: ===> TimeStamp : 2025-08-30 21:51:08===> API : null ===> Message : validRequest() :: Api validated Successfully
info: ===> TimeStamp : 2025-08-30 21:51:08===> API : /api/auth/validateuser ===> Message : validateUser() invoked!!
info: ===> TimeStamp : 2025-08-30 21:51:08===> API : /api/auth/validateuser ===> Message : validateUser() :: Request Object :: [object Object]
info: ===> TimeStamp : 2025-08-30 21:51:08===> API : /api/auth/validateuser ===> Message : validateUserDB() Invoked !
info: ===> TimeStamp : 2025-08-30 21:51:08===> API : /api/auth/validateuser ===> Message : validateUserResponse() invoked!
info: ===> TimeStamp : 2025-08-30 21:51:08===> API : /api/auth/validateuser ===> Message : validateUserResponse() completed
info: ===> TimeStamp : 2025-08-30 21:51:09===> API : null ===> Message : validateRequest() invoked
info: ===> TimeStamp : 2025-08-30 21:51:09===> API : null ===> Message : fetchDBSettings()
info: ===> TimeStamp : 2025-08-30 21:51:09===> API : null ===> Message : validateRequest() Invoked!
info: ===> TimeStamp : 2025-08-30 21:51:09===> API : null ===> Message : validRequest() :: Api validated Successfully
info: ===> TimeStamp : 2025-08-30 21:51:09===> API : /api/auth/checkIP ===> Message : checkIP() invoked!!
info: ===> TimeStamp : 2025-08-30 21:51:09===> API : /api/auth/checkIP ===> Message : IPs match: 103.255.182.117
info: ===> TimeStamp : 2025-08-30 21:51:09===> API : /api/auth/checkIP ===> Message : checkIPResponse() invoked!
info: ===> TimeStamp : 2025-08-30 21:51:09===> API : /api/auth/checkIP ===> Message : checkIPResponse() completed
info: ===> TimeStamp : 2025-08-30 21:51:09===> API : null ===> Message : validateRequest() invoked
info: ===> TimeStamp : 2025-08-30 21:51:09===> API : null ===> Message : fetchDBSettings()
info: ===> TimeStamp : 2025-08-30 21:51:09===> API : null ===> Message : validateRequest() Invoked!
info: ===> TimeStamp : 2025-08-30 21:51:09===> API : null ===> Message : validRequest() :: Api validated Successfully
info: ===> TimeStamp : 2025-08-30 21:51:09===> API : /api/auth/login ===> Message : loginUser() invoked!!
info: ===> TimeStamp : 2025-08-30 21:51:09===> API : /api/auth/login ===> Message : loginUser() :: Request Object :: [object Object]
info: ===> TimeStamp : 2025-08-30 21:51:09===> API : /api/auth/login ===> Message : loginUserDB() Invoked !
info: ===> TimeStamp : 2025-08-30 21:51:09===> API : /api/auth/login ===> Message : loginUserResponse() invoked!
info: ===> TimeStamp : 2025-08-30 21:51:09===> API : /api/auth/login ===> Message : loginUserResponse() completed
info: ===> TimeStamp : 2025-08-30 21:51:33===> API : null ===> Message : validateRequest() invoked
info: ===> TimeStamp : 2025-08-30 21:51:33===> API : null ===> Message : fetchDBSettings()
info: ===> TimeStamp : 2025-08-30 21:51:33===> API : null ===> Message : validateRequest() Invoked!
info: ===> TimeStamp : 2025-08-30 21:51:33===> API : null ===> Message : validRequest() :: Api validated Successfully
info: ===> TimeStamp : 2025-08-30 21:51:33===> API : /api/auth/logout ===> Message : logoutUser() invoked!!
info: ===> TimeStamp : 2025-08-30 21:51:33===> API : /api/auth/logout ===> Message : logoutUser() :: Request Object :: [object Object]
info: ===> TimeStamp : 2025-08-30 21:51:33===> API : /api/auth/logout ===> Message : logoutUserDB() Invoked !
info: ===> TimeStamp : 2025-08-30 21:51:34===> API : /api/auth/logout ===> Message : logoutUserResponse() invoked!
info: ===> TimeStamp : 2025-08-30 21:51:34===> API : /api/auth/logout ===> Message : logoutUserResponse() completed
info: ===> TimeStamp : 2025-08-30 21:51:40===> API : null ===> Message : validateRequest() invoked
info: ===> TimeStamp : 2025-08-30 21:51:40===> API : null ===> Message : fetchDBSettings()
info: ===> TimeStamp : 2025-08-30 21:51:40===> API : null ===> Message : validateRequest() Invoked!
info: ===> TimeStamp : 2025-08-30 21:51:40===> API : /api/auth/validateuser ===> Message : validateUser() invoked!!
info: ===> TimeStamp : 2025-08-30 21:51:40===> API : null ===> Message : validRequest() :: Api validated Successfully
info: ===> TimeStamp : 2025-08-30 21:51:40===> API : /api/auth/validateuser ===> Message : validateUser() :: Request Object :: [object Object]
info: ===> TimeStamp : 2025-08-30 21:51:40===> API : /api/auth/validateuser ===> Message : validateUserDB() Invoked !
info: ===> TimeStamp : 2025-08-30 21:51:40===> API : /api/auth/validateuser ===> Message : validateUserResponse() invoked!
info: ===> TimeStamp : 2025-08-30 21:51:40===> API : /api/auth/validateuser ===> Message : validateUserResponse() completed
info: ===> TimeStamp : 2025-08-30 21:51:40===> API : null ===> Message : validateRequest() invoked
info: ===> TimeStamp : 2025-08-30 21:51:40===> API : null ===> Message : fetchDBSettings()
info: ===> TimeStamp : 2025-08-30 21:51:40===> API : null ===> Message : validateRequest() Invoked!
info: ===> TimeStamp : 2025-08-30 21:51:40===> API : null ===> Message : validRequest() :: Api validated Successfully
info: ===> TimeStamp : 2025-08-30 21:51:40===> API : /api/auth/checkIP ===> Message : checkIP() invoked!!
info: ===> TimeStamp : 2025-08-30 21:51:40===> API : /api/auth/checkIP ===> Message : IPs match: 103.255.182.117
info: ===> TimeStamp : 2025-08-30 21:51:40===> API : /api/auth/checkIP ===> Message : checkIPResponse() invoked!
info: ===> TimeStamp : 2025-08-30 21:51:40===> API : /api/auth/checkIP ===> Message : checkIPResponse() completed
info: ===> TimeStamp : 2025-08-30 21:51:41===> API : null ===> Message : validateRequest() invoked
info: ===> TimeStamp : 2025-08-30 21:51:41===> API : null ===> Message : fetchDBSettings()
info: ===> TimeStamp : 2025-08-30 21:51:41===> API : null ===> Message : validateRequest() Invoked!
info: ===> TimeStamp : 2025-08-30 21:51:41===> API : null ===> Message : validRequest() :: Api validated Successfully
info: ===> TimeStamp : 2025-08-30 21:51:41===> API : /api/auth/login ===> Message : loginUser() invoked!!
info: ===> TimeStamp : 2025-08-30 21:51:41===> API : /api/auth/login ===> Message : loginUser() :: Request Object :: [object Object]
info: ===> TimeStamp : 2025-08-30 21:51:41===> API : /api/auth/login ===> Message : loginUserDB() Invoked !
info: ===> TimeStamp : 2025-08-30 21:51:41===> API : /api/auth/login ===> Message : loginUserResponse() invoked!
info: ===> TimeStamp : 2025-08-30 21:51:41===> API : /api/auth/login ===> Message : loginUserResponse() completed
info: ===> TimeStamp : 2025-08-30 22:15:05===> API : null ===> Message : validateRequest() invoked
info: ===> TimeStamp : 2025-08-30 22:15:05===> API : null ===> Message : fetchDBSettings()
info: ===> TimeStamp : 2025-08-30 22:15:05===> API : null ===> Message : validateRequest() Invoked!
info: ===> TimeStamp : 2025-08-30 22:15:05===> API : null ===> Message : validRequest() :: Api validated Successfully
info: ===> TimeStamp : 2025-08-30 22:15:05===> API : /api/auth/validateuser ===> Message : validateUser() :: Request Object :: [object Object]
info: ===> TimeStamp : 2025-08-30 22:15:05===> API : /api/auth/validateuser ===> Message : validateUserDB() Invoked !
info: ===> TimeStamp : 2025-08-30 22:15:05===> API : /api/auth/validateuser ===> Message : validateUser() invoked!!
info: ===> TimeStamp : 2025-08-30 22:15:05===> API : /api/auth/validateuser ===> Message : validateUserResponse() invoked!
info: ===> TimeStamp : 2025-08-30 22:15:05===> API : /api/auth/validateuser ===> Message : validateUserResponse() completed
info: ===> TimeStamp : 2025-08-30 22:15:05===> API : null ===> Message : validateRequest() invoked
info: ===> TimeStamp : 2025-08-30 22:15:05===> API : null ===> Message : fetchDBSettings()
info: ===> TimeStamp : 2025-08-30 22:15:05===> API : null ===> Message : validateRequest() Invoked!
info: ===> TimeStamp : 2025-08-30 22:15:05===> API : null ===> Message : validRequest() :: Api validated Successfully
info: ===> TimeStamp : 2025-08-30 22:15:05===> API : /api/auth/login ===> Message : loginUser() :: Request Object :: [object Object]
info: ===> TimeStamp : 2025-08-30 22:15:05===> API : /api/auth/login ===> Message : loginUser() invoked!!
info: ===> TimeStamp : 2025-08-30 22:15:05===> API : /api/auth/login ===> Message : loginUserDB() Invoked !
info: ===> TimeStamp : 2025-08-30 22:15:05===> API : /api/auth/login ===> Message : loginUserResponse() invoked!
info: ===> TimeStamp : 2025-08-30 22:15:05===> API : /api/auth/login ===> Message : loginUserResponse() completed
info: ===> TimeStamp : 2025-08-30 22:26:16===> API : null ===> Message : validateRequest() invoked
info: ===> TimeStamp : 2025-08-30 22:26:16===> API : null ===> Message : fetchDBSettings()
info: ===> TimeStamp : 2025-08-30 22:26:17===> API : null ===> Message : validateRequest() Invoked!
info: ===> TimeStamp : 2025-08-30 22:26:17===> API : null ===> Message : validRequest() :: Api validated Successfully
info: ===> TimeStamp : 2025-08-30 22:26:17===> API : /api/auth/validateuser ===> Message : validateUser() invoked!!
info: ===> TimeStamp : 2025-08-30 22:26:17===> API : /api/auth/validateuser ===> Message : validateUser() :: Request Object :: [object Object]
info: ===> TimeStamp : 2025-08-30 22:26:17===> API : /api/auth/validateuser ===> Message : validateUserDB() Invoked !
info: ===> TimeStamp : 2025-08-30 22:26:17===> API : /api/auth/validateuser ===> Message : validateUserResponse() invoked!
info: ===> TimeStamp : 2025-08-30 22:26:17===> API : /api/auth/validateuser ===> Message : validateUserResponse() completed
info: ===> TimeStamp : 2025-08-30 22:26:17===> API : null ===> Message : validateRequest() invoked
info: ===> TimeStamp : 2025-08-30 22:26:17===> API : null ===> Message : fetchDBSettings()
info: ===> TimeStamp : 2025-08-30 22:26:17===> API : null ===> Message : validateRequest() Invoked!
info: ===> TimeStamp : 2025-08-30 22:26:17===> API : null ===> Message : validRequest() :: Api validated Successfully
info: ===> TimeStamp : 2025-08-30 22:26:17===> API : /api/auth/checkIP ===> Message : checkIP() invoked!!
info: ===> TimeStamp : 2025-08-30 22:26:17===> API : /api/auth/checkIP ===> Message : IPs match: 103.255.182.117
info: ===> TimeStamp : 2025-08-30 22:26:17===> API : /api/auth/checkIP ===> Message : checkIPResponse() invoked!
info: ===> TimeStamp : 2025-08-30 22:26:17===> API : /api/auth/checkIP ===> Message : checkIPResponse() completed
info: ===> TimeStamp : 2025-08-30 22:26:17===> API : null ===> Message : validateRequest() invoked
info: ===> TimeStamp : 2025-08-30 22:26:17===> API : null ===> Message : fetchDBSettings()
info: ===> TimeStamp : 2025-08-30 22:26:17===> API : null ===> Message : validateRequest() Invoked!
info: ===> TimeStamp : 2025-08-30 22:26:17===> API : null ===> Message : validRequest() :: Api validated Successfully
info: ===> TimeStamp : 2025-08-30 22:26:17===> API : /api/auth/login ===> Message : loginUser() invoked!!
info: ===> TimeStamp : 2025-08-30 22:26:17===> API : /api/auth/login ===> Message : loginUser() :: Request Object :: [object Object]
info: ===> TimeStamp : 2025-08-30 22:26:17===> API : /api/auth/login ===> Message : loginUserDB() Invoked !
info: ===> TimeStamp : 2025-08-30 22:26:17===> API : /api/auth/login ===> Message : loginUserResponse() invoked!
info: ===> TimeStamp : 2025-08-30 22:26:17===> API : /api/auth/login ===> Message : loginUserResponse() completed
info: ===> TimeStamp : 2025-08-30 23:04:09===> API : null ===> Message : validateRequest() invoked
info: ===> TimeStamp : 2025-08-30 23:04:09===> API : null ===> Message : fetchDBSettings()
info: ===> TimeStamp : 2025-08-30 23:04:09===> API : null ===> Message : validateRequest() Invoked!
info: ===> TimeStamp : 2025-08-30 23:04:09===> API : null ===> Message : validRequest() :: Api validated Successfully
info: ===> TimeStamp : 2025-08-30 23:04:09===> API : /api/auth/validateuser ===> Message : validateUser() invoked!!
info: ===> TimeStamp : 2025-08-30 23:04:09===> API : /api/auth/validateuser ===> Message : validateUser() :: Request Object :: [object Object]
info: ===> TimeStamp : 2025-08-30 23:04:09===> API : /api/auth/validateuser ===> Message : validateUserDB() Invoked !
info: ===> TimeStamp : 2025-08-30 23:04:09===> API : /api/auth/validateuser ===> Message : validateUserResponse() invoked!
info: ===> TimeStamp : 2025-08-30 23:04:09===> API : /api/auth/validateuser ===> Message : validateUserResponse() completed
info: ===> TimeStamp : 2025-08-30 23:04:09===> API : null ===> Message : validateRequest() invoked
info: ===> TimeStamp : 2025-08-30 23:04:09===> API : null ===> Message : fetchDBSettings()
info: ===> TimeStamp : 2025-08-30 23:04:09===> API : null ===> Message : validateRequest() Invoked!
info: ===> TimeStamp : 2025-08-30 23:04:09===> API : null ===> Message : validRequest() :: Api validated Successfully
info: ===> TimeStamp : 2025-08-30 23:04:09===> API : /api/auth/login ===> Message : loginUser() invoked!!
info: ===> TimeStamp : 2025-08-30 23:04:09===> API : /api/auth/login ===> Message : loginUser() :: Request Object :: [object Object]
info: ===> TimeStamp : 2025-08-30 23:04:09===> API : /api/auth/login ===> Message : loginUserDB() Invoked !
info: ===> TimeStamp : 2025-08-30 23:04:09===> API : /api/auth/login ===> Message : loginUserResponse() invoked!
info: ===> TimeStamp : 2025-08-30 23:04:09===> API : /api/auth/login ===> Message : loginUserResponse() completed
info: ===> TimeStamp : 2025-08-30 23:34:21===> API : null ===> Message : validateRequest() invoked
info: ===> TimeStamp : 2025-08-30 23:34:21===> API : null ===> Message : validateRequest() Error:: Invalid Request :: 
      {"apiUri":"/"}
info: ===> TimeStamp : 2025-08-31 00:11:35===> API : null ===> Message : validateRequest() invoked
info: ===> TimeStamp : 2025-08-31 00:11:35===> API : null ===> Message : fetchDBSettings()
info: ===> TimeStamp : 2025-08-31 00:11:35===> API : null ===> Message : validateRequest() Invoked!
info: ===> TimeStamp : 2025-08-31 00:11:36===> API : null ===> Message : validRequest() :: Api validated Successfully
info: ===> TimeStamp : 2025-08-31 00:11:36===> API : /api/auth/validateuser ===> Message : validateUser() invoked!!
info: ===> TimeStamp : 2025-08-31 00:11:36===> API : /api/auth/validateuser ===> Message : validateUser() :: Request Object :: [object Object]
info: ===> TimeStamp : 2025-08-31 00:11:36===> API : /api/auth/validateuser ===> Message : validateUserDB() Invoked !
info: ===> TimeStamp : 2025-08-31 00:11:36===> API : /api/auth/validateuser ===> Message : validateUserResponse() invoked!
info: ===> TimeStamp : 2025-08-31 00:11:36===> API : /api/auth/validateuser ===> Message : validateUserResponse() completed
info: ===> TimeStamp : 2025-08-31 00:11:36===> API : null ===> Message : validateRequest() invoked
info: ===> TimeStamp : 2025-08-31 00:11:36===> API : null ===> Message : fetchDBSettings()
info: ===> TimeStamp : 2025-08-31 00:11:36===> API : null ===> Message : validateRequest() Invoked!
info: ===> TimeStamp : 2025-08-31 00:11:36===> API : null ===> Message : validRequest() :: Api validated Successfully
info: ===> TimeStamp : 2025-08-31 00:11:36===> API : /api/auth/login ===> Message : loginUser() invoked!!
info: ===> TimeStamp : 2025-08-31 00:11:36===> API : /api/auth/login ===> Message : loginUser() :: Request Object :: [object Object]
info: ===> TimeStamp : 2025-08-31 00:11:36===> API : /api/auth/login ===> Message : loginUserDB() Invoked !
info: ===> TimeStamp : 2025-08-31 00:11:36===> API : /api/auth/login ===> Message : loginUserResponse() invoked!
info: ===> TimeStamp : 2025-08-31 00:11:36===> API : /api/auth/login ===> Message : loginUserResponse() completed
info: ===> TimeStamp : 2025-08-31 01:09:25===> API : null ===> Message : validateRequest() invoked
info: ===> TimeStamp : 2025-08-31 01:09:25===> API : null ===> Message : fetchDBSettings()
info: ===> TimeStamp : 2025-08-31 01:09:25===> API : null ===> Message : validateRequest() Invoked!
info: ===> TimeStamp : 2025-08-31 01:09:25===> API : null ===> Message : validRequest() :: Api validated Successfully
info: ===> TimeStamp : 2025-08-31 01:09:25===> API : /api/auth/validateuser ===> Message : validateUser() invoked!!
info: ===> TimeStamp : 2025-08-31 01:09:25===> API : /api/auth/validateuser ===> Message : validateUser() :: Request Object :: [object Object]
info: ===> TimeStamp : 2025-08-31 01:09:25===> API : /api/auth/validateuser ===> Message : validateUserDB() Invoked !
info: ===> TimeStamp : 2025-08-31 01:09:25===> API : /api/auth/validateuser ===> Message : validateUserResponse() invoked!
info: ===> TimeStamp : 2025-08-31 01:09:25===> API : /api/auth/validateuser ===> Message : validateUserResponse() completed
info: ===> TimeStamp : 2025-08-31 01:09:26===> API : null ===> Message : validateRequest() invoked
info: ===> TimeStamp : 2025-08-31 01:09:26===> API : null ===> Message : fetchDBSettings()
info: ===> TimeStamp : 2025-08-31 01:09:26===> API : null ===> Message : validateRequest() Invoked!
info: ===> TimeStamp : 2025-08-31 01:09:26===> API : null ===> Message : validRequest() :: Api validated Successfully
info: ===> TimeStamp : 2025-08-31 01:09:26===> API : /api/auth/login ===> Message : loginUser() invoked!!
info: ===> TimeStamp : 2025-08-31 01:09:26===> API : /api/auth/login ===> Message : loginUser() :: Request Object :: [object Object]
info: ===> TimeStamp : 2025-08-31 01:09:26===> API : /api/auth/login ===> Message : loginUserDB() Invoked !
info: ===> TimeStamp : 2025-08-31 01:09:26===> API : /api/auth/login ===> Message : loginUserResponse() invoked!
info: ===> TimeStamp : 2025-08-31 01:09:26===> API : /api/auth/login ===> Message : loginUserResponse() completed
info: ===> TimeStamp : 2025-08-31 01:54:51===> API : null ===> Message : validateRequest() invoked
info: ===> TimeStamp : 2025-08-31 01:54:51===> API : null ===> Message : fetchDBSettings()
info: ===> TimeStamp : 2025-08-31 01:54:51===> API : null ===> Message : validateRequest() Invoked!
info: ===> TimeStamp : 2025-08-31 01:54:51===> API : null ===> Message : validRequest() :: Api validated Successfully
info: ===> TimeStamp : 2025-08-31 01:54:51===> API : /api/auth/validateuser ===> Message : validateUser() invoked!!
info: ===> TimeStamp : 2025-08-31 01:54:51===> API : /api/auth/validateuser ===> Message : validateUser() :: Request Object :: [object Object]
info: ===> TimeStamp : 2025-08-31 01:54:51===> API : /api/auth/validateuser ===> Message : validateUserDB() Invoked !
info: ===> TimeStamp : 2025-08-31 01:54:51===> API : /api/auth/validateuser ===> Message : validateUserResponse() invoked!
info: ===> TimeStamp : 2025-08-31 01:54:51===> API : /api/auth/validateuser ===> Message : validateUserResponse() completed
info: ===> TimeStamp : 2025-08-31 01:54:51===> API : null ===> Message : validateRequest() invoked
info: ===> TimeStamp : 2025-08-31 01:54:51===> API : null ===> Message : fetchDBSettings()
info: ===> TimeStamp : 2025-08-31 01:54:51===> API : null ===> Message : validateRequest() Invoked!
info: ===> TimeStamp : 2025-08-31 01:54:51===> API : null ===> Message : validRequest() :: Api validated Successfully
info: ===> TimeStamp : 2025-08-31 01:54:51===> API : /api/auth/login ===> Message : loginUser() invoked!!
info: ===> TimeStamp : 2025-08-31 01:54:51===> API : /api/auth/login ===> Message : loginUser() :: Request Object :: [object Object]
info: ===> TimeStamp : 2025-08-31 01:54:51===> API : /api/auth/login ===> Message : loginUserDB() Invoked !
info: ===> TimeStamp : 2025-08-31 01:54:51===> API : /api/auth/login ===> Message : loginUserResponse() invoked!
info: ===> TimeStamp : 2025-08-31 01:54:51===> API : /api/auth/login ===> Message : loginUserResponse() completed
info: ===> TimeStamp : 2025-08-31 01:59:34===> API : null ===> Message : validateRequest() invoked
info: ===> TimeStamp : 2025-08-31 01:59:34===> API : null ===> Message : fetchDBSettings()
info: ===> TimeStamp : 2025-08-31 01:59:34===> API : null ===> Message : validateRequest() Invoked!
info: ===> TimeStamp : 2025-08-31 01:59:34===> API : null ===> Message : validRequest() :: Api validated Successfully
info: ===> TimeStamp : 2025-08-31 01:59:34===> API : /api/auth/validateuser ===> Message : validateUser() :: Request Object :: [object Object]
info: ===> TimeStamp : 2025-08-31 01:59:34===> API : /api/auth/validateuser ===> Message : validateUserDB() Invoked !
info: ===> TimeStamp : 2025-08-31 01:59:34===> API : /api/auth/validateuser ===> Message : validateUser() invoked!!
info: ===> TimeStamp : 2025-08-31 01:59:34===> API : /api/auth/validateuser ===> Message : validateUserResponse() invoked!
info: ===> TimeStamp : 2025-08-31 01:59:34===> API : /api/auth/validateuser ===> Message : validateUserResponse() completed
info: ===> TimeStamp : 2025-08-31 01:59:34===> API : null ===> Message : validateRequest() invoked
info: ===> TimeStamp : 2025-08-31 01:59:34===> API : null ===> Message : fetchDBSettings()
info: ===> TimeStamp : 2025-08-31 01:59:34===> API : null ===> Message : validateRequest() Invoked!
info: ===> TimeStamp : 2025-08-31 01:59:34===> API : null ===> Message : validRequest() :: Api validated Successfully
info: ===> TimeStamp : 2025-08-31 01:59:34===> API : /api/auth/login ===> Message : loginUser() invoked!!
info: ===> TimeStamp : 2025-08-31 01:59:34===> API : /api/auth/login ===> Message : loginUser() :: Request Object :: [object Object]
info: ===> TimeStamp : 2025-08-31 01:59:34===> API : /api/auth/login ===> Message : loginUserDB() Invoked !
info: ===> TimeStamp : 2025-08-31 01:59:34===> API : /api/auth/login ===> Message : loginUserResponse() invoked!
info: ===> TimeStamp : 2025-08-31 01:59:34===> API : /api/auth/login ===> Message : loginUserResponse() completed
info: ===> TimeStamp : 2025-08-31 02:39:31===> API : null ===> Message : validateRequest() invoked
info: ===> TimeStamp : 2025-08-31 02:39:31===> API : null ===> Message : fetchDBSettings()
info: ===> TimeStamp : 2025-08-31 02:39:31===> API : null ===> Message : validateRequest() Invoked!
info: ===> TimeStamp : 2025-08-31 02:39:31===> API : null ===> Message : validRequest() :: Api validated Successfully
info: ===> TimeStamp : 2025-08-31 02:39:31===> API : /api/auth/logout ===> Message : logoutUser() invoked!!
info: ===> TimeStamp : 2025-08-31 02:39:31===> API : /api/auth/logout ===> Message : logoutUser() :: Request Object :: [object Object]
info: ===> TimeStamp : 2025-08-31 02:39:31===> API : /api/auth/logout ===> Message : logoutUserDB() Invoked !
info: ===> TimeStamp : 2025-08-31 02:39:32===> API : /api/auth/logout ===> Message : logoutUserResponse() invoked!
info: ===> TimeStamp : 2025-08-31 02:39:32===> API : /api/auth/logout ===> Message : logoutUserResponse() completed
info: ===> TimeStamp : 2025-08-31 03:06:51===> API : null ===> Message : validateRequest() invoked
info: ===> TimeStamp : 2025-08-31 03:06:51===> API : null ===> Message : fetchDBSettings()
info: ===> TimeStamp : 2025-08-31 03:06:51===> API : null ===> Message : validateRequest() Invoked!
info: ===> TimeStamp : 2025-08-31 03:06:51===> API : null ===> Message : validRequest() :: Api validated Successfully
info: ===> TimeStamp : 2025-08-31 03:06:51===> API : /api/auth/validateuser ===> Message : validateUser() invoked!!
info: ===> TimeStamp : 2025-08-31 03:06:51===> API : /api/auth/validateuser ===> Message : validateUser() :: Request Object :: [object Object]
info: ===> TimeStamp : 2025-08-31 03:06:51===> API : /api/auth/validateuser ===> Message : validateUserDB() Invoked !
info: ===> TimeStamp : 2025-08-31 03:06:51===> API : /api/auth/validateuser ===> Message : validateUserResponse() invoked!
info: ===> TimeStamp : 2025-08-31 03:06:51===> API : /api/auth/validateuser ===> Message : validateUserResponse() completed
info: ===> TimeStamp : 2025-08-31 03:06:51===> API : null ===> Message : validateRequest() invoked
info: ===> TimeStamp : 2025-08-31 03:06:51===> API : null ===> Message : fetchDBSettings()
info: ===> TimeStamp : 2025-08-31 03:06:51===> API : null ===> Message : validateRequest() Invoked!
info: ===> TimeStamp : 2025-08-31 03:06:51===> API : null ===> Message : validRequest() :: Api validated Successfully
info: ===> TimeStamp : 2025-08-31 03:06:51===> API : /api/auth/checkIP ===> Message : checkIP() invoked!!
info: ===> TimeStamp : 2025-08-31 03:06:51===> API : /api/auth/checkIP ===> Message : IPs match: 103.255.182.117
info: ===> TimeStamp : 2025-08-31 03:06:51===> API : /api/auth/checkIP ===> Message : checkIPResponse() invoked!
info: ===> TimeStamp : 2025-08-31 03:06:51===> API : /api/auth/checkIP ===> Message : checkIPResponse() completed
info: ===> TimeStamp : 2025-08-31 03:06:51===> API : null ===> Message : validateRequest() invoked
info: ===> TimeStamp : 2025-08-31 03:06:51===> API : null ===> Message : fetchDBSettings()
info: ===> TimeStamp : 2025-08-31 03:06:51===> API : null ===> Message : validateRequest() Invoked!
info: ===> TimeStamp : 2025-08-31 03:06:51===> API : null ===> Message : validRequest() :: Api validated Successfully
info: ===> TimeStamp : 2025-08-31 03:06:51===> API : /api/auth/login ===> Message : loginUser() :: Request Object :: [object Object]
info: ===> TimeStamp : 2025-08-31 03:06:51===> API : /api/auth/login ===> Message : loginUserDB() Invoked !
info: ===> TimeStamp : 2025-08-31 03:06:51===> API : /api/auth/login ===> Message : loginUser() invoked!!
info: ===> TimeStamp : 2025-08-31 03:06:51===> API : /api/auth/login ===> Message : loginUserResponse() invoked!
info: ===> TimeStamp : 2025-08-31 03:06:51===> API : /api/auth/login ===> Message : loginUserResponse() completed
info: ===> TimeStamp : 2025-08-31 04:09:53===> API : null ===> Message : fetchDBSettings()
info: ===> TimeStamp : 2025-08-31 04:09:53===> API : null ===> Message : validateRequest() invoked
info: ===> TimeStamp : 2025-08-31 04:09:53===> API : null ===> Message : validateRequest() Invoked!
info: ===> TimeStamp : 2025-08-31 04:09:53===> API : null ===> Message : validRequest() :: Api validated Successfully
info: ===> TimeStamp : 2025-08-31 04:09:53===> API : /api/auth/validateuser ===> Message : validateUser() invoked!!
info: ===> TimeStamp : 2025-08-31 04:09:53===> API : /api/auth/validateuser ===> Message : validateUser() :: Request Object :: [object Object]
info: ===> TimeStamp : 2025-08-31 04:09:53===> API : /api/auth/validateuser ===> Message : validateUserDB() Invoked !
info: ===> TimeStamp : 2025-08-31 04:09:53===> API : /api/auth/validateuser ===> Message : validateUserResponse() invoked!
info: ===> TimeStamp : 2025-08-31 04:09:53===> API : /api/auth/validateuser ===> Message : validateUserResponse() completed
info: ===> TimeStamp : 2025-08-31 04:09:54===> API : null ===> Message : validateRequest() invoked
info: ===> TimeStamp : 2025-08-31 04:09:54===> API : null ===> Message : fetchDBSettings()
info: ===> TimeStamp : 2025-08-31 04:09:54===> API : null ===> Message : validateRequest() Invoked!
info: ===> TimeStamp : 2025-08-31 04:09:54===> API : null ===> Message : validRequest() :: Api validated Successfully
info: ===> TimeStamp : 2025-08-31 04:09:54===> API : /api/auth/checkIP ===> Message : checkIP() invoked!!
info: ===> TimeStamp : 2025-08-31 04:09:54===> API : /api/auth/checkIP ===> Message : IPs match: 103.255.182.117
info: ===> TimeStamp : 2025-08-31 04:09:54===> API : /api/auth/checkIP ===> Message : checkIPResponse() invoked!
info: ===> TimeStamp : 2025-08-31 04:09:54===> API : /api/auth/checkIP ===> Message : checkIPResponse() completed
info: ===> TimeStamp : 2025-08-31 04:09:54===> API : null ===> Message : validateRequest() invoked
info: ===> TimeStamp : 2025-08-31 04:09:54===> API : null ===> Message : fetchDBSettings()
info: ===> TimeStamp : 2025-08-31 04:09:54===> API : null ===> Message : validateRequest() Invoked!
info: ===> TimeStamp : 2025-08-31 04:09:54===> API : null ===> Message : validRequest() :: Api validated Successfully
info: ===> TimeStamp : 2025-08-31 04:09:54===> API : /api/auth/login ===> Message : loginUser() invoked!!
info: ===> TimeStamp : 2025-08-31 04:09:54===> API : /api/auth/login ===> Message : loginUser() :: Request Object :: [object Object]
info: ===> TimeStamp : 2025-08-31 04:09:54===> API : /api/auth/login ===> Message : loginUserDB() Invoked !
info: ===> TimeStamp : 2025-08-31 04:09:54===> API : /api/auth/login ===> Message : loginUserResponse() invoked!
info: ===> TimeStamp : 2025-08-31 04:09:54===> API : /api/auth/login ===> Message : loginUserResponse() completed
