info: ===> TimeStamp : 2025-06-28 06:50:24===> API : null ===> Message : validateRequest() invoked
info: ===> TimeStamp : 2025-06-28 06:50:24===> API : null ===> Message : fetchDBSettings()
info: ===> TimeStamp : 2025-06-28 06:50:24===> API : null ===> Message : validateRequest() Invoked!
info: ===> TimeStamp : 2025-06-28 06:50:25===> API : null ===> Message : validRequest() :: Api validated Successfully
info: ===> TimeStamp : 2025-06-28 06:50:25===> API : /api/auth/logout ===> Message : logoutUser() :: Request Object :: [object Object]
info: ===> TimeStamp : 2025-06-28 06:50:25===> API : /api/auth/logout ===> Message : logoutUserDB() Invoked !
info: ===> TimeStamp : 2025-06-28 06:50:25===> API : /api/auth/logout ===> Message : logoutUser() invoked!!
info: ===> TimeStamp : 2025-06-28 06:50:25===> API : /api/auth/logout ===> Message : logoutUserResponse() invoked!
info: ===> TimeStamp : 2025-06-28 06:50:25===> API : /api/auth/logout ===> Message : logoutUserResponse() completed
info: ===> TimeStamp : 2025-06-28 06:56:48===> API : null ===> Message : validateRequest() invoked
info: ===> TimeStamp : 2025-06-28 06:56:48===> API : null ===> Message : fetchDBSettings()
info: ===> TimeStamp : 2025-06-28 06:56:48===> API : null ===> Message : validateRequest() Invoked!
info: ===> TimeStamp : 2025-06-28 06:56:48===> API : null ===> Message : validRequest() :: Api validated Successfully
info: ===> TimeStamp : 2025-06-28 06:56:48===> API : /api/auth/validateuser ===> Message : validateUser() invoked!!
info: ===> TimeStamp : 2025-06-28 06:56:48===> API : /api/auth/validateuser ===> Message : validateUser() :: Request Object :: [object Object]
info: ===> TimeStamp : 2025-06-28 06:56:48===> API : /api/auth/validateuser ===> Message : validateUserDB() Invoked !
info: ===> TimeStamp : 2025-06-28 06:56:48===> API : /api/auth/validateuser ===> Message : validateUserDB() :: Error :: {"code":"ER_SIGNAL_EXCEPTION","errno":1644,"sqlState":"10005","sqlMessage":"User Does Not Exist","sql":"CALL usp_validate_user('rakshali', 'rakshali212')"}
info: ===> TimeStamp : 2025-06-28 06:56:48===> API : /api/auth/validateuser ===> Message : validateUserDBResult :: Error :: {"ErrorCode":10005,"ErrorMessage":"User Does Not Exist"}
info: ===> TimeStamp : 2025-06-28 06:56:48===> API : /api/auth/validateuser ===> Message : validateUserResponse() invoked!
info: ===> TimeStamp : 2025-06-28 06:56:48===> API : /api/auth/validateuser ===> Message : validateUserResponse() completed
info: ===> TimeStamp : 2025-06-28 06:56:53===> API : null ===> Message : validateRequest() invoked
info: ===> TimeStamp : 2025-06-28 06:56:53===> API : null ===> Message : fetchDBSettings()
info: ===> TimeStamp : 2025-06-28 06:56:53===> API : null ===> Message : validateRequest() Invoked!
info: ===> TimeStamp : 2025-06-28 06:56:53===> API : null ===> Message : validRequest() :: Api validated Successfully
info: ===> TimeStamp : 2025-06-28 06:56:53===> API : /api/auth/validateuser ===> Message : validateUser() :: Request Object :: [object Object]
info: ===> TimeStamp : 2025-06-28 06:56:53===> API : /api/auth/validateuser ===> Message : validateUser() invoked!!
info: ===> TimeStamp : 2025-06-28 06:56:53===> API : /api/auth/validateuser ===> Message : validateUserDB() Invoked !
info: ===> TimeStamp : 2025-06-28 06:56:53===> API : /api/auth/validateuser ===> Message : validateUserResponse() invoked!
info: ===> TimeStamp : 2025-06-28 06:56:53===> API : /api/auth/validateuser ===> Message : validateUserResponse() completed
info: ===> TimeStamp : 2025-06-28 06:56:53===> API : null ===> Message : validateRequest() invoked
info: ===> TimeStamp : 2025-06-28 06:56:53===> API : null ===> Message : fetchDBSettings()
info: ===> TimeStamp : 2025-06-28 06:56:53===> API : null ===> Message : validateRequest() Invoked!
info: ===> TimeStamp : 2025-06-28 06:56:53===> API : null ===> Message : validRequest() :: Api validated Successfully
info: ===> TimeStamp : 2025-06-28 06:56:53===> API : /api/auth/checkIP ===> Message : checkIP() invoked!!
info: ===> TimeStamp : 2025-06-28 06:56:53===> API : /api/auth/checkIP ===> Message : IPs match: 103.255.182.117
info: ===> TimeStamp : 2025-06-28 06:56:53===> API : /api/auth/checkIP ===> Message : checkIPResponse() invoked!
info: ===> TimeStamp : 2025-06-28 06:56:53===> API : /api/auth/checkIP ===> Message : checkIPResponse() completed
info: ===> TimeStamp : 2025-06-28 06:56:53===> API : null ===> Message : validateRequest() invoked
info: ===> TimeStamp : 2025-06-28 06:56:53===> API : null ===> Message : fetchDBSettings()
info: ===> TimeStamp : 2025-06-28 06:56:53===> API : null ===> Message : validateRequest() Invoked!
info: ===> TimeStamp : 2025-06-28 06:56:54===> API : null ===> Message : validRequest() :: Api validated Successfully
info: ===> TimeStamp : 2025-06-28 06:56:54===> API : /api/auth/login ===> Message : loginUser() invoked!!
info: ===> TimeStamp : 2025-06-28 06:56:54===> API : /api/auth/login ===> Message : loginUser() :: Request Object :: [object Object]
info: ===> TimeStamp : 2025-06-28 06:56:54===> API : /api/auth/login ===> Message : loginUserDB() Invoked !
info: ===> TimeStamp : 2025-06-28 06:56:54===> API : /api/auth/login ===> Message : loginUserResponse() invoked!
info: ===> TimeStamp : 2025-06-28 06:56:54===> API : /api/auth/login ===> Message : loginUserResponse() completed
info: ===> TimeStamp : 2025-06-28 06:57:12===> API : null ===> Message : validateRequest() invoked
info: ===> TimeStamp : 2025-06-28 06:57:12===> API : null ===> Message : fetchDBSettings()
info: ===> TimeStamp : 2025-06-28 06:57:12===> API : null ===> Message : validateRequest() Invoked!
info: ===> TimeStamp : 2025-06-28 06:57:12===> API : null ===> Message : validRequest() :: Api validated Successfully
info: ===> TimeStamp : 2025-06-28 06:57:12===> API : /api/auth/logout ===> Message : logoutUser() invoked!!
info: ===> TimeStamp : 2025-06-28 06:57:12===> API : /api/auth/logout ===> Message : logoutUser() :: Request Object :: [object Object]
info: ===> TimeStamp : 2025-06-28 06:57:12===> API : /api/auth/logout ===> Message : logoutUserDB() Invoked !
info: ===> TimeStamp : 2025-06-28 06:57:13===> API : /api/auth/logout ===> Message : logoutUserResponse() invoked!
info: ===> TimeStamp : 2025-06-28 06:57:13===> API : /api/auth/logout ===> Message : logoutUserResponse() completed
info: ===> TimeStamp : 2025-06-28 06:57:25===> API : null ===> Message : validateRequest() invoked
info: ===> TimeStamp : 2025-06-28 06:57:25===> API : null ===> Message : fetchDBSettings()
info: ===> TimeStamp : 2025-06-28 06:57:25===> API : null ===> Message : validateRequest() Invoked!
info: ===> TimeStamp : 2025-06-28 06:57:25===> API : null ===> Message : validRequest() :: Api validated Successfully
info: ===> TimeStamp : 2025-06-28 06:57:25===> API : /api/auth/validateuser ===> Message : validateUser() invoked!!
info: ===> TimeStamp : 2025-06-28 06:57:25===> API : /api/auth/validateuser ===> Message : validateUser() :: Request Object :: [object Object]
info: ===> TimeStamp : 2025-06-28 06:57:25===> API : /api/auth/validateuser ===> Message : validateUserDB() Invoked !
info: ===> TimeStamp : 2025-06-28 06:57:25===> API : /api/auth/validateuser ===> Message : validateUserResponse() invoked!
info: ===> TimeStamp : 2025-06-28 06:57:25===> API : /api/auth/validateuser ===> Message : validateUserResponse() completed
info: ===> TimeStamp : 2025-06-28 06:57:25===> API : null ===> Message : validateRequest() invoked
info: ===> TimeStamp : 2025-06-28 06:57:25===> API : null ===> Message : fetchDBSettings()
info: ===> TimeStamp : 2025-06-28 06:57:25===> API : null ===> Message : validateRequest() Invoked!
info: ===> TimeStamp : 2025-06-28 06:57:25===> API : null ===> Message : validRequest() :: Api validated Successfully
info: ===> TimeStamp : 2025-06-28 06:57:25===> API : /api/auth/checkIP ===> Message : checkIP() invoked!!
info: ===> TimeStamp : 2025-06-28 06:57:25===> API : /api/auth/checkIP ===> Message : IPs match: 103.255.182.117
info: ===> TimeStamp : 2025-06-28 06:57:25===> API : /api/auth/checkIP ===> Message : checkIPResponse() invoked!
info: ===> TimeStamp : 2025-06-28 06:57:25===> API : /api/auth/checkIP ===> Message : checkIPResponse() completed
info: ===> TimeStamp : 2025-06-28 06:57:25===> API : null ===> Message : validateRequest() invoked
info: ===> TimeStamp : 2025-06-28 06:57:25===> API : null ===> Message : fetchDBSettings()
info: ===> TimeStamp : 2025-06-28 06:57:25===> API : null ===> Message : validateRequest() Invoked!
info: ===> TimeStamp : 2025-06-28 06:57:25===> API : null ===> Message : validRequest() :: Api validated Successfully
info: ===> TimeStamp : 2025-06-28 06:57:25===> API : /api/auth/login ===> Message : loginUser() invoked!!
info: ===> TimeStamp : 2025-06-28 06:57:25===> API : /api/auth/login ===> Message : loginUser() :: Request Object :: [object Object]
info: ===> TimeStamp : 2025-06-28 06:57:25===> API : /api/auth/login ===> Message : loginUserDB() Invoked !
info: ===> TimeStamp : 2025-06-28 06:57:25===> API : /api/auth/login ===> Message : loginUserResponse() invoked!
info: ===> TimeStamp : 2025-06-28 06:57:25===> API : /api/auth/login ===> Message : loginUserResponse() completed
info: ===> TimeStamp : 2025-06-28 10:13:44===> API : null ===> Message : validateRequest() invoked
info: ===> TimeStamp : 2025-06-28 10:13:44===> API : null ===> Message : validateRequest() Error:: Invalid Request :: 
      {"apiUri":"/"}
info: ===> TimeStamp : 2025-06-28 10:13:48===> API : null ===> Message : validateRequest() invoked
info: ===> TimeStamp : 2025-06-28 10:13:48===> API : null ===> Message : validateRequest() Error:: Invalid Request :: 
      {"apiUri":"/"}
info: ===> TimeStamp : 2025-06-28 10:13:48===> API : null ===> Message : validateRequest() invoked
info: ===> TimeStamp : 2025-06-28 10:13:48===> API : null ===> Message : validateRequest() Error:: Invalid Request :: 
      {"apiUri":"/@vite/env"}
info: ===> TimeStamp : 2025-06-28 10:13:49===> API : null ===> Message : validateRequest() invoked
info: ===> TimeStamp : 2025-06-28 10:13:49===> API : null ===> Message : validateRequest() Error:: Invalid Request :: 
      {"apiUri":"/actuator/env"}
info: ===> TimeStamp : 2025-06-28 10:13:49===> API : null ===> Message : validateRequest() invoked
info: ===> TimeStamp : 2025-06-28 10:13:49===> API : null ===> Message : validateRequest() Error:: Invalid Request :: 
      {"apiUri":"/php-cgi/php-cgi.exe"}
info: ===> TimeStamp : 2025-06-28 10:13:50===> API : null ===> Message : validateRequest() invoked
info: ===> TimeStamp : 2025-06-28 10:13:50===> API : null ===> Message : validateRequest() Error:: Invalid Request :: 
      {"apiUri":"/server"}
info: ===> TimeStamp : 2025-06-28 10:13:50===> API : null ===> Message : validateRequest() invoked
info: ===> TimeStamp : 2025-06-28 10:13:50===> API : null ===> Message : validateRequest() Error:: Invalid Request :: 
      {"apiUri":"/.vscode/sftp.json"}
info: ===> TimeStamp : 2025-06-28 10:13:50===> API : null ===> Message : validateRequest() invoked
info: ===> TimeStamp : 2025-06-28 10:13:50===> API : null ===> Message : validateRequest() Error:: Invalid Request :: 
      {"apiUri":"/about"}
info: ===> TimeStamp : 2025-06-28 10:13:51===> API : null ===> Message : validateRequest() invoked
info: ===> TimeStamp : 2025-06-28 10:13:51===> API : null ===> Message : validateRequest() Error:: Invalid Request :: 
      {"apiUri":"/debug/default/view"}
info: ===> TimeStamp : 2025-06-28 10:13:51===> API : null ===> Message : validateRequest() invoked
info: ===> TimeStamp : 2025-06-28 10:13:51===> API : null ===> Message : validateRequest() Error:: Invalid Request :: 
      {"apiUri":"/v2/_catalog"}
info: ===> TimeStamp : 2025-06-28 10:13:51===> API : null ===> Message : validateRequest() invoked
info: ===> TimeStamp : 2025-06-28 10:13:51===> API : null ===> Message : validateRequest() Error:: Invalid Request :: 
      {"apiUri":"/ecp/Current/exporttool/microsoft.exchange.ediscovery.exporttool.application"}
info: ===> TimeStamp : 2025-06-28 10:13:52===> API : null ===> Message : validateRequest() invoked
info: ===> TimeStamp : 2025-06-28 10:13:52===> API : null ===> Message : validateRequest() Error:: Invalid Request :: 
      {"apiUri":"/server-status"}
info: ===> TimeStamp : 2025-06-28 10:13:52===> API : null ===> Message : validateRequest() invoked
info: ===> TimeStamp : 2025-06-28 10:13:52===> API : null ===> Message : validateRequest() Error:: Invalid Request :: 
      {"apiUri":"/login.action"}
info: ===> TimeStamp : 2025-06-28 10:13:53===> API : null ===> Message : validateRequest() invoked
info: ===> TimeStamp : 2025-06-28 10:13:53===> API : null ===> Message : validateRequest() Error:: Invalid Request :: 
      {"apiUri":"/_all_dbs"}
info: ===> TimeStamp : 2025-06-28 10:13:53===> API : null ===> Message : validateRequest() invoked
info: ===> TimeStamp : 2025-06-28 10:13:53===> API : null ===> Message : validateRequest() Error:: Invalid Request :: 
      {"apiUri":"/.DS_Store"}
info: ===> TimeStamp : 2025-06-28 10:13:53===> API : null ===> Message : validateRequest() invoked
info: ===> TimeStamp : 2025-06-28 10:13:53===> API : null ===> Message : validateRequest() Error:: Invalid Request :: 
      {"apiUri":"/.env"}
info: ===> TimeStamp : 2025-06-28 10:13:54===> API : null ===> Message : validateRequest() invoked
info: ===> TimeStamp : 2025-06-28 10:13:54===> API : null ===> Message : validateRequest() Error:: Invalid Request :: 
      {"apiUri":"/.git/config"}
info: ===> TimeStamp : 2025-06-28 10:13:54===> API : null ===> Message : validateRequest() invoked
info: ===> TimeStamp : 2025-06-28 10:13:54===> API : null ===> Message : validateRequest() Error:: Invalid Request :: 
      {"apiUri":"/s/535313e27313e273e233/_/;/META-INF/maven/com.atlassian.jira/jira-webapp-dist/pom.properties"}
info: ===> TimeStamp : 2025-06-28 10:13:55===> API : null ===> Message : validateRequest() invoked
info: ===> TimeStamp : 2025-06-28 10:13:55===> API : null ===> Message : validateRequest() Error:: Invalid Request :: 
      {"apiUri":"/config.json"}
info: ===> TimeStamp : 2025-06-28 10:13:55===> API : null ===> Message : validateRequest() invoked
info: ===> TimeStamp : 2025-06-28 10:13:55===> API : null ===> Message : validateRequest() Error:: Invalid Request :: 
      {"apiUri":"/telescope/requests"}
info: ===> TimeStamp : 2025-06-28 10:13:55===> API : null ===> Message : validateRequest() invoked
info: ===> TimeStamp : 2025-06-28 10:13:55===> API : null ===> Message : validateRequest() Error:: Invalid Request :: 
      {"apiUri":"/info.php"}
info: ===> TimeStamp : 2025-06-28 10:13:56===> API : null ===> Message : validateRequest() invoked
info: ===> TimeStamp : 2025-06-28 10:13:56===> API : null ===> Message : validateRequest() Error:: Invalid Request :: 
      {"apiUri":"/"}
info: ===> TimeStamp : 2025-06-28 13:43:26===> API : null ===> Message : validateRequest() invoked
info: ===> TimeStamp : 2025-06-28 13:43:26===> API : null ===> Message : fetchDBSettings()
info: ===> TimeStamp : 2025-06-28 13:43:26===> API : null ===> Message : validateRequest() Invoked!
info: ===> TimeStamp : 2025-06-28 13:43:26===> API : null ===> Message : validRequest() :: Api validated Successfully
info: ===> TimeStamp : 2025-06-28 13:43:26===> API : /api/auth/validateuser ===> Message : validateUser() invoked!!
info: ===> TimeStamp : 2025-06-28 13:43:26===> API : /api/auth/validateuser ===> Message : validateUser() :: Request Object :: [object Object]
info: ===> TimeStamp : 2025-06-28 13:43:26===> API : /api/auth/validateuser ===> Message : validateUserDB() Invoked !
info: ===> TimeStamp : 2025-06-28 13:43:26===> API : /api/auth/validateuser ===> Message : validateUserResponse() invoked!
info: ===> TimeStamp : 2025-06-28 13:43:26===> API : /api/auth/validateuser ===> Message : validateUserResponse() completed
info: ===> TimeStamp : 2025-06-28 13:43:26===> API : null ===> Message : validateRequest() invoked
info: ===> TimeStamp : 2025-06-28 13:43:26===> API : null ===> Message : fetchDBSettings()
info: ===> TimeStamp : 2025-06-28 13:43:26===> API : null ===> Message : validateRequest() Invoked!
info: ===> TimeStamp : 2025-06-28 13:43:26===> API : null ===> Message : validRequest() :: Api validated Successfully
info: ===> TimeStamp : 2025-06-28 13:43:26===> API : /api/auth/login ===> Message : loginUser() :: Request Object :: [object Object]
info: ===> TimeStamp : 2025-06-28 13:43:26===> API : /api/auth/login ===> Message : loginUser() invoked!!
info: ===> TimeStamp : 2025-06-28 13:43:26===> API : /api/auth/login ===> Message : loginUserDB() Invoked !
info: ===> TimeStamp : 2025-06-28 13:43:26===> API : /api/auth/login ===> Message : loginUserResponse() invoked!
info: ===> TimeStamp : 2025-06-28 13:43:26===> API : /api/auth/login ===> Message : loginUserResponse() completed
info: ===> TimeStamp : 2025-06-28 13:43:30===> API : null ===> Message : validateRequest() invoked
info: ===> TimeStamp : 2025-06-28 13:43:30===> API : null ===> Message : fetchDBSettings()
info: ===> TimeStamp : 2025-06-28 13:43:30===> API : null ===> Message : validateRequest() Invoked!
info: ===> TimeStamp : 2025-06-28 13:43:30===> API : null ===> Message : validRequest() :: Api validated Successfully
info: ===> TimeStamp : 2025-06-28 13:43:30===> API : /api/auth/logout ===> Message : logoutUser() invoked!!
info: ===> TimeStamp : 2025-06-28 13:43:30===> API : /api/auth/logout ===> Message : logoutUser() :: Request Object :: [object Object]
info: ===> TimeStamp : 2025-06-28 13:43:30===> API : /api/auth/logout ===> Message : logoutUserDB() Invoked !
info: ===> TimeStamp : 2025-06-28 13:43:31===> API : /api/auth/logout ===> Message : logoutUserResponse() invoked!
info: ===> TimeStamp : 2025-06-28 13:43:31===> API : /api/auth/logout ===> Message : logoutUserResponse() completed
info: ===> TimeStamp : 2025-06-28 13:43:41===> API : null ===> Message : validateRequest() invoked
info: ===> TimeStamp : 2025-06-28 13:43:41===> API : null ===> Message : fetchDBSettings()
info: ===> TimeStamp : 2025-06-28 13:43:41===> API : null ===> Message : validateRequest() Invoked!
info: ===> TimeStamp : 2025-06-28 13:43:41===> API : null ===> Message : validRequest() :: Api validated Successfully
info: ===> TimeStamp : 2025-06-28 13:43:41===> API : /api/auth/validateuser ===> Message : validateUser() invoked!!
info: ===> TimeStamp : 2025-06-28 13:43:41===> API : /api/auth/validateuser ===> Message : validateUser() :: Request Object :: [object Object]
info: ===> TimeStamp : 2025-06-28 13:43:41===> API : /api/auth/validateuser ===> Message : validateUserDB() Invoked !
info: ===> TimeStamp : 2025-06-28 13:43:41===> API : /api/auth/validateuser ===> Message : validateUserResponse() invoked!
info: ===> TimeStamp : 2025-06-28 13:43:41===> API : /api/auth/validateuser ===> Message : validateUserResponse() completed
info: ===> TimeStamp : 2025-06-28 13:43:41===> API : null ===> Message : validateRequest() invoked
info: ===> TimeStamp : 2025-06-28 13:43:41===> API : null ===> Message : fetchDBSettings()
info: ===> TimeStamp : 2025-06-28 13:43:41===> API : null ===> Message : validateRequest() Invoked!
info: ===> TimeStamp : 2025-06-28 13:43:41===> API : null ===> Message : validRequest() :: Api validated Successfully
info: ===> TimeStamp : 2025-06-28 13:43:41===> API : /api/auth/login ===> Message : loginUser() invoked!!
info: ===> TimeStamp : 2025-06-28 13:43:41===> API : /api/auth/login ===> Message : loginUser() :: Request Object :: [object Object]
info: ===> TimeStamp : 2025-06-28 13:43:41===> API : /api/auth/login ===> Message : loginUserDB() Invoked !
info: ===> TimeStamp : 2025-06-28 13:43:41===> API : /api/auth/login ===> Message : loginUserResponse() invoked!
info: ===> TimeStamp : 2025-06-28 13:43:41===> API : /api/auth/login ===> Message : loginUserResponse() completed
info: ===> TimeStamp : 2025-06-28 14:42:20===> API : null ===> Message : validateRequest() invoked
info: ===> TimeStamp : 2025-06-28 14:42:20===> API : null ===> Message : fetchDBSettings()
info: ===> TimeStamp : 2025-06-28 14:42:20===> API : null ===> Message : validateRequest() Invoked!
info: ===> TimeStamp : 2025-06-28 14:42:20===> API : null ===> Message : validRequest() :: Api validated Successfully
info: ===> TimeStamp : 2025-06-28 14:42:20===> API : /api/auth/logout ===> Message : logoutUser() invoked!!
info: ===> TimeStamp : 2025-06-28 14:42:20===> API : /api/auth/logout ===> Message : logoutUser() :: Request Object :: [object Object]
info: ===> TimeStamp : 2025-06-28 14:42:20===> API : /api/auth/logout ===> Message : logoutUserDB() Invoked !
info: ===> TimeStamp : 2025-06-28 14:42:20===> API : /api/auth/logout ===> Message : logoutUserResponse() invoked!
info: ===> TimeStamp : 2025-06-28 14:42:20===> API : /api/auth/logout ===> Message : logoutUserResponse() completed
info: ===> TimeStamp : 2025-06-28 14:46:08===> API : null ===> Message : validateRequest() invoked
info: ===> TimeStamp : 2025-06-28 14:46:08===> API : null ===> Message : fetchDBSettings()
info: ===> TimeStamp : 2025-06-28 14:46:08===> API : null ===> Message : validateRequest() Invoked!
info: ===> TimeStamp : 2025-06-28 14:46:08===> API : null ===> Message : validRequest() :: Api validated Successfully
info: ===> TimeStamp : 2025-06-28 14:46:08===> API : /api/auth/logout ===> Message : logoutUser() invoked!!
info: ===> TimeStamp : 2025-06-28 14:46:08===> API : /api/auth/logout ===> Message : logoutUser() :: Request Object :: [object Object]
info: ===> TimeStamp : 2025-06-28 14:46:08===> API : /api/auth/logout ===> Message : logoutUserDB() Invoked !
info: ===> TimeStamp : 2025-06-28 14:46:08===> API : /api/auth/logout ===> Message : logoutUserResponse() invoked!
info: ===> TimeStamp : 2025-06-28 14:46:08===> API : /api/auth/logout ===> Message : logoutUserResponse() completed
info: ===> TimeStamp : 2025-06-28 14:46:37===> API : null ===> Message : validateRequest() invoked
info: ===> TimeStamp : 2025-06-28 14:46:37===> API : null ===> Message : fetchDBSettings()
info: ===> TimeStamp : 2025-06-28 14:46:37===> API : null ===> Message : validateRequest() Invoked!
info: ===> TimeStamp : 2025-06-28 14:46:37===> API : null ===> Message : validRequest() :: Api validated Successfully
info: ===> TimeStamp : 2025-06-28 14:46:37===> API : /api/auth/validateuser ===> Message : validateUser() invoked!!
info: ===> TimeStamp : 2025-06-28 14:46:37===> API : /api/auth/validateuser ===> Message : validateUser() :: Request Object :: [object Object]
info: ===> TimeStamp : 2025-06-28 14:46:37===> API : /api/auth/validateuser ===> Message : validateUserDB() Invoked !
info: ===> TimeStamp : 2025-06-28 14:46:37===> API : /api/auth/validateuser ===> Message : validateUserResponse() invoked!
info: ===> TimeStamp : 2025-06-28 14:46:37===> API : /api/auth/validateuser ===> Message : validateUserResponse() completed
info: ===> TimeStamp : 2025-06-28 14:46:37===> API : null ===> Message : validateRequest() invoked
info: ===> TimeStamp : 2025-06-28 14:46:37===> API : null ===> Message : fetchDBSettings()
info: ===> TimeStamp : 2025-06-28 14:46:37===> API : null ===> Message : validateRequest() Invoked!
info: ===> TimeStamp : 2025-06-28 14:46:37===> API : null ===> Message : validRequest() :: Api validated Successfully
info: ===> TimeStamp : 2025-06-28 14:46:37===> API : /api/auth/checkIP ===> Message : checkIP() invoked!!
info: ===> TimeStamp : 2025-06-28 14:46:37===> API : /api/auth/checkIP ===> Message : IPs match: 103.255.182.117
info: ===> TimeStamp : 2025-06-28 14:46:37===> API : /api/auth/checkIP ===> Message : checkIPResponse() invoked!
info: ===> TimeStamp : 2025-06-28 14:46:37===> API : /api/auth/checkIP ===> Message : checkIPResponse() completed
info: ===> TimeStamp : 2025-06-28 14:46:37===> API : null ===> Message : validateRequest() invoked
info: ===> TimeStamp : 2025-06-28 14:46:37===> API : null ===> Message : fetchDBSettings()
info: ===> TimeStamp : 2025-06-28 14:46:37===> API : null ===> Message : validateRequest() Invoked!
info: ===> TimeStamp : 2025-06-28 14:46:37===> API : null ===> Message : validRequest() :: Api validated Successfully
info: ===> TimeStamp : 2025-06-28 14:46:37===> API : /api/auth/login ===> Message : loginUser() invoked!!
info: ===> TimeStamp : 2025-06-28 14:46:37===> API : /api/auth/login ===> Message : loginUser() :: Request Object :: [object Object]
info: ===> TimeStamp : 2025-06-28 14:46:37===> API : /api/auth/login ===> Message : loginUserDB() Invoked !
info: ===> TimeStamp : 2025-06-28 14:46:37===> API : /api/auth/login ===> Message : loginUserResponse() invoked!
info: ===> TimeStamp : 2025-06-28 14:46:37===> API : /api/auth/login ===> Message : loginUserResponse() completed
info: ===> TimeStamp : 2025-06-28 14:46:54===> API : null ===> Message : fetchDBSettings()
info: ===> TimeStamp : 2025-06-28 14:46:54===> API : null ===> Message : validateRequest() invoked
info: ===> TimeStamp : 2025-06-28 14:46:54===> API : null ===> Message : validateRequest() Invoked!
info: ===> TimeStamp : 2025-06-28 14:46:54===> API : null ===> Message : validRequest() :: Api validated Successfully
info: ===> TimeStamp : 2025-06-28 14:46:54===> API : /api/auth/validateuser ===> Message : validateUser() invoked!!
info: ===> TimeStamp : 2025-06-28 14:46:54===> API : /api/auth/validateuser ===> Message : validateUser() :: Request Object :: [object Object]
info: ===> TimeStamp : 2025-06-28 14:46:54===> API : /api/auth/validateuser ===> Message : validateUserDB() Invoked !
info: ===> TimeStamp : 2025-06-28 14:46:54===> API : /api/auth/validateuser ===> Message : validateUserResponse() invoked!
info: ===> TimeStamp : 2025-06-28 14:46:54===> API : /api/auth/validateuser ===> Message : validateUserResponse() completed
info: ===> TimeStamp : 2025-06-28 14:46:54===> API : null ===> Message : validateRequest() invoked
info: ===> TimeStamp : 2025-06-28 14:46:54===> API : null ===> Message : fetchDBSettings()
info: ===> TimeStamp : 2025-06-28 14:46:54===> API : null ===> Message : validateRequest() Invoked!
info: ===> TimeStamp : 2025-06-28 14:46:54===> API : null ===> Message : validRequest() :: Api validated Successfully
info: ===> TimeStamp : 2025-06-28 14:46:54===> API : /api/auth/checkIP ===> Message : checkIP() invoked!!
info: ===> TimeStamp : 2025-06-28 14:46:54===> API : /api/auth/checkIP ===> Message : IPs match: 103.255.182.117
info: ===> TimeStamp : 2025-06-28 14:46:54===> API : /api/auth/checkIP ===> Message : checkIPResponse() invoked!
info: ===> TimeStamp : 2025-06-28 14:46:54===> API : /api/auth/checkIP ===> Message : checkIPResponse() completed
info: ===> TimeStamp : 2025-06-28 14:46:54===> API : null ===> Message : validateRequest() invoked
info: ===> TimeStamp : 2025-06-28 14:46:54===> API : null ===> Message : fetchDBSettings()
info: ===> TimeStamp : 2025-06-28 14:46:54===> API : null ===> Message : validateRequest() Invoked!
info: ===> TimeStamp : 2025-06-28 14:46:54===> API : null ===> Message : validRequest() :: Api validated Successfully
info: ===> TimeStamp : 2025-06-28 14:46:54===> API : /api/auth/login ===> Message : loginUser() invoked!!
info: ===> TimeStamp : 2025-06-28 14:46:54===> API : /api/auth/login ===> Message : loginUser() :: Request Object :: [object Object]
info: ===> TimeStamp : 2025-06-28 14:46:54===> API : /api/auth/login ===> Message : loginUserDB() Invoked !
info: ===> TimeStamp : 2025-06-28 14:46:54===> API : /api/auth/login ===> Message : loginUserResponse() invoked!
info: ===> TimeStamp : 2025-06-28 14:46:54===> API : /api/auth/login ===> Message : loginUserResponse() completed
info: ===> TimeStamp : 2025-06-28 14:49:03===> API : null ===> Message : validateRequest() invoked
info: ===> TimeStamp : 2025-06-28 14:49:03===> API : null ===> Message : fetchDBSettings()
info: ===> TimeStamp : 2025-06-28 14:49:03===> API : null ===> Message : validateRequest() Invoked!
info: ===> TimeStamp : 2025-06-28 14:49:03===> API : null ===> Message : validRequest() :: Api validated Successfully
info: ===> TimeStamp : 2025-06-28 14:49:03===> API : /api/auth/validateuser ===> Message : validateUser() invoked!!
info: ===> TimeStamp : 2025-06-28 14:49:03===> API : /api/auth/validateuser ===> Message : validateUser() :: Request Object :: [object Object]
info: ===> TimeStamp : 2025-06-28 14:49:03===> API : /api/auth/validateuser ===> Message : validateUserDB() Invoked !
info: ===> TimeStamp : 2025-06-28 14:49:03===> API : /api/auth/validateuser ===> Message : validateUserResponse() invoked!
info: ===> TimeStamp : 2025-06-28 14:49:03===> API : /api/auth/validateuser ===> Message : validateUserResponse() completed
info: ===> TimeStamp : 2025-06-28 14:49:03===> API : null ===> Message : fetchDBSettings()
info: ===> TimeStamp : 2025-06-28 14:49:03===> API : null ===> Message : validateRequest() invoked
info: ===> TimeStamp : 2025-06-28 14:49:03===> API : null ===> Message : validateRequest() Invoked!
info: ===> TimeStamp : 2025-06-28 14:49:03===> API : null ===> Message : validRequest() :: Api validated Successfully
info: ===> TimeStamp : 2025-06-28 14:49:03===> API : /api/auth/login ===> Message : loginUser() invoked!!
info: ===> TimeStamp : 2025-06-28 14:49:03===> API : /api/auth/login ===> Message : loginUser() :: Request Object :: [object Object]
info: ===> TimeStamp : 2025-06-28 14:49:03===> API : /api/auth/login ===> Message : loginUserDB() Invoked !
info: ===> TimeStamp : 2025-06-28 14:49:03===> API : /api/auth/login ===> Message : loginUserResponse() invoked!
info: ===> TimeStamp : 2025-06-28 14:49:03===> API : /api/auth/login ===> Message : loginUserResponse() completed
info: ===> TimeStamp : 2025-06-28 15:41:30===> API : null ===> Message : validateRequest() invoked
info: ===> TimeStamp : 2025-06-28 15:41:30===> API : null ===> Message : fetchDBSettings()
info: ===> TimeStamp : 2025-06-28 15:41:30===> API : null ===> Message : validateRequest() Invoked!
info: ===> TimeStamp : 2025-06-28 15:41:30===> API : null ===> Message : validRequest() :: Api validated Successfully
info: ===> TimeStamp : 2025-06-28 15:41:30===> API : /api/auth/logout ===> Message : logoutUser() invoked!!
info: ===> TimeStamp : 2025-06-28 15:41:30===> API : /api/auth/logout ===> Message : logoutUser() :: Request Object :: [object Object]
info: ===> TimeStamp : 2025-06-28 15:41:30===> API : /api/auth/logout ===> Message : logoutUserDB() Invoked !
info: ===> TimeStamp : 2025-06-28 15:41:30===> API : /api/auth/logout ===> Message : logoutUserResponse() invoked!
info: ===> TimeStamp : 2025-06-28 15:41:30===> API : /api/auth/logout ===> Message : logoutUserResponse() completed
info: ===> TimeStamp : 2025-06-28 15:43:04===> API : null ===> Message : validateRequest() invoked
info: ===> TimeStamp : 2025-06-28 15:43:04===> API : null ===> Message : fetchDBSettings()
info: ===> TimeStamp : 2025-06-28 15:43:04===> API : null ===> Message : validateRequest() Invoked!
info: ===> TimeStamp : 2025-06-28 15:43:04===> API : null ===> Message : validRequest() :: Api validated Successfully
info: ===> TimeStamp : 2025-06-28 15:43:04===> API : /api/auth/validateuser ===> Message : validateUser() invoked!!
info: ===> TimeStamp : 2025-06-28 15:43:04===> API : /api/auth/validateuser ===> Message : validateUser() :: Request Object :: [object Object]
info: ===> TimeStamp : 2025-06-28 15:43:04===> API : /api/auth/validateuser ===> Message : validateUserDB() Invoked !
info: ===> TimeStamp : 2025-06-28 15:43:04===> API : /api/auth/validateuser ===> Message : validateUserResponse() invoked!
info: ===> TimeStamp : 2025-06-28 15:43:04===> API : /api/auth/validateuser ===> Message : validateUserResponse() completed
info: ===> TimeStamp : 2025-06-28 15:43:04===> API : null ===> Message : validateRequest() invoked
info: ===> TimeStamp : 2025-06-28 15:43:04===> API : null ===> Message : fetchDBSettings()
info: ===> TimeStamp : 2025-06-28 15:43:04===> API : null ===> Message : validateRequest() Invoked!
info: ===> TimeStamp : 2025-06-28 15:43:04===> API : null ===> Message : validRequest() :: Api validated Successfully
info: ===> TimeStamp : 2025-06-28 15:43:04===> API : /api/auth/login ===> Message : loginUser() invoked!!
info: ===> TimeStamp : 2025-06-28 15:43:04===> API : /api/auth/login ===> Message : loginUser() :: Request Object :: [object Object]
info: ===> TimeStamp : 2025-06-28 15:43:04===> API : /api/auth/login ===> Message : loginUserDB() Invoked !
info: ===> TimeStamp : 2025-06-28 15:43:04===> API : /api/auth/login ===> Message : loginUserResponse() invoked!
info: ===> TimeStamp : 2025-06-28 15:43:04===> API : /api/auth/login ===> Message : loginUserResponse() completed
info: ===> TimeStamp : 2025-06-28 15:43:10===> API : null ===> Message : validateRequest() invoked
info: ===> TimeStamp : 2025-06-28 15:43:10===> API : null ===> Message : fetchDBSettings()
info: ===> TimeStamp : 2025-06-28 15:43:10===> API : null ===> Message : validateRequest() Invoked!
info: ===> TimeStamp : 2025-06-28 15:43:10===> API : null ===> Message : validRequest() :: Api validated Successfully
info: ===> TimeStamp : 2025-06-28 15:43:10===> API : /api/auth/logout ===> Message : logoutUser() invoked!!
info: ===> TimeStamp : 2025-06-28 15:43:10===> API : /api/auth/logout ===> Message : logoutUser() :: Request Object :: [object Object]
info: ===> TimeStamp : 2025-06-28 15:43:10===> API : /api/auth/logout ===> Message : logoutUserDB() Invoked !
info: ===> TimeStamp : 2025-06-28 15:43:10===> API : /api/auth/logout ===> Message : logoutUserResponse() invoked!
info: ===> TimeStamp : 2025-06-28 15:43:10===> API : /api/auth/logout ===> Message : logoutUserResponse() completed
info: ===> TimeStamp : 2025-06-28 16:04:32===> API : null ===> Message : validateRequest() invoked
info: ===> TimeStamp : 2025-06-28 16:04:32===> API : null ===> Message : validateRequest() Error:: Invalid Request :: 
      {"apiUri":"/"}
info: ===> TimeStamp : 2025-06-28 16:15:20===> API : null ===> Message : validateRequest() invoked
info: ===> TimeStamp : 2025-06-28 16:15:20===> API : null ===> Message : fetchDBSettings()
info: ===> TimeStamp : 2025-06-28 16:15:20===> API : null ===> Message : validateRequest() Invoked!
info: ===> TimeStamp : 2025-06-28 16:15:20===> API : null ===> Message : validRequest() :: Api validated Successfully
info: ===> TimeStamp : 2025-06-28 16:15:20===> API : /api/auth/validateuser ===> Message : validateUser() invoked!!
info: ===> TimeStamp : 2025-06-28 16:15:20===> API : /api/auth/validateuser ===> Message : validateUser() :: Request Object :: [object Object]
info: ===> TimeStamp : 2025-06-28 16:15:20===> API : /api/auth/validateuser ===> Message : validateUserDB() Invoked !
info: ===> TimeStamp : 2025-06-28 16:15:20===> API : /api/auth/validateuser ===> Message : validateUserResponse() invoked!
info: ===> TimeStamp : 2025-06-28 16:15:20===> API : /api/auth/validateuser ===> Message : validateUserResponse() completed
info: ===> TimeStamp : 2025-06-28 16:15:21===> API : null ===> Message : validateRequest() invoked
info: ===> TimeStamp : 2025-06-28 16:15:21===> API : null ===> Message : fetchDBSettings()
info: ===> TimeStamp : 2025-06-28 16:15:21===> API : null ===> Message : validateRequest() Invoked!
info: ===> TimeStamp : 2025-06-28 16:15:21===> API : null ===> Message : validRequest() :: Api validated Successfully
info: ===> TimeStamp : 2025-06-28 16:15:21===> API : /api/auth/checkIP ===> Message : IPs match: 103.255.182.117
info: ===> TimeStamp : 2025-06-28 16:15:21===> API : /api/auth/checkIP ===> Message : checkIP() invoked!!
info: ===> TimeStamp : 2025-06-28 16:15:21===> API : /api/auth/checkIP ===> Message : checkIPResponse() invoked!
info: ===> TimeStamp : 2025-06-28 16:15:21===> API : /api/auth/checkIP ===> Message : checkIPResponse() completed
info: ===> TimeStamp : 2025-06-28 16:15:21===> API : null ===> Message : validateRequest() invoked
info: ===> TimeStamp : 2025-06-28 16:15:21===> API : null ===> Message : fetchDBSettings()
info: ===> TimeStamp : 2025-06-28 16:15:21===> API : null ===> Message : validateRequest() Invoked!
info: ===> TimeStamp : 2025-06-28 16:15:21===> API : null ===> Message : validRequest() :: Api validated Successfully
info: ===> TimeStamp : 2025-06-28 16:15:21===> API : /api/auth/login ===> Message : loginUser() invoked!!
info: ===> TimeStamp : 2025-06-28 16:15:21===> API : /api/auth/login ===> Message : loginUser() :: Request Object :: [object Object]
info: ===> TimeStamp : 2025-06-28 16:15:21===> API : /api/auth/login ===> Message : loginUserDB() Invoked !
info: ===> TimeStamp : 2025-06-28 16:15:21===> API : /api/auth/login ===> Message : loginUserResponse() invoked!
info: ===> TimeStamp : 2025-06-28 16:15:21===> API : /api/auth/login ===> Message : loginUserResponse() completed
info: ===> TimeStamp : 2025-06-28 18:07:09===> API : null ===> Message : validateRequest() invoked
info: ===> TimeStamp : 2025-06-28 18:07:09===> API : null ===> Message : fetchDBSettings()
info: ===> TimeStamp : 2025-06-28 18:07:09===> API : null ===> Message : validateRequest() Invoked!
info: ===> TimeStamp : 2025-06-28 18:07:09===> API : null ===> Message : validRequest() :: Api validated Successfully
info: ===> TimeStamp : 2025-06-28 18:07:09===> API : /api/auth/validateuser ===> Message : validateUser() invoked!!
info: ===> TimeStamp : 2025-06-28 18:07:09===> API : /api/auth/validateuser ===> Message : validateUser() :: Request Object :: [object Object]
info: ===> TimeStamp : 2025-06-28 18:07:09===> API : /api/auth/validateuser ===> Message : validateUserDB() Invoked !
info: ===> TimeStamp : 2025-06-28 18:07:09===> API : /api/auth/validateuser ===> Message : validateUserResponse() invoked!
info: ===> TimeStamp : 2025-06-28 18:07:09===> API : /api/auth/validateuser ===> Message : validateUserResponse() completed
info: ===> TimeStamp : 2025-06-28 18:07:09===> API : null ===> Message : validateRequest() invoked
info: ===> TimeStamp : 2025-06-28 18:07:09===> API : null ===> Message : fetchDBSettings()
info: ===> TimeStamp : 2025-06-28 18:07:09===> API : null ===> Message : validateRequest() Invoked!
info: ===> TimeStamp : 2025-06-28 18:07:09===> API : null ===> Message : validRequest() :: Api validated Successfully
info: ===> TimeStamp : 2025-06-28 18:07:09===> API : /api/auth/login ===> Message : loginUser() invoked!!
info: ===> TimeStamp : 2025-06-28 18:07:09===> API : /api/auth/login ===> Message : loginUser() :: Request Object :: [object Object]
info: ===> TimeStamp : 2025-06-28 18:07:09===> API : /api/auth/login ===> Message : loginUserDB() Invoked !
info: ===> TimeStamp : 2025-06-28 18:07:09===> API : /api/auth/login ===> Message : loginUserResponse() invoked!
info: ===> TimeStamp : 2025-06-28 18:07:09===> API : /api/auth/login ===> Message : loginUserResponse() completed
info: ===> TimeStamp : 2025-06-28 18:12:58===> API : null ===> Message : validateRequest() invoked
info: ===> TimeStamp : 2025-06-28 18:12:58===> API : null ===> Message : validateRequest() Error:: Invalid Request :: 
      {"apiUri":"/"}
info: ===> TimeStamp : 2025-06-28 18:30:03===> API : null ===> Message : validateRequest() Error:: Invalid Request :: 
      {"apiUri":"/"}
info: ===> TimeStamp : 2025-06-28 18:30:03===> API : null ===> Message : validateRequest() invoked
info: ===> TimeStamp : 2025-06-28 18:30:08===> API : null ===> Message : validateRequest() invoked
info: ===> TimeStamp : 2025-06-28 18:30:08===> API : null ===> Message : validateRequest() Error:: Invalid Request :: 
      {"apiUri":"/favicon.ico"}
info: ===> TimeStamp : 2025-06-28 18:30:26===> API : null ===> Message : validateRequest() invoked
info: ===> TimeStamp : 2025-06-28 18:30:26===> API : null ===> Message : validateRequest() Error:: Invalid Request :: 
      {"apiUri":"/favicon.ico"}
info: ===> TimeStamp : 2025-06-28 18:30:43===> API : null ===> Message : validateRequest() invoked
info: ===> TimeStamp : 2025-06-28 18:30:43===> API : null ===> Message : validateRequest() Error:: Invalid Request :: 
      {"apiUri":"/robots.txt"}
info: ===> TimeStamp : 2025-06-28 18:43:58===> API : null ===> Message : validateRequest() invoked
info: ===> TimeStamp : 2025-06-28 18:43:58===> API : null ===> Message : validateRequest() Error:: Invalid Request :: 
      {"apiUri":"/pdown"}
info: ===> TimeStamp : 2025-06-28 18:56:57===> API : null ===> Message : validateRequest() invoked
info: ===> TimeStamp : 2025-06-28 18:56:57===> API : null ===> Message : fetchDBSettings()
info: ===> TimeStamp : 2025-06-28 18:56:58===> API : null ===> Message : validateRequest() Invoked!
info: ===> TimeStamp : 2025-06-28 18:56:58===> API : null ===> Message : validRequest() :: Api validated Successfully
info: ===> TimeStamp : 2025-06-28 18:56:58===> API : /api/auth/validateuser ===> Message : validateUser() invoked!!
info: ===> TimeStamp : 2025-06-28 18:56:58===> API : /api/auth/validateuser ===> Message : validateUser() :: Request Object :: [object Object]
info: ===> TimeStamp : 2025-06-28 18:56:58===> API : /api/auth/validateuser ===> Message : validateUserDB() Invoked !
info: ===> TimeStamp : 2025-06-28 18:56:58===> API : /api/auth/validateuser ===> Message : validateUserResponse() invoked!
info: ===> TimeStamp : 2025-06-28 18:56:58===> API : /api/auth/validateuser ===> Message : validateUserResponse() completed
info: ===> TimeStamp : 2025-06-28 18:56:58===> API : null ===> Message : validateRequest() invoked
info: ===> TimeStamp : 2025-06-28 18:56:58===> API : null ===> Message : fetchDBSettings()
info: ===> TimeStamp : 2025-06-28 18:56:58===> API : null ===> Message : validateRequest() Invoked!
info: ===> TimeStamp : 2025-06-28 18:56:58===> API : null ===> Message : validRequest() :: Api validated Successfully
info: ===> TimeStamp : 2025-06-28 18:56:58===> API : /api/auth/login ===> Message : loginUser() invoked!!
info: ===> TimeStamp : 2025-06-28 18:56:58===> API : /api/auth/login ===> Message : loginUser() :: Request Object :: [object Object]
info: ===> TimeStamp : 2025-06-28 18:56:58===> API : /api/auth/login ===> Message : loginUserDB() Invoked !
info: ===> TimeStamp : 2025-06-28 18:56:58===> API : /api/auth/login ===> Message : loginUserResponse() invoked!
info: ===> TimeStamp : 2025-06-28 18:56:58===> API : /api/auth/login ===> Message : loginUserResponse() completed
info: ===> TimeStamp : 2025-06-28 19:02:10===> API : null ===> Message : validateRequest() invoked
info: ===> TimeStamp : 2025-06-28 19:02:10===> API : null ===> Message : fetchDBSettings()
info: ===> TimeStamp : 2025-06-28 19:02:10===> API : null ===> Message : validateRequest() Invoked!
info: ===> TimeStamp : 2025-06-28 19:02:10===> API : null ===> Message : validRequest() :: Api validated Successfully
info: ===> TimeStamp : 2025-06-28 19:02:10===> API : /api/auth/validateuser ===> Message : validateUser() invoked!!
info: ===> TimeStamp : 2025-06-28 19:02:10===> API : /api/auth/validateuser ===> Message : validateUser() :: Request Object :: [object Object]
info: ===> TimeStamp : 2025-06-28 19:02:10===> API : /api/auth/validateuser ===> Message : validateUserDB() Invoked !
info: ===> TimeStamp : 2025-06-28 19:02:10===> API : /api/auth/validateuser ===> Message : validateUserResponse() invoked!
info: ===> TimeStamp : 2025-06-28 19:02:10===> API : /api/auth/validateuser ===> Message : validateUserResponse() completed
info: ===> TimeStamp : 2025-06-28 19:02:10===> API : null ===> Message : validateRequest() invoked
info: ===> TimeStamp : 2025-06-28 19:02:10===> API : null ===> Message : fetchDBSettings()
info: ===> TimeStamp : 2025-06-28 19:02:10===> API : null ===> Message : validateRequest() Invoked!
info: ===> TimeStamp : 2025-06-28 19:02:10===> API : null ===> Message : validRequest() :: Api validated Successfully
info: ===> TimeStamp : 2025-06-28 19:02:10===> API : /api/auth/login ===> Message : loginUser() invoked!!
info: ===> TimeStamp : 2025-06-28 19:02:10===> API : /api/auth/login ===> Message : loginUser() :: Request Object :: [object Object]
info: ===> TimeStamp : 2025-06-28 19:02:10===> API : /api/auth/login ===> Message : loginUserDB() Invoked !
info: ===> TimeStamp : 2025-06-28 19:02:10===> API : /api/auth/login ===> Message : loginUserResponse() invoked!
info: ===> TimeStamp : 2025-06-28 19:02:10===> API : /api/auth/login ===> Message : loginUserResponse() completed
info: ===> TimeStamp : 2025-06-28 19:19:37===> API : null ===> Message : validateRequest() invoked
info: ===> TimeStamp : 2025-06-28 19:19:37===> API : null ===> Message : fetchDBSettings()
info: ===> TimeStamp : 2025-06-28 19:19:37===> API : null ===> Message : validateRequest() Invoked!
info: ===> TimeStamp : 2025-06-28 19:19:37===> API : null ===> Message : validRequest() :: Api validated Successfully
info: ===> TimeStamp : 2025-06-28 19:19:37===> API : /api/auth/validateuser ===> Message : validateUser() :: Request Object :: [object Object]
info: ===> TimeStamp : 2025-06-28 19:19:37===> API : /api/auth/validateuser ===> Message : validateUserDB() Invoked !
info: ===> TimeStamp : 2025-06-28 19:19:37===> API : /api/auth/validateuser ===> Message : validateUser() invoked!!
info: ===> TimeStamp : 2025-06-28 19:19:37===> API : /api/auth/validateuser ===> Message : validateUserResponse() invoked!
info: ===> TimeStamp : 2025-06-28 19:19:37===> API : /api/auth/validateuser ===> Message : validateUserResponse() completed
info: ===> TimeStamp : 2025-06-28 19:19:37===> API : null ===> Message : validateRequest() invoked
info: ===> TimeStamp : 2025-06-28 19:19:37===> API : null ===> Message : fetchDBSettings()
info: ===> TimeStamp : 2025-06-28 19:19:37===> API : null ===> Message : validateRequest() Invoked!
info: ===> TimeStamp : 2025-06-28 19:19:37===> API : null ===> Message : validRequest() :: Api validated Successfully
info: ===> TimeStamp : 2025-06-28 19:19:37===> API : /api/auth/login ===> Message : loginUser() invoked!!
info: ===> TimeStamp : 2025-06-28 19:19:37===> API : /api/auth/login ===> Message : loginUser() :: Request Object :: [object Object]
info: ===> TimeStamp : 2025-06-28 19:19:37===> API : /api/auth/login ===> Message : loginUserDB() Invoked !
info: ===> TimeStamp : 2025-06-28 19:19:37===> API : /api/auth/login ===> Message : loginUserResponse() invoked!
info: ===> TimeStamp : 2025-06-28 19:19:37===> API : /api/auth/login ===> Message : loginUserResponse() completed
info: ===> TimeStamp : 2025-06-28 19:36:02===> API : null ===> Message : validateRequest() invoked
info: ===> TimeStamp : 2025-06-28 19:36:02===> API : null ===> Message : fetchDBSettings()
info: ===> TimeStamp : 2025-06-28 19:36:02===> API : null ===> Message : validateRequest() Invoked!
info: ===> TimeStamp : 2025-06-28 19:36:02===> API : null ===> Message : validRequest() :: Api validated Successfully
info: ===> TimeStamp : 2025-06-28 19:36:02===> API : /api/auth/validateuser ===> Message : validateUser() invoked!!
info: ===> TimeStamp : 2025-06-28 19:36:02===> API : /api/auth/validateuser ===> Message : validateUser() :: Request Object :: [object Object]
info: ===> TimeStamp : 2025-06-28 19:36:02===> API : /api/auth/validateuser ===> Message : validateUserDB() Invoked !
info: ===> TimeStamp : 2025-06-28 19:36:02===> API : /api/auth/validateuser ===> Message : validateUserDB() :: Error :: {"code":"ER_SIGNAL_EXCEPTION","errno":1644,"sqlState":"10005","sqlMessage":"User Does Not Exist","sql":"CALL usp_validate_user('pravash', 'PRAVASH12')"}
info: ===> TimeStamp : 2025-06-28 19:36:02===> API : /api/auth/validateuser ===> Message : validateUserDBResult :: Error :: {"ErrorCode":10005,"ErrorMessage":"User Does Not Exist"}
info: ===> TimeStamp : 2025-06-28 19:36:02===> API : /api/auth/validateuser ===> Message : validateUserResponse() invoked!
info: ===> TimeStamp : 2025-06-28 19:36:02===> API : /api/auth/validateuser ===> Message : validateUserResponse() completed
info: ===> TimeStamp : 2025-06-28 19:36:17===> API : null ===> Message : validateRequest() invoked
info: ===> TimeStamp : 2025-06-28 19:36:17===> API : null ===> Message : fetchDBSettings()
info: ===> TimeStamp : 2025-06-28 19:36:17===> API : null ===> Message : validateRequest() Invoked!
info: ===> TimeStamp : 2025-06-28 19:36:17===> API : null ===> Message : validRequest() :: Api validated Successfully
info: ===> TimeStamp : 2025-06-28 19:36:17===> API : /api/auth/validateuser ===> Message : validateUser() invoked!!
info: ===> TimeStamp : 2025-06-28 19:36:17===> API : /api/auth/validateuser ===> Message : validateUser() :: Request Object :: [object Object]
info: ===> TimeStamp : 2025-06-28 19:36:17===> API : /api/auth/validateuser ===> Message : validateUserDB() Invoked !
info: ===> TimeStamp : 2025-06-28 19:36:17===> API : /api/auth/validateuser ===> Message : validateUserDB() :: Error :: {"code":"ER_SIGNAL_EXCEPTION","errno":1644,"sqlState":"10005","sqlMessage":"User Does Not Exist","sql":"CALL usp_validate_user('pravash', 'pravash212')"}
info: ===> TimeStamp : 2025-06-28 19:36:17===> API : /api/auth/validateuser ===> Message : validateUserDBResult :: Error :: {"ErrorCode":10005,"ErrorMessage":"User Does Not Exist"}
info: ===> TimeStamp : 2025-06-28 19:36:17===> API : /api/auth/validateuser ===> Message : validateUserResponse() invoked!
info: ===> TimeStamp : 2025-06-28 19:36:17===> API : /api/auth/validateuser ===> Message : validateUserResponse() completed
info: ===> TimeStamp : 2025-06-28 19:36:35===> API : null ===> Message : validateRequest() invoked
info: ===> TimeStamp : 2025-06-28 19:36:35===> API : null ===> Message : fetchDBSettings()
info: ===> TimeStamp : 2025-06-28 19:36:35===> API : null ===> Message : validateRequest() Invoked!
info: ===> TimeStamp : 2025-06-28 19:36:35===> API : null ===> Message : validRequest() :: Api validated Successfully
info: ===> TimeStamp : 2025-06-28 19:36:35===> API : /api/auth/validateuser ===> Message : validateUser() invoked!!
info: ===> TimeStamp : 2025-06-28 19:36:35===> API : /api/auth/validateuser ===> Message : validateUser() :: Request Object :: [object Object]
info: ===> TimeStamp : 2025-06-28 19:36:35===> API : /api/auth/validateuser ===> Message : validateUserDB() Invoked !
info: ===> TimeStamp : 2025-06-28 19:36:35===> API : /api/auth/validateuser ===> Message : validateUserResponse() invoked!
info: ===> TimeStamp : 2025-06-28 19:36:35===> API : /api/auth/validateuser ===> Message : validateUserResponse() completed
info: ===> TimeStamp : 2025-06-28 19:36:35===> API : null ===> Message : validateRequest() invoked
info: ===> TimeStamp : 2025-06-28 19:36:35===> API : null ===> Message : fetchDBSettings()
info: ===> TimeStamp : 2025-06-28 19:36:35===> API : null ===> Message : validateRequest() Invoked!
info: ===> TimeStamp : 2025-06-28 19:36:35===> API : null ===> Message : validRequest() :: Api validated Successfully
info: ===> TimeStamp : 2025-06-28 19:36:35===> API : /api/auth/checkIP ===> Message : checkIP() invoked!!
info: ===> TimeStamp : 2025-06-28 19:36:35===> API : /api/auth/checkIP ===> Message : IPs match: 103.255.182.117
info: ===> TimeStamp : 2025-06-28 19:36:35===> API : /api/auth/checkIP ===> Message : checkIPResponse() invoked!
info: ===> TimeStamp : 2025-06-28 19:36:35===> API : /api/auth/checkIP ===> Message : checkIPResponse() completed
info: ===> TimeStamp : 2025-06-28 19:36:35===> API : null ===> Message : validateRequest() invoked
info: ===> TimeStamp : 2025-06-28 19:36:35===> API : null ===> Message : fetchDBSettings()
info: ===> TimeStamp : 2025-06-28 19:36:35===> API : null ===> Message : validateRequest() Invoked!
info: ===> TimeStamp : 2025-06-28 19:36:35===> API : null ===> Message : validRequest() :: Api validated Successfully
info: ===> TimeStamp : 2025-06-28 19:36:35===> API : /api/auth/login ===> Message : loginUser() invoked!!
info: ===> TimeStamp : 2025-06-28 19:36:35===> API : /api/auth/login ===> Message : loginUser() :: Request Object :: [object Object]
info: ===> TimeStamp : 2025-06-28 19:36:35===> API : /api/auth/login ===> Message : loginUserDB() Invoked !
info: ===> TimeStamp : 2025-06-28 19:36:35===> API : /api/auth/login ===> Message : loginUserResponse() invoked!
info: ===> TimeStamp : 2025-06-28 19:36:35===> API : /api/auth/login ===> Message : loginUserResponse() completed
info: ===> TimeStamp : 2025-06-28 20:01:18===> API : null ===> Message : validateRequest() invoked
info: ===> TimeStamp : 2025-06-28 20:01:18===> API : null ===> Message : fetchDBSettings()
info: ===> TimeStamp : 2025-06-28 20:01:18===> API : null ===> Message : validateRequest() Invoked!
info: ===> TimeStamp : 2025-06-28 20:01:18===> API : null ===> Message : validRequest() :: Api validated Successfully
info: ===> TimeStamp : 2025-06-28 20:01:18===> API : /api/auth/validateuser ===> Message : validateUser() invoked!!
info: ===> TimeStamp : 2025-06-28 20:01:18===> API : /api/auth/validateuser ===> Message : validateUser() :: Request Object :: [object Object]
info: ===> TimeStamp : 2025-06-28 20:01:18===> API : /api/auth/validateuser ===> Message : validateUserDB() Invoked !
info: ===> TimeStamp : 2025-06-28 20:01:18===> API : /api/auth/validateuser ===> Message : validateUserResponse() invoked!
info: ===> TimeStamp : 2025-06-28 20:01:18===> API : /api/auth/validateuser ===> Message : validateUserResponse() completed
info: ===> TimeStamp : 2025-06-28 20:01:18===> API : null ===> Message : validateRequest() invoked
info: ===> TimeStamp : 2025-06-28 20:01:18===> API : null ===> Message : fetchDBSettings()
info: ===> TimeStamp : 2025-06-28 20:01:18===> API : null ===> Message : validateRequest() Invoked!
info: ===> TimeStamp : 2025-06-28 20:01:18===> API : null ===> Message : validRequest() :: Api validated Successfully
info: ===> TimeStamp : 2025-06-28 20:01:18===> API : /api/auth/login ===> Message : loginUser() invoked!!
info: ===> TimeStamp : 2025-06-28 20:01:18===> API : /api/auth/login ===> Message : loginUser() :: Request Object :: [object Object]
info: ===> TimeStamp : 2025-06-28 20:01:18===> API : /api/auth/login ===> Message : loginUserDB() Invoked !
info: ===> TimeStamp : 2025-06-28 20:01:18===> API : /api/auth/login ===> Message : loginUserResponse() invoked!
info: ===> TimeStamp : 2025-06-28 20:01:18===> API : /api/auth/login ===> Message : loginUserResponse() completed
info: ===> TimeStamp : 2025-06-28 21:23:29===> API : null ===> Message : validateRequest() invoked
info: ===> TimeStamp : 2025-06-28 21:23:29===> API : null ===> Message : validateRequest() Error:: Invalid Request :: 
      {"apiUri":"/"}
info: ===> TimeStamp : 2025-06-28 21:23:29===> API : null ===> Message : validateRequest() invoked
info: ===> TimeStamp : 2025-06-28 21:23:29===> API : null ===> Message : validateRequest() Error:: Invalid Request :: 
      {"apiUri":"/favicon.ico"}
info: ===> TimeStamp : 2025-06-28 21:50:01===> API : null ===> Message : validateRequest() invoked
info: ===> TimeStamp : 2025-06-28 21:50:01===> API : null ===> Message : fetchDBSettings()
info: ===> TimeStamp : 2025-06-28 21:50:01===> API : null ===> Message : validateRequest() Invoked!
info: ===> TimeStamp : 2025-06-28 21:50:01===> API : null ===> Message : validRequest() :: Api validated Successfully
info: ===> TimeStamp : 2025-06-28 21:50:01===> API : /api/auth/logout ===> Message : logoutUser() invoked!!
info: ===> TimeStamp : 2025-06-28 21:50:01===> API : /api/auth/logout ===> Message : logoutUser() :: Request Object :: [object Object]
info: ===> TimeStamp : 2025-06-28 21:50:01===> API : /api/auth/logout ===> Message : logoutUserDB() Invoked !
info: ===> TimeStamp : 2025-06-28 21:50:01===> API : /api/auth/logout ===> Message : logoutUserResponse() invoked!
info: ===> TimeStamp : 2025-06-28 21:50:01===> API : /api/auth/logout ===> Message : logoutUserResponse() completed
info: ===> TimeStamp : 2025-06-28 21:50:17===> API : null ===> Message : validateRequest() invoked
info: ===> TimeStamp : 2025-06-28 21:50:17===> API : null ===> Message : fetchDBSettings()
info: ===> TimeStamp : 2025-06-28 21:50:17===> API : null ===> Message : validateRequest() Invoked!
info: ===> TimeStamp : 2025-06-28 21:50:17===> API : null ===> Message : validRequest() :: Api validated Successfully
info: ===> TimeStamp : 2025-06-28 21:50:17===> API : /api/auth/validateuser ===> Message : validateUser() invoked!!
info: ===> TimeStamp : 2025-06-28 21:50:17===> API : /api/auth/validateuser ===> Message : validateUser() :: Request Object :: [object Object]
info: ===> TimeStamp : 2025-06-28 21:50:17===> API : /api/auth/validateuser ===> Message : validateUserDB() Invoked !
info: ===> TimeStamp : 2025-06-28 21:50:17===> API : /api/auth/validateuser ===> Message : validateUserResponse() invoked!
info: ===> TimeStamp : 2025-06-28 21:50:17===> API : /api/auth/validateuser ===> Message : validateUserResponse() completed
info: ===> TimeStamp : 2025-06-28 21:50:17===> API : null ===> Message : validateRequest() invoked
info: ===> TimeStamp : 2025-06-28 21:50:17===> API : null ===> Message : fetchDBSettings()
info: ===> TimeStamp : 2025-06-28 21:50:17===> API : null ===> Message : validateRequest() Invoked!
info: ===> TimeStamp : 2025-06-28 21:50:17===> API : null ===> Message : validRequest() :: Api validated Successfully
info: ===> TimeStamp : 2025-06-28 21:50:17===> API : /api/auth/checkIP ===> Message : checkIP() invoked!!
info: ===> TimeStamp : 2025-06-28 21:50:17===> API : /api/auth/checkIP ===> Message : IPs match: 103.255.182.117
info: ===> TimeStamp : 2025-06-28 21:50:17===> API : /api/auth/checkIP ===> Message : checkIPResponse() invoked!
info: ===> TimeStamp : 2025-06-28 21:50:17===> API : /api/auth/checkIP ===> Message : checkIPResponse() completed
info: ===> TimeStamp : 2025-06-28 21:50:17===> API : null ===> Message : validateRequest() invoked
info: ===> TimeStamp : 2025-06-28 21:50:17===> API : null ===> Message : fetchDBSettings()
info: ===> TimeStamp : 2025-06-28 21:50:17===> API : null ===> Message : validateRequest() Invoked!
info: ===> TimeStamp : 2025-06-28 21:50:17===> API : null ===> Message : validRequest() :: Api validated Successfully
info: ===> TimeStamp : 2025-06-28 21:50:17===> API : /api/auth/login ===> Message : loginUser() invoked!!
info: ===> TimeStamp : 2025-06-28 21:50:17===> API : /api/auth/login ===> Message : loginUser() :: Request Object :: [object Object]
info: ===> TimeStamp : 2025-06-28 21:50:17===> API : /api/auth/login ===> Message : loginUserDB() Invoked !
info: ===> TimeStamp : 2025-06-28 21:50:17===> API : /api/auth/login ===> Message : loginUserResponse() invoked!
info: ===> TimeStamp : 2025-06-28 21:50:17===> API : /api/auth/login ===> Message : loginUserResponse() completed
info: ===> TimeStamp : 2025-06-28 21:50:47===> API : null ===> Message : validateRequest() invoked
info: ===> TimeStamp : 2025-06-28 21:50:47===> API : null ===> Message : fetchDBSettings()
info: ===> TimeStamp : 2025-06-28 21:50:47===> API : null ===> Message : validateRequest() Invoked!
info: ===> TimeStamp : 2025-06-28 21:50:47===> API : null ===> Message : validRequest() :: Api validated Successfully
info: ===> TimeStamp : 2025-06-28 21:50:47===> API : /api/auth/logout ===> Message : logoutUser() invoked!!
info: ===> TimeStamp : 2025-06-28 21:50:47===> API : /api/auth/logout ===> Message : logoutUser() :: Request Object :: [object Object]
info: ===> TimeStamp : 2025-06-28 21:50:47===> API : /api/auth/logout ===> Message : logoutUserDB() Invoked !
info: ===> TimeStamp : 2025-06-28 21:50:47===> API : /api/auth/logout ===> Message : logoutUserResponse() invoked!
info: ===> TimeStamp : 2025-06-28 21:50:47===> API : /api/auth/logout ===> Message : logoutUserResponse() completed
info: ===> TimeStamp : 2025-06-28 21:51:09===> API : null ===> Message : validateRequest() invoked
info: ===> TimeStamp : 2025-06-28 21:51:09===> API : null ===> Message : fetchDBSettings()
info: ===> TimeStamp : 2025-06-28 21:51:09===> API : null ===> Message : validateRequest() Invoked!
info: ===> TimeStamp : 2025-06-28 21:51:09===> API : null ===> Message : validRequest() :: Api validated Successfully
info: ===> TimeStamp : 2025-06-28 21:51:09===> API : /api/auth/validateuser ===> Message : validateUser() invoked!!
info: ===> TimeStamp : 2025-06-28 21:51:09===> API : /api/auth/validateuser ===> Message : validateUser() :: Request Object :: [object Object]
info: ===> TimeStamp : 2025-06-28 21:51:09===> API : /api/auth/validateuser ===> Message : validateUserDB() Invoked !
info: ===> TimeStamp : 2025-06-28 21:51:09===> API : /api/auth/validateuser ===> Message : validateUserResponse() invoked!
info: ===> TimeStamp : 2025-06-28 21:51:09===> API : /api/auth/validateuser ===> Message : validateUserResponse() completed
info: ===> TimeStamp : 2025-06-28 21:51:09===> API : null ===> Message : validateRequest() invoked
info: ===> TimeStamp : 2025-06-28 21:51:09===> API : null ===> Message : fetchDBSettings()
info: ===> TimeStamp : 2025-06-28 21:51:09===> API : null ===> Message : validateRequest() Invoked!
info: ===> TimeStamp : 2025-06-28 21:51:09===> API : null ===> Message : validRequest() :: Api validated Successfully
info: ===> TimeStamp : 2025-06-28 21:51:09===> API : /api/auth/checkIP ===> Message : IPs match: 103.225.102.194
info: ===> TimeStamp : 2025-06-28 21:51:09===> API : /api/auth/checkIP ===> Message : checkIP() invoked!!
info: ===> TimeStamp : 2025-06-28 21:51:09===> API : /api/auth/checkIP ===> Message : checkIPResponse() invoked!
info: ===> TimeStamp : 2025-06-28 21:51:09===> API : /api/auth/checkIP ===> Message : checkIPResponse() completed
info: ===> TimeStamp : 2025-06-28 21:51:09===> API : null ===> Message : validateRequest() invoked
info: ===> TimeStamp : 2025-06-28 21:51:09===> API : null ===> Message : fetchDBSettings()
info: ===> TimeStamp : 2025-06-28 21:51:09===> API : null ===> Message : validateRequest() Invoked!
info: ===> TimeStamp : 2025-06-28 21:51:09===> API : null ===> Message : validRequest() :: Api validated Successfully
info: ===> TimeStamp : 2025-06-28 21:51:09===> API : /api/auth/login ===> Message : loginUser() invoked!!
info: ===> TimeStamp : 2025-06-28 21:51:09===> API : /api/auth/login ===> Message : loginUser() :: Request Object :: [object Object]
info: ===> TimeStamp : 2025-06-28 21:51:09===> API : /api/auth/login ===> Message : loginUserDB() Invoked !
info: ===> TimeStamp : 2025-06-28 21:51:09===> API : /api/auth/login ===> Message : loginUserResponse() invoked!
info: ===> TimeStamp : 2025-06-28 21:51:09===> API : /api/auth/login ===> Message : loginUserResponse() completed
info: ===> TimeStamp : 2025-06-28 21:59:06===> API : null ===> Message : validateRequest() invoked
info: ===> TimeStamp : 2025-06-28 21:59:06===> API : null ===> Message : fetchDBSettings()
info: ===> TimeStamp : 2025-06-28 21:59:06===> API : null ===> Message : validateRequest() Invoked!
info: ===> TimeStamp : 2025-06-28 21:59:06===> API : null ===> Message : validRequest() :: Api validated Successfully
info: ===> TimeStamp : 2025-06-28 21:59:06===> API : /api/auth/logout ===> Message : logoutUser() invoked!!
info: ===> TimeStamp : 2025-06-28 21:59:06===> API : /api/auth/logout ===> Message : logoutUser() :: Request Object :: [object Object]
info: ===> TimeStamp : 2025-06-28 21:59:06===> API : /api/auth/logout ===> Message : logoutUserDB() Invoked !
info: ===> TimeStamp : 2025-06-28 21:59:07===> API : /api/auth/logout ===> Message : logoutUserResponse() invoked!
info: ===> TimeStamp : 2025-06-28 21:59:07===> API : /api/auth/logout ===> Message : logoutUserResponse() completed
info: ===> TimeStamp : 2025-06-28 21:59:14===> API : null ===> Message : validateRequest() invoked
info: ===> TimeStamp : 2025-06-28 21:59:14===> API : null ===> Message : fetchDBSettings()
info: ===> TimeStamp : 2025-06-28 21:59:14===> API : null ===> Message : validateRequest() Invoked!
info: ===> TimeStamp : 2025-06-28 21:59:14===> API : null ===> Message : validRequest() :: Api validated Successfully
info: ===> TimeStamp : 2025-06-28 21:59:14===> API : /api/auth/validateuser ===> Message : validateUser() :: Request Object :: [object Object]
info: ===> TimeStamp : 2025-06-28 21:59:14===> API : /api/auth/validateuser ===> Message : validateUserDB() Invoked !
info: ===> TimeStamp : 2025-06-28 21:59:14===> API : /api/auth/validateuser ===> Message : validateUser() invoked!!
info: ===> TimeStamp : 2025-06-28 21:59:14===> API : /api/auth/validateuser ===> Message : validateUserResponse() invoked!
info: ===> TimeStamp : 2025-06-28 21:59:14===> API : /api/auth/validateuser ===> Message : validateUserResponse() completed
info: ===> TimeStamp : 2025-06-28 21:59:14===> API : null ===> Message : validateRequest() invoked
info: ===> TimeStamp : 2025-06-28 21:59:14===> API : null ===> Message : fetchDBSettings()
info: ===> TimeStamp : 2025-06-28 21:59:14===> API : null ===> Message : validateRequest() Invoked!
info: ===> TimeStamp : 2025-06-28 21:59:14===> API : null ===> Message : validRequest() :: Api validated Successfully
info: ===> TimeStamp : 2025-06-28 21:59:14===> API : /api/auth/checkIP ===> Message : checkIP() invoked!!
info: ===> TimeStamp : 2025-06-28 21:59:14===> API : /api/auth/checkIP ===> Message : IPs match: 103.255.182.117
info: ===> TimeStamp : 2025-06-28 21:59:14===> API : /api/auth/checkIP ===> Message : checkIPResponse() invoked!
info: ===> TimeStamp : 2025-06-28 21:59:14===> API : /api/auth/checkIP ===> Message : checkIPResponse() completed
info: ===> TimeStamp : 2025-06-28 21:59:14===> API : null ===> Message : validateRequest() invoked
info: ===> TimeStamp : 2025-06-28 21:59:14===> API : null ===> Message : fetchDBSettings()
info: ===> TimeStamp : 2025-06-28 21:59:14===> API : null ===> Message : validateRequest() Invoked!
info: ===> TimeStamp : 2025-06-28 21:59:14===> API : null ===> Message : validRequest() :: Api validated Successfully
info: ===> TimeStamp : 2025-06-28 21:59:14===> API : /api/auth/login ===> Message : loginUser() invoked!!
info: ===> TimeStamp : 2025-06-28 21:59:14===> API : /api/auth/login ===> Message : loginUser() :: Request Object :: [object Object]
info: ===> TimeStamp : 2025-06-28 21:59:14===> API : /api/auth/login ===> Message : loginUserDB() Invoked !
info: ===> TimeStamp : 2025-06-28 21:59:14===> API : /api/auth/login ===> Message : loginUserResponse() invoked!
info: ===> TimeStamp : 2025-06-28 21:59:14===> API : /api/auth/login ===> Message : loginUserResponse() completed
info: ===> TimeStamp : 2025-06-28 22:24:09===> API : null ===> Message : validateRequest() invoked
info: ===> TimeStamp : 2025-06-28 22:24:09===> API : null ===> Message : fetchDBSettings()
info: ===> TimeStamp : 2025-06-28 22:24:09===> API : null ===> Message : validateRequest() Invoked!
info: ===> TimeStamp : 2025-06-28 22:24:09===> API : null ===> Message : validRequest() :: Api validated Successfully
info: ===> TimeStamp : 2025-06-28 22:24:09===> API : /api/auth/validateuser ===> Message : validateUser() invoked!!
info: ===> TimeStamp : 2025-06-28 22:24:09===> API : /api/auth/validateuser ===> Message : validateUser() :: Request Object :: [object Object]
info: ===> TimeStamp : 2025-06-28 22:24:09===> API : /api/auth/validateuser ===> Message : validateUserDB() Invoked !
info: ===> TimeStamp : 2025-06-28 22:24:09===> API : /api/auth/validateuser ===> Message : validateUserResponse() invoked!
info: ===> TimeStamp : 2025-06-28 22:24:09===> API : /api/auth/validateuser ===> Message : validateUserResponse() completed
info: ===> TimeStamp : 2025-06-28 22:24:09===> API : null ===> Message : validateRequest() invoked
info: ===> TimeStamp : 2025-06-28 22:24:09===> API : null ===> Message : fetchDBSettings()
info: ===> TimeStamp : 2025-06-28 22:24:09===> API : null ===> Message : validateRequest() Invoked!
info: ===> TimeStamp : 2025-06-28 22:24:09===> API : null ===> Message : validRequest() :: Api validated Successfully
info: ===> TimeStamp : 2025-06-28 22:24:09===> API : /api/auth/login ===> Message : loginUser() invoked!!
info: ===> TimeStamp : 2025-06-28 22:24:09===> API : /api/auth/login ===> Message : loginUser() :: Request Object :: [object Object]
info: ===> TimeStamp : 2025-06-28 22:24:09===> API : /api/auth/login ===> Message : loginUserDB() Invoked !
info: ===> TimeStamp : 2025-06-28 22:24:09===> API : /api/auth/login ===> Message : loginUserResponse() completed
info: ===> TimeStamp : 2025-06-28 22:24:09===> API : /api/auth/login ===> Message : loginUserResponse() invoked!
info: ===> TimeStamp : 2025-06-28 22:34:22===> API : null ===> Message : validateRequest() invoked
info: ===> TimeStamp : 2025-06-28 22:34:22===> API : null ===> Message : fetchDBSettings()
info: ===> TimeStamp : 2025-06-28 22:34:22===> API : null ===> Message : validateRequest() Invoked!
info: ===> TimeStamp : 2025-06-28 22:34:22===> API : null ===> Message : validRequest() :: Api validated Successfully
info: ===> TimeStamp : 2025-06-28 22:34:22===> API : /api/auth/logout ===> Message : logoutUser() invoked!!
info: ===> TimeStamp : 2025-06-28 22:34:22===> API : /api/auth/logout ===> Message : logoutUser() :: Request Object :: [object Object]
info: ===> TimeStamp : 2025-06-28 22:34:22===> API : /api/auth/logout ===> Message : logoutUserDB() Invoked !
info: ===> TimeStamp : 2025-06-28 22:34:22===> API : /api/auth/logout ===> Message : logoutUserResponse() invoked!
info: ===> TimeStamp : 2025-06-28 22:34:22===> API : /api/auth/logout ===> Message : logoutUserResponse() completed
info: ===> TimeStamp : 2025-06-28 22:37:36===> API : null ===> Message : validateRequest() invoked
info: ===> TimeStamp : 2025-06-28 22:37:36===> API : null ===> Message : fetchDBSettings()
info: ===> TimeStamp : 2025-06-28 22:37:36===> API : null ===> Message : validateRequest() Invoked!
info: ===> TimeStamp : 2025-06-28 22:37:36===> API : null ===> Message : validRequest() :: Api validated Successfully
info: ===> TimeStamp : 2025-06-28 22:37:36===> API : /api/auth/validateuser ===> Message : validateUserDB() Invoked !
info: ===> TimeStamp : 2025-06-28 22:37:36===> API : /api/auth/validateuser ===> Message : validateUser() :: Request Object :: [object Object]
info: ===> TimeStamp : 2025-06-28 22:37:36===> API : /api/auth/validateuser ===> Message : validateUser() invoked!!
info: ===> TimeStamp : 2025-06-28 22:37:36===> API : /api/auth/validateuser ===> Message : validateUserResponse() invoked!
info: ===> TimeStamp : 2025-06-28 22:37:36===> API : /api/auth/validateuser ===> Message : validateUserResponse() completed
info: ===> TimeStamp : 2025-06-28 22:37:36===> API : null ===> Message : validateRequest() invoked
info: ===> TimeStamp : 2025-06-28 22:37:36===> API : null ===> Message : fetchDBSettings()
info: ===> TimeStamp : 2025-06-28 22:37:36===> API : null ===> Message : validateRequest() Invoked!
info: ===> TimeStamp : 2025-06-28 22:37:36===> API : null ===> Message : validRequest() :: Api validated Successfully
info: ===> TimeStamp : 2025-06-28 22:37:36===> API : /api/auth/checkIP ===> Message : checkIP() invoked!!
info: ===> TimeStamp : 2025-06-28 22:37:36===> API : /api/auth/checkIP ===> Message : IPs match: 103.225.102.194
info: ===> TimeStamp : 2025-06-28 22:37:36===> API : /api/auth/checkIP ===> Message : checkIPResponse() invoked!
info: ===> TimeStamp : 2025-06-28 22:37:36===> API : /api/auth/checkIP ===> Message : checkIPResponse() completed
info: ===> TimeStamp : 2025-06-28 22:37:36===> API : null ===> Message : validateRequest() invoked
info: ===> TimeStamp : 2025-06-28 22:37:36===> API : null ===> Message : fetchDBSettings()
info: ===> TimeStamp : 2025-06-28 22:37:36===> API : null ===> Message : validateRequest() Invoked!
info: ===> TimeStamp : 2025-06-28 22:37:36===> API : null ===> Message : validRequest() :: Api validated Successfully
info: ===> TimeStamp : 2025-06-28 22:37:36===> API : /api/auth/login ===> Message : loginUser() invoked!!
info: ===> TimeStamp : 2025-06-28 22:37:36===> API : /api/auth/login ===> Message : loginUser() :: Request Object :: [object Object]
info: ===> TimeStamp : 2025-06-28 22:37:36===> API : /api/auth/login ===> Message : loginUserDB() Invoked !
info: ===> TimeStamp : 2025-06-28 22:37:36===> API : /api/auth/login ===> Message : loginUserResponse() invoked!
info: ===> TimeStamp : 2025-06-28 22:37:36===> API : /api/auth/login ===> Message : loginUserResponse() completed
info: ===> TimeStamp : 2025-06-29 00:04:03===> API : null ===> Message : validateRequest() invoked
info: ===> TimeStamp : 2025-06-29 00:04:03===> API : null ===> Message : validateRequest() Error:: Invalid Request :: 
      {"apiUri":"/"}
info: ===> TimeStamp : 2025-06-29 00:04:03===> API : null ===> Message : validateRequest() invoked
info: ===> TimeStamp : 2025-06-29 00:04:03===> API : null ===> Message : validateRequest() Error:: Invalid Request :: 
      {"apiUri":"/favicon.ico"}
info: ===> TimeStamp : 2025-06-29 00:20:36===> API : null ===> Message : validateRequest() invoked
info: ===> TimeStamp : 2025-06-29 00:20:36===> API : null ===> Message : fetchDBSettings()
info: ===> TimeStamp : 2025-06-29 00:20:36===> API : /api/auth/validateuser ===> Message : validateUser() :: Request Object :: [object Object]
info: ===> TimeStamp : 2025-06-29 00:20:36===> API : /api/auth/validateuser ===> Message : validateUserDB() Invoked !
info: ===> TimeStamp : 2025-06-29 00:20:36===> API : null ===> Message : validateRequest() Invoked!
info: ===> TimeStamp : 2025-06-29 00:20:36===> API : /api/auth/validateuser ===> Message : validateUser() invoked!!
info: ===> TimeStamp : 2025-06-29 00:20:36===> API : null ===> Message : validRequest() :: Api validated Successfully
info: ===> TimeStamp : 2025-06-29 00:20:36===> API : /api/auth/validateuser ===> Message : validateUserResponse() invoked!
info: ===> TimeStamp : 2025-06-29 00:20:36===> API : /api/auth/validateuser ===> Message : validateUserResponse() completed
info: ===> TimeStamp : 2025-06-29 00:20:36===> API : null ===> Message : validateRequest() invoked
info: ===> TimeStamp : 2025-06-29 00:20:36===> API : null ===> Message : fetchDBSettings()
info: ===> TimeStamp : 2025-06-29 00:20:36===> API : null ===> Message : validateRequest() Invoked!
info: ===> TimeStamp : 2025-06-29 00:20:36===> API : null ===> Message : validRequest() :: Api validated Successfully
info: ===> TimeStamp : 2025-06-29 00:20:36===> API : /api/auth/login ===> Message : loginUser() invoked!!
info: ===> TimeStamp : 2025-06-29 00:20:36===> API : /api/auth/login ===> Message : loginUser() :: Request Object :: [object Object]
info: ===> TimeStamp : 2025-06-29 00:20:36===> API : /api/auth/login ===> Message : loginUserDB() Invoked !
info: ===> TimeStamp : 2025-06-29 00:20:36===> API : /api/auth/login ===> Message : loginUserResponse() invoked!
info: ===> TimeStamp : 2025-06-29 00:20:36===> API : /api/auth/login ===> Message : loginUserResponse() completed
info: ===> TimeStamp : 2025-06-29 00:30:24===> API : null ===> Message : validateRequest() invoked
info: ===> TimeStamp : 2025-06-29 00:30:24===> API : null ===> Message : fetchDBSettings()
info: ===> TimeStamp : 2025-06-29 00:30:24===> API : null ===> Message : validateRequest() Invoked!
info: ===> TimeStamp : 2025-06-29 00:30:24===> API : null ===> Message : validRequest() :: Api validated Successfully
info: ===> TimeStamp : 2025-06-29 00:30:24===> API : /api/auth/validateuser ===> Message : validateUser() invoked!!
info: ===> TimeStamp : 2025-06-29 00:30:24===> API : /api/auth/validateuser ===> Message : validateUser() :: Request Object :: [object Object]
info: ===> TimeStamp : 2025-06-29 00:30:24===> API : /api/auth/validateuser ===> Message : validateUserDB() Invoked !
info: ===> TimeStamp : 2025-06-29 00:30:24===> API : /api/auth/validateuser ===> Message : validateUserResponse() invoked!
info: ===> TimeStamp : 2025-06-29 00:30:24===> API : /api/auth/validateuser ===> Message : validateUserResponse() completed
info: ===> TimeStamp : 2025-06-29 00:30:24===> API : null ===> Message : validateRequest() invoked
info: ===> TimeStamp : 2025-06-29 00:30:24===> API : null ===> Message : fetchDBSettings()
info: ===> TimeStamp : 2025-06-29 00:30:24===> API : null ===> Message : validateRequest() Invoked!
info: ===> TimeStamp : 2025-06-29 00:30:24===> API : null ===> Message : validRequest() :: Api validated Successfully
info: ===> TimeStamp : 2025-06-29 00:30:24===> API : /api/auth/login ===> Message : loginUser() invoked!!
info: ===> TimeStamp : 2025-06-29 00:30:24===> API : /api/auth/login ===> Message : loginUser() :: Request Object :: [object Object]
info: ===> TimeStamp : 2025-06-29 00:30:24===> API : /api/auth/login ===> Message : loginUserDB() Invoked !
info: ===> TimeStamp : 2025-06-29 00:30:24===> API : /api/auth/login ===> Message : loginUserResponse() invoked!
info: ===> TimeStamp : 2025-06-29 00:30:24===> API : /api/auth/login ===> Message : loginUserResponse() completed
info: ===> TimeStamp : 2025-06-29 02:47:56===> API : null ===> Message : validateRequest() invoked
info: ===> TimeStamp : 2025-06-29 02:47:56===> API : null ===> Message : fetchDBSettings()
info: ===> TimeStamp : 2025-06-29 02:47:56===> API : null ===> Message : validateRequest() Invoked!
info: ===> TimeStamp : 2025-06-29 02:47:56===> API : null ===> Message : validRequest() :: Api validated Successfully
info: ===> TimeStamp : 2025-06-29 02:47:56===> API : /api/auth/validateuser ===> Message : validateUser() invoked!!
info: ===> TimeStamp : 2025-06-29 02:47:56===> API : /api/auth/validateuser ===> Message : validateUser() :: Request Object :: [object Object]
info: ===> TimeStamp : 2025-06-29 02:47:56===> API : /api/auth/validateuser ===> Message : validateUserDB() Invoked !
info: ===> TimeStamp : 2025-06-29 02:47:56===> API : /api/auth/validateuser ===> Message : validateUserResponse() invoked!
info: ===> TimeStamp : 2025-06-29 02:47:56===> API : /api/auth/validateuser ===> Message : validateUserResponse() completed
info: ===> TimeStamp : 2025-06-29 02:47:56===> API : null ===> Message : validateRequest() invoked
info: ===> TimeStamp : 2025-06-29 02:47:56===> API : null ===> Message : fetchDBSettings()
info: ===> TimeStamp : 2025-06-29 02:47:56===> API : null ===> Message : validateRequest() Invoked!
info: ===> TimeStamp : 2025-06-29 02:47:56===> API : null ===> Message : validRequest() :: Api validated Successfully
info: ===> TimeStamp : 2025-06-29 02:47:56===> API : /api/auth/login ===> Message : loginUser() invoked!!
info: ===> TimeStamp : 2025-06-29 02:47:56===> API : /api/auth/login ===> Message : loginUser() :: Request Object :: [object Object]
info: ===> TimeStamp : 2025-06-29 02:47:56===> API : /api/auth/login ===> Message : loginUserDB() Invoked !
info: ===> TimeStamp : 2025-06-29 02:47:56===> API : /api/auth/login ===> Message : loginUserResponse() invoked!
info: ===> TimeStamp : 2025-06-29 02:47:56===> API : /api/auth/login ===> Message : loginUserResponse() completed
info: ===> TimeStamp : 2025-06-29 03:03:23===> API : null ===> Message : validateRequest() invoked
info: ===> TimeStamp : 2025-06-29 03:03:23===> API : null ===> Message : fetchDBSettings()
info: ===> TimeStamp : 2025-06-29 03:03:23===> API : null ===> Message : validateRequest() Invoked!
info: ===> TimeStamp : 2025-06-29 03:03:23===> API : null ===> Message : validRequest() :: Api validated Successfully
info: ===> TimeStamp : 2025-06-29 03:03:23===> API : /api/auth/logout ===> Message : logoutUser() invoked!!
info: ===> TimeStamp : 2025-06-29 03:03:23===> API : /api/auth/logout ===> Message : logoutUser() :: Request Object :: [object Object]
info: ===> TimeStamp : 2025-06-29 03:03:23===> API : /api/auth/logout ===> Message : logoutUserDB() Invoked !
info: ===> TimeStamp : 2025-06-29 03:03:23===> API : /api/auth/logout ===> Message : logoutUserResponse() invoked!
info: ===> TimeStamp : 2025-06-29 03:03:24===> API : /api/auth/logout ===> Message : logoutUserResponse() completed
