info: ===> TimeStamp : 2024-12-12 06:50:30===> API : null ===> Message : validateRequest() invoked
info: ===> TimeStamp : 2024-12-12 06:50:30===> API : null ===> Message : fetchDBSettings()
info: ===> TimeStamp : 2024-12-12 06:50:30===> API : null ===> Message : validateRequest() Invoked!
info: ===> TimeStamp : 2024-12-12 06:50:30===> API : null ===> Message : validRequest() :: Api validated Successfully
info: ===> TimeStamp : 2024-12-12 06:50:30===> API : /api/auth/logout ===> Message : logoutUser() invoked!!
info: ===> TimeStamp : 2024-12-12 06:50:30===> API : /api/auth/logout ===> Message : logoutUser() :: Request Object :: [object Object]
info: ===> TimeStamp : 2024-12-12 06:50:30===> API : /api/auth/logout ===> Message : logoutUserDB() Invoked !
info: ===> TimeStamp : 2024-12-12 06:50:30===> API : /api/auth/logout ===> Message : logoutUserResponse() invoked!
info: ===> TimeStamp : 2024-12-12 06:50:30===> API : /api/auth/logout ===> Message : logoutUserResponse() completed
info: ===> TimeStamp : 2024-12-12 07:05:44===> API : null ===> Message : validateRequest() invoked
info: ===> TimeStamp : 2024-12-12 07:05:44===> API : null ===> Message : fetchDBSettings()
info: ===> TimeStamp : 2024-12-12 07:05:44===> API : null ===> Message : validateRequest() Invoked!
info: ===> TimeStamp : 2024-12-12 07:05:44===> API : null ===> Message : validRequest() :: Api validated Successfully
info: ===> TimeStamp : 2024-12-12 07:05:44===> API : /api/auth/validateuser ===> Message : validateUser() invoked!!
info: ===> TimeStamp : 2024-12-12 07:05:44===> API : /api/auth/validateuser ===> Message : validateUser() :: Request Object :: [object Object]
info: ===> TimeStamp : 2024-12-12 07:05:44===> API : /api/auth/validateuser ===> Message : validateUserDB() Invoked !
info: ===> TimeStamp : 2024-12-12 07:05:44===> API : /api/auth/validateuser ===> Message : validateUserResponse() invoked!
info: ===> TimeStamp : 2024-12-12 07:05:44===> API : /api/auth/validateuser ===> Message : validateUserResponse() completed
info: ===> TimeStamp : 2024-12-12 07:05:44===> API : null ===> Message : validateRequest() invoked
info: ===> TimeStamp : 2024-12-12 07:05:44===> API : null ===> Message : fetchDBSettings()
info: ===> TimeStamp : 2024-12-12 07:05:44===> API : null ===> Message : validateRequest() Invoked!
info: ===> TimeStamp : 2024-12-12 07:05:44===> API : null ===> Message : validRequest() :: Api validated Successfully
info: ===> TimeStamp : 2024-12-12 07:05:44===> API : /api/auth/checkIP ===> Message : checkIP() invoked!!
info: ===> TimeStamp : 2024-12-12 07:05:44===> API : /api/auth/checkIP ===> Message : IPs match: 103.255.182.117
info: ===> TimeStamp : 2024-12-12 07:05:44===> API : /api/auth/checkIP ===> Message : checkIPResponse() invoked!
info: ===> TimeStamp : 2024-12-12 07:05:44===> API : /api/auth/checkIP ===> Message : checkIPResponse() completed
info: ===> TimeStamp : 2024-12-12 07:05:44===> API : null ===> Message : validateRequest() invoked
info: ===> TimeStamp : 2024-12-12 07:05:44===> API : null ===> Message : fetchDBSettings()
info: ===> TimeStamp : 2024-12-12 07:05:44===> API : null ===> Message : validateRequest() Invoked!
info: ===> TimeStamp : 2024-12-12 07:05:44===> API : null ===> Message : validRequest() :: Api validated Successfully
info: ===> TimeStamp : 2024-12-12 07:05:44===> API : /api/auth/login ===> Message : loginUser() invoked!!
info: ===> TimeStamp : 2024-12-12 07:05:44===> API : /api/auth/login ===> Message : loginUser() :: Request Object :: [object Object]
info: ===> TimeStamp : 2024-12-12 07:05:44===> API : /api/auth/login ===> Message : loginUserDB() Invoked !
info: ===> TimeStamp : 2024-12-12 07:05:44===> API : /api/auth/login ===> Message : loginUserResponse() invoked!
info: ===> TimeStamp : 2024-12-12 07:05:44===> API : /api/auth/login ===> Message : loginUserResponse() completed
info: ===> TimeStamp : 2024-12-12 07:06:05===> API : null ===> Message : validateRequest() invoked
info: ===> TimeStamp : 2024-12-12 07:06:05===> API : null ===> Message : fetchDBSettings()
info: ===> TimeStamp : 2024-12-12 07:06:05===> API : null ===> Message : validateRequest() Invoked!
info: ===> TimeStamp : 2024-12-12 07:06:05===> API : null ===> Message : validRequest() :: Api validated Successfully
info: ===> TimeStamp : 2024-12-12 07:06:05===> API : /api/auth/logout ===> Message : logoutUser() invoked!!
info: ===> TimeStamp : 2024-12-12 07:06:05===> API : /api/auth/logout ===> Message : logoutUser() :: Request Object :: [object Object]
info: ===> TimeStamp : 2024-12-12 07:06:05===> API : /api/auth/logout ===> Message : logoutUserDB() Invoked !
info: ===> TimeStamp : 2024-12-12 07:06:05===> API : /api/auth/logout ===> Message : logoutUserResponse() invoked!
info: ===> TimeStamp : 2024-12-12 07:06:05===> API : /api/auth/logout ===> Message : logoutUserResponse() completed
info: ===> TimeStamp : 2024-12-12 07:06:09===> API : null ===> Message : validateRequest() invoked
info: ===> TimeStamp : 2024-12-12 07:06:09===> API : null ===> Message : fetchDBSettings()
info: ===> TimeStamp : 2024-12-12 07:06:09===> API : null ===> Message : validateRequest() Invoked!
info: ===> TimeStamp : 2024-12-12 07:06:09===> API : null ===> Message : validRequest() :: Api validated Successfully
info: ===> TimeStamp : 2024-12-12 07:06:09===> API : /api/auth/validateuser ===> Message : validateUser() invoked!!
info: ===> TimeStamp : 2024-12-12 07:06:09===> API : /api/auth/validateuser ===> Message : validateUser() :: Request Object :: [object Object]
info: ===> TimeStamp : 2024-12-12 07:06:09===> API : /api/auth/validateuser ===> Message : validateUserDB() Invoked !
info: ===> TimeStamp : 2024-12-12 07:06:09===> API : /api/auth/validateuser ===> Message : validateUserResponse() invoked!
info: ===> TimeStamp : 2024-12-12 07:06:09===> API : /api/auth/validateuser ===> Message : validateUserResponse() completed
info: ===> TimeStamp : 2024-12-12 07:06:09===> API : null ===> Message : validateRequest() invoked
info: ===> TimeStamp : 2024-12-12 07:06:09===> API : null ===> Message : fetchDBSettings()
info: ===> TimeStamp : 2024-12-12 07:06:09===> API : null ===> Message : validateRequest() Invoked!
info: ===> TimeStamp : 2024-12-12 07:06:09===> API : null ===> Message : validRequest() :: Api validated Successfully
info: ===> TimeStamp : 2024-12-12 07:06:09===> API : /api/auth/checkIP ===> Message : checkIP() invoked!!
info: ===> TimeStamp : 2024-12-12 07:06:09===> API : /api/auth/checkIP ===> Message : IPs match: 103.225.102.194
info: ===> TimeStamp : 2024-12-12 07:06:09===> API : /api/auth/checkIP ===> Message : checkIPResponse() invoked!
info: ===> TimeStamp : 2024-12-12 07:06:09===> API : /api/auth/checkIP ===> Message : checkIPResponse() completed
info: ===> TimeStamp : 2024-12-12 07:06:09===> API : null ===> Message : validateRequest() invoked
info: ===> TimeStamp : 2024-12-12 07:06:09===> API : null ===> Message : fetchDBSettings()
info: ===> TimeStamp : 2024-12-12 07:06:09===> API : null ===> Message : validateRequest() Invoked!
info: ===> TimeStamp : 2024-12-12 07:06:09===> API : null ===> Message : validRequest() :: Api validated Successfully
info: ===> TimeStamp : 2024-12-12 07:06:09===> API : /api/auth/login ===> Message : loginUser() :: Request Object :: [object Object]
info: ===> TimeStamp : 2024-12-12 07:06:09===> API : /api/auth/login ===> Message : loginUserDB() Invoked !
info: ===> TimeStamp : 2024-12-12 07:06:09===> API : /api/auth/login ===> Message : loginUser() invoked!!
info: ===> TimeStamp : 2024-12-12 07:06:09===> API : /api/auth/login ===> Message : loginUserResponse() invoked!
info: ===> TimeStamp : 2024-12-12 07:06:09===> API : /api/auth/login ===> Message : loginUserResponse() completed
info: ===> TimeStamp : 2024-12-12 08:21:55===> API : null ===> Message : validateRequest() invoked
info: ===> TimeStamp : 2024-12-12 08:21:55===> API : null ===> Message : fetchDBSettings()
info: ===> TimeStamp : 2024-12-12 08:21:55===> API : null ===> Message : validateRequest() Invoked!
info: ===> TimeStamp : 2024-12-12 08:21:55===> API : null ===> Message : validRequest() :: Api validated Successfully
info: ===> TimeStamp : 2024-12-12 08:21:55===> API : /api/auth/validateuser ===> Message : validateUser() invoked!!
info: ===> TimeStamp : 2024-12-12 08:21:55===> API : /api/auth/validateuser ===> Message : validateUser() :: Request Object :: [object Object]
info: ===> TimeStamp : 2024-12-12 08:21:55===> API : /api/auth/validateuser ===> Message : validateUserDB() Invoked !
info: ===> TimeStamp : 2024-12-12 08:21:55===> API : /api/auth/validateuser ===> Message : validateUserResponse() invoked!
info: ===> TimeStamp : 2024-12-12 08:21:55===> API : /api/auth/validateuser ===> Message : validateUserResponse() completed
info: ===> TimeStamp : 2024-12-12 08:21:55===> API : null ===> Message : validateRequest() invoked
info: ===> TimeStamp : 2024-12-12 08:21:55===> API : null ===> Message : fetchDBSettings()
info: ===> TimeStamp : 2024-12-12 08:21:55===> API : null ===> Message : validateRequest() Invoked!
info: ===> TimeStamp : 2024-12-12 08:21:55===> API : null ===> Message : validRequest() :: Api validated Successfully
info: ===> TimeStamp : 2024-12-12 08:21:55===> API : /api/auth/login ===> Message : loginUser() invoked!!
info: ===> TimeStamp : 2024-12-12 08:21:55===> API : /api/auth/login ===> Message : loginUser() :: Request Object :: [object Object]
info: ===> TimeStamp : 2024-12-12 08:21:55===> API : /api/auth/login ===> Message : loginUserDB() Invoked !
info: ===> TimeStamp : 2024-12-12 08:21:55===> API : /api/auth/login ===> Message : loginUserResponse() invoked!
info: ===> TimeStamp : 2024-12-12 08:21:55===> API : /api/auth/login ===> Message : loginUserResponse() completed
info: ===> TimeStamp : 2024-12-12 08:23:16===> API : null ===> Message : validateRequest() invoked
info: ===> TimeStamp : 2024-12-12 08:23:16===> API : null ===> Message : fetchDBSettings()
info: ===> TimeStamp : 2024-12-12 08:23:16===> API : null ===> Message : validateRequest() Invoked!
info: ===> TimeStamp : 2024-12-12 08:23:16===> API : null ===> Message : validRequest() :: Api validated Successfully
info: ===> TimeStamp : 2024-12-12 08:23:16===> API : /api/auth/validateuser ===> Message : validateUser() invoked!!
info: ===> TimeStamp : 2024-12-12 08:23:16===> API : /api/auth/validateuser ===> Message : validateUser() :: Request Object :: [object Object]
info: ===> TimeStamp : 2024-12-12 08:23:16===> API : /api/auth/validateuser ===> Message : validateUserDB() Invoked !
info: ===> TimeStamp : 2024-12-12 08:23:16===> API : /api/auth/validateuser ===> Message : validateUserResponse() invoked!
info: ===> TimeStamp : 2024-12-12 08:23:16===> API : /api/auth/validateuser ===> Message : validateUserResponse() completed
info: ===> TimeStamp : 2024-12-12 08:23:16===> API : null ===> Message : validateRequest() invoked
info: ===> TimeStamp : 2024-12-12 08:23:16===> API : null ===> Message : fetchDBSettings()
info: ===> TimeStamp : 2024-12-12 08:23:16===> API : null ===> Message : validateRequest() Invoked!
info: ===> TimeStamp : 2024-12-12 08:23:16===> API : null ===> Message : validRequest() :: Api validated Successfully
info: ===> TimeStamp : 2024-12-12 08:23:16===> API : /api/auth/login ===> Message : loginUser() invoked!!
info: ===> TimeStamp : 2024-12-12 08:23:16===> API : /api/auth/login ===> Message : loginUser() :: Request Object :: [object Object]
info: ===> TimeStamp : 2024-12-12 08:23:16===> API : /api/auth/login ===> Message : loginUserDB() Invoked !
info: ===> TimeStamp : 2024-12-12 08:23:16===> API : /api/auth/login ===> Message : loginUserResponse() invoked!
info: ===> TimeStamp : 2024-12-12 08:23:16===> API : /api/auth/login ===> Message : loginUserResponse() completed
info: ===> TimeStamp : 2024-12-12 09:51:40===> API : null ===> Message : validateRequest() invoked
info: ===> TimeStamp : 2024-12-12 09:51:40===> API : null ===> Message : fetchDBSettings()
info: ===> TimeStamp : 2024-12-12 09:51:40===> API : null ===> Message : validateRequest() Invoked!
info: ===> TimeStamp : 2024-12-12 09:51:40===> API : null ===> Message : validRequest() :: Api validated Successfully
info: ===> TimeStamp : 2024-12-12 09:51:40===> API : /api/auth/validateuser ===> Message : validateUser() :: Request Object :: [object Object]
info: ===> TimeStamp : 2024-12-12 09:51:40===> API : /api/auth/validateuser ===> Message : validateUser() invoked!!
info: ===> TimeStamp : 2024-12-12 09:51:40===> API : /api/auth/validateuser ===> Message : validateUserDB() Invoked !
info: ===> TimeStamp : 2024-12-12 09:51:40===> API : /api/auth/validateuser ===> Message : validateUserResponse() invoked!
info: ===> TimeStamp : 2024-12-12 09:51:40===> API : /api/auth/validateuser ===> Message : validateUserResponse() completed
info: ===> TimeStamp : 2024-12-12 09:51:40===> API : null ===> Message : validateRequest() invoked
info: ===> TimeStamp : 2024-12-12 09:51:40===> API : null ===> Message : fetchDBSettings()
info: ===> TimeStamp : 2024-12-12 09:51:40===> API : null ===> Message : validateRequest() Invoked!
info: ===> TimeStamp : 2024-12-12 09:51:40===> API : null ===> Message : validRequest() :: Api validated Successfully
info: ===> TimeStamp : 2024-12-12 09:51:40===> API : /api/auth/login ===> Message : loginUser() invoked!!
info: ===> TimeStamp : 2024-12-12 09:51:40===> API : /api/auth/login ===> Message : loginUser() :: Request Object :: [object Object]
info: ===> TimeStamp : 2024-12-12 09:51:40===> API : /api/auth/login ===> Message : loginUserDB() Invoked !
info: ===> TimeStamp : 2024-12-12 09:51:40===> API : /api/auth/login ===> Message : loginUserResponse() invoked!
info: ===> TimeStamp : 2024-12-12 09:51:40===> API : /api/auth/login ===> Message : loginUserResponse() completed
info: ===> TimeStamp : 2024-12-12 09:57:29===> API : null ===> Message : validateRequest() invoked
info: ===> TimeStamp : 2024-12-12 09:57:29===> API : null ===> Message : fetchDBSettings()
info: ===> TimeStamp : 2024-12-12 09:57:29===> API : null ===> Message : validateRequest() Invoked!
info: ===> TimeStamp : 2024-12-12 09:57:29===> API : null ===> Message : validRequest() :: Api validated Successfully
info: ===> TimeStamp : 2024-12-12 09:57:29===> API : /api/auth/validateuser ===> Message : validateUser() invoked!!
info: ===> TimeStamp : 2024-12-12 09:57:29===> API : /api/auth/validateuser ===> Message : validateUser() :: Request Object :: [object Object]
info: ===> TimeStamp : 2024-12-12 09:57:29===> API : /api/auth/validateuser ===> Message : validateUserDB() Invoked !
info: ===> TimeStamp : 2024-12-12 09:57:29===> API : /api/auth/validateuser ===> Message : validateUserResponse() invoked!
info: ===> TimeStamp : 2024-12-12 09:57:29===> API : /api/auth/validateuser ===> Message : validateUserResponse() completed
info: ===> TimeStamp : 2024-12-12 09:57:29===> API : null ===> Message : validateRequest() invoked
info: ===> TimeStamp : 2024-12-12 09:57:29===> API : null ===> Message : fetchDBSettings()
info: ===> TimeStamp : 2024-12-12 09:57:29===> API : null ===> Message : validateRequest() Invoked!
info: ===> TimeStamp : 2024-12-12 09:57:29===> API : null ===> Message : validRequest() :: Api validated Successfully
info: ===> TimeStamp : 2024-12-12 09:57:29===> API : /api/auth/login ===> Message : loginUser() invoked!!
info: ===> TimeStamp : 2024-12-12 09:57:29===> API : /api/auth/login ===> Message : loginUser() :: Request Object :: [object Object]
info: ===> TimeStamp : 2024-12-12 09:57:29===> API : /api/auth/login ===> Message : loginUserDB() Invoked !
info: ===> TimeStamp : 2024-12-12 09:57:29===> API : /api/auth/login ===> Message : loginUserResponse() invoked!
info: ===> TimeStamp : 2024-12-12 09:57:29===> API : /api/auth/login ===> Message : loginUserResponse() completed
info: ===> TimeStamp : 2024-12-12 12:39:36===> API : null ===> Message : validateRequest() invoked
info: ===> TimeStamp : 2024-12-12 12:39:36===> API : null ===> Message : fetchDBSettings()
info: ===> TimeStamp : 2024-12-12 12:39:36===> API : null ===> Message : validateRequest() Invoked!
info: ===> TimeStamp : 2024-12-12 12:39:36===> API : null ===> Message : validRequest() :: Api validated Successfully
info: ===> TimeStamp : 2024-12-12 12:39:36===> API : /api/auth/validateuser ===> Message : validateUser() invoked!!
info: ===> TimeStamp : 2024-12-12 12:39:36===> API : /api/auth/validateuser ===> Message : validateUser() :: Request Object :: [object Object]
info: ===> TimeStamp : 2024-12-12 12:39:36===> API : /api/auth/validateuser ===> Message : validateUserDB() Invoked !
info: ===> TimeStamp : 2024-12-12 12:39:36===> API : /api/auth/validateuser ===> Message : validateUserResponse() invoked!
info: ===> TimeStamp : 2024-12-12 12:39:36===> API : /api/auth/validateuser ===> Message : validateUserResponse() completed
info: ===> TimeStamp : 2024-12-12 12:39:36===> API : null ===> Message : validateRequest() invoked
info: ===> TimeStamp : 2024-12-12 12:39:36===> API : null ===> Message : fetchDBSettings()
info: ===> TimeStamp : 2024-12-12 12:39:36===> API : null ===> Message : validateRequest() Invoked!
info: ===> TimeStamp : 2024-12-12 12:39:36===> API : null ===> Message : validRequest() :: Api validated Successfully
info: ===> TimeStamp : 2024-12-12 12:39:36===> API : /api/auth/login ===> Message : loginUser() invoked!!
info: ===> TimeStamp : 2024-12-12 12:39:36===> API : /api/auth/login ===> Message : loginUser() :: Request Object :: [object Object]
info: ===> TimeStamp : 2024-12-12 12:39:36===> API : /api/auth/login ===> Message : loginUserDB() Invoked !
info: ===> TimeStamp : 2024-12-12 12:39:36===> API : /api/auth/login ===> Message : loginUserResponse() invoked!
info: ===> TimeStamp : 2024-12-12 12:39:36===> API : /api/auth/login ===> Message : loginUserResponse() completed
info: ===> TimeStamp : 2024-12-12 12:56:35===> API : null ===> Message : validateRequest() invoked
info: ===> TimeStamp : 2024-12-12 12:56:35===> API : null ===> Message : fetchDBSettings()
info: ===> TimeStamp : 2024-12-12 12:56:35===> API : null ===> Message : validateRequest() Invoked!
info: ===> TimeStamp : 2024-12-12 12:56:35===> API : null ===> Message : validRequest() :: Api validated Successfully
info: ===> TimeStamp : 2024-12-12 12:56:35===> API : /api/auth/validateuser ===> Message : validateUser() invoked!!
info: ===> TimeStamp : 2024-12-12 12:56:35===> API : /api/auth/validateuser ===> Message : validateUser() :: Request Object :: [object Object]
info: ===> TimeStamp : 2024-12-12 12:56:35===> API : /api/auth/validateuser ===> Message : validateUserDB() Invoked !
info: ===> TimeStamp : 2024-12-12 12:56:35===> API : /api/auth/validateuser ===> Message : validateUserResponse() invoked!
info: ===> TimeStamp : 2024-12-12 12:56:35===> API : /api/auth/validateuser ===> Message : validateUserResponse() completed
info: ===> TimeStamp : 2024-12-12 12:56:35===> API : null ===> Message : validateRequest() invoked
info: ===> TimeStamp : 2024-12-12 12:56:35===> API : null ===> Message : fetchDBSettings()
info: ===> TimeStamp : 2024-12-12 12:56:35===> API : null ===> Message : validateRequest() Invoked!
info: ===> TimeStamp : 2024-12-12 12:56:35===> API : null ===> Message : validRequest() :: Api validated Successfully
info: ===> TimeStamp : 2024-12-12 12:56:35===> API : /api/auth/login ===> Message : loginUser() invoked!!
info: ===> TimeStamp : 2024-12-12 12:56:35===> API : /api/auth/login ===> Message : loginUser() :: Request Object :: [object Object]
info: ===> TimeStamp : 2024-12-12 12:56:35===> API : /api/auth/login ===> Message : loginUserDB() Invoked !
info: ===> TimeStamp : 2024-12-12 12:56:35===> API : /api/auth/login ===> Message : loginUserResponse() invoked!
info: ===> TimeStamp : 2024-12-12 12:56:35===> API : /api/auth/login ===> Message : loginUserResponse() completed
info: ===> TimeStamp : 2024-12-12 14:12:18===> API : null ===> Message : validateRequest() invoked
info: ===> TimeStamp : 2024-12-12 14:12:18===> API : null ===> Message : fetchDBSettings()
info: ===> TimeStamp : 2024-12-12 14:12:18===> API : null ===> Message : validateRequest() Invoked!
info: ===> TimeStamp : 2024-12-12 14:12:18===> API : null ===> Message : validRequest() :: Api validated Successfully
info: ===> TimeStamp : 2024-12-12 14:12:18===> API : /api/auth/validateuser ===> Message : validateUser() invoked!!
info: ===> TimeStamp : 2024-12-12 14:12:18===> API : /api/auth/validateuser ===> Message : validateUser() :: Request Object :: [object Object]
info: ===> TimeStamp : 2024-12-12 14:12:18===> API : /api/auth/validateuser ===> Message : validateUserDB() Invoked !
info: ===> TimeStamp : 2024-12-12 14:12:18===> API : /api/auth/validateuser ===> Message : validateUserResponse() invoked!
info: ===> TimeStamp : 2024-12-12 14:12:18===> API : /api/auth/validateuser ===> Message : validateUserResponse() completed
info: ===> TimeStamp : 2024-12-12 14:12:18===> API : null ===> Message : validateRequest() invoked
info: ===> TimeStamp : 2024-12-12 14:12:18===> API : null ===> Message : fetchDBSettings()
info: ===> TimeStamp : 2024-12-12 14:12:18===> API : null ===> Message : validateRequest() Invoked!
info: ===> TimeStamp : 2024-12-12 14:12:19===> API : null ===> Message : validRequest() :: Api validated Successfully
info: ===> TimeStamp : 2024-12-12 14:12:19===> API : /api/auth/login ===> Message : loginUser() invoked!!
info: ===> TimeStamp : 2024-12-12 14:12:19===> API : /api/auth/login ===> Message : loginUser() :: Request Object :: [object Object]
info: ===> TimeStamp : 2024-12-12 14:12:19===> API : /api/auth/login ===> Message : loginUserDB() Invoked !
info: ===> TimeStamp : 2024-12-12 14:12:19===> API : /api/auth/login ===> Message : loginUserResponse() invoked!
info: ===> TimeStamp : 2024-12-12 14:12:19===> API : /api/auth/login ===> Message : loginUserResponse() completed
info: ===> TimeStamp : 2024-12-12 14:46:40===> API : null ===> Message : validateRequest() invoked
info: ===> TimeStamp : 2024-12-12 14:46:40===> API : null ===> Message : fetchDBSettings()
info: ===> TimeStamp : 2024-12-12 14:46:40===> API : null ===> Message : validateRequest() Invoked!
info: ===> TimeStamp : 2024-12-12 14:46:40===> API : null ===> Message : validRequest() :: Api validated Successfully
info: ===> TimeStamp : 2024-12-12 14:46:40===> API : /api/auth/logout ===> Message : logoutUser() invoked!!
info: ===> TimeStamp : 2024-12-12 14:46:40===> API : /api/auth/logout ===> Message : logoutUser() :: Request Object :: [object Object]
info: ===> TimeStamp : 2024-12-12 14:46:40===> API : /api/auth/logout ===> Message : logoutUserDB() Invoked !
info: ===> TimeStamp : 2024-12-12 14:46:40===> API : /api/auth/logout ===> Message : logoutUserResponse() invoked!
info: ===> TimeStamp : 2024-12-12 14:46:40===> API : /api/auth/logout ===> Message : logoutUserResponse() completed
info: ===> TimeStamp : 2024-12-12 14:52:42===> API : null ===> Message : validateRequest() invoked
info: ===> TimeStamp : 2024-12-12 14:52:42===> API : null ===> Message : fetchDBSettings()
info: ===> TimeStamp : 2024-12-12 14:52:42===> API : null ===> Message : validateRequest() Invoked!
info: ===> TimeStamp : 2024-12-12 14:52:43===> API : null ===> Message : validRequest() :: Api validated Successfully
info: ===> TimeStamp : 2024-12-12 14:52:43===> API : /api/auth/logout ===> Message : logoutUser() invoked!!
info: ===> TimeStamp : 2024-12-12 14:52:43===> API : /api/auth/logout ===> Message : logoutUser() :: Request Object :: [object Object]
info: ===> TimeStamp : 2024-12-12 14:52:43===> API : /api/auth/logout ===> Message : logoutUserDB() Invoked !
info: ===> TimeStamp : 2024-12-12 14:52:43===> API : /api/auth/logout ===> Message : logoutUserResponse() invoked!
info: ===> TimeStamp : 2024-12-12 14:52:43===> API : /api/auth/logout ===> Message : logoutUserResponse() completed
info: ===> TimeStamp : 2024-12-12 14:53:03===> API : null ===> Message : validateRequest() invoked
info: ===> TimeStamp : 2024-12-12 14:53:03===> API : null ===> Message : fetchDBSettings()
info: ===> TimeStamp : 2024-12-12 14:53:03===> API : null ===> Message : validateRequest() Invoked!
info: ===> TimeStamp : 2024-12-12 14:53:03===> API : null ===> Message : validRequest() :: Api validated Successfully
info: ===> TimeStamp : 2024-12-12 14:53:03===> API : /api/auth/validateuser ===> Message : validateUser() invoked!!
info: ===> TimeStamp : 2024-12-12 14:53:03===> API : /api/auth/validateuser ===> Message : validateUser() :: Request Object :: [object Object]
info: ===> TimeStamp : 2024-12-12 14:53:03===> API : /api/auth/validateuser ===> Message : validateUserDB() Invoked !
info: ===> TimeStamp : 2024-12-12 14:53:03===> API : /api/auth/validateuser ===> Message : validateUserResponse() invoked!
info: ===> TimeStamp : 2024-12-12 14:53:03===> API : /api/auth/validateuser ===> Message : validateUserResponse() completed
info: ===> TimeStamp : 2024-12-12 14:53:03===> API : null ===> Message : validateRequest() invoked
info: ===> TimeStamp : 2024-12-12 14:53:03===> API : null ===> Message : fetchDBSettings()
info: ===> TimeStamp : 2024-12-12 14:53:03===> API : null ===> Message : validateRequest() Invoked!
info: ===> TimeStamp : 2024-12-12 14:53:03===> API : null ===> Message : validRequest() :: Api validated Successfully
info: ===> TimeStamp : 2024-12-12 14:53:03===> API : /api/auth/checkIP ===> Message : checkIP() invoked!!
info: ===> TimeStamp : 2024-12-12 14:53:03===> API : /api/auth/checkIP ===> Message : IPs match: 103.255.182.117
info: ===> TimeStamp : 2024-12-12 14:53:03===> API : /api/auth/checkIP ===> Message : checkIPResponse() invoked!
info: ===> TimeStamp : 2024-12-12 14:53:03===> API : /api/auth/checkIP ===> Message : checkIPResponse() completed
info: ===> TimeStamp : 2024-12-12 14:53:03===> API : null ===> Message : validateRequest() invoked
info: ===> TimeStamp : 2024-12-12 14:53:03===> API : null ===> Message : fetchDBSettings()
info: ===> TimeStamp : 2024-12-12 14:53:03===> API : null ===> Message : validateRequest() Invoked!
info: ===> TimeStamp : 2024-12-12 14:53:03===> API : null ===> Message : validRequest() :: Api validated Successfully
info: ===> TimeStamp : 2024-12-12 14:53:03===> API : /api/auth/login ===> Message : loginUser() invoked!!
info: ===> TimeStamp : 2024-12-12 14:53:03===> API : /api/auth/login ===> Message : loginUser() :: Request Object :: [object Object]
info: ===> TimeStamp : 2024-12-12 14:53:03===> API : /api/auth/login ===> Message : loginUserDB() Invoked !
info: ===> TimeStamp : 2024-12-12 14:53:03===> API : /api/auth/login ===> Message : loginUserResponse() invoked!
info: ===> TimeStamp : 2024-12-12 14:53:03===> API : /api/auth/login ===> Message : loginUserResponse() completed
info: ===> TimeStamp : 2024-12-12 14:53:39===> API : null ===> Message : validateRequest() invoked
info: ===> TimeStamp : 2024-12-12 14:53:39===> API : null ===> Message : fetchDBSettings()
info: ===> TimeStamp : 2024-12-12 14:53:39===> API : null ===> Message : validateRequest() Invoked!
info: ===> TimeStamp : 2024-12-12 14:53:39===> API : null ===> Message : validRequest() :: Api validated Successfully
info: ===> TimeStamp : 2024-12-12 14:53:39===> API : /api/auth/validateuser ===> Message : validateUser() invoked!!
info: ===> TimeStamp : 2024-12-12 14:53:39===> API : /api/auth/validateuser ===> Message : validateUser() :: Request Object :: [object Object]
info: ===> TimeStamp : 2024-12-12 14:53:39===> API : /api/auth/validateuser ===> Message : validateUserDB() Invoked !
info: ===> TimeStamp : 2024-12-12 14:53:39===> API : /api/auth/validateuser ===> Message : validateUserResponse() invoked!
info: ===> TimeStamp : 2024-12-12 14:53:39===> API : /api/auth/validateuser ===> Message : validateUserResponse() completed
info: ===> TimeStamp : 2024-12-12 14:53:39===> API : null ===> Message : validateRequest() invoked
info: ===> TimeStamp : 2024-12-12 14:53:39===> API : null ===> Message : fetchDBSettings()
info: ===> TimeStamp : 2024-12-12 14:53:39===> API : null ===> Message : validateRequest() Invoked!
info: ===> TimeStamp : 2024-12-12 14:53:39===> API : null ===> Message : validRequest() :: Api validated Successfully
info: ===> TimeStamp : 2024-12-12 14:53:39===> API : /api/auth/checkIP ===> Message : checkIP() invoked!!
info: ===> TimeStamp : 2024-12-12 14:53:39===> API : /api/auth/checkIP ===> Message : IPs match: 103.225.102.194
info: ===> TimeStamp : 2024-12-12 14:53:39===> API : /api/auth/checkIP ===> Message : checkIPResponse() invoked!
info: ===> TimeStamp : 2024-12-12 14:53:39===> API : /api/auth/checkIP ===> Message : checkIPResponse() completed
info: ===> TimeStamp : 2024-12-12 14:53:40===> API : null ===> Message : validateRequest() invoked
info: ===> TimeStamp : 2024-12-12 14:53:40===> API : null ===> Message : fetchDBSettings()
info: ===> TimeStamp : 2024-12-12 14:53:40===> API : null ===> Message : validateRequest() Invoked!
info: ===> TimeStamp : 2024-12-12 14:53:40===> API : null ===> Message : validRequest() :: Api validated Successfully
info: ===> TimeStamp : 2024-12-12 14:53:40===> API : /api/auth/login ===> Message : loginUser() :: Request Object :: [object Object]
info: ===> TimeStamp : 2024-12-12 14:53:40===> API : /api/auth/login ===> Message : loginUser() invoked!!
info: ===> TimeStamp : 2024-12-12 14:53:40===> API : /api/auth/login ===> Message : loginUserDB() Invoked !
info: ===> TimeStamp : 2024-12-12 14:53:40===> API : /api/auth/login ===> Message : loginUserResponse() invoked!
info: ===> TimeStamp : 2024-12-12 14:53:40===> API : /api/auth/login ===> Message : loginUserResponse() completed
info: ===> TimeStamp : 2024-12-12 16:05:35===> API : null ===> Message : fetchDBSettings()
info: ===> TimeStamp : 2024-12-12 16:05:35===> API : null ===> Message : validateRequest() invoked
info: ===> TimeStamp : 2024-12-12 16:05:35===> API : null ===> Message : validateRequest() Invoked!
info: ===> TimeStamp : 2024-12-12 16:05:35===> API : null ===> Message : validRequest() :: Api validated Successfully
info: ===> TimeStamp : 2024-12-12 16:05:35===> API : /api/auth/validateuser ===> Message : validateUser() invoked!!
info: ===> TimeStamp : 2024-12-12 16:05:35===> API : /api/auth/validateuser ===> Message : validateUser() :: Request Object :: [object Object]
info: ===> TimeStamp : 2024-12-12 16:05:35===> API : /api/auth/validateuser ===> Message : validateUserDB() Invoked !
info: ===> TimeStamp : 2024-12-12 16:05:35===> API : /api/auth/validateuser ===> Message : validateUserResponse() invoked!
info: ===> TimeStamp : 2024-12-12 16:05:35===> API : /api/auth/validateuser ===> Message : validateUserResponse() completed
info: ===> TimeStamp : 2024-12-12 16:05:36===> API : null ===> Message : validateRequest() invoked
info: ===> TimeStamp : 2024-12-12 16:05:36===> API : null ===> Message : fetchDBSettings()
info: ===> TimeStamp : 2024-12-12 16:05:36===> API : null ===> Message : validateRequest() Invoked!
info: ===> TimeStamp : 2024-12-12 16:05:36===> API : null ===> Message : validRequest() :: Api validated Successfully
info: ===> TimeStamp : 2024-12-12 16:05:36===> API : /api/auth/login ===> Message : loginUser() invoked!!
info: ===> TimeStamp : 2024-12-12 16:05:36===> API : /api/auth/login ===> Message : loginUser() :: Request Object :: [object Object]
info: ===> TimeStamp : 2024-12-12 16:05:36===> API : /api/auth/login ===> Message : loginUserDB() Invoked !
info: ===> TimeStamp : 2024-12-12 16:05:36===> API : /api/auth/login ===> Message : loginUserResponse() invoked!
info: ===> TimeStamp : 2024-12-12 16:05:36===> API : /api/auth/login ===> Message : loginUserResponse() completed
info: ===> TimeStamp : 2024-12-12 16:16:15===> API : null ===> Message : validateRequest() invoked
info: ===> TimeStamp : 2024-12-12 16:16:15===> API : null ===> Message : fetchDBSettings()
info: ===> TimeStamp : 2024-12-12 16:16:15===> API : null ===> Message : validateRequest() Invoked!
info: ===> TimeStamp : 2024-12-12 16:16:15===> API : null ===> Message : validRequest() :: Api validated Successfully
info: ===> TimeStamp : 2024-12-12 16:16:15===> API : /api/auth/validateuser ===> Message : validateUser() invoked!!
info: ===> TimeStamp : 2024-12-12 16:16:15===> API : /api/auth/validateuser ===> Message : validateUser() :: Request Object :: [object Object]
info: ===> TimeStamp : 2024-12-12 16:16:15===> API : /api/auth/validateuser ===> Message : validateUserDB() Invoked !
info: ===> TimeStamp : 2024-12-12 16:16:15===> API : /api/auth/validateuser ===> Message : validateUserResponse() invoked!
info: ===> TimeStamp : 2024-12-12 16:16:15===> API : /api/auth/validateuser ===> Message : validateUserResponse() completed
info: ===> TimeStamp : 2024-12-12 16:16:15===> API : null ===> Message : validateRequest() invoked
info: ===> TimeStamp : 2024-12-12 16:16:15===> API : null ===> Message : fetchDBSettings()
info: ===> TimeStamp : 2024-12-12 16:16:15===> API : null ===> Message : validateRequest() Invoked!
info: ===> TimeStamp : 2024-12-12 16:16:15===> API : null ===> Message : validRequest() :: Api validated Successfully
info: ===> TimeStamp : 2024-12-12 16:16:15===> API : /api/auth/login ===> Message : loginUser() invoked!!
info: ===> TimeStamp : 2024-12-12 16:16:15===> API : /api/auth/login ===> Message : loginUser() :: Request Object :: [object Object]
info: ===> TimeStamp : 2024-12-12 16:16:15===> API : /api/auth/login ===> Message : loginUserDB() Invoked !
info: ===> TimeStamp : 2024-12-12 16:16:15===> API : /api/auth/login ===> Message : loginUserResponse() invoked!
info: ===> TimeStamp : 2024-12-12 16:16:15===> API : /api/auth/login ===> Message : loginUserResponse() completed
info: ===> TimeStamp : 2024-12-12 17:01:23===> API : null ===> Message : fetchDBSettings()
info: ===> TimeStamp : 2024-12-12 17:01:23===> API : null ===> Message : validateRequest() invoked
info: ===> TimeStamp : 2024-12-12 17:01:23===> API : null ===> Message : validateRequest() Invoked!
info: ===> TimeStamp : 2024-12-12 17:01:23===> API : null ===> Message : validRequest() :: Api validated Successfully
info: ===> TimeStamp : 2024-12-12 17:01:23===> API : /api/auth/validateuser ===> Message : validateUser() invoked!!
info: ===> TimeStamp : 2024-12-12 17:01:23===> API : /api/auth/validateuser ===> Message : validateUser() :: Request Object :: [object Object]
info: ===> TimeStamp : 2024-12-12 17:01:23===> API : /api/auth/validateuser ===> Message : validateUserDB() Invoked !
info: ===> TimeStamp : 2024-12-12 17:01:23===> API : /api/auth/validateuser ===> Message : validateUserResponse() invoked!
info: ===> TimeStamp : 2024-12-12 17:01:23===> API : /api/auth/validateuser ===> Message : validateUserResponse() completed
info: ===> TimeStamp : 2024-12-12 17:01:23===> API : null ===> Message : validateRequest() invoked
info: ===> TimeStamp : 2024-12-12 17:01:23===> API : null ===> Message : fetchDBSettings()
info: ===> TimeStamp : 2024-12-12 17:01:23===> API : null ===> Message : validateRequest() Invoked!
info: ===> TimeStamp : 2024-12-12 17:01:23===> API : null ===> Message : validRequest() :: Api validated Successfully
info: ===> TimeStamp : 2024-12-12 17:01:23===> API : /api/auth/login ===> Message : loginUser() invoked!!
info: ===> TimeStamp : 2024-12-12 17:01:23===> API : /api/auth/login ===> Message : loginUser() :: Request Object :: [object Object]
info: ===> TimeStamp : 2024-12-12 17:01:23===> API : /api/auth/login ===> Message : loginUserDB() Invoked !
info: ===> TimeStamp : 2024-12-12 17:01:23===> API : /api/auth/login ===> Message : loginUserResponse() invoked!
info: ===> TimeStamp : 2024-12-12 17:01:23===> API : /api/auth/login ===> Message : loginUserResponse() completed
info: ===> TimeStamp : 2024-12-12 17:09:11===> API : null ===> Message : validateRequest() invoked
info: ===> TimeStamp : 2024-12-12 17:09:11===> API : null ===> Message : validateRequest() Error:: Invalid Request :: 
      {"apiUri":"/"}
info: ===> TimeStamp : 2024-12-12 17:09:20===> API : null ===> Message : validateRequest() invoked
info: ===> TimeStamp : 2024-12-12 17:09:20===> API : null ===> Message : validateRequest() Error:: Invalid Request :: 
      {"apiUri":"/"}
info: ===> TimeStamp : 2024-12-12 17:09:20===> API : null ===> Message : validateRequest() invoked
info: ===> TimeStamp : 2024-12-12 17:09:20===> API : null ===> Message : validateRequest() Error:: Invalid Request :: 
      {"apiUri":"/favicon.ico"}
info: ===> TimeStamp : 2024-12-12 17:36:05===> API : null ===> Message : validateRequest() invoked
info: ===> TimeStamp : 2024-12-12 17:36:05===> API : null ===> Message : fetchDBSettings()
info: ===> TimeStamp : 2024-12-12 17:36:05===> API : null ===> Message : validateRequest() Invoked!
info: ===> TimeStamp : 2024-12-12 17:36:05===> API : null ===> Message : validRequest() :: Api validated Successfully
info: ===> TimeStamp : 2024-12-12 17:36:05===> API : /api/auth/validateuser ===> Message : validateUser() invoked!!
info: ===> TimeStamp : 2024-12-12 17:36:05===> API : /api/auth/validateuser ===> Message : validateUser() :: Request Object :: [object Object]
info: ===> TimeStamp : 2024-12-12 17:36:05===> API : /api/auth/validateuser ===> Message : validateUserDB() Invoked !
info: ===> TimeStamp : 2024-12-12 17:36:05===> API : /api/auth/validateuser ===> Message : validateUserResponse() invoked!
info: ===> TimeStamp : 2024-12-12 17:36:05===> API : /api/auth/validateuser ===> Message : validateUserResponse() completed
info: ===> TimeStamp : 2024-12-12 17:36:05===> API : null ===> Message : validateRequest() invoked
info: ===> TimeStamp : 2024-12-12 17:36:05===> API : null ===> Message : fetchDBSettings()
info: ===> TimeStamp : 2024-12-12 17:36:05===> API : null ===> Message : validateRequest() Invoked!
info: ===> TimeStamp : 2024-12-12 17:36:05===> API : null ===> Message : validRequest() :: Api validated Successfully
info: ===> TimeStamp : 2024-12-12 17:36:05===> API : /api/auth/login ===> Message : loginUser() :: Request Object :: [object Object]
info: ===> TimeStamp : 2024-12-12 17:36:05===> API : /api/auth/login ===> Message : loginUser() invoked!!
info: ===> TimeStamp : 2024-12-12 17:36:05===> API : /api/auth/login ===> Message : loginUserDB() Invoked !
info: ===> TimeStamp : 2024-12-12 17:36:05===> API : /api/auth/login ===> Message : loginUserResponse() invoked!
info: ===> TimeStamp : 2024-12-12 17:36:05===> API : /api/auth/login ===> Message : loginUserResponse() completed
info: ===> TimeStamp : 2024-12-12 17:42:18===> API : null ===> Message : validateRequest() invoked
info: ===> TimeStamp : 2024-12-12 17:42:18===> API : null ===> Message : validateRequest() Error:: Invalid Request :: 
      {"apiUri":"/"}
info: ===> TimeStamp : 2024-12-12 17:42:21===> API : null ===> Message : validateRequest() invoked
info: ===> TimeStamp : 2024-12-12 17:42:21===> API : null ===> Message : validateRequest() Error:: Invalid Request :: 
      {"apiUri":"/"}
info: ===> TimeStamp : 2024-12-12 17:42:21===> API : null ===> Message : validateRequest() invoked
info: ===> TimeStamp : 2024-12-12 17:42:21===> API : null ===> Message : validateRequest() Error:: Invalid Request :: 
      {"apiUri":"/php-cgi/php-cgi.exe"}
info: ===> TimeStamp : 2024-12-12 17:42:22===> API : null ===> Message : validateRequest() invoked
info: ===> TimeStamp : 2024-12-12 17:42:22===> API : null ===> Message : validateRequest() Error:: Invalid Request :: 
      {"apiUri":"/server"}
info: ===> TimeStamp : 2024-12-12 17:42:22===> API : null ===> Message : validateRequest() invoked
info: ===> TimeStamp : 2024-12-12 17:42:22===> API : null ===> Message : validateRequest() Error:: Invalid Request :: 
      {"apiUri":"/.vscode/sftp.json"}
info: ===> TimeStamp : 2024-12-12 17:42:22===> API : null ===> Message : validateRequest() invoked
info: ===> TimeStamp : 2024-12-12 17:42:22===> API : null ===> Message : validateRequest() Error:: Invalid Request :: 
      {"apiUri":"/about"}
info: ===> TimeStamp : 2024-12-12 17:42:23===> API : null ===> Message : validateRequest() invoked
info: ===> TimeStamp : 2024-12-12 17:42:23===> API : null ===> Message : validateRequest() Error:: Invalid Request :: 
      {"apiUri":"/debug/default/view"}
info: ===> TimeStamp : 2024-12-12 17:42:23===> API : null ===> Message : validateRequest() invoked
info: ===> TimeStamp : 2024-12-12 17:42:23===> API : null ===> Message : validateRequest() Error:: Invalid Request :: 
      {"apiUri":"/v2/_catalog"}
info: ===> TimeStamp : 2024-12-12 17:42:24===> API : null ===> Message : validateRequest() invoked
info: ===> TimeStamp : 2024-12-12 17:42:24===> API : null ===> Message : validateRequest() Error:: Invalid Request :: 
      {"apiUri":"/ecp/Current/exporttool/microsoft.exchange.ediscovery.exporttool.application"}
info: ===> TimeStamp : 2024-12-12 17:42:24===> API : null ===> Message : validateRequest() invoked
info: ===> TimeStamp : 2024-12-12 17:42:24===> API : null ===> Message : validateRequest() Error:: Invalid Request :: 
      {"apiUri":"/server-status"}
info: ===> TimeStamp : 2024-12-12 17:42:25===> API : null ===> Message : validateRequest() invoked
info: ===> TimeStamp : 2024-12-12 17:42:25===> API : null ===> Message : validateRequest() Error:: Invalid Request :: 
      {"apiUri":"/login.action"}
info: ===> TimeStamp : 2024-12-12 17:42:25===> API : null ===> Message : validateRequest() invoked
info: ===> TimeStamp : 2024-12-12 17:42:25===> API : null ===> Message : validateRequest() Error:: Invalid Request :: 
      {"apiUri":"/_all_dbs"}
info: ===> TimeStamp : 2024-12-12 17:42:26===> API : null ===> Message : validateRequest() invoked
info: ===> TimeStamp : 2024-12-12 17:42:26===> API : null ===> Message : validateRequest() Error:: Invalid Request :: 
      {"apiUri":"/.DS_Store"}
info: ===> TimeStamp : 2024-12-12 17:42:26===> API : null ===> Message : validateRequest() invoked
info: ===> TimeStamp : 2024-12-12 17:42:26===> API : null ===> Message : validateRequest() Error:: Invalid Request :: 
      {"apiUri":"/.env"}
info: ===> TimeStamp : 2024-12-12 17:42:26===> API : null ===> Message : validateRequest() invoked
info: ===> TimeStamp : 2024-12-12 17:42:26===> API : null ===> Message : validateRequest() Error:: Invalid Request :: 
      {"apiUri":"/.git/config"}
info: ===> TimeStamp : 2024-12-12 17:42:27===> API : null ===> Message : validateRequest() invoked
info: ===> TimeStamp : 2024-12-12 17:42:27===> API : null ===> Message : validateRequest() Error:: Invalid Request :: 
      {"apiUri":"/s/535313e27313e273e233/_/;/META-INF/maven/com.atlassian.jira/jira-webapp-dist/pom.properties"}
info: ===> TimeStamp : 2024-12-12 17:42:27===> API : null ===> Message : validateRequest() invoked
info: ===> TimeStamp : 2024-12-12 17:42:27===> API : null ===> Message : validateRequest() Error:: Invalid Request :: 
      {"apiUri":"/config.json"}
info: ===> TimeStamp : 2024-12-12 17:42:28===> API : null ===> Message : validateRequest() invoked
info: ===> TimeStamp : 2024-12-12 17:42:28===> API : null ===> Message : validateRequest() Error:: Invalid Request :: 
      {"apiUri":"/telescope/requests"}
info: ===> TimeStamp : 2024-12-12 17:42:28===> API : null ===> Message : validateRequest() invoked
info: ===> TimeStamp : 2024-12-12 17:42:28===> API : null ===> Message : validateRequest() Error:: Invalid Request :: 
      {"apiUri":"/info.php"}
info: ===> TimeStamp : 2024-12-12 17:42:28===> API : null ===> Message : validateRequest() invoked
info: ===> TimeStamp : 2024-12-12 17:42:28===> API : null ===> Message : validateRequest() Error:: Invalid Request :: 
      {"apiUri":"/"}
info: ===> TimeStamp : 2024-12-12 17:56:27===> API : null ===> Message : validateRequest() invoked
info: ===> TimeStamp : 2024-12-12 17:56:27===> API : null ===> Message : fetchDBSettings()
info: ===> TimeStamp : 2024-12-12 17:56:27===> API : null ===> Message : validateRequest() Invoked!
info: ===> TimeStamp : 2024-12-12 17:56:27===> API : null ===> Message : validRequest() :: Api validated Successfully
info: ===> TimeStamp : 2024-12-12 17:56:28===> API : /api/auth/validateuser ===> Message : validateUser() :: Request Object :: [object Object]
info: ===> TimeStamp : 2024-12-12 17:56:28===> API : /api/auth/validateuser ===> Message : validateUser() invoked!!
info: ===> TimeStamp : 2024-12-12 17:56:28===> API : /api/auth/validateuser ===> Message : validateUserDB() Invoked !
info: ===> TimeStamp : 2024-12-12 17:56:28===> API : /api/auth/validateuser ===> Message : validateUserResponse() invoked!
info: ===> TimeStamp : 2024-12-12 17:56:28===> API : /api/auth/validateuser ===> Message : validateUserResponse() completed
info: ===> TimeStamp : 2024-12-12 17:56:28===> API : null ===> Message : validateRequest() invoked
info: ===> TimeStamp : 2024-12-12 17:56:28===> API : null ===> Message : fetchDBSettings()
info: ===> TimeStamp : 2024-12-12 17:56:28===> API : null ===> Message : validateRequest() Invoked!
info: ===> TimeStamp : 2024-12-12 17:56:28===> API : null ===> Message : validRequest() :: Api validated Successfully
info: ===> TimeStamp : 2024-12-12 17:56:28===> API : /api/auth/login ===> Message : loginUser() invoked!!
info: ===> TimeStamp : 2024-12-12 17:56:28===> API : /api/auth/login ===> Message : loginUser() :: Request Object :: [object Object]
info: ===> TimeStamp : 2024-12-12 17:56:28===> API : /api/auth/login ===> Message : loginUserDB() Invoked !
info: ===> TimeStamp : 2024-12-12 17:56:28===> API : /api/auth/login ===> Message : loginUserResponse() invoked!
info: ===> TimeStamp : 2024-12-12 17:56:28===> API : /api/auth/login ===> Message : loginUserResponse() completed
info: ===> TimeStamp : 2024-12-12 18:16:36===> API : null ===> Message : validateRequest() invoked
info: ===> TimeStamp : 2024-12-12 18:16:36===> API : null ===> Message : fetchDBSettings()
info: ===> TimeStamp : 2024-12-12 18:16:36===> API : null ===> Message : validateRequest() Invoked!
info: ===> TimeStamp : 2024-12-12 18:16:36===> API : null ===> Message : validRequest() :: Api validated Successfully
info: ===> TimeStamp : 2024-12-12 18:16:36===> API : /api/auth/validateuser ===> Message : validateUser() invoked!!
info: ===> TimeStamp : 2024-12-12 18:16:36===> API : /api/auth/validateuser ===> Message : validateUser() :: Request Object :: [object Object]
info: ===> TimeStamp : 2024-12-12 18:16:36===> API : /api/auth/validateuser ===> Message : validateUserDB() Invoked !
info: ===> TimeStamp : 2024-12-12 18:16:36===> API : /api/auth/validateuser ===> Message : validateUserResponse() invoked!
info: ===> TimeStamp : 2024-12-12 18:16:36===> API : /api/auth/validateuser ===> Message : validateUserResponse() completed
info: ===> TimeStamp : 2024-12-12 18:16:36===> API : null ===> Message : validateRequest() invoked
info: ===> TimeStamp : 2024-12-12 18:16:36===> API : null ===> Message : fetchDBSettings()
info: ===> TimeStamp : 2024-12-12 18:16:36===> API : null ===> Message : validateRequest() Invoked!
info: ===> TimeStamp : 2024-12-12 18:16:36===> API : null ===> Message : validRequest() :: Api validated Successfully
info: ===> TimeStamp : 2024-12-12 18:16:36===> API : /api/auth/login ===> Message : loginUser() invoked!!
info: ===> TimeStamp : 2024-12-12 18:16:36===> API : /api/auth/login ===> Message : loginUser() :: Request Object :: [object Object]
info: ===> TimeStamp : 2024-12-12 18:16:36===> API : /api/auth/login ===> Message : loginUserDB() Invoked !
info: ===> TimeStamp : 2024-12-12 18:16:36===> API : /api/auth/login ===> Message : loginUserResponse() invoked!
info: ===> TimeStamp : 2024-12-12 18:16:36===> API : /api/auth/login ===> Message : loginUserResponse() completed
info: ===> TimeStamp : 2024-12-12 18:32:49===> API : null ===> Message : validateRequest() invoked
info: ===> TimeStamp : 2024-12-12 18:32:49===> API : null ===> Message : fetchDBSettings()
info: ===> TimeStamp : 2024-12-12 18:32:49===> API : null ===> Message : validateRequest() Invoked!
info: ===> TimeStamp : 2024-12-12 18:32:49===> API : null ===> Message : validRequest() :: Api validated Successfully
info: ===> TimeStamp : 2024-12-12 18:32:49===> API : /api/auth/validateuser ===> Message : validateUser() invoked!!
info: ===> TimeStamp : 2024-12-12 18:32:49===> API : /api/auth/validateuser ===> Message : validateUser() :: Request Object :: [object Object]
info: ===> TimeStamp : 2024-12-12 18:32:49===> API : /api/auth/validateuser ===> Message : validateUserDB() Invoked !
info: ===> TimeStamp : 2024-12-12 18:32:49===> API : /api/auth/validateuser ===> Message : validateUserResponse() invoked!
info: ===> TimeStamp : 2024-12-12 18:32:49===> API : /api/auth/validateuser ===> Message : validateUserResponse() completed
info: ===> TimeStamp : 2024-12-12 18:32:49===> API : null ===> Message : validateRequest() invoked
info: ===> TimeStamp : 2024-12-12 18:32:49===> API : null ===> Message : fetchDBSettings()
info: ===> TimeStamp : 2024-12-12 18:32:49===> API : null ===> Message : validateRequest() Invoked!
info: ===> TimeStamp : 2024-12-12 18:32:49===> API : null ===> Message : validRequest() :: Api validated Successfully
info: ===> TimeStamp : 2024-12-12 18:32:49===> API : /api/auth/login ===> Message : loginUser() invoked!!
info: ===> TimeStamp : 2024-12-12 18:32:49===> API : /api/auth/login ===> Message : loginUser() :: Request Object :: [object Object]
info: ===> TimeStamp : 2024-12-12 18:32:49===> API : /api/auth/login ===> Message : loginUserDB() Invoked !
info: ===> TimeStamp : 2024-12-12 18:32:49===> API : /api/auth/login ===> Message : loginUserResponse() invoked!
info: ===> TimeStamp : 2024-12-12 18:32:49===> API : /api/auth/login ===> Message : loginUserResponse() completed
info: ===> TimeStamp : 2024-12-12 18:33:27===> API : null ===> Message : validateRequest() invoked
info: ===> TimeStamp : 2024-12-12 18:33:27===> API : null ===> Message : fetchDBSettings()
info: ===> TimeStamp : 2024-12-12 18:33:27===> API : null ===> Message : validateRequest() Invoked!
info: ===> TimeStamp : 2024-12-12 18:33:28===> API : null ===> Message : validRequest() :: Api validated Successfully
info: ===> TimeStamp : 2024-12-12 18:33:28===> API : /api/auth/validateuser ===> Message : validateUser() invoked!!
info: ===> TimeStamp : 2024-12-12 18:33:28===> API : /api/auth/validateuser ===> Message : validateUser() :: Request Object :: [object Object]
info: ===> TimeStamp : 2024-12-12 18:33:28===> API : /api/auth/validateuser ===> Message : validateUserDB() Invoked !
info: ===> TimeStamp : 2024-12-12 18:33:28===> API : /api/auth/validateuser ===> Message : validateUserResponse() invoked!
info: ===> TimeStamp : 2024-12-12 18:33:28===> API : /api/auth/validateuser ===> Message : validateUserResponse() completed
info: ===> TimeStamp : 2024-12-12 18:33:28===> API : null ===> Message : validateRequest() invoked
info: ===> TimeStamp : 2024-12-12 18:33:28===> API : null ===> Message : fetchDBSettings()
info: ===> TimeStamp : 2024-12-12 18:33:28===> API : null ===> Message : validateRequest() Invoked!
info: ===> TimeStamp : 2024-12-12 18:33:28===> API : null ===> Message : validRequest() :: Api validated Successfully
info: ===> TimeStamp : 2024-12-12 18:33:28===> API : /api/auth/login ===> Message : loginUser() invoked!!
info: ===> TimeStamp : 2024-12-12 18:33:28===> API : /api/auth/login ===> Message : loginUser() :: Request Object :: [object Object]
info: ===> TimeStamp : 2024-12-12 18:33:28===> API : /api/auth/login ===> Message : loginUserDB() Invoked !
info: ===> TimeStamp : 2024-12-12 18:33:28===> API : /api/auth/login ===> Message : loginUserResponse() invoked!
info: ===> TimeStamp : 2024-12-12 18:33:28===> API : /api/auth/login ===> Message : loginUserResponse() completed
info: ===> TimeStamp : 2024-12-12 18:34:31===> API : null ===> Message : validateRequest() invoked
info: ===> TimeStamp : 2024-12-12 18:34:31===> API : null ===> Message : fetchDBSettings()
info: ===> TimeStamp : 2024-12-12 18:34:31===> API : null ===> Message : validateRequest() Invoked!
info: ===> TimeStamp : 2024-12-12 18:34:31===> API : null ===> Message : validRequest() :: Api validated Successfully
info: ===> TimeStamp : 2024-12-12 18:34:31===> API : /api/auth/validateuser ===> Message : validateUser() :: Request Object :: [object Object]
info: ===> TimeStamp : 2024-12-12 18:34:31===> API : /api/auth/validateuser ===> Message : validateUser() invoked!!
info: ===> TimeStamp : 2024-12-12 18:34:31===> API : /api/auth/validateuser ===> Message : validateUserDB() Invoked !
info: ===> TimeStamp : 2024-12-12 18:34:31===> API : /api/auth/validateuser ===> Message : validateUserResponse() invoked!
info: ===> TimeStamp : 2024-12-12 18:34:31===> API : /api/auth/validateuser ===> Message : validateUserResponse() completed
info: ===> TimeStamp : 2024-12-12 18:34:31===> API : null ===> Message : validateRequest() invoked
info: ===> TimeStamp : 2024-12-12 18:34:31===> API : null ===> Message : fetchDBSettings()
info: ===> TimeStamp : 2024-12-12 18:34:31===> API : null ===> Message : validateRequest() Invoked!
info: ===> TimeStamp : 2024-12-12 18:34:31===> API : null ===> Message : validRequest() :: Api validated Successfully
info: ===> TimeStamp : 2024-12-12 18:34:31===> API : /api/auth/login ===> Message : loginUser() invoked!!
info: ===> TimeStamp : 2024-12-12 18:34:31===> API : /api/auth/login ===> Message : loginUser() :: Request Object :: [object Object]
info: ===> TimeStamp : 2024-12-12 18:34:31===> API : /api/auth/login ===> Message : loginUserDB() Invoked !
info: ===> TimeStamp : 2024-12-12 18:34:31===> API : /api/auth/login ===> Message : loginUserResponse() invoked!
info: ===> TimeStamp : 2024-12-12 18:34:31===> API : /api/auth/login ===> Message : loginUserResponse() completed
info: ===> TimeStamp : 2024-12-12 19:07:00===> API : null ===> Message : validateRequest() invoked
info: ===> TimeStamp : 2024-12-12 19:07:00===> API : null ===> Message : fetchDBSettings()
info: ===> TimeStamp : 2024-12-12 19:07:00===> API : null ===> Message : validateRequest() Invoked!
info: ===> TimeStamp : 2024-12-12 19:07:00===> API : null ===> Message : validRequest() :: Api validated Successfully
info: ===> TimeStamp : 2024-12-12 19:07:00===> API : /api/auth/validateuser ===> Message : validateUser() invoked!!
info: ===> TimeStamp : 2024-12-12 19:07:00===> API : /api/auth/validateuser ===> Message : validateUser() :: Request Object :: [object Object]
info: ===> TimeStamp : 2024-12-12 19:07:00===> API : /api/auth/validateuser ===> Message : validateUserDB() Invoked !
info: ===> TimeStamp : 2024-12-12 19:07:00===> API : /api/auth/validateuser ===> Message : validateUserResponse() invoked!
info: ===> TimeStamp : 2024-12-12 19:07:00===> API : /api/auth/validateuser ===> Message : validateUserResponse() completed
info: ===> TimeStamp : 2024-12-12 19:07:00===> API : null ===> Message : validateRequest() invoked
info: ===> TimeStamp : 2024-12-12 19:07:00===> API : null ===> Message : fetchDBSettings()
info: ===> TimeStamp : 2024-12-12 19:07:00===> API : null ===> Message : validateRequest() Invoked!
info: ===> TimeStamp : 2024-12-12 19:07:01===> API : null ===> Message : validRequest() :: Api validated Successfully
info: ===> TimeStamp : 2024-12-12 19:07:01===> API : /api/auth/login ===> Message : loginUser() invoked!!
info: ===> TimeStamp : 2024-12-12 19:07:01===> API : /api/auth/login ===> Message : loginUser() :: Request Object :: [object Object]
info: ===> TimeStamp : 2024-12-12 19:07:01===> API : /api/auth/login ===> Message : loginUserDB() Invoked !
info: ===> TimeStamp : 2024-12-12 19:07:01===> API : /api/auth/login ===> Message : loginUserResponse() invoked!
info: ===> TimeStamp : 2024-12-12 19:07:01===> API : /api/auth/login ===> Message : loginUserResponse() completed
info: ===> TimeStamp : 2024-12-12 19:35:21===> API : null ===> Message : validateRequest() invoked
info: ===> TimeStamp : 2024-12-12 19:35:21===> API : null ===> Message : fetchDBSettings()
info: ===> TimeStamp : 2024-12-12 19:35:21===> API : null ===> Message : validateRequest() Invoked!
info: ===> TimeStamp : 2024-12-12 19:35:21===> API : null ===> Message : validRequest() :: Api validated Successfully
info: ===> TimeStamp : 2024-12-12 19:35:21===> API : /api/auth/validateuser ===> Message : validateUser() :: Request Object :: [object Object]
info: ===> TimeStamp : 2024-12-12 19:35:21===> API : /api/auth/validateuser ===> Message : validateUser() invoked!!
info: ===> TimeStamp : 2024-12-12 19:35:21===> API : /api/auth/validateuser ===> Message : validateUserDB() Invoked !
info: ===> TimeStamp : 2024-12-12 19:35:21===> API : /api/auth/validateuser ===> Message : validateUserResponse() invoked!
info: ===> TimeStamp : 2024-12-12 19:35:21===> API : /api/auth/validateuser ===> Message : validateUserResponse() completed
info: ===> TimeStamp : 2024-12-12 19:35:21===> API : null ===> Message : validateRequest() invoked
info: ===> TimeStamp : 2024-12-12 19:35:21===> API : null ===> Message : fetchDBSettings()
info: ===> TimeStamp : 2024-12-12 19:35:21===> API : null ===> Message : validateRequest() Invoked!
info: ===> TimeStamp : 2024-12-12 19:35:21===> API : null ===> Message : validRequest() :: Api validated Successfully
info: ===> TimeStamp : 2024-12-12 19:35:21===> API : /api/auth/login ===> Message : loginUser() invoked!!
info: ===> TimeStamp : 2024-12-12 19:35:21===> API : /api/auth/login ===> Message : loginUser() :: Request Object :: [object Object]
info: ===> TimeStamp : 2024-12-12 19:35:21===> API : /api/auth/login ===> Message : loginUserDB() Invoked !
info: ===> TimeStamp : 2024-12-12 19:35:21===> API : /api/auth/login ===> Message : loginUserResponse() invoked!
info: ===> TimeStamp : 2024-12-12 19:35:21===> API : /api/auth/login ===> Message : loginUserResponse() completed
info: ===> TimeStamp : 2024-12-12 20:06:00===> API : null ===> Message : fetchDBSettings()
info: ===> TimeStamp : 2024-12-12 20:06:00===> API : null ===> Message : validateRequest() invoked
info: ===> TimeStamp : 2024-12-12 20:06:00===> API : null ===> Message : validateRequest() Invoked!
info: ===> TimeStamp : 2024-12-12 20:06:00===> API : null ===> Message : validRequest() :: Api validated Successfully
info: ===> TimeStamp : 2024-12-12 20:06:00===> API : /api/auth/validateuser ===> Message : validateUser() invoked!!
info: ===> TimeStamp : 2024-12-12 20:06:00===> API : /api/auth/validateuser ===> Message : validateUser() :: Request Object :: [object Object]
info: ===> TimeStamp : 2024-12-12 20:06:00===> API : /api/auth/validateuser ===> Message : validateUserDB() Invoked !
info: ===> TimeStamp : 2024-12-12 20:06:00===> API : /api/auth/validateuser ===> Message : validateUserResponse() invoked!
info: ===> TimeStamp : 2024-12-12 20:06:00===> API : /api/auth/validateuser ===> Message : validateUserResponse() completed
info: ===> TimeStamp : 2024-12-12 20:06:00===> API : null ===> Message : validateRequest() invoked
info: ===> TimeStamp : 2024-12-12 20:06:00===> API : null ===> Message : fetchDBSettings()
info: ===> TimeStamp : 2024-12-12 20:06:00===> API : null ===> Message : validateRequest() Invoked!
info: ===> TimeStamp : 2024-12-12 20:06:00===> API : null ===> Message : validRequest() :: Api validated Successfully
info: ===> TimeStamp : 2024-12-12 20:06:00===> API : /api/auth/login ===> Message : loginUser() invoked!!
info: ===> TimeStamp : 2024-12-12 20:06:00===> API : /api/auth/login ===> Message : loginUser() :: Request Object :: [object Object]
info: ===> TimeStamp : 2024-12-12 20:06:00===> API : /api/auth/login ===> Message : loginUserDB() Invoked !
info: ===> TimeStamp : 2024-12-12 20:06:00===> API : /api/auth/login ===> Message : loginUserResponse() invoked!
info: ===> TimeStamp : 2024-12-12 20:06:00===> API : /api/auth/login ===> Message : loginUserResponse() completed
info: ===> TimeStamp : 2024-12-12 20:08:41===> API : null ===> Message : validateRequest() invoked
info: ===> TimeStamp : 2024-12-12 20:08:41===> API : null ===> Message : fetchDBSettings()
info: ===> TimeStamp : 2024-12-12 20:08:41===> API : null ===> Message : validateRequest() Invoked!
info: ===> TimeStamp : 2024-12-12 20:08:41===> API : null ===> Message : validRequest() :: Api validated Successfully
info: ===> TimeStamp : 2024-12-12 20:08:41===> API : /api/auth/validateuser ===> Message : validateUser() invoked!!
info: ===> TimeStamp : 2024-12-12 20:08:41===> API : /api/auth/validateuser ===> Message : validateUser() :: Request Object :: [object Object]
info: ===> TimeStamp : 2024-12-12 20:08:41===> API : /api/auth/validateuser ===> Message : validateUserDB() Invoked !
info: ===> TimeStamp : 2024-12-12 20:08:41===> API : /api/auth/validateuser ===> Message : validateUserResponse() invoked!
info: ===> TimeStamp : 2024-12-12 20:08:41===> API : /api/auth/validateuser ===> Message : validateUserResponse() completed
info: ===> TimeStamp : 2024-12-12 20:08:41===> API : null ===> Message : validateRequest() invoked
info: ===> TimeStamp : 2024-12-12 20:08:41===> API : null ===> Message : fetchDBSettings()
info: ===> TimeStamp : 2024-12-12 20:08:41===> API : null ===> Message : validateRequest() Invoked!
info: ===> TimeStamp : 2024-12-12 20:08:41===> API : null ===> Message : validRequest() :: Api validated Successfully
info: ===> TimeStamp : 2024-12-12 20:08:41===> API : /api/auth/login ===> Message : loginUser() invoked!!
info: ===> TimeStamp : 2024-12-12 20:08:41===> API : /api/auth/login ===> Message : loginUser() :: Request Object :: [object Object]
info: ===> TimeStamp : 2024-12-12 20:08:41===> API : /api/auth/login ===> Message : loginUserDB() Invoked !
info: ===> TimeStamp : 2024-12-12 20:08:41===> API : /api/auth/login ===> Message : loginUserResponse() invoked!
info: ===> TimeStamp : 2024-12-12 20:08:41===> API : /api/auth/login ===> Message : loginUserResponse() completed
info: ===> TimeStamp : 2024-12-12 21:53:03===> API : null ===> Message : validateRequest() invoked
info: ===> TimeStamp : 2024-12-12 21:53:03===> API : null ===> Message : fetchDBSettings()
info: ===> TimeStamp : 2024-12-12 21:53:03===> API : null ===> Message : validateRequest() Invoked!
info: ===> TimeStamp : 2024-12-12 21:53:03===> API : null ===> Message : validRequest() :: Api validated Successfully
info: ===> TimeStamp : 2024-12-12 21:53:03===> API : /api/auth/logout ===> Message : logoutUser() invoked!!
info: ===> TimeStamp : 2024-12-12 21:53:03===> API : /api/auth/logout ===> Message : logoutUser() :: Request Object :: [object Object]
info: ===> TimeStamp : 2024-12-12 21:53:03===> API : /api/auth/logout ===> Message : logoutUserDB() Invoked !
info: ===> TimeStamp : 2024-12-12 21:53:03===> API : /api/auth/logout ===> Message : logoutUserResponse() invoked!
info: ===> TimeStamp : 2024-12-12 21:53:03===> API : /api/auth/logout ===> Message : logoutUserResponse() completed
info: ===> TimeStamp : 2024-12-12 21:53:26===> API : null ===> Message : validateRequest() invoked
info: ===> TimeStamp : 2024-12-12 21:53:26===> API : null ===> Message : fetchDBSettings()
info: ===> TimeStamp : 2024-12-12 21:53:26===> API : null ===> Message : validateRequest() Invoked!
info: ===> TimeStamp : 2024-12-12 21:53:27===> API : null ===> Message : validRequest() :: Api validated Successfully
info: ===> TimeStamp : 2024-12-12 21:53:27===> API : /api/auth/logout ===> Message : logoutUser() invoked!!
info: ===> TimeStamp : 2024-12-12 21:53:27===> API : /api/auth/logout ===> Message : logoutUser() :: Request Object :: [object Object]
info: ===> TimeStamp : 2024-12-12 21:53:27===> API : /api/auth/logout ===> Message : logoutUserDB() Invoked !
info: ===> TimeStamp : 2024-12-12 21:53:27===> API : /api/auth/logout ===> Message : logoutUserResponse() invoked!
info: ===> TimeStamp : 2024-12-12 21:53:27===> API : /api/auth/logout ===> Message : logoutUserResponse() completed
info: ===> TimeStamp : 2024-12-12 21:53:31===> API : null ===> Message : validateRequest() invoked
info: ===> TimeStamp : 2024-12-12 21:53:31===> API : null ===> Message : fetchDBSettings()
info: ===> TimeStamp : 2024-12-12 21:53:31===> API : null ===> Message : validateRequest() Invoked!
info: ===> TimeStamp : 2024-12-12 21:53:31===> API : null ===> Message : validRequest() :: Api validated Successfully
info: ===> TimeStamp : 2024-12-12 21:53:31===> API : /api/auth/validateuser ===> Message : validateUser() invoked!!
info: ===> TimeStamp : 2024-12-12 21:53:31===> API : /api/auth/validateuser ===> Message : validateUser() :: Request Object :: [object Object]
info: ===> TimeStamp : 2024-12-12 21:53:31===> API : /api/auth/validateuser ===> Message : validateUserDB() Invoked !
info: ===> TimeStamp : 2024-12-12 21:53:31===> API : /api/auth/validateuser ===> Message : validateUserResponse() invoked!
info: ===> TimeStamp : 2024-12-12 21:53:31===> API : /api/auth/validateuser ===> Message : validateUserResponse() completed
info: ===> TimeStamp : 2024-12-12 21:53:31===> API : null ===> Message : validateRequest() invoked
info: ===> TimeStamp : 2024-12-12 21:53:31===> API : null ===> Message : fetchDBSettings()
info: ===> TimeStamp : 2024-12-12 21:53:32===> API : null ===> Message : validateRequest() Invoked!
info: ===> TimeStamp : 2024-12-12 21:53:32===> API : null ===> Message : validRequest() :: Api validated Successfully
info: ===> TimeStamp : 2024-12-12 21:53:32===> API : /api/auth/checkIP ===> Message : checkIP() invoked!!
info: ===> TimeStamp : 2024-12-12 21:53:32===> API : /api/auth/checkIP ===> Message : IPs match: 103.255.182.117
info: ===> TimeStamp : 2024-12-12 21:53:32===> API : /api/auth/checkIP ===> Message : checkIPResponse() invoked!
info: ===> TimeStamp : 2024-12-12 21:53:32===> API : /api/auth/checkIP ===> Message : checkIPResponse() completed
info: ===> TimeStamp : 2024-12-12 21:53:32===> API : null ===> Message : validateRequest() invoked
info: ===> TimeStamp : 2024-12-12 21:53:32===> API : null ===> Message : fetchDBSettings()
info: ===> TimeStamp : 2024-12-12 21:53:32===> API : null ===> Message : validateRequest() Invoked!
info: ===> TimeStamp : 2024-12-12 21:53:32===> API : null ===> Message : validRequest() :: Api validated Successfully
info: ===> TimeStamp : 2024-12-12 21:53:32===> API : /api/auth/login ===> Message : loginUser() invoked!!
info: ===> TimeStamp : 2024-12-12 21:53:32===> API : /api/auth/login ===> Message : loginUser() :: Request Object :: [object Object]
info: ===> TimeStamp : 2024-12-12 21:53:32===> API : /api/auth/login ===> Message : loginUserDB() Invoked !
info: ===> TimeStamp : 2024-12-12 21:53:32===> API : /api/auth/login ===> Message : loginUserResponse() invoked!
info: ===> TimeStamp : 2024-12-12 21:53:32===> API : /api/auth/login ===> Message : loginUserResponse() completed
info: ===> TimeStamp : 2024-12-12 21:53:56===> API : null ===> Message : validateRequest() invoked
info: ===> TimeStamp : 2024-12-12 21:53:56===> API : null ===> Message : fetchDBSettings()
info: ===> TimeStamp : 2024-12-12 21:53:56===> API : null ===> Message : validateRequest() Invoked!
info: ===> TimeStamp : 2024-12-12 21:53:56===> API : null ===> Message : validRequest() :: Api validated Successfully
info: ===> TimeStamp : 2024-12-12 21:53:56===> API : /api/auth/validateuser ===> Message : validateUser() invoked!!
info: ===> TimeStamp : 2024-12-12 21:53:56===> API : /api/auth/validateuser ===> Message : validateUser() :: Request Object :: [object Object]
info: ===> TimeStamp : 2024-12-12 21:53:56===> API : /api/auth/validateuser ===> Message : validateUserDB() Invoked !
info: ===> TimeStamp : 2024-12-12 21:53:56===> API : /api/auth/validateuser ===> Message : validateUserResponse() invoked!
info: ===> TimeStamp : 2024-12-12 21:53:56===> API : /api/auth/validateuser ===> Message : validateUserResponse() completed
info: ===> TimeStamp : 2024-12-12 21:53:56===> API : null ===> Message : validateRequest() invoked
info: ===> TimeStamp : 2024-12-12 21:53:56===> API : null ===> Message : fetchDBSettings()
info: ===> TimeStamp : 2024-12-12 21:53:56===> API : null ===> Message : validateRequest() Invoked!
info: ===> TimeStamp : 2024-12-12 21:53:56===> API : null ===> Message : validRequest() :: Api validated Successfully
info: ===> TimeStamp : 2024-12-12 21:53:56===> API : /api/auth/checkIP ===> Message : checkIP() invoked!!
info: ===> TimeStamp : 2024-12-12 21:53:56===> API : /api/auth/checkIP ===> Message : IPs match: 103.225.102.194
info: ===> TimeStamp : 2024-12-12 21:53:56===> API : /api/auth/checkIP ===> Message : checkIPResponse() invoked!
info: ===> TimeStamp : 2024-12-12 21:53:56===> API : /api/auth/checkIP ===> Message : checkIPResponse() completed
info: ===> TimeStamp : 2024-12-12 21:53:56===> API : null ===> Message : validateRequest() invoked
info: ===> TimeStamp : 2024-12-12 21:53:56===> API : null ===> Message : fetchDBSettings()
info: ===> TimeStamp : 2024-12-12 21:53:56===> API : null ===> Message : validateRequest() Invoked!
info: ===> TimeStamp : 2024-12-12 21:53:56===> API : null ===> Message : validRequest() :: Api validated Successfully
info: ===> TimeStamp : 2024-12-12 21:53:56===> API : /api/auth/login ===> Message : loginUser() invoked!!
info: ===> TimeStamp : 2024-12-12 21:53:56===> API : /api/auth/login ===> Message : loginUser() :: Request Object :: [object Object]
info: ===> TimeStamp : 2024-12-12 21:53:56===> API : /api/auth/login ===> Message : loginUserDB() Invoked !
info: ===> TimeStamp : 2024-12-12 21:53:56===> API : /api/auth/login ===> Message : loginUserResponse() invoked!
info: ===> TimeStamp : 2024-12-12 21:53:56===> API : /api/auth/login ===> Message : loginUserResponse() completed
info: ===> TimeStamp : 2024-12-13 00:01:28===> API : null ===> Message : validateRequest() invoked
info: ===> TimeStamp : 2024-12-13 00:01:28===> API : null ===> Message : fetchDBSettings()
info: ===> TimeStamp : 2024-12-13 00:01:28===> API : null ===> Message : validateRequest() Invoked!
info: ===> TimeStamp : 2024-12-13 00:01:28===> API : null ===> Message : validRequest() :: Api validated Successfully
info: ===> TimeStamp : 2024-12-13 00:01:28===> API : /api/auth/validateuser ===> Message : validateUser() invoked!!
info: ===> TimeStamp : 2024-12-13 00:01:28===> API : /api/auth/validateuser ===> Message : validateUser() :: Request Object :: [object Object]
info: ===> TimeStamp : 2024-12-13 00:01:28===> API : /api/auth/validateuser ===> Message : validateUserDB() Invoked !
info: ===> TimeStamp : 2024-12-13 00:01:28===> API : /api/auth/validateuser ===> Message : validateUserResponse() invoked!
info: ===> TimeStamp : 2024-12-13 00:01:28===> API : /api/auth/validateuser ===> Message : validateUserResponse() completed
info: ===> TimeStamp : 2024-12-13 00:01:28===> API : null ===> Message : validateRequest() invoked
info: ===> TimeStamp : 2024-12-13 00:01:28===> API : null ===> Message : fetchDBSettings()
info: ===> TimeStamp : 2024-12-13 00:01:28===> API : null ===> Message : validateRequest() Invoked!
info: ===> TimeStamp : 2024-12-13 00:01:28===> API : null ===> Message : validRequest() :: Api validated Successfully
info: ===> TimeStamp : 2024-12-13 00:01:28===> API : /api/auth/login ===> Message : loginUser() invoked!!
info: ===> TimeStamp : 2024-12-13 00:01:28===> API : /api/auth/login ===> Message : loginUser() :: Request Object :: [object Object]
info: ===> TimeStamp : 2024-12-13 00:01:28===> API : /api/auth/login ===> Message : loginUserDB() Invoked !
info: ===> TimeStamp : 2024-12-13 00:01:28===> API : /api/auth/login ===> Message : loginUserResponse() invoked!
info: ===> TimeStamp : 2024-12-13 00:01:28===> API : /api/auth/login ===> Message : loginUserResponse() completed
info: ===> TimeStamp : 2024-12-13 00:11:15===> API : null ===> Message : validateRequest() invoked
info: ===> TimeStamp : 2024-12-13 00:11:15===> API : null ===> Message : fetchDBSettings()
info: ===> TimeStamp : 2024-12-13 00:11:15===> API : null ===> Message : validateRequest() Invoked!
info: ===> TimeStamp : 2024-12-13 00:11:15===> API : null ===> Message : validRequest() :: Api validated Successfully
info: ===> TimeStamp : 2024-12-13 00:11:15===> API : /api/auth/validateuser ===> Message : validateUser() invoked!!
info: ===> TimeStamp : 2024-12-13 00:11:15===> API : /api/auth/validateuser ===> Message : validateUser() :: Request Object :: [object Object]
info: ===> TimeStamp : 2024-12-13 00:11:15===> API : /api/auth/validateuser ===> Message : validateUserDB() Invoked !
info: ===> TimeStamp : 2024-12-13 00:11:15===> API : /api/auth/validateuser ===> Message : validateUserResponse() invoked!
info: ===> TimeStamp : 2024-12-13 00:11:15===> API : /api/auth/validateuser ===> Message : validateUserResponse() completed
info: ===> TimeStamp : 2024-12-13 00:11:15===> API : null ===> Message : validateRequest() invoked
info: ===> TimeStamp : 2024-12-13 00:11:15===> API : null ===> Message : fetchDBSettings()
info: ===> TimeStamp : 2024-12-13 00:11:15===> API : null ===> Message : validateRequest() Invoked!
info: ===> TimeStamp : 2024-12-13 00:11:15===> API : null ===> Message : validRequest() :: Api validated Successfully
info: ===> TimeStamp : 2024-12-13 00:11:15===> API : /api/auth/login ===> Message : loginUser() invoked!!
info: ===> TimeStamp : 2024-12-13 00:11:15===> API : /api/auth/login ===> Message : loginUser() :: Request Object :: [object Object]
info: ===> TimeStamp : 2024-12-13 00:11:15===> API : /api/auth/login ===> Message : loginUserDB() Invoked !
info: ===> TimeStamp : 2024-12-13 00:11:15===> API : /api/auth/login ===> Message : loginUserResponse() invoked!
info: ===> TimeStamp : 2024-12-13 00:11:15===> API : /api/auth/login ===> Message : loginUserResponse() completed
info: ===> TimeStamp : 2024-12-13 02:54:06===> API : null ===> Message : validateRequest() invoked
info: ===> TimeStamp : 2024-12-13 02:54:06===> API : null ===> Message : fetchDBSettings()
info: ===> TimeStamp : 2024-12-13 02:54:06===> API : null ===> Message : validateRequest() Invoked!
info: ===> TimeStamp : 2024-12-13 02:54:06===> API : null ===> Message : validRequest() :: Api validated Successfully
info: ===> TimeStamp : 2024-12-13 02:54:06===> API : /api/auth/logout ===> Message : logoutUser() invoked!!
info: ===> TimeStamp : 2024-12-13 02:54:06===> API : /api/auth/logout ===> Message : logoutUser() :: Request Object :: [object Object]
info: ===> TimeStamp : 2024-12-13 02:54:06===> API : /api/auth/logout ===> Message : logoutUserDB() Invoked !
info: ===> TimeStamp : 2024-12-13 02:54:06===> API : /api/auth/logout ===> Message : logoutUserResponse() invoked!
info: ===> TimeStamp : 2024-12-13 02:54:06===> API : /api/auth/logout ===> Message : logoutUserResponse() completed
info: ===> TimeStamp : 2024-12-13 03:15:54===> API : null ===> Message : validateRequest() invoked
info: ===> TimeStamp : 2024-12-13 03:15:54===> API : null ===> Message : fetchDBSettings()
info: ===> TimeStamp : 2024-12-13 03:15:54===> API : null ===> Message : validateRequest() Invoked!
info: ===> TimeStamp : 2024-12-13 03:15:54===> API : null ===> Message : validRequest() :: Api validated Successfully
info: ===> TimeStamp : 2024-12-13 03:15:54===> API : /api/auth/validateuser ===> Message : validateUser() invoked!!
info: ===> TimeStamp : 2024-12-13 03:15:54===> API : /api/auth/validateuser ===> Message : validateUser() :: Request Object :: [object Object]
info: ===> TimeStamp : 2024-12-13 03:15:54===> API : /api/auth/validateuser ===> Message : validateUserDB() Invoked !
info: ===> TimeStamp : 2024-12-13 03:15:54===> API : /api/auth/validateuser ===> Message : validateUserResponse() invoked!
info: ===> TimeStamp : 2024-12-13 03:15:54===> API : /api/auth/validateuser ===> Message : validateUserResponse() completed
info: ===> TimeStamp : 2024-12-13 03:15:54===> API : null ===> Message : validateRequest() invoked
info: ===> TimeStamp : 2024-12-13 03:15:54===> API : null ===> Message : fetchDBSettings()
info: ===> TimeStamp : 2024-12-13 03:15:54===> API : null ===> Message : validateRequest() Invoked!
info: ===> TimeStamp : 2024-12-13 03:15:54===> API : null ===> Message : validRequest() :: Api validated Successfully
info: ===> TimeStamp : 2024-12-13 03:15:54===> API : /api/auth/checkIP ===> Message : checkIP() invoked!!
info: ===> TimeStamp : 2024-12-13 03:15:54===> API : /api/auth/checkIP ===> Message : IPs match: 103.225.102.194
info: ===> TimeStamp : 2024-12-13 03:15:54===> API : /api/auth/checkIP ===> Message : checkIPResponse() invoked!
info: ===> TimeStamp : 2024-12-13 03:15:54===> API : /api/auth/checkIP ===> Message : checkIPResponse() completed
info: ===> TimeStamp : 2024-12-13 03:15:55===> API : null ===> Message : validateRequest() invoked
info: ===> TimeStamp : 2024-12-13 03:15:55===> API : null ===> Message : fetchDBSettings()
info: ===> TimeStamp : 2024-12-13 03:15:55===> API : null ===> Message : validateRequest() Invoked!
info: ===> TimeStamp : 2024-12-13 03:15:55===> API : null ===> Message : validRequest() :: Api validated Successfully
info: ===> TimeStamp : 2024-12-13 03:15:55===> API : /api/auth/login ===> Message : loginUser() invoked!!
info: ===> TimeStamp : 2024-12-13 03:15:55===> API : /api/auth/login ===> Message : loginUser() :: Request Object :: [object Object]
info: ===> TimeStamp : 2024-12-13 03:15:55===> API : /api/auth/login ===> Message : loginUserDB() Invoked !
info: ===> TimeStamp : 2024-12-13 03:15:55===> API : /api/auth/login ===> Message : loginUserResponse() invoked!
info: ===> TimeStamp : 2024-12-13 03:15:55===> API : /api/auth/login ===> Message : loginUserResponse() completed
info: ===> TimeStamp : 2024-12-13 03:24:23===> API : null ===> Message : validateRequest() invoked
info: ===> TimeStamp : 2024-12-13 03:24:23===> API : null ===> Message : fetchDBSettings()
info: ===> TimeStamp : 2024-12-13 03:24:23===> API : null ===> Message : validateRequest() Invoked!
info: ===> TimeStamp : 2024-12-13 03:24:23===> API : null ===> Message : validRequest() :: Api validated Successfully
info: ===> TimeStamp : 2024-12-13 03:24:23===> API : /api/auth/validateuser ===> Message : validateUser() invoked!!
info: ===> TimeStamp : 2024-12-13 03:24:23===> API : /api/auth/validateuser ===> Message : validateUser() :: Request Object :: [object Object]
info: ===> TimeStamp : 2024-12-13 03:24:23===> API : /api/auth/validateuser ===> Message : validateUserDB() Invoked !
info: ===> TimeStamp : 2024-12-13 03:24:23===> API : /api/auth/validateuser ===> Message : validateUserResponse() invoked!
info: ===> TimeStamp : 2024-12-13 03:24:23===> API : /api/auth/validateuser ===> Message : validateUserResponse() completed
info: ===> TimeStamp : 2024-12-13 03:24:23===> API : null ===> Message : validateRequest() invoked
info: ===> TimeStamp : 2024-12-13 03:24:23===> API : null ===> Message : fetchDBSettings()
info: ===> TimeStamp : 2024-12-13 03:24:23===> API : null ===> Message : validateRequest() Invoked!
info: ===> TimeStamp : 2024-12-13 03:24:23===> API : null ===> Message : validRequest() :: Api validated Successfully
info: ===> TimeStamp : 2024-12-13 03:24:23===> API : /api/auth/checkIP ===> Message : checkIP() invoked!!
info: ===> TimeStamp : 2024-12-13 03:24:23===> API : /api/auth/checkIP ===> Message : IPs match: 103.255.182.117
info: ===> TimeStamp : 2024-12-13 03:24:23===> API : /api/auth/checkIP ===> Message : checkIPResponse() invoked!
info: ===> TimeStamp : 2024-12-13 03:24:23===> API : /api/auth/checkIP ===> Message : checkIPResponse() completed
info: ===> TimeStamp : 2024-12-13 03:24:23===> API : null ===> Message : validateRequest() invoked
info: ===> TimeStamp : 2024-12-13 03:24:23===> API : null ===> Message : fetchDBSettings()
info: ===> TimeStamp : 2024-12-13 03:24:23===> API : null ===> Message : validateRequest() Invoked!
info: ===> TimeStamp : 2024-12-13 03:24:23===> API : null ===> Message : validRequest() :: Api validated Successfully
info: ===> TimeStamp : 2024-12-13 03:24:23===> API : /api/auth/login ===> Message : loginUser() invoked!!
info: ===> TimeStamp : 2024-12-13 03:24:23===> API : /api/auth/login ===> Message : loginUser() :: Request Object :: [object Object]
info: ===> TimeStamp : 2024-12-13 03:24:23===> API : /api/auth/login ===> Message : loginUserDB() Invoked !
info: ===> TimeStamp : 2024-12-13 03:24:23===> API : /api/auth/login ===> Message : loginUserResponse() invoked!
info: ===> TimeStamp : 2024-12-13 03:24:23===> API : /api/auth/login ===> Message : loginUserResponse() completed
