info: ===> TimeStamp : 2025-10-06 06:52:22===> API : null ===> Message : validateRequest() invoked
info: ===> TimeStamp : 2025-10-06 06:52:22===> API : null ===> Message : fetchDBSettings()
info: ===> TimeStamp : 2025-10-06 06:52:22===> API : null ===> Message : validateRequest() Invoked!
info: ===> TimeStamp : 2025-10-06 06:52:22===> API : null ===> Message : validRequest() :: Api validated Successfully
info: ===> TimeStamp : 2025-10-06 06:52:22===> API : /api/auth/logout ===> Message : logoutUser() :: Request Object :: [object Object]
info: ===> TimeStamp : 2025-10-06 06:52:22===> API : /api/auth/logout ===> Message : logoutUser() invoked!!
info: ===> TimeStamp : 2025-10-06 06:52:22===> API : /api/auth/logout ===> Message : logoutUserDB() Invoked !
info: ===> TimeStamp : 2025-10-06 06:52:22===> API : /api/auth/logout ===> Message : logoutUserResponse() invoked!
info: ===> TimeStamp : 2025-10-06 06:52:22===> API : /api/auth/logout ===> Message : logoutUserResponse() completed
info: ===> TimeStamp : 2025-10-06 06:53:59===> API : null ===> Message : validateRequest() invoked
info: ===> TimeStamp : 2025-10-06 06:53:59===> API : null ===> Message : fetchDBSettings()
info: ===> TimeStamp : 2025-10-06 06:53:59===> API : null ===> Message : validateRequest() Invoked!
info: ===> TimeStamp : 2025-10-06 06:53:59===> API : null ===> Message : validRequest() :: Api validated Successfully
info: ===> TimeStamp : 2025-10-06 06:53:59===> API : /api/auth/validateuser ===> Message : validateUser() invoked!!
info: ===> TimeStamp : 2025-10-06 06:53:59===> API : /api/auth/validateuser ===> Message : validateUser() :: Request Object :: [object Object]
info: ===> TimeStamp : 2025-10-06 06:53:59===> API : /api/auth/validateuser ===> Message : validateUserDB() Invoked !
info: ===> TimeStamp : 2025-10-06 06:54:00===> API : /api/auth/validateuser ===> Message : validateUserDB() :: Error :: {"code":"ER_SIGNAL_EXCEPTION","errno":1644,"sqlState":"10005","sqlMessage":"User Does Not Exist","sql":"CALL usp_validate_user('seni', 'seni@!2')"}
info: ===> TimeStamp : 2025-10-06 06:54:00===> API : /api/auth/validateuser ===> Message : validateUserDBResult :: Error :: {"ErrorCode":10005,"ErrorMessage":"User Does Not Exist"}
info: ===> TimeStamp : 2025-10-06 06:54:00===> API : /api/auth/validateuser ===> Message : validateUserResponse() invoked!
info: ===> TimeStamp : 2025-10-06 06:54:00===> API : /api/auth/validateuser ===> Message : validateUserResponse() completed
info: ===> TimeStamp : 2025-10-06 06:54:11===> API : null ===> Message : validateRequest() invoked
info: ===> TimeStamp : 2025-10-06 06:54:11===> API : null ===> Message : fetchDBSettings()
info: ===> TimeStamp : 2025-10-06 06:54:11===> API : null ===> Message : validateRequest() Invoked!
info: ===> TimeStamp : 2025-10-06 06:54:11===> API : null ===> Message : validRequest() :: Api validated Successfully
info: ===> TimeStamp : 2025-10-06 06:54:11===> API : /api/auth/validateuser ===> Message : validateUser() invoked!!
info: ===> TimeStamp : 2025-10-06 06:54:11===> API : /api/auth/validateuser ===> Message : validateUser() :: Request Object :: [object Object]
info: ===> TimeStamp : 2025-10-06 06:54:11===> API : /api/auth/validateuser ===> Message : validateUserDB() Invoked !
info: ===> TimeStamp : 2025-10-06 06:54:11===> API : /api/auth/validateuser ===> Message : validateUserResponse() invoked!
info: ===> TimeStamp : 2025-10-06 06:54:11===> API : /api/auth/validateuser ===> Message : validateUserResponse() completed
info: ===> TimeStamp : 2025-10-06 06:54:11===> API : null ===> Message : validateRequest() invoked
info: ===> TimeStamp : 2025-10-06 06:54:11===> API : null ===> Message : fetchDBSettings()
info: ===> TimeStamp : 2025-10-06 06:54:11===> API : null ===> Message : validateRequest() Invoked!
info: ===> TimeStamp : 2025-10-06 06:54:11===> API : null ===> Message : validRequest() :: Api validated Successfully
info: ===> TimeStamp : 2025-10-06 06:54:11===> API : /api/auth/checkIP ===> Message : checkIP() invoked!!
info: ===> TimeStamp : 2025-10-06 06:54:11===> API : /api/auth/checkIP ===> Message : IPs match: 103.225.102.194
info: ===> TimeStamp : 2025-10-06 06:54:11===> API : /api/auth/checkIP ===> Message : checkIPResponse() invoked!
info: ===> TimeStamp : 2025-10-06 06:54:11===> API : /api/auth/checkIP ===> Message : checkIPResponse() completed
info: ===> TimeStamp : 2025-10-06 06:54:11===> API : null ===> Message : validateRequest() invoked
info: ===> TimeStamp : 2025-10-06 06:54:11===> API : null ===> Message : fetchDBSettings()
info: ===> TimeStamp : 2025-10-06 06:54:11===> API : null ===> Message : validateRequest() Invoked!
info: ===> TimeStamp : 2025-10-06 06:54:11===> API : null ===> Message : validRequest() :: Api validated Successfully
info: ===> TimeStamp : 2025-10-06 06:54:11===> API : /api/auth/login ===> Message : loginUser() invoked!!
info: ===> TimeStamp : 2025-10-06 06:54:11===> API : /api/auth/login ===> Message : loginUser() :: Request Object :: [object Object]
info: ===> TimeStamp : 2025-10-06 06:54:11===> API : /api/auth/login ===> Message : loginUserDB() Invoked !
info: ===> TimeStamp : 2025-10-06 06:54:11===> API : /api/auth/login ===> Message : loginUserResponse() invoked!
info: ===> TimeStamp : 2025-10-06 06:54:11===> API : /api/auth/login ===> Message : loginUserResponse() completed
info: ===> TimeStamp : 2025-10-06 06:59:47===> API : null ===> Message : validateRequest() invoked
info: ===> TimeStamp : 2025-10-06 06:59:47===> API : null ===> Message : fetchDBSettings()
info: ===> TimeStamp : 2025-10-06 06:59:47===> API : null ===> Message : validateRequest() Invoked!
info: ===> TimeStamp : 2025-10-06 06:59:47===> API : null ===> Message : validRequest() :: Api validated Successfully
info: ===> TimeStamp : 2025-10-06 06:59:47===> API : /api/auth/validateuser ===> Message : validateUser() invoked!!
info: ===> TimeStamp : 2025-10-06 06:59:47===> API : /api/auth/validateuser ===> Message : validateUser() :: Request Object :: [object Object]
info: ===> TimeStamp : 2025-10-06 06:59:47===> API : /api/auth/validateuser ===> Message : validateUserDB() Invoked !
info: ===> TimeStamp : 2025-10-06 06:59:47===> API : /api/auth/validateuser ===> Message : validateUserDB() :: Error :: {"code":"ER_SIGNAL_EXCEPTION","errno":1644,"sqlState":"10005","sqlMessage":"User Does Not Exist","sql":"CALL usp_validate_user('seni', 'seni212')"}
info: ===> TimeStamp : 2025-10-06 06:59:47===> API : /api/auth/validateuser ===> Message : validateUserDBResult :: Error :: {"ErrorCode":10005,"ErrorMessage":"User Does Not Exist"}
info: ===> TimeStamp : 2025-10-06 06:59:47===> API : /api/auth/validateuser ===> Message : validateUserResponse() invoked!
info: ===> TimeStamp : 2025-10-06 06:59:47===> API : /api/auth/validateuser ===> Message : validateUserResponse() completed
info: ===> TimeStamp : 2025-10-06 07:00:00===> API : null ===> Message : validateRequest() invoked
info: ===> TimeStamp : 2025-10-06 07:00:00===> API : null ===> Message : fetchDBSettings()
info: ===> TimeStamp : 2025-10-06 07:00:00===> API : null ===> Message : validateRequest() Invoked!
info: ===> TimeStamp : 2025-10-06 07:00:00===> API : null ===> Message : validRequest() :: Api validated Successfully
info: ===> TimeStamp : 2025-10-06 07:00:00===> API : /api/auth/validateuser ===> Message : validateUser() invoked!!
info: ===> TimeStamp : 2025-10-06 07:00:00===> API : /api/auth/validateuser ===> Message : validateUser() :: Request Object :: [object Object]
info: ===> TimeStamp : 2025-10-06 07:00:00===> API : /api/auth/validateuser ===> Message : validateUserDB() Invoked !
info: ===> TimeStamp : 2025-10-06 07:00:00===> API : /api/auth/validateuser ===> Message : validateUserResponse() invoked!
info: ===> TimeStamp : 2025-10-06 07:00:00===> API : /api/auth/validateuser ===> Message : validateUserResponse() completed
info: ===> TimeStamp : 2025-10-06 07:00:00===> API : null ===> Message : validateRequest() invoked
info: ===> TimeStamp : 2025-10-06 07:00:00===> API : null ===> Message : fetchDBSettings()
info: ===> TimeStamp : 2025-10-06 07:00:00===> API : null ===> Message : validateRequest() Invoked!
info: ===> TimeStamp : 2025-10-06 07:00:00===> API : null ===> Message : validRequest() :: Api validated Successfully
info: ===> TimeStamp : 2025-10-06 07:00:00===> API : /api/auth/checkIP ===> Message : checkIP() invoked!!
info: ===> TimeStamp : 2025-10-06 07:00:00===> API : /api/auth/checkIP ===> Message : IPs match: 103.255.182.117
info: ===> TimeStamp : 2025-10-06 07:00:00===> API : /api/auth/checkIP ===> Message : checkIPResponse() invoked!
info: ===> TimeStamp : 2025-10-06 07:00:00===> API : /api/auth/checkIP ===> Message : checkIPResponse() completed
info: ===> TimeStamp : 2025-10-06 07:00:00===> API : null ===> Message : validateRequest() invoked
info: ===> TimeStamp : 2025-10-06 07:00:00===> API : null ===> Message : fetchDBSettings()
info: ===> TimeStamp : 2025-10-06 07:00:00===> API : null ===> Message : validateRequest() Invoked!
info: ===> TimeStamp : 2025-10-06 07:00:00===> API : null ===> Message : validRequest() :: Api validated Successfully
info: ===> TimeStamp : 2025-10-06 07:00:00===> API : /api/auth/login ===> Message : loginUser() invoked!!
info: ===> TimeStamp : 2025-10-06 07:00:00===> API : /api/auth/login ===> Message : loginUser() :: Request Object :: [object Object]
info: ===> TimeStamp : 2025-10-06 07:00:00===> API : /api/auth/login ===> Message : loginUserDB() Invoked !
info: ===> TimeStamp : 2025-10-06 07:00:00===> API : /api/auth/login ===> Message : loginUserResponse() invoked!
info: ===> TimeStamp : 2025-10-06 07:00:00===> API : /api/auth/login ===> Message : loginUserResponse() completed
info: ===> TimeStamp : 2025-10-06 08:09:10===> API : null ===> Message : validateRequest() invoked
info: ===> TimeStamp : 2025-10-06 08:09:10===> API : null ===> Message : fetchDBSettings()
info: ===> TimeStamp : 2025-10-06 08:09:10===> API : null ===> Message : validateRequest() Invoked!
info: ===> TimeStamp : 2025-10-06 08:09:10===> API : null ===> Message : validRequest() :: Api validated Successfully
info: ===> TimeStamp : 2025-10-06 08:09:10===> API : /api/auth/validateuser ===> Message : validateUser() invoked!!
info: ===> TimeStamp : 2025-10-06 08:09:10===> API : /api/auth/validateuser ===> Message : validateUser() :: Request Object :: [object Object]
info: ===> TimeStamp : 2025-10-06 08:09:10===> API : /api/auth/validateuser ===> Message : validateUserDB() Invoked !
info: ===> TimeStamp : 2025-10-06 08:09:10===> API : /api/auth/validateuser ===> Message : validateUserResponse() invoked!
info: ===> TimeStamp : 2025-10-06 08:09:10===> API : /api/auth/validateuser ===> Message : validateUserResponse() completed
info: ===> TimeStamp : 2025-10-06 08:09:10===> API : null ===> Message : validateRequest() invoked
info: ===> TimeStamp : 2025-10-06 08:09:10===> API : null ===> Message : fetchDBSettings()
info: ===> TimeStamp : 2025-10-06 08:09:10===> API : null ===> Message : validateRequest() Invoked!
info: ===> TimeStamp : 2025-10-06 08:09:10===> API : null ===> Message : validRequest() :: Api validated Successfully
info: ===> TimeStamp : 2025-10-06 08:09:10===> API : /api/auth/login ===> Message : loginUser() :: Request Object :: [object Object]
info: ===> TimeStamp : 2025-10-06 08:09:10===> API : /api/auth/login ===> Message : loginUser() invoked!!
info: ===> TimeStamp : 2025-10-06 08:09:10===> API : /api/auth/login ===> Message : loginUserDB() Invoked !
info: ===> TimeStamp : 2025-10-06 08:09:11===> API : /api/auth/login ===> Message : loginUserResponse() invoked!
info: ===> TimeStamp : 2025-10-06 08:09:11===> API : /api/auth/login ===> Message : loginUserResponse() completed
info: ===> TimeStamp : 2025-10-06 08:34:55===> API : null ===> Message : validateRequest() invoked
info: ===> TimeStamp : 2025-10-06 08:34:55===> API : null ===> Message : fetchDBSettings()
info: ===> TimeStamp : 2025-10-06 08:34:55===> API : null ===> Message : validateRequest() Invoked!
info: ===> TimeStamp : 2025-10-06 08:34:55===> API : null ===> Message : validRequest() :: Api validated Successfully
info: ===> TimeStamp : 2025-10-06 08:34:55===> API : /api/auth/validateuser ===> Message : validateUser() invoked!!
info: ===> TimeStamp : 2025-10-06 08:34:55===> API : /api/auth/validateuser ===> Message : validateUser() :: Request Object :: [object Object]
info: ===> TimeStamp : 2025-10-06 08:34:55===> API : /api/auth/validateuser ===> Message : validateUserDB() Invoked !
info: ===> TimeStamp : 2025-10-06 08:34:55===> API : /api/auth/validateuser ===> Message : validateUserResponse() invoked!
info: ===> TimeStamp : 2025-10-06 08:34:55===> API : /api/auth/validateuser ===> Message : validateUserResponse() completed
info: ===> TimeStamp : 2025-10-06 08:34:55===> API : null ===> Message : validateRequest() invoked
info: ===> TimeStamp : 2025-10-06 08:34:55===> API : null ===> Message : fetchDBSettings()
info: ===> TimeStamp : 2025-10-06 08:34:55===> API : null ===> Message : validateRequest() Invoked!
info: ===> TimeStamp : 2025-10-06 08:34:55===> API : null ===> Message : validRequest() :: Api validated Successfully
info: ===> TimeStamp : 2025-10-06 08:34:55===> API : /api/auth/checkIP ===> Message : checkIP() invoked!!
info: ===> TimeStamp : 2025-10-06 08:34:55===> API : /api/auth/checkIP ===> Message : IPs match: 103.225.102.194
info: ===> TimeStamp : 2025-10-06 08:34:55===> API : /api/auth/checkIP ===> Message : checkIPResponse() invoked!
info: ===> TimeStamp : 2025-10-06 08:34:55===> API : /api/auth/checkIP ===> Message : checkIPResponse() completed
info: ===> TimeStamp : 2025-10-06 08:34:55===> API : null ===> Message : validateRequest() invoked
info: ===> TimeStamp : 2025-10-06 08:34:55===> API : null ===> Message : fetchDBSettings()
info: ===> TimeStamp : 2025-10-06 08:34:55===> API : null ===> Message : validateRequest() Invoked!
info: ===> TimeStamp : 2025-10-06 08:34:55===> API : null ===> Message : validRequest() :: Api validated Successfully
info: ===> TimeStamp : 2025-10-06 08:34:55===> API : /api/auth/login ===> Message : loginUser() invoked!!
info: ===> TimeStamp : 2025-10-06 08:34:55===> API : /api/auth/login ===> Message : loginUser() :: Request Object :: [object Object]
info: ===> TimeStamp : 2025-10-06 08:34:55===> API : /api/auth/login ===> Message : loginUserDB() Invoked !
info: ===> TimeStamp : 2025-10-06 08:34:55===> API : /api/auth/login ===> Message : loginUserResponse() invoked!
info: ===> TimeStamp : 2025-10-06 08:34:55===> API : /api/auth/login ===> Message : loginUserResponse() completed
info: ===> TimeStamp : 2025-10-06 08:36:09===> API : null ===> Message : validateRequest() invoked
info: ===> TimeStamp : 2025-10-06 08:36:09===> API : null ===> Message : fetchDBSettings()
info: ===> TimeStamp : 2025-10-06 08:36:09===> API : null ===> Message : validateRequest() Invoked!
info: ===> TimeStamp : 2025-10-06 08:36:09===> API : null ===> Message : validRequest() :: Api validated Successfully
info: ===> TimeStamp : 2025-10-06 08:36:09===> API : /api/auth/validateuser ===> Message : validateUser() invoked!!
info: ===> TimeStamp : 2025-10-06 08:36:09===> API : /api/auth/validateuser ===> Message : validateUser() :: Request Object :: [object Object]
info: ===> TimeStamp : 2025-10-06 08:36:09===> API : /api/auth/validateuser ===> Message : validateUserDB() Invoked !
info: ===> TimeStamp : 2025-10-06 08:36:09===> API : /api/auth/validateuser ===> Message : validateUserResponse() invoked!
info: ===> TimeStamp : 2025-10-06 08:36:09===> API : /api/auth/validateuser ===> Message : validateUserResponse() completed
info: ===> TimeStamp : 2025-10-06 08:36:09===> API : null ===> Message : validateRequest() invoked
info: ===> TimeStamp : 2025-10-06 08:36:09===> API : null ===> Message : fetchDBSettings()
info: ===> TimeStamp : 2025-10-06 08:36:09===> API : null ===> Message : validateRequest() Invoked!
info: ===> TimeStamp : 2025-10-06 08:36:09===> API : null ===> Message : validRequest() :: Api validated Successfully
info: ===> TimeStamp : 2025-10-06 08:36:09===> API : /api/auth/checkIP ===> Message : IPs match: 103.255.182.117
info: ===> TimeStamp : 2025-10-06 08:36:09===> API : /api/auth/checkIP ===> Message : checkIP() invoked!!
info: ===> TimeStamp : 2025-10-06 08:36:09===> API : /api/auth/checkIP ===> Message : checkIPResponse() invoked!
info: ===> TimeStamp : 2025-10-06 08:36:09===> API : /api/auth/checkIP ===> Message : checkIPResponse() completed
info: ===> TimeStamp : 2025-10-06 08:36:09===> API : null ===> Message : validateRequest() invoked
info: ===> TimeStamp : 2025-10-06 08:36:09===> API : null ===> Message : fetchDBSettings()
info: ===> TimeStamp : 2025-10-06 08:36:10===> API : null ===> Message : validateRequest() Invoked!
info: ===> TimeStamp : 2025-10-06 08:36:10===> API : null ===> Message : validRequest() :: Api validated Successfully
info: ===> TimeStamp : 2025-10-06 08:36:10===> API : /api/auth/login ===> Message : loginUser() invoked!!
info: ===> TimeStamp : 2025-10-06 08:36:10===> API : /api/auth/login ===> Message : loginUser() :: Request Object :: [object Object]
info: ===> TimeStamp : 2025-10-06 08:36:10===> API : /api/auth/login ===> Message : loginUserDB() Invoked !
info: ===> TimeStamp : 2025-10-06 08:36:10===> API : /api/auth/login ===> Message : loginUserResponse() invoked!
info: ===> TimeStamp : 2025-10-06 08:36:10===> API : /api/auth/login ===> Message : loginUserResponse() completed
info: ===> TimeStamp : 2025-10-06 09:00:17===> API : null ===> Message : validateRequest() invoked
info: ===> TimeStamp : 2025-10-06 09:00:17===> API : null ===> Message : fetchDBSettings()
info: ===> TimeStamp : 2025-10-06 09:00:17===> API : null ===> Message : validateRequest() Invoked!
info: ===> TimeStamp : 2025-10-06 09:00:17===> API : null ===> Message : validRequest() :: Api validated Successfully
info: ===> TimeStamp : 2025-10-06 09:00:17===> API : /api/auth/validateuser ===> Message : validateUser() :: Request Object :: [object Object]
info: ===> TimeStamp : 2025-10-06 09:00:17===> API : /api/auth/validateuser ===> Message : validateUser() invoked!!
info: ===> TimeStamp : 2025-10-06 09:00:17===> API : /api/auth/validateuser ===> Message : validateUserDB() Invoked !
info: ===> TimeStamp : 2025-10-06 09:00:18===> API : /api/auth/validateuser ===> Message : validateUserResponse() invoked!
info: ===> TimeStamp : 2025-10-06 09:00:18===> API : /api/auth/validateuser ===> Message : validateUserResponse() completed
info: ===> TimeStamp : 2025-10-06 09:00:18===> API : null ===> Message : validateRequest() invoked
info: ===> TimeStamp : 2025-10-06 09:00:18===> API : null ===> Message : fetchDBSettings()
info: ===> TimeStamp : 2025-10-06 09:00:18===> API : null ===> Message : validateRequest() Invoked!
info: ===> TimeStamp : 2025-10-06 09:00:18===> API : null ===> Message : validRequest() :: Api validated Successfully
info: ===> TimeStamp : 2025-10-06 09:00:18===> API : /api/auth/login ===> Message : loginUser() :: Request Object :: [object Object]
info: ===> TimeStamp : 2025-10-06 09:00:18===> API : /api/auth/login ===> Message : loginUser() invoked!!
info: ===> TimeStamp : 2025-10-06 09:00:18===> API : /api/auth/login ===> Message : loginUserDB() Invoked !
info: ===> TimeStamp : 2025-10-06 09:00:18===> API : /api/auth/login ===> Message : loginUserResponse() invoked!
info: ===> TimeStamp : 2025-10-06 09:00:18===> API : /api/auth/login ===> Message : loginUserResponse() completed
info: ===> TimeStamp : 2025-10-06 11:07:04===> API : null ===> Message : validateRequest() invoked
info: ===> TimeStamp : 2025-10-06 11:07:04===> API : null ===> Message : fetchDBSettings()
info: ===> TimeStamp : 2025-10-06 11:07:04===> API : null ===> Message : validateRequest() Invoked!
info: ===> TimeStamp : 2025-10-06 11:07:04===> API : null ===> Message : validRequest() :: Api validated Successfully
info: ===> TimeStamp : 2025-10-06 11:07:04===> API : /api/auth/validateuser ===> Message : validateUser() invoked!!
info: ===> TimeStamp : 2025-10-06 11:07:04===> API : /api/auth/validateuser ===> Message : validateUser() :: Request Object :: [object Object]
info: ===> TimeStamp : 2025-10-06 11:07:04===> API : /api/auth/validateuser ===> Message : validateUserDB() Invoked !
info: ===> TimeStamp : 2025-10-06 11:07:04===> API : /api/auth/validateuser ===> Message : validateUserResponse() invoked!
info: ===> TimeStamp : 2025-10-06 11:07:04===> API : /api/auth/validateuser ===> Message : validateUserResponse() completed
info: ===> TimeStamp : 2025-10-06 11:07:04===> API : null ===> Message : validateRequest() invoked
info: ===> TimeStamp : 2025-10-06 11:07:04===> API : null ===> Message : fetchDBSettings()
info: ===> TimeStamp : 2025-10-06 11:07:04===> API : null ===> Message : validateRequest() Invoked!
info: ===> TimeStamp : 2025-10-06 11:07:04===> API : null ===> Message : validRequest() :: Api validated Successfully
info: ===> TimeStamp : 2025-10-06 11:07:04===> API : /api/auth/login ===> Message : loginUser() invoked!!
info: ===> TimeStamp : 2025-10-06 11:07:04===> API : /api/auth/login ===> Message : loginUser() :: Request Object :: [object Object]
info: ===> TimeStamp : 2025-10-06 11:07:04===> API : /api/auth/login ===> Message : loginUserDB() Invoked !
info: ===> TimeStamp : 2025-10-06 11:07:05===> API : /api/auth/login ===> Message : loginUserResponse() invoked!
info: ===> TimeStamp : 2025-10-06 11:07:05===> API : /api/auth/login ===> Message : loginUserResponse() completed
info: ===> TimeStamp : 2025-10-06 11:29:37===> API : null ===> Message : validateRequest() invoked
info: ===> TimeStamp : 2025-10-06 11:29:37===> API : null ===> Message : validateRequest() Error:: Invalid Request :: 
      {"apiUri":"/"}
info: ===> TimeStamp : 2025-10-06 11:34:52===> API : null ===> Message : validateRequest() invoked
info: ===> TimeStamp : 2025-10-06 11:34:52===> API : null ===> Message : fetchDBSettings()
info: ===> TimeStamp : 2025-10-06 11:34:52===> API : null ===> Message : validateRequest() Invoked!
info: ===> TimeStamp : 2025-10-06 11:34:52===> API : null ===> Message : validRequest() :: Api validated Successfully
info: ===> TimeStamp : 2025-10-06 11:34:52===> API : /api/auth/validateuser ===> Message : validateUser() invoked!!
info: ===> TimeStamp : 2025-10-06 11:34:52===> API : /api/auth/validateuser ===> Message : validateUser() :: Request Object :: [object Object]
info: ===> TimeStamp : 2025-10-06 11:34:52===> API : /api/auth/validateuser ===> Message : validateUserDB() Invoked !
info: ===> TimeStamp : 2025-10-06 11:34:52===> API : /api/auth/validateuser ===> Message : validateUserResponse() invoked!
info: ===> TimeStamp : 2025-10-06 11:34:52===> API : /api/auth/validateuser ===> Message : validateUserResponse() completed
info: ===> TimeStamp : 2025-10-06 11:34:52===> API : null ===> Message : validateRequest() invoked
info: ===> TimeStamp : 2025-10-06 11:34:52===> API : null ===> Message : fetchDBSettings()
info: ===> TimeStamp : 2025-10-06 11:34:52===> API : null ===> Message : validateRequest() Invoked!
info: ===> TimeStamp : 2025-10-06 11:34:52===> API : null ===> Message : validRequest() :: Api validated Successfully
info: ===> TimeStamp : 2025-10-06 11:34:52===> API : /api/auth/login ===> Message : loginUser() invoked!!
info: ===> TimeStamp : 2025-10-06 11:34:52===> API : /api/auth/login ===> Message : loginUser() :: Request Object :: [object Object]
info: ===> TimeStamp : 2025-10-06 11:34:52===> API : /api/auth/login ===> Message : loginUserDB() Invoked !
info: ===> TimeStamp : 2025-10-06 11:34:53===> API : /api/auth/login ===> Message : loginUserResponse() invoked!
info: ===> TimeStamp : 2025-10-06 11:34:53===> API : /api/auth/login ===> Message : loginUserResponse() completed
info: ===> TimeStamp : 2025-10-06 11:46:36===> API : null ===> Message : validateRequest() invoked
info: ===> TimeStamp : 2025-10-06 11:46:36===> API : null ===> Message : fetchDBSettings()
info: ===> TimeStamp : 2025-10-06 11:46:36===> API : null ===> Message : validateRequest() Invoked!
info: ===> TimeStamp : 2025-10-06 11:46:36===> API : null ===> Message : validRequest() :: Api validated Successfully
info: ===> TimeStamp : 2025-10-06 11:46:36===> API : /api/auth/validateuser ===> Message : validateUser() invoked!!
info: ===> TimeStamp : 2025-10-06 11:46:36===> API : /api/auth/validateuser ===> Message : validateUser() :: Request Object :: [object Object]
info: ===> TimeStamp : 2025-10-06 11:46:36===> API : /api/auth/validateuser ===> Message : validateUserDB() Invoked !
info: ===> TimeStamp : 2025-10-06 11:46:36===> API : /api/auth/validateuser ===> Message : validateUserResponse() invoked!
info: ===> TimeStamp : 2025-10-06 11:46:36===> API : /api/auth/validateuser ===> Message : validateUserResponse() completed
info: ===> TimeStamp : 2025-10-06 11:46:36===> API : null ===> Message : validateRequest() invoked
info: ===> TimeStamp : 2025-10-06 11:46:36===> API : null ===> Message : fetchDBSettings()
info: ===> TimeStamp : 2025-10-06 11:46:36===> API : null ===> Message : validateRequest() Invoked!
info: ===> TimeStamp : 2025-10-06 11:46:36===> API : null ===> Message : validRequest() :: Api validated Successfully
info: ===> TimeStamp : 2025-10-06 11:46:36===> API : /api/auth/checkIP ===> Message : checkIP() invoked!!
info: ===> TimeStamp : 2025-10-06 11:46:36===> API : /api/auth/checkIP ===> Message : IPs match: 103.255.182.117
info: ===> TimeStamp : 2025-10-06 11:46:36===> API : /api/auth/checkIP ===> Message : checkIPResponse() invoked!
info: ===> TimeStamp : 2025-10-06 11:46:36===> API : /api/auth/checkIP ===> Message : checkIPResponse() completed
info: ===> TimeStamp : 2025-10-06 11:46:36===> API : null ===> Message : validateRequest() invoked
info: ===> TimeStamp : 2025-10-06 11:46:36===> API : null ===> Message : fetchDBSettings()
info: ===> TimeStamp : 2025-10-06 11:46:37===> API : null ===> Message : validateRequest() Invoked!
info: ===> TimeStamp : 2025-10-06 11:46:37===> API : null ===> Message : validRequest() :: Api validated Successfully
info: ===> TimeStamp : 2025-10-06 11:46:37===> API : /api/auth/login ===> Message : loginUser() invoked!!
info: ===> TimeStamp : 2025-10-06 11:46:37===> API : /api/auth/login ===> Message : loginUser() :: Request Object :: [object Object]
info: ===> TimeStamp : 2025-10-06 11:46:37===> API : /api/auth/login ===> Message : loginUserDB() Invoked !
info: ===> TimeStamp : 2025-10-06 11:46:37===> API : /api/auth/login ===> Message : loginUserResponse() invoked!
info: ===> TimeStamp : 2025-10-06 11:46:37===> API : /api/auth/login ===> Message : loginUserResponse() completed
info: ===> TimeStamp : 2025-10-06 12:45:11===> API : null ===> Message : validateRequest() invoked
info: ===> TimeStamp : 2025-10-06 12:45:11===> API : null ===> Message : fetchDBSettings()
info: ===> TimeStamp : 2025-10-06 12:45:11===> API : null ===> Message : validateRequest() Invoked!
info: ===> TimeStamp : 2025-10-06 12:45:11===> API : null ===> Message : validRequest() :: Api validated Successfully
info: ===> TimeStamp : 2025-10-06 12:45:11===> API : /api/auth/validateuser ===> Message : validateUser() invoked!!
info: ===> TimeStamp : 2025-10-06 12:45:11===> API : /api/auth/validateuser ===> Message : validateUser() :: Request Object :: [object Object]
info: ===> TimeStamp : 2025-10-06 12:45:11===> API : /api/auth/validateuser ===> Message : validateUserDB() Invoked !
info: ===> TimeStamp : 2025-10-06 12:45:11===> API : /api/auth/validateuser ===> Message : validateUserResponse() invoked!
info: ===> TimeStamp : 2025-10-06 12:45:11===> API : /api/auth/validateuser ===> Message : validateUserResponse() completed
info: ===> TimeStamp : 2025-10-06 12:45:12===> API : null ===> Message : validateRequest() invoked
info: ===> TimeStamp : 2025-10-06 12:45:12===> API : null ===> Message : fetchDBSettings()
info: ===> TimeStamp : 2025-10-06 12:45:12===> API : null ===> Message : validateRequest() Invoked!
info: ===> TimeStamp : 2025-10-06 12:45:12===> API : null ===> Message : validRequest() :: Api validated Successfully
info: ===> TimeStamp : 2025-10-06 12:45:12===> API : /api/auth/login ===> Message : loginUser() invoked!!
info: ===> TimeStamp : 2025-10-06 12:45:12===> API : /api/auth/login ===> Message : loginUser() :: Request Object :: [object Object]
info: ===> TimeStamp : 2025-10-06 12:45:12===> API : /api/auth/login ===> Message : loginUserDB() Invoked !
info: ===> TimeStamp : 2025-10-06 12:45:12===> API : /api/auth/login ===> Message : loginUserResponse() invoked!
info: ===> TimeStamp : 2025-10-06 12:45:12===> API : /api/auth/login ===> Message : loginUserResponse() completed
info: ===> TimeStamp : 2025-10-06 13:05:31===> API : null ===> Message : validateRequest() invoked
info: ===> TimeStamp : 2025-10-06 13:05:31===> API : null ===> Message : fetchDBSettings()
info: ===> TimeStamp : 2025-10-06 13:05:31===> API : null ===> Message : validateRequest() Invoked!
info: ===> TimeStamp : 2025-10-06 13:05:31===> API : /api/auth/validateuser ===> Message : validateUser() invoked!!
info: ===> TimeStamp : 2025-10-06 13:05:31===> API : /api/auth/validateuser ===> Message : validateUser() :: Request Object :: [object Object]
info: ===> TimeStamp : 2025-10-06 13:05:31===> API : null ===> Message : validRequest() :: Api validated Successfully
info: ===> TimeStamp : 2025-10-06 13:05:31===> API : /api/auth/validateuser ===> Message : validateUserDB() Invoked !
info: ===> TimeStamp : 2025-10-06 13:05:31===> API : /api/auth/validateuser ===> Message : validateUserResponse() invoked!
info: ===> TimeStamp : 2025-10-06 13:05:31===> API : /api/auth/validateuser ===> Message : validateUserResponse() completed
info: ===> TimeStamp : 2025-10-06 13:05:32===> API : null ===> Message : validateRequest() invoked
info: ===> TimeStamp : 2025-10-06 13:05:32===> API : null ===> Message : fetchDBSettings()
info: ===> TimeStamp : 2025-10-06 13:05:32===> API : null ===> Message : validateRequest() Invoked!
info: ===> TimeStamp : 2025-10-06 13:05:32===> API : null ===> Message : validRequest() :: Api validated Successfully
info: ===> TimeStamp : 2025-10-06 13:05:32===> API : /api/auth/login ===> Message : loginUser() invoked!!
info: ===> TimeStamp : 2025-10-06 13:05:32===> API : /api/auth/login ===> Message : loginUser() :: Request Object :: [object Object]
info: ===> TimeStamp : 2025-10-06 13:05:32===> API : /api/auth/login ===> Message : loginUserDB() Invoked !
info: ===> TimeStamp : 2025-10-06 13:05:32===> API : /api/auth/login ===> Message : loginUserResponse() invoked!
info: ===> TimeStamp : 2025-10-06 13:05:32===> API : /api/auth/login ===> Message : loginUserResponse() completed
info: ===> TimeStamp : 2025-10-06 13:38:55===> API : null ===> Message : fetchDBSettings()
info: ===> TimeStamp : 2025-10-06 13:38:55===> API : null ===> Message : validateRequest() invoked
info: ===> TimeStamp : 2025-10-06 13:38:55===> API : null ===> Message : validateRequest() Invoked!
info: ===> TimeStamp : 2025-10-06 13:38:55===> API : null ===> Message : validRequest() :: Api validated Successfully
info: ===> TimeStamp : 2025-10-06 13:38:55===> API : /api/auth/validateuser ===> Message : validateUser() invoked!!
info: ===> TimeStamp : 2025-10-06 13:38:55===> API : /api/auth/validateuser ===> Message : validateUser() :: Request Object :: [object Object]
info: ===> TimeStamp : 2025-10-06 13:38:55===> API : /api/auth/validateuser ===> Message : validateUserDB() Invoked !
info: ===> TimeStamp : 2025-10-06 13:38:55===> API : /api/auth/validateuser ===> Message : validateUserResponse() invoked!
info: ===> TimeStamp : 2025-10-06 13:38:55===> API : /api/auth/validateuser ===> Message : validateUserResponse() completed
info: ===> TimeStamp : 2025-10-06 13:38:55===> API : null ===> Message : validateRequest() invoked
info: ===> TimeStamp : 2025-10-06 13:38:55===> API : null ===> Message : fetchDBSettings()
info: ===> TimeStamp : 2025-10-06 13:38:55===> API : null ===> Message : validateRequest() Invoked!
info: ===> TimeStamp : 2025-10-06 13:38:55===> API : null ===> Message : validRequest() :: Api validated Successfully
info: ===> TimeStamp : 2025-10-06 13:38:55===> API : /api/auth/login ===> Message : loginUser() invoked!!
info: ===> TimeStamp : 2025-10-06 13:38:55===> API : /api/auth/login ===> Message : loginUser() :: Request Object :: [object Object]
info: ===> TimeStamp : 2025-10-06 13:38:55===> API : /api/auth/login ===> Message : loginUserDB() Invoked !
info: ===> TimeStamp : 2025-10-06 13:38:56===> API : /api/auth/login ===> Message : loginUserResponse() invoked!
info: ===> TimeStamp : 2025-10-06 13:38:56===> API : /api/auth/login ===> Message : loginUserResponse() completed
info: ===> TimeStamp : 2025-10-06 13:39:00===> API : null ===> Message : validateRequest() invoked
info: ===> TimeStamp : 2025-10-06 13:39:00===> API : null ===> Message : fetchDBSettings()
info: ===> TimeStamp : 2025-10-06 13:39:00===> API : null ===> Message : validateRequest() Invoked!
info: ===> TimeStamp : 2025-10-06 13:39:00===> API : null ===> Message : validRequest() :: Api validated Successfully
info: ===> TimeStamp : 2025-10-06 13:39:00===> API : /api/auth/logout ===> Message : logoutUser() invoked!!
info: ===> TimeStamp : 2025-10-06 13:39:00===> API : /api/auth/logout ===> Message : logoutUser() :: Request Object :: [object Object]
info: ===> TimeStamp : 2025-10-06 13:39:00===> API : /api/auth/logout ===> Message : logoutUserDB() Invoked !
info: ===> TimeStamp : 2025-10-06 13:39:00===> API : /api/auth/logout ===> Message : logoutUserResponse() invoked!
info: ===> TimeStamp : 2025-10-06 13:39:00===> API : /api/auth/logout ===> Message : logoutUserResponse() completed
info: ===> TimeStamp : 2025-10-06 14:26:22===> API : null ===> Message : validateRequest() invoked
info: ===> TimeStamp : 2025-10-06 14:26:22===> API : null ===> Message : fetchDBSettings()
info: ===> TimeStamp : 2025-10-06 14:26:22===> API : null ===> Message : validateRequest() Invoked!
info: ===> TimeStamp : 2025-10-06 14:26:22===> API : null ===> Message : validRequest() :: Api validated Successfully
info: ===> TimeStamp : 2025-10-06 14:26:22===> API : /api/auth/validateuser ===> Message : validateUser() invoked!!
info: ===> TimeStamp : 2025-10-06 14:26:22===> API : /api/auth/validateuser ===> Message : validateUser() :: Request Object :: [object Object]
info: ===> TimeStamp : 2025-10-06 14:26:22===> API : /api/auth/validateuser ===> Message : validateUserDB() Invoked !
info: ===> TimeStamp : 2025-10-06 14:26:22===> API : /api/auth/validateuser ===> Message : validateUserResponse() invoked!
info: ===> TimeStamp : 2025-10-06 14:26:22===> API : /api/auth/validateuser ===> Message : validateUserResponse() completed
info: ===> TimeStamp : 2025-10-06 14:26:23===> API : null ===> Message : validateRequest() invoked
info: ===> TimeStamp : 2025-10-06 14:26:23===> API : null ===> Message : fetchDBSettings()
info: ===> TimeStamp : 2025-10-06 14:26:23===> API : null ===> Message : validateRequest() Invoked!
info: ===> TimeStamp : 2025-10-06 14:26:23===> API : null ===> Message : validRequest() :: Api validated Successfully
info: ===> TimeStamp : 2025-10-06 14:26:23===> API : /api/auth/login ===> Message : loginUser() :: Request Object :: [object Object]
info: ===> TimeStamp : 2025-10-06 14:26:23===> API : /api/auth/login ===> Message : loginUser() invoked!!
info: ===> TimeStamp : 2025-10-06 14:26:23===> API : /api/auth/login ===> Message : loginUserDB() Invoked !
info: ===> TimeStamp : 2025-10-06 14:26:23===> API : /api/auth/login ===> Message : loginUserResponse() invoked!
info: ===> TimeStamp : 2025-10-06 14:26:23===> API : /api/auth/login ===> Message : loginUserResponse() completed
info: ===> TimeStamp : 2025-10-06 14:29:30===> API : null ===> Message : validateRequest() invoked
info: ===> TimeStamp : 2025-10-06 14:29:30===> API : null ===> Message : fetchDBSettings()
info: ===> TimeStamp : 2025-10-06 14:29:30===> API : null ===> Message : validateRequest() Invoked!
info: ===> TimeStamp : 2025-10-06 14:29:30===> API : null ===> Message : validRequest() :: Api validated Successfully
info: ===> TimeStamp : 2025-10-06 14:29:30===> API : /api/auth/validateuser ===> Message : validateUser() invoked!!
info: ===> TimeStamp : 2025-10-06 14:29:30===> API : /api/auth/validateuser ===> Message : validateUser() :: Request Object :: [object Object]
info: ===> TimeStamp : 2025-10-06 14:29:30===> API : /api/auth/validateuser ===> Message : validateUserDB() Invoked !
info: ===> TimeStamp : 2025-10-06 14:29:30===> API : /api/auth/validateuser ===> Message : validateUserResponse() invoked!
info: ===> TimeStamp : 2025-10-06 14:29:30===> API : /api/auth/validateuser ===> Message : validateUserResponse() completed
info: ===> TimeStamp : 2025-10-06 14:29:31===> API : null ===> Message : validateRequest() invoked
info: ===> TimeStamp : 2025-10-06 14:29:31===> API : null ===> Message : fetchDBSettings()
info: ===> TimeStamp : 2025-10-06 14:29:31===> API : null ===> Message : validateRequest() Invoked!
info: ===> TimeStamp : 2025-10-06 14:29:31===> API : null ===> Message : validRequest() :: Api validated Successfully
info: ===> TimeStamp : 2025-10-06 14:29:31===> API : /api/auth/login ===> Message : loginUser() invoked!!
info: ===> TimeStamp : 2025-10-06 14:29:31===> API : /api/auth/login ===> Message : loginUser() :: Request Object :: [object Object]
info: ===> TimeStamp : 2025-10-06 14:29:31===> API : /api/auth/login ===> Message : loginUserDB() Invoked !
info: ===> TimeStamp : 2025-10-06 14:29:31===> API : /api/auth/login ===> Message : loginUserResponse() invoked!
info: ===> TimeStamp : 2025-10-06 14:29:31===> API : /api/auth/login ===> Message : loginUserResponse() completed
info: ===> TimeStamp : 2025-10-06 14:44:13===> API : null ===> Message : validateRequest() invoked
info: ===> TimeStamp : 2025-10-06 14:44:13===> API : null ===> Message : fetchDBSettings()
info: ===> TimeStamp : 2025-10-06 14:44:13===> API : null ===> Message : validateRequest() Invoked!
info: ===> TimeStamp : 2025-10-06 14:44:14===> API : null ===> Message : validRequest() :: Api validated Successfully
info: ===> TimeStamp : 2025-10-06 14:44:14===> API : /api/auth/logout ===> Message : logoutUser() :: Request Object :: [object Object]
info: ===> TimeStamp : 2025-10-06 14:44:14===> API : /api/auth/logout ===> Message : logoutUser() invoked!!
info: ===> TimeStamp : 2025-10-06 14:44:14===> API : /api/auth/logout ===> Message : logoutUserDB() Invoked !
info: ===> TimeStamp : 2025-10-06 14:44:14===> API : /api/auth/logout ===> Message : logoutUserResponse() invoked!
info: ===> TimeStamp : 2025-10-06 14:44:14===> API : /api/auth/logout ===> Message : logoutUserResponse() completed
info: ===> TimeStamp : 2025-10-06 14:44:18===> API : null ===> Message : validateRequest() invoked
info: ===> TimeStamp : 2025-10-06 14:44:18===> API : null ===> Message : fetchDBSettings()
info: ===> TimeStamp : 2025-10-06 14:44:18===> API : null ===> Message : validateRequest() Invoked!
info: ===> TimeStamp : 2025-10-06 14:44:18===> API : null ===> Message : validRequest() :: Api validated Successfully
info: ===> TimeStamp : 2025-10-06 14:44:18===> API : /api/auth/validateuser ===> Message : validateUser() invoked!!
info: ===> TimeStamp : 2025-10-06 14:44:18===> API : /api/auth/validateuser ===> Message : validateUser() :: Request Object :: [object Object]
info: ===> TimeStamp : 2025-10-06 14:44:18===> API : /api/auth/validateuser ===> Message : validateUserDB() Invoked !
info: ===> TimeStamp : 2025-10-06 14:44:18===> API : /api/auth/validateuser ===> Message : validateUserResponse() invoked!
info: ===> TimeStamp : 2025-10-06 14:44:18===> API : /api/auth/validateuser ===> Message : validateUserResponse() completed
info: ===> TimeStamp : 2025-10-06 14:44:19===> API : null ===> Message : validateRequest() invoked
info: ===> TimeStamp : 2025-10-06 14:44:19===> API : null ===> Message : fetchDBSettings()
info: ===> TimeStamp : 2025-10-06 14:44:19===> API : null ===> Message : validateRequest() Invoked!
info: ===> TimeStamp : 2025-10-06 14:44:19===> API : null ===> Message : validRequest() :: Api validated Successfully
info: ===> TimeStamp : 2025-10-06 14:44:19===> API : /api/auth/login ===> Message : loginUser() invoked!!
info: ===> TimeStamp : 2025-10-06 14:44:19===> API : /api/auth/login ===> Message : loginUser() :: Request Object :: [object Object]
info: ===> TimeStamp : 2025-10-06 14:44:19===> API : /api/auth/login ===> Message : loginUserDB() Invoked !
info: ===> TimeStamp : 2025-10-06 14:44:19===> API : /api/auth/login ===> Message : loginUserResponse() invoked!
info: ===> TimeStamp : 2025-10-06 14:44:19===> API : /api/auth/login ===> Message : loginUserResponse() completed
info: ===> TimeStamp : 2025-10-06 14:46:28===> API : null ===> Message : validateRequest() invoked
info: ===> TimeStamp : 2025-10-06 14:46:28===> API : null ===> Message : fetchDBSettings()
info: ===> TimeStamp : 2025-10-06 14:46:28===> API : null ===> Message : validateRequest() Invoked!
info: ===> TimeStamp : 2025-10-06 14:46:28===> API : /api/auth/logout ===> Message : logoutUser() invoked!!
info: ===> TimeStamp : 2025-10-06 14:46:28===> API : /api/auth/logout ===> Message : logoutUser() :: Request Object :: [object Object]
info: ===> TimeStamp : 2025-10-06 14:46:28===> API : /api/auth/logout ===> Message : logoutUserDB() Invoked !
info: ===> TimeStamp : 2025-10-06 14:46:28===> API : null ===> Message : validRequest() :: Api validated Successfully
info: ===> TimeStamp : 2025-10-06 14:46:28===> API : /api/auth/logout ===> Message : logoutUserResponse() invoked!
info: ===> TimeStamp : 2025-10-06 14:46:28===> API : /api/auth/logout ===> Message : logoutUserResponse() completed
info: ===> TimeStamp : 2025-10-06 14:46:42===> API : null ===> Message : validateRequest() invoked
info: ===> TimeStamp : 2025-10-06 14:46:42===> API : null ===> Message : fetchDBSettings()
info: ===> TimeStamp : 2025-10-06 14:46:42===> API : null ===> Message : validateRequest() Invoked!
info: ===> TimeStamp : 2025-10-06 14:46:42===> API : null ===> Message : validRequest() :: Api validated Successfully
info: ===> TimeStamp : 2025-10-06 14:46:42===> API : /api/auth/validateuser ===> Message : validateUser() :: Request Object :: [object Object]
info: ===> TimeStamp : 2025-10-06 14:46:42===> API : /api/auth/validateuser ===> Message : validateUser() invoked!!
info: ===> TimeStamp : 2025-10-06 14:46:42===> API : /api/auth/validateuser ===> Message : validateUserDB() Invoked !
info: ===> TimeStamp : 2025-10-06 14:46:42===> API : /api/auth/validateuser ===> Message : validateUserResponse() invoked!
info: ===> TimeStamp : 2025-10-06 14:46:42===> API : /api/auth/validateuser ===> Message : validateUserResponse() completed
info: ===> TimeStamp : 2025-10-06 14:46:42===> API : null ===> Message : validateRequest() invoked
info: ===> TimeStamp : 2025-10-06 14:46:42===> API : null ===> Message : fetchDBSettings()
info: ===> TimeStamp : 2025-10-06 14:46:42===> API : null ===> Message : validateRequest() Invoked!
info: ===> TimeStamp : 2025-10-06 14:46:42===> API : null ===> Message : validRequest() :: Api validated Successfully
info: ===> TimeStamp : 2025-10-06 14:46:42===> API : /api/auth/checkIP ===> Message : checkIP() invoked!!
info: ===> TimeStamp : 2025-10-06 14:46:42===> API : /api/auth/checkIP ===> Message : IPs match: 103.255.182.117
info: ===> TimeStamp : 2025-10-06 14:46:42===> API : /api/auth/checkIP ===> Message : checkIPResponse() invoked!
info: ===> TimeStamp : 2025-10-06 14:46:42===> API : /api/auth/checkIP ===> Message : checkIPResponse() completed
info: ===> TimeStamp : 2025-10-06 14:46:42===> API : null ===> Message : validateRequest() invoked
info: ===> TimeStamp : 2025-10-06 14:46:42===> API : null ===> Message : fetchDBSettings()
info: ===> TimeStamp : 2025-10-06 14:46:42===> API : null ===> Message : validateRequest() Invoked!
info: ===> TimeStamp : 2025-10-06 14:46:42===> API : null ===> Message : validRequest() :: Api validated Successfully
info: ===> TimeStamp : 2025-10-06 14:46:42===> API : /api/auth/login ===> Message : loginUser() invoked!!
info: ===> TimeStamp : 2025-10-06 14:46:42===> API : /api/auth/login ===> Message : loginUser() :: Request Object :: [object Object]
info: ===> TimeStamp : 2025-10-06 14:46:42===> API : /api/auth/login ===> Message : loginUserDB() Invoked !
info: ===> TimeStamp : 2025-10-06 14:46:42===> API : /api/auth/login ===> Message : loginUserResponse() invoked!
info: ===> TimeStamp : 2025-10-06 14:46:42===> API : /api/auth/login ===> Message : loginUserResponse() completed
info: ===> TimeStamp : 2025-10-06 14:46:58===> API : null ===> Message : validateRequest() invoked
info: ===> TimeStamp : 2025-10-06 14:46:58===> API : null ===> Message : fetchDBSettings()
info: ===> TimeStamp : 2025-10-06 14:46:58===> API : null ===> Message : validateRequest() Invoked!
info: ===> TimeStamp : 2025-10-06 14:46:58===> API : null ===> Message : validRequest() :: Api validated Successfully
info: ===> TimeStamp : 2025-10-06 14:46:58===> API : /api/auth/validateuser ===> Message : validateUser() invoked!!
info: ===> TimeStamp : 2025-10-06 14:46:58===> API : /api/auth/validateuser ===> Message : validateUser() :: Request Object :: [object Object]
info: ===> TimeStamp : 2025-10-06 14:46:58===> API : /api/auth/validateuser ===> Message : validateUserDB() Invoked !
info: ===> TimeStamp : 2025-10-06 14:46:58===> API : /api/auth/validateuser ===> Message : validateUserResponse() invoked!
info: ===> TimeStamp : 2025-10-06 14:46:58===> API : /api/auth/validateuser ===> Message : validateUserResponse() completed
info: ===> TimeStamp : 2025-10-06 14:46:58===> API : null ===> Message : validateRequest() invoked
info: ===> TimeStamp : 2025-10-06 14:46:58===> API : null ===> Message : fetchDBSettings()
info: ===> TimeStamp : 2025-10-06 14:46:58===> API : null ===> Message : validateRequest() Invoked!
info: ===> TimeStamp : 2025-10-06 14:46:58===> API : null ===> Message : validRequest() :: Api validated Successfully
info: ===> TimeStamp : 2025-10-06 14:46:58===> API : /api/auth/checkIP ===> Message : checkIP() invoked!!
info: ===> TimeStamp : 2025-10-06 14:46:58===> API : /api/auth/checkIP ===> Message : IPs match: 103.255.182.117
info: ===> TimeStamp : 2025-10-06 14:46:58===> API : /api/auth/checkIP ===> Message : checkIPResponse() invoked!
info: ===> TimeStamp : 2025-10-06 14:46:58===> API : /api/auth/checkIP ===> Message : checkIPResponse() completed
info: ===> TimeStamp : 2025-10-06 14:46:58===> API : null ===> Message : validateRequest() invoked
info: ===> TimeStamp : 2025-10-06 14:46:58===> API : null ===> Message : fetchDBSettings()
info: ===> TimeStamp : 2025-10-06 14:46:58===> API : null ===> Message : validateRequest() Invoked!
info: ===> TimeStamp : 2025-10-06 14:46:58===> API : null ===> Message : validRequest() :: Api validated Successfully
info: ===> TimeStamp : 2025-10-06 14:46:58===> API : /api/auth/login ===> Message : loginUser() invoked!!
info: ===> TimeStamp : 2025-10-06 14:46:58===> API : /api/auth/login ===> Message : loginUser() :: Request Object :: [object Object]
info: ===> TimeStamp : 2025-10-06 14:46:58===> API : /api/auth/login ===> Message : loginUserDB() Invoked !
info: ===> TimeStamp : 2025-10-06 14:46:58===> API : /api/auth/login ===> Message : loginUserResponse() invoked!
info: ===> TimeStamp : 2025-10-06 14:46:58===> API : /api/auth/login ===> Message : loginUserResponse() completed
info: ===> TimeStamp : 2025-10-06 15:09:59===> API : null ===> Message : validateRequest() invoked
info: ===> TimeStamp : 2025-10-06 15:09:59===> API : null ===> Message : fetchDBSettings()
info: ===> TimeStamp : 2025-10-06 15:09:59===> API : null ===> Message : validateRequest() Invoked!
info: ===> TimeStamp : 2025-10-06 15:09:59===> API : null ===> Message : validRequest() :: Api validated Successfully
info: ===> TimeStamp : 2025-10-06 15:09:59===> API : /api/auth/validateuser ===> Message : validateUser() invoked!!
info: ===> TimeStamp : 2025-10-06 15:09:59===> API : /api/auth/validateuser ===> Message : validateUser() :: Request Object :: [object Object]
info: ===> TimeStamp : 2025-10-06 15:09:59===> API : /api/auth/validateuser ===> Message : validateUserDB() Invoked !
info: ===> TimeStamp : 2025-10-06 15:09:59===> API : /api/auth/validateuser ===> Message : validateUserResponse() invoked!
info: ===> TimeStamp : 2025-10-06 15:09:59===> API : /api/auth/validateuser ===> Message : validateUserResponse() completed
info: ===> TimeStamp : 2025-10-06 15:09:59===> API : null ===> Message : validateRequest() invoked
info: ===> TimeStamp : 2025-10-06 15:09:59===> API : null ===> Message : fetchDBSettings()
info: ===> TimeStamp : 2025-10-06 15:09:59===> API : null ===> Message : validateRequest() Invoked!
info: ===> TimeStamp : 2025-10-06 15:09:59===> API : null ===> Message : validRequest() :: Api validated Successfully
info: ===> TimeStamp : 2025-10-06 15:09:59===> API : /api/auth/checkIP ===> Message : checkIP() invoked!!
info: ===> TimeStamp : 2025-10-06 15:09:59===> API : /api/auth/checkIP ===> Message : IPs match: 103.255.182.117
info: ===> TimeStamp : 2025-10-06 15:09:59===> API : /api/auth/checkIP ===> Message : checkIPResponse() invoked!
info: ===> TimeStamp : 2025-10-06 15:09:59===> API : /api/auth/checkIP ===> Message : checkIPResponse() completed
info: ===> TimeStamp : 2025-10-06 15:09:59===> API : null ===> Message : validateRequest() invoked
info: ===> TimeStamp : 2025-10-06 15:09:59===> API : null ===> Message : fetchDBSettings()
info: ===> TimeStamp : 2025-10-06 15:09:59===> API : null ===> Message : validateRequest() Invoked!
info: ===> TimeStamp : 2025-10-06 15:09:59===> API : null ===> Message : validRequest() :: Api validated Successfully
info: ===> TimeStamp : 2025-10-06 15:09:59===> API : /api/auth/login ===> Message : loginUser() :: Request Object :: [object Object]
info: ===> TimeStamp : 2025-10-06 15:09:59===> API : /api/auth/login ===> Message : loginUser() invoked!!
info: ===> TimeStamp : 2025-10-06 15:09:59===> API : /api/auth/login ===> Message : loginUserDB() Invoked !
info: ===> TimeStamp : 2025-10-06 15:09:59===> API : /api/auth/login ===> Message : loginUserResponse() invoked!
info: ===> TimeStamp : 2025-10-06 15:09:59===> API : /api/auth/login ===> Message : loginUserResponse() completed
info: ===> TimeStamp : 2025-10-06 15:22:50===> API : null ===> Message : validateRequest() invoked
info: ===> TimeStamp : 2025-10-06 15:22:50===> API : null ===> Message : fetchDBSettings()
info: ===> TimeStamp : 2025-10-06 15:22:50===> API : null ===> Message : validateRequest() Invoked!
info: ===> TimeStamp : 2025-10-06 15:22:50===> API : null ===> Message : validRequest() :: Api validated Successfully
info: ===> TimeStamp : 2025-10-06 15:22:50===> API : /api/auth/validateuser ===> Message : validateUser() invoked!!
info: ===> TimeStamp : 2025-10-06 15:22:50===> API : /api/auth/validateuser ===> Message : validateUser() :: Request Object :: [object Object]
info: ===> TimeStamp : 2025-10-06 15:22:50===> API : /api/auth/validateuser ===> Message : validateUserDB() Invoked !
info: ===> TimeStamp : 2025-10-06 15:22:50===> API : /api/auth/validateuser ===> Message : validateUserResponse() invoked!
info: ===> TimeStamp : 2025-10-06 15:22:50===> API : /api/auth/validateuser ===> Message : validateUserResponse() completed
info: ===> TimeStamp : 2025-10-06 15:22:50===> API : null ===> Message : validateRequest() invoked
info: ===> TimeStamp : 2025-10-06 15:22:50===> API : null ===> Message : fetchDBSettings()
info: ===> TimeStamp : 2025-10-06 15:22:50===> API : null ===> Message : validateRequest() Invoked!
info: ===> TimeStamp : 2025-10-06 15:22:50===> API : null ===> Message : validRequest() :: Api validated Successfully
info: ===> TimeStamp : 2025-10-06 15:22:50===> API : /api/auth/login ===> Message : loginUser() invoked!!
info: ===> TimeStamp : 2025-10-06 15:22:50===> API : /api/auth/login ===> Message : loginUser() :: Request Object :: [object Object]
info: ===> TimeStamp : 2025-10-06 15:22:50===> API : /api/auth/login ===> Message : loginUserDB() Invoked !
info: ===> TimeStamp : 2025-10-06 15:22:50===> API : /api/auth/login ===> Message : loginUserResponse() invoked!
info: ===> TimeStamp : 2025-10-06 15:22:50===> API : /api/auth/login ===> Message : loginUserResponse() completed
info: ===> TimeStamp : 2025-10-06 18:32:53===> API : null ===> Message : validateRequest() invoked
info: ===> TimeStamp : 2025-10-06 18:32:53===> API : null ===> Message : fetchDBSettings()
info: ===> TimeStamp : 2025-10-06 18:32:53===> API : null ===> Message : validateRequest() Invoked!
info: ===> TimeStamp : 2025-10-06 18:32:53===> API : null ===> Message : validRequest() :: Api validated Successfully
info: ===> TimeStamp : 2025-10-06 18:32:53===> API : /api/auth/validateuser ===> Message : validateUser() invoked!!
info: ===> TimeStamp : 2025-10-06 18:32:53===> API : /api/auth/validateuser ===> Message : validateUser() :: Request Object :: [object Object]
info: ===> TimeStamp : 2025-10-06 18:32:53===> API : /api/auth/validateuser ===> Message : validateUserDB() Invoked !
info: ===> TimeStamp : 2025-10-06 18:32:53===> API : /api/auth/validateuser ===> Message : validateUserResponse() invoked!
info: ===> TimeStamp : 2025-10-06 18:32:53===> API : /api/auth/validateuser ===> Message : validateUserResponse() completed
info: ===> TimeStamp : 2025-10-06 18:32:53===> API : null ===> Message : validateRequest() invoked
info: ===> TimeStamp : 2025-10-06 18:32:53===> API : null ===> Message : fetchDBSettings()
info: ===> TimeStamp : 2025-10-06 18:32:53===> API : null ===> Message : validateRequest() Invoked!
info: ===> TimeStamp : 2025-10-06 18:32:53===> API : null ===> Message : validRequest() :: Api validated Successfully
info: ===> TimeStamp : 2025-10-06 18:32:53===> API : /api/auth/login ===> Message : loginUser() invoked!!
info: ===> TimeStamp : 2025-10-06 18:32:53===> API : /api/auth/login ===> Message : loginUser() :: Request Object :: [object Object]
info: ===> TimeStamp : 2025-10-06 18:32:53===> API : /api/auth/login ===> Message : loginUserDB() Invoked !
info: ===> TimeStamp : 2025-10-06 18:32:53===> API : /api/auth/login ===> Message : loginUserResponse() invoked!
info: ===> TimeStamp : 2025-10-06 18:32:53===> API : /api/auth/login ===> Message : loginUserResponse() completed
info: ===> TimeStamp : 2025-10-06 18:44:12===> API : null ===> Message : validateRequest() invoked
info: ===> TimeStamp : 2025-10-06 18:44:12===> API : null ===> Message : validateRequest() Error:: Invalid Request :: 
      {"apiUri":"/pdown"}
info: ===> TimeStamp : 2025-10-06 18:56:02===> API : null ===> Message : validateRequest() invoked
info: ===> TimeStamp : 2025-10-06 18:56:02===> API : null ===> Message : fetchDBSettings()
info: ===> TimeStamp : 2025-10-06 18:56:02===> API : null ===> Message : validateRequest() Invoked!
info: ===> TimeStamp : 2025-10-06 18:56:02===> API : null ===> Message : validRequest() :: Api validated Successfully
info: ===> TimeStamp : 2025-10-06 18:56:02===> API : /api/auth/validateuser ===> Message : validateUser() invoked!!
info: ===> TimeStamp : 2025-10-06 18:56:02===> API : /api/auth/validateuser ===> Message : validateUser() :: Request Object :: [object Object]
info: ===> TimeStamp : 2025-10-06 18:56:02===> API : /api/auth/validateuser ===> Message : validateUserDB() Invoked !
info: ===> TimeStamp : 2025-10-06 18:56:02===> API : /api/auth/validateuser ===> Message : validateUserResponse() invoked!
info: ===> TimeStamp : 2025-10-06 18:56:02===> API : /api/auth/validateuser ===> Message : validateUserResponse() completed
info: ===> TimeStamp : 2025-10-06 18:56:02===> API : null ===> Message : validateRequest() invoked
info: ===> TimeStamp : 2025-10-06 18:56:02===> API : null ===> Message : fetchDBSettings()
info: ===> TimeStamp : 2025-10-06 18:56:02===> API : null ===> Message : validateRequest() Invoked!
info: ===> TimeStamp : 2025-10-06 18:56:02===> API : null ===> Message : validRequest() :: Api validated Successfully
info: ===> TimeStamp : 2025-10-06 18:56:02===> API : /api/auth/login ===> Message : loginUser() invoked!!
info: ===> TimeStamp : 2025-10-06 18:56:02===> API : /api/auth/login ===> Message : loginUser() :: Request Object :: [object Object]
info: ===> TimeStamp : 2025-10-06 18:56:02===> API : /api/auth/login ===> Message : loginUserDB() Invoked !
info: ===> TimeStamp : 2025-10-06 18:56:02===> API : /api/auth/login ===> Message : loginUserResponse() invoked!
info: ===> TimeStamp : 2025-10-06 18:56:02===> API : /api/auth/login ===> Message : loginUserResponse() completed
info: ===> TimeStamp : 2025-10-06 19:20:36===> API : null ===> Message : validateRequest() invoked
info: ===> TimeStamp : 2025-10-06 19:20:36===> API : null ===> Message : fetchDBSettings()
info: ===> TimeStamp : 2025-10-06 19:20:36===> API : null ===> Message : validateRequest() Invoked!
info: ===> TimeStamp : 2025-10-06 19:20:36===> API : null ===> Message : validRequest() :: Api validated Successfully
info: ===> TimeStamp : 2025-10-06 19:20:36===> API : /api/auth/validateuser ===> Message : validateUser() invoked!!
info: ===> TimeStamp : 2025-10-06 19:20:36===> API : /api/auth/validateuser ===> Message : validateUser() :: Request Object :: [object Object]
info: ===> TimeStamp : 2025-10-06 19:20:36===> API : /api/auth/validateuser ===> Message : validateUserDB() Invoked !
info: ===> TimeStamp : 2025-10-06 19:20:36===> API : /api/auth/validateuser ===> Message : validateUserResponse() invoked!
info: ===> TimeStamp : 2025-10-06 19:20:36===> API : /api/auth/validateuser ===> Message : validateUserResponse() completed
info: ===> TimeStamp : 2025-10-06 19:20:36===> API : null ===> Message : validateRequest() invoked
info: ===> TimeStamp : 2025-10-06 19:20:36===> API : null ===> Message : fetchDBSettings()
info: ===> TimeStamp : 2025-10-06 19:20:36===> API : null ===> Message : validateRequest() Invoked!
info: ===> TimeStamp : 2025-10-06 19:20:36===> API : null ===> Message : validRequest() :: Api validated Successfully
info: ===> TimeStamp : 2025-10-06 19:20:36===> API : /api/auth/login ===> Message : loginUser() invoked!!
info: ===> TimeStamp : 2025-10-06 19:20:36===> API : /api/auth/login ===> Message : loginUser() :: Request Object :: [object Object]
info: ===> TimeStamp : 2025-10-06 19:20:36===> API : /api/auth/login ===> Message : loginUserDB() Invoked !
info: ===> TimeStamp : 2025-10-06 19:20:36===> API : /api/auth/login ===> Message : loginUserResponse() invoked!
info: ===> TimeStamp : 2025-10-06 19:20:36===> API : /api/auth/login ===> Message : loginUserResponse() completed
info: ===> TimeStamp : 2025-10-06 19:47:47===> API : null ===> Message : validateRequest() invoked
info: ===> TimeStamp : 2025-10-06 19:47:47===> API : null ===> Message : fetchDBSettings()
info: ===> TimeStamp : 2025-10-06 19:47:47===> API : null ===> Message : validateRequest() Invoked!
info: ===> TimeStamp : 2025-10-06 19:47:47===> API : null ===> Message : validRequest() :: Api validated Successfully
info: ===> TimeStamp : 2025-10-06 19:47:47===> API : /api/auth/validateuser ===> Message : validateUser() invoked!!
info: ===> TimeStamp : 2025-10-06 19:47:47===> API : /api/auth/validateuser ===> Message : validateUser() :: Request Object :: [object Object]
info: ===> TimeStamp : 2025-10-06 19:47:47===> API : /api/auth/validateuser ===> Message : validateUserDB() Invoked !
info: ===> TimeStamp : 2025-10-06 19:47:47===> API : /api/auth/validateuser ===> Message : validateUserResponse() invoked!
info: ===> TimeStamp : 2025-10-06 19:47:47===> API : /api/auth/validateuser ===> Message : validateUserResponse() completed
info: ===> TimeStamp : 2025-10-06 19:47:47===> API : null ===> Message : validateRequest() invoked
info: ===> TimeStamp : 2025-10-06 19:47:47===> API : null ===> Message : fetchDBSettings()
info: ===> TimeStamp : 2025-10-06 19:47:47===> API : null ===> Message : validateRequest() Invoked!
info: ===> TimeStamp : 2025-10-06 19:47:47===> API : null ===> Message : validRequest() :: Api validated Successfully
info: ===> TimeStamp : 2025-10-06 19:47:47===> API : /api/auth/login ===> Message : loginUser() invoked!!
info: ===> TimeStamp : 2025-10-06 19:47:47===> API : /api/auth/login ===> Message : loginUser() :: Request Object :: [object Object]
info: ===> TimeStamp : 2025-10-06 19:47:47===> API : /api/auth/login ===> Message : loginUserDB() Invoked !
info: ===> TimeStamp : 2025-10-06 19:47:47===> API : /api/auth/login ===> Message : loginUserResponse() invoked!
info: ===> TimeStamp : 2025-10-06 19:47:47===> API : /api/auth/login ===> Message : loginUserResponse() completed
info: ===> TimeStamp : 2025-10-06 20:18:50===> API : null ===> Message : validateRequest() invoked
info: ===> TimeStamp : 2025-10-06 20:18:50===> API : null ===> Message : fetchDBSettings()
info: ===> TimeStamp : 2025-10-06 20:18:50===> API : null ===> Message : validateRequest() Invoked!
info: ===> TimeStamp : 2025-10-06 20:18:50===> API : null ===> Message : validRequest() :: Api validated Successfully
info: ===> TimeStamp : 2025-10-06 20:18:50===> API : /api/auth/validateuser ===> Message : validateUser() invoked!!
info: ===> TimeStamp : 2025-10-06 20:18:50===> API : /api/auth/validateuser ===> Message : validateUser() :: Request Object :: [object Object]
info: ===> TimeStamp : 2025-10-06 20:18:50===> API : /api/auth/validateuser ===> Message : validateUserDB() Invoked !
info: ===> TimeStamp : 2025-10-06 20:18:50===> API : /api/auth/validateuser ===> Message : validateUserResponse() invoked!
info: ===> TimeStamp : 2025-10-06 20:18:50===> API : /api/auth/validateuser ===> Message : validateUserResponse() completed
info: ===> TimeStamp : 2025-10-06 20:18:50===> API : null ===> Message : validateRequest() invoked
info: ===> TimeStamp : 2025-10-06 20:18:50===> API : null ===> Message : fetchDBSettings()
info: ===> TimeStamp : 2025-10-06 20:18:50===> API : null ===> Message : validateRequest() Invoked!
info: ===> TimeStamp : 2025-10-06 20:18:50===> API : null ===> Message : validRequest() :: Api validated Successfully
info: ===> TimeStamp : 2025-10-06 20:18:50===> API : /api/auth/login ===> Message : loginUser() invoked!!
info: ===> TimeStamp : 2025-10-06 20:18:50===> API : /api/auth/login ===> Message : loginUser() :: Request Object :: [object Object]
info: ===> TimeStamp : 2025-10-06 20:18:50===> API : /api/auth/login ===> Message : loginUserDB() Invoked !
info: ===> TimeStamp : 2025-10-06 20:18:51===> API : /api/auth/login ===> Message : loginUserResponse() invoked!
info: ===> TimeStamp : 2025-10-06 20:18:51===> API : /api/auth/login ===> Message : loginUserResponse() completed
info: ===> TimeStamp : 2025-10-06 20:22:37===> API : null ===> Message : validateRequest() invoked
info: ===> TimeStamp : 2025-10-06 20:22:37===> API : null ===> Message : fetchDBSettings()
info: ===> TimeStamp : 2025-10-06 20:22:37===> API : null ===> Message : validateRequest() Invoked!
info: ===> TimeStamp : 2025-10-06 20:22:37===> API : null ===> Message : validRequest() :: Api validated Successfully
info: ===> TimeStamp : 2025-10-06 20:22:37===> API : /api/auth/validateuser ===> Message : validateUser() invoked!!
info: ===> TimeStamp : 2025-10-06 20:22:37===> API : /api/auth/validateuser ===> Message : validateUser() :: Request Object :: [object Object]
info: ===> TimeStamp : 2025-10-06 20:22:37===> API : /api/auth/validateuser ===> Message : validateUserDB() Invoked !
info: ===> TimeStamp : 2025-10-06 20:22:37===> API : /api/auth/validateuser ===> Message : validateUserResponse() invoked!
info: ===> TimeStamp : 2025-10-06 20:22:37===> API : /api/auth/validateuser ===> Message : validateUserResponse() completed
info: ===> TimeStamp : 2025-10-06 20:22:37===> API : null ===> Message : validateRequest() invoked
info: ===> TimeStamp : 2025-10-06 20:22:37===> API : null ===> Message : fetchDBSettings()
info: ===> TimeStamp : 2025-10-06 20:22:37===> API : null ===> Message : validateRequest() Invoked!
info: ===> TimeStamp : 2025-10-06 20:22:37===> API : null ===> Message : validRequest() :: Api validated Successfully
info: ===> TimeStamp : 2025-10-06 20:22:37===> API : /api/auth/login ===> Message : loginUser() invoked!!
info: ===> TimeStamp : 2025-10-06 20:22:37===> API : /api/auth/login ===> Message : loginUser() :: Request Object :: [object Object]
info: ===> TimeStamp : 2025-10-06 20:22:37===> API : /api/auth/login ===> Message : loginUserDB() Invoked !
info: ===> TimeStamp : 2025-10-06 20:22:37===> API : /api/auth/login ===> Message : loginUserResponse() invoked!
info: ===> TimeStamp : 2025-10-06 20:22:37===> API : /api/auth/login ===> Message : loginUserResponse() completed
info: ===> TimeStamp : 2025-10-06 20:25:28===> API : null ===> Message : validateRequest() invoked
info: ===> TimeStamp : 2025-10-06 20:25:28===> API : null ===> Message : fetchDBSettings()
info: ===> TimeStamp : 2025-10-06 20:25:28===> API : null ===> Message : validateRequest() Invoked!
info: ===> TimeStamp : 2025-10-06 20:25:28===> API : null ===> Message : validRequest() :: Api validated Successfully
info: ===> TimeStamp : 2025-10-06 20:25:28===> API : /api/auth/validateuser ===> Message : validateUser() invoked!!
info: ===> TimeStamp : 2025-10-06 20:25:28===> API : /api/auth/validateuser ===> Message : validateUser() :: Request Object :: [object Object]
info: ===> TimeStamp : 2025-10-06 20:25:28===> API : /api/auth/validateuser ===> Message : validateUserDB() Invoked !
info: ===> TimeStamp : 2025-10-06 20:25:28===> API : /api/auth/validateuser ===> Message : validateUserResponse() invoked!
info: ===> TimeStamp : 2025-10-06 20:25:28===> API : /api/auth/validateuser ===> Message : validateUserResponse() completed
info: ===> TimeStamp : 2025-10-06 20:25:29===> API : null ===> Message : validateRequest() invoked
info: ===> TimeStamp : 2025-10-06 20:25:29===> API : null ===> Message : fetchDBSettings()
info: ===> TimeStamp : 2025-10-06 20:25:29===> API : null ===> Message : validateRequest() Invoked!
info: ===> TimeStamp : 2025-10-06 20:25:29===> API : null ===> Message : validRequest() :: Api validated Successfully
info: ===> TimeStamp : 2025-10-06 20:25:29===> API : /api/auth/login ===> Message : loginUser() invoked!!
info: ===> TimeStamp : 2025-10-06 20:25:29===> API : /api/auth/login ===> Message : loginUser() :: Request Object :: [object Object]
info: ===> TimeStamp : 2025-10-06 20:25:29===> API : /api/auth/login ===> Message : loginUserDB() Invoked !
info: ===> TimeStamp : 2025-10-06 20:25:29===> API : /api/auth/login ===> Message : loginUserResponse() invoked!
info: ===> TimeStamp : 2025-10-06 20:25:29===> API : /api/auth/login ===> Message : loginUserResponse() completed
info: ===> TimeStamp : 2025-10-06 21:15:28===> API : null ===> Message : validateRequest() invoked
info: ===> TimeStamp : 2025-10-06 21:15:28===> API : null ===> Message : fetchDBSettings()
info: ===> TimeStamp : 2025-10-06 21:15:28===> API : null ===> Message : validateRequest() Invoked!
info: ===> TimeStamp : 2025-10-06 21:15:28===> API : null ===> Message : validRequest() :: Api validated Successfully
info: ===> TimeStamp : 2025-10-06 21:15:28===> API : /api/auth/validateuser ===> Message : validateUser() invoked!!
info: ===> TimeStamp : 2025-10-06 21:15:28===> API : /api/auth/validateuser ===> Message : validateUser() :: Request Object :: [object Object]
info: ===> TimeStamp : 2025-10-06 21:15:28===> API : /api/auth/validateuser ===> Message : validateUserDB() Invoked !
info: ===> TimeStamp : 2025-10-06 21:15:28===> API : /api/auth/validateuser ===> Message : validateUserResponse() invoked!
info: ===> TimeStamp : 2025-10-06 21:15:28===> API : /api/auth/validateuser ===> Message : validateUserResponse() completed
info: ===> TimeStamp : 2025-10-06 21:15:28===> API : null ===> Message : validateRequest() invoked
info: ===> TimeStamp : 2025-10-06 21:15:28===> API : null ===> Message : fetchDBSettings()
info: ===> TimeStamp : 2025-10-06 21:15:28===> API : null ===> Message : validateRequest() Invoked!
info: ===> TimeStamp : 2025-10-06 21:15:28===> API : null ===> Message : validRequest() :: Api validated Successfully
info: ===> TimeStamp : 2025-10-06 21:15:28===> API : /api/auth/login ===> Message : loginUser() :: Request Object :: [object Object]
info: ===> TimeStamp : 2025-10-06 21:15:28===> API : /api/auth/login ===> Message : loginUser() invoked!!
info: ===> TimeStamp : 2025-10-06 21:15:28===> API : /api/auth/login ===> Message : loginUserDB() Invoked !
info: ===> TimeStamp : 2025-10-06 21:15:28===> API : /api/auth/login ===> Message : loginUserResponse() invoked!
info: ===> TimeStamp : 2025-10-06 21:15:28===> API : /api/auth/login ===> Message : loginUserResponse() completed
info: ===> TimeStamp : 2025-10-06 21:15:56===> API : null ===> Message : validateRequest() invoked
info: ===> TimeStamp : 2025-10-06 21:15:56===> API : null ===> Message : fetchDBSettings()
info: ===> TimeStamp : 2025-10-06 21:15:56===> API : null ===> Message : validateRequest() Invoked!
info: ===> TimeStamp : 2025-10-06 21:15:56===> API : null ===> Message : validRequest() :: Api validated Successfully
info: ===> TimeStamp : 2025-10-06 21:15:56===> API : /api/auth/validateuser ===> Message : validateUser() invoked!!
info: ===> TimeStamp : 2025-10-06 21:15:56===> API : /api/auth/validateuser ===> Message : validateUser() :: Request Object :: [object Object]
info: ===> TimeStamp : 2025-10-06 21:15:56===> API : /api/auth/validateuser ===> Message : validateUserDB() Invoked !
info: ===> TimeStamp : 2025-10-06 21:15:56===> API : /api/auth/validateuser ===> Message : validateUserResponse() invoked!
info: ===> TimeStamp : 2025-10-06 21:15:56===> API : /api/auth/validateuser ===> Message : validateUserResponse() completed
info: ===> TimeStamp : 2025-10-06 21:15:56===> API : null ===> Message : validateRequest() invoked
info: ===> TimeStamp : 2025-10-06 21:15:56===> API : null ===> Message : fetchDBSettings()
info: ===> TimeStamp : 2025-10-06 21:15:56===> API : null ===> Message : validateRequest() Invoked!
info: ===> TimeStamp : 2025-10-06 21:15:56===> API : null ===> Message : validRequest() :: Api validated Successfully
info: ===> TimeStamp : 2025-10-06 21:15:56===> API : /api/auth/login ===> Message : loginUser() invoked!!
info: ===> TimeStamp : 2025-10-06 21:15:56===> API : /api/auth/login ===> Message : loginUser() :: Request Object :: [object Object]
info: ===> TimeStamp : 2025-10-06 21:15:56===> API : /api/auth/login ===> Message : loginUserDB() Invoked !
info: ===> TimeStamp : 2025-10-06 21:15:57===> API : /api/auth/login ===> Message : loginUserResponse() invoked!
info: ===> TimeStamp : 2025-10-06 21:15:57===> API : /api/auth/login ===> Message : loginUserResponse() completed
info: ===> TimeStamp : 2025-10-06 21:50:47===> API : null ===> Message : validateRequest() invoked
info: ===> TimeStamp : 2025-10-06 21:50:47===> API : null ===> Message : fetchDBSettings()
info: ===> TimeStamp : 2025-10-06 21:50:47===> API : null ===> Message : validateRequest() Invoked!
info: ===> TimeStamp : 2025-10-06 21:50:47===> API : null ===> Message : validRequest() :: Api validated Successfully
info: ===> TimeStamp : 2025-10-06 21:50:47===> API : /api/auth/validateuser ===> Message : validateUser() invoked!!
info: ===> TimeStamp : 2025-10-06 21:50:47===> API : /api/auth/validateuser ===> Message : validateUser() :: Request Object :: [object Object]
info: ===> TimeStamp : 2025-10-06 21:50:47===> API : /api/auth/validateuser ===> Message : validateUserDB() Invoked !
info: ===> TimeStamp : 2025-10-06 21:50:47===> API : /api/auth/validateuser ===> Message : validateUserResponse() invoked!
info: ===> TimeStamp : 2025-10-06 21:50:47===> API : /api/auth/validateuser ===> Message : validateUserResponse() completed
info: ===> TimeStamp : 2025-10-06 21:50:47===> API : null ===> Message : validateRequest() invoked
info: ===> TimeStamp : 2025-10-06 21:50:47===> API : null ===> Message : fetchDBSettings()
info: ===> TimeStamp : 2025-10-06 21:50:47===> API : null ===> Message : validateRequest() Invoked!
info: ===> TimeStamp : 2025-10-06 21:50:47===> API : null ===> Message : validRequest() :: Api validated Successfully
info: ===> TimeStamp : 2025-10-06 21:50:47===> API : /api/auth/login ===> Message : loginUser() invoked!!
info: ===> TimeStamp : 2025-10-06 21:50:47===> API : /api/auth/login ===> Message : loginUser() :: Request Object :: [object Object]
info: ===> TimeStamp : 2025-10-06 21:50:47===> API : /api/auth/login ===> Message : loginUserDB() Invoked !
info: ===> TimeStamp : 2025-10-06 21:50:47===> API : /api/auth/login ===> Message : loginUserResponse() invoked!
info: ===> TimeStamp : 2025-10-06 21:50:47===> API : /api/auth/login ===> Message : loginUserResponse() completed
info: ===> TimeStamp : 2025-10-06 22:04:16===> API : null ===> Message : validateRequest() invoked
info: ===> TimeStamp : 2025-10-06 22:04:16===> API : null ===> Message : fetchDBSettings()
info: ===> TimeStamp : 2025-10-06 22:04:16===> API : null ===> Message : validateRequest() Invoked!
info: ===> TimeStamp : 2025-10-06 22:04:16===> API : null ===> Message : validRequest() :: Api validated Successfully
info: ===> TimeStamp : 2025-10-06 22:04:16===> API : /api/auth/validateuser ===> Message : validateUser() invoked!!
info: ===> TimeStamp : 2025-10-06 22:04:16===> API : /api/auth/validateuser ===> Message : validateUser() :: Request Object :: [object Object]
info: ===> TimeStamp : 2025-10-06 22:04:16===> API : /api/auth/validateuser ===> Message : validateUserDB() Invoked !
info: ===> TimeStamp : 2025-10-06 22:04:16===> API : /api/auth/validateuser ===> Message : validateUserResponse() invoked!
info: ===> TimeStamp : 2025-10-06 22:04:16===> API : /api/auth/validateuser ===> Message : validateUserResponse() completed
info: ===> TimeStamp : 2025-10-06 22:04:16===> API : null ===> Message : validateRequest() invoked
info: ===> TimeStamp : 2025-10-06 22:04:16===> API : null ===> Message : fetchDBSettings()
info: ===> TimeStamp : 2025-10-06 22:04:16===> API : null ===> Message : validateRequest() Invoked!
info: ===> TimeStamp : 2025-10-06 22:04:16===> API : null ===> Message : validRequest() :: Api validated Successfully
info: ===> TimeStamp : 2025-10-06 22:04:16===> API : /api/auth/login ===> Message : loginUser() invoked!!
info: ===> TimeStamp : 2025-10-06 22:04:16===> API : /api/auth/login ===> Message : loginUser() :: Request Object :: [object Object]
info: ===> TimeStamp : 2025-10-06 22:04:16===> API : /api/auth/login ===> Message : loginUserDB() Invoked !
info: ===> TimeStamp : 2025-10-06 22:04:16===> API : /api/auth/login ===> Message : loginUserResponse() invoked!
info: ===> TimeStamp : 2025-10-06 22:04:16===> API : /api/auth/login ===> Message : loginUserResponse() completed
info: ===> TimeStamp : 2025-10-06 22:15:41===> API : null ===> Message : validateRequest() invoked
info: ===> TimeStamp : 2025-10-06 22:15:41===> API : null ===> Message : fetchDBSettings()
info: ===> TimeStamp : 2025-10-06 22:15:41===> API : null ===> Message : validateRequest() Invoked!
info: ===> TimeStamp : 2025-10-06 22:15:41===> API : null ===> Message : validRequest() :: Api validated Successfully
info: ===> TimeStamp : 2025-10-06 22:15:41===> API : /api/auth/logout ===> Message : logoutUser() :: Request Object :: [object Object]
info: ===> TimeStamp : 2025-10-06 22:15:41===> API : /api/auth/logout ===> Message : logoutUser() invoked!!
info: ===> TimeStamp : 2025-10-06 22:15:41===> API : /api/auth/logout ===> Message : logoutUserDB() Invoked !
info: ===> TimeStamp : 2025-10-06 22:15:41===> API : /api/auth/logout ===> Message : logoutUserResponse() invoked!
info: ===> TimeStamp : 2025-10-06 22:15:41===> API : /api/auth/logout ===> Message : logoutUserResponse() completed
info: ===> TimeStamp : 2025-10-06 22:21:00===> API : null ===> Message : validateRequest() invoked
info: ===> TimeStamp : 2025-10-06 22:21:00===> API : null ===> Message : validateRequest() Error:: Invalid Request :: 
      {"apiUri":"/"}
info: ===> TimeStamp : 2025-10-06 22:23:16===> API : null ===> Message : validateRequest() invoked
info: ===> TimeStamp : 2025-10-06 22:23:16===> API : null ===> Message : fetchDBSettings()
info: ===> TimeStamp : 2025-10-06 22:23:16===> API : null ===> Message : validateRequest() Invoked!
info: ===> TimeStamp : 2025-10-06 22:23:16===> API : null ===> Message : validRequest() :: Api validated Successfully
info: ===> TimeStamp : 2025-10-06 22:23:16===> API : /api/auth/validateuser ===> Message : validateUser() invoked!!
info: ===> TimeStamp : 2025-10-06 22:23:16===> API : /api/auth/validateuser ===> Message : validateUser() :: Request Object :: [object Object]
info: ===> TimeStamp : 2025-10-06 22:23:16===> API : /api/auth/validateuser ===> Message : validateUserDB() Invoked !
info: ===> TimeStamp : 2025-10-06 22:23:16===> API : /api/auth/validateuser ===> Message : validateUserResponse() invoked!
info: ===> TimeStamp : 2025-10-06 22:23:16===> API : /api/auth/validateuser ===> Message : validateUserResponse() completed
info: ===> TimeStamp : 2025-10-06 22:23:16===> API : null ===> Message : validateRequest() invoked
info: ===> TimeStamp : 2025-10-06 22:23:16===> API : null ===> Message : fetchDBSettings()
info: ===> TimeStamp : 2025-10-06 22:23:16===> API : null ===> Message : validateRequest() Invoked!
info: ===> TimeStamp : 2025-10-06 22:23:16===> API : null ===> Message : validRequest() :: Api validated Successfully
info: ===> TimeStamp : 2025-10-06 22:23:16===> API : /api/auth/login ===> Message : loginUser() invoked!!
info: ===> TimeStamp : 2025-10-06 22:23:16===> API : /api/auth/login ===> Message : loginUser() :: Request Object :: [object Object]
info: ===> TimeStamp : 2025-10-06 22:23:16===> API : /api/auth/login ===> Message : loginUserDB() Invoked !
info: ===> TimeStamp : 2025-10-06 22:23:16===> API : /api/auth/login ===> Message : loginUserResponse() invoked!
info: ===> TimeStamp : 2025-10-06 22:23:16===> API : /api/auth/login ===> Message : loginUserResponse() completed
info: ===> TimeStamp : 2025-10-06 22:24:57===> API : null ===> Message : validateRequest() invoked
info: ===> TimeStamp : 2025-10-06 22:24:57===> API : null ===> Message : fetchDBSettings()
info: ===> TimeStamp : 2025-10-06 22:24:57===> API : null ===> Message : validateRequest() Invoked!
info: ===> TimeStamp : 2025-10-06 22:24:57===> API : null ===> Message : validRequest() :: Api validated Successfully
info: ===> TimeStamp : 2025-10-06 22:24:57===> API : /api/auth/logout ===> Message : logoutUser() :: Request Object :: [object Object]
info: ===> TimeStamp : 2025-10-06 22:24:57===> API : /api/auth/logout ===> Message : logoutUser() invoked!!
info: ===> TimeStamp : 2025-10-06 22:24:57===> API : /api/auth/logout ===> Message : logoutUserDB() Invoked !
info: ===> TimeStamp : 2025-10-06 22:24:57===> API : /api/auth/logout ===> Message : logoutUserResponse() invoked!
info: ===> TimeStamp : 2025-10-06 22:24:57===> API : /api/auth/logout ===> Message : logoutUserResponse() completed
info: ===> TimeStamp : 2025-10-06 22:25:04===> API : null ===> Message : validateRequest() invoked
info: ===> TimeStamp : 2025-10-06 22:25:04===> API : null ===> Message : fetchDBSettings()
info: ===> TimeStamp : 2025-10-06 22:25:04===> API : null ===> Message : validateRequest() Invoked!
info: ===> TimeStamp : 2025-10-06 22:25:04===> API : null ===> Message : validRequest() :: Api validated Successfully
info: ===> TimeStamp : 2025-10-06 22:25:04===> API : /api/auth/validateuser ===> Message : validateUser() invoked!!
info: ===> TimeStamp : 2025-10-06 22:25:04===> API : /api/auth/validateuser ===> Message : validateUser() :: Request Object :: [object Object]
info: ===> TimeStamp : 2025-10-06 22:25:04===> API : /api/auth/validateuser ===> Message : validateUserDB() Invoked !
info: ===> TimeStamp : 2025-10-06 22:25:04===> API : /api/auth/validateuser ===> Message : validateUserResponse() invoked!
info: ===> TimeStamp : 2025-10-06 22:25:04===> API : /api/auth/validateuser ===> Message : validateUserResponse() completed
info: ===> TimeStamp : 2025-10-06 22:25:04===> API : null ===> Message : validateRequest() invoked
info: ===> TimeStamp : 2025-10-06 22:25:04===> API : null ===> Message : fetchDBSettings()
info: ===> TimeStamp : 2025-10-06 22:25:04===> API : null ===> Message : validateRequest() Invoked!
info: ===> TimeStamp : 2025-10-06 22:25:04===> API : null ===> Message : validRequest() :: Api validated Successfully
info: ===> TimeStamp : 2025-10-06 22:25:04===> API : /api/auth/checkIP ===> Message : checkIP() invoked!!
info: ===> TimeStamp : 2025-10-06 22:25:04===> API : /api/auth/checkIP ===> Message : IPs match: 103.255.182.117
info: ===> TimeStamp : 2025-10-06 22:25:04===> API : /api/auth/checkIP ===> Message : checkIPResponse() invoked!
info: ===> TimeStamp : 2025-10-06 22:25:04===> API : /api/auth/checkIP ===> Message : checkIPResponse() completed
info: ===> TimeStamp : 2025-10-06 22:25:04===> API : null ===> Message : validateRequest() invoked
info: ===> TimeStamp : 2025-10-06 22:25:04===> API : null ===> Message : fetchDBSettings()
info: ===> TimeStamp : 2025-10-06 22:25:04===> API : null ===> Message : validateRequest() Invoked!
info: ===> TimeStamp : 2025-10-06 22:25:04===> API : null ===> Message : validRequest() :: Api validated Successfully
info: ===> TimeStamp : 2025-10-06 22:25:04===> API : /api/auth/login ===> Message : loginUser() invoked!!
info: ===> TimeStamp : 2025-10-06 22:25:04===> API : /api/auth/login ===> Message : loginUser() :: Request Object :: [object Object]
info: ===> TimeStamp : 2025-10-06 22:25:04===> API : /api/auth/login ===> Message : loginUserDB() Invoked !
info: ===> TimeStamp : 2025-10-06 22:25:04===> API : /api/auth/login ===> Message : loginUserResponse() invoked!
info: ===> TimeStamp : 2025-10-06 22:25:04===> API : /api/auth/login ===> Message : loginUserResponse() completed
info: ===> TimeStamp : 2025-10-06 22:25:43===> API : null ===> Message : validateRequest() invoked
info: ===> TimeStamp : 2025-10-06 22:25:43===> API : null ===> Message : fetchDBSettings()
info: ===> TimeStamp : 2025-10-06 22:25:43===> API : null ===> Message : validateRequest() Invoked!
info: ===> TimeStamp : 2025-10-06 22:25:43===> API : null ===> Message : validRequest() :: Api validated Successfully
info: ===> TimeStamp : 2025-10-06 22:25:43===> API : /api/auth/validateuser ===> Message : validateUser() invoked!!
info: ===> TimeStamp : 2025-10-06 22:25:43===> API : /api/auth/validateuser ===> Message : validateUser() :: Request Object :: [object Object]
info: ===> TimeStamp : 2025-10-06 22:25:43===> API : /api/auth/validateuser ===> Message : validateUserDB() Invoked !
info: ===> TimeStamp : 2025-10-06 22:25:43===> API : /api/auth/validateuser ===> Message : validateUserResponse() invoked!
info: ===> TimeStamp : 2025-10-06 22:25:43===> API : /api/auth/validateuser ===> Message : validateUserResponse() completed
info: ===> TimeStamp : 2025-10-06 22:25:43===> API : null ===> Message : validateRequest() invoked
info: ===> TimeStamp : 2025-10-06 22:25:43===> API : null ===> Message : fetchDBSettings()
info: ===> TimeStamp : 2025-10-06 22:25:43===> API : null ===> Message : validateRequest() Invoked!
info: ===> TimeStamp : 2025-10-06 22:25:43===> API : null ===> Message : validRequest() :: Api validated Successfully
info: ===> TimeStamp : 2025-10-06 22:25:43===> API : /api/auth/checkIP ===> Message : checkIP() invoked!!
info: ===> TimeStamp : 2025-10-06 22:25:43===> API : /api/auth/checkIP ===> Message : IPs match: 103.255.182.117
info: ===> TimeStamp : 2025-10-06 22:25:43===> API : /api/auth/checkIP ===> Message : checkIPResponse() invoked!
info: ===> TimeStamp : 2025-10-06 22:25:43===> API : /api/auth/checkIP ===> Message : checkIPResponse() completed
info: ===> TimeStamp : 2025-10-06 22:25:43===> API : null ===> Message : validateRequest() invoked
info: ===> TimeStamp : 2025-10-06 22:25:43===> API : null ===> Message : fetchDBSettings()
info: ===> TimeStamp : 2025-10-06 22:25:43===> API : null ===> Message : validateRequest() Invoked!
info: ===> TimeStamp : 2025-10-06 22:25:43===> API : null ===> Message : validRequest() :: Api validated Successfully
info: ===> TimeStamp : 2025-10-06 22:25:43===> API : /api/auth/login ===> Message : loginUser() invoked!!
info: ===> TimeStamp : 2025-10-06 22:25:43===> API : /api/auth/login ===> Message : loginUser() :: Request Object :: [object Object]
info: ===> TimeStamp : 2025-10-06 22:25:43===> API : /api/auth/login ===> Message : loginUserDB() Invoked !
info: ===> TimeStamp : 2025-10-06 22:25:43===> API : /api/auth/login ===> Message : loginUserResponse() invoked!
info: ===> TimeStamp : 2025-10-06 22:25:43===> API : /api/auth/login ===> Message : loginUserResponse() completed
info: ===> TimeStamp : 2025-10-06 23:14:45===> API : null ===> Message : validateRequest() invoked
info: ===> TimeStamp : 2025-10-06 23:14:45===> API : null ===> Message : fetchDBSettings()
info: ===> TimeStamp : 2025-10-06 23:14:45===> API : null ===> Message : validateRequest() Invoked!
info: ===> TimeStamp : 2025-10-06 23:14:45===> API : null ===> Message : validRequest() :: Api validated Successfully
info: ===> TimeStamp : 2025-10-06 23:14:45===> API : /api/auth/validateuser ===> Message : validateUser() invoked!!
info: ===> TimeStamp : 2025-10-06 23:14:45===> API : /api/auth/validateuser ===> Message : validateUser() :: Request Object :: [object Object]
info: ===> TimeStamp : 2025-10-06 23:14:45===> API : /api/auth/validateuser ===> Message : validateUserDB() Invoked !
info: ===> TimeStamp : 2025-10-06 23:14:45===> API : /api/auth/validateuser ===> Message : validateUserResponse() invoked!
info: ===> TimeStamp : 2025-10-06 23:14:45===> API : /api/auth/validateuser ===> Message : validateUserResponse() completed
info: ===> TimeStamp : 2025-10-06 23:14:45===> API : null ===> Message : validateRequest() invoked
info: ===> TimeStamp : 2025-10-06 23:14:45===> API : null ===> Message : fetchDBSettings()
info: ===> TimeStamp : 2025-10-06 23:14:45===> API : null ===> Message : validateRequest() Invoked!
info: ===> TimeStamp : 2025-10-06 23:14:45===> API : null ===> Message : validRequest() :: Api validated Successfully
info: ===> TimeStamp : 2025-10-06 23:14:45===> API : /api/auth/login ===> Message : loginUser() invoked!!
info: ===> TimeStamp : 2025-10-06 23:14:45===> API : /api/auth/login ===> Message : loginUser() :: Request Object :: [object Object]
info: ===> TimeStamp : 2025-10-06 23:14:45===> API : /api/auth/login ===> Message : loginUserDB() Invoked !
info: ===> TimeStamp : 2025-10-06 23:14:46===> API : /api/auth/login ===> Message : loginUserResponse() invoked!
info: ===> TimeStamp : 2025-10-06 23:14:46===> API : /api/auth/login ===> Message : loginUserResponse() completed
info: ===> TimeStamp : 2025-10-06 23:21:37===> API : null ===> Message : validateRequest() invoked
info: ===> TimeStamp : 2025-10-06 23:21:37===> API : null ===> Message : fetchDBSettings()
info: ===> TimeStamp : 2025-10-06 23:21:37===> API : null ===> Message : validateRequest() Invoked!
info: ===> TimeStamp : 2025-10-06 23:21:37===> API : null ===> Message : validRequest() :: Api validated Successfully
info: ===> TimeStamp : 2025-10-06 23:21:37===> API : /api/auth/validateuser ===> Message : validateUser() invoked!!
info: ===> TimeStamp : 2025-10-06 23:21:37===> API : /api/auth/validateuser ===> Message : validateUser() :: Request Object :: [object Object]
info: ===> TimeStamp : 2025-10-06 23:21:37===> API : /api/auth/validateuser ===> Message : validateUserDB() Invoked !
info: ===> TimeStamp : 2025-10-06 23:21:37===> API : /api/auth/validateuser ===> Message : validateUserResponse() invoked!
info: ===> TimeStamp : 2025-10-06 23:21:37===> API : /api/auth/validateuser ===> Message : validateUserResponse() completed
info: ===> TimeStamp : 2025-10-06 23:21:37===> API : null ===> Message : validateRequest() invoked
info: ===> TimeStamp : 2025-10-06 23:21:37===> API : null ===> Message : fetchDBSettings()
info: ===> TimeStamp : 2025-10-06 23:21:37===> API : null ===> Message : validateRequest() Invoked!
info: ===> TimeStamp : 2025-10-06 23:21:37===> API : null ===> Message : validRequest() :: Api validated Successfully
info: ===> TimeStamp : 2025-10-06 23:21:37===> API : /api/auth/login ===> Message : loginUser() invoked!!
info: ===> TimeStamp : 2025-10-06 23:21:37===> API : /api/auth/login ===> Message : loginUser() :: Request Object :: [object Object]
info: ===> TimeStamp : 2025-10-06 23:21:37===> API : /api/auth/login ===> Message : loginUserDB() Invoked !
info: ===> TimeStamp : 2025-10-06 23:21:37===> API : /api/auth/login ===> Message : loginUserResponse() invoked!
info: ===> TimeStamp : 2025-10-06 23:21:38===> API : /api/auth/login ===> Message : loginUserResponse() completed
info: ===> TimeStamp : 2025-10-06 23:25:47===> API : null ===> Message : validateRequest() invoked
info: ===> TimeStamp : 2025-10-06 23:25:47===> API : null ===> Message : fetchDBSettings()
info: ===> TimeStamp : 2025-10-06 23:25:47===> API : null ===> Message : validateRequest() Invoked!
info: ===> TimeStamp : 2025-10-06 23:25:47===> API : null ===> Message : validRequest() :: Api validated Successfully
info: ===> TimeStamp : 2025-10-06 23:25:47===> API : /api/auth/validateuser ===> Message : validateUser() invoked!!
info: ===> TimeStamp : 2025-10-06 23:25:47===> API : /api/auth/validateuser ===> Message : validateUser() :: Request Object :: [object Object]
info: ===> TimeStamp : 2025-10-06 23:25:47===> API : /api/auth/validateuser ===> Message : validateUserDB() Invoked !
info: ===> TimeStamp : 2025-10-06 23:25:47===> API : /api/auth/validateuser ===> Message : validateUserResponse() invoked!
info: ===> TimeStamp : 2025-10-06 23:25:47===> API : /api/auth/validateuser ===> Message : validateUserResponse() completed
info: ===> TimeStamp : 2025-10-06 23:25:48===> API : null ===> Message : validateRequest() invoked
info: ===> TimeStamp : 2025-10-06 23:25:48===> API : null ===> Message : fetchDBSettings()
info: ===> TimeStamp : 2025-10-06 23:25:48===> API : null ===> Message : validateRequest() Invoked!
info: ===> TimeStamp : 2025-10-06 23:25:48===> API : null ===> Message : validRequest() :: Api validated Successfully
info: ===> TimeStamp : 2025-10-06 23:25:48===> API : /api/auth/login ===> Message : loginUser() invoked!!
info: ===> TimeStamp : 2025-10-06 23:25:48===> API : /api/auth/login ===> Message : loginUser() :: Request Object :: [object Object]
info: ===> TimeStamp : 2025-10-06 23:25:48===> API : /api/auth/login ===> Message : loginUserDB() Invoked !
info: ===> TimeStamp : 2025-10-06 23:25:48===> API : /api/auth/login ===> Message : loginUserResponse() invoked!
info: ===> TimeStamp : 2025-10-06 23:25:48===> API : /api/auth/login ===> Message : loginUserResponse() completed
info: ===> TimeStamp : 2025-10-06 23:39:18===> API : null ===> Message : validateRequest() invoked
info: ===> TimeStamp : 2025-10-06 23:39:18===> API : null ===> Message : fetchDBSettings()
info: ===> TimeStamp : 2025-10-06 23:39:18===> API : null ===> Message : validateRequest() Invoked!
info: ===> TimeStamp : 2025-10-06 23:39:18===> API : null ===> Message : validRequest() :: Api validated Successfully
info: ===> TimeStamp : 2025-10-06 23:39:18===> API : /api/auth/validateuser ===> Message : validateUser() invoked!!
info: ===> TimeStamp : 2025-10-06 23:39:18===> API : /api/auth/validateuser ===> Message : validateUser() :: Request Object :: [object Object]
info: ===> TimeStamp : 2025-10-06 23:39:18===> API : /api/auth/validateuser ===> Message : validateUserDB() Invoked !
info: ===> TimeStamp : 2025-10-06 23:39:18===> API : /api/auth/validateuser ===> Message : validateUserResponse() invoked!
info: ===> TimeStamp : 2025-10-06 23:39:18===> API : /api/auth/validateuser ===> Message : validateUserResponse() completed
info: ===> TimeStamp : 2025-10-06 23:39:18===> API : null ===> Message : validateRequest() invoked
info: ===> TimeStamp : 2025-10-06 23:39:18===> API : null ===> Message : fetchDBSettings()
info: ===> TimeStamp : 2025-10-06 23:39:18===> API : null ===> Message : validateRequest() Invoked!
info: ===> TimeStamp : 2025-10-06 23:39:18===> API : null ===> Message : validRequest() :: Api validated Successfully
info: ===> TimeStamp : 2025-10-06 23:39:18===> API : /api/auth/login ===> Message : loginUser() invoked!!
info: ===> TimeStamp : 2025-10-06 23:39:18===> API : /api/auth/login ===> Message : loginUser() :: Request Object :: [object Object]
info: ===> TimeStamp : 2025-10-06 23:39:18===> API : /api/auth/login ===> Message : loginUserDB() Invoked !
info: ===> TimeStamp : 2025-10-06 23:39:18===> API : /api/auth/login ===> Message : loginUserResponse() invoked!
info: ===> TimeStamp : 2025-10-06 23:39:18===> API : /api/auth/login ===> Message : loginUserResponse() completed
info: ===> TimeStamp : 2025-10-06 23:51:10===> API : null ===> Message : validateRequest() invoked
info: ===> TimeStamp : 2025-10-06 23:51:10===> API : null ===> Message : fetchDBSettings()
info: ===> TimeStamp : 2025-10-06 23:51:10===> API : null ===> Message : validateRequest() Invoked!
info: ===> TimeStamp : 2025-10-06 23:51:10===> API : null ===> Message : validRequest() :: Api validated Successfully
info: ===> TimeStamp : 2025-10-06 23:51:10===> API : /api/auth/validateuser ===> Message : validateUser() invoked!!
info: ===> TimeStamp : 2025-10-06 23:51:10===> API : /api/auth/validateuser ===> Message : validateUser() :: Request Object :: [object Object]
info: ===> TimeStamp : 2025-10-06 23:51:10===> API : /api/auth/validateuser ===> Message : validateUserDB() Invoked !
info: ===> TimeStamp : 2025-10-06 23:51:10===> API : /api/auth/validateuser ===> Message : validateUserResponse() invoked!
info: ===> TimeStamp : 2025-10-06 23:51:10===> API : /api/auth/validateuser ===> Message : validateUserResponse() completed
info: ===> TimeStamp : 2025-10-06 23:51:10===> API : null ===> Message : validateRequest() invoked
info: ===> TimeStamp : 2025-10-06 23:51:10===> API : null ===> Message : fetchDBSettings()
info: ===> TimeStamp : 2025-10-06 23:51:10===> API : null ===> Message : validateRequest() Invoked!
info: ===> TimeStamp : 2025-10-06 23:51:10===> API : null ===> Message : validRequest() :: Api validated Successfully
info: ===> TimeStamp : 2025-10-06 23:51:10===> API : /api/auth/login ===> Message : loginUser() invoked!!
info: ===> TimeStamp : 2025-10-06 23:51:10===> API : /api/auth/login ===> Message : loginUser() :: Request Object :: [object Object]
info: ===> TimeStamp : 2025-10-06 23:51:10===> API : /api/auth/login ===> Message : loginUserDB() Invoked !
info: ===> TimeStamp : 2025-10-06 23:51:11===> API : /api/auth/login ===> Message : loginUserResponse() invoked!
info: ===> TimeStamp : 2025-10-06 23:51:11===> API : /api/auth/login ===> Message : loginUserResponse() completed
info: ===> TimeStamp : 2025-10-06 23:56:25===> API : null ===> Message : validateRequest() invoked
info: ===> TimeStamp : 2025-10-06 23:56:25===> API : null ===> Message : validateRequest() Error:: Invalid Request :: 
      {"apiUri":"/"}
info: ===> TimeStamp : 2025-10-06 23:56:25===> API : null ===> Message : validateRequest() invoked
info: ===> TimeStamp : 2025-10-06 23:56:25===> API : null ===> Message : validateRequest() Error:: Invalid Request :: 
      {"apiUri":"/favicon.ico"}
info: ===> TimeStamp : 2025-10-06 23:56:33===> API : null ===> Message : validateRequest() invoked
info: ===> TimeStamp : 2025-10-06 23:56:33===> API : null ===> Message : validateRequest() Error:: Invalid Request :: 
      {"apiUri":"/favicon.ico"}
info: ===> TimeStamp : 2025-10-06 23:56:34===> API : null ===> Message : validateRequest() invoked
info: ===> TimeStamp : 2025-10-06 23:56:34===> API : null ===> Message : validateRequest() Error:: Invalid Request :: 
      {"apiUri":"/.well-known/security.txt"}
info: ===> TimeStamp : 2025-10-07 03:15:18===> API : null ===> Message : validateRequest() invoked
info: ===> TimeStamp : 2025-10-07 03:15:18===> API : null ===> Message : fetchDBSettings()
info: ===> TimeStamp : 2025-10-07 03:15:18===> API : null ===> Message : validateRequest() Invoked!
info: ===> TimeStamp : 2025-10-07 03:15:18===> API : null ===> Message : validRequest() :: Api validated Successfully
info: ===> TimeStamp : 2025-10-07 03:15:18===> API : /api/auth/logout ===> Message : logoutUser() invoked!!
info: ===> TimeStamp : 2025-10-07 03:15:18===> API : /api/auth/logout ===> Message : logoutUser() :: Request Object :: [object Object]
info: ===> TimeStamp : 2025-10-07 03:15:18===> API : /api/auth/logout ===> Message : logoutUserDB() Invoked !
info: ===> TimeStamp : 2025-10-07 03:15:18===> API : /api/auth/logout ===> Message : logoutUserResponse() invoked!
info: ===> TimeStamp : 2025-10-07 03:15:18===> API : /api/auth/logout ===> Message : logoutUserResponse() completed
info: ===> TimeStamp : 2025-10-07 03:15:25===> API : null ===> Message : validateRequest() invoked
info: ===> TimeStamp : 2025-10-07 03:15:25===> API : null ===> Message : fetchDBSettings()
info: ===> TimeStamp : 2025-10-07 03:15:25===> API : null ===> Message : validateRequest() Invoked!
info: ===> TimeStamp : 2025-10-07 03:15:25===> API : null ===> Message : validRequest() :: Api validated Successfully
info: ===> TimeStamp : 2025-10-07 03:15:25===> API : /api/auth/validateuser ===> Message : validateUser() invoked!!
info: ===> TimeStamp : 2025-10-07 03:15:25===> API : /api/auth/validateuser ===> Message : validateUser() :: Request Object :: [object Object]
info: ===> TimeStamp : 2025-10-07 03:15:25===> API : /api/auth/validateuser ===> Message : validateUserDB() Invoked !
info: ===> TimeStamp : 2025-10-07 03:15:25===> API : /api/auth/validateuser ===> Message : validateUserResponse() invoked!
info: ===> TimeStamp : 2025-10-07 03:15:25===> API : /api/auth/validateuser ===> Message : validateUserResponse() completed
info: ===> TimeStamp : 2025-10-07 03:15:25===> API : null ===> Message : validateRequest() invoked
info: ===> TimeStamp : 2025-10-07 03:15:25===> API : null ===> Message : fetchDBSettings()
info: ===> TimeStamp : 2025-10-07 03:15:25===> API : null ===> Message : validateRequest() Invoked!
info: ===> TimeStamp : 2025-10-07 03:15:25===> API : null ===> Message : validRequest() :: Api validated Successfully
info: ===> TimeStamp : 2025-10-07 03:15:25===> API : /api/auth/checkIP ===> Message : checkIP() invoked!!
info: ===> TimeStamp : 2025-10-07 03:15:25===> API : /api/auth/checkIP ===> Message : IPs match: 103.255.182.117
info: ===> TimeStamp : 2025-10-07 03:15:25===> API : /api/auth/checkIP ===> Message : checkIPResponse() invoked!
info: ===> TimeStamp : 2025-10-07 03:15:25===> API : /api/auth/checkIP ===> Message : checkIPResponse() completed
info: ===> TimeStamp : 2025-10-07 03:15:25===> API : null ===> Message : validateRequest() invoked
info: ===> TimeStamp : 2025-10-07 03:15:25===> API : null ===> Message : fetchDBSettings()
info: ===> TimeStamp : 2025-10-07 03:15:25===> API : null ===> Message : validateRequest() Invoked!
info: ===> TimeStamp : 2025-10-07 03:15:25===> API : null ===> Message : validRequest() :: Api validated Successfully
info: ===> TimeStamp : 2025-10-07 03:15:25===> API : /api/auth/login ===> Message : loginUser() invoked!!
info: ===> TimeStamp : 2025-10-07 03:15:25===> API : /api/auth/login ===> Message : loginUser() :: Request Object :: [object Object]
info: ===> TimeStamp : 2025-10-07 03:15:25===> API : /api/auth/login ===> Message : loginUserDB() Invoked !
info: ===> TimeStamp : 2025-10-07 03:15:25===> API : /api/auth/login ===> Message : loginUserResponse() invoked!
info: ===> TimeStamp : 2025-10-07 03:15:25===> API : /api/auth/login ===> Message : loginUserResponse() completed
info: ===> TimeStamp : 2025-10-07 03:54:01===> API : null ===> Message : validateRequest() invoked
info: ===> TimeStamp : 2025-10-07 03:54:01===> API : null ===> Message : validateRequest() Error:: Invalid Request :: 
      {"apiUri":"/.git/config"}
