info: ===> TimeStamp : 2025-04-14 06:45:25===> API : null ===> Message : validateRequest() invoked
info: ===> TimeStamp : 2025-04-14 06:45:25===> API : null ===> Message : fetchDBSettings()
info: ===> TimeStamp : 2025-04-14 06:45:25===> API : null ===> Message : validateRequest() Invoked!
info: ===> TimeStamp : 2025-04-14 06:45:25===> API : null ===> Message : validRequest() :: Api validated Successfully
info: ===> TimeStamp : 2025-04-14 06:45:25===> API : /api/auth/logout ===> Message : logoutUser() :: Request Object :: [object Object]
info: ===> TimeStamp : 2025-04-14 06:45:25===> API : /api/auth/logout ===> Message : logoutUserDB() Invoked !
info: ===> TimeStamp : 2025-04-14 06:45:25===> API : /api/auth/logout ===> Message : logoutUser() invoked!!
info: ===> TimeStamp : 2025-04-14 06:45:25===> API : /api/auth/logout ===> Message : logoutUserResponse() invoked!
info: ===> TimeStamp : 2025-04-14 06:45:25===> API : /api/auth/logout ===> Message : logoutUserResponse() completed
info: ===> TimeStamp : 2025-04-14 06:45:38===> API : null ===> Message : validateRequest() invoked
info: ===> TimeStamp : 2025-04-14 06:45:38===> API : null ===> Message : fetchDBSettings()
info: ===> TimeStamp : 2025-04-14 06:45:38===> API : null ===> Message : validateRequest() Invoked!
info: ===> TimeStamp : 2025-04-14 06:45:38===> API : null ===> Message : validRequest() :: Api validated Successfully
info: ===> TimeStamp : 2025-04-14 06:45:38===> API : /api/auth/validateuser ===> Message : validateUser() invoked!!
info: ===> TimeStamp : 2025-04-14 06:45:38===> API : /api/auth/validateuser ===> Message : validateUser() :: Request Object :: [object Object]
info: ===> TimeStamp : 2025-04-14 06:45:38===> API : /api/auth/validateuser ===> Message : validateUserDB() Invoked !
info: ===> TimeStamp : 2025-04-14 06:45:38===> API : /api/auth/validateuser ===> Message : validateUserResponse() invoked!
info: ===> TimeStamp : 2025-04-14 06:45:38===> API : /api/auth/validateuser ===> Message : validateUserResponse() completed
info: ===> TimeStamp : 2025-04-14 06:45:38===> API : null ===> Message : validateRequest() invoked
info: ===> TimeStamp : 2025-04-14 06:45:38===> API : null ===> Message : fetchDBSettings()
info: ===> TimeStamp : 2025-04-14 06:45:38===> API : null ===> Message : validateRequest() Invoked!
info: ===> TimeStamp : 2025-04-14 06:45:38===> API : null ===> Message : validRequest() :: Api validated Successfully
info: ===> TimeStamp : 2025-04-14 06:45:38===> API : /api/auth/checkIP ===> Message : checkIP() invoked!!
info: ===> TimeStamp : 2025-04-14 06:45:38===> API : /api/auth/checkIP ===> Message : IPs match: 103.255.182.117
info: ===> TimeStamp : 2025-04-14 06:45:38===> API : /api/auth/checkIP ===> Message : checkIPResponse() invoked!
info: ===> TimeStamp : 2025-04-14 06:45:38===> API : /api/auth/checkIP ===> Message : checkIPResponse() completed
info: ===> TimeStamp : 2025-04-14 06:45:38===> API : null ===> Message : validateRequest() invoked
info: ===> TimeStamp : 2025-04-14 06:45:38===> API : null ===> Message : fetchDBSettings()
info: ===> TimeStamp : 2025-04-14 06:45:38===> API : null ===> Message : validateRequest() Invoked!
info: ===> TimeStamp : 2025-04-14 06:45:38===> API : null ===> Message : validRequest() :: Api validated Successfully
info: ===> TimeStamp : 2025-04-14 06:45:38===> API : /api/auth/login ===> Message : loginUser() invoked!!
info: ===> TimeStamp : 2025-04-14 06:45:38===> API : /api/auth/login ===> Message : loginUser() :: Request Object :: [object Object]
info: ===> TimeStamp : 2025-04-14 06:45:38===> API : /api/auth/login ===> Message : loginUserDB() Invoked !
info: ===> TimeStamp : 2025-04-14 06:45:39===> API : /api/auth/login ===> Message : loginUserResponse() invoked!
info: ===> TimeStamp : 2025-04-14 06:45:39===> API : /api/auth/login ===> Message : loginUserResponse() completed
info: ===> TimeStamp : 2025-04-14 06:47:55===> API : null ===> Message : validateRequest() invoked
info: ===> TimeStamp : 2025-04-14 06:47:55===> API : null ===> Message : fetchDBSettings()
info: ===> TimeStamp : 2025-04-14 06:47:55===> API : null ===> Message : validateRequest() Invoked!
info: ===> TimeStamp : 2025-04-14 06:47:55===> API : null ===> Message : validRequest() :: Api validated Successfully
info: ===> TimeStamp : 2025-04-14 06:47:55===> API : /api/auth/validateuser ===> Message : validateUser() invoked!!
info: ===> TimeStamp : 2025-04-14 06:47:55===> API : /api/auth/validateuser ===> Message : validateUser() :: Request Object :: [object Object]
info: ===> TimeStamp : 2025-04-14 06:47:55===> API : /api/auth/validateuser ===> Message : validateUserDB() Invoked !
info: ===> TimeStamp : 2025-04-14 06:47:55===> API : /api/auth/validateuser ===> Message : validateUserResponse() invoked!
info: ===> TimeStamp : 2025-04-14 06:47:55===> API : /api/auth/validateuser ===> Message : validateUserResponse() completed
info: ===> TimeStamp : 2025-04-14 06:47:55===> API : null ===> Message : validateRequest() invoked
info: ===> TimeStamp : 2025-04-14 06:47:55===> API : null ===> Message : fetchDBSettings()
info: ===> TimeStamp : 2025-04-14 06:47:55===> API : null ===> Message : validateRequest() Invoked!
info: ===> TimeStamp : 2025-04-14 06:47:55===> API : null ===> Message : validRequest() :: Api validated Successfully
info: ===> TimeStamp : 2025-04-14 06:47:55===> API : /api/auth/checkIP ===> Message : checkIP() invoked!!
info: ===> TimeStamp : 2025-04-14 06:47:55===> API : /api/auth/checkIP ===> Message : IPs match: 103.255.182.117
info: ===> TimeStamp : 2025-04-14 06:47:55===> API : /api/auth/checkIP ===> Message : checkIPResponse() invoked!
info: ===> TimeStamp : 2025-04-14 06:47:55===> API : /api/auth/checkIP ===> Message : checkIPResponse() completed
info: ===> TimeStamp : 2025-04-14 06:47:55===> API : null ===> Message : validateRequest() invoked
info: ===> TimeStamp : 2025-04-14 06:47:55===> API : null ===> Message : fetchDBSettings()
info: ===> TimeStamp : 2025-04-14 06:47:55===> API : null ===> Message : validateRequest() Invoked!
info: ===> TimeStamp : 2025-04-14 06:47:55===> API : null ===> Message : validRequest() :: Api validated Successfully
info: ===> TimeStamp : 2025-04-14 06:47:55===> API : /api/auth/login ===> Message : loginUser() invoked!!
info: ===> TimeStamp : 2025-04-14 06:47:55===> API : /api/auth/login ===> Message : loginUser() :: Request Object :: [object Object]
info: ===> TimeStamp : 2025-04-14 06:47:55===> API : /api/auth/login ===> Message : loginUserDB() Invoked !
info: ===> TimeStamp : 2025-04-14 06:47:55===> API : /api/auth/login ===> Message : loginUserResponse() invoked!
info: ===> TimeStamp : 2025-04-14 06:47:55===> API : /api/auth/login ===> Message : loginUserResponse() completed
info: ===> TimeStamp : 2025-04-14 07:01:02===> API : null ===> Message : validateRequest() invoked
info: ===> TimeStamp : 2025-04-14 07:01:02===> API : null ===> Message : fetchDBSettings()
info: ===> TimeStamp : 2025-04-14 07:01:02===> API : null ===> Message : validateRequest() Invoked!
info: ===> TimeStamp : 2025-04-14 07:01:02===> API : null ===> Message : validRequest() :: Api validated Successfully
info: ===> TimeStamp : 2025-04-14 07:01:02===> API : /api/auth/validateuser ===> Message : validateUser() invoked!!
info: ===> TimeStamp : 2025-04-14 07:01:02===> API : /api/auth/validateuser ===> Message : validateUser() :: Request Object :: [object Object]
info: ===> TimeStamp : 2025-04-14 07:01:02===> API : /api/auth/validateuser ===> Message : validateUserDB() Invoked !
info: ===> TimeStamp : 2025-04-14 07:01:02===> API : /api/auth/validateuser ===> Message : validateUserResponse() invoked!
info: ===> TimeStamp : 2025-04-14 07:01:02===> API : /api/auth/validateuser ===> Message : validateUserResponse() completed
info: ===> TimeStamp : 2025-04-14 07:01:02===> API : null ===> Message : validateRequest() invoked
info: ===> TimeStamp : 2025-04-14 07:01:02===> API : null ===> Message : fetchDBSettings()
info: ===> TimeStamp : 2025-04-14 07:01:02===> API : null ===> Message : validateRequest() Invoked!
info: ===> TimeStamp : 2025-04-14 07:01:02===> API : /api/auth/checkIP ===> Message : checkIP() invoked!!
info: ===> TimeStamp : 2025-04-14 07:01:02===> API : null ===> Message : validRequest() :: Api validated Successfully
info: ===> TimeStamp : 2025-04-14 07:01:02===> API : /api/auth/checkIP ===> Message : checkIPResponse() invoked!
info: ===> TimeStamp : 2025-04-14 07:01:02===> API : /api/auth/checkIP ===> Message : IPs match: 103.255.182.117
info: ===> TimeStamp : 2025-04-14 07:01:02===> API : /api/auth/checkIP ===> Message : checkIPResponse() completed
info: ===> TimeStamp : 2025-04-14 07:01:02===> API : null ===> Message : validateRequest() invoked
info: ===> TimeStamp : 2025-04-14 07:01:02===> API : null ===> Message : fetchDBSettings()
info: ===> TimeStamp : 2025-04-14 07:01:02===> API : null ===> Message : validateRequest() Invoked!
info: ===> TimeStamp : 2025-04-14 07:01:02===> API : null ===> Message : validRequest() :: Api validated Successfully
info: ===> TimeStamp : 2025-04-14 07:01:02===> API : /api/auth/login ===> Message : loginUser() invoked!!
info: ===> TimeStamp : 2025-04-14 07:01:02===> API : /api/auth/login ===> Message : loginUser() :: Request Object :: [object Object]
info: ===> TimeStamp : 2025-04-14 07:01:02===> API : /api/auth/login ===> Message : loginUserDB() Invoked !
info: ===> TimeStamp : 2025-04-14 07:01:02===> API : /api/auth/login ===> Message : loginUserResponse() invoked!
info: ===> TimeStamp : 2025-04-14 07:01:02===> API : /api/auth/login ===> Message : loginUserResponse() completed
info: ===> TimeStamp : 2025-04-14 08:07:57===> API : null ===> Message : fetchDBSettings()
info: ===> TimeStamp : 2025-04-14 08:07:57===> API : null ===> Message : validateRequest() invoked
info: ===> TimeStamp : 2025-04-14 08:07:57===> API : null ===> Message : validateRequest() Invoked!
info: ===> TimeStamp : 2025-04-14 08:07:57===> API : null ===> Message : validRequest() :: Api validated Successfully
info: ===> TimeStamp : 2025-04-14 08:07:57===> API : /api/auth/validateuser ===> Message : validateUser() invoked!!
info: ===> TimeStamp : 2025-04-14 08:07:57===> API : /api/auth/validateuser ===> Message : validateUser() :: Request Object :: [object Object]
info: ===> TimeStamp : 2025-04-14 08:07:57===> API : /api/auth/validateuser ===> Message : validateUserDB() Invoked !
info: ===> TimeStamp : 2025-04-14 08:07:57===> API : /api/auth/validateuser ===> Message : validateUserResponse() invoked!
info: ===> TimeStamp : 2025-04-14 08:07:57===> API : /api/auth/validateuser ===> Message : validateUserResponse() completed
info: ===> TimeStamp : 2025-04-14 08:07:57===> API : null ===> Message : validateRequest() invoked
info: ===> TimeStamp : 2025-04-14 08:07:57===> API : null ===> Message : fetchDBSettings()
info: ===> TimeStamp : 2025-04-14 08:07:57===> API : null ===> Message : validateRequest() Invoked!
info: ===> TimeStamp : 2025-04-14 08:07:57===> API : null ===> Message : validRequest() :: Api validated Successfully
info: ===> TimeStamp : 2025-04-14 08:07:57===> API : /api/auth/login ===> Message : loginUser() invoked!!
info: ===> TimeStamp : 2025-04-14 08:07:57===> API : /api/auth/login ===> Message : loginUser() :: Request Object :: [object Object]
info: ===> TimeStamp : 2025-04-14 08:07:57===> API : /api/auth/login ===> Message : loginUserDB() Invoked !
info: ===> TimeStamp : 2025-04-14 08:07:57===> API : /api/auth/login ===> Message : loginUserResponse() invoked!
info: ===> TimeStamp : 2025-04-14 08:07:57===> API : /api/auth/login ===> Message : loginUserResponse() completed
info: ===> TimeStamp : 2025-04-14 09:12:26===> API : null ===> Message : validateRequest() invoked
info: ===> TimeStamp : 2025-04-14 09:12:26===> API : null ===> Message : fetchDBSettings()
info: ===> TimeStamp : 2025-04-14 09:12:26===> API : null ===> Message : validateRequest() Invoked!
info: ===> TimeStamp : 2025-04-14 09:12:26===> API : null ===> Message : validRequest() :: Api validated Successfully
info: ===> TimeStamp : 2025-04-14 09:12:26===> API : /api/auth/validateuser ===> Message : validateUser() invoked!!
info: ===> TimeStamp : 2025-04-14 09:12:26===> API : /api/auth/validateuser ===> Message : validateUser() :: Request Object :: [object Object]
info: ===> TimeStamp : 2025-04-14 09:12:26===> API : /api/auth/validateuser ===> Message : validateUserDB() Invoked !
info: ===> TimeStamp : 2025-04-14 09:12:26===> API : /api/auth/validateuser ===> Message : validateUserResponse() invoked!
info: ===> TimeStamp : 2025-04-14 09:12:26===> API : /api/auth/validateuser ===> Message : validateUserResponse() completed
info: ===> TimeStamp : 2025-04-14 09:12:26===> API : null ===> Message : validateRequest() invoked
info: ===> TimeStamp : 2025-04-14 09:12:26===> API : null ===> Message : fetchDBSettings()
info: ===> TimeStamp : 2025-04-14 09:12:26===> API : null ===> Message : validateRequest() Invoked!
info: ===> TimeStamp : 2025-04-14 09:12:26===> API : null ===> Message : validRequest() :: Api validated Successfully
info: ===> TimeStamp : 2025-04-14 09:12:26===> API : /api/auth/checkIP ===> Message : checkIP() invoked!!
info: ===> TimeStamp : 2025-04-14 09:12:26===> API : /api/auth/checkIP ===> Message : IPs match: 103.255.182.117
info: ===> TimeStamp : 2025-04-14 09:12:26===> API : /api/auth/checkIP ===> Message : checkIPResponse() invoked!
info: ===> TimeStamp : 2025-04-14 09:12:26===> API : /api/auth/checkIP ===> Message : checkIPResponse() completed
info: ===> TimeStamp : 2025-04-14 09:12:26===> API : null ===> Message : validateRequest() invoked
info: ===> TimeStamp : 2025-04-14 09:12:26===> API : null ===> Message : fetchDBSettings()
info: ===> TimeStamp : 2025-04-14 09:12:26===> API : null ===> Message : validateRequest() Invoked!
info: ===> TimeStamp : 2025-04-14 09:12:26===> API : null ===> Message : validRequest() :: Api validated Successfully
info: ===> TimeStamp : 2025-04-14 09:12:26===> API : /api/auth/login ===> Message : loginUser() invoked!!
info: ===> TimeStamp : 2025-04-14 09:12:26===> API : /api/auth/login ===> Message : loginUser() :: Request Object :: [object Object]
info: ===> TimeStamp : 2025-04-14 09:12:26===> API : /api/auth/login ===> Message : loginUserDB() Invoked !
info: ===> TimeStamp : 2025-04-14 09:12:26===> API : /api/auth/login ===> Message : loginUserResponse() invoked!
info: ===> TimeStamp : 2025-04-14 09:12:26===> API : /api/auth/login ===> Message : loginUserResponse() completed
info: ===> TimeStamp : 2025-04-14 10:16:40===> API : null ===> Message : validateRequest() invoked
info: ===> TimeStamp : 2025-04-14 10:16:40===> API : null ===> Message : fetchDBSettings()
info: ===> TimeStamp : 2025-04-14 10:16:40===> API : null ===> Message : validateRequest() Invoked!
info: ===> TimeStamp : 2025-04-14 10:16:40===> API : null ===> Message : validRequest() :: Api validated Successfully
info: ===> TimeStamp : 2025-04-14 10:16:40===> API : /api/auth/validateuser ===> Message : validateUser() :: Request Object :: [object Object]
info: ===> TimeStamp : 2025-04-14 10:16:40===> API : /api/auth/validateuser ===> Message : validateUser() invoked!!
info: ===> TimeStamp : 2025-04-14 10:16:40===> API : /api/auth/validateuser ===> Message : validateUserDB() Invoked !
info: ===> TimeStamp : 2025-04-14 10:16:40===> API : /api/auth/validateuser ===> Message : validateUserResponse() invoked!
info: ===> TimeStamp : 2025-04-14 10:16:40===> API : /api/auth/validateuser ===> Message : validateUserResponse() completed
info: ===> TimeStamp : 2025-04-14 10:16:40===> API : null ===> Message : validateRequest() invoked
info: ===> TimeStamp : 2025-04-14 10:16:40===> API : null ===> Message : fetchDBSettings()
info: ===> TimeStamp : 2025-04-14 10:16:40===> API : null ===> Message : validateRequest() Invoked!
info: ===> TimeStamp : 2025-04-14 10:16:40===> API : null ===> Message : validRequest() :: Api validated Successfully
info: ===> TimeStamp : 2025-04-14 10:16:40===> API : /api/auth/login ===> Message : loginUser() invoked!!
info: ===> TimeStamp : 2025-04-14 10:16:40===> API : /api/auth/login ===> Message : loginUser() :: Request Object :: [object Object]
info: ===> TimeStamp : 2025-04-14 10:16:40===> API : /api/auth/login ===> Message : loginUserDB() Invoked !
info: ===> TimeStamp : 2025-04-14 10:16:40===> API : /api/auth/login ===> Message : loginUserResponse() invoked!
info: ===> TimeStamp : 2025-04-14 10:16:40===> API : /api/auth/login ===> Message : loginUserResponse() completed
info: ===> TimeStamp : 2025-04-14 11:17:41===> API : null ===> Message : validateRequest() invoked
info: ===> TimeStamp : 2025-04-14 11:17:41===> API : null ===> Message : validateRequest() Error:: Invalid Request :: 
      {"apiUri":"/"}
info: ===> TimeStamp : 2025-04-14 11:17:47===> API : null ===> Message : validateRequest() invoked
info: ===> TimeStamp : 2025-04-14 11:17:47===> API : null ===> Message : validateRequest() Error:: Invalid Request :: 
      {"apiUri":"/favicon.ico"}
info: ===> TimeStamp : 2025-04-14 11:17:48===> API : null ===> Message : validateRequest() invoked
info: ===> TimeStamp : 2025-04-14 11:17:48===> API : null ===> Message : validateRequest() Error:: Invalid Request :: 
      {"apiUri":"/ads.txt"}
info: ===> TimeStamp : 2025-04-14 11:58:12===> API : null ===> Message : validateRequest() invoked
info: ===> TimeStamp : 2025-04-14 11:58:12===> API : null ===> Message : fetchDBSettings()
info: ===> TimeStamp : 2025-04-14 11:58:12===> API : null ===> Message : validateRequest() Invoked!
info: ===> TimeStamp : 2025-04-14 11:58:12===> API : null ===> Message : validRequest() :: Api validated Successfully
info: ===> TimeStamp : 2025-04-14 11:58:12===> API : /api/auth/validateuser ===> Message : validateUser() invoked!!
info: ===> TimeStamp : 2025-04-14 11:58:12===> API : /api/auth/validateuser ===> Message : validateUser() :: Request Object :: [object Object]
info: ===> TimeStamp : 2025-04-14 11:58:12===> API : /api/auth/validateuser ===> Message : validateUserDB() Invoked !
info: ===> TimeStamp : 2025-04-14 11:58:12===> API : /api/auth/validateuser ===> Message : validateUserResponse() invoked!
info: ===> TimeStamp : 2025-04-14 11:58:12===> API : /api/auth/validateuser ===> Message : validateUserResponse() completed
info: ===> TimeStamp : 2025-04-14 11:58:12===> API : null ===> Message : validateRequest() invoked
info: ===> TimeStamp : 2025-04-14 11:58:12===> API : null ===> Message : fetchDBSettings()
info: ===> TimeStamp : 2025-04-14 11:58:13===> API : null ===> Message : validateRequest() Invoked!
info: ===> TimeStamp : 2025-04-14 11:58:13===> API : null ===> Message : validRequest() :: Api validated Successfully
info: ===> TimeStamp : 2025-04-14 11:58:13===> API : /api/auth/login ===> Message : loginUser() invoked!!
info: ===> TimeStamp : 2025-04-14 11:58:13===> API : /api/auth/login ===> Message : loginUser() :: Request Object :: [object Object]
info: ===> TimeStamp : 2025-04-14 11:58:13===> API : /api/auth/login ===> Message : loginUserDB() Invoked !
info: ===> TimeStamp : 2025-04-14 11:58:13===> API : /api/auth/login ===> Message : loginUserResponse() invoked!
info: ===> TimeStamp : 2025-04-14 11:58:13===> API : /api/auth/login ===> Message : loginUserResponse() completed
info: ===> TimeStamp : 2025-04-14 14:51:09===> API : null ===> Message : validateRequest() invoked
info: ===> TimeStamp : 2025-04-14 14:51:09===> API : null ===> Message : fetchDBSettings()
info: ===> TimeStamp : 2025-04-14 14:51:09===> API : null ===> Message : validateRequest() Invoked!
info: ===> TimeStamp : 2025-04-14 14:51:09===> API : null ===> Message : validRequest() :: Api validated Successfully
info: ===> TimeStamp : 2025-04-14 14:51:09===> API : /api/auth/logout ===> Message : logoutUser() invoked!!
info: ===> TimeStamp : 2025-04-14 14:51:09===> API : /api/auth/logout ===> Message : logoutUser() :: Request Object :: [object Object]
info: ===> TimeStamp : 2025-04-14 14:51:09===> API : /api/auth/logout ===> Message : logoutUserDB() Invoked !
info: ===> TimeStamp : 2025-04-14 14:51:09===> API : /api/auth/logout ===> Message : logoutUserResponse() invoked!
info: ===> TimeStamp : 2025-04-14 14:51:09===> API : /api/auth/logout ===> Message : logoutUserResponse() completed
info: ===> TimeStamp : 2025-04-14 14:55:06===> API : null ===> Message : validateRequest() invoked
info: ===> TimeStamp : 2025-04-14 14:55:06===> API : null ===> Message : fetchDBSettings()
info: ===> TimeStamp : 2025-04-14 14:55:06===> API : null ===> Message : validateRequest() Invoked!
info: ===> TimeStamp : 2025-04-14 14:55:06===> API : null ===> Message : validRequest() :: Api validated Successfully
info: ===> TimeStamp : 2025-04-14 14:55:06===> API : /api/auth/logout ===> Message : logoutUser() invoked!!
info: ===> TimeStamp : 2025-04-14 14:55:06===> API : /api/auth/logout ===> Message : logoutUser() :: Request Object :: [object Object]
info: ===> TimeStamp : 2025-04-14 14:55:06===> API : /api/auth/logout ===> Message : logoutUserDB() Invoked !
info: ===> TimeStamp : 2025-04-14 14:55:06===> API : /api/auth/logout ===> Message : logoutUserResponse() invoked!
info: ===> TimeStamp : 2025-04-14 14:55:06===> API : /api/auth/logout ===> Message : logoutUserResponse() completed
info: ===> TimeStamp : 2025-04-14 14:55:33===> API : null ===> Message : validateRequest() invoked
info: ===> TimeStamp : 2025-04-14 14:55:33===> API : null ===> Message : fetchDBSettings()
info: ===> TimeStamp : 2025-04-14 14:55:33===> API : null ===> Message : validateRequest() Invoked!
info: ===> TimeStamp : 2025-04-14 14:55:33===> API : null ===> Message : validRequest() :: Api validated Successfully
info: ===> TimeStamp : 2025-04-14 14:55:33===> API : /api/auth/validateuser ===> Message : validateUser() invoked!!
info: ===> TimeStamp : 2025-04-14 14:55:33===> API : /api/auth/validateuser ===> Message : validateUser() :: Request Object :: [object Object]
info: ===> TimeStamp : 2025-04-14 14:55:33===> API : /api/auth/validateuser ===> Message : validateUserDB() Invoked !
info: ===> TimeStamp : 2025-04-14 14:55:33===> API : /api/auth/validateuser ===> Message : validateUserResponse() invoked!
info: ===> TimeStamp : 2025-04-14 14:55:33===> API : /api/auth/validateuser ===> Message : validateUserResponse() completed
info: ===> TimeStamp : 2025-04-14 14:55:33===> API : null ===> Message : validateRequest() invoked
info: ===> TimeStamp : 2025-04-14 14:55:33===> API : null ===> Message : fetchDBSettings()
info: ===> TimeStamp : 2025-04-14 14:55:33===> API : null ===> Message : validateRequest() Invoked!
info: ===> TimeStamp : 2025-04-14 14:55:33===> API : null ===> Message : validRequest() :: Api validated Successfully
info: ===> TimeStamp : 2025-04-14 14:55:33===> API : /api/auth/checkIP ===> Message : checkIP() invoked!!
info: ===> TimeStamp : 2025-04-14 14:55:33===> API : /api/auth/checkIP ===> Message : IPs match: 103.255.182.117
info: ===> TimeStamp : 2025-04-14 14:55:33===> API : /api/auth/checkIP ===> Message : checkIPResponse() invoked!
info: ===> TimeStamp : 2025-04-14 14:55:33===> API : /api/auth/checkIP ===> Message : checkIPResponse() completed
info: ===> TimeStamp : 2025-04-14 14:55:33===> API : null ===> Message : validateRequest() invoked
info: ===> TimeStamp : 2025-04-14 14:55:33===> API : null ===> Message : fetchDBSettings()
info: ===> TimeStamp : 2025-04-14 14:55:33===> API : null ===> Message : validateRequest() Invoked!
info: ===> TimeStamp : 2025-04-14 14:55:33===> API : null ===> Message : validRequest() :: Api validated Successfully
info: ===> TimeStamp : 2025-04-14 14:55:33===> API : /api/auth/login ===> Message : loginUser() invoked!!
info: ===> TimeStamp : 2025-04-14 14:55:33===> API : /api/auth/login ===> Message : loginUser() :: Request Object :: [object Object]
info: ===> TimeStamp : 2025-04-14 14:55:33===> API : /api/auth/login ===> Message : loginUserDB() Invoked !
info: ===> TimeStamp : 2025-04-14 14:55:34===> API : /api/auth/login ===> Message : loginUserResponse() invoked!
info: ===> TimeStamp : 2025-04-14 14:55:34===> API : /api/auth/login ===> Message : loginUserResponse() completed
info: ===> TimeStamp : 2025-04-14 14:58:49===> API : null ===> Message : validateRequest() invoked
info: ===> TimeStamp : 2025-04-14 14:58:49===> API : null ===> Message : fetchDBSettings()
info: ===> TimeStamp : 2025-04-14 14:58:50===> API : null ===> Message : validateRequest() Invoked!
info: ===> TimeStamp : 2025-04-14 14:58:50===> API : null ===> Message : validRequest() :: Api validated Successfully
info: ===> TimeStamp : 2025-04-14 14:58:50===> API : /api/auth/validateuser ===> Message : validateUser() invoked!!
info: ===> TimeStamp : 2025-04-14 14:58:50===> API : /api/auth/validateuser ===> Message : validateUser() :: Request Object :: [object Object]
info: ===> TimeStamp : 2025-04-14 14:58:50===> API : /api/auth/validateuser ===> Message : validateUserDB() Invoked !
info: ===> TimeStamp : 2025-04-14 14:58:50===> API : /api/auth/validateuser ===> Message : validateUserResponse() invoked!
info: ===> TimeStamp : 2025-04-14 14:58:50===> API : /api/auth/validateuser ===> Message : validateUserResponse() completed
info: ===> TimeStamp : 2025-04-14 14:58:50===> API : null ===> Message : validateRequest() invoked
info: ===> TimeStamp : 2025-04-14 14:58:50===> API : null ===> Message : fetchDBSettings()
info: ===> TimeStamp : 2025-04-14 14:58:50===> API : null ===> Message : validateRequest() Invoked!
info: ===> TimeStamp : 2025-04-14 14:58:50===> API : null ===> Message : validRequest() :: Api validated Successfully
info: ===> TimeStamp : 2025-04-14 14:58:50===> API : /api/auth/checkIP ===> Message : checkIP() invoked!!
info: ===> TimeStamp : 2025-04-14 14:58:50===> API : /api/auth/checkIP ===> Message : IPs match: 103.255.182.117
info: ===> TimeStamp : 2025-04-14 14:58:50===> API : /api/auth/checkIP ===> Message : checkIPResponse() invoked!
info: ===> TimeStamp : 2025-04-14 14:58:50===> API : /api/auth/checkIP ===> Message : checkIPResponse() completed
info: ===> TimeStamp : 2025-04-14 14:58:50===> API : null ===> Message : validateRequest() invoked
info: ===> TimeStamp : 2025-04-14 14:58:50===> API : null ===> Message : fetchDBSettings()
info: ===> TimeStamp : 2025-04-14 14:58:50===> API : null ===> Message : validateRequest() Invoked!
info: ===> TimeStamp : 2025-04-14 14:58:50===> API : null ===> Message : validRequest() :: Api validated Successfully
info: ===> TimeStamp : 2025-04-14 14:58:50===> API : /api/auth/login ===> Message : loginUser() invoked!!
info: ===> TimeStamp : 2025-04-14 14:58:50===> API : /api/auth/login ===> Message : loginUser() :: Request Object :: [object Object]
info: ===> TimeStamp : 2025-04-14 14:58:50===> API : /api/auth/login ===> Message : loginUserDB() Invoked !
info: ===> TimeStamp : 2025-04-14 14:58:50===> API : /api/auth/login ===> Message : loginUserResponse() invoked!
info: ===> TimeStamp : 2025-04-14 14:58:50===> API : /api/auth/login ===> Message : loginUserResponse() completed
info: ===> TimeStamp : 2025-04-14 17:06:47===> API : null ===> Message : validateRequest() invoked
info: ===> TimeStamp : 2025-04-14 17:06:47===> API : null ===> Message : fetchDBSettings()
info: ===> TimeStamp : 2025-04-14 17:06:47===> API : null ===> Message : validateRequest() Invoked!
info: ===> TimeStamp : 2025-04-14 17:06:47===> API : null ===> Message : validRequest() :: Api validated Successfully
info: ===> TimeStamp : 2025-04-14 17:06:47===> API : /api/auth/validateuser ===> Message : validateUser() invoked!!
info: ===> TimeStamp : 2025-04-14 17:06:47===> API : /api/auth/validateuser ===> Message : validateUser() :: Request Object :: [object Object]
info: ===> TimeStamp : 2025-04-14 17:06:47===> API : /api/auth/validateuser ===> Message : validateUserDB() Invoked !
info: ===> TimeStamp : 2025-04-14 17:06:47===> API : /api/auth/validateuser ===> Message : validateUserResponse() invoked!
info: ===> TimeStamp : 2025-04-14 17:06:47===> API : /api/auth/validateuser ===> Message : validateUserResponse() completed
info: ===> TimeStamp : 2025-04-14 17:06:47===> API : null ===> Message : validateRequest() invoked
info: ===> TimeStamp : 2025-04-14 17:06:47===> API : null ===> Message : fetchDBSettings()
info: ===> TimeStamp : 2025-04-14 17:06:47===> API : null ===> Message : validateRequest() Invoked!
info: ===> TimeStamp : 2025-04-14 17:06:48===> API : null ===> Message : validRequest() :: Api validated Successfully
info: ===> TimeStamp : 2025-04-14 17:06:48===> API : /api/auth/login ===> Message : loginUser() invoked!!
info: ===> TimeStamp : 2025-04-14 17:06:48===> API : /api/auth/login ===> Message : loginUser() :: Request Object :: [object Object]
info: ===> TimeStamp : 2025-04-14 17:06:48===> API : /api/auth/login ===> Message : loginUserDB() Invoked !
info: ===> TimeStamp : 2025-04-14 17:06:48===> API : /api/auth/login ===> Message : loginUserResponse() invoked!
info: ===> TimeStamp : 2025-04-14 17:06:48===> API : /api/auth/login ===> Message : loginUserResponse() completed
info: ===> TimeStamp : 2025-04-14 17:49:56===> API : null ===> Message : validateRequest() invoked
info: ===> TimeStamp : 2025-04-14 17:49:56===> API : null ===> Message : fetchDBSettings()
info: ===> TimeStamp : 2025-04-14 17:49:56===> API : null ===> Message : validateRequest() Invoked!
info: ===> TimeStamp : 2025-04-14 17:49:56===> API : null ===> Message : validRequest() :: Api validated Successfully
info: ===> TimeStamp : 2025-04-14 17:49:56===> API : /api/auth/validateuser ===> Message : validateUser() invoked!!
info: ===> TimeStamp : 2025-04-14 17:49:56===> API : /api/auth/validateuser ===> Message : validateUser() :: Request Object :: [object Object]
info: ===> TimeStamp : 2025-04-14 17:49:56===> API : /api/auth/validateuser ===> Message : validateUserDB() Invoked !
info: ===> TimeStamp : 2025-04-14 17:49:56===> API : /api/auth/validateuser ===> Message : validateUserResponse() invoked!
info: ===> TimeStamp : 2025-04-14 17:49:56===> API : /api/auth/validateuser ===> Message : validateUserResponse() completed
info: ===> TimeStamp : 2025-04-14 17:49:57===> API : null ===> Message : validateRequest() invoked
info: ===> TimeStamp : 2025-04-14 17:49:57===> API : null ===> Message : fetchDBSettings()
info: ===> TimeStamp : 2025-04-14 17:49:57===> API : null ===> Message : validateRequest() Invoked!
info: ===> TimeStamp : 2025-04-14 17:49:57===> API : null ===> Message : validRequest() :: Api validated Successfully
info: ===> TimeStamp : 2025-04-14 17:49:57===> API : /api/auth/login ===> Message : loginUser() invoked!!
info: ===> TimeStamp : 2025-04-14 17:49:57===> API : /api/auth/login ===> Message : loginUser() :: Request Object :: [object Object]
info: ===> TimeStamp : 2025-04-14 17:49:57===> API : /api/auth/login ===> Message : loginUserDB() Invoked !
info: ===> TimeStamp : 2025-04-14 17:49:57===> API : /api/auth/login ===> Message : loginUserResponse() invoked!
info: ===> TimeStamp : 2025-04-14 17:49:57===> API : /api/auth/login ===> Message : loginUserResponse() completed
info: ===> TimeStamp : 2025-04-14 17:50:38===> API : null ===> Message : validateRequest() invoked
info: ===> TimeStamp : 2025-04-14 17:50:38===> API : null ===> Message : validateRequest() Error:: Invalid Request :: 
      {"apiUri":"/"}
info: ===> TimeStamp : 2025-04-14 17:50:45===> API : null ===> Message : validateRequest() invoked
info: ===> TimeStamp : 2025-04-14 17:50:45===> API : null ===> Message : validateRequest() Error:: Invalid Request :: 
      {"apiUri":"/favicon.ico"}
info: ===> TimeStamp : 2025-04-14 17:51:30===> API : null ===> Message : validateRequest() invoked
info: ===> TimeStamp : 2025-04-14 17:51:30===> API : null ===> Message : validateRequest() Error:: Invalid Request :: 
      {"apiUri":"/favicon.ico"}
info: ===> TimeStamp : 2025-04-14 18:40:11===> API : null ===> Message : validateRequest() invoked
info: ===> TimeStamp : 2025-04-14 18:40:11===> API : null ===> Message : fetchDBSettings()
info: ===> TimeStamp : 2025-04-14 18:40:11===> API : null ===> Message : validateRequest() Invoked!
info: ===> TimeStamp : 2025-04-14 18:40:11===> API : null ===> Message : validRequest() :: Api validated Successfully
info: ===> TimeStamp : 2025-04-14 18:40:11===> API : /api/auth/validateuser ===> Message : validateUser() invoked!!
info: ===> TimeStamp : 2025-04-14 18:40:11===> API : /api/auth/validateuser ===> Message : validateUser() :: Request Object :: [object Object]
info: ===> TimeStamp : 2025-04-14 18:40:11===> API : /api/auth/validateuser ===> Message : validateUserDB() Invoked !
info: ===> TimeStamp : 2025-04-14 18:40:11===> API : /api/auth/validateuser ===> Message : validateUserResponse() invoked!
info: ===> TimeStamp : 2025-04-14 18:40:11===> API : /api/auth/validateuser ===> Message : validateUserResponse() completed
info: ===> TimeStamp : 2025-04-14 18:40:11===> API : null ===> Message : validateRequest() invoked
info: ===> TimeStamp : 2025-04-14 18:40:11===> API : null ===> Message : fetchDBSettings()
info: ===> TimeStamp : 2025-04-14 18:40:11===> API : null ===> Message : validateRequest() Invoked!
info: ===> TimeStamp : 2025-04-14 18:40:11===> API : null ===> Message : validRequest() :: Api validated Successfully
info: ===> TimeStamp : 2025-04-14 18:40:11===> API : /api/auth/login ===> Message : loginUser() invoked!!
info: ===> TimeStamp : 2025-04-14 18:40:11===> API : /api/auth/login ===> Message : loginUser() :: Request Object :: [object Object]
info: ===> TimeStamp : 2025-04-14 18:40:11===> API : /api/auth/login ===> Message : loginUserDB() Invoked !
info: ===> TimeStamp : 2025-04-14 18:40:11===> API : /api/auth/login ===> Message : loginUserResponse() invoked!
info: ===> TimeStamp : 2025-04-14 18:40:11===> API : /api/auth/login ===> Message : loginUserResponse() completed
info: ===> TimeStamp : 2025-04-14 19:13:25===> API : null ===> Message : validateRequest() invoked
info: ===> TimeStamp : 2025-04-14 19:13:25===> API : null ===> Message : fetchDBSettings()
info: ===> TimeStamp : 2025-04-14 19:13:25===> API : null ===> Message : validateRequest() Invoked!
info: ===> TimeStamp : 2025-04-14 19:13:25===> API : null ===> Message : validRequest() :: Api validated Successfully
info: ===> TimeStamp : 2025-04-14 19:13:25===> API : /api/auth/validateuser ===> Message : validateUser() invoked!!
info: ===> TimeStamp : 2025-04-14 19:13:25===> API : /api/auth/validateuser ===> Message : validateUser() :: Request Object :: [object Object]
info: ===> TimeStamp : 2025-04-14 19:13:25===> API : /api/auth/validateuser ===> Message : validateUserDB() Invoked !
info: ===> TimeStamp : 2025-04-14 19:13:25===> API : /api/auth/validateuser ===> Message : validateUserResponse() invoked!
info: ===> TimeStamp : 2025-04-14 19:13:25===> API : /api/auth/validateuser ===> Message : validateUserResponse() completed
info: ===> TimeStamp : 2025-04-14 19:13:25===> API : null ===> Message : validateRequest() invoked
info: ===> TimeStamp : 2025-04-14 19:13:25===> API : null ===> Message : fetchDBSettings()
info: ===> TimeStamp : 2025-04-14 19:13:25===> API : null ===> Message : validateRequest() Invoked!
info: ===> TimeStamp : 2025-04-14 19:13:25===> API : null ===> Message : validRequest() :: Api validated Successfully
info: ===> TimeStamp : 2025-04-14 19:13:25===> API : /api/auth/login ===> Message : loginUser() invoked!!
info: ===> TimeStamp : 2025-04-14 19:13:25===> API : /api/auth/login ===> Message : loginUser() :: Request Object :: [object Object]
info: ===> TimeStamp : 2025-04-14 19:13:25===> API : /api/auth/login ===> Message : loginUserDB() Invoked !
info: ===> TimeStamp : 2025-04-14 19:13:25===> API : /api/auth/login ===> Message : loginUserResponse() invoked!
info: ===> TimeStamp : 2025-04-14 19:13:25===> API : /api/auth/login ===> Message : loginUserResponse() completed
info: ===> TimeStamp : 2025-04-14 19:33:19===> API : null ===> Message : validateRequest() invoked
info: ===> TimeStamp : 2025-04-14 19:33:19===> API : null ===> Message : fetchDBSettings()
info: ===> TimeStamp : 2025-04-14 19:33:19===> API : null ===> Message : validateRequest() Invoked!
info: ===> TimeStamp : 2025-04-14 19:33:20===> API : null ===> Message : validRequest() :: Api validated Successfully
info: ===> TimeStamp : 2025-04-14 19:33:20===> API : /api/auth/validateuser ===> Message : validateUser() invoked!!
info: ===> TimeStamp : 2025-04-14 19:33:20===> API : /api/auth/validateuser ===> Message : validateUser() :: Request Object :: [object Object]
info: ===> TimeStamp : 2025-04-14 19:33:20===> API : /api/auth/validateuser ===> Message : validateUserDB() Invoked !
info: ===> TimeStamp : 2025-04-14 19:33:20===> API : /api/auth/validateuser ===> Message : validateUserDB() :: Error :: {"code":"ER_SIGNAL_EXCEPTION","errno":1644,"sqlState":"10005","sqlMessage":"User Does Not Exist","sql":"CALL usp_validate_user('Ramkrishna', 'Parselar@2025')"}
info: ===> TimeStamp : 2025-04-14 19:33:20===> API : /api/auth/validateuser ===> Message : validateUserDBResult :: Error :: {"ErrorCode":10005,"ErrorMessage":"User Does Not Exist"}
info: ===> TimeStamp : 2025-04-14 19:33:20===> API : /api/auth/validateuser ===> Message : validateUserResponse() invoked!
info: ===> TimeStamp : 2025-04-14 19:33:20===> API : /api/auth/validateuser ===> Message : validateUserResponse() completed
info: ===> TimeStamp : 2025-04-14 19:35:26===> API : null ===> Message : validateRequest() invoked
info: ===> TimeStamp : 2025-04-14 19:35:26===> API : null ===> Message : fetchDBSettings()
info: ===> TimeStamp : 2025-04-14 19:35:26===> API : null ===> Message : validateRequest() Invoked!
info: ===> TimeStamp : 2025-04-14 19:35:26===> API : null ===> Message : validRequest() :: Api validated Successfully
info: ===> TimeStamp : 2025-04-14 19:35:26===> API : /api/auth/validateuser ===> Message : validateUser() :: Request Object :: [object Object]
info: ===> TimeStamp : 2025-04-14 19:35:26===> API : /api/auth/validateuser ===> Message : validateUser() invoked!!
info: ===> TimeStamp : 2025-04-14 19:35:26===> API : /api/auth/validateuser ===> Message : validateUserDB() Invoked !
info: ===> TimeStamp : 2025-04-14 19:35:26===> API : /api/auth/validateuser ===> Message : validateUserResponse() invoked!
info: ===> TimeStamp : 2025-04-14 19:35:26===> API : /api/auth/validateuser ===> Message : validateUserResponse() completed
info: ===> TimeStamp : 2025-04-14 19:35:27===> API : null ===> Message : validateRequest() invoked
info: ===> TimeStamp : 2025-04-14 19:35:27===> API : null ===> Message : fetchDBSettings()
info: ===> TimeStamp : 2025-04-14 19:35:27===> API : null ===> Message : validateRequest() Invoked!
info: ===> TimeStamp : 2025-04-14 19:35:27===> API : null ===> Message : validRequest() :: Api validated Successfully
info: ===> TimeStamp : 2025-04-14 19:35:27===> API : /api/auth/login ===> Message : loginUser() invoked!!
info: ===> TimeStamp : 2025-04-14 19:35:27===> API : /api/auth/login ===> Message : loginUser() :: Request Object :: [object Object]
info: ===> TimeStamp : 2025-04-14 19:35:27===> API : /api/auth/login ===> Message : loginUserDB() Invoked !
info: ===> TimeStamp : 2025-04-14 19:35:27===> API : /api/auth/login ===> Message : loginUserResponse() invoked!
info: ===> TimeStamp : 2025-04-14 19:35:27===> API : /api/auth/login ===> Message : loginUserResponse() completed
info: ===> TimeStamp : 2025-04-14 20:08:31===> API : null ===> Message : validateRequest() invoked
info: ===> TimeStamp : 2025-04-14 20:08:31===> API : null ===> Message : fetchDBSettings()
info: ===> TimeStamp : 2025-04-14 20:08:31===> API : null ===> Message : validateRequest() Invoked!
info: ===> TimeStamp : 2025-04-14 20:08:31===> API : null ===> Message : validRequest() :: Api validated Successfully
info: ===> TimeStamp : 2025-04-14 20:08:31===> API : /api/auth/validateuser ===> Message : validateUser() invoked!!
info: ===> TimeStamp : 2025-04-14 20:08:31===> API : /api/auth/validateuser ===> Message : validateUser() :: Request Object :: [object Object]
info: ===> TimeStamp : 2025-04-14 20:08:31===> API : /api/auth/validateuser ===> Message : validateUserDB() Invoked !
info: ===> TimeStamp : 2025-04-14 20:08:31===> API : /api/auth/validateuser ===> Message : validateUserResponse() invoked!
info: ===> TimeStamp : 2025-04-14 20:08:31===> API : /api/auth/validateuser ===> Message : validateUserResponse() completed
info: ===> TimeStamp : 2025-04-14 20:08:31===> API : null ===> Message : validateRequest() invoked
info: ===> TimeStamp : 2025-04-14 20:08:31===> API : null ===> Message : fetchDBSettings()
info: ===> TimeStamp : 2025-04-14 20:08:31===> API : null ===> Message : validateRequest() Invoked!
info: ===> TimeStamp : 2025-04-14 20:08:31===> API : null ===> Message : validRequest() :: Api validated Successfully
info: ===> TimeStamp : 2025-04-14 20:08:31===> API : /api/auth/login ===> Message : loginUser() invoked!!
info: ===> TimeStamp : 2025-04-14 20:08:31===> API : /api/auth/login ===> Message : loginUser() :: Request Object :: [object Object]
info: ===> TimeStamp : 2025-04-14 20:08:31===> API : /api/auth/login ===> Message : loginUserDB() Invoked !
info: ===> TimeStamp : 2025-04-14 20:08:31===> API : /api/auth/login ===> Message : loginUserResponse() invoked!
info: ===> TimeStamp : 2025-04-14 20:08:31===> API : /api/auth/login ===> Message : loginUserResponse() completed
info: ===> TimeStamp : 2025-04-14 20:10:36===> API : null ===> Message : validateRequest() invoked
info: ===> TimeStamp : 2025-04-14 20:10:36===> API : null ===> Message : fetchDBSettings()
info: ===> TimeStamp : 2025-04-14 20:10:36===> API : null ===> Message : validateRequest() Invoked!
info: ===> TimeStamp : 2025-04-14 20:10:36===> API : null ===> Message : validRequest() :: Api validated Successfully
info: ===> TimeStamp : 2025-04-14 20:10:36===> API : /api/auth/validateuser ===> Message : validateUser() invoked!!
info: ===> TimeStamp : 2025-04-14 20:10:36===> API : /api/auth/validateuser ===> Message : validateUser() :: Request Object :: [object Object]
info: ===> TimeStamp : 2025-04-14 20:10:36===> API : /api/auth/validateuser ===> Message : validateUserDB() Invoked !
info: ===> TimeStamp : 2025-04-14 20:10:36===> API : /api/auth/validateuser ===> Message : validateUserResponse() invoked!
info: ===> TimeStamp : 2025-04-14 20:10:36===> API : /api/auth/validateuser ===> Message : validateUserResponse() completed
info: ===> TimeStamp : 2025-04-14 20:10:36===> API : null ===> Message : validateRequest() invoked
info: ===> TimeStamp : 2025-04-14 20:10:36===> API : null ===> Message : fetchDBSettings()
info: ===> TimeStamp : 2025-04-14 20:10:36===> API : null ===> Message : validateRequest() Invoked!
info: ===> TimeStamp : 2025-04-14 20:10:37===> API : null ===> Message : validRequest() :: Api validated Successfully
info: ===> TimeStamp : 2025-04-14 20:10:37===> API : /api/auth/checkIP ===> Message : checkIP() invoked!!
info: ===> TimeStamp : 2025-04-14 20:10:37===> API : /api/auth/checkIP ===> Message : IPs match: 103.255.183.12
info: ===> TimeStamp : 2025-04-14 20:10:37===> API : /api/auth/checkIP ===> Message : checkIPResponse() invoked!
info: ===> TimeStamp : 2025-04-14 20:10:37===> API : /api/auth/checkIP ===> Message : checkIPResponse() completed
info: ===> TimeStamp : 2025-04-14 20:10:37===> API : null ===> Message : validateRequest() invoked
info: ===> TimeStamp : 2025-04-14 20:10:37===> API : null ===> Message : fetchDBSettings()
info: ===> TimeStamp : 2025-04-14 20:10:37===> API : null ===> Message : validateRequest() Invoked!
info: ===> TimeStamp : 2025-04-14 20:10:37===> API : null ===> Message : validRequest() :: Api validated Successfully
info: ===> TimeStamp : 2025-04-14 20:10:37===> API : /api/auth/login ===> Message : loginUser() :: Request Object :: [object Object]
info: ===> TimeStamp : 2025-04-14 20:10:37===> API : /api/auth/login ===> Message : loginUser() invoked!!
info: ===> TimeStamp : 2025-04-14 20:10:37===> API : /api/auth/login ===> Message : loginUserDB() Invoked !
info: ===> TimeStamp : 2025-04-14 20:10:37===> API : /api/auth/login ===> Message : loginUserResponse() invoked!
info: ===> TimeStamp : 2025-04-14 20:10:37===> API : /api/auth/login ===> Message : loginUserResponse() completed
info: ===> TimeStamp : 2025-04-14 20:19:57===> API : null ===> Message : validateRequest() invoked
info: ===> TimeStamp : 2025-04-14 20:19:57===> API : null ===> Message : fetchDBSettings()
info: ===> TimeStamp : 2025-04-14 20:19:57===> API : null ===> Message : validateRequest() Invoked!
info: ===> TimeStamp : 2025-04-14 20:19:57===> API : null ===> Message : validRequest() :: Api validated Successfully
info: ===> TimeStamp : 2025-04-14 20:19:57===> API : /api/auth/validateuser ===> Message : validateUser() invoked!!
info: ===> TimeStamp : 2025-04-14 20:19:57===> API : /api/auth/validateuser ===> Message : validateUser() :: Request Object :: [object Object]
info: ===> TimeStamp : 2025-04-14 20:19:57===> API : /api/auth/validateuser ===> Message : validateUserDB() Invoked !
info: ===> TimeStamp : 2025-04-14 20:19:57===> API : /api/auth/validateuser ===> Message : validateUserResponse() invoked!
info: ===> TimeStamp : 2025-04-14 20:19:57===> API : /api/auth/validateuser ===> Message : validateUserResponse() completed
info: ===> TimeStamp : 2025-04-14 20:19:57===> API : null ===> Message : validateRequest() invoked
info: ===> TimeStamp : 2025-04-14 20:19:57===> API : null ===> Message : fetchDBSettings()
info: ===> TimeStamp : 2025-04-14 20:19:57===> API : null ===> Message : validateRequest() Invoked!
info: ===> TimeStamp : 2025-04-14 20:19:57===> API : null ===> Message : validRequest() :: Api validated Successfully
info: ===> TimeStamp : 2025-04-14 20:19:57===> API : /api/auth/login ===> Message : loginUser() invoked!!
info: ===> TimeStamp : 2025-04-14 20:19:57===> API : /api/auth/login ===> Message : loginUser() :: Request Object :: [object Object]
info: ===> TimeStamp : 2025-04-14 20:19:57===> API : /api/auth/login ===> Message : loginUserDB() Invoked !
info: ===> TimeStamp : 2025-04-14 20:19:57===> API : /api/auth/login ===> Message : loginUserResponse() invoked!
info: ===> TimeStamp : 2025-04-14 20:19:57===> API : /api/auth/login ===> Message : loginUserResponse() completed
info: ===> TimeStamp : 2025-04-14 20:55:37===> API : null ===> Message : validateRequest() invoked
info: ===> TimeStamp : 2025-04-14 20:55:37===> API : null ===> Message : fetchDBSettings()
info: ===> TimeStamp : 2025-04-14 20:55:37===> API : null ===> Message : validateRequest() Invoked!
info: ===> TimeStamp : 2025-04-14 20:55:37===> API : null ===> Message : validRequest() :: Api validated Successfully
info: ===> TimeStamp : 2025-04-14 20:55:37===> API : /api/auth/validateuser ===> Message : validateUser() invoked!!
info: ===> TimeStamp : 2025-04-14 20:55:37===> API : /api/auth/validateuser ===> Message : validateUser() :: Request Object :: [object Object]
info: ===> TimeStamp : 2025-04-14 20:55:37===> API : /api/auth/validateuser ===> Message : validateUserDB() Invoked !
info: ===> TimeStamp : 2025-04-14 20:55:37===> API : /api/auth/validateuser ===> Message : validateUserResponse() invoked!
info: ===> TimeStamp : 2025-04-14 20:55:37===> API : /api/auth/validateuser ===> Message : validateUserResponse() completed
info: ===> TimeStamp : 2025-04-14 20:55:37===> API : null ===> Message : validateRequest() invoked
info: ===> TimeStamp : 2025-04-14 20:55:37===> API : null ===> Message : fetchDBSettings()
info: ===> TimeStamp : 2025-04-14 20:55:37===> API : null ===> Message : validateRequest() Invoked!
info: ===> TimeStamp : 2025-04-14 20:55:38===> API : null ===> Message : validRequest() :: Api validated Successfully
info: ===> TimeStamp : 2025-04-14 20:55:38===> API : /api/auth/login ===> Message : loginUser() invoked!!
info: ===> TimeStamp : 2025-04-14 20:55:38===> API : /api/auth/login ===> Message : loginUser() :: Request Object :: [object Object]
info: ===> TimeStamp : 2025-04-14 20:55:38===> API : /api/auth/login ===> Message : loginUserDB() Invoked !
info: ===> TimeStamp : 2025-04-14 20:55:38===> API : /api/auth/login ===> Message : loginUserResponse() invoked!
info: ===> TimeStamp : 2025-04-14 20:55:38===> API : /api/auth/login ===> Message : loginUserResponse() completed
info: ===> TimeStamp : 2025-04-14 21:45:49===> API : null ===> Message : validateRequest() invoked
info: ===> TimeStamp : 2025-04-14 21:45:49===> API : null ===> Message : fetchDBSettings()
info: ===> TimeStamp : 2025-04-14 21:45:49===> API : null ===> Message : validateRequest() Invoked!
info: ===> TimeStamp : 2025-04-14 21:45:49===> API : /api/auth/validateuser ===> Message : validateUser() invoked!!
info: ===> TimeStamp : 2025-04-14 21:45:49===> API : null ===> Message : validRequest() :: Api validated Successfully
info: ===> TimeStamp : 2025-04-14 21:45:49===> API : /api/auth/validateuser ===> Message : validateUser() :: Request Object :: [object Object]
info: ===> TimeStamp : 2025-04-14 21:45:49===> API : /api/auth/validateuser ===> Message : validateUserDB() Invoked !
info: ===> TimeStamp : 2025-04-14 21:45:49===> API : /api/auth/validateuser ===> Message : validateUserResponse() invoked!
info: ===> TimeStamp : 2025-04-14 21:45:49===> API : /api/auth/validateuser ===> Message : validateUserResponse() completed
info: ===> TimeStamp : 2025-04-14 21:45:49===> API : null ===> Message : validateRequest() invoked
info: ===> TimeStamp : 2025-04-14 21:45:49===> API : null ===> Message : fetchDBSettings()
info: ===> TimeStamp : 2025-04-14 21:45:49===> API : null ===> Message : validateRequest() Invoked!
info: ===> TimeStamp : 2025-04-14 21:45:49===> API : null ===> Message : validRequest() :: Api validated Successfully
info: ===> TimeStamp : 2025-04-14 21:45:49===> API : /api/auth/login ===> Message : loginUser() invoked!!
info: ===> TimeStamp : 2025-04-14 21:45:49===> API : /api/auth/login ===> Message : loginUser() :: Request Object :: [object Object]
info: ===> TimeStamp : 2025-04-14 21:45:49===> API : /api/auth/login ===> Message : loginUserDB() Invoked !
info: ===> TimeStamp : 2025-04-14 21:45:49===> API : /api/auth/login ===> Message : loginUserResponse() invoked!
info: ===> TimeStamp : 2025-04-14 21:45:49===> API : /api/auth/login ===> Message : loginUserResponse() completed
info: ===> TimeStamp : 2025-04-14 21:49:38===> API : null ===> Message : validateRequest() invoked
info: ===> TimeStamp : 2025-04-14 21:49:38===> API : null ===> Message : fetchDBSettings()
info: ===> TimeStamp : 2025-04-14 21:49:38===> API : null ===> Message : validateRequest() Invoked!
info: ===> TimeStamp : 2025-04-14 21:49:38===> API : null ===> Message : validRequest() :: Api validated Successfully
info: ===> TimeStamp : 2025-04-14 21:49:38===> API : /api/auth/logout ===> Message : logoutUser() invoked!!
info: ===> TimeStamp : 2025-04-14 21:49:38===> API : /api/auth/logout ===> Message : logoutUser() :: Request Object :: [object Object]
info: ===> TimeStamp : 2025-04-14 21:49:38===> API : /api/auth/logout ===> Message : logoutUserDB() Invoked !
info: ===> TimeStamp : 2025-04-14 21:49:38===> API : /api/auth/logout ===> Message : logoutUserResponse() invoked!
info: ===> TimeStamp : 2025-04-14 21:49:38===> API : /api/auth/logout ===> Message : logoutUserResponse() completed
info: ===> TimeStamp : 2025-04-14 21:55:12===> API : null ===> Message : validateRequest() invoked
info: ===> TimeStamp : 2025-04-14 21:55:12===> API : null ===> Message : fetchDBSettings()
info: ===> TimeStamp : 2025-04-14 21:55:12===> API : null ===> Message : validateRequest() Invoked!
info: ===> TimeStamp : 2025-04-14 21:55:12===> API : null ===> Message : validRequest() :: Api validated Successfully
info: ===> TimeStamp : 2025-04-14 21:55:12===> API : /api/auth/validateuser ===> Message : validateUser() invoked!!
info: ===> TimeStamp : 2025-04-14 21:55:12===> API : /api/auth/validateuser ===> Message : validateUser() :: Request Object :: [object Object]
info: ===> TimeStamp : 2025-04-14 21:55:12===> API : /api/auth/validateuser ===> Message : validateUserDB() Invoked !
info: ===> TimeStamp : 2025-04-14 21:55:12===> API : /api/auth/validateuser ===> Message : validateUserResponse() invoked!
info: ===> TimeStamp : 2025-04-14 21:55:12===> API : /api/auth/validateuser ===> Message : validateUserResponse() completed
info: ===> TimeStamp : 2025-04-14 21:55:13===> API : null ===> Message : validateRequest() invoked
info: ===> TimeStamp : 2025-04-14 21:55:13===> API : null ===> Message : fetchDBSettings()
info: ===> TimeStamp : 2025-04-14 21:55:13===> API : null ===> Message : validateRequest() Invoked!
info: ===> TimeStamp : 2025-04-14 21:55:13===> API : null ===> Message : validRequest() :: Api validated Successfully
info: ===> TimeStamp : 2025-04-14 21:55:13===> API : /api/auth/checkIP ===> Message : checkIP() invoked!!
info: ===> TimeStamp : 2025-04-14 21:55:13===> API : /api/auth/checkIP ===> Message : IPs match: 103.255.182.117
info: ===> TimeStamp : 2025-04-14 21:55:13===> API : /api/auth/checkIP ===> Message : checkIPResponse() invoked!
info: ===> TimeStamp : 2025-04-14 21:55:13===> API : /api/auth/checkIP ===> Message : checkIPResponse() completed
info: ===> TimeStamp : 2025-04-14 21:55:13===> API : null ===> Message : validateRequest() invoked
info: ===> TimeStamp : 2025-04-14 21:55:13===> API : null ===> Message : fetchDBSettings()
info: ===> TimeStamp : 2025-04-14 21:55:13===> API : null ===> Message : validateRequest() Invoked!
info: ===> TimeStamp : 2025-04-14 21:55:13===> API : null ===> Message : validRequest() :: Api validated Successfully
info: ===> TimeStamp : 2025-04-14 21:55:13===> API : /api/auth/login ===> Message : loginUser() invoked!!
info: ===> TimeStamp : 2025-04-14 21:55:13===> API : /api/auth/login ===> Message : loginUser() :: Request Object :: [object Object]
info: ===> TimeStamp : 2025-04-14 21:55:13===> API : /api/auth/login ===> Message : loginUserDB() Invoked !
info: ===> TimeStamp : 2025-04-14 21:55:13===> API : /api/auth/login ===> Message : loginUserResponse() invoked!
info: ===> TimeStamp : 2025-04-14 21:55:13===> API : /api/auth/login ===> Message : loginUserResponse() completed
info: ===> TimeStamp : 2025-04-14 21:59:12===> API : null ===> Message : validateRequest() invoked
info: ===> TimeStamp : 2025-04-14 21:59:12===> API : null ===> Message : fetchDBSettings()
info: ===> TimeStamp : 2025-04-14 21:59:12===> API : null ===> Message : validateRequest() Invoked!
info: ===> TimeStamp : 2025-04-14 21:59:12===> API : null ===> Message : validRequest() :: Api validated Successfully
info: ===> TimeStamp : 2025-04-14 21:59:12===> API : /api/auth/logout ===> Message : logoutUser() invoked!!
info: ===> TimeStamp : 2025-04-14 21:59:12===> API : /api/auth/logout ===> Message : logoutUser() :: Request Object :: [object Object]
info: ===> TimeStamp : 2025-04-14 21:59:12===> API : /api/auth/logout ===> Message : logoutUserDB() Invoked !
info: ===> TimeStamp : 2025-04-14 21:59:12===> API : /api/auth/logout ===> Message : logoutUserResponse() invoked!
info: ===> TimeStamp : 2025-04-14 21:59:12===> API : /api/auth/logout ===> Message : logoutUserResponse() completed
info: ===> TimeStamp : 2025-04-14 22:03:16===> API : null ===> Message : validateRequest() invoked
info: ===> TimeStamp : 2025-04-14 22:03:16===> API : null ===> Message : fetchDBSettings()
info: ===> TimeStamp : 2025-04-14 22:03:16===> API : null ===> Message : validateRequest() Invoked!
info: ===> TimeStamp : 2025-04-14 22:03:16===> API : null ===> Message : validRequest() :: Api validated Successfully
info: ===> TimeStamp : 2025-04-14 22:03:16===> API : /api/auth/logout ===> Message : logoutUser() invoked!!
info: ===> TimeStamp : 2025-04-14 22:03:16===> API : /api/auth/logout ===> Message : logoutUser() :: Request Object :: [object Object]
info: ===> TimeStamp : 2025-04-14 22:03:16===> API : /api/auth/logout ===> Message : logoutUserDB() Invoked !
info: ===> TimeStamp : 2025-04-14 22:03:16===> API : /api/auth/logout ===> Message : logoutUserResponse() invoked!
info: ===> TimeStamp : 2025-04-14 22:03:16===> API : /api/auth/logout ===> Message : logoutUserResponse() completed
info: ===> TimeStamp : 2025-04-14 22:03:26===> API : null ===> Message : validateRequest() invoked
info: ===> TimeStamp : 2025-04-14 22:03:26===> API : null ===> Message : fetchDBSettings()
info: ===> TimeStamp : 2025-04-14 22:03:26===> API : null ===> Message : validateRequest() Invoked!
info: ===> TimeStamp : 2025-04-14 22:03:26===> API : null ===> Message : validRequest() :: Api validated Successfully
info: ===> TimeStamp : 2025-04-14 22:03:26===> API : /api/auth/validateuser ===> Message : validateUser() invoked!!
info: ===> TimeStamp : 2025-04-14 22:03:26===> API : /api/auth/validateuser ===> Message : validateUser() :: Request Object :: [object Object]
info: ===> TimeStamp : 2025-04-14 22:03:26===> API : /api/auth/validateuser ===> Message : validateUserDB() Invoked !
info: ===> TimeStamp : 2025-04-14 22:03:26===> API : /api/auth/validateuser ===> Message : validateUserResponse() invoked!
info: ===> TimeStamp : 2025-04-14 22:03:26===> API : /api/auth/validateuser ===> Message : validateUserResponse() completed
info: ===> TimeStamp : 2025-04-14 22:03:26===> API : null ===> Message : validateRequest() invoked
info: ===> TimeStamp : 2025-04-14 22:03:26===> API : null ===> Message : fetchDBSettings()
info: ===> TimeStamp : 2025-04-14 22:03:26===> API : null ===> Message : validateRequest() Invoked!
info: ===> TimeStamp : 2025-04-14 22:03:26===> API : null ===> Message : validRequest() :: Api validated Successfully
info: ===> TimeStamp : 2025-04-14 22:03:26===> API : /api/auth/checkIP ===> Message : checkIP() invoked!!
info: ===> TimeStamp : 2025-04-14 22:03:26===> API : /api/auth/checkIP ===> Message : IPs match: 103.255.182.117
info: ===> TimeStamp : 2025-04-14 22:03:26===> API : /api/auth/checkIP ===> Message : checkIPResponse() invoked!
info: ===> TimeStamp : 2025-04-14 22:03:26===> API : /api/auth/checkIP ===> Message : checkIPResponse() completed
info: ===> TimeStamp : 2025-04-14 22:03:26===> API : null ===> Message : validateRequest() invoked
info: ===> TimeStamp : 2025-04-14 22:03:26===> API : null ===> Message : fetchDBSettings()
info: ===> TimeStamp : 2025-04-14 22:03:26===> API : null ===> Message : validateRequest() Invoked!
info: ===> TimeStamp : 2025-04-14 22:03:26===> API : null ===> Message : validRequest() :: Api validated Successfully
info: ===> TimeStamp : 2025-04-14 22:03:26===> API : /api/auth/login ===> Message : loginUser() :: Request Object :: [object Object]
info: ===> TimeStamp : 2025-04-14 22:03:26===> API : /api/auth/login ===> Message : loginUserDB() Invoked !
info: ===> TimeStamp : 2025-04-14 22:03:26===> API : /api/auth/login ===> Message : loginUser() invoked!!
info: ===> TimeStamp : 2025-04-14 22:03:26===> API : /api/auth/login ===> Message : loginUserResponse() invoked!
info: ===> TimeStamp : 2025-04-14 22:03:26===> API : /api/auth/login ===> Message : loginUserResponse() completed
info: ===> TimeStamp : 2025-04-14 22:07:57===> API : null ===> Message : validateRequest() invoked
info: ===> TimeStamp : 2025-04-14 22:07:57===> API : null ===> Message : fetchDBSettings()
info: ===> TimeStamp : 2025-04-14 22:07:57===> API : null ===> Message : validateRequest() Invoked!
info: ===> TimeStamp : 2025-04-14 22:07:57===> API : null ===> Message : validRequest() :: Api validated Successfully
info: ===> TimeStamp : 2025-04-14 22:07:57===> API : /api/auth/validateuser ===> Message : validateUser() invoked!!
info: ===> TimeStamp : 2025-04-14 22:07:57===> API : /api/auth/validateuser ===> Message : validateUser() :: Request Object :: [object Object]
info: ===> TimeStamp : 2025-04-14 22:07:57===> API : /api/auth/validateuser ===> Message : validateUserDB() Invoked !
info: ===> TimeStamp : 2025-04-14 22:07:57===> API : /api/auth/validateuser ===> Message : validateUserResponse() invoked!
info: ===> TimeStamp : 2025-04-14 22:07:57===> API : /api/auth/validateuser ===> Message : validateUserResponse() completed
info: ===> TimeStamp : 2025-04-14 22:07:57===> API : null ===> Message : validateRequest() invoked
info: ===> TimeStamp : 2025-04-14 22:07:57===> API : null ===> Message : fetchDBSettings()
info: ===> TimeStamp : 2025-04-14 22:07:57===> API : null ===> Message : validateRequest() Invoked!
info: ===> TimeStamp : 2025-04-14 22:07:58===> API : null ===> Message : validRequest() :: Api validated Successfully
info: ===> TimeStamp : 2025-04-14 22:07:58===> API : /api/auth/checkIP ===> Message : checkIP() invoked!!
info: ===> TimeStamp : 2025-04-14 22:07:58===> API : /api/auth/checkIP ===> Message : IPs match: 103.255.182.117
info: ===> TimeStamp : 2025-04-14 22:07:58===> API : /api/auth/checkIP ===> Message : checkIPResponse() invoked!
info: ===> TimeStamp : 2025-04-14 22:07:58===> API : /api/auth/checkIP ===> Message : checkIPResponse() completed
info: ===> TimeStamp : 2025-04-14 22:07:58===> API : null ===> Message : validateRequest() invoked
info: ===> TimeStamp : 2025-04-14 22:07:58===> API : null ===> Message : fetchDBSettings()
info: ===> TimeStamp : 2025-04-14 22:07:58===> API : null ===> Message : validateRequest() Invoked!
info: ===> TimeStamp : 2025-04-14 22:07:58===> API : null ===> Message : validRequest() :: Api validated Successfully
info: ===> TimeStamp : 2025-04-14 22:07:58===> API : /api/auth/login ===> Message : loginUser() invoked!!
info: ===> TimeStamp : 2025-04-14 22:07:58===> API : /api/auth/login ===> Message : loginUser() :: Request Object :: [object Object]
info: ===> TimeStamp : 2025-04-14 22:07:58===> API : /api/auth/login ===> Message : loginUserDB() Invoked !
info: ===> TimeStamp : 2025-04-14 22:07:58===> API : /api/auth/login ===> Message : loginUserResponse() invoked!
info: ===> TimeStamp : 2025-04-14 22:07:58===> API : /api/auth/login ===> Message : loginUserResponse() completed
info: ===> TimeStamp : 2025-04-14 22:14:47===> API : null ===> Message : validateRequest() invoked
info: ===> TimeStamp : 2025-04-14 22:14:47===> API : null ===> Message : fetchDBSettings()
info: ===> TimeStamp : 2025-04-14 22:14:47===> API : null ===> Message : validateRequest() Invoked!
info: ===> TimeStamp : 2025-04-14 22:14:47===> API : null ===> Message : validRequest() :: Api validated Successfully
info: ===> TimeStamp : 2025-04-14 22:14:47===> API : /api/auth/validateuser ===> Message : validateUser() invoked!!
info: ===> TimeStamp : 2025-04-14 22:14:47===> API : /api/auth/validateuser ===> Message : validateUser() :: Request Object :: [object Object]
info: ===> TimeStamp : 2025-04-14 22:14:47===> API : /api/auth/validateuser ===> Message : validateUserDB() Invoked !
info: ===> TimeStamp : 2025-04-14 22:14:47===> API : /api/auth/validateuser ===> Message : validateUserResponse() invoked!
info: ===> TimeStamp : 2025-04-14 22:14:47===> API : /api/auth/validateuser ===> Message : validateUserResponse() completed
info: ===> TimeStamp : 2025-04-14 22:14:47===> API : null ===> Message : validateRequest() invoked
info: ===> TimeStamp : 2025-04-14 22:14:47===> API : null ===> Message : fetchDBSettings()
info: ===> TimeStamp : 2025-04-14 22:14:48===> API : null ===> Message : validateRequest() Invoked!
info: ===> TimeStamp : 2025-04-14 22:14:48===> API : null ===> Message : validRequest() :: Api validated Successfully
info: ===> TimeStamp : 2025-04-14 22:14:48===> API : /api/auth/login ===> Message : loginUser() invoked!!
info: ===> TimeStamp : 2025-04-14 22:14:48===> API : /api/auth/login ===> Message : loginUser() :: Request Object :: [object Object]
info: ===> TimeStamp : 2025-04-14 22:14:48===> API : /api/auth/login ===> Message : loginUserDB() Invoked !
info: ===> TimeStamp : 2025-04-14 22:14:48===> API : /api/auth/login ===> Message : loginUserResponse() invoked!
info: ===> TimeStamp : 2025-04-14 22:14:48===> API : /api/auth/login ===> Message : loginUserResponse() completed
info: ===> TimeStamp : 2025-04-14 22:32:08===> API : null ===> Message : validateRequest() invoked
info: ===> TimeStamp : 2025-04-14 22:32:08===> API : null ===> Message : fetchDBSettings()
info: ===> TimeStamp : 2025-04-14 22:32:08===> API : null ===> Message : validateRequest() Invoked!
info: ===> TimeStamp : 2025-04-14 22:32:08===> API : null ===> Message : validRequest() :: Api validated Successfully
info: ===> TimeStamp : 2025-04-14 22:32:08===> API : /api/auth/validateuser ===> Message : validateUser() invoked!!
info: ===> TimeStamp : 2025-04-14 22:32:08===> API : /api/auth/validateuser ===> Message : validateUser() :: Request Object :: [object Object]
info: ===> TimeStamp : 2025-04-14 22:32:08===> API : /api/auth/validateuser ===> Message : validateUserDB() Invoked !
info: ===> TimeStamp : 2025-04-14 22:32:08===> API : /api/auth/validateuser ===> Message : validateUserResponse() invoked!
info: ===> TimeStamp : 2025-04-14 22:32:08===> API : /api/auth/validateuser ===> Message : validateUserResponse() completed
info: ===> TimeStamp : 2025-04-14 22:32:08===> API : null ===> Message : validateRequest() invoked
info: ===> TimeStamp : 2025-04-14 22:32:08===> API : null ===> Message : fetchDBSettings()
info: ===> TimeStamp : 2025-04-14 22:32:08===> API : null ===> Message : validateRequest() Invoked!
info: ===> TimeStamp : 2025-04-14 22:32:08===> API : null ===> Message : validRequest() :: Api validated Successfully
info: ===> TimeStamp : 2025-04-14 22:32:08===> API : /api/auth/checkIP ===> Message : checkIP() invoked!!
info: ===> TimeStamp : 2025-04-14 22:32:08===> API : /api/auth/checkIP ===> Message : IPs match: 103.255.182.117
info: ===> TimeStamp : 2025-04-14 22:32:08===> API : /api/auth/checkIP ===> Message : checkIPResponse() invoked!
info: ===> TimeStamp : 2025-04-14 22:32:08===> API : /api/auth/checkIP ===> Message : checkIPResponse() completed
info: ===> TimeStamp : 2025-04-14 22:32:08===> API : null ===> Message : validateRequest() invoked
info: ===> TimeStamp : 2025-04-14 22:32:08===> API : null ===> Message : fetchDBSettings()
info: ===> TimeStamp : 2025-04-14 22:32:08===> API : null ===> Message : validateRequest() Invoked!
info: ===> TimeStamp : 2025-04-14 22:32:08===> API : null ===> Message : validRequest() :: Api validated Successfully
info: ===> TimeStamp : 2025-04-14 22:32:08===> API : /api/auth/login ===> Message : loginUser() invoked!!
info: ===> TimeStamp : 2025-04-14 22:32:08===> API : /api/auth/login ===> Message : loginUser() :: Request Object :: [object Object]
info: ===> TimeStamp : 2025-04-14 22:32:08===> API : /api/auth/login ===> Message : loginUserDB() Invoked !
info: ===> TimeStamp : 2025-04-14 22:32:08===> API : /api/auth/login ===> Message : loginUserResponse() invoked!
info: ===> TimeStamp : 2025-04-14 22:32:08===> API : /api/auth/login ===> Message : loginUserResponse() completed
info: ===> TimeStamp : 2025-04-14 23:27:01===> API : null ===> Message : validateRequest() invoked
info: ===> TimeStamp : 2025-04-14 23:27:01===> API : null ===> Message : fetchDBSettings()
info: ===> TimeStamp : 2025-04-14 23:27:01===> API : null ===> Message : validateRequest() Invoked!
info: ===> TimeStamp : 2025-04-14 23:27:01===> API : null ===> Message : validRequest() :: Api validated Successfully
info: ===> TimeStamp : 2025-04-14 23:27:01===> API : /api/auth/logout ===> Message : logoutUser() invoked!!
info: ===> TimeStamp : 2025-04-14 23:27:01===> API : /api/auth/logout ===> Message : logoutUser() :: Request Object :: [object Object]
info: ===> TimeStamp : 2025-04-14 23:27:01===> API : /api/auth/logout ===> Message : logoutUserDB() Invoked !
info: ===> TimeStamp : 2025-04-14 23:27:01===> API : /api/auth/logout ===> Message : logoutUserResponse() invoked!
info: ===> TimeStamp : 2025-04-14 23:27:01===> API : /api/auth/logout ===> Message : logoutUserResponse() completed
info: ===> TimeStamp : 2025-04-14 23:27:05===> API : null ===> Message : fetchDBSettings()
info: ===> TimeStamp : 2025-04-14 23:27:05===> API : null ===> Message : validateRequest() invoked
info: ===> TimeStamp : 2025-04-14 23:27:05===> API : null ===> Message : validateRequest() Invoked!
info: ===> TimeStamp : 2025-04-14 23:27:05===> API : null ===> Message : validRequest() :: Api validated Successfully
info: ===> TimeStamp : 2025-04-14 23:27:05===> API : /api/auth/validateuser ===> Message : validateUser() invoked!!
info: ===> TimeStamp : 2025-04-14 23:27:05===> API : /api/auth/validateuser ===> Message : validateUser() :: Request Object :: [object Object]
info: ===> TimeStamp : 2025-04-14 23:27:05===> API : /api/auth/validateuser ===> Message : validateUserDB() Invoked !
info: ===> TimeStamp : 2025-04-14 23:27:05===> API : /api/auth/validateuser ===> Message : validateUserResponse() invoked!
info: ===> TimeStamp : 2025-04-14 23:27:05===> API : /api/auth/validateuser ===> Message : validateUserResponse() completed
info: ===> TimeStamp : 2025-04-14 23:27:05===> API : null ===> Message : validateRequest() invoked
info: ===> TimeStamp : 2025-04-14 23:27:05===> API : null ===> Message : fetchDBSettings()
info: ===> TimeStamp : 2025-04-14 23:27:05===> API : null ===> Message : validateRequest() Invoked!
info: ===> TimeStamp : 2025-04-14 23:27:05===> API : null ===> Message : validRequest() :: Api validated Successfully
info: ===> TimeStamp : 2025-04-14 23:27:05===> API : /api/auth/login ===> Message : loginUser() invoked!!
info: ===> TimeStamp : 2025-04-14 23:27:05===> API : /api/auth/login ===> Message : loginUser() :: Request Object :: [object Object]
info: ===> TimeStamp : 2025-04-14 23:27:05===> API : /api/auth/login ===> Message : loginUserDB() Invoked !
info: ===> TimeStamp : 2025-04-14 23:27:05===> API : /api/auth/login ===> Message : loginUserResponse() invoked!
info: ===> TimeStamp : 2025-04-14 23:27:05===> API : /api/auth/login ===> Message : loginUserResponse() completed
info: ===> TimeStamp : 2025-04-14 23:32:37===> API : null ===> Message : validateRequest() invoked
info: ===> TimeStamp : 2025-04-14 23:32:37===> API : null ===> Message : fetchDBSettings()
info: ===> TimeStamp : 2025-04-14 23:32:37===> API : null ===> Message : validateRequest() Invoked!
info: ===> TimeStamp : 2025-04-14 23:32:37===> API : null ===> Message : validRequest() :: Api validated Successfully
info: ===> TimeStamp : 2025-04-14 23:32:37===> API : /api/auth/validateuser ===> Message : validateUser() invoked!!
info: ===> TimeStamp : 2025-04-14 23:32:37===> API : /api/auth/validateuser ===> Message : validateUser() :: Request Object :: [object Object]
info: ===> TimeStamp : 2025-04-14 23:32:37===> API : /api/auth/validateuser ===> Message : validateUserDB() Invoked !
info: ===> TimeStamp : 2025-04-14 23:32:37===> API : /api/auth/validateuser ===> Message : validateUserResponse() invoked!
info: ===> TimeStamp : 2025-04-14 23:32:37===> API : /api/auth/validateuser ===> Message : validateUserResponse() completed
info: ===> TimeStamp : 2025-04-14 23:32:37===> API : null ===> Message : validateRequest() invoked
info: ===> TimeStamp : 2025-04-14 23:32:37===> API : null ===> Message : fetchDBSettings()
info: ===> TimeStamp : 2025-04-14 23:32:37===> API : null ===> Message : validateRequest() Invoked!
info: ===> TimeStamp : 2025-04-14 23:32:37===> API : null ===> Message : validRequest() :: Api validated Successfully
info: ===> TimeStamp : 2025-04-14 23:32:37===> API : /api/auth/login ===> Message : loginUser() invoked!!
info: ===> TimeStamp : 2025-04-14 23:32:37===> API : /api/auth/login ===> Message : loginUser() :: Request Object :: [object Object]
info: ===> TimeStamp : 2025-04-14 23:32:37===> API : /api/auth/login ===> Message : loginUserDB() Invoked !
info: ===> TimeStamp : 2025-04-14 23:32:37===> API : /api/auth/login ===> Message : loginUserResponse() invoked!
info: ===> TimeStamp : 2025-04-14 23:32:37===> API : /api/auth/login ===> Message : loginUserResponse() completed
info: ===> TimeStamp : 2025-04-15 00:21:44===> API : null ===> Message : validateRequest() invoked
info: ===> TimeStamp : 2025-04-15 00:21:44===> API : null ===> Message : fetchDBSettings()
info: ===> TimeStamp : 2025-04-15 00:21:44===> API : null ===> Message : validateRequest() Invoked!
info: ===> TimeStamp : 2025-04-15 00:21:44===> API : null ===> Message : validRequest() :: Api validated Successfully
info: ===> TimeStamp : 2025-04-15 00:21:44===> API : /api/auth/validateuser ===> Message : validateUser() invoked!!
info: ===> TimeStamp : 2025-04-15 00:21:44===> API : /api/auth/validateuser ===> Message : validateUser() :: Request Object :: [object Object]
info: ===> TimeStamp : 2025-04-15 00:21:44===> API : /api/auth/validateuser ===> Message : validateUserDB() Invoked !
info: ===> TimeStamp : 2025-04-15 00:21:44===> API : /api/auth/validateuser ===> Message : validateUserResponse() invoked!
info: ===> TimeStamp : 2025-04-15 00:21:44===> API : /api/auth/validateuser ===> Message : validateUserResponse() completed
info: ===> TimeStamp : 2025-04-15 00:21:44===> API : null ===> Message : validateRequest() invoked
info: ===> TimeStamp : 2025-04-15 00:21:44===> API : null ===> Message : fetchDBSettings()
info: ===> TimeStamp : 2025-04-15 00:21:44===> API : null ===> Message : validateRequest() Invoked!
info: ===> TimeStamp : 2025-04-15 00:21:44===> API : null ===> Message : validRequest() :: Api validated Successfully
info: ===> TimeStamp : 2025-04-15 00:21:44===> API : /api/auth/login ===> Message : loginUser() invoked!!
info: ===> TimeStamp : 2025-04-15 00:21:44===> API : /api/auth/login ===> Message : loginUser() :: Request Object :: [object Object]
info: ===> TimeStamp : 2025-04-15 00:21:44===> API : /api/auth/login ===> Message : loginUserDB() Invoked !
info: ===> TimeStamp : 2025-04-15 00:21:44===> API : /api/auth/login ===> Message : loginUserResponse() invoked!
info: ===> TimeStamp : 2025-04-15 00:21:44===> API : /api/auth/login ===> Message : loginUserResponse() completed
info: ===> TimeStamp : 2025-04-15 01:08:55===> API : null ===> Message : validateRequest() invoked
info: ===> TimeStamp : 2025-04-15 01:08:55===> API : null ===> Message : validateRequest() Error:: Invalid Request :: 
      {"apiUri":"/pdown"}
info: ===> TimeStamp : 2025-04-15 01:40:10===> API : null ===> Message : validateRequest() invoked
info: ===> TimeStamp : 2025-04-15 01:40:10===> API : null ===> Message : fetchDBSettings()
info: ===> TimeStamp : 2025-04-15 01:40:10===> API : null ===> Message : validateRequest() Invoked!
info: ===> TimeStamp : 2025-04-15 01:40:10===> API : null ===> Message : validRequest() :: Api validated Successfully
info: ===> TimeStamp : 2025-04-15 01:40:10===> API : /api/auth/validateuser ===> Message : validateUser() :: Request Object :: [object Object]
info: ===> TimeStamp : 2025-04-15 01:40:10===> API : /api/auth/validateuser ===> Message : validateUser() invoked!!
info: ===> TimeStamp : 2025-04-15 01:40:10===> API : /api/auth/validateuser ===> Message : validateUserDB() Invoked !
info: ===> TimeStamp : 2025-04-15 01:40:10===> API : /api/auth/validateuser ===> Message : validateUserResponse() invoked!
info: ===> TimeStamp : 2025-04-15 01:40:10===> API : /api/auth/validateuser ===> Message : validateUserResponse() completed
info: ===> TimeStamp : 2025-04-15 01:40:10===> API : null ===> Message : validateRequest() invoked
info: ===> TimeStamp : 2025-04-15 01:40:10===> API : null ===> Message : fetchDBSettings()
info: ===> TimeStamp : 2025-04-15 01:40:10===> API : null ===> Message : validateRequest() Invoked!
info: ===> TimeStamp : 2025-04-15 01:40:10===> API : null ===> Message : validRequest() :: Api validated Successfully
info: ===> TimeStamp : 2025-04-15 01:40:10===> API : /api/auth/login ===> Message : loginUser() invoked!!
info: ===> TimeStamp : 2025-04-15 01:40:10===> API : /api/auth/login ===> Message : loginUser() :: Request Object :: [object Object]
info: ===> TimeStamp : 2025-04-15 01:40:10===> API : /api/auth/login ===> Message : loginUserDB() Invoked !
info: ===> TimeStamp : 2025-04-15 01:40:10===> API : /api/auth/login ===> Message : loginUserResponse() invoked!
info: ===> TimeStamp : 2025-04-15 01:40:10===> API : /api/auth/login ===> Message : loginUserResponse() completed
info: ===> TimeStamp : 2025-04-15 03:10:28===> API : null ===> Message : validateRequest() invoked
info: ===> TimeStamp : 2025-04-15 03:10:28===> API : null ===> Message : fetchDBSettings()
info: ===> TimeStamp : 2025-04-15 03:10:28===> API : null ===> Message : validateRequest() Invoked!
info: ===> TimeStamp : 2025-04-15 03:10:28===> API : null ===> Message : validRequest() :: Api validated Successfully
info: ===> TimeStamp : 2025-04-15 03:10:28===> API : /api/auth/logout ===> Message : logoutUser() :: Request Object :: [object Object]
info: ===> TimeStamp : 2025-04-15 03:10:28===> API : /api/auth/logout ===> Message : logoutUserDB() Invoked !
info: ===> TimeStamp : 2025-04-15 03:10:28===> API : /api/auth/logout ===> Message : logoutUser() invoked!!
info: ===> TimeStamp : 2025-04-15 03:10:28===> API : /api/auth/logout ===> Message : logoutUserResponse() invoked!
info: ===> TimeStamp : 2025-04-15 03:10:28===> API : /api/auth/logout ===> Message : logoutUserResponse() completed
info: ===> TimeStamp : 2025-04-15 03:25:57===> API : null ===> Message : validateRequest() invoked
info: ===> TimeStamp : 2025-04-15 03:25:57===> API : null ===> Message : fetchDBSettings()
info: ===> TimeStamp : 2025-04-15 03:25:57===> API : null ===> Message : validateRequest() Invoked!
info: ===> TimeStamp : 2025-04-15 03:25:57===> API : null ===> Message : validRequest() :: Api validated Successfully
info: ===> TimeStamp : 2025-04-15 03:25:57===> API : /api/auth/logout ===> Message : logoutUser() invoked!!
info: ===> TimeStamp : 2025-04-15 03:25:57===> API : /api/auth/logout ===> Message : logoutUser() :: Request Object :: [object Object]
info: ===> TimeStamp : 2025-04-15 03:25:57===> API : /api/auth/logout ===> Message : logoutUserDB() Invoked !
info: ===> TimeStamp : 2025-04-15 03:25:57===> API : /api/auth/logout ===> Message : logoutUserResponse() invoked!
info: ===> TimeStamp : 2025-04-15 03:25:57===> API : /api/auth/logout ===> Message : logoutUserResponse() completed
info: ===> TimeStamp : 2025-04-15 03:26:03===> API : null ===> Message : validateRequest() invoked
info: ===> TimeStamp : 2025-04-15 03:26:03===> API : null ===> Message : fetchDBSettings()
info: ===> TimeStamp : 2025-04-15 03:26:03===> API : null ===> Message : validateRequest() Invoked!
info: ===> TimeStamp : 2025-04-15 03:26:03===> API : null ===> Message : validRequest() :: Api validated Successfully
info: ===> TimeStamp : 2025-04-15 03:26:03===> API : /api/auth/validateuser ===> Message : validateUser() invoked!!
info: ===> TimeStamp : 2025-04-15 03:26:03===> API : /api/auth/validateuser ===> Message : validateUser() :: Request Object :: [object Object]
info: ===> TimeStamp : 2025-04-15 03:26:03===> API : /api/auth/validateuser ===> Message : validateUserDB() Invoked !
info: ===> TimeStamp : 2025-04-15 03:26:03===> API : /api/auth/validateuser ===> Message : validateUserResponse() invoked!
info: ===> TimeStamp : 2025-04-15 03:26:03===> API : /api/auth/validateuser ===> Message : validateUserResponse() completed
info: ===> TimeStamp : 2025-04-15 03:26:03===> API : null ===> Message : validateRequest() invoked
info: ===> TimeStamp : 2025-04-15 03:26:03===> API : null ===> Message : fetchDBSettings()
info: ===> TimeStamp : 2025-04-15 03:26:03===> API : null ===> Message : validateRequest() Invoked!
info: ===> TimeStamp : 2025-04-15 03:26:03===> API : null ===> Message : validRequest() :: Api validated Successfully
info: ===> TimeStamp : 2025-04-15 03:26:03===> API : /api/auth/checkIP ===> Message : checkIP() invoked!!
info: ===> TimeStamp : 2025-04-15 03:26:03===> API : /api/auth/checkIP ===> Message : IPs match: 103.255.182.117
info: ===> TimeStamp : 2025-04-15 03:26:03===> API : /api/auth/checkIP ===> Message : checkIPResponse() invoked!
info: ===> TimeStamp : 2025-04-15 03:26:03===> API : /api/auth/checkIP ===> Message : checkIPResponse() completed
info: ===> TimeStamp : 2025-04-15 03:26:03===> API : null ===> Message : validateRequest() invoked
info: ===> TimeStamp : 2025-04-15 03:26:03===> API : null ===> Message : fetchDBSettings()
info: ===> TimeStamp : 2025-04-15 03:26:03===> API : null ===> Message : validateRequest() Invoked!
info: ===> TimeStamp : 2025-04-15 03:26:03===> API : null ===> Message : validRequest() :: Api validated Successfully
info: ===> TimeStamp : 2025-04-15 03:26:03===> API : /api/auth/login ===> Message : loginUser() invoked!!
info: ===> TimeStamp : 2025-04-15 03:26:03===> API : /api/auth/login ===> Message : loginUser() :: Request Object :: [object Object]
info: ===> TimeStamp : 2025-04-15 03:26:03===> API : /api/auth/login ===> Message : loginUserDB() Invoked !
info: ===> TimeStamp : 2025-04-15 03:26:03===> API : /api/auth/login ===> Message : loginUserResponse() invoked!
info: ===> TimeStamp : 2025-04-15 03:26:03===> API : /api/auth/login ===> Message : loginUserResponse() completed
info: ===> TimeStamp : 2025-04-15 03:26:27===> API : null ===> Message : validateRequest() invoked
info: ===> TimeStamp : 2025-04-15 03:26:27===> API : null ===> Message : fetchDBSettings()
info: ===> TimeStamp : 2025-04-15 03:26:27===> API : null ===> Message : validateRequest() Invoked!
info: ===> TimeStamp : 2025-04-15 03:26:27===> API : null ===> Message : validRequest() :: Api validated Successfully
info: ===> TimeStamp : 2025-04-15 03:26:27===> API : /api/auth/logout ===> Message : logoutUser() :: Request Object :: [object Object]
info: ===> TimeStamp : 2025-04-15 03:26:27===> API : /api/auth/logout ===> Message : logoutUser() invoked!!
info: ===> TimeStamp : 2025-04-15 03:26:27===> API : /api/auth/logout ===> Message : logoutUserDB() Invoked !
info: ===> TimeStamp : 2025-04-15 03:26:27===> API : /api/auth/logout ===> Message : logoutUserResponse() invoked!
info: ===> TimeStamp : 2025-04-15 03:26:27===> API : /api/auth/logout ===> Message : logoutUserResponse() completed
info: ===> TimeStamp : 2025-04-15 03:26:33===> API : null ===> Message : validateRequest() invoked
info: ===> TimeStamp : 2025-04-15 03:26:33===> API : null ===> Message : fetchDBSettings()
info: ===> TimeStamp : 2025-04-15 03:26:33===> API : null ===> Message : validateRequest() Invoked!
info: ===> TimeStamp : 2025-04-15 03:26:33===> API : null ===> Message : validRequest() :: Api validated Successfully
info: ===> TimeStamp : 2025-04-15 03:26:33===> API : /api/auth/validateuser ===> Message : validateUser() invoked!!
info: ===> TimeStamp : 2025-04-15 03:26:33===> API : /api/auth/validateuser ===> Message : validateUser() :: Request Object :: [object Object]
info: ===> TimeStamp : 2025-04-15 03:26:33===> API : /api/auth/validateuser ===> Message : validateUserDB() Invoked !
info: ===> TimeStamp : 2025-04-15 03:26:33===> API : /api/auth/validateuser ===> Message : validateUserResponse() invoked!
info: ===> TimeStamp : 2025-04-15 03:26:33===> API : /api/auth/validateuser ===> Message : validateUserResponse() completed
info: ===> TimeStamp : 2025-04-15 03:26:33===> API : null ===> Message : validateRequest() invoked
info: ===> TimeStamp : 2025-04-15 03:26:33===> API : null ===> Message : fetchDBSettings()
info: ===> TimeStamp : 2025-04-15 03:26:33===> API : null ===> Message : validateRequest() Invoked!
info: ===> TimeStamp : 2025-04-15 03:26:33===> API : null ===> Message : validRequest() :: Api validated Successfully
info: ===> TimeStamp : 2025-04-15 03:26:33===> API : /api/auth/checkIP ===> Message : checkIP() invoked!!
info: ===> TimeStamp : 2025-04-15 03:26:33===> API : /api/auth/checkIP ===> Message : IPs match: 103.255.182.117
info: ===> TimeStamp : 2025-04-15 03:26:33===> API : /api/auth/checkIP ===> Message : checkIPResponse() invoked!
info: ===> TimeStamp : 2025-04-15 03:26:33===> API : /api/auth/checkIP ===> Message : checkIPResponse() completed
info: ===> TimeStamp : 2025-04-15 03:26:33===> API : null ===> Message : validateRequest() invoked
info: ===> TimeStamp : 2025-04-15 03:26:33===> API : null ===> Message : fetchDBSettings()
info: ===> TimeStamp : 2025-04-15 03:26:33===> API : null ===> Message : validateRequest() Invoked!
info: ===> TimeStamp : 2025-04-15 03:26:33===> API : null ===> Message : validRequest() :: Api validated Successfully
info: ===> TimeStamp : 2025-04-15 03:26:33===> API : /api/auth/login ===> Message : loginUser() invoked!!
info: ===> TimeStamp : 2025-04-15 03:26:33===> API : /api/auth/login ===> Message : loginUser() :: Request Object :: [object Object]
info: ===> TimeStamp : 2025-04-15 03:26:33===> API : /api/auth/login ===> Message : loginUserDB() Invoked !
info: ===> TimeStamp : 2025-04-15 03:26:33===> API : /api/auth/login ===> Message : loginUserResponse() invoked!
info: ===> TimeStamp : 2025-04-15 03:26:33===> API : /api/auth/login ===> Message : loginUserResponse() completed
info: ===> TimeStamp : 2025-04-15 03:52:30===> API : null ===> Message : validateRequest() invoked
info: ===> TimeStamp : 2025-04-15 03:52:30===> API : null ===> Message : fetchDBSettings()
info: ===> TimeStamp : 2025-04-15 03:52:30===> API : null ===> Message : validateRequest() Invoked!
info: ===> TimeStamp : 2025-04-15 03:52:30===> API : null ===> Message : validRequest() :: Api validated Successfully
info: ===> TimeStamp : 2025-04-15 03:52:30===> API : /api/auth/validateuser ===> Message : validateUser() invoked!!
info: ===> TimeStamp : 2025-04-15 03:52:30===> API : /api/auth/validateuser ===> Message : validateUser() :: Request Object :: [object Object]
info: ===> TimeStamp : 2025-04-15 03:52:30===> API : /api/auth/validateuser ===> Message : validateUserDB() Invoked !
info: ===> TimeStamp : 2025-04-15 03:52:31===> API : /api/auth/validateuser ===> Message : validateUserResponse() invoked!
info: ===> TimeStamp : 2025-04-15 03:52:31===> API : /api/auth/validateuser ===> Message : validateUserResponse() completed
info: ===> TimeStamp : 2025-04-15 03:52:31===> API : null ===> Message : validateRequest() invoked
info: ===> TimeStamp : 2025-04-15 03:52:31===> API : null ===> Message : fetchDBSettings()
info: ===> TimeStamp : 2025-04-15 03:52:31===> API : null ===> Message : validateRequest() Invoked!
info: ===> TimeStamp : 2025-04-15 03:52:31===> API : null ===> Message : validRequest() :: Api validated Successfully
info: ===> TimeStamp : 2025-04-15 03:52:31===> API : /api/auth/checkIP ===> Message : checkIP() invoked!!
info: ===> TimeStamp : 2025-04-15 03:52:31===> API : /api/auth/checkIP ===> Message : IPs match: 103.255.182.117
info: ===> TimeStamp : 2025-04-15 03:52:31===> API : /api/auth/checkIP ===> Message : checkIPResponse() invoked!
info: ===> TimeStamp : 2025-04-15 03:52:31===> API : /api/auth/checkIP ===> Message : checkIPResponse() completed
info: ===> TimeStamp : 2025-04-15 03:52:31===> API : null ===> Message : validateRequest() invoked
info: ===> TimeStamp : 2025-04-15 03:52:31===> API : null ===> Message : fetchDBSettings()
info: ===> TimeStamp : 2025-04-15 03:52:31===> API : null ===> Message : validateRequest() Invoked!
info: ===> TimeStamp : 2025-04-15 03:52:31===> API : null ===> Message : validRequest() :: Api validated Successfully
info: ===> TimeStamp : 2025-04-15 03:52:31===> API : /api/auth/login ===> Message : loginUser() invoked!!
info: ===> TimeStamp : 2025-04-15 03:52:31===> API : /api/auth/login ===> Message : loginUser() :: Request Object :: [object Object]
info: ===> TimeStamp : 2025-04-15 03:52:31===> API : /api/auth/login ===> Message : loginUserDB() Invoked !
info: ===> TimeStamp : 2025-04-15 03:52:31===> API : /api/auth/login ===> Message : loginUserResponse() invoked!
info: ===> TimeStamp : 2025-04-15 03:52:31===> API : /api/auth/login ===> Message : loginUserResponse() completed
info: ===> TimeStamp : 2025-04-15 05:10:50===> API : null ===> Message : validateRequest() invoked
info: ===> TimeStamp : 2025-04-15 05:10:50===> API : null ===> Message : validateRequest() Error:: Invalid Request :: 
      {"apiUri":"/"}
info: ===> TimeStamp : 2025-04-15 05:10:53===> API : null ===> Message : validateRequest() invoked
info: ===> TimeStamp : 2025-04-15 05:10:53===> API : null ===> Message : validateRequest() Error:: Invalid Request :: 
      {"apiUri":"/"}
info: ===> TimeStamp : 2025-04-15 05:10:53===> API : null ===> Message : validateRequest() invoked
info: ===> TimeStamp : 2025-04-15 05:10:53===> API : null ===> Message : validateRequest() Error:: Invalid Request :: 
      {"apiUri":"/@vite/env"}
info: ===> TimeStamp : 2025-04-15 05:10:54===> API : null ===> Message : validateRequest() invoked
info: ===> TimeStamp : 2025-04-15 05:10:54===> API : null ===> Message : validateRequest() Error:: Invalid Request :: 
      {"apiUri":"/actuator/env"}
info: ===> TimeStamp : 2025-04-15 05:10:54===> API : null ===> Message : validateRequest() invoked
info: ===> TimeStamp : 2025-04-15 05:10:54===> API : null ===> Message : validateRequest() Error:: Invalid Request :: 
      {"apiUri":"/php-cgi/php-cgi.exe"}
info: ===> TimeStamp : 2025-04-15 05:10:54===> API : null ===> Message : validateRequest() invoked
info: ===> TimeStamp : 2025-04-15 05:10:54===> API : null ===> Message : validateRequest() Error:: Invalid Request :: 
      {"apiUri":"/server"}
info: ===> TimeStamp : 2025-04-15 05:10:55===> API : null ===> Message : validateRequest() invoked
info: ===> TimeStamp : 2025-04-15 05:10:55===> API : null ===> Message : validateRequest() Error:: Invalid Request :: 
      {"apiUri":"/.vscode/sftp.json"}
info: ===> TimeStamp : 2025-04-15 05:10:55===> API : null ===> Message : validateRequest() invoked
info: ===> TimeStamp : 2025-04-15 05:10:55===> API : null ===> Message : validateRequest() Error:: Invalid Request :: 
      {"apiUri":"/about"}
info: ===> TimeStamp : 2025-04-15 05:10:56===> API : null ===> Message : validateRequest() invoked
info: ===> TimeStamp : 2025-04-15 05:10:56===> API : null ===> Message : validateRequest() Error:: Invalid Request :: 
      {"apiUri":"/debug/default/view"}
info: ===> TimeStamp : 2025-04-15 05:10:56===> API : null ===> Message : validateRequest() invoked
info: ===> TimeStamp : 2025-04-15 05:10:56===> API : null ===> Message : validateRequest() Error:: Invalid Request :: 
      {"apiUri":"/v2/_catalog"}
info: ===> TimeStamp : 2025-04-15 05:10:57===> API : null ===> Message : validateRequest() invoked
info: ===> TimeStamp : 2025-04-15 05:10:57===> API : null ===> Message : validateRequest() Error:: Invalid Request :: 
      {"apiUri":"/ecp/Current/exporttool/microsoft.exchange.ediscovery.exporttool.application"}
info: ===> TimeStamp : 2025-04-15 05:10:57===> API : null ===> Message : validateRequest() invoked
info: ===> TimeStamp : 2025-04-15 05:10:57===> API : null ===> Message : validateRequest() Error:: Invalid Request :: 
      {"apiUri":"/server-status"}
info: ===> TimeStamp : 2025-04-15 05:10:57===> API : null ===> Message : validateRequest() invoked
info: ===> TimeStamp : 2025-04-15 05:10:57===> API : null ===> Message : validateRequest() Error:: Invalid Request :: 
      {"apiUri":"/login.action"}
info: ===> TimeStamp : 2025-04-15 05:10:58===> API : null ===> Message : validateRequest() invoked
info: ===> TimeStamp : 2025-04-15 05:10:58===> API : null ===> Message : validateRequest() Error:: Invalid Request :: 
      {"apiUri":"/_all_dbs"}
info: ===> TimeStamp : 2025-04-15 05:10:58===> API : null ===> Message : validateRequest() invoked
info: ===> TimeStamp : 2025-04-15 05:10:58===> API : null ===> Message : validateRequest() Error:: Invalid Request :: 
      {"apiUri":"/.DS_Store"}
info: ===> TimeStamp : 2025-04-15 05:10:58===> API : null ===> Message : validateRequest() invoked
info: ===> TimeStamp : 2025-04-15 05:10:58===> API : null ===> Message : validateRequest() Error:: Invalid Request :: 
      {"apiUri":"/.env"}
info: ===> TimeStamp : 2025-04-15 05:10:59===> API : null ===> Message : validateRequest() invoked
info: ===> TimeStamp : 2025-04-15 05:10:59===> API : null ===> Message : validateRequest() Error:: Invalid Request :: 
      {"apiUri":"/.git/config"}
info: ===> TimeStamp : 2025-04-15 05:10:59===> API : null ===> Message : validateRequest() invoked
info: ===> TimeStamp : 2025-04-15 05:10:59===> API : null ===> Message : validateRequest() Error:: Invalid Request :: 
      {"apiUri":"/s/535313e27313e273e233/_/;/META-INF/maven/com.atlassian.jira/jira-webapp-dist/pom.properties"}
info: ===> TimeStamp : 2025-04-15 05:11:00===> API : null ===> Message : validateRequest() invoked
info: ===> TimeStamp : 2025-04-15 05:11:00===> API : null ===> Message : validateRequest() Error:: Invalid Request :: 
      {"apiUri":"/config.json"}
info: ===> TimeStamp : 2025-04-15 05:11:00===> API : null ===> Message : validateRequest() invoked
info: ===> TimeStamp : 2025-04-15 05:11:00===> API : null ===> Message : validateRequest() Error:: Invalid Request :: 
      {"apiUri":"/telescope/requests"}
info: ===> TimeStamp : 2025-04-15 05:11:00===> API : null ===> Message : validateRequest() invoked
info: ===> TimeStamp : 2025-04-15 05:11:00===> API : null ===> Message : validateRequest() Error:: Invalid Request :: 
      {"apiUri":"/info.php"}
info: ===> TimeStamp : 2025-04-15 05:11:01===> API : null ===> Message : validateRequest() invoked
info: ===> TimeStamp : 2025-04-15 05:11:01===> API : null ===> Message : validateRequest() Error:: Invalid Request :: 
      {"apiUri":"/"}
