info: ===> TimeStamp : 2025-04-19 06:45:35===> API : null ===> Message : validateRequest() invoked
info: ===> TimeStamp : 2025-04-19 06:45:35===> API : null ===> Message : fetchDBSettings()
info: ===> TimeStamp : 2025-04-19 06:45:35===> API : null ===> Message : validateRequest() Invoked!
info: ===> TimeStamp : 2025-04-19 06:45:35===> API : null ===> Message : validRequest() :: Api validated Successfully
info: ===> TimeStamp : 2025-04-19 06:45:35===> API : /api/auth/logout ===> Message : logoutUser() invoked!!
info: ===> TimeStamp : 2025-04-19 06:45:35===> API : /api/auth/logout ===> Message : logoutUser() :: Request Object :: [object Object]
info: ===> TimeStamp : 2025-04-19 06:45:35===> API : /api/auth/logout ===> Message : logoutUserDB() Invoked !
info: ===> TimeStamp : 2025-04-19 06:45:35===> API : /api/auth/logout ===> Message : logoutUserResponse() invoked!
info: ===> TimeStamp : 2025-04-19 06:45:35===> API : /api/auth/logout ===> Message : logoutUserResponse() completed
info: ===> TimeStamp : 2025-04-19 06:45:44===> API : null ===> Message : validateRequest() invoked
info: ===> TimeStamp : 2025-04-19 06:45:44===> API : null ===> Message : fetchDBSettings()
info: ===> TimeStamp : 2025-04-19 06:45:44===> API : null ===> Message : validateRequest() Invoked!
info: ===> TimeStamp : 2025-04-19 06:45:44===> API : null ===> Message : validRequest() :: Api validated Successfully
info: ===> TimeStamp : 2025-04-19 06:45:44===> API : /api/auth/validateuser ===> Message : validateUser() :: Request Object :: [object Object]
info: ===> TimeStamp : 2025-04-19 06:45:44===> API : /api/auth/validateuser ===> Message : validateUserDB() Invoked !
info: ===> TimeStamp : 2025-04-19 06:45:44===> API : /api/auth/validateuser ===> Message : validateUser() invoked!!
info: ===> TimeStamp : 2025-04-19 06:45:44===> API : /api/auth/validateuser ===> Message : validateUserResponse() invoked!
info: ===> TimeStamp : 2025-04-19 06:45:44===> API : /api/auth/validateuser ===> Message : validateUserResponse() completed
info: ===> TimeStamp : 2025-04-19 06:45:44===> API : null ===> Message : validateRequest() invoked
info: ===> TimeStamp : 2025-04-19 06:45:44===> API : null ===> Message : fetchDBSettings()
info: ===> TimeStamp : 2025-04-19 06:45:44===> API : null ===> Message : validateRequest() Invoked!
info: ===> TimeStamp : 2025-04-19 06:45:44===> API : null ===> Message : validRequest() :: Api validated Successfully
info: ===> TimeStamp : 2025-04-19 06:45:44===> API : /api/auth/checkIP ===> Message : checkIP() invoked!!
info: ===> TimeStamp : 2025-04-19 06:45:44===> API : /api/auth/checkIP ===> Message : checkIPResponse() invoked!
info: ===> TimeStamp : 2025-04-19 06:45:44===> API : /api/auth/checkIP ===> Message : IPs match: 103.255.182.117
info: ===> TimeStamp : 2025-04-19 06:45:44===> API : /api/auth/checkIP ===> Message : checkIPResponse() completed
info: ===> TimeStamp : 2025-04-19 06:45:44===> API : null ===> Message : validateRequest() invoked
info: ===> TimeStamp : 2025-04-19 06:45:44===> API : null ===> Message : fetchDBSettings()
info: ===> TimeStamp : 2025-04-19 06:45:44===> API : null ===> Message : validateRequest() Invoked!
info: ===> TimeStamp : 2025-04-19 06:45:45===> API : null ===> Message : validRequest() :: Api validated Successfully
info: ===> TimeStamp : 2025-04-19 06:45:45===> API : /api/auth/login ===> Message : loginUser() invoked!!
info: ===> TimeStamp : 2025-04-19 06:45:45===> API : /api/auth/login ===> Message : loginUser() :: Request Object :: [object Object]
info: ===> TimeStamp : 2025-04-19 06:45:45===> API : /api/auth/login ===> Message : loginUserDB() Invoked !
info: ===> TimeStamp : 2025-04-19 06:45:45===> API : /api/auth/login ===> Message : loginUserResponse() invoked!
info: ===> TimeStamp : 2025-04-19 06:45:45===> API : /api/auth/login ===> Message : loginUserResponse() completed
info: ===> TimeStamp : 2025-04-19 06:45:50===> API : null ===> Message : validateRequest() invoked
info: ===> TimeStamp : 2025-04-19 06:45:50===> API : null ===> Message : fetchDBSettings()
info: ===> TimeStamp : 2025-04-19 06:45:50===> API : null ===> Message : validateRequest() Invoked!
info: ===> TimeStamp : 2025-04-19 06:45:50===> API : null ===> Message : validRequest() :: Api validated Successfully
info: ===> TimeStamp : 2025-04-19 06:45:50===> API : /api/auth/logout ===> Message : logoutUser() invoked!!
info: ===> TimeStamp : 2025-04-19 06:45:50===> API : /api/auth/logout ===> Message : logoutUser() :: Request Object :: [object Object]
info: ===> TimeStamp : 2025-04-19 06:45:50===> API : /api/auth/logout ===> Message : logoutUserDB() Invoked !
info: ===> TimeStamp : 2025-04-19 06:45:50===> API : /api/auth/logout ===> Message : logoutUserResponse() invoked!
info: ===> TimeStamp : 2025-04-19 06:45:50===> API : /api/auth/logout ===> Message : logoutUserResponse() completed
info: ===> TimeStamp : 2025-04-19 06:46:05===> API : null ===> Message : validateRequest() invoked
info: ===> TimeStamp : 2025-04-19 06:46:05===> API : null ===> Message : fetchDBSettings()
info: ===> TimeStamp : 2025-04-19 06:46:05===> API : null ===> Message : validateRequest() Invoked!
info: ===> TimeStamp : 2025-04-19 06:46:05===> API : null ===> Message : validRequest() :: Api validated Successfully
info: ===> TimeStamp : 2025-04-19 06:46:05===> API : /api/auth/validateuser ===> Message : validateUser() invoked!!
info: ===> TimeStamp : 2025-04-19 06:46:05===> API : /api/auth/validateuser ===> Message : validateUser() :: Request Object :: [object Object]
info: ===> TimeStamp : 2025-04-19 06:46:05===> API : /api/auth/validateuser ===> Message : validateUserDB() Invoked !
info: ===> TimeStamp : 2025-04-19 06:46:05===> API : /api/auth/validateuser ===> Message : validateUserResponse() invoked!
info: ===> TimeStamp : 2025-04-19 06:46:05===> API : /api/auth/validateuser ===> Message : validateUserResponse() completed
info: ===> TimeStamp : 2025-04-19 06:46:05===> API : null ===> Message : validateRequest() invoked
info: ===> TimeStamp : 2025-04-19 06:46:05===> API : null ===> Message : fetchDBSettings()
info: ===> TimeStamp : 2025-04-19 06:46:05===> API : null ===> Message : validateRequest() Invoked!
info: ===> TimeStamp : 2025-04-19 06:46:05===> API : null ===> Message : validRequest() :: Api validated Successfully
info: ===> TimeStamp : 2025-04-19 06:46:05===> API : /api/auth/checkIP ===> Message : checkIP() invoked!!
info: ===> TimeStamp : 2025-04-19 06:46:05===> API : /api/auth/checkIP ===> Message : IPs match: 103.255.182.117
info: ===> TimeStamp : 2025-04-19 06:46:05===> API : /api/auth/checkIP ===> Message : checkIPResponse() invoked!
info: ===> TimeStamp : 2025-04-19 06:46:05===> API : /api/auth/checkIP ===> Message : checkIPResponse() completed
info: ===> TimeStamp : 2025-04-19 06:46:05===> API : null ===> Message : validateRequest() invoked
info: ===> TimeStamp : 2025-04-19 06:46:05===> API : null ===> Message : fetchDBSettings()
info: ===> TimeStamp : 2025-04-19 06:46:05===> API : null ===> Message : validateRequest() Invoked!
info: ===> TimeStamp : 2025-04-19 06:46:05===> API : null ===> Message : validRequest() :: Api validated Successfully
info: ===> TimeStamp : 2025-04-19 06:46:05===> API : /api/auth/login ===> Message : loginUser() invoked!!
info: ===> TimeStamp : 2025-04-19 06:46:05===> API : /api/auth/login ===> Message : loginUser() :: Request Object :: [object Object]
info: ===> TimeStamp : 2025-04-19 06:46:05===> API : /api/auth/login ===> Message : loginUserDB() Invoked !
info: ===> TimeStamp : 2025-04-19 06:46:05===> API : /api/auth/login ===> Message : loginUserResponse() invoked!
info: ===> TimeStamp : 2025-04-19 06:46:05===> API : /api/auth/login ===> Message : loginUserResponse() completed
info: ===> TimeStamp : 2025-04-19 06:46:25===> API : null ===> Message : validateRequest() invoked
info: ===> TimeStamp : 2025-04-19 06:46:25===> API : null ===> Message : fetchDBSettings()
info: ===> TimeStamp : 2025-04-19 06:46:25===> API : null ===> Message : validateRequest() Invoked!
info: ===> TimeStamp : 2025-04-19 06:46:25===> API : null ===> Message : validRequest() :: Api validated Successfully
info: ===> TimeStamp : 2025-04-19 06:46:25===> API : /api/auth/logout ===> Message : logoutUser() invoked!!
info: ===> TimeStamp : 2025-04-19 06:46:25===> API : /api/auth/logout ===> Message : logoutUser() :: Request Object :: [object Object]
info: ===> TimeStamp : 2025-04-19 06:46:25===> API : /api/auth/logout ===> Message : logoutUserDB() Invoked !
info: ===> TimeStamp : 2025-04-19 06:46:25===> API : /api/auth/logout ===> Message : logoutUserResponse() invoked!
info: ===> TimeStamp : 2025-04-19 06:46:25===> API : /api/auth/logout ===> Message : logoutUserResponse() completed
info: ===> TimeStamp : 2025-04-19 06:55:49===> API : null ===> Message : validateRequest() invoked
info: ===> TimeStamp : 2025-04-19 06:55:49===> API : null ===> Message : fetchDBSettings()
info: ===> TimeStamp : 2025-04-19 06:55:49===> API : null ===> Message : validateRequest() Invoked!
info: ===> TimeStamp : 2025-04-19 06:55:49===> API : null ===> Message : validRequest() :: Api validated Successfully
info: ===> TimeStamp : 2025-04-19 06:55:49===> API : /api/auth/validateuser ===> Message : validateUser() invoked!!
info: ===> TimeStamp : 2025-04-19 06:55:49===> API : /api/auth/validateuser ===> Message : validateUser() :: Request Object :: [object Object]
info: ===> TimeStamp : 2025-04-19 06:55:49===> API : /api/auth/validateuser ===> Message : validateUserDB() Invoked !
info: ===> TimeStamp : 2025-04-19 06:55:49===> API : /api/auth/validateuser ===> Message : validateUserResponse() invoked!
info: ===> TimeStamp : 2025-04-19 06:55:49===> API : /api/auth/validateuser ===> Message : validateUserResponse() completed
info: ===> TimeStamp : 2025-04-19 06:55:49===> API : null ===> Message : validateRequest() invoked
info: ===> TimeStamp : 2025-04-19 06:55:49===> API : null ===> Message : fetchDBSettings()
info: ===> TimeStamp : 2025-04-19 06:55:49===> API : null ===> Message : validateRequest() Invoked!
info: ===> TimeStamp : 2025-04-19 06:55:49===> API : null ===> Message : validRequest() :: Api validated Successfully
info: ===> TimeStamp : 2025-04-19 06:55:49===> API : /api/auth/checkIP ===> Message : checkIP() invoked!!
info: ===> TimeStamp : 2025-04-19 06:55:49===> API : /api/auth/checkIP ===> Message : IPs match: 103.255.182.117
info: ===> TimeStamp : 2025-04-19 06:55:49===> API : /api/auth/checkIP ===> Message : checkIPResponse() invoked!
info: ===> TimeStamp : 2025-04-19 06:55:49===> API : /api/auth/checkIP ===> Message : checkIPResponse() completed
info: ===> TimeStamp : 2025-04-19 06:55:49===> API : null ===> Message : validateRequest() invoked
info: ===> TimeStamp : 2025-04-19 06:55:49===> API : null ===> Message : fetchDBSettings()
info: ===> TimeStamp : 2025-04-19 06:55:49===> API : null ===> Message : validateRequest() Invoked!
info: ===> TimeStamp : 2025-04-19 06:55:49===> API : null ===> Message : validRequest() :: Api validated Successfully
info: ===> TimeStamp : 2025-04-19 06:55:49===> API : /api/auth/login ===> Message : loginUser() invoked!!
info: ===> TimeStamp : 2025-04-19 06:55:49===> API : /api/auth/login ===> Message : loginUser() :: Request Object :: [object Object]
info: ===> TimeStamp : 2025-04-19 06:55:49===> API : /api/auth/login ===> Message : loginUserDB() Invoked !
info: ===> TimeStamp : 2025-04-19 06:55:49===> API : /api/auth/login ===> Message : loginUserResponse() invoked!
info: ===> TimeStamp : 2025-04-19 06:55:49===> API : /api/auth/login ===> Message : loginUserResponse() completed
info: ===> TimeStamp : 2025-04-19 06:56:10===> API : null ===> Message : validateRequest() invoked
info: ===> TimeStamp : 2025-04-19 06:56:10===> API : null ===> Message : fetchDBSettings()
info: ===> TimeStamp : 2025-04-19 06:56:10===> API : null ===> Message : validateRequest() Invoked!
info: ===> TimeStamp : 2025-04-19 06:56:10===> API : null ===> Message : validRequest() :: Api validated Successfully
info: ===> TimeStamp : 2025-04-19 06:56:10===> API : /api/auth/validateuser ===> Message : validateUser() :: Request Object :: [object Object]
info: ===> TimeStamp : 2025-04-19 06:56:10===> API : /api/auth/validateuser ===> Message : validateUser() invoked!!
info: ===> TimeStamp : 2025-04-19 06:56:10===> API : /api/auth/validateuser ===> Message : validateUserDB() Invoked !
info: ===> TimeStamp : 2025-04-19 06:56:10===> API : /api/auth/validateuser ===> Message : validateUserResponse() invoked!
info: ===> TimeStamp : 2025-04-19 06:56:10===> API : /api/auth/validateuser ===> Message : validateUserResponse() completed
info: ===> TimeStamp : 2025-04-19 06:56:10===> API : null ===> Message : validateRequest() invoked
info: ===> TimeStamp : 2025-04-19 06:56:10===> API : null ===> Message : fetchDBSettings()
info: ===> TimeStamp : 2025-04-19 06:56:10===> API : null ===> Message : validateRequest() Invoked!
info: ===> TimeStamp : 2025-04-19 06:56:10===> API : null ===> Message : validRequest() :: Api validated Successfully
info: ===> TimeStamp : 2025-04-19 06:56:10===> API : /api/auth/checkIP ===> Message : checkIP() invoked!!
info: ===> TimeStamp : 2025-04-19 06:56:10===> API : /api/auth/checkIP ===> Message : IPs match: 103.225.102.194
info: ===> TimeStamp : 2025-04-19 06:56:10===> API : /api/auth/checkIP ===> Message : checkIPResponse() invoked!
info: ===> TimeStamp : 2025-04-19 06:56:10===> API : /api/auth/checkIP ===> Message : checkIPResponse() completed
info: ===> TimeStamp : 2025-04-19 06:56:10===> API : null ===> Message : validateRequest() invoked
info: ===> TimeStamp : 2025-04-19 06:56:10===> API : null ===> Message : fetchDBSettings()
info: ===> TimeStamp : 2025-04-19 06:56:10===> API : null ===> Message : validateRequest() Invoked!
info: ===> TimeStamp : 2025-04-19 06:56:10===> API : null ===> Message : validRequest() :: Api validated Successfully
info: ===> TimeStamp : 2025-04-19 06:56:10===> API : /api/auth/login ===> Message : loginUser() invoked!!
info: ===> TimeStamp : 2025-04-19 06:56:10===> API : /api/auth/login ===> Message : loginUser() :: Request Object :: [object Object]
info: ===> TimeStamp : 2025-04-19 06:56:10===> API : /api/auth/login ===> Message : loginUserDB() Invoked !
info: ===> TimeStamp : 2025-04-19 06:56:10===> API : /api/auth/login ===> Message : loginUserResponse() invoked!
info: ===> TimeStamp : 2025-04-19 06:56:10===> API : /api/auth/login ===> Message : loginUserResponse() completed
info: ===> TimeStamp : 2025-04-19 08:36:33===> API : null ===> Message : validateRequest() invoked
info: ===> TimeStamp : 2025-04-19 08:36:33===> API : null ===> Message : validateRequest() Error:: Invalid Request :: 
      {"apiUri":"/_profiler/phpinfo"}
info: ===> TimeStamp : 2025-04-19 10:38:32===> API : null ===> Message : validateRequest() invoked
info: ===> TimeStamp : 2025-04-19 10:38:32===> API : null ===> Message : fetchDBSettings()
info: ===> TimeStamp : 2025-04-19 10:38:32===> API : null ===> Message : validateRequest() Invoked!
info: ===> TimeStamp : 2025-04-19 10:38:32===> API : null ===> Message : validRequest() :: Api validated Successfully
info: ===> TimeStamp : 2025-04-19 10:38:32===> API : /api/auth/validateuser ===> Message : validateUser() invoked!!
info: ===> TimeStamp : 2025-04-19 10:38:32===> API : /api/auth/validateuser ===> Message : validateUser() :: Request Object :: [object Object]
info: ===> TimeStamp : 2025-04-19 10:38:32===> API : /api/auth/validateuser ===> Message : validateUserDB() Invoked !
info: ===> TimeStamp : 2025-04-19 10:38:32===> API : /api/auth/validateuser ===> Message : validateUserResponse() invoked!
info: ===> TimeStamp : 2025-04-19 10:38:32===> API : /api/auth/validateuser ===> Message : validateUserResponse() completed
info: ===> TimeStamp : 2025-04-19 10:38:32===> API : null ===> Message : validateRequest() invoked
info: ===> TimeStamp : 2025-04-19 10:38:32===> API : null ===> Message : fetchDBSettings()
info: ===> TimeStamp : 2025-04-19 10:38:32===> API : null ===> Message : validateRequest() Invoked!
info: ===> TimeStamp : 2025-04-19 10:38:32===> API : null ===> Message : validRequest() :: Api validated Successfully
info: ===> TimeStamp : 2025-04-19 10:38:32===> API : /api/auth/checkIP ===> Message : checkIP() invoked!!
info: ===> TimeStamp : 2025-04-19 10:38:32===> API : /api/auth/checkIP ===> Message : IPs match: 103.255.182.117
info: ===> TimeStamp : 2025-04-19 10:38:32===> API : /api/auth/checkIP ===> Message : checkIPResponse() invoked!
info: ===> TimeStamp : 2025-04-19 10:38:32===> API : /api/auth/checkIP ===> Message : checkIPResponse() completed
info: ===> TimeStamp : 2025-04-19 10:38:32===> API : null ===> Message : validateRequest() invoked
info: ===> TimeStamp : 2025-04-19 10:38:32===> API : null ===> Message : fetchDBSettings()
info: ===> TimeStamp : 2025-04-19 10:38:32===> API : null ===> Message : validateRequest() Invoked!
info: ===> TimeStamp : 2025-04-19 10:38:32===> API : null ===> Message : validRequest() :: Api validated Successfully
info: ===> TimeStamp : 2025-04-19 10:38:32===> API : /api/auth/login ===> Message : loginUser() invoked!!
info: ===> TimeStamp : 2025-04-19 10:38:32===> API : /api/auth/login ===> Message : loginUser() :: Request Object :: [object Object]
info: ===> TimeStamp : 2025-04-19 10:38:32===> API : /api/auth/login ===> Message : loginUserDB() Invoked !
info: ===> TimeStamp : 2025-04-19 10:38:32===> API : /api/auth/login ===> Message : loginUserResponse() invoked!
info: ===> TimeStamp : 2025-04-19 10:38:32===> API : /api/auth/login ===> Message : loginUserResponse() completed
info: ===> TimeStamp : 2025-04-19 10:41:16===> API : null ===> Message : validateRequest() invoked
info: ===> TimeStamp : 2025-04-19 10:41:16===> API : null ===> Message : fetchDBSettings()
info: ===> TimeStamp : 2025-04-19 10:41:16===> API : null ===> Message : validateRequest() Invoked!
info: ===> TimeStamp : 2025-04-19 10:41:16===> API : null ===> Message : validRequest() :: Api validated Successfully
info: ===> TimeStamp : 2025-04-19 10:41:16===> API : /api/auth/validateuser ===> Message : validateUser() invoked!!
info: ===> TimeStamp : 2025-04-19 10:41:16===> API : /api/auth/validateuser ===> Message : validateUser() :: Request Object :: [object Object]
info: ===> TimeStamp : 2025-04-19 10:41:16===> API : /api/auth/validateuser ===> Message : validateUserDB() Invoked !
info: ===> TimeStamp : 2025-04-19 10:41:16===> API : /api/auth/validateuser ===> Message : validateUserResponse() invoked!
info: ===> TimeStamp : 2025-04-19 10:41:16===> API : /api/auth/validateuser ===> Message : validateUserResponse() completed
info: ===> TimeStamp : 2025-04-19 10:41:16===> API : null ===> Message : validateRequest() invoked
info: ===> TimeStamp : 2025-04-19 10:41:16===> API : null ===> Message : fetchDBSettings()
info: ===> TimeStamp : 2025-04-19 10:41:16===> API : null ===> Message : validateRequest() Invoked!
info: ===> TimeStamp : 2025-04-19 10:41:16===> API : null ===> Message : validRequest() :: Api validated Successfully
info: ===> TimeStamp : 2025-04-19 10:41:16===> API : /api/auth/login ===> Message : loginUser() invoked!!
info: ===> TimeStamp : 2025-04-19 10:41:16===> API : /api/auth/login ===> Message : loginUser() :: Request Object :: [object Object]
info: ===> TimeStamp : 2025-04-19 10:41:16===> API : /api/auth/login ===> Message : loginUserDB() Invoked !
info: ===> TimeStamp : 2025-04-19 10:41:16===> API : /api/auth/login ===> Message : loginUserResponse() invoked!
info: ===> TimeStamp : 2025-04-19 10:41:16===> API : /api/auth/login ===> Message : loginUserResponse() completed
info: ===> TimeStamp : 2025-04-19 10:45:45===> API : null ===> Message : validateRequest() invoked
info: ===> TimeStamp : 2025-04-19 10:45:45===> API : null ===> Message : validateRequest() Error:: Invalid Request :: 
      {"apiUri":"/"}
info: ===> TimeStamp : 2025-04-19 14:48:08===> API : null ===> Message : validateRequest() invoked
info: ===> TimeStamp : 2025-04-19 14:48:08===> API : null ===> Message : fetchDBSettings()
info: ===> TimeStamp : 2025-04-19 14:48:08===> API : null ===> Message : validateRequest() Invoked!
info: ===> TimeStamp : 2025-04-19 14:48:08===> API : null ===> Message : validRequest() :: Api validated Successfully
info: ===> TimeStamp : 2025-04-19 14:48:08===> API : /api/auth/validateuser ===> Message : validateUser() invoked!!
info: ===> TimeStamp : 2025-04-19 14:48:08===> API : /api/auth/validateuser ===> Message : validateUser() :: Request Object :: [object Object]
info: ===> TimeStamp : 2025-04-19 14:48:08===> API : /api/auth/validateuser ===> Message : validateUserDB() Invoked !
info: ===> TimeStamp : 2025-04-19 14:48:08===> API : /api/auth/validateuser ===> Message : validateUserResponse() invoked!
info: ===> TimeStamp : 2025-04-19 14:48:08===> API : /api/auth/validateuser ===> Message : validateUserResponse() completed
info: ===> TimeStamp : 2025-04-19 14:48:08===> API : null ===> Message : validateRequest() invoked
info: ===> TimeStamp : 2025-04-19 14:48:08===> API : null ===> Message : fetchDBSettings()
info: ===> TimeStamp : 2025-04-19 14:48:08===> API : null ===> Message : validateRequest() Invoked!
info: ===> TimeStamp : 2025-04-19 14:48:08===> API : null ===> Message : validRequest() :: Api validated Successfully
info: ===> TimeStamp : 2025-04-19 14:48:08===> API : /api/auth/login ===> Message : loginUser() :: Request Object :: [object Object]
info: ===> TimeStamp : 2025-04-19 14:48:08===> API : /api/auth/login ===> Message : loginUserDB() Invoked !
info: ===> TimeStamp : 2025-04-19 14:48:08===> API : /api/auth/login ===> Message : loginUser() invoked!!
info: ===> TimeStamp : 2025-04-19 14:48:08===> API : /api/auth/login ===> Message : loginUserResponse() invoked!
info: ===> TimeStamp : 2025-04-19 14:48:08===> API : /api/auth/login ===> Message : loginUserResponse() completed
info: ===> TimeStamp : 2025-04-19 14:54:54===> API : null ===> Message : validateRequest() invoked
info: ===> TimeStamp : 2025-04-19 14:54:54===> API : null ===> Message : fetchDBSettings()
info: ===> TimeStamp : 2025-04-19 14:54:54===> API : null ===> Message : validateRequest() Invoked!
info: ===> TimeStamp : 2025-04-19 14:54:54===> API : null ===> Message : validRequest() :: Api validated Successfully
info: ===> TimeStamp : 2025-04-19 14:54:54===> API : /api/auth/logout ===> Message : logoutUser() invoked!!
info: ===> TimeStamp : 2025-04-19 14:54:54===> API : /api/auth/logout ===> Message : logoutUser() :: Request Object :: [object Object]
info: ===> TimeStamp : 2025-04-19 14:54:54===> API : /api/auth/logout ===> Message : logoutUserDB() Invoked !
info: ===> TimeStamp : 2025-04-19 14:54:54===> API : /api/auth/logout ===> Message : logoutUserResponse() invoked!
info: ===> TimeStamp : 2025-04-19 14:54:54===> API : /api/auth/logout ===> Message : logoutUserResponse() completed
info: ===> TimeStamp : 2025-04-19 14:55:31===> API : null ===> Message : validateRequest() invoked
info: ===> TimeStamp : 2025-04-19 14:55:31===> API : null ===> Message : fetchDBSettings()
info: ===> TimeStamp : 2025-04-19 14:55:31===> API : null ===> Message : validateRequest() Invoked!
info: ===> TimeStamp : 2025-04-19 14:55:31===> API : null ===> Message : validRequest() :: Api validated Successfully
info: ===> TimeStamp : 2025-04-19 14:55:31===> API : /api/auth/logout ===> Message : logoutUser() invoked!!
info: ===> TimeStamp : 2025-04-19 14:55:31===> API : /api/auth/logout ===> Message : logoutUser() :: Request Object :: [object Object]
info: ===> TimeStamp : 2025-04-19 14:55:31===> API : /api/auth/logout ===> Message : logoutUserDB() Invoked !
info: ===> TimeStamp : 2025-04-19 14:55:31===> API : /api/auth/logout ===> Message : logoutUserResponse() invoked!
info: ===> TimeStamp : 2025-04-19 14:55:31===> API : /api/auth/logout ===> Message : logoutUserResponse() completed
info: ===> TimeStamp : 2025-04-19 14:55:42===> API : null ===> Message : validateRequest() invoked
info: ===> TimeStamp : 2025-04-19 14:55:42===> API : null ===> Message : fetchDBSettings()
info: ===> TimeStamp : 2025-04-19 14:55:42===> API : null ===> Message : validateRequest() Invoked!
info: ===> TimeStamp : 2025-04-19 14:55:42===> API : null ===> Message : validRequest() :: Api validated Successfully
info: ===> TimeStamp : 2025-04-19 14:55:42===> API : /api/auth/validateuser ===> Message : validateUser() invoked!!
info: ===> TimeStamp : 2025-04-19 14:55:42===> API : /api/auth/validateuser ===> Message : validateUser() :: Request Object :: [object Object]
info: ===> TimeStamp : 2025-04-19 14:55:42===> API : /api/auth/validateuser ===> Message : validateUserDB() Invoked !
info: ===> TimeStamp : 2025-04-19 14:55:42===> API : /api/auth/validateuser ===> Message : validateUserResponse() invoked!
info: ===> TimeStamp : 2025-04-19 14:55:42===> API : /api/auth/validateuser ===> Message : validateUserResponse() completed
info: ===> TimeStamp : 2025-04-19 14:55:42===> API : null ===> Message : validateRequest() invoked
info: ===> TimeStamp : 2025-04-19 14:55:42===> API : null ===> Message : fetchDBSettings()
info: ===> TimeStamp : 2025-04-19 14:55:42===> API : null ===> Message : validateRequest() Invoked!
info: ===> TimeStamp : 2025-04-19 14:55:42===> API : null ===> Message : validRequest() :: Api validated Successfully
info: ===> TimeStamp : 2025-04-19 14:55:42===> API : /api/auth/checkIP ===> Message : checkIP() invoked!!
info: ===> TimeStamp : 2025-04-19 14:55:42===> API : /api/auth/checkIP ===> Message : IPs match: 103.225.102.194
info: ===> TimeStamp : 2025-04-19 14:55:42===> API : /api/auth/checkIP ===> Message : checkIPResponse() invoked!
info: ===> TimeStamp : 2025-04-19 14:55:42===> API : /api/auth/checkIP ===> Message : checkIPResponse() completed
info: ===> TimeStamp : 2025-04-19 14:55:42===> API : null ===> Message : validateRequest() invoked
info: ===> TimeStamp : 2025-04-19 14:55:42===> API : null ===> Message : fetchDBSettings()
info: ===> TimeStamp : 2025-04-19 14:55:42===> API : null ===> Message : validateRequest() Invoked!
info: ===> TimeStamp : 2025-04-19 14:55:42===> API : null ===> Message : validRequest() :: Api validated Successfully
info: ===> TimeStamp : 2025-04-19 14:55:42===> API : /api/auth/login ===> Message : loginUser() :: Request Object :: [object Object]
info: ===> TimeStamp : 2025-04-19 14:55:42===> API : /api/auth/login ===> Message : loginUserDB() Invoked !
info: ===> TimeStamp : 2025-04-19 14:55:42===> API : /api/auth/login ===> Message : loginUser() invoked!!
info: ===> TimeStamp : 2025-04-19 14:55:42===> API : /api/auth/login ===> Message : loginUserResponse() invoked!
info: ===> TimeStamp : 2025-04-19 14:55:42===> API : /api/auth/login ===> Message : loginUserResponse() completed
info: ===> TimeStamp : 2025-04-19 14:56:14===> API : null ===> Message : validateRequest() invoked
info: ===> TimeStamp : 2025-04-19 14:56:14===> API : null ===> Message : fetchDBSettings()
info: ===> TimeStamp : 2025-04-19 14:56:14===> API : null ===> Message : validateRequest() Invoked!
info: ===> TimeStamp : 2025-04-19 14:56:14===> API : null ===> Message : validRequest() :: Api validated Successfully
info: ===> TimeStamp : 2025-04-19 14:56:14===> API : /api/auth/validateuser ===> Message : validateUser() invoked!!
info: ===> TimeStamp : 2025-04-19 14:56:14===> API : /api/auth/validateuser ===> Message : validateUser() :: Request Object :: [object Object]
info: ===> TimeStamp : 2025-04-19 14:56:14===> API : /api/auth/validateuser ===> Message : validateUserDB() Invoked !
info: ===> TimeStamp : 2025-04-19 14:56:14===> API : /api/auth/validateuser ===> Message : validateUserResponse() invoked!
info: ===> TimeStamp : 2025-04-19 14:56:14===> API : /api/auth/validateuser ===> Message : validateUserResponse() completed
info: ===> TimeStamp : 2025-04-19 14:56:14===> API : null ===> Message : validateRequest() invoked
info: ===> TimeStamp : 2025-04-19 14:56:14===> API : null ===> Message : fetchDBSettings()
info: ===> TimeStamp : 2025-04-19 14:56:14===> API : null ===> Message : validateRequest() Invoked!
info: ===> TimeStamp : 2025-04-19 14:56:14===> API : null ===> Message : validRequest() :: Api validated Successfully
info: ===> TimeStamp : 2025-04-19 14:56:14===> API : /api/auth/checkIP ===> Message : checkIP() invoked!!
info: ===> TimeStamp : 2025-04-19 14:56:14===> API : /api/auth/checkIP ===> Message : IPs match: 103.225.102.194
info: ===> TimeStamp : 2025-04-19 14:56:14===> API : /api/auth/checkIP ===> Message : checkIPResponse() invoked!
info: ===> TimeStamp : 2025-04-19 14:56:14===> API : /api/auth/checkIP ===> Message : checkIPResponse() completed
info: ===> TimeStamp : 2025-04-19 14:56:14===> API : null ===> Message : validateRequest() invoked
info: ===> TimeStamp : 2025-04-19 14:56:14===> API : null ===> Message : fetchDBSettings()
info: ===> TimeStamp : 2025-04-19 14:56:14===> API : null ===> Message : validateRequest() Invoked!
info: ===> TimeStamp : 2025-04-19 14:56:14===> API : null ===> Message : validRequest() :: Api validated Successfully
info: ===> TimeStamp : 2025-04-19 14:56:14===> API : /api/auth/login ===> Message : loginUser() invoked!!
info: ===> TimeStamp : 2025-04-19 14:56:14===> API : /api/auth/login ===> Message : loginUser() :: Request Object :: [object Object]
info: ===> TimeStamp : 2025-04-19 14:56:14===> API : /api/auth/login ===> Message : loginUserDB() Invoked !
info: ===> TimeStamp : 2025-04-19 14:56:14===> API : /api/auth/login ===> Message : loginUserResponse() invoked!
info: ===> TimeStamp : 2025-04-19 14:56:14===> API : /api/auth/login ===> Message : loginUserResponse() completed
info: ===> TimeStamp : 2025-04-19 15:02:49===> API : null ===> Message : validateRequest() invoked
info: ===> TimeStamp : 2025-04-19 15:02:49===> API : null ===> Message : fetchDBSettings()
info: ===> TimeStamp : 2025-04-19 15:02:49===> API : null ===> Message : validateRequest() Invoked!
info: ===> TimeStamp : 2025-04-19 15:02:49===> API : null ===> Message : validRequest() :: Api validated Successfully
info: ===> TimeStamp : 2025-04-19 15:02:49===> API : /api/auth/logout ===> Message : logoutUser() invoked!!
info: ===> TimeStamp : 2025-04-19 15:02:49===> API : /api/auth/logout ===> Message : logoutUser() :: Request Object :: [object Object]
info: ===> TimeStamp : 2025-04-19 15:02:49===> API : /api/auth/logout ===> Message : logoutUserDB() Invoked !
info: ===> TimeStamp : 2025-04-19 15:02:49===> API : /api/auth/logout ===> Message : logoutUserResponse() invoked!
info: ===> TimeStamp : 2025-04-19 15:02:49===> API : /api/auth/logout ===> Message : logoutUserResponse() completed
info: ===> TimeStamp : 2025-04-19 16:33:20===> API : null ===> Message : validateRequest() invoked
info: ===> TimeStamp : 2025-04-19 16:33:20===> API : null ===> Message : validateRequest() Error:: Invalid Request :: 
      {"apiUri":"/"}
info: ===> TimeStamp : 2025-04-19 16:33:25===> API : null ===> Message : validateRequest() invoked
info: ===> TimeStamp : 2025-04-19 16:33:25===> API : null ===> Message : validateRequest() Error:: Invalid Request :: 
      {"apiUri":"/favicon.ico"}
info: ===> TimeStamp : 2025-04-19 16:33:49===> API : null ===> Message : validateRequest() invoked
info: ===> TimeStamp : 2025-04-19 16:33:49===> API : null ===> Message : validateRequest() Error:: Invalid Request :: 
      {"apiUri":"/favicon.ico"}
info: ===> TimeStamp : 2025-04-19 18:21:53===> API : null ===> Message : validateRequest() invoked
info: ===> TimeStamp : 2025-04-19 18:21:53===> API : null ===> Message : validateRequest() Error:: Invalid Request :: 
      {"apiUri":"/"}
info: ===> TimeStamp : 2025-04-19 18:42:56===> API : null ===> Message : validateRequest() invoked
info: ===> TimeStamp : 2025-04-19 18:42:56===> API : null ===> Message : validateRequest() Error:: Invalid Request :: 
      {"apiUri":"/pdown"}
info: ===> TimeStamp : 2025-04-19 19:06:41===> API : null ===> Message : validateRequest() invoked
info: ===> TimeStamp : 2025-04-19 19:06:41===> API : null ===> Message : fetchDBSettings()
info: ===> TimeStamp : 2025-04-19 19:06:41===> API : null ===> Message : validateRequest() Invoked!
info: ===> TimeStamp : 2025-04-19 19:06:41===> API : null ===> Message : validRequest() :: Api validated Successfully
info: ===> TimeStamp : 2025-04-19 19:06:41===> API : /api/auth/validateuser ===> Message : validateUser() invoked!!
info: ===> TimeStamp : 2025-04-19 19:06:41===> API : /api/auth/validateuser ===> Message : validateUser() :: Request Object :: [object Object]
info: ===> TimeStamp : 2025-04-19 19:06:41===> API : /api/auth/validateuser ===> Message : validateUserDB() Invoked !
info: ===> TimeStamp : 2025-04-19 19:06:41===> API : /api/auth/validateuser ===> Message : validateUserResponse() invoked!
info: ===> TimeStamp : 2025-04-19 19:06:41===> API : /api/auth/validateuser ===> Message : validateUserResponse() completed
info: ===> TimeStamp : 2025-04-19 19:06:41===> API : null ===> Message : validateRequest() invoked
info: ===> TimeStamp : 2025-04-19 19:06:41===> API : null ===> Message : fetchDBSettings()
info: ===> TimeStamp : 2025-04-19 19:06:41===> API : null ===> Message : validateRequest() Invoked!
info: ===> TimeStamp : 2025-04-19 19:06:41===> API : null ===> Message : validRequest() :: Api validated Successfully
info: ===> TimeStamp : 2025-04-19 19:06:41===> API : /api/auth/login ===> Message : loginUser() invoked!!
info: ===> TimeStamp : 2025-04-19 19:06:41===> API : /api/auth/login ===> Message : loginUser() :: Request Object :: [object Object]
info: ===> TimeStamp : 2025-04-19 19:06:41===> API : /api/auth/login ===> Message : loginUserDB() Invoked !
info: ===> TimeStamp : 2025-04-19 19:06:42===> API : /api/auth/login ===> Message : loginUserResponse() invoked!
info: ===> TimeStamp : 2025-04-19 19:06:42===> API : /api/auth/login ===> Message : loginUserResponse() completed
info: ===> TimeStamp : 2025-04-19 19:28:02===> API : null ===> Message : validateRequest() invoked
info: ===> TimeStamp : 2025-04-19 19:28:02===> API : null ===> Message : validateRequest() Error:: Invalid Request :: 
      {"apiUri":"/"}
info: ===> TimeStamp : 2025-04-19 19:28:20===> API : null ===> Message : validateRequest() invoked
info: ===> TimeStamp : 2025-04-19 19:28:20===> API : null ===> Message : validateRequest() Error:: Invalid Request :: 
      {"apiUri":"/"}
info: ===> TimeStamp : 2025-04-19 19:28:22===> API : null ===> Message : validateRequest() invoked
info: ===> TimeStamp : 2025-04-19 19:28:22===> API : null ===> Message : validateRequest() Error:: Invalid Request :: 
      {"apiUri":"/favicon.ico"}
info: ===> TimeStamp : 2025-04-19 19:28:34===> API : null ===> Message : validateRequest() invoked
info: ===> TimeStamp : 2025-04-19 19:28:34===> API : null ===> Message : validateRequest() Error:: Invalid Request :: 
      {"apiUri":"/favicon.ico"}
info: ===> TimeStamp : 2025-04-19 19:28:59===> API : null ===> Message : validateRequest() invoked
info: ===> TimeStamp : 2025-04-19 19:28:59===> API : null ===> Message : fetchDBSettings()
info: ===> TimeStamp : 2025-04-19 19:28:59===> API : null ===> Message : validateRequest() Invoked!
info: ===> TimeStamp : 2025-04-19 19:28:59===> API : null ===> Message : validRequest() :: Api validated Successfully
info: ===> TimeStamp : 2025-04-19 19:28:59===> API : /api/auth/validateuser ===> Message : validateUser() invoked!!
info: ===> TimeStamp : 2025-04-19 19:28:59===> API : /api/auth/validateuser ===> Message : validateUser() :: Request Object :: [object Object]
info: ===> TimeStamp : 2025-04-19 19:28:59===> API : /api/auth/validateuser ===> Message : validateUserDB() Invoked !
info: ===> TimeStamp : 2025-04-19 19:28:59===> API : /api/auth/validateuser ===> Message : validateUserResponse() invoked!
info: ===> TimeStamp : 2025-04-19 19:28:59===> API : /api/auth/validateuser ===> Message : validateUserResponse() completed
info: ===> TimeStamp : 2025-04-19 19:29:00===> API : null ===> Message : validateRequest() invoked
info: ===> TimeStamp : 2025-04-19 19:29:00===> API : null ===> Message : fetchDBSettings()
info: ===> TimeStamp : 2025-04-19 19:29:00===> API : null ===> Message : validateRequest() Invoked!
info: ===> TimeStamp : 2025-04-19 19:29:00===> API : null ===> Message : validRequest() :: Api validated Successfully
info: ===> TimeStamp : 2025-04-19 19:29:00===> API : /api/auth/login ===> Message : loginUser() invoked!!
info: ===> TimeStamp : 2025-04-19 19:29:00===> API : /api/auth/login ===> Message : loginUser() :: Request Object :: [object Object]
info: ===> TimeStamp : 2025-04-19 19:29:00===> API : /api/auth/login ===> Message : loginUserDB() Invoked !
info: ===> TimeStamp : 2025-04-19 19:29:00===> API : /api/auth/login ===> Message : loginUserResponse() invoked!
info: ===> TimeStamp : 2025-04-19 19:29:00===> API : /api/auth/login ===> Message : loginUserResponse() completed
info: ===> TimeStamp : 2025-04-19 20:02:28===> API : null ===> Message : validateRequest() invoked
info: ===> TimeStamp : 2025-04-19 20:02:28===> API : null ===> Message : fetchDBSettings()
info: ===> TimeStamp : 2025-04-19 20:02:28===> API : null ===> Message : validateRequest() Invoked!
info: ===> TimeStamp : 2025-04-19 20:02:28===> API : null ===> Message : validRequest() :: Api validated Successfully
info: ===> TimeStamp : 2025-04-19 20:02:28===> API : /api/auth/validateuser ===> Message : validateUser() invoked!!
info: ===> TimeStamp : 2025-04-19 20:02:28===> API : /api/auth/validateuser ===> Message : validateUser() :: Request Object :: [object Object]
info: ===> TimeStamp : 2025-04-19 20:02:28===> API : /api/auth/validateuser ===> Message : validateUserDB() Invoked !
info: ===> TimeStamp : 2025-04-19 20:02:28===> API : /api/auth/validateuser ===> Message : validateUserResponse() invoked!
info: ===> TimeStamp : 2025-04-19 20:02:28===> API : /api/auth/validateuser ===> Message : validateUserResponse() completed
info: ===> TimeStamp : 2025-04-19 20:02:28===> API : null ===> Message : validateRequest() invoked
info: ===> TimeStamp : 2025-04-19 20:02:28===> API : null ===> Message : fetchDBSettings()
info: ===> TimeStamp : 2025-04-19 20:02:28===> API : null ===> Message : validateRequest() Invoked!
info: ===> TimeStamp : 2025-04-19 20:02:28===> API : null ===> Message : validRequest() :: Api validated Successfully
info: ===> TimeStamp : 2025-04-19 20:02:28===> API : /api/auth/login ===> Message : loginUser() invoked!!
info: ===> TimeStamp : 2025-04-19 20:02:28===> API : /api/auth/login ===> Message : loginUser() :: Request Object :: [object Object]
info: ===> TimeStamp : 2025-04-19 20:02:28===> API : /api/auth/login ===> Message : loginUserDB() Invoked !
info: ===> TimeStamp : 2025-04-19 20:02:28===> API : /api/auth/login ===> Message : loginUserResponse() invoked!
info: ===> TimeStamp : 2025-04-19 20:02:28===> API : /api/auth/login ===> Message : loginUserResponse() completed
info: ===> TimeStamp : 2025-04-19 20:18:54===> API : null ===> Message : validateRequest() invoked
info: ===> TimeStamp : 2025-04-19 20:18:54===> API : null ===> Message : fetchDBSettings()
info: ===> TimeStamp : 2025-04-19 20:18:54===> API : null ===> Message : validateRequest() Invoked!
info: ===> TimeStamp : 2025-04-19 20:18:54===> API : null ===> Message : validRequest() :: Api validated Successfully
info: ===> TimeStamp : 2025-04-19 20:18:54===> API : /api/auth/validateuser ===> Message : validateUser() invoked!!
info: ===> TimeStamp : 2025-04-19 20:18:54===> API : /api/auth/validateuser ===> Message : validateUser() :: Request Object :: [object Object]
info: ===> TimeStamp : 2025-04-19 20:18:54===> API : /api/auth/validateuser ===> Message : validateUserDB() Invoked !
info: ===> TimeStamp : 2025-04-19 20:18:54===> API : /api/auth/validateuser ===> Message : validateUserResponse() invoked!
info: ===> TimeStamp : 2025-04-19 20:18:54===> API : /api/auth/validateuser ===> Message : validateUserResponse() completed
info: ===> TimeStamp : 2025-04-19 20:18:54===> API : null ===> Message : validateRequest() invoked
info: ===> TimeStamp : 2025-04-19 20:18:54===> API : null ===> Message : fetchDBSettings()
info: ===> TimeStamp : 2025-04-19 20:18:54===> API : null ===> Message : validateRequest() Invoked!
info: ===> TimeStamp : 2025-04-19 20:18:54===> API : null ===> Message : validRequest() :: Api validated Successfully
info: ===> TimeStamp : 2025-04-19 20:18:54===> API : /api/auth/login ===> Message : loginUser() invoked!!
info: ===> TimeStamp : 2025-04-19 20:18:54===> API : /api/auth/login ===> Message : loginUser() :: Request Object :: [object Object]
info: ===> TimeStamp : 2025-04-19 20:18:54===> API : /api/auth/login ===> Message : loginUserDB() Invoked !
info: ===> TimeStamp : 2025-04-19 20:18:54===> API : /api/auth/login ===> Message : loginUserResponse() invoked!
info: ===> TimeStamp : 2025-04-19 20:18:54===> API : /api/auth/login ===> Message : loginUserResponse() completed
info: ===> TimeStamp : 2025-04-19 21:16:37===> API : null ===> Message : validateRequest() invoked
info: ===> TimeStamp : 2025-04-19 21:16:37===> API : null ===> Message : fetchDBSettings()
info: ===> TimeStamp : 2025-04-19 21:16:37===> API : null ===> Message : validateRequest() Invoked!
info: ===> TimeStamp : 2025-04-19 21:16:37===> API : null ===> Message : validRequest() :: Api validated Successfully
info: ===> TimeStamp : 2025-04-19 21:16:37===> API : /api/auth/validateuser ===> Message : validateUser() invoked!!
info: ===> TimeStamp : 2025-04-19 21:16:37===> API : /api/auth/validateuser ===> Message : validateUser() :: Request Object :: [object Object]
info: ===> TimeStamp : 2025-04-19 21:16:37===> API : /api/auth/validateuser ===> Message : validateUserDB() Invoked !
info: ===> TimeStamp : 2025-04-19 21:16:37===> API : /api/auth/validateuser ===> Message : validateUserResponse() invoked!
info: ===> TimeStamp : 2025-04-19 21:16:37===> API : /api/auth/validateuser ===> Message : validateUserResponse() completed
info: ===> TimeStamp : 2025-04-19 21:16:38===> API : null ===> Message : validateRequest() invoked
info: ===> TimeStamp : 2025-04-19 21:16:38===> API : null ===> Message : fetchDBSettings()
info: ===> TimeStamp : 2025-04-19 21:16:38===> API : null ===> Message : validateRequest() Invoked!
info: ===> TimeStamp : 2025-04-19 21:16:38===> API : /api/auth/login ===> Message : loginUser() invoked!!
info: ===> TimeStamp : 2025-04-19 21:16:38===> API : null ===> Message : validRequest() :: Api validated Successfully
info: ===> TimeStamp : 2025-04-19 21:16:38===> API : /api/auth/login ===> Message : loginUser() :: Request Object :: [object Object]
info: ===> TimeStamp : 2025-04-19 21:16:38===> API : /api/auth/login ===> Message : loginUserDB() Invoked !
info: ===> TimeStamp : 2025-04-19 21:16:38===> API : /api/auth/login ===> Message : loginUserResponse() invoked!
info: ===> TimeStamp : 2025-04-19 21:16:38===> API : /api/auth/login ===> Message : loginUserResponse() completed
info: ===> TimeStamp : 2025-04-19 21:25:36===> API : null ===> Message : fetchDBSettings()
info: ===> TimeStamp : 2025-04-19 21:25:36===> API : null ===> Message : validateRequest() invoked
info: ===> TimeStamp : 2025-04-19 21:25:36===> API : null ===> Message : validateRequest() Invoked!
info: ===> TimeStamp : 2025-04-19 21:25:36===> API : null ===> Message : validRequest() :: Api validated Successfully
info: ===> TimeStamp : 2025-04-19 21:25:36===> API : /api/auth/validateuser ===> Message : validateUser() invoked!!
info: ===> TimeStamp : 2025-04-19 21:25:36===> API : /api/auth/validateuser ===> Message : validateUser() :: Request Object :: [object Object]
info: ===> TimeStamp : 2025-04-19 21:25:36===> API : /api/auth/validateuser ===> Message : validateUserDB() Invoked !
info: ===> TimeStamp : 2025-04-19 21:25:36===> API : /api/auth/validateuser ===> Message : validateUserResponse() invoked!
info: ===> TimeStamp : 2025-04-19 21:25:36===> API : /api/auth/validateuser ===> Message : validateUserResponse() completed
info: ===> TimeStamp : 2025-04-19 21:25:36===> API : null ===> Message : validateRequest() invoked
info: ===> TimeStamp : 2025-04-19 21:25:36===> API : null ===> Message : fetchDBSettings()
info: ===> TimeStamp : 2025-04-19 21:25:36===> API : null ===> Message : validateRequest() Invoked!
info: ===> TimeStamp : 2025-04-19 21:25:36===> API : null ===> Message : validRequest() :: Api validated Successfully
info: ===> TimeStamp : 2025-04-19 21:25:36===> API : /api/auth/login ===> Message : loginUser() invoked!!
info: ===> TimeStamp : 2025-04-19 21:25:36===> API : /api/auth/login ===> Message : loginUser() :: Request Object :: [object Object]
info: ===> TimeStamp : 2025-04-19 21:25:36===> API : /api/auth/login ===> Message : loginUserDB() Invoked !
info: ===> TimeStamp : 2025-04-19 21:25:36===> API : /api/auth/login ===> Message : loginUserResponse() invoked!
info: ===> TimeStamp : 2025-04-19 21:25:36===> API : /api/auth/login ===> Message : loginUserResponse() completed
info: ===> TimeStamp : 2025-04-19 21:38:52===> API : null ===> Message : validateRequest() invoked
info: ===> TimeStamp : 2025-04-19 21:38:52===> API : null ===> Message : fetchDBSettings()
info: ===> TimeStamp : 2025-04-19 21:38:52===> API : null ===> Message : validateRequest() Invoked!
info: ===> TimeStamp : 2025-04-19 21:38:52===> API : null ===> Message : validRequest() :: Api validated Successfully
info: ===> TimeStamp : 2025-04-19 21:38:52===> API : /api/auth/validateuser ===> Message : validateUser() invoked!!
info: ===> TimeStamp : 2025-04-19 21:38:52===> API : /api/auth/validateuser ===> Message : validateUser() :: Request Object :: [object Object]
info: ===> TimeStamp : 2025-04-19 21:38:52===> API : /api/auth/validateuser ===> Message : validateUserDB() Invoked !
info: ===> TimeStamp : 2025-04-19 21:38:52===> API : /api/auth/validateuser ===> Message : validateUserResponse() invoked!
info: ===> TimeStamp : 2025-04-19 21:38:52===> API : /api/auth/validateuser ===> Message : validateUserResponse() completed
info: ===> TimeStamp : 2025-04-19 21:38:52===> API : null ===> Message : validateRequest() invoked
info: ===> TimeStamp : 2025-04-19 21:38:52===> API : null ===> Message : fetchDBSettings()
info: ===> TimeStamp : 2025-04-19 21:38:52===> API : null ===> Message : validateRequest() Invoked!
info: ===> TimeStamp : 2025-04-19 21:38:52===> API : null ===> Message : validRequest() :: Api validated Successfully
info: ===> TimeStamp : 2025-04-19 21:38:52===> API : /api/auth/login ===> Message : loginUser() invoked!!
info: ===> TimeStamp : 2025-04-19 21:38:52===> API : /api/auth/login ===> Message : loginUser() :: Request Object :: [object Object]
info: ===> TimeStamp : 2025-04-19 21:38:52===> API : /api/auth/login ===> Message : loginUserDB() Invoked !
info: ===> TimeStamp : 2025-04-19 21:38:52===> API : /api/auth/login ===> Message : loginUserResponse() invoked!
info: ===> TimeStamp : 2025-04-19 21:38:52===> API : /api/auth/login ===> Message : loginUserResponse() completed
info: ===> TimeStamp : 2025-04-19 21:40:27===> API : null ===> Message : validateRequest() invoked
info: ===> TimeStamp : 2025-04-19 21:40:27===> API : null ===> Message : fetchDBSettings()
info: ===> TimeStamp : 2025-04-19 21:40:27===> API : null ===> Message : validateRequest() Invoked!
info: ===> TimeStamp : 2025-04-19 21:40:27===> API : null ===> Message : validRequest() :: Api validated Successfully
info: ===> TimeStamp : 2025-04-19 21:40:27===> API : /api/auth/validateuser ===> Message : validateUser() invoked!!
info: ===> TimeStamp : 2025-04-19 21:40:27===> API : /api/auth/validateuser ===> Message : validateUser() :: Request Object :: [object Object]
info: ===> TimeStamp : 2025-04-19 21:40:27===> API : /api/auth/validateuser ===> Message : validateUserDB() Invoked !
info: ===> TimeStamp : 2025-04-19 21:40:27===> API : /api/auth/validateuser ===> Message : validateUserResponse() invoked!
info: ===> TimeStamp : 2025-04-19 21:40:27===> API : /api/auth/validateuser ===> Message : validateUserResponse() completed
info: ===> TimeStamp : 2025-04-19 21:40:34===> API : null ===> Message : validateRequest() invoked
info: ===> TimeStamp : 2025-04-19 21:40:34===> API : null ===> Message : fetchDBSettings()
info: ===> TimeStamp : 2025-04-19 21:40:34===> API : null ===> Message : validateRequest() Invoked!
info: ===> TimeStamp : 2025-04-19 21:40:34===> API : null ===> Message : validRequest() :: Api validated Successfully
info: ===> TimeStamp : 2025-04-19 21:40:34===> API : /api/auth/login ===> Message : loginUser() invoked!!
info: ===> TimeStamp : 2025-04-19 21:40:34===> API : /api/auth/login ===> Message : loginUser() :: Request Object :: [object Object]
info: ===> TimeStamp : 2025-04-19 21:40:34===> API : /api/auth/login ===> Message : loginUserDB() Invoked !
info: ===> TimeStamp : 2025-04-19 21:40:34===> API : /api/auth/login ===> Message : loginUserResponse() invoked!
info: ===> TimeStamp : 2025-04-19 21:40:34===> API : /api/auth/login ===> Message : loginUserResponse() completed
info: ===> TimeStamp : 2025-04-19 21:48:56===> API : null ===> Message : validateRequest() invoked
info: ===> TimeStamp : 2025-04-19 21:48:56===> API : null ===> Message : fetchDBSettings()
info: ===> TimeStamp : 2025-04-19 21:48:56===> API : null ===> Message : validateRequest() Invoked!
info: ===> TimeStamp : 2025-04-19 21:48:56===> API : null ===> Message : validRequest() :: Api validated Successfully
info: ===> TimeStamp : 2025-04-19 21:48:56===> API : /api/auth/logout ===> Message : logoutUser() invoked!!
info: ===> TimeStamp : 2025-04-19 21:48:56===> API : /api/auth/logout ===> Message : logoutUser() :: Request Object :: [object Object]
info: ===> TimeStamp : 2025-04-19 21:48:56===> API : /api/auth/logout ===> Message : logoutUserDB() Invoked !
info: ===> TimeStamp : 2025-04-19 21:48:56===> API : /api/auth/logout ===> Message : logoutUserResponse() invoked!
info: ===> TimeStamp : 2025-04-19 21:48:56===> API : /api/auth/logout ===> Message : logoutUserResponse() completed
info: ===> TimeStamp : 2025-04-19 21:52:57===> API : null ===> Message : validateRequest() invoked
info: ===> TimeStamp : 2025-04-19 21:52:57===> API : null ===> Message : fetchDBSettings()
info: ===> TimeStamp : 2025-04-19 21:52:57===> API : null ===> Message : validateRequest() Invoked!
info: ===> TimeStamp : 2025-04-19 21:52:57===> API : null ===> Message : validRequest() :: Api validated Successfully
info: ===> TimeStamp : 2025-04-19 21:52:57===> API : /api/auth/logout ===> Message : logoutUser() invoked!!
info: ===> TimeStamp : 2025-04-19 21:52:57===> API : /api/auth/logout ===> Message : logoutUser() :: Request Object :: [object Object]
info: ===> TimeStamp : 2025-04-19 21:52:57===> API : /api/auth/logout ===> Message : logoutUserDB() Invoked !
info: ===> TimeStamp : 2025-04-19 21:52:57===> API : /api/auth/logout ===> Message : logoutUserResponse() invoked!
info: ===> TimeStamp : 2025-04-19 21:52:57===> API : /api/auth/logout ===> Message : logoutUserResponse() completed
info: ===> TimeStamp : 2025-04-19 21:53:17===> API : null ===> Message : validateRequest() invoked
info: ===> TimeStamp : 2025-04-19 21:53:17===> API : null ===> Message : fetchDBSettings()
info: ===> TimeStamp : 2025-04-19 21:53:17===> API : null ===> Message : validateRequest() Invoked!
info: ===> TimeStamp : 2025-04-19 21:53:17===> API : null ===> Message : validRequest() :: Api validated Successfully
info: ===> TimeStamp : 2025-04-19 21:53:17===> API : /api/auth/validateuser ===> Message : validateUser() invoked!!
info: ===> TimeStamp : 2025-04-19 21:53:17===> API : /api/auth/validateuser ===> Message : validateUser() :: Request Object :: [object Object]
info: ===> TimeStamp : 2025-04-19 21:53:17===> API : /api/auth/validateuser ===> Message : validateUserDB() Invoked !
info: ===> TimeStamp : 2025-04-19 21:53:17===> API : /api/auth/validateuser ===> Message : validateUserResponse() invoked!
info: ===> TimeStamp : 2025-04-19 21:53:17===> API : /api/auth/validateuser ===> Message : validateUserResponse() completed
info: ===> TimeStamp : 2025-04-19 21:53:17===> API : null ===> Message : validateRequest() invoked
info: ===> TimeStamp : 2025-04-19 21:53:17===> API : null ===> Message : fetchDBSettings()
info: ===> TimeStamp : 2025-04-19 21:53:17===> API : null ===> Message : validateRequest() Invoked!
info: ===> TimeStamp : 2025-04-19 21:53:17===> API : null ===> Message : validRequest() :: Api validated Successfully
info: ===> TimeStamp : 2025-04-19 21:53:17===> API : /api/auth/checkIP ===> Message : checkIP() invoked!!
info: ===> TimeStamp : 2025-04-19 21:53:17===> API : /api/auth/checkIP ===> Message : IPs match: 103.255.182.117
info: ===> TimeStamp : 2025-04-19 21:53:17===> API : /api/auth/checkIP ===> Message : checkIPResponse() invoked!
info: ===> TimeStamp : 2025-04-19 21:53:17===> API : /api/auth/checkIP ===> Message : checkIPResponse() completed
info: ===> TimeStamp : 2025-04-19 21:53:17===> API : null ===> Message : validateRequest() invoked
info: ===> TimeStamp : 2025-04-19 21:53:17===> API : null ===> Message : fetchDBSettings()
info: ===> TimeStamp : 2025-04-19 21:53:17===> API : null ===> Message : validateRequest() Invoked!
info: ===> TimeStamp : 2025-04-19 21:53:17===> API : null ===> Message : validRequest() :: Api validated Successfully
info: ===> TimeStamp : 2025-04-19 21:53:17===> API : /api/auth/login ===> Message : loginUser() invoked!!
info: ===> TimeStamp : 2025-04-19 21:53:17===> API : /api/auth/login ===> Message : loginUser() :: Request Object :: [object Object]
info: ===> TimeStamp : 2025-04-19 21:53:17===> API : /api/auth/login ===> Message : loginUserDB() Invoked !
info: ===> TimeStamp : 2025-04-19 21:53:17===> API : /api/auth/login ===> Message : loginUserResponse() invoked!
info: ===> TimeStamp : 2025-04-19 21:53:17===> API : /api/auth/login ===> Message : loginUserResponse() completed
info: ===> TimeStamp : 2025-04-19 21:53:52===> API : null ===> Message : validateRequest() invoked
info: ===> TimeStamp : 2025-04-19 21:53:52===> API : null ===> Message : fetchDBSettings()
info: ===> TimeStamp : 2025-04-19 21:53:52===> API : null ===> Message : validateRequest() Invoked!
info: ===> TimeStamp : 2025-04-19 21:53:52===> API : null ===> Message : validRequest() :: Api validated Successfully
info: ===> TimeStamp : 2025-04-19 21:53:52===> API : /api/auth/validateuser ===> Message : validateUser() invoked!!
info: ===> TimeStamp : 2025-04-19 21:53:52===> API : /api/auth/validateuser ===> Message : validateUser() :: Request Object :: [object Object]
info: ===> TimeStamp : 2025-04-19 21:53:52===> API : /api/auth/validateuser ===> Message : validateUserDB() Invoked !
info: ===> TimeStamp : 2025-04-19 21:53:52===> API : /api/auth/validateuser ===> Message : validateUserResponse() invoked!
info: ===> TimeStamp : 2025-04-19 21:53:52===> API : /api/auth/validateuser ===> Message : validateUserResponse() completed
info: ===> TimeStamp : 2025-04-19 21:53:52===> API : null ===> Message : validateRequest() invoked
info: ===> TimeStamp : 2025-04-19 21:53:52===> API : null ===> Message : fetchDBSettings()
info: ===> TimeStamp : 2025-04-19 21:53:52===> API : null ===> Message : validateRequest() Invoked!
info: ===> TimeStamp : 2025-04-19 21:53:52===> API : null ===> Message : validRequest() :: Api validated Successfully
info: ===> TimeStamp : 2025-04-19 21:53:52===> API : /api/auth/checkIP ===> Message : checkIP() invoked!!
info: ===> TimeStamp : 2025-04-19 21:53:52===> API : /api/auth/checkIP ===> Message : IPs match: 103.225.102.194
info: ===> TimeStamp : 2025-04-19 21:53:52===> API : /api/auth/checkIP ===> Message : checkIPResponse() invoked!
info: ===> TimeStamp : 2025-04-19 21:53:52===> API : /api/auth/checkIP ===> Message : checkIPResponse() completed
info: ===> TimeStamp : 2025-04-19 21:53:53===> API : null ===> Message : validateRequest() invoked
info: ===> TimeStamp : 2025-04-19 21:53:53===> API : null ===> Message : fetchDBSettings()
info: ===> TimeStamp : 2025-04-19 21:53:53===> API : null ===> Message : validateRequest() Invoked!
info: ===> TimeStamp : 2025-04-19 21:53:53===> API : null ===> Message : validRequest() :: Api validated Successfully
info: ===> TimeStamp : 2025-04-19 21:53:53===> API : /api/auth/login ===> Message : loginUser() invoked!!
info: ===> TimeStamp : 2025-04-19 21:53:53===> API : /api/auth/login ===> Message : loginUser() :: Request Object :: [object Object]
info: ===> TimeStamp : 2025-04-19 21:53:53===> API : /api/auth/login ===> Message : loginUserDB() Invoked !
info: ===> TimeStamp : 2025-04-19 21:53:53===> API : /api/auth/login ===> Message : loginUserResponse() invoked!
info: ===> TimeStamp : 2025-04-19 21:53:53===> API : /api/auth/login ===> Message : loginUserResponse() completed
info: ===> TimeStamp : 2025-04-19 21:55:49===> API : null ===> Message : validateRequest() invoked
info: ===> TimeStamp : 2025-04-19 21:55:49===> API : null ===> Message : fetchDBSettings()
info: ===> TimeStamp : 2025-04-19 21:55:49===> API : null ===> Message : validateRequest() Invoked!
info: ===> TimeStamp : 2025-04-19 21:55:49===> API : null ===> Message : validRequest() :: Api validated Successfully
info: ===> TimeStamp : 2025-04-19 21:55:49===> API : /api/auth/validateuser ===> Message : validateUser() invoked!!
info: ===> TimeStamp : 2025-04-19 21:55:49===> API : /api/auth/validateuser ===> Message : validateUser() :: Request Object :: [object Object]
info: ===> TimeStamp : 2025-04-19 21:55:49===> API : /api/auth/validateuser ===> Message : validateUserDB() Invoked !
info: ===> TimeStamp : 2025-04-19 21:55:49===> API : /api/auth/validateuser ===> Message : validateUserResponse() invoked!
info: ===> TimeStamp : 2025-04-19 21:55:49===> API : /api/auth/validateuser ===> Message : validateUserResponse() completed
info: ===> TimeStamp : 2025-04-19 21:55:49===> API : null ===> Message : fetchDBSettings()
info: ===> TimeStamp : 2025-04-19 21:55:49===> API : null ===> Message : validateRequest() invoked
info: ===> TimeStamp : 2025-04-19 21:55:49===> API : null ===> Message : validateRequest() Invoked!
info: ===> TimeStamp : 2025-04-19 21:55:49===> API : null ===> Message : validRequest() :: Api validated Successfully
info: ===> TimeStamp : 2025-04-19 21:55:49===> API : /api/auth/login ===> Message : loginUser() invoked!!
info: ===> TimeStamp : 2025-04-19 21:55:49===> API : /api/auth/login ===> Message : loginUser() :: Request Object :: [object Object]
info: ===> TimeStamp : 2025-04-19 21:55:49===> API : /api/auth/login ===> Message : loginUserDB() Invoked !
info: ===> TimeStamp : 2025-04-19 21:55:49===> API : /api/auth/login ===> Message : loginUserResponse() invoked!
info: ===> TimeStamp : 2025-04-19 21:55:49===> API : /api/auth/login ===> Message : loginUserResponse() completed
info: ===> TimeStamp : 2025-04-19 22:26:33===> API : null ===> Message : validateRequest() invoked
info: ===> TimeStamp : 2025-04-19 22:26:33===> API : null ===> Message : fetchDBSettings()
info: ===> TimeStamp : 2025-04-19 22:26:33===> API : null ===> Message : validateRequest() Invoked!
info: ===> TimeStamp : 2025-04-19 22:26:33===> API : null ===> Message : validRequest() :: Api validated Successfully
info: ===> TimeStamp : 2025-04-19 22:26:33===> API : /api/auth/validateuser ===> Message : validateUser() invoked!!
info: ===> TimeStamp : 2025-04-19 22:26:33===> API : /api/auth/validateuser ===> Message : validateUser() :: Request Object :: [object Object]
info: ===> TimeStamp : 2025-04-19 22:26:33===> API : /api/auth/validateuser ===> Message : validateUserDB() Invoked !
info: ===> TimeStamp : 2025-04-19 22:26:33===> API : /api/auth/validateuser ===> Message : validateUserResponse() invoked!
info: ===> TimeStamp : 2025-04-19 22:26:33===> API : /api/auth/validateuser ===> Message : validateUserResponse() completed
info: ===> TimeStamp : 2025-04-19 22:26:33===> API : null ===> Message : validateRequest() invoked
info: ===> TimeStamp : 2025-04-19 22:26:33===> API : null ===> Message : fetchDBSettings()
info: ===> TimeStamp : 2025-04-19 22:26:33===> API : null ===> Message : validateRequest() Invoked!
info: ===> TimeStamp : 2025-04-19 22:26:33===> API : null ===> Message : validRequest() :: Api validated Successfully
info: ===> TimeStamp : 2025-04-19 22:26:33===> API : /api/auth/login ===> Message : loginUser() :: Request Object :: [object Object]
info: ===> TimeStamp : 2025-04-19 22:26:33===> API : /api/auth/login ===> Message : loginUser() invoked!!
info: ===> TimeStamp : 2025-04-19 22:26:33===> API : /api/auth/login ===> Message : loginUserDB() Invoked !
info: ===> TimeStamp : 2025-04-19 22:26:33===> API : /api/auth/login ===> Message : loginUserResponse() invoked!
info: ===> TimeStamp : 2025-04-19 22:26:33===> API : /api/auth/login ===> Message : loginUserResponse() completed
info: ===> TimeStamp : 2025-04-19 22:39:19===> API : null ===> Message : validateRequest() invoked
info: ===> TimeStamp : 2025-04-19 22:39:19===> API : null ===> Message : fetchDBSettings()
info: ===> TimeStamp : 2025-04-19 22:39:19===> API : null ===> Message : validateRequest() Invoked!
info: ===> TimeStamp : 2025-04-19 22:39:19===> API : /api/auth/validateuser ===> Message : validateUser() invoked!!
info: ===> TimeStamp : 2025-04-19 22:39:19===> API : /api/auth/validateuser ===> Message : validateUser() :: Request Object :: [object Object]
info: ===> TimeStamp : 2025-04-19 22:39:19===> API : null ===> Message : validRequest() :: Api validated Successfully
info: ===> TimeStamp : 2025-04-19 22:39:19===> API : /api/auth/validateuser ===> Message : validateUserDB() Invoked !
info: ===> TimeStamp : 2025-04-19 22:39:19===> API : /api/auth/validateuser ===> Message : validateUserResponse() invoked!
info: ===> TimeStamp : 2025-04-19 22:39:19===> API : /api/auth/validateuser ===> Message : validateUserResponse() completed
info: ===> TimeStamp : 2025-04-19 22:39:19===> API : null ===> Message : validateRequest() invoked
info: ===> TimeStamp : 2025-04-19 22:39:19===> API : null ===> Message : fetchDBSettings()
info: ===> TimeStamp : 2025-04-19 22:39:19===> API : null ===> Message : validateRequest() Invoked!
info: ===> TimeStamp : 2025-04-19 22:39:19===> API : null ===> Message : validRequest() :: Api validated Successfully
info: ===> TimeStamp : 2025-04-19 22:39:19===> API : /api/auth/login ===> Message : loginUser() invoked!!
info: ===> TimeStamp : 2025-04-19 22:39:19===> API : /api/auth/login ===> Message : loginUser() :: Request Object :: [object Object]
info: ===> TimeStamp : 2025-04-19 22:39:19===> API : /api/auth/login ===> Message : loginUserDB() Invoked !
info: ===> TimeStamp : 2025-04-19 22:39:19===> API : /api/auth/login ===> Message : loginUserResponse() invoked!
info: ===> TimeStamp : 2025-04-19 22:39:19===> API : /api/auth/login ===> Message : loginUserResponse() completed
info: ===> TimeStamp : 2025-04-19 22:43:58===> API : null ===> Message : validateRequest() invoked
info: ===> TimeStamp : 2025-04-19 22:43:58===> API : null ===> Message : fetchDBSettings()
info: ===> TimeStamp : 2025-04-19 22:43:58===> API : null ===> Message : validateRequest() Invoked!
info: ===> TimeStamp : 2025-04-19 22:43:58===> API : null ===> Message : validRequest() :: Api validated Successfully
info: ===> TimeStamp : 2025-04-19 22:43:58===> API : /api/auth/validateuser ===> Message : validateUser() invoked!!
info: ===> TimeStamp : 2025-04-19 22:43:58===> API : /api/auth/validateuser ===> Message : validateUser() :: Request Object :: [object Object]
info: ===> TimeStamp : 2025-04-19 22:43:58===> API : /api/auth/validateuser ===> Message : validateUserDB() Invoked !
info: ===> TimeStamp : 2025-04-19 22:43:58===> API : /api/auth/validateuser ===> Message : validateUserResponse() invoked!
info: ===> TimeStamp : 2025-04-19 22:43:58===> API : /api/auth/validateuser ===> Message : validateUserResponse() completed
info: ===> TimeStamp : 2025-04-19 22:43:58===> API : null ===> Message : validateRequest() invoked
info: ===> TimeStamp : 2025-04-19 22:43:58===> API : null ===> Message : fetchDBSettings()
info: ===> TimeStamp : 2025-04-19 22:43:58===> API : null ===> Message : validateRequest() Invoked!
info: ===> TimeStamp : 2025-04-19 22:43:58===> API : null ===> Message : validRequest() :: Api validated Successfully
info: ===> TimeStamp : 2025-04-19 22:43:58===> API : /api/auth/checkIP ===> Message : checkIP() invoked!!
info: ===> TimeStamp : 2025-04-19 22:43:58===> API : /api/auth/checkIP ===> Message : IPs match: 103.255.182.117
info: ===> TimeStamp : 2025-04-19 22:43:58===> API : /api/auth/checkIP ===> Message : checkIPResponse() invoked!
info: ===> TimeStamp : 2025-04-19 22:43:58===> API : /api/auth/checkIP ===> Message : checkIPResponse() completed
info: ===> TimeStamp : 2025-04-19 22:43:58===> API : null ===> Message : validateRequest() invoked
info: ===> TimeStamp : 2025-04-19 22:43:58===> API : null ===> Message : fetchDBSettings()
info: ===> TimeStamp : 2025-04-19 22:43:58===> API : null ===> Message : validateRequest() Invoked!
info: ===> TimeStamp : 2025-04-19 22:43:58===> API : null ===> Message : validRequest() :: Api validated Successfully
info: ===> TimeStamp : 2025-04-19 22:43:58===> API : /api/auth/login ===> Message : loginUser() invoked!!
info: ===> TimeStamp : 2025-04-19 22:43:58===> API : /api/auth/login ===> Message : loginUser() :: Request Object :: [object Object]
info: ===> TimeStamp : 2025-04-19 22:43:58===> API : /api/auth/login ===> Message : loginUserDB() Invoked !
info: ===> TimeStamp : 2025-04-19 22:43:58===> API : /api/auth/login ===> Message : loginUserResponse() invoked!
info: ===> TimeStamp : 2025-04-19 22:43:58===> API : /api/auth/login ===> Message : loginUserResponse() completed
info: ===> TimeStamp : 2025-04-19 23:06:36===> API : null ===> Message : validateRequest() invoked
info: ===> TimeStamp : 2025-04-19 23:06:36===> API : null ===> Message : fetchDBSettings()
info: ===> TimeStamp : 2025-04-19 23:06:36===> API : null ===> Message : validateRequest() Invoked!
info: ===> TimeStamp : 2025-04-19 23:06:36===> API : null ===> Message : validRequest() :: Api validated Successfully
info: ===> TimeStamp : 2025-04-19 23:06:36===> API : /api/auth/validateuser ===> Message : validateUser() invoked!!
info: ===> TimeStamp : 2025-04-19 23:06:36===> API : /api/auth/validateuser ===> Message : validateUser() :: Request Object :: [object Object]
info: ===> TimeStamp : 2025-04-19 23:06:36===> API : /api/auth/validateuser ===> Message : validateUserDB() Invoked !
info: ===> TimeStamp : 2025-04-19 23:06:36===> API : /api/auth/validateuser ===> Message : validateUserResponse() invoked!
info: ===> TimeStamp : 2025-04-19 23:06:36===> API : /api/auth/validateuser ===> Message : validateUserResponse() completed
info: ===> TimeStamp : 2025-04-19 23:06:36===> API : null ===> Message : validateRequest() invoked
info: ===> TimeStamp : 2025-04-19 23:06:36===> API : null ===> Message : fetchDBSettings()
info: ===> TimeStamp : 2025-04-19 23:06:36===> API : null ===> Message : validateRequest() Invoked!
info: ===> TimeStamp : 2025-04-19 23:06:36===> API : null ===> Message : validRequest() :: Api validated Successfully
info: ===> TimeStamp : 2025-04-19 23:06:36===> API : /api/auth/login ===> Message : loginUser() invoked!!
info: ===> TimeStamp : 2025-04-19 23:06:36===> API : /api/auth/login ===> Message : loginUser() :: Request Object :: [object Object]
info: ===> TimeStamp : 2025-04-19 23:06:36===> API : /api/auth/login ===> Message : loginUserDB() Invoked !
info: ===> TimeStamp : 2025-04-19 23:06:36===> API : /api/auth/login ===> Message : loginUserResponse() invoked!
info: ===> TimeStamp : 2025-04-19 23:06:36===> API : /api/auth/login ===> Message : loginUserResponse() completed
info: ===> TimeStamp : 2025-04-19 23:06:43===> API : null ===> Message : validateRequest() invoked
info: ===> TimeStamp : 2025-04-19 23:06:43===> API : null ===> Message : fetchDBSettings()
info: ===> TimeStamp : 2025-04-19 23:06:43===> API : null ===> Message : validateRequest() Invoked!
info: ===> TimeStamp : 2025-04-19 23:06:43===> API : null ===> Message : validRequest() :: Api validated Successfully
info: ===> TimeStamp : 2025-04-19 23:06:43===> API : /api/auth/validateuser ===> Message : validateUser() invoked!!
info: ===> TimeStamp : 2025-04-19 23:06:43===> API : /api/auth/validateuser ===> Message : validateUser() :: Request Object :: [object Object]
info: ===> TimeStamp : 2025-04-19 23:06:43===> API : /api/auth/validateuser ===> Message : validateUserDB() Invoked !
info: ===> TimeStamp : 2025-04-19 23:06:43===> API : /api/auth/validateuser ===> Message : validateUserResponse() invoked!
info: ===> TimeStamp : 2025-04-19 23:06:43===> API : /api/auth/validateuser ===> Message : validateUserResponse() completed
info: ===> TimeStamp : 2025-04-19 23:06:43===> API : null ===> Message : validateRequest() invoked
info: ===> TimeStamp : 2025-04-19 23:06:43===> API : null ===> Message : fetchDBSettings()
info: ===> TimeStamp : 2025-04-19 23:06:43===> API : null ===> Message : validateRequest() Invoked!
info: ===> TimeStamp : 2025-04-19 23:06:43===> API : null ===> Message : validRequest() :: Api validated Successfully
info: ===> TimeStamp : 2025-04-19 23:06:43===> API : /api/auth/login ===> Message : loginUser() invoked!!
info: ===> TimeStamp : 2025-04-19 23:06:43===> API : /api/auth/login ===> Message : loginUser() :: Request Object :: [object Object]
info: ===> TimeStamp : 2025-04-19 23:06:43===> API : /api/auth/login ===> Message : loginUserDB() Invoked !
info: ===> TimeStamp : 2025-04-19 23:06:43===> API : /api/auth/login ===> Message : loginUserResponse() invoked!
info: ===> TimeStamp : 2025-04-19 23:06:43===> API : /api/auth/login ===> Message : loginUserResponse() completed
info: ===> TimeStamp : 2025-04-19 23:32:16===> API : null ===> Message : validateRequest() invoked
info: ===> TimeStamp : 2025-04-19 23:32:16===> API : null ===> Message : fetchDBSettings()
info: ===> TimeStamp : 2025-04-19 23:32:16===> API : null ===> Message : validateRequest() Invoked!
info: ===> TimeStamp : 2025-04-19 23:32:16===> API : null ===> Message : validRequest() :: Api validated Successfully
info: ===> TimeStamp : 2025-04-19 23:32:16===> API : /api/auth/validateuser ===> Message : validateUser() invoked!!
info: ===> TimeStamp : 2025-04-19 23:32:16===> API : /api/auth/validateuser ===> Message : validateUser() :: Request Object :: [object Object]
info: ===> TimeStamp : 2025-04-19 23:32:16===> API : /api/auth/validateuser ===> Message : validateUserDB() Invoked !
info: ===> TimeStamp : 2025-04-19 23:32:16===> API : /api/auth/validateuser ===> Message : validateUserResponse() invoked!
info: ===> TimeStamp : 2025-04-19 23:32:16===> API : /api/auth/validateuser ===> Message : validateUserResponse() completed
info: ===> TimeStamp : 2025-04-19 23:32:16===> API : null ===> Message : validateRequest() invoked
info: ===> TimeStamp : 2025-04-19 23:32:16===> API : null ===> Message : fetchDBSettings()
info: ===> TimeStamp : 2025-04-19 23:32:16===> API : null ===> Message : validateRequest() Invoked!
info: ===> TimeStamp : 2025-04-19 23:32:16===> API : null ===> Message : validRequest() :: Api validated Successfully
info: ===> TimeStamp : 2025-04-19 23:32:16===> API : /api/auth/login ===> Message : loginUser() invoked!!
info: ===> TimeStamp : 2025-04-19 23:32:16===> API : /api/auth/login ===> Message : loginUser() :: Request Object :: [object Object]
info: ===> TimeStamp : 2025-04-19 23:32:16===> API : /api/auth/login ===> Message : loginUserDB() Invoked !
info: ===> TimeStamp : 2025-04-19 23:32:16===> API : /api/auth/login ===> Message : loginUserResponse() invoked!
info: ===> TimeStamp : 2025-04-19 23:32:16===> API : /api/auth/login ===> Message : loginUserResponse() completed
info: ===> TimeStamp : 2025-04-19 23:35:58===> API : null ===> Message : validateRequest() invoked
info: ===> TimeStamp : 2025-04-19 23:35:58===> API : null ===> Message : fetchDBSettings()
info: ===> TimeStamp : 2025-04-19 23:35:58===> API : null ===> Message : validateRequest() Invoked!
info: ===> TimeStamp : 2025-04-19 23:35:58===> API : null ===> Message : validRequest() :: Api validated Successfully
info: ===> TimeStamp : 2025-04-19 23:35:58===> API : /api/auth/validateuser ===> Message : validateUser() invoked!!
info: ===> TimeStamp : 2025-04-19 23:35:58===> API : /api/auth/validateuser ===> Message : validateUser() :: Request Object :: [object Object]
info: ===> TimeStamp : 2025-04-19 23:35:58===> API : /api/auth/validateuser ===> Message : validateUserDB() Invoked !
info: ===> TimeStamp : 2025-04-19 23:35:58===> API : /api/auth/validateuser ===> Message : validateUserResponse() invoked!
info: ===> TimeStamp : 2025-04-19 23:35:58===> API : /api/auth/validateuser ===> Message : validateUserResponse() completed
info: ===> TimeStamp : 2025-04-19 23:35:58===> API : null ===> Message : validateRequest() invoked
info: ===> TimeStamp : 2025-04-19 23:35:58===> API : null ===> Message : fetchDBSettings()
info: ===> TimeStamp : 2025-04-19 23:35:58===> API : null ===> Message : validateRequest() Invoked!
info: ===> TimeStamp : 2025-04-19 23:35:58===> API : null ===> Message : validRequest() :: Api validated Successfully
info: ===> TimeStamp : 2025-04-19 23:35:58===> API : /api/auth/login ===> Message : loginUser() invoked!!
info: ===> TimeStamp : 2025-04-19 23:35:58===> API : /api/auth/login ===> Message : loginUser() :: Request Object :: [object Object]
info: ===> TimeStamp : 2025-04-19 23:35:58===> API : /api/auth/login ===> Message : loginUserDB() Invoked !
info: ===> TimeStamp : 2025-04-19 23:35:58===> API : /api/auth/login ===> Message : loginUserResponse() invoked!
info: ===> TimeStamp : 2025-04-19 23:35:58===> API : /api/auth/login ===> Message : loginUserResponse() completed
info: ===> TimeStamp : 2025-04-19 23:50:21===> API : null ===> Message : validateRequest() invoked
info: ===> TimeStamp : 2025-04-19 23:50:21===> API : null ===> Message : fetchDBSettings()
info: ===> TimeStamp : 2025-04-19 23:50:21===> API : null ===> Message : validateRequest() Invoked!
info: ===> TimeStamp : 2025-04-19 23:50:21===> API : null ===> Message : validRequest() :: Api validated Successfully
info: ===> TimeStamp : 2025-04-19 23:50:21===> API : /api/auth/validateuser ===> Message : validateUser() invoked!!
info: ===> TimeStamp : 2025-04-19 23:50:21===> API : /api/auth/validateuser ===> Message : validateUser() :: Request Object :: [object Object]
info: ===> TimeStamp : 2025-04-19 23:50:21===> API : /api/auth/validateuser ===> Message : validateUserDB() Invoked !
info: ===> TimeStamp : 2025-04-19 23:50:21===> API : /api/auth/validateuser ===> Message : validateUserResponse() invoked!
info: ===> TimeStamp : 2025-04-19 23:50:21===> API : /api/auth/validateuser ===> Message : validateUserResponse() completed
info: ===> TimeStamp : 2025-04-19 23:50:21===> API : null ===> Message : validateRequest() invoked
info: ===> TimeStamp : 2025-04-19 23:50:21===> API : null ===> Message : fetchDBSettings()
info: ===> TimeStamp : 2025-04-19 23:50:21===> API : null ===> Message : validateRequest() Invoked!
info: ===> TimeStamp : 2025-04-19 23:50:21===> API : null ===> Message : validRequest() :: Api validated Successfully
info: ===> TimeStamp : 2025-04-19 23:50:21===> API : /api/auth/login ===> Message : loginUser() invoked!!
info: ===> TimeStamp : 2025-04-19 23:50:21===> API : /api/auth/login ===> Message : loginUser() :: Request Object :: [object Object]
info: ===> TimeStamp : 2025-04-19 23:50:21===> API : /api/auth/login ===> Message : loginUserDB() Invoked !
info: ===> TimeStamp : 2025-04-19 23:50:22===> API : /api/auth/login ===> Message : loginUserResponse() invoked!
info: ===> TimeStamp : 2025-04-19 23:50:22===> API : /api/auth/login ===> Message : loginUserResponse() completed
info: ===> TimeStamp : 2025-04-20 00:19:20===> API : null ===> Message : validateRequest() invoked
info: ===> TimeStamp : 2025-04-20 00:19:20===> API : null ===> Message : fetchDBSettings()
info: ===> TimeStamp : 2025-04-20 00:19:20===> API : null ===> Message : validateRequest() Invoked!
info: ===> TimeStamp : 2025-04-20 00:19:21===> API : null ===> Message : validRequest() :: Api validated Successfully
info: ===> TimeStamp : 2025-04-20 00:19:21===> API : /api/auth/validateuser ===> Message : validateUser() invoked!!
info: ===> TimeStamp : 2025-04-20 00:19:21===> API : /api/auth/validateuser ===> Message : validateUser() :: Request Object :: [object Object]
info: ===> TimeStamp : 2025-04-20 00:19:21===> API : /api/auth/validateuser ===> Message : validateUserDB() Invoked !
info: ===> TimeStamp : 2025-04-20 00:19:21===> API : /api/auth/validateuser ===> Message : validateUserResponse() invoked!
info: ===> TimeStamp : 2025-04-20 00:19:21===> API : /api/auth/validateuser ===> Message : validateUserResponse() completed
info: ===> TimeStamp : 2025-04-20 00:19:21===> API : null ===> Message : validateRequest() invoked
info: ===> TimeStamp : 2025-04-20 00:19:21===> API : null ===> Message : fetchDBSettings()
info: ===> TimeStamp : 2025-04-20 00:19:21===> API : null ===> Message : validateRequest() Invoked!
info: ===> TimeStamp : 2025-04-20 00:19:21===> API : null ===> Message : validRequest() :: Api validated Successfully
info: ===> TimeStamp : 2025-04-20 00:19:21===> API : /api/auth/login ===> Message : loginUser() invoked!!
info: ===> TimeStamp : 2025-04-20 00:19:21===> API : /api/auth/login ===> Message : loginUser() :: Request Object :: [object Object]
info: ===> TimeStamp : 2025-04-20 00:19:21===> API : /api/auth/login ===> Message : loginUserDB() Invoked !
info: ===> TimeStamp : 2025-04-20 00:19:21===> API : /api/auth/login ===> Message : loginUserResponse() invoked!
info: ===> TimeStamp : 2025-04-20 00:19:21===> API : /api/auth/login ===> Message : loginUserResponse() completed
info: ===> TimeStamp : 2025-04-20 00:28:54===> API : null ===> Message : validateRequest() invoked
info: ===> TimeStamp : 2025-04-20 00:28:54===> API : null ===> Message : fetchDBSettings()
info: ===> TimeStamp : 2025-04-20 00:28:54===> API : null ===> Message : validateRequest() Invoked!
info: ===> TimeStamp : 2025-04-20 00:28:54===> API : null ===> Message : validRequest() :: Api validated Successfully
info: ===> TimeStamp : 2025-04-20 00:28:54===> API : /api/auth/validateuser ===> Message : validateUser() invoked!!
info: ===> TimeStamp : 2025-04-20 00:28:54===> API : /api/auth/validateuser ===> Message : validateUser() :: Request Object :: [object Object]
info: ===> TimeStamp : 2025-04-20 00:28:54===> API : /api/auth/validateuser ===> Message : validateUserDB() Invoked !
info: ===> TimeStamp : 2025-04-20 00:28:54===> API : /api/auth/validateuser ===> Message : validateUserResponse() invoked!
info: ===> TimeStamp : 2025-04-20 00:28:54===> API : /api/auth/validateuser ===> Message : validateUserResponse() completed
info: ===> TimeStamp : 2025-04-20 00:28:54===> API : null ===> Message : validateRequest() invoked
info: ===> TimeStamp : 2025-04-20 00:28:54===> API : null ===> Message : fetchDBSettings()
info: ===> TimeStamp : 2025-04-20 00:28:54===> API : null ===> Message : validateRequest() Invoked!
info: ===> TimeStamp : 2025-04-20 00:28:54===> API : null ===> Message : validRequest() :: Api validated Successfully
info: ===> TimeStamp : 2025-04-20 00:28:54===> API : /api/auth/login ===> Message : loginUser() :: Request Object :: [object Object]
info: ===> TimeStamp : 2025-04-20 00:28:54===> API : /api/auth/login ===> Message : loginUser() invoked!!
info: ===> TimeStamp : 2025-04-20 00:28:54===> API : /api/auth/login ===> Message : loginUserDB() Invoked !
info: ===> TimeStamp : 2025-04-20 00:28:54===> API : /api/auth/login ===> Message : loginUserResponse() invoked!
info: ===> TimeStamp : 2025-04-20 00:28:54===> API : /api/auth/login ===> Message : loginUserResponse() completed
info: ===> TimeStamp : 2025-04-20 01:53:31===> API : null ===> Message : validateRequest() invoked
info: ===> TimeStamp : 2025-04-20 01:53:31===> API : null ===> Message : fetchDBSettings()
info: ===> TimeStamp : 2025-04-20 01:53:31===> API : null ===> Message : validateRequest() Invoked!
info: ===> TimeStamp : 2025-04-20 01:53:31===> API : null ===> Message : validRequest() :: Api validated Successfully
info: ===> TimeStamp : 2025-04-20 01:53:31===> API : /api/auth/validateuser ===> Message : validateUser() invoked!!
info: ===> TimeStamp : 2025-04-20 01:53:31===> API : /api/auth/validateuser ===> Message : validateUser() :: Request Object :: [object Object]
info: ===> TimeStamp : 2025-04-20 01:53:31===> API : /api/auth/validateuser ===> Message : validateUserDB() Invoked !
info: ===> TimeStamp : 2025-04-20 01:53:31===> API : /api/auth/validateuser ===> Message : validateUserResponse() completed
info: ===> TimeStamp : 2025-04-20 01:53:31===> API : /api/auth/validateuser ===> Message : validateUserResponse() invoked!
info: ===> TimeStamp : 2025-04-20 01:53:32===> API : null ===> Message : validateRequest() invoked
info: ===> TimeStamp : 2025-04-20 01:53:32===> API : null ===> Message : fetchDBSettings()
info: ===> TimeStamp : 2025-04-20 01:53:32===> API : null ===> Message : validateRequest() Invoked!
info: ===> TimeStamp : 2025-04-20 01:53:32===> API : null ===> Message : validRequest() :: Api validated Successfully
info: ===> TimeStamp : 2025-04-20 01:53:32===> API : /api/auth/login ===> Message : loginUser() invoked!!
info: ===> TimeStamp : 2025-04-20 01:53:32===> API : /api/auth/login ===> Message : loginUser() :: Request Object :: [object Object]
info: ===> TimeStamp : 2025-04-20 01:53:32===> API : /api/auth/login ===> Message : loginUserDB() Invoked !
info: ===> TimeStamp : 2025-04-20 01:53:32===> API : /api/auth/login ===> Message : loginUserResponse() invoked!
info: ===> TimeStamp : 2025-04-20 01:53:32===> API : /api/auth/login ===> Message : loginUserResponse() completed
info: ===> TimeStamp : 2025-04-20 02:57:57===> API : null ===> Message : validateRequest() invoked
info: ===> TimeStamp : 2025-04-20 02:57:57===> API : null ===> Message : fetchDBSettings()
info: ===> TimeStamp : 2025-04-20 02:57:57===> API : null ===> Message : validateRequest() Invoked!
info: ===> TimeStamp : 2025-04-20 02:57:57===> API : null ===> Message : validRequest() :: Api validated Successfully
info: ===> TimeStamp : 2025-04-20 02:57:57===> API : /api/auth/logout ===> Message : logoutUser() invoked!!
info: ===> TimeStamp : 2025-04-20 02:57:57===> API : /api/auth/logout ===> Message : logoutUser() :: Request Object :: [object Object]
info: ===> TimeStamp : 2025-04-20 02:57:57===> API : /api/auth/logout ===> Message : logoutUserDB() Invoked !
info: ===> TimeStamp : 2025-04-20 02:57:57===> API : /api/auth/logout ===> Message : logoutUserResponse() invoked!
info: ===> TimeStamp : 2025-04-20 02:57:57===> API : /api/auth/logout ===> Message : logoutUserResponse() completed
info: ===> TimeStamp : 2025-04-20 04:12:07===> API : null ===> Message : validateRequest() invoked
info: ===> TimeStamp : 2025-04-20 04:12:07===> API : null ===> Message : fetchDBSettings()
info: ===> TimeStamp : 2025-04-20 04:12:07===> API : null ===> Message : validateRequest() Invoked!
info: ===> TimeStamp : 2025-04-20 04:12:07===> API : null ===> Message : validRequest() :: Api validated Successfully
info: ===> TimeStamp : 2025-04-20 04:12:07===> API : /api/auth/logout ===> Message : logoutUser() invoked!!
info: ===> TimeStamp : 2025-04-20 04:12:07===> API : /api/auth/logout ===> Message : logoutUser() :: Request Object :: [object Object]
info: ===> TimeStamp : 2025-04-20 04:12:07===> API : /api/auth/logout ===> Message : logoutUserDB() Invoked !
info: ===> TimeStamp : 2025-04-20 04:12:07===> API : /api/auth/logout ===> Message : logoutUserResponse() invoked!
info: ===> TimeStamp : 2025-04-20 04:12:07===> API : /api/auth/logout ===> Message : logoutUserResponse() completed
info: ===> TimeStamp : 2025-04-20 04:12:13===> API : null ===> Message : validateRequest() invoked
info: ===> TimeStamp : 2025-04-20 04:12:13===> API : null ===> Message : fetchDBSettings()
info: ===> TimeStamp : 2025-04-20 04:12:13===> API : null ===> Message : validateRequest() Invoked!
info: ===> TimeStamp : 2025-04-20 04:12:13===> API : null ===> Message : validRequest() :: Api validated Successfully
info: ===> TimeStamp : 2025-04-20 04:12:13===> API : /api/auth/validateuser ===> Message : validateUser() invoked!!
info: ===> TimeStamp : 2025-04-20 04:12:13===> API : /api/auth/validateuser ===> Message : validateUser() :: Request Object :: [object Object]
info: ===> TimeStamp : 2025-04-20 04:12:13===> API : /api/auth/validateuser ===> Message : validateUserDB() Invoked !
info: ===> TimeStamp : 2025-04-20 04:12:13===> API : /api/auth/validateuser ===> Message : validateUserDB() :: Error :: {"code":"ER_SIGNAL_EXCEPTION","errno":1644,"sqlState":"10005","sqlMessage":"User Does Not Exist","sql":"CALL usp_validate_user('kamal', 'kamal@12')"}
info: ===> TimeStamp : 2025-04-20 04:12:13===> API : /api/auth/validateuser ===> Message : validateUserDBResult :: Error :: {"ErrorCode":10005,"ErrorMessage":"User Does Not Exist"}
info: ===> TimeStamp : 2025-04-20 04:12:13===> API : /api/auth/validateuser ===> Message : validateUserResponse() invoked!
info: ===> TimeStamp : 2025-04-20 04:12:13===> API : /api/auth/validateuser ===> Message : validateUserResponse() completed
info: ===> TimeStamp : 2025-04-20 04:12:19===> API : null ===> Message : validateRequest() invoked
info: ===> TimeStamp : 2025-04-20 04:12:19===> API : null ===> Message : fetchDBSettings()
info: ===> TimeStamp : 2025-04-20 04:12:19===> API : null ===> Message : validateRequest() Invoked!
info: ===> TimeStamp : 2025-04-20 04:12:19===> API : null ===> Message : validRequest() :: Api validated Successfully
info: ===> TimeStamp : 2025-04-20 04:12:19===> API : /api/auth/validateuser ===> Message : validateUser() invoked!!
info: ===> TimeStamp : 2025-04-20 04:12:19===> API : /api/auth/validateuser ===> Message : validateUser() :: Request Object :: [object Object]
info: ===> TimeStamp : 2025-04-20 04:12:19===> API : /api/auth/validateuser ===> Message : validateUserDB() Invoked !
info: ===> TimeStamp : 2025-04-20 04:12:19===> API : /api/auth/validateuser ===> Message : validateUserResponse() invoked!
info: ===> TimeStamp : 2025-04-20 04:12:19===> API : /api/auth/validateuser ===> Message : validateUserResponse() completed
info: ===> TimeStamp : 2025-04-20 04:12:19===> API : null ===> Message : validateRequest() invoked
info: ===> TimeStamp : 2025-04-20 04:12:19===> API : null ===> Message : fetchDBSettings()
info: ===> TimeStamp : 2025-04-20 04:12:19===> API : null ===> Message : validateRequest() Invoked!
info: ===> TimeStamp : 2025-04-20 04:12:19===> API : null ===> Message : validRequest() :: Api validated Successfully
info: ===> TimeStamp : 2025-04-20 04:12:19===> API : /api/auth/checkIP ===> Message : checkIP() invoked!!
info: ===> TimeStamp : 2025-04-20 04:12:19===> API : /api/auth/checkIP ===> Message : IPs match: 103.255.182.117
info: ===> TimeStamp : 2025-04-20 04:12:19===> API : /api/auth/checkIP ===> Message : checkIPResponse() invoked!
info: ===> TimeStamp : 2025-04-20 04:12:19===> API : /api/auth/checkIP ===> Message : checkIPResponse() completed
info: ===> TimeStamp : 2025-04-20 04:12:19===> API : null ===> Message : validateRequest() invoked
info: ===> TimeStamp : 2025-04-20 04:12:19===> API : null ===> Message : fetchDBSettings()
info: ===> TimeStamp : 2025-04-20 04:12:20===> API : null ===> Message : validateRequest() Invoked!
info: ===> TimeStamp : 2025-04-20 04:12:20===> API : null ===> Message : validRequest() :: Api validated Successfully
info: ===> TimeStamp : 2025-04-20 04:12:20===> API : /api/auth/login ===> Message : loginUser() invoked!!
info: ===> TimeStamp : 2025-04-20 04:12:20===> API : /api/auth/login ===> Message : loginUser() :: Request Object :: [object Object]
info: ===> TimeStamp : 2025-04-20 04:12:20===> API : /api/auth/login ===> Message : loginUserDB() Invoked !
info: ===> TimeStamp : 2025-04-20 04:12:20===> API : /api/auth/login ===> Message : loginUserResponse() invoked!
info: ===> TimeStamp : 2025-04-20 04:12:20===> API : /api/auth/login ===> Message : loginUserResponse() completed
info: ===> TimeStamp : 2025-04-20 04:12:58===> API : null ===> Message : validateRequest() invoked
info: ===> TimeStamp : 2025-04-20 04:12:58===> API : null ===> Message : fetchDBSettings()
info: ===> TimeStamp : 2025-04-20 04:12:58===> API : null ===> Message : validateRequest() Invoked!
info: ===> TimeStamp : 2025-04-20 04:12:58===> API : null ===> Message : validRequest() :: Api validated Successfully
info: ===> TimeStamp : 2025-04-20 04:12:58===> API : /api/auth/logout ===> Message : logoutUser() invoked!!
info: ===> TimeStamp : 2025-04-20 04:12:58===> API : /api/auth/logout ===> Message : logoutUser() :: Request Object :: [object Object]
info: ===> TimeStamp : 2025-04-20 04:12:58===> API : /api/auth/logout ===> Message : logoutUserDB() Invoked !
info: ===> TimeStamp : 2025-04-20 04:12:59===> API : /api/auth/logout ===> Message : logoutUserResponse() invoked!
info: ===> TimeStamp : 2025-04-20 04:12:59===> API : /api/auth/logout ===> Message : logoutUserResponse() completed
info: ===> TimeStamp : 2025-04-20 04:13:07===> API : null ===> Message : validateRequest() invoked
info: ===> TimeStamp : 2025-04-20 04:13:07===> API : null ===> Message : fetchDBSettings()
info: ===> TimeStamp : 2025-04-20 04:13:07===> API : null ===> Message : validateRequest() Invoked!
info: ===> TimeStamp : 2025-04-20 04:13:07===> API : null ===> Message : validRequest() :: Api validated Successfully
info: ===> TimeStamp : 2025-04-20 04:13:07===> API : /api/auth/validateuser ===> Message : validateUser() :: Request Object :: [object Object]
info: ===> TimeStamp : 2025-04-20 04:13:07===> API : /api/auth/validateuser ===> Message : validateUserDB() Invoked !
info: ===> TimeStamp : 2025-04-20 04:13:07===> API : /api/auth/validateuser ===> Message : validateUser() invoked!!
info: ===> TimeStamp : 2025-04-20 04:13:07===> API : /api/auth/validateuser ===> Message : validateUserResponse() invoked!
info: ===> TimeStamp : 2025-04-20 04:13:07===> API : /api/auth/validateuser ===> Message : validateUserResponse() completed
info: ===> TimeStamp : 2025-04-20 04:13:07===> API : null ===> Message : validateRequest() invoked
info: ===> TimeStamp : 2025-04-20 04:13:07===> API : null ===> Message : fetchDBSettings()
info: ===> TimeStamp : 2025-04-20 04:13:07===> API : null ===> Message : validateRequest() Invoked!
info: ===> TimeStamp : 2025-04-20 04:13:07===> API : null ===> Message : validRequest() :: Api validated Successfully
info: ===> TimeStamp : 2025-04-20 04:13:07===> API : /api/auth/checkIP ===> Message : checkIP() invoked!!
info: ===> TimeStamp : 2025-04-20 04:13:07===> API : /api/auth/checkIP ===> Message : IPs match: 103.255.182.117
info: ===> TimeStamp : 2025-04-20 04:13:07===> API : /api/auth/checkIP ===> Message : checkIPResponse() invoked!
info: ===> TimeStamp : 2025-04-20 04:13:07===> API : /api/auth/checkIP ===> Message : checkIPResponse() completed
info: ===> TimeStamp : 2025-04-20 04:13:07===> API : null ===> Message : validateRequest() invoked
info: ===> TimeStamp : 2025-04-20 04:13:07===> API : null ===> Message : fetchDBSettings()
info: ===> TimeStamp : 2025-04-20 04:13:07===> API : null ===> Message : validateRequest() Invoked!
info: ===> TimeStamp : 2025-04-20 04:13:07===> API : /api/auth/login ===> Message : loginUser() invoked!!
info: ===> TimeStamp : 2025-04-20 04:13:07===> API : null ===> Message : validRequest() :: Api validated Successfully
info: ===> TimeStamp : 2025-04-20 04:13:07===> API : /api/auth/login ===> Message : loginUser() :: Request Object :: [object Object]
info: ===> TimeStamp : 2025-04-20 04:13:07===> API : /api/auth/login ===> Message : loginUserDB() Invoked !
info: ===> TimeStamp : 2025-04-20 04:13:08===> API : /api/auth/login ===> Message : loginUserResponse() invoked!
info: ===> TimeStamp : 2025-04-20 04:13:08===> API : /api/auth/login ===> Message : loginUserResponse() completed
