info: ===> TimeStamp : 2025-03-13 07:01:14===> API : null ===> Message : validateRequest() invoked
info: ===> TimeStamp : 2025-03-13 07:01:14===> API : null ===> Message : fetchDBSettings()
info: ===> TimeStamp : 2025-03-13 07:01:14===> API : null ===> Message : validateRequest() Invoked!
info: ===> TimeStamp : 2025-03-13 07:01:14===> API : null ===> Message : validRequest() :: Api validated Successfully
info: ===> TimeStamp : 2025-03-13 07:01:14===> API : /api/auth/logout ===> Message : logoutUser() invoked!!
info: ===> TimeStamp : 2025-03-13 07:01:14===> API : /api/auth/logout ===> Message : logoutUser() :: Request Object :: [object Object]
info: ===> TimeStamp : 2025-03-13 07:01:14===> API : /api/auth/logout ===> Message : logoutUserDB() Invoked !
info: ===> TimeStamp : 2025-03-13 07:01:14===> API : /api/auth/logout ===> Message : logoutUserResponse() invoked!
info: ===> TimeStamp : 2025-03-13 07:01:14===> API : /api/auth/logout ===> Message : logoutUserResponse() completed
info: ===> TimeStamp : 2025-03-13 07:01:18===> API : null ===> Message : validateRequest() invoked
info: ===> TimeStamp : 2025-03-13 07:01:18===> API : null ===> Message : fetchDBSettings()
info: ===> TimeStamp : 2025-03-13 07:01:18===> API : null ===> Message : validateRequest() Invoked!
info: ===> TimeStamp : 2025-03-13 07:01:18===> API : null ===> Message : validRequest() :: Api validated Successfully
info: ===> TimeStamp : 2025-03-13 07:01:18===> API : /api/auth/validateuser ===> Message : validateUser() invoked!!
info: ===> TimeStamp : 2025-03-13 07:01:18===> API : /api/auth/validateuser ===> Message : validateUser() :: Request Object :: [object Object]
info: ===> TimeStamp : 2025-03-13 07:01:18===> API : /api/auth/validateuser ===> Message : validateUserDB() Invoked !
info: ===> TimeStamp : 2025-03-13 07:01:18===> API : /api/auth/validateuser ===> Message : validateUserResponse() invoked!
info: ===> TimeStamp : 2025-03-13 07:01:18===> API : /api/auth/validateuser ===> Message : validateUserResponse() completed
info: ===> TimeStamp : 2025-03-13 07:01:18===> API : null ===> Message : validateRequest() invoked
info: ===> TimeStamp : 2025-03-13 07:01:18===> API : null ===> Message : fetchDBSettings()
info: ===> TimeStamp : 2025-03-13 07:01:18===> API : null ===> Message : validateRequest() Invoked!
info: ===> TimeStamp : 2025-03-13 07:01:18===> API : null ===> Message : validRequest() :: Api validated Successfully
info: ===> TimeStamp : 2025-03-13 07:01:18===> API : /api/auth/checkIP ===> Message : checkIP() invoked!!
info: ===> TimeStamp : 2025-03-13 07:01:18===> API : /api/auth/checkIP ===> Message : IPs match: 103.225.102.162
info: ===> TimeStamp : 2025-03-13 07:01:18===> API : /api/auth/checkIP ===> Message : checkIPResponse() invoked!
info: ===> TimeStamp : 2025-03-13 07:01:18===> API : /api/auth/checkIP ===> Message : checkIPResponse() completed
info: ===> TimeStamp : 2025-03-13 07:01:18===> API : null ===> Message : validateRequest() invoked
info: ===> TimeStamp : 2025-03-13 07:01:18===> API : null ===> Message : fetchDBSettings()
info: ===> TimeStamp : 2025-03-13 07:01:18===> API : null ===> Message : validateRequest() Invoked!
info: ===> TimeStamp : 2025-03-13 07:01:18===> API : null ===> Message : validRequest() :: Api validated Successfully
info: ===> TimeStamp : 2025-03-13 07:01:18===> API : /api/auth/login ===> Message : loginUser() invoked!!
info: ===> TimeStamp : 2025-03-13 07:01:18===> API : /api/auth/login ===> Message : loginUser() :: Request Object :: [object Object]
info: ===> TimeStamp : 2025-03-13 07:01:18===> API : /api/auth/login ===> Message : loginUserDB() Invoked !
info: ===> TimeStamp : 2025-03-13 07:01:18===> API : /api/auth/login ===> Message : loginUserResponse() invoked!
info: ===> TimeStamp : 2025-03-13 07:01:18===> API : /api/auth/login ===> Message : loginUserResponse() completed
info: ===> TimeStamp : 2025-03-13 07:01:34===> API : null ===> Message : fetchDBSettings()
info: ===> TimeStamp : 2025-03-13 07:01:34===> API : null ===> Message : validateRequest() invoked
info: ===> TimeStamp : 2025-03-13 07:01:34===> API : null ===> Message : validateRequest() Invoked!
info: ===> TimeStamp : 2025-03-13 07:01:34===> API : null ===> Message : validRequest() :: Api validated Successfully
info: ===> TimeStamp : 2025-03-13 07:01:34===> API : /api/auth/logout ===> Message : logoutUser() invoked!!
info: ===> TimeStamp : 2025-03-13 07:01:34===> API : /api/auth/logout ===> Message : logoutUser() :: Request Object :: [object Object]
info: ===> TimeStamp : 2025-03-13 07:01:34===> API : /api/auth/logout ===> Message : logoutUserDB() Invoked !
info: ===> TimeStamp : 2025-03-13 07:01:34===> API : /api/auth/logout ===> Message : logoutUserResponse() invoked!
info: ===> TimeStamp : 2025-03-13 07:01:34===> API : /api/auth/logout ===> Message : logoutUserResponse() completed
info: ===> TimeStamp : 2025-03-13 07:01:36===> API : null ===> Message : validateRequest() invoked
info: ===> TimeStamp : 2025-03-13 07:01:36===> API : null ===> Message : fetchDBSettings()
info: ===> TimeStamp : 2025-03-13 07:01:36===> API : null ===> Message : validateRequest() Invoked!
info: ===> TimeStamp : 2025-03-13 07:01:36===> API : null ===> Message : validRequest() :: Api validated Successfully
info: ===> TimeStamp : 2025-03-13 07:01:36===> API : /api/auth/validateuser ===> Message : validateUser() invoked!!
info: ===> TimeStamp : 2025-03-13 07:01:36===> API : /api/auth/validateuser ===> Message : validateUser() :: Request Object :: [object Object]
info: ===> TimeStamp : 2025-03-13 07:01:36===> API : /api/auth/validateuser ===> Message : validateUserDB() Invoked !
info: ===> TimeStamp : 2025-03-13 07:01:36===> API : /api/auth/validateuser ===> Message : validateUserResponse() invoked!
info: ===> TimeStamp : 2025-03-13 07:01:36===> API : /api/auth/validateuser ===> Message : validateUserResponse() completed
info: ===> TimeStamp : 2025-03-13 07:01:36===> API : null ===> Message : validateRequest() invoked
info: ===> TimeStamp : 2025-03-13 07:01:36===> API : null ===> Message : fetchDBSettings()
info: ===> TimeStamp : 2025-03-13 07:01:36===> API : null ===> Message : validateRequest() Invoked!
info: ===> TimeStamp : 2025-03-13 07:01:36===> API : null ===> Message : validRequest() :: Api validated Successfully
info: ===> TimeStamp : 2025-03-13 07:01:36===> API : /api/auth/checkIP ===> Message : checkIP() invoked!!
info: ===> TimeStamp : 2025-03-13 07:01:36===> API : /api/auth/checkIP ===> Message : IPs match: 103.255.182.117
info: ===> TimeStamp : 2025-03-13 07:01:36===> API : /api/auth/checkIP ===> Message : checkIPResponse() invoked!
info: ===> TimeStamp : 2025-03-13 07:01:36===> API : /api/auth/checkIP ===> Message : checkIPResponse() completed
info: ===> TimeStamp : 2025-03-13 07:01:36===> API : null ===> Message : validateRequest() invoked
info: ===> TimeStamp : 2025-03-13 07:01:36===> API : null ===> Message : fetchDBSettings()
info: ===> TimeStamp : 2025-03-13 07:01:36===> API : null ===> Message : validateRequest() Invoked!
info: ===> TimeStamp : 2025-03-13 07:01:36===> API : null ===> Message : validRequest() :: Api validated Successfully
info: ===> TimeStamp : 2025-03-13 07:01:36===> API : /api/auth/login ===> Message : loginUser() invoked!!
info: ===> TimeStamp : 2025-03-13 07:01:36===> API : /api/auth/login ===> Message : loginUser() :: Request Object :: [object Object]
info: ===> TimeStamp : 2025-03-13 07:01:36===> API : /api/auth/login ===> Message : loginUserDB() Invoked !
info: ===> TimeStamp : 2025-03-13 07:01:36===> API : /api/auth/login ===> Message : loginUserResponse() invoked!
info: ===> TimeStamp : 2025-03-13 07:01:36===> API : /api/auth/login ===> Message : loginUserResponse() completed
info: ===> TimeStamp : 2025-03-13 07:12:53===> API : null ===> Message : validateRequest() invoked
info: ===> TimeStamp : 2025-03-13 07:12:53===> API : null ===> Message : validateRequest() Error:: Invalid Request :: 
      {"apiUri":"/"}
info: ===> TimeStamp : 2025-03-13 07:12:57===> API : null ===> Message : validateRequest() invoked
info: ===> TimeStamp : 2025-03-13 07:12:57===> API : null ===> Message : validateRequest() Error:: Invalid Request :: 
      {"apiUri":"/favicon.ico"}
info: ===> TimeStamp : 2025-03-13 07:27:28===> API : null ===> Message : validateRequest() invoked
info: ===> TimeStamp : 2025-03-13 07:27:28===> API : null ===> Message : fetchDBSettings()
info: ===> TimeStamp : 2025-03-13 07:27:28===> API : null ===> Message : validateRequest() Invoked!
info: ===> TimeStamp : 2025-03-13 07:27:28===> API : null ===> Message : validRequest() :: Api validated Successfully
info: ===> TimeStamp : 2025-03-13 07:27:28===> API : /api/auth/validateuser ===> Message : validateUser() invoked!!
info: ===> TimeStamp : 2025-03-13 07:27:28===> API : /api/auth/validateuser ===> Message : validateUser() :: Request Object :: [object Object]
info: ===> TimeStamp : 2025-03-13 07:27:28===> API : /api/auth/validateuser ===> Message : validateUserDB() Invoked !
info: ===> TimeStamp : 2025-03-13 07:27:28===> API : /api/auth/validateuser ===> Message : validateUserResponse() invoked!
info: ===> TimeStamp : 2025-03-13 07:27:28===> API : /api/auth/validateuser ===> Message : validateUserResponse() completed
info: ===> TimeStamp : 2025-03-13 07:27:28===> API : null ===> Message : validateRequest() invoked
info: ===> TimeStamp : 2025-03-13 07:27:28===> API : null ===> Message : fetchDBSettings()
info: ===> TimeStamp : 2025-03-13 07:27:28===> API : null ===> Message : validateRequest() Invoked!
info: ===> TimeStamp : 2025-03-13 07:27:28===> API : null ===> Message : validRequest() :: Api validated Successfully
info: ===> TimeStamp : 2025-03-13 07:27:28===> API : /api/auth/login ===> Message : loginUser() invoked!!
info: ===> TimeStamp : 2025-03-13 07:27:28===> API : /api/auth/login ===> Message : loginUser() :: Request Object :: [object Object]
info: ===> TimeStamp : 2025-03-13 07:27:28===> API : /api/auth/login ===> Message : loginUserDB() Invoked !
info: ===> TimeStamp : 2025-03-13 07:27:28===> API : /api/auth/login ===> Message : loginUserResponse() invoked!
info: ===> TimeStamp : 2025-03-13 07:27:28===> API : /api/auth/login ===> Message : loginUserResponse() completed
info: ===> TimeStamp : 2025-03-13 08:03:07===> API : null ===> Message : validateRequest() invoked
info: ===> TimeStamp : 2025-03-13 08:03:07===> API : null ===> Message : fetchDBSettings()
info: ===> TimeStamp : 2025-03-13 08:03:07===> API : null ===> Message : validateRequest() Invoked!
info: ===> TimeStamp : 2025-03-13 08:03:07===> API : null ===> Message : validRequest() :: Api validated Successfully
info: ===> TimeStamp : 2025-03-13 08:03:07===> API : /api/auth/validateuser ===> Message : validateUser() invoked!!
info: ===> TimeStamp : 2025-03-13 08:03:07===> API : /api/auth/validateuser ===> Message : validateUser() :: Request Object :: [object Object]
info: ===> TimeStamp : 2025-03-13 08:03:07===> API : /api/auth/validateuser ===> Message : validateUserDB() Invoked !
info: ===> TimeStamp : 2025-03-13 08:03:07===> API : /api/auth/validateuser ===> Message : validateUserResponse() invoked!
info: ===> TimeStamp : 2025-03-13 08:03:07===> API : /api/auth/validateuser ===> Message : validateUserResponse() completed
info: ===> TimeStamp : 2025-03-13 08:03:07===> API : null ===> Message : validateRequest() invoked
info: ===> TimeStamp : 2025-03-13 08:03:07===> API : null ===> Message : fetchDBSettings()
info: ===> TimeStamp : 2025-03-13 08:03:07===> API : null ===> Message : validateRequest() Invoked!
info: ===> TimeStamp : 2025-03-13 08:03:07===> API : null ===> Message : validRequest() :: Api validated Successfully
info: ===> TimeStamp : 2025-03-13 08:03:07===> API : /api/auth/checkIP ===> Message : checkIP() invoked!!
info: ===> TimeStamp : 2025-03-13 08:03:07===> API : /api/auth/checkIP ===> Message : IPs match: 103.225.102.162
info: ===> TimeStamp : 2025-03-13 08:03:07===> API : /api/auth/checkIP ===> Message : checkIPResponse() invoked!
info: ===> TimeStamp : 2025-03-13 08:03:07===> API : /api/auth/checkIP ===> Message : checkIPResponse() completed
info: ===> TimeStamp : 2025-03-13 08:03:07===> API : null ===> Message : validateRequest() invoked
info: ===> TimeStamp : 2025-03-13 08:03:07===> API : null ===> Message : fetchDBSettings()
info: ===> TimeStamp : 2025-03-13 08:03:07===> API : null ===> Message : validateRequest() Invoked!
info: ===> TimeStamp : 2025-03-13 08:03:07===> API : null ===> Message : validRequest() :: Api validated Successfully
info: ===> TimeStamp : 2025-03-13 08:03:07===> API : /api/auth/login ===> Message : loginUser() invoked!!
info: ===> TimeStamp : 2025-03-13 08:03:07===> API : /api/auth/login ===> Message : loginUser() :: Request Object :: [object Object]
info: ===> TimeStamp : 2025-03-13 08:03:07===> API : /api/auth/login ===> Message : loginUserDB() Invoked !
info: ===> TimeStamp : 2025-03-13 08:03:07===> API : /api/auth/login ===> Message : loginUserResponse() invoked!
info: ===> TimeStamp : 2025-03-13 08:03:07===> API : /api/auth/login ===> Message : loginUserResponse() completed
info: ===> TimeStamp : 2025-03-13 10:10:30===> API : null ===> Message : validateRequest() invoked
info: ===> TimeStamp : 2025-03-13 10:10:30===> API : null ===> Message : fetchDBSettings()
info: ===> TimeStamp : 2025-03-13 10:10:30===> API : null ===> Message : validateRequest() Invoked!
info: ===> TimeStamp : 2025-03-13 10:10:30===> API : null ===> Message : validateRequest() :: Error :: Helper {"code":"ER_SIGNAL_EXCEPTION","errno":1644,"sqlState":"10003","sqlMessage":"Invalid User Credentials","sql":"CALL usp_validate_request(\n              '/api/auth/logout',\n              'eyJhbGciOiJIUzI1NiIsInR5cCI6IkpXVCJ9.eyJ0aW1lIjoiV2VkIE1hciAxMiAyMDI1IDExOjQyOjI3IEdNVCswMDAwIChDb29yZGluYXRlZCBVbml2ZXJzYWwgVGltZSkiLCJ1c2VySWQiOjIsImlhdCI6MTc0MTc3OTc0N30.23eAp9CYPifXdRaK2B7r7U7duI9wWOWOWLMHSIn_v44')"}
info: ===> TimeStamp : 2025-03-13 10:10:30===> API : null ===> Message : validateRequest() :: Error :: PP {"ErrorCode":10003,"ErrorMessage":"Invalid User Credentials"}
info: ===> TimeStamp : 2025-03-13 10:56:13===> API : null ===> Message : validateRequest() invoked
info: ===> TimeStamp : 2025-03-13 10:56:13===> API : null ===> Message : fetchDBSettings()
info: ===> TimeStamp : 2025-03-13 10:56:13===> API : null ===> Message : validateRequest() Invoked!
info: ===> TimeStamp : 2025-03-13 10:56:13===> API : null ===> Message : validRequest() :: Api validated Successfully
info: ===> TimeStamp : 2025-03-13 10:56:13===> API : /api/auth/validateuser ===> Message : validateUser() invoked!!
info: ===> TimeStamp : 2025-03-13 10:56:13===> API : /api/auth/validateuser ===> Message : validateUser() :: Request Object :: [object Object]
info: ===> TimeStamp : 2025-03-13 10:56:13===> API : /api/auth/validateuser ===> Message : validateUserDB() Invoked !
info: ===> TimeStamp : 2025-03-13 10:56:13===> API : /api/auth/validateuser ===> Message : validateUserResponse() invoked!
info: ===> TimeStamp : 2025-03-13 10:56:13===> API : /api/auth/validateuser ===> Message : validateUserResponse() completed
info: ===> TimeStamp : 2025-03-13 10:56:13===> API : null ===> Message : validateRequest() invoked
info: ===> TimeStamp : 2025-03-13 10:56:13===> API : null ===> Message : fetchDBSettings()
info: ===> TimeStamp : 2025-03-13 10:56:13===> API : null ===> Message : validateRequest() Invoked!
info: ===> TimeStamp : 2025-03-13 10:56:13===> API : null ===> Message : validRequest() :: Api validated Successfully
info: ===> TimeStamp : 2025-03-13 10:56:13===> API : /api/auth/login ===> Message : loginUser() invoked!!
info: ===> TimeStamp : 2025-03-13 10:56:13===> API : /api/auth/login ===> Message : loginUser() :: Request Object :: [object Object]
info: ===> TimeStamp : 2025-03-13 10:56:13===> API : /api/auth/login ===> Message : loginUserDB() Invoked !
info: ===> TimeStamp : 2025-03-13 10:56:13===> API : /api/auth/login ===> Message : loginUserResponse() invoked!
info: ===> TimeStamp : 2025-03-13 10:56:13===> API : /api/auth/login ===> Message : loginUserResponse() completed
info: ===> TimeStamp : 2025-03-13 11:02:55===> API : null ===> Message : validateRequest() invoked
info: ===> TimeStamp : 2025-03-13 11:02:55===> API : null ===> Message : fetchDBSettings()
info: ===> TimeStamp : 2025-03-13 11:02:55===> API : null ===> Message : validateRequest() Invoked!
info: ===> TimeStamp : 2025-03-13 11:02:55===> API : null ===> Message : validRequest() :: Api validated Successfully
info: ===> TimeStamp : 2025-03-13 11:02:55===> API : /api/auth/logout ===> Message : logoutUser() invoked!!
info: ===> TimeStamp : 2025-03-13 11:02:55===> API : /api/auth/logout ===> Message : logoutUser() :: Request Object :: [object Object]
info: ===> TimeStamp : 2025-03-13 11:02:55===> API : /api/auth/logout ===> Message : logoutUserDB() Invoked !
info: ===> TimeStamp : 2025-03-13 11:02:55===> API : /api/auth/logout ===> Message : logoutUserResponse() invoked!
info: ===> TimeStamp : 2025-03-13 11:02:55===> API : /api/auth/logout ===> Message : logoutUserResponse() completed
info: ===> TimeStamp : 2025-03-13 11:03:23===> API : null ===> Message : startAuthServer Invoked()
info: ===> TimeStamp : 2025-03-13 11:03:23===> API : null ===> Message : AUTH SERVER running on port 9012
info: ===> TimeStamp : 2025-03-13 11:03:41===> API : null ===> Message : validateRequest() invoked
info: ===> TimeStamp : 2025-03-13 11:03:41===> API : null ===> Message : fetchDBSettings()
info: ===> TimeStamp : 2025-03-13 11:03:41===> API : null ===> Message : validateRequest() Invoked!
info: ===> TimeStamp : 2025-03-13 11:03:41===> API : null ===> Message : validRequest() :: Api validated Successfully
info: ===> TimeStamp : 2025-03-13 11:03:41===> API : /api/auth/validateuser ===> Message : validateUser() invoked!!
info: ===> TimeStamp : 2025-03-13 11:03:41===> API : /api/auth/validateuser ===> Message : validateUser() :: Request Object :: [object Object]
info: ===> TimeStamp : 2025-03-13 11:03:41===> API : /api/auth/validateuser ===> Message : validateUserDB() Invoked !
info: ===> TimeStamp : 2025-03-13 11:03:41===> API : /api/auth/validateuser ===> Message : validateUserResponse() invoked!
info: ===> TimeStamp : 2025-03-13 11:03:41===> API : /api/auth/validateuser ===> Message : validateUserResponse() completed
info: ===> TimeStamp : 2025-03-13 11:03:41===> API : null ===> Message : validateRequest() invoked
info: ===> TimeStamp : 2025-03-13 11:03:41===> API : null ===> Message : fetchDBSettings()
info: ===> TimeStamp : 2025-03-13 11:03:41===> API : null ===> Message : validateRequest() Invoked!
info: ===> TimeStamp : 2025-03-13 11:03:41===> API : null ===> Message : validRequest() :: Api validated Successfully
info: ===> TimeStamp : 2025-03-13 11:03:41===> API : /api/auth/login ===> Message : loginUser() invoked!!
info: ===> TimeStamp : 2025-03-13 11:03:41===> API : /api/auth/login ===> Message : loginUser() :: Request Object :: [object Object]
info: ===> TimeStamp : 2025-03-13 11:03:41===> API : /api/auth/login ===> Message : loginUserDB() Invoked !
info: ===> TimeStamp : 2025-03-13 11:03:42===> API : /api/auth/login ===> Message : loginUserResponse() invoked!
info: ===> TimeStamp : 2025-03-13 11:03:42===> API : /api/auth/login ===> Message : loginUserResponse() completed
info: ===> TimeStamp : 2025-03-13 11:20:46===> API : null ===> Message : validateRequest() invoked
info: ===> TimeStamp : 2025-03-13 11:20:46===> API : null ===> Message : fetchDBSettings()
info: ===> TimeStamp : 2025-03-13 11:20:46===> API : null ===> Message : validateRequest() Invoked!
info: ===> TimeStamp : 2025-03-13 11:20:46===> API : null ===> Message : validRequest() :: Api validated Successfully
info: ===> TimeStamp : 2025-03-13 11:20:46===> API : /api/auth/validateuser ===> Message : validateUser() invoked!!
info: ===> TimeStamp : 2025-03-13 11:20:46===> API : /api/auth/validateuser ===> Message : validateUser() :: Request Object :: [object Object]
info: ===> TimeStamp : 2025-03-13 11:20:46===> API : /api/auth/validateuser ===> Message : validateUserDB() Invoked !
info: ===> TimeStamp : 2025-03-13 11:20:46===> API : /api/auth/validateuser ===> Message : validateUserResponse() invoked!
info: ===> TimeStamp : 2025-03-13 11:20:46===> API : /api/auth/validateuser ===> Message : validateUserResponse() completed
info: ===> TimeStamp : 2025-03-13 11:20:46===> API : null ===> Message : validateRequest() invoked
info: ===> TimeStamp : 2025-03-13 11:20:46===> API : null ===> Message : fetchDBSettings()
info: ===> TimeStamp : 2025-03-13 11:20:46===> API : null ===> Message : validateRequest() Invoked!
info: ===> TimeStamp : 2025-03-13 11:20:46===> API : null ===> Message : validRequest() :: Api validated Successfully
info: ===> TimeStamp : 2025-03-13 11:20:46===> API : /api/auth/login ===> Message : loginUser() invoked!!
info: ===> TimeStamp : 2025-03-13 11:20:46===> API : /api/auth/login ===> Message : loginUser() :: Request Object :: [object Object]
info: ===> TimeStamp : 2025-03-13 11:20:46===> API : /api/auth/login ===> Message : loginUserDB() Invoked !
info: ===> TimeStamp : 2025-03-13 11:20:47===> API : /api/auth/login ===> Message : loginUserResponse() invoked!
info: ===> TimeStamp : 2025-03-13 11:20:47===> API : /api/auth/login ===> Message : loginUserResponse() completed
info: ===> TimeStamp : 2025-03-13 11:25:15===> API : null ===> Message : validateRequest() invoked
info: ===> TimeStamp : 2025-03-13 11:25:15===> API : null ===> Message : fetchDBSettings()
info: ===> TimeStamp : 2025-03-13 11:25:15===> API : null ===> Message : validateRequest() Invoked!
info: ===> TimeStamp : 2025-03-13 11:25:15===> API : null ===> Message : validRequest() :: Api validated Successfully
info: ===> TimeStamp : 2025-03-13 11:25:15===> API : /api/auth/logout ===> Message : logoutUser() invoked!!
info: ===> TimeStamp : 2025-03-13 11:25:15===> API : /api/auth/logout ===> Message : logoutUser() :: Request Object :: [object Object]
info: ===> TimeStamp : 2025-03-13 11:25:15===> API : /api/auth/logout ===> Message : logoutUserDB() Invoked !
info: ===> TimeStamp : 2025-03-13 11:25:15===> API : /api/auth/logout ===> Message : logoutUserResponse() invoked!
info: ===> TimeStamp : 2025-03-13 11:25:15===> API : /api/auth/logout ===> Message : logoutUserResponse() completed
info: ===> TimeStamp : 2025-03-13 11:25:22===> API : null ===> Message : validateRequest() invoked
info: ===> TimeStamp : 2025-03-13 11:25:22===> API : null ===> Message : fetchDBSettings()
info: ===> TimeStamp : 2025-03-13 11:25:22===> API : null ===> Message : validateRequest() Invoked!
info: ===> TimeStamp : 2025-03-13 11:25:22===> API : null ===> Message : validRequest() :: Api validated Successfully
info: ===> TimeStamp : 2025-03-13 11:25:22===> API : /api/auth/validateuser ===> Message : validateUser() invoked!!
info: ===> TimeStamp : 2025-03-13 11:25:22===> API : /api/auth/validateuser ===> Message : validateUser() :: Request Object :: [object Object]
info: ===> TimeStamp : 2025-03-13 11:25:22===> API : /api/auth/validateuser ===> Message : validateUserDB() Invoked !
info: ===> TimeStamp : 2025-03-13 11:25:22===> API : /api/auth/validateuser ===> Message : validateUserResponse() invoked!
info: ===> TimeStamp : 2025-03-13 11:25:22===> API : /api/auth/validateuser ===> Message : validateUserResponse() completed
info: ===> TimeStamp : 2025-03-13 11:25:22===> API : null ===> Message : validateRequest() invoked
info: ===> TimeStamp : 2025-03-13 11:25:22===> API : null ===> Message : fetchDBSettings()
info: ===> TimeStamp : 2025-03-13 11:25:22===> API : null ===> Message : validateRequest() Invoked!
info: ===> TimeStamp : 2025-03-13 11:25:22===> API : null ===> Message : validRequest() :: Api validated Successfully
info: ===> TimeStamp : 2025-03-13 11:25:22===> API : /api/auth/checkIP ===> Message : checkIP() invoked!!
info: ===> TimeStamp : 2025-03-13 11:25:22===> API : /api/auth/checkIP ===> Message : IPs match: 103.255.183.12
info: ===> TimeStamp : 2025-03-13 11:25:22===> API : /api/auth/checkIP ===> Message : checkIPResponse() invoked!
info: ===> TimeStamp : 2025-03-13 11:25:22===> API : /api/auth/checkIP ===> Message : checkIPResponse() completed
info: ===> TimeStamp : 2025-03-13 11:25:22===> API : null ===> Message : validateRequest() invoked
info: ===> TimeStamp : 2025-03-13 11:25:22===> API : null ===> Message : fetchDBSettings()
info: ===> TimeStamp : 2025-03-13 11:25:22===> API : null ===> Message : validateRequest() Invoked!
info: ===> TimeStamp : 2025-03-13 11:25:22===> API : null ===> Message : validRequest() :: Api validated Successfully
info: ===> TimeStamp : 2025-03-13 11:25:22===> API : /api/auth/login ===> Message : loginUser() invoked!!
info: ===> TimeStamp : 2025-03-13 11:25:22===> API : /api/auth/login ===> Message : loginUser() :: Request Object :: [object Object]
info: ===> TimeStamp : 2025-03-13 11:25:22===> API : /api/auth/login ===> Message : loginUserDB() Invoked !
info: ===> TimeStamp : 2025-03-13 11:25:22===> API : /api/auth/login ===> Message : loginUserResponse() invoked!
info: ===> TimeStamp : 2025-03-13 11:25:22===> API : /api/auth/login ===> Message : loginUserResponse() completed
info: ===> TimeStamp : 2025-03-13 14:49:50===> API : null ===> Message : validateRequest() invoked
info: ===> TimeStamp : 2025-03-13 14:49:50===> API : null ===> Message : fetchDBSettings()
info: ===> TimeStamp : 2025-03-13 14:49:50===> API : null ===> Message : validateRequest() Invoked!
info: ===> TimeStamp : 2025-03-13 14:49:50===> API : null ===> Message : validRequest() :: Api validated Successfully
info: ===> TimeStamp : 2025-03-13 14:49:50===> API : /api/auth/logout ===> Message : logoutUser() invoked!!
info: ===> TimeStamp : 2025-03-13 14:49:50===> API : /api/auth/logout ===> Message : logoutUser() :: Request Object :: [object Object]
info: ===> TimeStamp : 2025-03-13 14:49:50===> API : /api/auth/logout ===> Message : logoutUserDB() Invoked !
info: ===> TimeStamp : 2025-03-13 14:49:50===> API : /api/auth/logout ===> Message : logoutUserResponse() invoked!
info: ===> TimeStamp : 2025-03-13 14:49:50===> API : /api/auth/logout ===> Message : logoutUserResponse() completed
info: ===> TimeStamp : 2025-03-13 14:50:04===> API : null ===> Message : validateRequest() invoked
info: ===> TimeStamp : 2025-03-13 14:50:04===> API : null ===> Message : fetchDBSettings()
info: ===> TimeStamp : 2025-03-13 14:50:04===> API : null ===> Message : validateRequest() Invoked!
info: ===> TimeStamp : 2025-03-13 14:50:04===> API : null ===> Message : validRequest() :: Api validated Successfully
info: ===> TimeStamp : 2025-03-13 14:50:04===> API : /api/auth/validateuser ===> Message : validateUser() invoked!!
info: ===> TimeStamp : 2025-03-13 14:50:04===> API : /api/auth/validateuser ===> Message : validateUser() :: Request Object :: [object Object]
info: ===> TimeStamp : 2025-03-13 14:50:04===> API : /api/auth/validateuser ===> Message : validateUserDB() Invoked !
info: ===> TimeStamp : 2025-03-13 14:50:04===> API : /api/auth/validateuser ===> Message : validateUserResponse() invoked!
info: ===> TimeStamp : 2025-03-13 14:50:04===> API : /api/auth/validateuser ===> Message : validateUserResponse() completed
info: ===> TimeStamp : 2025-03-13 14:50:04===> API : null ===> Message : validateRequest() invoked
info: ===> TimeStamp : 2025-03-13 14:50:04===> API : null ===> Message : fetchDBSettings()
info: ===> TimeStamp : 2025-03-13 14:50:04===> API : null ===> Message : validateRequest() Invoked!
info: ===> TimeStamp : 2025-03-13 14:50:04===> API : null ===> Message : validRequest() :: Api validated Successfully
info: ===> TimeStamp : 2025-03-13 14:50:04===> API : /api/auth/checkIP ===> Message : checkIP() invoked!!
info: ===> TimeStamp : 2025-03-13 14:50:04===> API : /api/auth/checkIP ===> Message : IPs match: 103.225.102.162
info: ===> TimeStamp : 2025-03-13 14:50:04===> API : /api/auth/checkIP ===> Message : checkIPResponse() invoked!
info: ===> TimeStamp : 2025-03-13 14:50:04===> API : /api/auth/checkIP ===> Message : checkIPResponse() completed
info: ===> TimeStamp : 2025-03-13 14:50:04===> API : null ===> Message : validateRequest() invoked
info: ===> TimeStamp : 2025-03-13 14:50:04===> API : null ===> Message : fetchDBSettings()
info: ===> TimeStamp : 2025-03-13 14:50:04===> API : null ===> Message : validateRequest() Invoked!
info: ===> TimeStamp : 2025-03-13 14:50:04===> API : null ===> Message : validRequest() :: Api validated Successfully
info: ===> TimeStamp : 2025-03-13 14:50:04===> API : /api/auth/login ===> Message : loginUser() invoked!!
info: ===> TimeStamp : 2025-03-13 14:50:04===> API : /api/auth/login ===> Message : loginUserDB() Invoked !
info: ===> TimeStamp : 2025-03-13 14:50:04===> API : /api/auth/login ===> Message : loginUser() :: Request Object :: [object Object]
info: ===> TimeStamp : 2025-03-13 14:50:04===> API : /api/auth/login ===> Message : loginUserResponse() invoked!
info: ===> TimeStamp : 2025-03-13 14:50:04===> API : /api/auth/login ===> Message : loginUserResponse() completed
info: ===> TimeStamp : 2025-03-13 14:50:13===> API : null ===> Message : validateRequest() invoked
info: ===> TimeStamp : 2025-03-13 14:50:13===> API : null ===> Message : fetchDBSettings()
info: ===> TimeStamp : 2025-03-13 14:50:13===> API : null ===> Message : validateRequest() Invoked!
info: ===> TimeStamp : 2025-03-13 14:50:13===> API : null ===> Message : validRequest() :: Api validated Successfully
info: ===> TimeStamp : 2025-03-13 14:50:13===> API : /api/auth/logout ===> Message : logoutUser() invoked!!
info: ===> TimeStamp : 2025-03-13 14:50:13===> API : /api/auth/logout ===> Message : logoutUser() :: Request Object :: [object Object]
info: ===> TimeStamp : 2025-03-13 14:50:13===> API : /api/auth/logout ===> Message : logoutUserDB() Invoked !
info: ===> TimeStamp : 2025-03-13 14:50:13===> API : /api/auth/logout ===> Message : logoutUserResponse() invoked!
info: ===> TimeStamp : 2025-03-13 14:50:13===> API : /api/auth/logout ===> Message : logoutUserResponse() completed
info: ===> TimeStamp : 2025-03-13 14:56:34===> API : null ===> Message : validateRequest() invoked
info: ===> TimeStamp : 2025-03-13 14:56:34===> API : null ===> Message : fetchDBSettings()
info: ===> TimeStamp : 2025-03-13 14:56:34===> API : null ===> Message : validateRequest() Invoked!
info: ===> TimeStamp : 2025-03-13 14:56:34===> API : null ===> Message : validRequest() :: Api validated Successfully
info: ===> TimeStamp : 2025-03-13 14:56:34===> API : /api/auth/validateuser ===> Message : validateUser() invoked!!
info: ===> TimeStamp : 2025-03-13 14:56:34===> API : /api/auth/validateuser ===> Message : validateUser() :: Request Object :: [object Object]
info: ===> TimeStamp : 2025-03-13 14:56:34===> API : /api/auth/validateuser ===> Message : validateUserDB() Invoked !
info: ===> TimeStamp : 2025-03-13 14:56:34===> API : /api/auth/validateuser ===> Message : validateUserResponse() invoked!
info: ===> TimeStamp : 2025-03-13 14:56:34===> API : /api/auth/validateuser ===> Message : validateUserResponse() completed
info: ===> TimeStamp : 2025-03-13 14:56:34===> API : null ===> Message : validateRequest() invoked
info: ===> TimeStamp : 2025-03-13 14:56:34===> API : null ===> Message : fetchDBSettings()
info: ===> TimeStamp : 2025-03-13 14:56:34===> API : null ===> Message : validateRequest() Invoked!
info: ===> TimeStamp : 2025-03-13 14:56:34===> API : null ===> Message : validRequest() :: Api validated Successfully
info: ===> TimeStamp : 2025-03-13 14:56:34===> API : /api/auth/checkIP ===> Message : checkIP() invoked!!
info: ===> TimeStamp : 2025-03-13 14:56:34===> API : /api/auth/checkIP ===> Message : IPs match: 103.255.182.117
info: ===> TimeStamp : 2025-03-13 14:56:34===> API : /api/auth/checkIP ===> Message : checkIPResponse() invoked!
info: ===> TimeStamp : 2025-03-13 14:56:34===> API : /api/auth/checkIP ===> Message : checkIPResponse() completed
info: ===> TimeStamp : 2025-03-13 14:56:34===> API : null ===> Message : validateRequest() invoked
info: ===> TimeStamp : 2025-03-13 14:56:34===> API : null ===> Message : fetchDBSettings()
info: ===> TimeStamp : 2025-03-13 14:56:34===> API : null ===> Message : validateRequest() Invoked!
info: ===> TimeStamp : 2025-03-13 14:56:34===> API : null ===> Message : validRequest() :: Api validated Successfully
info: ===> TimeStamp : 2025-03-13 14:56:34===> API : /api/auth/login ===> Message : loginUser() invoked!!
info: ===> TimeStamp : 2025-03-13 14:56:34===> API : /api/auth/login ===> Message : loginUser() :: Request Object :: [object Object]
info: ===> TimeStamp : 2025-03-13 14:56:34===> API : /api/auth/login ===> Message : loginUserDB() Invoked !
info: ===> TimeStamp : 2025-03-13 14:56:34===> API : /api/auth/login ===> Message : loginUserResponse() invoked!
info: ===> TimeStamp : 2025-03-13 14:56:34===> API : /api/auth/login ===> Message : loginUserResponse() completed
info: ===> TimeStamp : 2025-03-13 15:10:04===> API : null ===> Message : validateRequest() invoked
info: ===> TimeStamp : 2025-03-13 15:10:04===> API : null ===> Message : fetchDBSettings()
info: ===> TimeStamp : 2025-03-13 15:10:04===> API : null ===> Message : validateRequest() Invoked!
info: ===> TimeStamp : 2025-03-13 15:10:04===> API : null ===> Message : validRequest() :: Api validated Successfully
info: ===> TimeStamp : 2025-03-13 15:10:04===> API : /api/auth/validateuser ===> Message : validateUser() invoked!!
info: ===> TimeStamp : 2025-03-13 15:10:04===> API : /api/auth/validateuser ===> Message : validateUser() :: Request Object :: [object Object]
info: ===> TimeStamp : 2025-03-13 15:10:04===> API : /api/auth/validateuser ===> Message : validateUserDB() Invoked !
info: ===> TimeStamp : 2025-03-13 15:10:04===> API : /api/auth/validateuser ===> Message : validateUserResponse() invoked!
info: ===> TimeStamp : 2025-03-13 15:10:04===> API : /api/auth/validateuser ===> Message : validateUserResponse() completed
info: ===> TimeStamp : 2025-03-13 15:10:04===> API : null ===> Message : validateRequest() invoked
info: ===> TimeStamp : 2025-03-13 15:10:04===> API : null ===> Message : fetchDBSettings()
info: ===> TimeStamp : 2025-03-13 15:10:04===> API : null ===> Message : validateRequest() Invoked!
info: ===> TimeStamp : 2025-03-13 15:10:04===> API : null ===> Message : validRequest() :: Api validated Successfully
info: ===> TimeStamp : 2025-03-13 15:10:04===> API : /api/auth/login ===> Message : loginUser() invoked!!
info: ===> TimeStamp : 2025-03-13 15:10:04===> API : /api/auth/login ===> Message : loginUser() :: Request Object :: [object Object]
info: ===> TimeStamp : 2025-03-13 15:10:04===> API : /api/auth/login ===> Message : loginUserDB() Invoked !
info: ===> TimeStamp : 2025-03-13 15:10:04===> API : /api/auth/login ===> Message : loginUserResponse() invoked!
info: ===> TimeStamp : 2025-03-13 15:10:04===> API : /api/auth/login ===> Message : loginUserResponse() completed
info: ===> TimeStamp : 2025-03-13 16:26:42===> API : null ===> Message : fetchDBSettings()
info: ===> TimeStamp : 2025-03-13 16:26:42===> API : null ===> Message : validateRequest() invoked
info: ===> TimeStamp : 2025-03-13 16:26:43===> API : null ===> Message : validateRequest() Invoked!
info: ===> TimeStamp : 2025-03-13 16:26:43===> API : null ===> Message : validRequest() :: Api validated Successfully
info: ===> TimeStamp : 2025-03-13 16:26:43===> API : /api/auth/validateuser ===> Message : validateUser() invoked!!
info: ===> TimeStamp : 2025-03-13 16:26:43===> API : /api/auth/validateuser ===> Message : validateUser() :: Request Object :: [object Object]
info: ===> TimeStamp : 2025-03-13 16:26:43===> API : /api/auth/validateuser ===> Message : validateUserDB() Invoked !
info: ===> TimeStamp : 2025-03-13 16:26:43===> API : /api/auth/validateuser ===> Message : validateUserResponse() invoked!
info: ===> TimeStamp : 2025-03-13 16:26:43===> API : /api/auth/validateuser ===> Message : validateUserResponse() completed
info: ===> TimeStamp : 2025-03-13 16:26:43===> API : null ===> Message : validateRequest() invoked
info: ===> TimeStamp : 2025-03-13 16:26:43===> API : null ===> Message : fetchDBSettings()
info: ===> TimeStamp : 2025-03-13 16:26:43===> API : null ===> Message : validateRequest() Invoked!
info: ===> TimeStamp : 2025-03-13 16:26:43===> API : null ===> Message : validRequest() :: Api validated Successfully
info: ===> TimeStamp : 2025-03-13 16:26:43===> API : /api/auth/login ===> Message : loginUser() invoked!!
info: ===> TimeStamp : 2025-03-13 16:26:43===> API : /api/auth/login ===> Message : loginUser() :: Request Object :: [object Object]
info: ===> TimeStamp : 2025-03-13 16:26:43===> API : /api/auth/login ===> Message : loginUserDB() Invoked !
info: ===> TimeStamp : 2025-03-13 16:26:43===> API : /api/auth/login ===> Message : loginUserResponse() invoked!
info: ===> TimeStamp : 2025-03-13 16:26:43===> API : /api/auth/login ===> Message : loginUserResponse() completed
info: ===> TimeStamp : 2025-03-13 17:39:44===> API : null ===> Message : validateRequest() invoked
info: ===> TimeStamp : 2025-03-13 17:39:44===> API : null ===> Message : fetchDBSettings()
info: ===> TimeStamp : 2025-03-13 17:39:44===> API : null ===> Message : validateRequest() Invoked!
info: ===> TimeStamp : 2025-03-13 17:39:44===> API : null ===> Message : validRequest() :: Api validated Successfully
info: ===> TimeStamp : 2025-03-13 17:39:44===> API : /api/auth/validateuser ===> Message : validateUser() invoked!!
info: ===> TimeStamp : 2025-03-13 17:39:44===> API : /api/auth/validateuser ===> Message : validateUser() :: Request Object :: [object Object]
info: ===> TimeStamp : 2025-03-13 17:39:44===> API : /api/auth/validateuser ===> Message : validateUserDB() Invoked !
info: ===> TimeStamp : 2025-03-13 17:39:44===> API : /api/auth/validateuser ===> Message : validateUserResponse() invoked!
info: ===> TimeStamp : 2025-03-13 17:39:44===> API : /api/auth/validateuser ===> Message : validateUserResponse() completed
info: ===> TimeStamp : 2025-03-13 17:39:44===> API : null ===> Message : validateRequest() invoked
info: ===> TimeStamp : 2025-03-13 17:39:44===> API : null ===> Message : fetchDBSettings()
info: ===> TimeStamp : 2025-03-13 17:39:44===> API : null ===> Message : validateRequest() Invoked!
info: ===> TimeStamp : 2025-03-13 17:39:44===> API : null ===> Message : validRequest() :: Api validated Successfully
info: ===> TimeStamp : 2025-03-13 17:39:44===> API : /api/auth/login ===> Message : loginUser() invoked!!
info: ===> TimeStamp : 2025-03-13 17:39:44===> API : /api/auth/login ===> Message : loginUser() :: Request Object :: [object Object]
info: ===> TimeStamp : 2025-03-13 17:39:44===> API : /api/auth/login ===> Message : loginUserDB() Invoked !
info: ===> TimeStamp : 2025-03-13 17:39:44===> API : /api/auth/login ===> Message : loginUserResponse() invoked!
info: ===> TimeStamp : 2025-03-13 17:39:44===> API : /api/auth/login ===> Message : loginUserResponse() completed
info: ===> TimeStamp : 2025-03-13 17:40:04===> API : null ===> Message : validateRequest() invoked
info: ===> TimeStamp : 2025-03-13 17:40:04===> API : null ===> Message : fetchDBSettings()
info: ===> TimeStamp : 2025-03-13 17:40:04===> API : null ===> Message : validateRequest() Invoked!
info: ===> TimeStamp : 2025-03-13 17:40:04===> API : null ===> Message : validRequest() :: Api validated Successfully
info: ===> TimeStamp : 2025-03-13 17:40:04===> API : /api/auth/logout ===> Message : logoutUser() invoked!!
info: ===> TimeStamp : 2025-03-13 17:40:04===> API : /api/auth/logout ===> Message : logoutUser() :: Request Object :: [object Object]
info: ===> TimeStamp : 2025-03-13 17:40:04===> API : /api/auth/logout ===> Message : logoutUserDB() Invoked !
info: ===> TimeStamp : 2025-03-13 17:40:04===> API : /api/auth/logout ===> Message : logoutUserResponse() invoked!
info: ===> TimeStamp : 2025-03-13 17:40:04===> API : /api/auth/logout ===> Message : logoutUserResponse() completed
info: ===> TimeStamp : 2025-03-13 18:13:57===> API : null ===> Message : validateRequest() invoked
info: ===> TimeStamp : 2025-03-13 18:13:57===> API : null ===> Message : fetchDBSettings()
info: ===> TimeStamp : 2025-03-13 18:13:57===> API : null ===> Message : validateRequest() Invoked!
info: ===> TimeStamp : 2025-03-13 18:13:57===> API : null ===> Message : validRequest() :: Api validated Successfully
info: ===> TimeStamp : 2025-03-13 18:13:57===> API : /api/auth/validateuser ===> Message : validateUser() invoked!!
info: ===> TimeStamp : 2025-03-13 18:13:57===> API : /api/auth/validateuser ===> Message : validateUser() :: Request Object :: [object Object]
info: ===> TimeStamp : 2025-03-13 18:13:57===> API : /api/auth/validateuser ===> Message : validateUserDB() Invoked !
info: ===> TimeStamp : 2025-03-13 18:13:57===> API : /api/auth/validateuser ===> Message : validateUserResponse() invoked!
info: ===> TimeStamp : 2025-03-13 18:13:57===> API : /api/auth/validateuser ===> Message : validateUserResponse() completed
info: ===> TimeStamp : 2025-03-13 18:13:57===> API : null ===> Message : validateRequest() invoked
info: ===> TimeStamp : 2025-03-13 18:13:57===> API : null ===> Message : fetchDBSettings()
info: ===> TimeStamp : 2025-03-13 18:13:57===> API : null ===> Message : validateRequest() Invoked!
info: ===> TimeStamp : 2025-03-13 18:13:57===> API : null ===> Message : validRequest() :: Api validated Successfully
info: ===> TimeStamp : 2025-03-13 18:13:57===> API : /api/auth/login ===> Message : loginUser() invoked!!
info: ===> TimeStamp : 2025-03-13 18:13:57===> API : /api/auth/login ===> Message : loginUser() :: Request Object :: [object Object]
info: ===> TimeStamp : 2025-03-13 18:13:57===> API : /api/auth/login ===> Message : loginUserDB() Invoked !
info: ===> TimeStamp : 2025-03-13 18:13:57===> API : /api/auth/login ===> Message : loginUserResponse() invoked!
info: ===> TimeStamp : 2025-03-13 18:13:57===> API : /api/auth/login ===> Message : loginUserResponse() completed
info: ===> TimeStamp : 2025-03-13 18:32:18===> API : null ===> Message : validateRequest() invoked
info: ===> TimeStamp : 2025-03-13 18:32:18===> API : null ===> Message : fetchDBSettings()
info: ===> TimeStamp : 2025-03-13 18:32:18===> API : null ===> Message : validateRequest() Invoked!
info: ===> TimeStamp : 2025-03-13 18:32:18===> API : null ===> Message : validRequest() :: Api validated Successfully
info: ===> TimeStamp : 2025-03-13 18:32:18===> API : /api/auth/validateuser ===> Message : validateUser() invoked!!
info: ===> TimeStamp : 2025-03-13 18:32:18===> API : /api/auth/validateuser ===> Message : validateUser() :: Request Object :: [object Object]
info: ===> TimeStamp : 2025-03-13 18:32:18===> API : /api/auth/validateuser ===> Message : validateUserDB() Invoked !
info: ===> TimeStamp : 2025-03-13 18:32:18===> API : /api/auth/validateuser ===> Message : validateUserResponse() invoked!
info: ===> TimeStamp : 2025-03-13 18:32:18===> API : /api/auth/validateuser ===> Message : validateUserResponse() completed
info: ===> TimeStamp : 2025-03-13 18:32:18===> API : null ===> Message : validateRequest() invoked
info: ===> TimeStamp : 2025-03-13 18:32:18===> API : null ===> Message : fetchDBSettings()
info: ===> TimeStamp : 2025-03-13 18:32:18===> API : null ===> Message : validateRequest() Invoked!
info: ===> TimeStamp : 2025-03-13 18:32:18===> API : null ===> Message : validRequest() :: Api validated Successfully
info: ===> TimeStamp : 2025-03-13 18:32:18===> API : /api/auth/login ===> Message : loginUser() invoked!!
info: ===> TimeStamp : 2025-03-13 18:32:18===> API : /api/auth/login ===> Message : loginUser() :: Request Object :: [object Object]
info: ===> TimeStamp : 2025-03-13 18:32:18===> API : /api/auth/login ===> Message : loginUserDB() Invoked !
info: ===> TimeStamp : 2025-03-13 18:32:18===> API : /api/auth/login ===> Message : loginUserResponse() invoked!
info: ===> TimeStamp : 2025-03-13 18:32:18===> API : /api/auth/login ===> Message : loginUserResponse() completed
info: ===> TimeStamp : 2025-03-13 18:49:44===> API : null ===> Message : validateRequest() invoked
info: ===> TimeStamp : 2025-03-13 18:49:44===> API : null ===> Message : fetchDBSettings()
info: ===> TimeStamp : 2025-03-13 18:49:44===> API : null ===> Message : validateRequest() Invoked!
info: ===> TimeStamp : 2025-03-13 18:49:44===> API : null ===> Message : validRequest() :: Api validated Successfully
info: ===> TimeStamp : 2025-03-13 18:49:44===> API : /api/auth/validateuser ===> Message : validateUser() invoked!!
info: ===> TimeStamp : 2025-03-13 18:49:44===> API : /api/auth/validateuser ===> Message : validateUser() :: Request Object :: [object Object]
info: ===> TimeStamp : 2025-03-13 18:49:44===> API : /api/auth/validateuser ===> Message : validateUserDB() Invoked !
info: ===> TimeStamp : 2025-03-13 18:49:44===> API : /api/auth/validateuser ===> Message : validateUserResponse() invoked!
info: ===> TimeStamp : 2025-03-13 18:49:44===> API : /api/auth/validateuser ===> Message : validateUserResponse() completed
info: ===> TimeStamp : 2025-03-13 18:49:44===> API : null ===> Message : validateRequest() invoked
info: ===> TimeStamp : 2025-03-13 18:49:44===> API : null ===> Message : fetchDBSettings()
info: ===> TimeStamp : 2025-03-13 18:49:44===> API : null ===> Message : validateRequest() Invoked!
info: ===> TimeStamp : 2025-03-13 18:49:44===> API : null ===> Message : validRequest() :: Api validated Successfully
info: ===> TimeStamp : 2025-03-13 18:49:44===> API : /api/auth/login ===> Message : loginUser() invoked!!
info: ===> TimeStamp : 2025-03-13 18:49:44===> API : /api/auth/login ===> Message : loginUser() :: Request Object :: [object Object]
info: ===> TimeStamp : 2025-03-13 18:49:44===> API : /api/auth/login ===> Message : loginUserDB() Invoked !
info: ===> TimeStamp : 2025-03-13 18:49:44===> API : /api/auth/login ===> Message : loginUserResponse() invoked!
info: ===> TimeStamp : 2025-03-13 18:49:44===> API : /api/auth/login ===> Message : loginUserResponse() completed
info: ===> TimeStamp : 2025-03-13 18:56:34===> API : null ===> Message : validateRequest() invoked
info: ===> TimeStamp : 2025-03-13 18:56:34===> API : null ===> Message : fetchDBSettings()
info: ===> TimeStamp : 2025-03-13 18:56:34===> API : null ===> Message : validateRequest() Invoked!
info: ===> TimeStamp : 2025-03-13 18:56:34===> API : null ===> Message : validRequest() :: Api validated Successfully
info: ===> TimeStamp : 2025-03-13 18:56:34===> API : /api/auth/validateuser ===> Message : validateUser() invoked!!
info: ===> TimeStamp : 2025-03-13 18:56:34===> API : /api/auth/validateuser ===> Message : validateUser() :: Request Object :: [object Object]
info: ===> TimeStamp : 2025-03-13 18:56:34===> API : /api/auth/validateuser ===> Message : validateUserDB() Invoked !
info: ===> TimeStamp : 2025-03-13 18:56:34===> API : /api/auth/validateuser ===> Message : validateUserResponse() invoked!
info: ===> TimeStamp : 2025-03-13 18:56:34===> API : /api/auth/validateuser ===> Message : validateUserResponse() completed
info: ===> TimeStamp : 2025-03-13 18:56:34===> API : null ===> Message : validateRequest() invoked
info: ===> TimeStamp : 2025-03-13 18:56:34===> API : null ===> Message : fetchDBSettings()
info: ===> TimeStamp : 2025-03-13 18:56:34===> API : null ===> Message : validateRequest() Invoked!
info: ===> TimeStamp : 2025-03-13 18:56:34===> API : null ===> Message : validRequest() :: Api validated Successfully
info: ===> TimeStamp : 2025-03-13 18:56:34===> API : /api/auth/checkIP ===> Message : checkIP() invoked!!
info: ===> TimeStamp : 2025-03-13 18:56:34===> API : /api/auth/checkIP ===> Message : IPs match: 103.225.102.162
info: ===> TimeStamp : 2025-03-13 18:56:34===> API : /api/auth/checkIP ===> Message : checkIPResponse() invoked!
info: ===> TimeStamp : 2025-03-13 18:56:34===> API : /api/auth/checkIP ===> Message : checkIPResponse() completed
info: ===> TimeStamp : 2025-03-13 18:56:34===> API : null ===> Message : validateRequest() invoked
info: ===> TimeStamp : 2025-03-13 18:56:34===> API : null ===> Message : fetchDBSettings()
info: ===> TimeStamp : 2025-03-13 18:56:34===> API : null ===> Message : validateRequest() Invoked!
info: ===> TimeStamp : 2025-03-13 18:56:34===> API : null ===> Message : validRequest() :: Api validated Successfully
info: ===> TimeStamp : 2025-03-13 18:56:34===> API : /api/auth/login ===> Message : loginUser() invoked!!
info: ===> TimeStamp : 2025-03-13 18:56:34===> API : /api/auth/login ===> Message : loginUser() :: Request Object :: [object Object]
info: ===> TimeStamp : 2025-03-13 18:56:34===> API : /api/auth/login ===> Message : loginUserDB() Invoked !
info: ===> TimeStamp : 2025-03-13 18:56:34===> API : /api/auth/login ===> Message : loginUserResponse() invoked!
info: ===> TimeStamp : 2025-03-13 18:56:34===> API : /api/auth/login ===> Message : loginUserResponse() completed
info: ===> TimeStamp : 2025-03-13 19:19:35===> API : null ===> Message : validateRequest() invoked
info: ===> TimeStamp : 2025-03-13 19:19:35===> API : null ===> Message : fetchDBSettings()
info: ===> TimeStamp : 2025-03-13 19:19:35===> API : null ===> Message : validateRequest() Invoked!
info: ===> TimeStamp : 2025-03-13 19:19:35===> API : null ===> Message : validRequest() :: Api validated Successfully
info: ===> TimeStamp : 2025-03-13 19:19:35===> API : /api/auth/validateuser ===> Message : validateUser() invoked!!
info: ===> TimeStamp : 2025-03-13 19:19:35===> API : /api/auth/validateuser ===> Message : validateUser() :: Request Object :: [object Object]
info: ===> TimeStamp : 2025-03-13 19:19:35===> API : /api/auth/validateuser ===> Message : validateUserDB() Invoked !
info: ===> TimeStamp : 2025-03-13 19:19:35===> API : /api/auth/validateuser ===> Message : validateUserResponse() invoked!
info: ===> TimeStamp : 2025-03-13 19:19:35===> API : /api/auth/validateuser ===> Message : validateUserResponse() completed
info: ===> TimeStamp : 2025-03-13 19:19:36===> API : null ===> Message : validateRequest() invoked
info: ===> TimeStamp : 2025-03-13 19:19:36===> API : null ===> Message : fetchDBSettings()
info: ===> TimeStamp : 2025-03-13 19:19:36===> API : null ===> Message : validateRequest() Invoked!
info: ===> TimeStamp : 2025-03-13 19:19:36===> API : null ===> Message : validRequest() :: Api validated Successfully
info: ===> TimeStamp : 2025-03-13 19:19:36===> API : /api/auth/login ===> Message : loginUser() invoked!!
info: ===> TimeStamp : 2025-03-13 19:19:36===> API : /api/auth/login ===> Message : loginUser() :: Request Object :: [object Object]
info: ===> TimeStamp : 2025-03-13 19:19:36===> API : /api/auth/login ===> Message : loginUserDB() Invoked !
info: ===> TimeStamp : 2025-03-13 19:19:36===> API : /api/auth/login ===> Message : loginUserResponse() invoked!
info: ===> TimeStamp : 2025-03-13 19:19:36===> API : /api/auth/login ===> Message : loginUserResponse() completed
info: ===> TimeStamp : 2025-03-13 20:24:28===> API : null ===> Message : validateRequest() invoked
info: ===> TimeStamp : 2025-03-13 20:24:28===> API : null ===> Message : fetchDBSettings()
info: ===> TimeStamp : 2025-03-13 20:24:28===> API : null ===> Message : validateRequest() Invoked!
info: ===> TimeStamp : 2025-03-13 20:24:28===> API : null ===> Message : validRequest() :: Api validated Successfully
info: ===> TimeStamp : 2025-03-13 20:24:28===> API : /api/auth/validateuser ===> Message : validateUser() invoked!!
info: ===> TimeStamp : 2025-03-13 20:24:28===> API : /api/auth/validateuser ===> Message : validateUser() :: Request Object :: [object Object]
info: ===> TimeStamp : 2025-03-13 20:24:28===> API : /api/auth/validateuser ===> Message : validateUserDB() Invoked !
info: ===> TimeStamp : 2025-03-13 20:24:28===> API : /api/auth/validateuser ===> Message : validateUserResponse() invoked!
info: ===> TimeStamp : 2025-03-13 20:24:28===> API : /api/auth/validateuser ===> Message : validateUserResponse() completed
info: ===> TimeStamp : 2025-03-13 20:24:28===> API : null ===> Message : validateRequest() invoked
info: ===> TimeStamp : 2025-03-13 20:24:28===> API : null ===> Message : fetchDBSettings()
info: ===> TimeStamp : 2025-03-13 20:24:28===> API : null ===> Message : validateRequest() Invoked!
info: ===> TimeStamp : 2025-03-13 20:24:28===> API : null ===> Message : validRequest() :: Api validated Successfully
info: ===> TimeStamp : 2025-03-13 20:24:28===> API : /api/auth/login ===> Message : loginUser() invoked!!
info: ===> TimeStamp : 2025-03-13 20:24:28===> API : /api/auth/login ===> Message : loginUser() :: Request Object :: [object Object]
info: ===> TimeStamp : 2025-03-13 20:24:28===> API : /api/auth/login ===> Message : loginUserDB() Invoked !
info: ===> TimeStamp : 2025-03-13 20:24:28===> API : /api/auth/login ===> Message : loginUserResponse() invoked!
info: ===> TimeStamp : 2025-03-13 20:24:28===> API : /api/auth/login ===> Message : loginUserResponse() completed
info: ===> TimeStamp : 2025-03-13 20:59:02===> API : null ===> Message : validateRequest() invoked
info: ===> TimeStamp : 2025-03-13 20:59:02===> API : null ===> Message : fetchDBSettings()
info: ===> TimeStamp : 2025-03-13 20:59:02===> API : null ===> Message : validateRequest() Invoked!
info: ===> TimeStamp : 2025-03-13 20:59:02===> API : null ===> Message : validRequest() :: Api validated Successfully
info: ===> TimeStamp : 2025-03-13 20:59:02===> API : /api/auth/validateuser ===> Message : validateUser() invoked!!
info: ===> TimeStamp : 2025-03-13 20:59:02===> API : /api/auth/validateuser ===> Message : validateUser() :: Request Object :: [object Object]
info: ===> TimeStamp : 2025-03-13 20:59:02===> API : /api/auth/validateuser ===> Message : validateUserDB() Invoked !
info: ===> TimeStamp : 2025-03-13 20:59:02===> API : /api/auth/validateuser ===> Message : validateUserResponse() invoked!
info: ===> TimeStamp : 2025-03-13 20:59:02===> API : /api/auth/validateuser ===> Message : validateUserResponse() completed
info: ===> TimeStamp : 2025-03-13 20:59:03===> API : null ===> Message : validateRequest() invoked
info: ===> TimeStamp : 2025-03-13 20:59:03===> API : null ===> Message : fetchDBSettings()
info: ===> TimeStamp : 2025-03-13 20:59:03===> API : null ===> Message : validateRequest() Invoked!
info: ===> TimeStamp : 2025-03-13 20:59:03===> API : null ===> Message : validRequest() :: Api validated Successfully
info: ===> TimeStamp : 2025-03-13 20:59:03===> API : /api/auth/login ===> Message : loginUser() invoked!!
info: ===> TimeStamp : 2025-03-13 20:59:03===> API : /api/auth/login ===> Message : loginUser() :: Request Object :: [object Object]
info: ===> TimeStamp : 2025-03-13 20:59:03===> API : /api/auth/login ===> Message : loginUserDB() Invoked !
info: ===> TimeStamp : 2025-03-13 20:59:03===> API : /api/auth/login ===> Message : loginUserResponse() invoked!
info: ===> TimeStamp : 2025-03-13 20:59:03===> API : /api/auth/login ===> Message : loginUserResponse() completed
info: ===> TimeStamp : 2025-03-13 21:00:12===> API : null ===> Message : validateRequest() invoked
info: ===> TimeStamp : 2025-03-13 21:00:12===> API : null ===> Message : fetchDBSettings()
info: ===> TimeStamp : 2025-03-13 21:00:12===> API : null ===> Message : validateRequest() Invoked!
info: ===> TimeStamp : 2025-03-13 21:00:12===> API : null ===> Message : validRequest() :: Api validated Successfully
info: ===> TimeStamp : 2025-03-13 21:00:12===> API : /api/auth/validateuser ===> Message : validateUser() invoked!!
info: ===> TimeStamp : 2025-03-13 21:00:12===> API : /api/auth/validateuser ===> Message : validateUser() :: Request Object :: [object Object]
info: ===> TimeStamp : 2025-03-13 21:00:12===> API : /api/auth/validateuser ===> Message : validateUserDB() Invoked !
info: ===> TimeStamp : 2025-03-13 21:00:12===> API : /api/auth/validateuser ===> Message : validateUserResponse() invoked!
info: ===> TimeStamp : 2025-03-13 21:00:12===> API : /api/auth/validateuser ===> Message : validateUserResponse() completed
info: ===> TimeStamp : 2025-03-13 21:00:12===> API : null ===> Message : fetchDBSettings()
info: ===> TimeStamp : 2025-03-13 21:00:12===> API : null ===> Message : validateRequest() invoked
info: ===> TimeStamp : 2025-03-13 21:00:12===> API : null ===> Message : validateRequest() Invoked!
info: ===> TimeStamp : 2025-03-13 21:00:12===> API : null ===> Message : validRequest() :: Api validated Successfully
info: ===> TimeStamp : 2025-03-13 21:00:12===> API : /api/auth/login ===> Message : loginUser() invoked!!
info: ===> TimeStamp : 2025-03-13 21:00:12===> API : /api/auth/login ===> Message : loginUser() :: Request Object :: [object Object]
info: ===> TimeStamp : 2025-03-13 21:00:12===> API : /api/auth/login ===> Message : loginUserDB() Invoked !
info: ===> TimeStamp : 2025-03-13 21:00:12===> API : /api/auth/login ===> Message : loginUserResponse() invoked!
info: ===> TimeStamp : 2025-03-13 21:00:12===> API : /api/auth/login ===> Message : loginUserResponse() completed
info: ===> TimeStamp : 2025-03-13 21:23:09===> API : null ===> Message : validateRequest() invoked
info: ===> TimeStamp : 2025-03-13 21:23:09===> API : null ===> Message : fetchDBSettings()
info: ===> TimeStamp : 2025-03-13 21:23:10===> API : null ===> Message : validateRequest() Invoked!
info: ===> TimeStamp : 2025-03-13 21:23:10===> API : null ===> Message : validRequest() :: Api validated Successfully
info: ===> TimeStamp : 2025-03-13 21:23:10===> API : /api/auth/validateuser ===> Message : validateUser() invoked!!
info: ===> TimeStamp : 2025-03-13 21:23:10===> API : /api/auth/validateuser ===> Message : validateUser() :: Request Object :: [object Object]
info: ===> TimeStamp : 2025-03-13 21:23:10===> API : /api/auth/validateuser ===> Message : validateUserDB() Invoked !
info: ===> TimeStamp : 2025-03-13 21:23:10===> API : /api/auth/validateuser ===> Message : validateUserResponse() invoked!
info: ===> TimeStamp : 2025-03-13 21:23:10===> API : /api/auth/validateuser ===> Message : validateUserResponse() completed
info: ===> TimeStamp : 2025-03-13 21:23:10===> API : null ===> Message : validateRequest() invoked
info: ===> TimeStamp : 2025-03-13 21:23:10===> API : null ===> Message : fetchDBSettings()
info: ===> TimeStamp : 2025-03-13 21:23:10===> API : null ===> Message : validateRequest() Invoked!
info: ===> TimeStamp : 2025-03-13 21:23:10===> API : null ===> Message : validRequest() :: Api validated Successfully
info: ===> TimeStamp : 2025-03-13 21:23:10===> API : /api/auth/login ===> Message : loginUser() invoked!!
info: ===> TimeStamp : 2025-03-13 21:23:10===> API : /api/auth/login ===> Message : loginUser() :: Request Object :: [object Object]
info: ===> TimeStamp : 2025-03-13 21:23:10===> API : /api/auth/login ===> Message : loginUserDB() Invoked !
info: ===> TimeStamp : 2025-03-13 21:23:10===> API : /api/auth/login ===> Message : loginUserResponse() invoked!
info: ===> TimeStamp : 2025-03-13 21:23:10===> API : /api/auth/login ===> Message : loginUserResponse() completed
info: ===> TimeStamp : 2025-03-13 21:51:42===> API : null ===> Message : validateRequest() invoked
info: ===> TimeStamp : 2025-03-13 21:51:42===> API : null ===> Message : fetchDBSettings()
info: ===> TimeStamp : 2025-03-13 21:51:42===> API : null ===> Message : validateRequest() Invoked!
info: ===> TimeStamp : 2025-03-13 21:51:42===> API : null ===> Message : validRequest() :: Api validated Successfully
info: ===> TimeStamp : 2025-03-13 21:51:42===> API : /api/auth/logout ===> Message : logoutUser() invoked!!
info: ===> TimeStamp : 2025-03-13 21:51:42===> API : /api/auth/logout ===> Message : logoutUser() :: Request Object :: [object Object]
info: ===> TimeStamp : 2025-03-13 21:51:42===> API : /api/auth/logout ===> Message : logoutUserDB() Invoked !
info: ===> TimeStamp : 2025-03-13 21:51:42===> API : /api/auth/logout ===> Message : logoutUserResponse() invoked!
info: ===> TimeStamp : 2025-03-13 21:51:42===> API : /api/auth/logout ===> Message : logoutUserResponse() completed
info: ===> TimeStamp : 2025-03-13 21:55:30===> API : null ===> Message : validateRequest() invoked
info: ===> TimeStamp : 2025-03-13 21:55:30===> API : null ===> Message : fetchDBSettings()
info: ===> TimeStamp : 2025-03-13 21:55:30===> API : null ===> Message : validateRequest() Invoked!
info: ===> TimeStamp : 2025-03-13 21:55:30===> API : null ===> Message : validRequest() :: Api validated Successfully
info: ===> TimeStamp : 2025-03-13 21:55:30===> API : /api/auth/logout ===> Message : logoutUser() invoked!!
info: ===> TimeStamp : 2025-03-13 21:55:30===> API : /api/auth/logout ===> Message : logoutUser() :: Request Object :: [object Object]
info: ===> TimeStamp : 2025-03-13 21:55:30===> API : /api/auth/logout ===> Message : logoutUserDB() Invoked !
info: ===> TimeStamp : 2025-03-13 21:55:30===> API : /api/auth/logout ===> Message : logoutUserResponse() invoked!
info: ===> TimeStamp : 2025-03-13 21:55:30===> API : /api/auth/logout ===> Message : logoutUserResponse() completed
info: ===> TimeStamp : 2025-03-13 21:55:36===> API : null ===> Message : validateRequest() invoked
info: ===> TimeStamp : 2025-03-13 21:55:36===> API : null ===> Message : fetchDBSettings()
info: ===> TimeStamp : 2025-03-13 21:55:36===> API : null ===> Message : validateRequest() Invoked!
info: ===> TimeStamp : 2025-03-13 21:55:36===> API : null ===> Message : validRequest() :: Api validated Successfully
info: ===> TimeStamp : 2025-03-13 21:55:36===> API : /api/auth/validateuser ===> Message : validateUser() invoked!!
info: ===> TimeStamp : 2025-03-13 21:55:36===> API : /api/auth/validateuser ===> Message : validateUser() :: Request Object :: [object Object]
info: ===> TimeStamp : 2025-03-13 21:55:36===> API : /api/auth/validateuser ===> Message : validateUserDB() Invoked !
info: ===> TimeStamp : 2025-03-13 21:55:36===> API : /api/auth/validateuser ===> Message : validateUserResponse() invoked!
info: ===> TimeStamp : 2025-03-13 21:55:36===> API : /api/auth/validateuser ===> Message : validateUserResponse() completed
info: ===> TimeStamp : 2025-03-13 21:55:36===> API : null ===> Message : validateRequest() invoked
info: ===> TimeStamp : 2025-03-13 21:55:36===> API : null ===> Message : fetchDBSettings()
info: ===> TimeStamp : 2025-03-13 21:55:36===> API : null ===> Message : validateRequest() Invoked!
info: ===> TimeStamp : 2025-03-13 21:55:36===> API : null ===> Message : validRequest() :: Api validated Successfully
info: ===> TimeStamp : 2025-03-13 21:55:36===> API : /api/auth/checkIP ===> Message : checkIP() invoked!!
info: ===> TimeStamp : 2025-03-13 21:55:36===> API : /api/auth/checkIP ===> Message : IPs match: 103.225.102.162
info: ===> TimeStamp : 2025-03-13 21:55:36===> API : /api/auth/checkIP ===> Message : checkIPResponse() invoked!
info: ===> TimeStamp : 2025-03-13 21:55:36===> API : /api/auth/checkIP ===> Message : checkIPResponse() completed
info: ===> TimeStamp : 2025-03-13 21:55:36===> API : null ===> Message : validateRequest() invoked
info: ===> TimeStamp : 2025-03-13 21:55:36===> API : null ===> Message : fetchDBSettings()
info: ===> TimeStamp : 2025-03-13 21:55:37===> API : null ===> Message : validateRequest() Invoked!
info: ===> TimeStamp : 2025-03-13 21:55:37===> API : null ===> Message : validRequest() :: Api validated Successfully
info: ===> TimeStamp : 2025-03-13 21:55:37===> API : /api/auth/login ===> Message : loginUser() invoked!!
info: ===> TimeStamp : 2025-03-13 21:55:37===> API : /api/auth/login ===> Message : loginUser() :: Request Object :: [object Object]
info: ===> TimeStamp : 2025-03-13 21:55:37===> API : /api/auth/login ===> Message : loginUserDB() Invoked !
info: ===> TimeStamp : 2025-03-13 21:55:37===> API : /api/auth/login ===> Message : loginUserResponse() invoked!
info: ===> TimeStamp : 2025-03-13 21:55:37===> API : /api/auth/login ===> Message : loginUserResponse() completed
info: ===> TimeStamp : 2025-03-13 21:56:36===> API : null ===> Message : validateRequest() invoked
info: ===> TimeStamp : 2025-03-13 21:56:36===> API : null ===> Message : fetchDBSettings()
info: ===> TimeStamp : 2025-03-13 21:56:37===> API : null ===> Message : validateRequest() Invoked!
info: ===> TimeStamp : 2025-03-13 21:56:37===> API : null ===> Message : validRequest() :: Api validated Successfully
info: ===> TimeStamp : 2025-03-13 21:56:37===> API : /api/auth/validateuser ===> Message : validateUser() invoked!!
info: ===> TimeStamp : 2025-03-13 21:56:37===> API : /api/auth/validateuser ===> Message : validateUser() :: Request Object :: [object Object]
info: ===> TimeStamp : 2025-03-13 21:56:37===> API : /api/auth/validateuser ===> Message : validateUserDB() Invoked !
info: ===> TimeStamp : 2025-03-13 21:56:37===> API : /api/auth/validateuser ===> Message : validateUserResponse() invoked!
info: ===> TimeStamp : 2025-03-13 21:56:37===> API : /api/auth/validateuser ===> Message : validateUserResponse() completed
info: ===> TimeStamp : 2025-03-13 21:56:37===> API : null ===> Message : validateRequest() invoked
info: ===> TimeStamp : 2025-03-13 21:56:37===> API : null ===> Message : fetchDBSettings()
info: ===> TimeStamp : 2025-03-13 21:56:37===> API : null ===> Message : validateRequest() Invoked!
info: ===> TimeStamp : 2025-03-13 21:56:37===> API : null ===> Message : validRequest() :: Api validated Successfully
info: ===> TimeStamp : 2025-03-13 21:56:37===> API : /api/auth/checkIP ===> Message : checkIP() invoked!!
info: ===> TimeStamp : 2025-03-13 21:56:37===> API : /api/auth/checkIP ===> Message : IPs match: 103.255.182.117
info: ===> TimeStamp : 2025-03-13 21:56:37===> API : /api/auth/checkIP ===> Message : checkIPResponse() invoked!
info: ===> TimeStamp : 2025-03-13 21:56:37===> API : /api/auth/checkIP ===> Message : checkIPResponse() completed
info: ===> TimeStamp : 2025-03-13 21:56:37===> API : null ===> Message : validateRequest() invoked
info: ===> TimeStamp : 2025-03-13 21:56:37===> API : null ===> Message : fetchDBSettings()
info: ===> TimeStamp : 2025-03-13 21:56:37===> API : null ===> Message : validateRequest() Invoked!
info: ===> TimeStamp : 2025-03-13 21:56:37===> API : null ===> Message : validRequest() :: Api validated Successfully
info: ===> TimeStamp : 2025-03-13 21:56:37===> API : /api/auth/login ===> Message : loginUser() invoked!!
info: ===> TimeStamp : 2025-03-13 21:56:37===> API : /api/auth/login ===> Message : loginUser() :: Request Object :: [object Object]
info: ===> TimeStamp : 2025-03-13 21:56:37===> API : /api/auth/login ===> Message : loginUserDB() Invoked !
info: ===> TimeStamp : 2025-03-13 21:56:37===> API : /api/auth/login ===> Message : loginUserResponse() invoked!
info: ===> TimeStamp : 2025-03-13 21:56:37===> API : /api/auth/login ===> Message : loginUserResponse() completed
info: ===> TimeStamp : 2025-03-14 01:25:06===> API : null ===> Message : validateRequest() invoked
info: ===> TimeStamp : 2025-03-14 01:25:06===> API : null ===> Message : fetchDBSettings()
info: ===> TimeStamp : 2025-03-14 01:25:06===> API : null ===> Message : validateRequest() Invoked!
info: ===> TimeStamp : 2025-03-14 01:25:06===> API : null ===> Message : validRequest() :: Api validated Successfully
info: ===> TimeStamp : 2025-03-14 01:25:06===> API : /api/auth/validateuser ===> Message : validateUser() invoked!!
info: ===> TimeStamp : 2025-03-14 01:25:06===> API : /api/auth/validateuser ===> Message : validateUser() :: Request Object :: [object Object]
info: ===> TimeStamp : 2025-03-14 01:25:06===> API : /api/auth/validateuser ===> Message : validateUserDB() Invoked !
info: ===> TimeStamp : 2025-03-14 01:25:06===> API : /api/auth/validateuser ===> Message : validateUserResponse() invoked!
info: ===> TimeStamp : 2025-03-14 01:25:06===> API : /api/auth/validateuser ===> Message : validateUserResponse() completed
info: ===> TimeStamp : 2025-03-14 01:25:06===> API : null ===> Message : validateRequest() invoked
info: ===> TimeStamp : 2025-03-14 01:25:06===> API : null ===> Message : fetchDBSettings()
info: ===> TimeStamp : 2025-03-14 01:25:06===> API : null ===> Message : validateRequest() Invoked!
info: ===> TimeStamp : 2025-03-14 01:25:06===> API : null ===> Message : validRequest() :: Api validated Successfully
info: ===> TimeStamp : 2025-03-14 01:25:06===> API : /api/auth/checkIP ===> Message : checkIP() invoked!!
info: ===> TimeStamp : 2025-03-14 01:25:06===> API : /api/auth/checkIP ===> Message : IPs match: 103.225.102.162
info: ===> TimeStamp : 2025-03-14 01:25:06===> API : /api/auth/checkIP ===> Message : checkIPResponse() invoked!
info: ===> TimeStamp : 2025-03-14 01:25:06===> API : /api/auth/checkIP ===> Message : checkIPResponse() completed
info: ===> TimeStamp : 2025-03-14 01:25:06===> API : null ===> Message : validateRequest() invoked
info: ===> TimeStamp : 2025-03-14 01:25:06===> API : null ===> Message : fetchDBSettings()
info: ===> TimeStamp : 2025-03-14 01:25:06===> API : null ===> Message : validateRequest() Invoked!
info: ===> TimeStamp : 2025-03-14 01:25:06===> API : null ===> Message : validRequest() :: Api validated Successfully
info: ===> TimeStamp : 2025-03-14 01:25:06===> API : /api/auth/login ===> Message : loginUser() invoked!!
info: ===> TimeStamp : 2025-03-14 01:25:06===> API : /api/auth/login ===> Message : loginUser() :: Request Object :: [object Object]
info: ===> TimeStamp : 2025-03-14 01:25:06===> API : /api/auth/login ===> Message : loginUserDB() Invoked !
info: ===> TimeStamp : 2025-03-14 01:25:06===> API : /api/auth/login ===> Message : loginUserResponse() invoked!
info: ===> TimeStamp : 2025-03-14 01:25:06===> API : /api/auth/login ===> Message : loginUserResponse() completed
info: ===> TimeStamp : 2025-03-14 01:48:36===> API : null ===> Message : fetchDBSettings()
info: ===> TimeStamp : 2025-03-14 01:48:36===> API : null ===> Message : validateRequest() invoked
info: ===> TimeStamp : 2025-03-14 01:48:36===> API : null ===> Message : validateRequest() Invoked!
info: ===> TimeStamp : 2025-03-14 01:48:36===> API : null ===> Message : validRequest() :: Api validated Successfully
info: ===> TimeStamp : 2025-03-14 01:48:36===> API : /api/auth/validateuser ===> Message : validateUser() invoked!!
info: ===> TimeStamp : 2025-03-14 01:48:36===> API : /api/auth/validateuser ===> Message : validateUser() :: Request Object :: [object Object]
info: ===> TimeStamp : 2025-03-14 01:48:36===> API : /api/auth/validateuser ===> Message : validateUserDB() Invoked !
info: ===> TimeStamp : 2025-03-14 01:48:36===> API : /api/auth/validateuser ===> Message : validateUserResponse() invoked!
info: ===> TimeStamp : 2025-03-14 01:48:36===> API : /api/auth/validateuser ===> Message : validateUserResponse() completed
info: ===> TimeStamp : 2025-03-14 01:48:36===> API : null ===> Message : validateRequest() invoked
info: ===> TimeStamp : 2025-03-14 01:48:36===> API : null ===> Message : fetchDBSettings()
info: ===> TimeStamp : 2025-03-14 01:48:36===> API : null ===> Message : validateRequest() Invoked!
info: ===> TimeStamp : 2025-03-14 01:48:36===> API : null ===> Message : validRequest() :: Api validated Successfully
info: ===> TimeStamp : 2025-03-14 01:48:36===> API : /api/auth/login ===> Message : loginUser() invoked!!
info: ===> TimeStamp : 2025-03-14 01:48:36===> API : /api/auth/login ===> Message : loginUser() :: Request Object :: [object Object]
info: ===> TimeStamp : 2025-03-14 01:48:36===> API : /api/auth/login ===> Message : loginUserDB() Invoked !
info: ===> TimeStamp : 2025-03-14 01:48:36===> API : /api/auth/login ===> Message : loginUserResponse() invoked!
info: ===> TimeStamp : 2025-03-14 01:48:36===> API : /api/auth/login ===> Message : loginUserResponse() completed
info: ===> TimeStamp : 2025-03-14 02:12:31===> API : null ===> Message : validateRequest() invoked
info: ===> TimeStamp : 2025-03-14 02:12:31===> API : null ===> Message : validateRequest() Error:: Invalid Request :: 
      {"apiUri":"/pdown"}
info: ===> TimeStamp : 2025-03-14 02:41:28===> API : null ===> Message : validateRequest() invoked
info: ===> TimeStamp : 2025-03-14 02:41:28===> API : null ===> Message : fetchDBSettings()
info: ===> TimeStamp : 2025-03-14 02:41:28===> API : null ===> Message : validateRequest() Invoked!
info: ===> TimeStamp : 2025-03-14 02:41:28===> API : null ===> Message : validRequest() :: Api validated Successfully
info: ===> TimeStamp : 2025-03-14 02:41:28===> API : /api/auth/logout ===> Message : logoutUser() invoked!!
info: ===> TimeStamp : 2025-03-14 02:41:28===> API : /api/auth/logout ===> Message : logoutUser() :: Request Object :: [object Object]
info: ===> TimeStamp : 2025-03-14 02:41:28===> API : /api/auth/logout ===> Message : logoutUserDB() Invoked !
info: ===> TimeStamp : 2025-03-14 02:41:28===> API : /api/auth/logout ===> Message : logoutUserResponse() invoked!
info: ===> TimeStamp : 2025-03-14 02:41:28===> API : /api/auth/logout ===> Message : logoutUserResponse() completed
info: ===> TimeStamp : 2025-03-14 03:29:15===> API : null ===> Message : validateRequest() invoked
info: ===> TimeStamp : 2025-03-14 03:29:15===> API : null ===> Message : fetchDBSettings()
info: ===> TimeStamp : 2025-03-14 03:29:15===> API : null ===> Message : validateRequest() Invoked!
info: ===> TimeStamp : 2025-03-14 03:29:15===> API : null ===> Message : validRequest() :: Api validated Successfully
info: ===> TimeStamp : 2025-03-14 03:29:15===> API : /api/auth/validateuser ===> Message : validateUser() invoked!!
info: ===> TimeStamp : 2025-03-14 03:29:15===> API : /api/auth/validateuser ===> Message : validateUser() :: Request Object :: [object Object]
info: ===> TimeStamp : 2025-03-14 03:29:15===> API : /api/auth/validateuser ===> Message : validateUserDB() Invoked !
info: ===> TimeStamp : 2025-03-14 03:29:15===> API : /api/auth/validateuser ===> Message : validateUserResponse() invoked!
info: ===> TimeStamp : 2025-03-14 03:29:15===> API : /api/auth/validateuser ===> Message : validateUserResponse() completed
info: ===> TimeStamp : 2025-03-14 03:29:15===> API : null ===> Message : validateRequest() invoked
info: ===> TimeStamp : 2025-03-14 03:29:15===> API : null ===> Message : fetchDBSettings()
info: ===> TimeStamp : 2025-03-14 03:29:15===> API : null ===> Message : validateRequest() Invoked!
info: ===> TimeStamp : 2025-03-14 03:29:15===> API : null ===> Message : validRequest() :: Api validated Successfully
info: ===> TimeStamp : 2025-03-14 03:29:15===> API : /api/auth/checkIP ===> Message : checkIP() invoked!!
info: ===> TimeStamp : 2025-03-14 03:29:15===> API : /api/auth/checkIP ===> Message : IPs match: 103.225.102.162
info: ===> TimeStamp : 2025-03-14 03:29:15===> API : /api/auth/checkIP ===> Message : checkIPResponse() invoked!
info: ===> TimeStamp : 2025-03-14 03:29:15===> API : /api/auth/checkIP ===> Message : checkIPResponse() completed
info: ===> TimeStamp : 2025-03-14 03:29:15===> API : null ===> Message : validateRequest() invoked
info: ===> TimeStamp : 2025-03-14 03:29:15===> API : null ===> Message : fetchDBSettings()
info: ===> TimeStamp : 2025-03-14 03:29:15===> API : null ===> Message : validateRequest() Invoked!
info: ===> TimeStamp : 2025-03-14 03:29:15===> API : null ===> Message : validRequest() :: Api validated Successfully
info: ===> TimeStamp : 2025-03-14 03:29:15===> API : /api/auth/login ===> Message : loginUser() invoked!!
info: ===> TimeStamp : 2025-03-14 03:29:15===> API : /api/auth/login ===> Message : loginUser() :: Request Object :: [object Object]
info: ===> TimeStamp : 2025-03-14 03:29:15===> API : /api/auth/login ===> Message : loginUserDB() Invoked !
info: ===> TimeStamp : 2025-03-14 03:29:15===> API : /api/auth/login ===> Message : loginUserResponse() invoked!
info: ===> TimeStamp : 2025-03-14 03:29:15===> API : /api/auth/login ===> Message : loginUserResponse() completed
info: ===> TimeStamp : 2025-03-14 03:33:24===> API : null ===> Message : validateRequest() invoked
info: ===> TimeStamp : 2025-03-14 03:33:24===> API : null ===> Message : fetchDBSettings()
info: ===> TimeStamp : 2025-03-14 03:33:24===> API : null ===> Message : validateRequest() Invoked!
info: ===> TimeStamp : 2025-03-14 03:33:24===> API : null ===> Message : validRequest() :: Api validated Successfully
info: ===> TimeStamp : 2025-03-14 03:33:24===> API : /api/auth/validateuser ===> Message : validateUser() :: Request Object :: [object Object]
info: ===> TimeStamp : 2025-03-14 03:33:24===> API : /api/auth/validateuser ===> Message : validateUser() invoked!!
info: ===> TimeStamp : 2025-03-14 03:33:24===> API : /api/auth/validateuser ===> Message : validateUserDB() Invoked !
info: ===> TimeStamp : 2025-03-14 03:33:24===> API : /api/auth/validateuser ===> Message : validateUserResponse() invoked!
info: ===> TimeStamp : 2025-03-14 03:33:24===> API : /api/auth/validateuser ===> Message : validateUserResponse() completed
info: ===> TimeStamp : 2025-03-14 03:33:25===> API : null ===> Message : validateRequest() invoked
info: ===> TimeStamp : 2025-03-14 03:33:25===> API : null ===> Message : fetchDBSettings()
info: ===> TimeStamp : 2025-03-14 03:33:25===> API : null ===> Message : validateRequest() Invoked!
info: ===> TimeStamp : 2025-03-14 03:33:25===> API : null ===> Message : validRequest() :: Api validated Successfully
info: ===> TimeStamp : 2025-03-14 03:33:25===> API : /api/auth/checkIP ===> Message : checkIP() invoked!!
info: ===> TimeStamp : 2025-03-14 03:33:25===> API : /api/auth/checkIP ===> Message : IPs match: 103.255.182.117
info: ===> TimeStamp : 2025-03-14 03:33:25===> API : /api/auth/checkIP ===> Message : checkIPResponse() invoked!
info: ===> TimeStamp : 2025-03-14 03:33:25===> API : /api/auth/checkIP ===> Message : checkIPResponse() completed
info: ===> TimeStamp : 2025-03-14 03:33:25===> API : null ===> Message : validateRequest() invoked
info: ===> TimeStamp : 2025-03-14 03:33:25===> API : null ===> Message : fetchDBSettings()
info: ===> TimeStamp : 2025-03-14 03:33:25===> API : null ===> Message : validateRequest() Invoked!
info: ===> TimeStamp : 2025-03-14 03:33:25===> API : null ===> Message : validRequest() :: Api validated Successfully
info: ===> TimeStamp : 2025-03-14 03:33:25===> API : /api/auth/login ===> Message : loginUser() invoked!!
info: ===> TimeStamp : 2025-03-14 03:33:25===> API : /api/auth/login ===> Message : loginUser() :: Request Object :: [object Object]
info: ===> TimeStamp : 2025-03-14 03:33:25===> API : /api/auth/login ===> Message : loginUserDB() Invoked !
info: ===> TimeStamp : 2025-03-14 03:33:25===> API : /api/auth/login ===> Message : loginUserResponse() invoked!
info: ===> TimeStamp : 2025-03-14 03:33:25===> API : /api/auth/login ===> Message : loginUserResponse() completed
info: ===> TimeStamp : 2025-03-14 04:15:23===> API : null ===> Message : validateRequest() invoked
info: ===> TimeStamp : 2025-03-14 04:15:23===> API : null ===> Message : fetchDBSettings()
info: ===> TimeStamp : 2025-03-14 04:15:23===> API : null ===> Message : validateRequest() Invoked!
info: ===> TimeStamp : 2025-03-14 04:15:23===> API : null ===> Message : validRequest() :: Api validated Successfully
info: ===> TimeStamp : 2025-03-14 04:15:23===> API : /api/auth/validateuser ===> Message : validateUser() invoked!!
info: ===> TimeStamp : 2025-03-14 04:15:23===> API : /api/auth/validateuser ===> Message : validateUser() :: Request Object :: [object Object]
info: ===> TimeStamp : 2025-03-14 04:15:23===> API : /api/auth/validateuser ===> Message : validateUserDB() Invoked !
info: ===> TimeStamp : 2025-03-14 04:15:23===> API : /api/auth/validateuser ===> Message : validateUserResponse() invoked!
info: ===> TimeStamp : 2025-03-14 04:15:23===> API : /api/auth/validateuser ===> Message : validateUserResponse() completed
info: ===> TimeStamp : 2025-03-14 04:15:23===> API : null ===> Message : validateRequest() invoked
info: ===> TimeStamp : 2025-03-14 04:15:23===> API : null ===> Message : fetchDBSettings()
info: ===> TimeStamp : 2025-03-14 04:15:23===> API : null ===> Message : validateRequest() Invoked!
info: ===> TimeStamp : 2025-03-14 04:15:23===> API : null ===> Message : validRequest() :: Api validated Successfully
info: ===> TimeStamp : 2025-03-14 04:15:23===> API : /api/auth/checkIP ===> Message : checkIP() invoked!!
info: ===> TimeStamp : 2025-03-14 04:15:23===> API : /api/auth/checkIP ===> Message : IPs match: 103.225.102.162
info: ===> TimeStamp : 2025-03-14 04:15:23===> API : /api/auth/checkIP ===> Message : checkIPResponse() invoked!
info: ===> TimeStamp : 2025-03-14 04:15:23===> API : /api/auth/checkIP ===> Message : checkIPResponse() completed
info: ===> TimeStamp : 2025-03-14 04:15:23===> API : null ===> Message : validateRequest() invoked
info: ===> TimeStamp : 2025-03-14 04:15:23===> API : null ===> Message : fetchDBSettings()
info: ===> TimeStamp : 2025-03-14 04:15:23===> API : null ===> Message : validateRequest() Invoked!
info: ===> TimeStamp : 2025-03-14 04:15:23===> API : null ===> Message : validRequest() :: Api validated Successfully
info: ===> TimeStamp : 2025-03-14 04:15:23===> API : /api/auth/login ===> Message : loginUser() invoked!!
info: ===> TimeStamp : 2025-03-14 04:15:23===> API : /api/auth/login ===> Message : loginUser() :: Request Object :: [object Object]
info: ===> TimeStamp : 2025-03-14 04:15:23===> API : /api/auth/login ===> Message : loginUserDB() Invoked !
info: ===> TimeStamp : 2025-03-14 04:15:23===> API : /api/auth/login ===> Message : loginUserResponse() invoked!
info: ===> TimeStamp : 2025-03-14 04:15:23===> API : /api/auth/login ===> Message : loginUserResponse() completed
