info: ===> TimeStamp : 2025-11-28 06:32:24===> API : null ===> Message : validateRequest() invoked
info: ===> TimeStamp : 2025-11-28 06:32:24===> API : null ===> Message : fetchDBSettings()
info: ===> TimeStamp : 2025-11-28 06:32:24===> API : null ===> Message : validateRequest() Invoked!
info: ===> TimeStamp : 2025-11-28 06:32:24===> API : null ===> Message : validRequest() :: Api validated Successfully
info: ===> TimeStamp : 2025-11-28 06:32:24===> API : /api/auth/logout ===> Message : logoutUser() invoked!!
info: ===> TimeStamp : 2025-11-28 06:32:24===> API : /api/auth/logout ===> Message : logoutUser() :: Request Object :: [object Object]
info: ===> TimeStamp : 2025-11-28 06:32:24===> API : /api/auth/logout ===> Message : logoutUserDB() Invoked !
info: ===> TimeStamp : 2025-11-28 06:32:24===> API : /api/auth/logout ===> Message : logoutUserResponse() invoked!
info: ===> TimeStamp : 2025-11-28 06:32:24===> API : /api/auth/logout ===> Message : logoutUserResponse() completed
info: ===> TimeStamp : 2025-11-28 06:54:52===> API : null ===> Message : validateRequest() invoked
info: ===> TimeStamp : 2025-11-28 06:54:52===> API : null ===> Message : fetchDBSettings()
info: ===> TimeStamp : 2025-11-28 06:54:52===> API : null ===> Message : validateRequest() Invoked!
info: ===> TimeStamp : 2025-11-28 06:54:52===> API : null ===> Message : validRequest() :: Api validated Successfully
info: ===> TimeStamp : 2025-11-28 06:54:52===> API : /api/auth/logout ===> Message : logoutUser() invoked!!
info: ===> TimeStamp : 2025-11-28 06:54:52===> API : /api/auth/logout ===> Message : logoutUser() :: Request Object :: [object Object]
info: ===> TimeStamp : 2025-11-28 06:54:52===> API : /api/auth/logout ===> Message : logoutUserDB() Invoked !
info: ===> TimeStamp : 2025-11-28 06:54:52===> API : /api/auth/logout ===> Message : logoutUserResponse() invoked!
info: ===> TimeStamp : 2025-11-28 06:54:52===> API : /api/auth/logout ===> Message : logoutUserResponse() completed
info: ===> TimeStamp : 2025-11-28 07:01:03===> API : null ===> Message : validateRequest() invoked
info: ===> TimeStamp : 2025-11-28 07:01:03===> API : null ===> Message : fetchDBSettings()
info: ===> TimeStamp : 2025-11-28 07:01:03===> API : null ===> Message : validateRequest() Invoked!
info: ===> TimeStamp : 2025-11-28 07:01:03===> API : null ===> Message : validRequest() :: Api validated Successfully
info: ===> TimeStamp : 2025-11-28 07:01:03===> API : /api/auth/validateuser ===> Message : validateUser() invoked!!
info: ===> TimeStamp : 2025-11-28 07:01:03===> API : /api/auth/validateuser ===> Message : validateUser() :: Request Object :: [object Object]
info: ===> TimeStamp : 2025-11-28 07:01:03===> API : /api/auth/validateuser ===> Message : validateUserDB() Invoked !
info: ===> TimeStamp : 2025-11-28 07:01:03===> API : /api/auth/validateuser ===> Message : validateUserResponse() invoked!
info: ===> TimeStamp : 2025-11-28 07:01:03===> API : /api/auth/validateuser ===> Message : validateUserResponse() completed
info: ===> TimeStamp : 2025-11-28 07:01:03===> API : null ===> Message : validateRequest() invoked
info: ===> TimeStamp : 2025-11-28 07:01:03===> API : null ===> Message : fetchDBSettings()
info: ===> TimeStamp : 2025-11-28 07:01:03===> API : null ===> Message : validateRequest() Invoked!
info: ===> TimeStamp : 2025-11-28 07:01:03===> API : null ===> Message : validRequest() :: Api validated Successfully
info: ===> TimeStamp : 2025-11-28 07:01:03===> API : /api/auth/checkIP ===> Message : checkIP() invoked!!
info: ===> TimeStamp : 2025-11-28 07:01:03===> API : /api/auth/checkIP ===> Message : IPs match: 103.225.102.194
info: ===> TimeStamp : 2025-11-28 07:01:03===> API : /api/auth/checkIP ===> Message : checkIPResponse() invoked!
info: ===> TimeStamp : 2025-11-28 07:01:03===> API : /api/auth/checkIP ===> Message : checkIPResponse() completed
info: ===> TimeStamp : 2025-11-28 07:01:03===> API : null ===> Message : validateRequest() invoked
info: ===> TimeStamp : 2025-11-28 07:01:03===> API : null ===> Message : fetchDBSettings()
info: ===> TimeStamp : 2025-11-28 07:01:03===> API : null ===> Message : validateRequest() Invoked!
info: ===> TimeStamp : 2025-11-28 07:01:03===> API : null ===> Message : validRequest() :: Api validated Successfully
info: ===> TimeStamp : 2025-11-28 07:01:03===> API : /api/auth/login ===> Message : loginUser() invoked!!
info: ===> TimeStamp : 2025-11-28 07:01:03===> API : /api/auth/login ===> Message : loginUser() :: Request Object :: [object Object]
info: ===> TimeStamp : 2025-11-28 07:01:03===> API : /api/auth/login ===> Message : loginUserDB() Invoked !
info: ===> TimeStamp : 2025-11-28 07:01:04===> API : /api/auth/login ===> Message : loginUserResponse() invoked!
info: ===> TimeStamp : 2025-11-28 07:01:04===> API : /api/auth/login ===> Message : loginUserResponse() completed
info: ===> TimeStamp : 2025-11-28 07:01:18===> API : null ===> Message : validateRequest() invoked
info: ===> TimeStamp : 2025-11-28 07:01:18===> API : null ===> Message : fetchDBSettings()
info: ===> TimeStamp : 2025-11-28 07:01:18===> API : null ===> Message : validateRequest() Invoked!
info: ===> TimeStamp : 2025-11-28 07:01:18===> API : /api/auth/validateuser ===> Message : validateUser() invoked!!
info: ===> TimeStamp : 2025-11-28 07:01:18===> API : null ===> Message : validRequest() :: Api validated Successfully
info: ===> TimeStamp : 2025-11-28 07:01:18===> API : /api/auth/validateuser ===> Message : validateUser() :: Request Object :: [object Object]
info: ===> TimeStamp : 2025-11-28 07:01:18===> API : /api/auth/validateuser ===> Message : validateUserDB() Invoked !
info: ===> TimeStamp : 2025-11-28 07:01:18===> API : /api/auth/validateuser ===> Message : validateUserResponse() invoked!
info: ===> TimeStamp : 2025-11-28 07:01:18===> API : /api/auth/validateuser ===> Message : validateUserResponse() completed
info: ===> TimeStamp : 2025-11-28 07:01:18===> API : null ===> Message : validateRequest() invoked
info: ===> TimeStamp : 2025-11-28 07:01:18===> API : null ===> Message : fetchDBSettings()
info: ===> TimeStamp : 2025-11-28 07:01:18===> API : null ===> Message : validateRequest() Invoked!
info: ===> TimeStamp : 2025-11-28 07:01:18===> API : null ===> Message : validRequest() :: Api validated Successfully
info: ===> TimeStamp : 2025-11-28 07:01:18===> API : /api/auth/checkIP ===> Message : checkIP() invoked!!
info: ===> TimeStamp : 2025-11-28 07:01:18===> API : /api/auth/checkIP ===> Message : IPs match: 103.255.182.117
info: ===> TimeStamp : 2025-11-28 07:01:18===> API : /api/auth/checkIP ===> Message : checkIPResponse() invoked!
info: ===> TimeStamp : 2025-11-28 07:01:18===> API : /api/auth/checkIP ===> Message : checkIPResponse() completed
info: ===> TimeStamp : 2025-11-28 07:01:18===> API : null ===> Message : validateRequest() invoked
info: ===> TimeStamp : 2025-11-28 07:01:18===> API : null ===> Message : fetchDBSettings()
info: ===> TimeStamp : 2025-11-28 07:01:18===> API : null ===> Message : validateRequest() Invoked!
info: ===> TimeStamp : 2025-11-28 07:01:18===> API : null ===> Message : validRequest() :: Api validated Successfully
info: ===> TimeStamp : 2025-11-28 07:01:18===> API : /api/auth/login ===> Message : loginUser() invoked!!
info: ===> TimeStamp : 2025-11-28 07:01:18===> API : /api/auth/login ===> Message : loginUser() :: Request Object :: [object Object]
info: ===> TimeStamp : 2025-11-28 07:01:18===> API : /api/auth/login ===> Message : loginUserDB() Invoked !
info: ===> TimeStamp : 2025-11-28 07:01:18===> API : /api/auth/login ===> Message : loginUserResponse() invoked!
info: ===> TimeStamp : 2025-11-28 07:01:18===> API : /api/auth/login ===> Message : loginUserResponse() completed
info: ===> TimeStamp : 2025-11-28 13:00:04===> API : null ===> Message : validateRequest() invoked
info: ===> TimeStamp : 2025-11-28 13:00:04===> API : null ===> Message : fetchDBSettings()
info: ===> TimeStamp : 2025-11-28 13:00:04===> API : null ===> Message : validateRequest() Invoked!
info: ===> TimeStamp : 2025-11-28 13:00:04===> API : null ===> Message : validRequest() :: Api validated Successfully
info: ===> TimeStamp : 2025-11-28 13:00:04===> API : /api/auth/validateuser ===> Message : validateUser() invoked!!
info: ===> TimeStamp : 2025-11-28 13:00:04===> API : /api/auth/validateuser ===> Message : validateUser() :: Request Object :: [object Object]
info: ===> TimeStamp : 2025-11-28 13:00:04===> API : /api/auth/validateuser ===> Message : validateUserDB() Invoked !
info: ===> TimeStamp : 2025-11-28 13:00:04===> API : /api/auth/validateuser ===> Message : validateUserResponse() invoked!
info: ===> TimeStamp : 2025-11-28 13:00:04===> API : /api/auth/validateuser ===> Message : validateUserResponse() completed
info: ===> TimeStamp : 2025-11-28 13:00:04===> API : null ===> Message : validateRequest() invoked
info: ===> TimeStamp : 2025-11-28 13:00:04===> API : null ===> Message : fetchDBSettings()
info: ===> TimeStamp : 2025-11-28 13:00:04===> API : null ===> Message : validateRequest() Invoked!
info: ===> TimeStamp : 2025-11-28 13:00:04===> API : null ===> Message : validRequest() :: Api validated Successfully
info: ===> TimeStamp : 2025-11-28 13:00:04===> API : /api/auth/login ===> Message : loginUser() invoked!!
info: ===> TimeStamp : 2025-11-28 13:00:04===> API : /api/auth/login ===> Message : loginUser() :: Request Object :: [object Object]
info: ===> TimeStamp : 2025-11-28 13:00:04===> API : /api/auth/login ===> Message : loginUserDB() Invoked !
info: ===> TimeStamp : 2025-11-28 13:00:04===> API : /api/auth/login ===> Message : loginUserResponse() invoked!
info: ===> TimeStamp : 2025-11-28 13:00:04===> API : /api/auth/login ===> Message : loginUserResponse() completed
info: ===> TimeStamp : 2025-11-28 13:00:55===> API : null ===> Message : validateRequest() invoked
info: ===> TimeStamp : 2025-11-28 13:00:55===> API : null ===> Message : fetchDBSettings()
info: ===> TimeStamp : 2025-11-28 13:00:55===> API : null ===> Message : validateRequest() Invoked!
info: ===> TimeStamp : 2025-11-28 13:00:55===> API : null ===> Message : validRequest() :: Api validated Successfully
info: ===> TimeStamp : 2025-11-28 13:00:55===> API : /api/auth/logout ===> Message : logoutUser() invoked!!
info: ===> TimeStamp : 2025-11-28 13:00:55===> API : /api/auth/logout ===> Message : logoutUser() :: Request Object :: [object Object]
info: ===> TimeStamp : 2025-11-28 13:00:55===> API : /api/auth/logout ===> Message : logoutUserDB() Invoked !
info: ===> TimeStamp : 2025-11-28 13:00:55===> API : /api/auth/logout ===> Message : logoutUserResponse() invoked!
info: ===> TimeStamp : 2025-11-28 13:00:55===> API : /api/auth/logout ===> Message : logoutUserResponse() completed
info: ===> TimeStamp : 2025-11-28 13:01:01===> API : null ===> Message : validateRequest() invoked
info: ===> TimeStamp : 2025-11-28 13:01:01===> API : null ===> Message : fetchDBSettings()
info: ===> TimeStamp : 2025-11-28 13:01:01===> API : null ===> Message : validateRequest() Invoked!
info: ===> TimeStamp : 2025-11-28 13:01:01===> API : null ===> Message : validRequest() :: Api validated Successfully
info: ===> TimeStamp : 2025-11-28 13:01:01===> API : /api/auth/validateuser ===> Message : validateUser() invoked!!
info: ===> TimeStamp : 2025-11-28 13:01:01===> API : /api/auth/validateuser ===> Message : validateUser() :: Request Object :: [object Object]
info: ===> TimeStamp : 2025-11-28 13:01:01===> API : /api/auth/validateuser ===> Message : validateUserDB() Invoked !
info: ===> TimeStamp : 2025-11-28 13:01:01===> API : /api/auth/validateuser ===> Message : validateUserResponse() invoked!
info: ===> TimeStamp : 2025-11-28 13:01:01===> API : /api/auth/validateuser ===> Message : validateUserResponse() completed
info: ===> TimeStamp : 2025-11-28 13:01:01===> API : null ===> Message : validateRequest() invoked
info: ===> TimeStamp : 2025-11-28 13:01:01===> API : null ===> Message : fetchDBSettings()
info: ===> TimeStamp : 2025-11-28 13:01:01===> API : null ===> Message : validateRequest() Invoked!
info: ===> TimeStamp : 2025-11-28 13:01:01===> API : null ===> Message : validRequest() :: Api validated Successfully
info: ===> TimeStamp : 2025-11-28 13:01:01===> API : /api/auth/login ===> Message : loginUser() invoked!!
info: ===> TimeStamp : 2025-11-28 13:01:01===> API : /api/auth/login ===> Message : loginUser() :: Request Object :: [object Object]
info: ===> TimeStamp : 2025-11-28 13:01:01===> API : /api/auth/login ===> Message : loginUserDB() Invoked !
info: ===> TimeStamp : 2025-11-28 13:01:02===> API : /api/auth/login ===> Message : loginUserResponse() invoked!
info: ===> TimeStamp : 2025-11-28 13:01:02===> API : /api/auth/login ===> Message : loginUserResponse() completed
info: ===> TimeStamp : 2025-11-28 13:19:39===> API : null ===> Message : validateRequest() invoked
info: ===> TimeStamp : 2025-11-28 13:19:39===> API : null ===> Message : fetchDBSettings()
info: ===> TimeStamp : 2025-11-28 13:19:39===> API : null ===> Message : validateRequest() Invoked!
info: ===> TimeStamp : 2025-11-28 13:19:39===> API : null ===> Message : validRequest() :: Api validated Successfully
info: ===> TimeStamp : 2025-11-28 13:19:39===> API : /api/auth/validateuser ===> Message : validateUser() invoked!!
info: ===> TimeStamp : 2025-11-28 13:19:39===> API : /api/auth/validateuser ===> Message : validateUser() :: Request Object :: [object Object]
info: ===> TimeStamp : 2025-11-28 13:19:39===> API : /api/auth/validateuser ===> Message : validateUserDB() Invoked !
info: ===> TimeStamp : 2025-11-28 13:19:39===> API : /api/auth/validateuser ===> Message : validateUserResponse() invoked!
info: ===> TimeStamp : 2025-11-28 13:19:39===> API : /api/auth/validateuser ===> Message : validateUserResponse() completed
info: ===> TimeStamp : 2025-11-28 13:19:39===> API : null ===> Message : validateRequest() invoked
info: ===> TimeStamp : 2025-11-28 13:19:39===> API : null ===> Message : fetchDBSettings()
info: ===> TimeStamp : 2025-11-28 13:19:39===> API : null ===> Message : validateRequest() Invoked!
info: ===> TimeStamp : 2025-11-28 13:19:39===> API : null ===> Message : validRequest() :: Api validated Successfully
info: ===> TimeStamp : 2025-11-28 13:19:39===> API : /api/auth/login ===> Message : loginUser() invoked!!
info: ===> TimeStamp : 2025-11-28 13:19:39===> API : /api/auth/login ===> Message : loginUser() :: Request Object :: [object Object]
info: ===> TimeStamp : 2025-11-28 13:19:39===> API : /api/auth/login ===> Message : loginUserDB() Invoked !
info: ===> TimeStamp : 2025-11-28 13:19:39===> API : /api/auth/login ===> Message : loginUserResponse() invoked!
info: ===> TimeStamp : 2025-11-28 13:19:39===> API : /api/auth/login ===> Message : loginUserResponse() completed
info: ===> TimeStamp : 2025-11-28 13:58:10===> API : null ===> Message : fetchDBSettings()
info: ===> TimeStamp : 2025-11-28 13:58:10===> API : null ===> Message : validateRequest() invoked
info: ===> TimeStamp : 2025-11-28 13:58:10===> API : null ===> Message : validateRequest() Invoked!
info: ===> TimeStamp : 2025-11-28 13:58:10===> API : null ===> Message : validRequest() :: Api validated Successfully
info: ===> TimeStamp : 2025-11-28 13:58:10===> API : /api/auth/validateuser ===> Message : validateUser() invoked!!
info: ===> TimeStamp : 2025-11-28 13:58:10===> API : /api/auth/validateuser ===> Message : validateUser() :: Request Object :: [object Object]
info: ===> TimeStamp : 2025-11-28 13:58:10===> API : /api/auth/validateuser ===> Message : validateUserDB() Invoked !
info: ===> TimeStamp : 2025-11-28 13:58:10===> API : /api/auth/validateuser ===> Message : validateUserResponse() invoked!
info: ===> TimeStamp : 2025-11-28 13:58:10===> API : /api/auth/validateuser ===> Message : validateUserResponse() completed
info: ===> TimeStamp : 2025-11-28 13:58:11===> API : null ===> Message : validateRequest() invoked
info: ===> TimeStamp : 2025-11-28 13:58:11===> API : null ===> Message : fetchDBSettings()
info: ===> TimeStamp : 2025-11-28 13:58:11===> API : null ===> Message : validateRequest() Invoked!
info: ===> TimeStamp : 2025-11-28 13:58:11===> API : null ===> Message : validRequest() :: Api validated Successfully
info: ===> TimeStamp : 2025-11-28 13:58:11===> API : /api/auth/login ===> Message : loginUser() invoked!!
info: ===> TimeStamp : 2025-11-28 13:58:11===> API : /api/auth/login ===> Message : loginUser() :: Request Object :: [object Object]
info: ===> TimeStamp : 2025-11-28 13:58:11===> API : /api/auth/login ===> Message : loginUserDB() Invoked !
info: ===> TimeStamp : 2025-11-28 13:58:11===> API : /api/auth/login ===> Message : loginUserResponse() invoked!
info: ===> TimeStamp : 2025-11-28 13:58:11===> API : /api/auth/login ===> Message : loginUserResponse() completed
info: ===> TimeStamp : 2025-11-28 14:35:01===> API : null ===> Message : validateRequest() invoked
info: ===> TimeStamp : 2025-11-28 14:35:01===> API : null ===> Message : validateRequest() Error:: Invalid Request :: 
      {"apiUri":"/"}
info: ===> TimeStamp : 2025-11-28 14:35:39===> API : null ===> Message : validateRequest() invoked
info: ===> TimeStamp : 2025-11-28 14:35:39===> API : null ===> Message : validateRequest() Error:: Invalid Request :: 
      {"apiUri":"/"}
info: ===> TimeStamp : 2025-11-28 14:35:40===> API : null ===> Message : validateRequest() invoked
info: ===> TimeStamp : 2025-11-28 14:35:40===> API : null ===> Message : validateRequest() Error:: Invalid Request :: 
      {"apiUri":"/graphql"}
info: ===> TimeStamp : 2025-11-28 14:35:42===> API : null ===> Message : validateRequest() invoked
info: ===> TimeStamp : 2025-11-28 14:35:42===> API : null ===> Message : validateRequest() Error:: Invalid Request :: 
      {"apiUri":"/api"}
info: ===> TimeStamp : 2025-11-28 14:35:42===> API : null ===> Message : validateRequest() invoked
info: ===> TimeStamp : 2025-11-28 14:35:42===> API : null ===> Message : validateRequest() Error:: Invalid Request :: 
      {"apiUri":"/api/graphql"}
info: ===> TimeStamp : 2025-11-28 14:35:43===> API : null ===> Message : validateRequest() invoked
info: ===> TimeStamp : 2025-11-28 14:35:43===> API : null ===> Message : validateRequest() Error:: Invalid Request :: 
      {"apiUri":"/graphql/api"}
info: ===> TimeStamp : 2025-11-28 14:35:44===> API : null ===> Message : validateRequest() invoked
info: ===> TimeStamp : 2025-11-28 14:35:44===> API : null ===> Message : validateRequest() Error:: Invalid Request :: 
      {"apiUri":"/api/gql"}
info: ===> TimeStamp : 2025-11-28 14:35:46===> API : null ===> Message : validateRequest() invoked
info: ===> TimeStamp : 2025-11-28 14:35:46===> API : null ===> Message : validateRequest() Error:: Invalid Request :: 
      {"apiUri":"/swagger-ui.html"}
info: ===> TimeStamp : 2025-11-28 14:35:46===> API : null ===> Message : validateRequest() Error:: Invalid Request :: 
      {"apiUri":"/swagger/index.html"}
info: ===> TimeStamp : 2025-11-28 14:35:46===> API : null ===> Message : validateRequest() invoked
info: ===> TimeStamp : 2025-11-28 14:35:47===> API : null ===> Message : validateRequest() invoked
info: ===> TimeStamp : 2025-11-28 14:35:47===> API : null ===> Message : validateRequest() Error:: Invalid Request :: 
      {"apiUri":"/swagger/swagger-ui.html"}
info: ===> TimeStamp : 2025-11-28 14:35:48===> API : null ===> Message : validateRequest() invoked
info: ===> TimeStamp : 2025-11-28 14:35:48===> API : null ===> Message : validateRequest() Error:: Invalid Request :: 
      {"apiUri":"/webjars/swagger-ui/index.html"}
info: ===> TimeStamp : 2025-11-28 14:35:49===> API : null ===> Message : validateRequest() invoked
info: ===> TimeStamp : 2025-11-28 14:35:49===> API : null ===> Message : validateRequest() Error:: Invalid Request :: 
      {"apiUri":"/swagger.json"}
info: ===> TimeStamp : 2025-11-28 14:35:51===> API : null ===> Message : validateRequest() Error:: Invalid Request :: 
      {"apiUri":"/swagger/v1/swagger.json"}
info: ===> TimeStamp : 2025-11-28 14:35:51===> API : null ===> Message : validateRequest() invoked
info: ===> TimeStamp : 2025-11-28 14:35:52===> API : null ===> Message : validateRequest() invoked
info: ===> TimeStamp : 2025-11-28 14:35:52===> API : null ===> Message : validateRequest() Error:: Invalid Request :: 
      {"apiUri":"/v2/api-docs"}
info: ===> TimeStamp : 2025-11-28 14:35:53===> API : null ===> Message : validateRequest() invoked
info: ===> TimeStamp : 2025-11-28 14:35:53===> API : null ===> Message : validateRequest() Error:: Invalid Request :: 
      {"apiUri":"/v3/api-docs"}
info: ===> TimeStamp : 2025-11-28 14:35:55===> API : null ===> Message : validateRequest() invoked
info: ===> TimeStamp : 2025-11-28 14:35:55===> API : null ===> Message : validateRequest() Error:: Invalid Request :: 
      {"apiUri":"/@vite/env"}
info: ===> TimeStamp : 2025-11-28 14:35:56===> API : null ===> Message : validateRequest() invoked
info: ===> TimeStamp : 2025-11-28 14:35:56===> API : null ===> Message : validateRequest() Error:: Invalid Request :: 
      {"apiUri":"/actuator/env"}
info: ===> TimeStamp : 2025-11-28 14:35:57===> API : null ===> Message : validateRequest() invoked
info: ===> TimeStamp : 2025-11-28 14:35:57===> API : null ===> Message : validateRequest() Error:: Invalid Request :: 
      {"apiUri":"/php-cgi/php-cgi.exe"}
info: ===> TimeStamp : 2025-11-28 14:35:59===> API : null ===> Message : validateRequest() invoked
info: ===> TimeStamp : 2025-11-28 14:35:59===> API : null ===> Message : validateRequest() Error:: Invalid Request :: 
      {"apiUri":"/server"}
info: ===> TimeStamp : 2025-11-28 14:36:00===> API : null ===> Message : validateRequest() invoked
info: ===> TimeStamp : 2025-11-28 14:36:00===> API : null ===> Message : validateRequest() Error:: Invalid Request :: 
      {"apiUri":"/.vscode/sftp.json"}
info: ===> TimeStamp : 2025-11-28 14:36:03===> API : null ===> Message : validateRequest() invoked
info: ===> TimeStamp : 2025-11-28 14:36:03===> API : null ===> Message : validateRequest() Error:: Invalid Request :: 
      {"apiUri":"/about"}
info: ===> TimeStamp : 2025-11-28 14:36:04===> API : null ===> Message : validateRequest() invoked
info: ===> TimeStamp : 2025-11-28 14:36:04===> API : null ===> Message : validateRequest() Error:: Invalid Request :: 
      {"apiUri":"/debug/default/view"}
info: ===> TimeStamp : 2025-11-28 14:36:05===> API : null ===> Message : validateRequest() invoked
info: ===> TimeStamp : 2025-11-28 14:36:05===> API : null ===> Message : validateRequest() Error:: Invalid Request :: 
      {"apiUri":"/v2/_catalog"}
info: ===> TimeStamp : 2025-11-28 14:36:06===> API : null ===> Message : validateRequest() invoked
info: ===> TimeStamp : 2025-11-28 14:36:06===> API : null ===> Message : validateRequest() Error:: Invalid Request :: 
      {"apiUri":"/ecp/Current/exporttool/microsoft.exchange.ediscovery.exporttool.application"}
info: ===> TimeStamp : 2025-11-28 14:36:07===> API : null ===> Message : validateRequest() invoked
info: ===> TimeStamp : 2025-11-28 14:36:07===> API : null ===> Message : validateRequest() Error:: Invalid Request :: 
      {"apiUri":"/server-status"}
info: ===> TimeStamp : 2025-11-28 14:36:08===> API : null ===> Message : validateRequest() invoked
info: ===> TimeStamp : 2025-11-28 14:36:08===> API : null ===> Message : validateRequest() Error:: Invalid Request :: 
      {"apiUri":"/login.action"}
info: ===> TimeStamp : 2025-11-28 14:36:09===> API : null ===> Message : validateRequest() invoked
info: ===> TimeStamp : 2025-11-28 14:36:09===> API : null ===> Message : validateRequest() Error:: Invalid Request :: 
      {"apiUri":"/_all_dbs"}
info: ===> TimeStamp : 2025-11-28 14:36:10===> API : null ===> Message : validateRequest() invoked
info: ===> TimeStamp : 2025-11-28 14:36:10===> API : null ===> Message : validateRequest() Error:: Invalid Request :: 
      {"apiUri":"/.DS_Store"}
info: ===> TimeStamp : 2025-11-28 14:36:11===> API : null ===> Message : validateRequest() invoked
info: ===> TimeStamp : 2025-11-28 14:36:11===> API : null ===> Message : validateRequest() Error:: Invalid Request :: 
      {"apiUri":"/.env"}
info: ===> TimeStamp : 2025-11-28 14:36:13===> API : null ===> Message : validateRequest() invoked
info: ===> TimeStamp : 2025-11-28 14:36:13===> API : null ===> Message : validateRequest() Error:: Invalid Request :: 
      {"apiUri":"/.git/config"}
info: ===> TimeStamp : 2025-11-28 14:36:13===> API : null ===> Message : validateRequest() invoked
info: ===> TimeStamp : 2025-11-28 14:36:13===> API : null ===> Message : validateRequest() Error:: Invalid Request :: 
      {"apiUri":"/s/535313e27313e273e233/_/;/META-INF/maven/com.atlassian.jira/jira-webapp-dist/pom.properties"}
info: ===> TimeStamp : 2025-11-28 14:36:14===> API : null ===> Message : validateRequest() invoked
info: ===> TimeStamp : 2025-11-28 14:36:14===> API : null ===> Message : validateRequest() Error:: Invalid Request :: 
      {"apiUri":"/config.json"}
info: ===> TimeStamp : 2025-11-28 14:36:15===> API : null ===> Message : validateRequest() invoked
info: ===> TimeStamp : 2025-11-28 14:36:15===> API : null ===> Message : validateRequest() Error:: Invalid Request :: 
      {"apiUri":"/telescope/requests"}
info: ===> TimeStamp : 2025-11-28 14:36:16===> API : null ===> Message : validateRequest() invoked
info: ===> TimeStamp : 2025-11-28 14:36:16===> API : null ===> Message : validateRequest() Error:: Invalid Request :: 
      {"apiUri":"/info.php"}
info: ===> TimeStamp : 2025-11-28 14:36:18===> API : null ===> Message : validateRequest() invoked
info: ===> TimeStamp : 2025-11-28 14:36:18===> API : null ===> Message : validateRequest() Error:: Invalid Request :: 
      {"apiUri":"/"}
info: ===> TimeStamp : 2025-11-28 14:52:01===> API : null ===> Message : validateRequest() invoked
info: ===> TimeStamp : 2025-11-28 14:52:01===> API : null ===> Message : fetchDBSettings()
info: ===> TimeStamp : 2025-11-28 14:52:01===> API : null ===> Message : validateRequest() Invoked!
info: ===> TimeStamp : 2025-11-28 14:52:01===> API : null ===> Message : validRequest() :: Api validated Successfully
info: ===> TimeStamp : 2025-11-28 14:52:01===> API : /api/auth/logout ===> Message : logoutUser() invoked!!
info: ===> TimeStamp : 2025-11-28 14:52:01===> API : /api/auth/logout ===> Message : logoutUser() :: Request Object :: [object Object]
info: ===> TimeStamp : 2025-11-28 14:52:01===> API : /api/auth/logout ===> Message : logoutUserDB() Invoked !
info: ===> TimeStamp : 2025-11-28 14:52:02===> API : /api/auth/logout ===> Message : logoutUserResponse() invoked!
info: ===> TimeStamp : 2025-11-28 14:52:02===> API : /api/auth/logout ===> Message : logoutUserResponse() completed
info: ===> TimeStamp : 2025-11-28 14:52:19===> API : null ===> Message : validateRequest() invoked
info: ===> TimeStamp : 2025-11-28 14:52:19===> API : null ===> Message : fetchDBSettings()
info: ===> TimeStamp : 2025-11-28 14:52:19===> API : null ===> Message : validateRequest() Invoked!
info: ===> TimeStamp : 2025-11-28 14:52:19===> API : null ===> Message : validRequest() :: Api validated Successfully
info: ===> TimeStamp : 2025-11-28 14:52:19===> API : /api/auth/validateuser ===> Message : validateUser() invoked!!
info: ===> TimeStamp : 2025-11-28 14:52:19===> API : /api/auth/validateuser ===> Message : validateUser() :: Request Object :: [object Object]
info: ===> TimeStamp : 2025-11-28 14:52:19===> API : /api/auth/validateuser ===> Message : validateUserDB() Invoked !
info: ===> TimeStamp : 2025-11-28 14:52:19===> API : /api/auth/validateuser ===> Message : validateUserDB() :: Error :: {"code":"ER_SIGNAL_EXCEPTION","errno":1644,"sqlState":"10005","sqlMessage":"User Does Not Exist","sql":"CALL usp_validate_user('SENI', 'SENI@112')"}
info: ===> TimeStamp : 2025-11-28 14:52:19===> API : /api/auth/validateuser ===> Message : validateUserDBResult :: Error :: {"ErrorCode":10005,"ErrorMessage":"User Does Not Exist"}
info: ===> TimeStamp : 2025-11-28 14:52:19===> API : /api/auth/validateuser ===> Message : validateUserResponse() invoked!
info: ===> TimeStamp : 2025-11-28 14:52:19===> API : /api/auth/validateuser ===> Message : validateUserResponse() completed
info: ===> TimeStamp : 2025-11-28 14:52:25===> API : null ===> Message : validateRequest() invoked
info: ===> TimeStamp : 2025-11-28 14:52:25===> API : null ===> Message : fetchDBSettings()
info: ===> TimeStamp : 2025-11-28 14:52:25===> API : null ===> Message : validateRequest() Invoked!
info: ===> TimeStamp : 2025-11-28 14:52:26===> API : null ===> Message : validRequest() :: Api validated Successfully
info: ===> TimeStamp : 2025-11-28 14:52:26===> API : /api/auth/validateuser ===> Message : validateUser() invoked!!
info: ===> TimeStamp : 2025-11-28 14:52:26===> API : /api/auth/validateuser ===> Message : validateUser() :: Request Object :: [object Object]
info: ===> TimeStamp : 2025-11-28 14:52:26===> API : /api/auth/validateuser ===> Message : validateUserDB() Invoked !
info: ===> TimeStamp : 2025-11-28 14:52:26===> API : /api/auth/validateuser ===> Message : validateUserResponse() invoked!
info: ===> TimeStamp : 2025-11-28 14:52:26===> API : /api/auth/validateuser ===> Message : validateUserResponse() completed
info: ===> TimeStamp : 2025-11-28 14:52:26===> API : null ===> Message : validateRequest() invoked
info: ===> TimeStamp : 2025-11-28 14:52:26===> API : null ===> Message : fetchDBSettings()
info: ===> TimeStamp : 2025-11-28 14:52:26===> API : null ===> Message : validateRequest() Invoked!
info: ===> TimeStamp : 2025-11-28 14:52:26===> API : /api/auth/checkIP ===> Message : checkIP() invoked!!
info: ===> TimeStamp : 2025-11-28 14:52:26===> API : null ===> Message : validRequest() :: Api validated Successfully
info: ===> TimeStamp : 2025-11-28 14:52:26===> API : /api/auth/checkIP ===> Message : IPs match: 103.225.102.194
info: ===> TimeStamp : 2025-11-28 14:52:26===> API : /api/auth/checkIP ===> Message : checkIPResponse() invoked!
info: ===> TimeStamp : 2025-11-28 14:52:26===> API : /api/auth/checkIP ===> Message : checkIPResponse() completed
info: ===> TimeStamp : 2025-11-28 14:52:26===> API : null ===> Message : validateRequest() invoked
info: ===> TimeStamp : 2025-11-28 14:52:26===> API : null ===> Message : fetchDBSettings()
info: ===> TimeStamp : 2025-11-28 14:52:26===> API : null ===> Message : validateRequest() Invoked!
info: ===> TimeStamp : 2025-11-28 14:52:26===> API : null ===> Message : validRequest() :: Api validated Successfully
info: ===> TimeStamp : 2025-11-28 14:52:26===> API : /api/auth/login ===> Message : loginUser() invoked!!
info: ===> TimeStamp : 2025-11-28 14:52:26===> API : /api/auth/login ===> Message : loginUser() :: Request Object :: [object Object]
info: ===> TimeStamp : 2025-11-28 14:52:26===> API : /api/auth/login ===> Message : loginUserDB() Invoked !
info: ===> TimeStamp : 2025-11-28 14:52:26===> API : /api/auth/login ===> Message : loginUserResponse() invoked!
info: ===> TimeStamp : 2025-11-28 14:52:26===> API : /api/auth/login ===> Message : loginUserResponse() completed
info: ===> TimeStamp : 2025-11-28 14:52:41===> API : null ===> Message : fetchDBSettings()
info: ===> TimeStamp : 2025-11-28 14:52:41===> API : null ===> Message : validateRequest() invoked
info: ===> TimeStamp : 2025-11-28 14:52:41===> API : null ===> Message : validateRequest() Invoked!
info: ===> TimeStamp : 2025-11-28 14:52:41===> API : null ===> Message : validRequest() :: Api validated Successfully
info: ===> TimeStamp : 2025-11-28 14:52:41===> API : /api/auth/validateuser ===> Message : validateUser() invoked!!
info: ===> TimeStamp : 2025-11-28 14:52:41===> API : /api/auth/validateuser ===> Message : validateUser() :: Request Object :: [object Object]
info: ===> TimeStamp : 2025-11-28 14:52:41===> API : /api/auth/validateuser ===> Message : validateUserDB() Invoked !
info: ===> TimeStamp : 2025-11-28 14:52:41===> API : /api/auth/validateuser ===> Message : validateUserResponse() invoked!
info: ===> TimeStamp : 2025-11-28 14:52:41===> API : /api/auth/validateuser ===> Message : validateUserResponse() completed
info: ===> TimeStamp : 2025-11-28 14:52:41===> API : null ===> Message : validateRequest() invoked
info: ===> TimeStamp : 2025-11-28 14:52:41===> API : null ===> Message : fetchDBSettings()
info: ===> TimeStamp : 2025-11-28 14:52:41===> API : null ===> Message : validateRequest() Invoked!
info: ===> TimeStamp : 2025-11-28 14:52:41===> API : null ===> Message : validRequest() :: Api validated Successfully
info: ===> TimeStamp : 2025-11-28 14:52:41===> API : /api/auth/checkIP ===> Message : checkIP() invoked!!
info: ===> TimeStamp : 2025-11-28 14:52:41===> API : /api/auth/checkIP ===> Message : IPs match: 103.255.182.117
info: ===> TimeStamp : 2025-11-28 14:52:41===> API : /api/auth/checkIP ===> Message : checkIPResponse() invoked!
info: ===> TimeStamp : 2025-11-28 14:52:41===> API : /api/auth/checkIP ===> Message : checkIPResponse() completed
info: ===> TimeStamp : 2025-11-28 14:52:41===> API : null ===> Message : validateRequest() invoked
info: ===> TimeStamp : 2025-11-28 14:52:41===> API : null ===> Message : fetchDBSettings()
info: ===> TimeStamp : 2025-11-28 14:52:41===> API : null ===> Message : validateRequest() Invoked!
info: ===> TimeStamp : 2025-11-28 14:52:41===> API : null ===> Message : validRequest() :: Api validated Successfully
info: ===> TimeStamp : 2025-11-28 14:52:41===> API : /api/auth/login ===> Message : loginUser() invoked!!
info: ===> TimeStamp : 2025-11-28 14:52:41===> API : /api/auth/login ===> Message : loginUser() :: Request Object :: [object Object]
info: ===> TimeStamp : 2025-11-28 14:52:41===> API : /api/auth/login ===> Message : loginUserDB() Invoked !
info: ===> TimeStamp : 2025-11-28 14:52:42===> API : /api/auth/login ===> Message : loginUserResponse() invoked!
info: ===> TimeStamp : 2025-11-28 14:52:42===> API : /api/auth/login ===> Message : loginUserResponse() completed
info: ===> TimeStamp : 2025-11-28 16:13:01===> API : null ===> Message : validateRequest() invoked
info: ===> TimeStamp : 2025-11-28 16:13:01===> API : null ===> Message : validateRequest() Error:: Invalid Request :: 
      {"apiUri":"/"}
info: ===> TimeStamp : 2025-11-28 16:13:11===> API : null ===> Message : validateRequest() invoked
info: ===> TimeStamp : 2025-11-28 16:13:11===> API : null ===> Message : validateRequest() Error:: Invalid Request :: 
      {"apiUri":"/"}
info: ===> TimeStamp : 2025-11-28 16:13:11===> API : null ===> Message : validateRequest() invoked
info: ===> TimeStamp : 2025-11-28 16:13:11===> API : null ===> Message : validateRequest() Error:: Invalid Request :: 
      {"apiUri":"/favicon.ico"}
info: ===> TimeStamp : 2025-11-28 16:13:15===> API : null ===> Message : validateRequest() invoked
info: ===> TimeStamp : 2025-11-28 16:13:15===> API : null ===> Message : validateRequest() Error:: Invalid Request :: 
      {"apiUri":"/sitemap.xml"}
info: ===> TimeStamp : 2025-11-28 16:13:15===> API : null ===> Message : validateRequest() invoked
info: ===> TimeStamp : 2025-11-28 16:13:15===> API : null ===> Message : validateRequest() Error:: Invalid Request :: 
      {"apiUri":"/favicon.ico"}
info: ===> TimeStamp : 2025-11-28 16:25:25===> API : null ===> Message : validateRequest() invoked
info: ===> TimeStamp : 2025-11-28 16:25:25===> API : null ===> Message : fetchDBSettings()
info: ===> TimeStamp : 2025-11-28 16:25:25===> API : null ===> Message : validateRequest() Invoked!
info: ===> TimeStamp : 2025-11-28 16:25:25===> API : null ===> Message : validRequest() :: Api validated Successfully
info: ===> TimeStamp : 2025-11-28 16:25:25===> API : /api/auth/validateuser ===> Message : validateUser() invoked!!
info: ===> TimeStamp : 2025-11-28 16:25:25===> API : /api/auth/validateuser ===> Message : validateUser() :: Request Object :: [object Object]
info: ===> TimeStamp : 2025-11-28 16:25:25===> API : /api/auth/validateuser ===> Message : validateUserDB() Invoked !
info: ===> TimeStamp : 2025-11-28 16:25:25===> API : /api/auth/validateuser ===> Message : validateUserResponse() invoked!
info: ===> TimeStamp : 2025-11-28 16:25:25===> API : /api/auth/validateuser ===> Message : validateUserResponse() completed
info: ===> TimeStamp : 2025-11-28 16:25:25===> API : null ===> Message : validateRequest() invoked
info: ===> TimeStamp : 2025-11-28 16:25:25===> API : null ===> Message : fetchDBSettings()
info: ===> TimeStamp : 2025-11-28 16:25:25===> API : null ===> Message : validateRequest() Invoked!
info: ===> TimeStamp : 2025-11-28 16:25:25===> API : null ===> Message : validRequest() :: Api validated Successfully
info: ===> TimeStamp : 2025-11-28 16:25:25===> API : /api/auth/login ===> Message : loginUser() invoked!!
info: ===> TimeStamp : 2025-11-28 16:25:25===> API : /api/auth/login ===> Message : loginUser() :: Request Object :: [object Object]
info: ===> TimeStamp : 2025-11-28 16:25:25===> API : /api/auth/login ===> Message : loginUserDB() Invoked !
info: ===> TimeStamp : 2025-11-28 16:25:25===> API : /api/auth/login ===> Message : loginUserResponse() invoked!
info: ===> TimeStamp : 2025-11-28 16:25:25===> API : /api/auth/login ===> Message : loginUserResponse() completed
info: ===> TimeStamp : 2025-11-28 18:19:01===> API : null ===> Message : validateRequest() invoked
info: ===> TimeStamp : 2025-11-28 18:19:01===> API : null ===> Message : validateRequest() Error:: Invalid Request :: 
      {"apiUri":"/robots.txt"}
info: ===> TimeStamp : 2025-11-28 18:24:05===> API : null ===> Message : validateRequest() invoked
info: ===> TimeStamp : 2025-11-28 18:24:05===> API : null ===> Message : fetchDBSettings()
info: ===> TimeStamp : 2025-11-28 18:24:05===> API : null ===> Message : validateRequest() Invoked!
info: ===> TimeStamp : 2025-11-28 18:24:05===> API : null ===> Message : validRequest() :: Api validated Successfully
info: ===> TimeStamp : 2025-11-28 18:24:05===> API : /api/auth/validateuser ===> Message : validateUser() invoked!!
info: ===> TimeStamp : 2025-11-28 18:24:05===> API : /api/auth/validateuser ===> Message : validateUser() :: Request Object :: [object Object]
info: ===> TimeStamp : 2025-11-28 18:24:05===> API : /api/auth/validateuser ===> Message : validateUserDB() Invoked !
info: ===> TimeStamp : 2025-11-28 18:24:05===> API : /api/auth/validateuser ===> Message : validateUserResponse() invoked!
info: ===> TimeStamp : 2025-11-28 18:24:05===> API : /api/auth/validateuser ===> Message : validateUserResponse() completed
info: ===> TimeStamp : 2025-11-28 18:24:05===> API : null ===> Message : validateRequest() invoked
info: ===> TimeStamp : 2025-11-28 18:24:05===> API : null ===> Message : fetchDBSettings()
info: ===> TimeStamp : 2025-11-28 18:24:05===> API : null ===> Message : validateRequest() Invoked!
info: ===> TimeStamp : 2025-11-28 18:24:05===> API : null ===> Message : validRequest() :: Api validated Successfully
info: ===> TimeStamp : 2025-11-28 18:24:05===> API : /api/auth/login ===> Message : loginUser() invoked!!
info: ===> TimeStamp : 2025-11-28 18:24:05===> API : /api/auth/login ===> Message : loginUser() :: Request Object :: [object Object]
info: ===> TimeStamp : 2025-11-28 18:24:05===> API : /api/auth/login ===> Message : loginUserDB() Invoked !
info: ===> TimeStamp : 2025-11-28 18:24:05===> API : /api/auth/login ===> Message : loginUserResponse() invoked!
info: ===> TimeStamp : 2025-11-28 18:24:05===> API : /api/auth/login ===> Message : loginUserResponse() completed
info: ===> TimeStamp : 2025-11-28 18:45:49===> API : null ===> Message : validateRequest() invoked
info: ===> TimeStamp : 2025-11-28 18:45:49===> API : null ===> Message : validateRequest() Error:: Invalid Request :: 
      {"apiUri":"/pdown"}
info: ===> TimeStamp : 2025-11-28 19:15:39===> API : null ===> Message : validateRequest() invoked
info: ===> TimeStamp : 2025-11-28 19:15:39===> API : null ===> Message : fetchDBSettings()
info: ===> TimeStamp : 2025-11-28 19:15:39===> API : null ===> Message : validateRequest() Invoked!
info: ===> TimeStamp : 2025-11-28 19:15:39===> API : null ===> Message : validRequest() :: Api validated Successfully
info: ===> TimeStamp : 2025-11-28 19:15:39===> API : /api/auth/validateuser ===> Message : validateUser() invoked!!
info: ===> TimeStamp : 2025-11-28 19:15:39===> API : /api/auth/validateuser ===> Message : validateUser() :: Request Object :: [object Object]
info: ===> TimeStamp : 2025-11-28 19:15:39===> API : /api/auth/validateuser ===> Message : validateUserDB() Invoked !
info: ===> TimeStamp : 2025-11-28 19:15:39===> API : /api/auth/validateuser ===> Message : validateUserResponse() invoked!
info: ===> TimeStamp : 2025-11-28 19:15:39===> API : /api/auth/validateuser ===> Message : validateUserResponse() completed
info: ===> TimeStamp : 2025-11-28 19:15:39===> API : null ===> Message : validateRequest() invoked
info: ===> TimeStamp : 2025-11-28 19:15:39===> API : null ===> Message : fetchDBSettings()
info: ===> TimeStamp : 2025-11-28 19:15:39===> API : null ===> Message : validateRequest() Invoked!
info: ===> TimeStamp : 2025-11-28 19:15:40===> API : null ===> Message : validRequest() :: Api validated Successfully
info: ===> TimeStamp : 2025-11-28 19:15:40===> API : /api/auth/login ===> Message : loginUser() invoked!!
info: ===> TimeStamp : 2025-11-28 19:15:40===> API : /api/auth/login ===> Message : loginUser() :: Request Object :: [object Object]
info: ===> TimeStamp : 2025-11-28 19:15:40===> API : /api/auth/login ===> Message : loginUserDB() Invoked !
info: ===> TimeStamp : 2025-11-28 19:15:40===> API : /api/auth/login ===> Message : loginUserResponse() invoked!
info: ===> TimeStamp : 2025-11-28 19:15:40===> API : /api/auth/login ===> Message : loginUserResponse() completed
info: ===> TimeStamp : 2025-11-28 19:24:36===> API : null ===> Message : validateRequest() invoked
info: ===> TimeStamp : 2025-11-28 19:24:36===> API : null ===> Message : validateRequest() Error:: Invalid Request :: 
      {"apiUri":"/"}
info: ===> TimeStamp : 2025-11-28 19:24:38===> API : null ===> Message : validateRequest() invoked
info: ===> TimeStamp : 2025-11-28 19:24:38===> API : null ===> Message : validateRequest() Error:: Invalid Request :: 
      {"apiUri":"/favicon.ico"}
info: ===> TimeStamp : 2025-11-28 19:46:52===> API : null ===> Message : validateRequest() invoked
info: ===> TimeStamp : 2025-11-28 19:46:52===> API : null ===> Message : fetchDBSettings()
info: ===> TimeStamp : 2025-11-28 19:46:52===> API : null ===> Message : validateRequest() Invoked!
info: ===> TimeStamp : 2025-11-28 19:46:52===> API : null ===> Message : validRequest() :: Api validated Successfully
info: ===> TimeStamp : 2025-11-28 19:46:52===> API : /api/auth/validateuser ===> Message : validateUser() invoked!!
info: ===> TimeStamp : 2025-11-28 19:46:52===> API : /api/auth/validateuser ===> Message : validateUser() :: Request Object :: [object Object]
info: ===> TimeStamp : 2025-11-28 19:46:52===> API : /api/auth/validateuser ===> Message : validateUserDB() Invoked !
info: ===> TimeStamp : 2025-11-28 19:46:52===> API : /api/auth/validateuser ===> Message : validateUserResponse() invoked!
info: ===> TimeStamp : 2025-11-28 19:46:52===> API : /api/auth/validateuser ===> Message : validateUserResponse() completed
info: ===> TimeStamp : 2025-11-28 19:46:52===> API : null ===> Message : validateRequest() invoked
info: ===> TimeStamp : 2025-11-28 19:46:52===> API : null ===> Message : fetchDBSettings()
info: ===> TimeStamp : 2025-11-28 19:46:52===> API : null ===> Message : validateRequest() Invoked!
info: ===> TimeStamp : 2025-11-28 19:46:52===> API : null ===> Message : validRequest() :: Api validated Successfully
info: ===> TimeStamp : 2025-11-28 19:46:52===> API : /api/auth/login ===> Message : loginUser() invoked!!
info: ===> TimeStamp : 2025-11-28 19:46:52===> API : /api/auth/login ===> Message : loginUser() :: Request Object :: [object Object]
info: ===> TimeStamp : 2025-11-28 19:46:52===> API : /api/auth/login ===> Message : loginUserDB() Invoked !
info: ===> TimeStamp : 2025-11-28 19:46:52===> API : /api/auth/login ===> Message : loginUserResponse() invoked!
info: ===> TimeStamp : 2025-11-28 19:46:52===> API : /api/auth/login ===> Message : loginUserResponse() completed
info: ===> TimeStamp : 2025-11-28 20:15:19===> API : null ===> Message : validateRequest() invoked
info: ===> TimeStamp : 2025-11-28 20:15:19===> API : null ===> Message : fetchDBSettings()
info: ===> TimeStamp : 2025-11-28 20:15:19===> API : null ===> Message : validateRequest() Invoked!
info: ===> TimeStamp : 2025-11-28 20:15:20===> API : null ===> Message : validRequest() :: Api validated Successfully
info: ===> TimeStamp : 2025-11-28 20:15:20===> API : /api/auth/validateuser ===> Message : validateUser() invoked!!
info: ===> TimeStamp : 2025-11-28 20:15:20===> API : /api/auth/validateuser ===> Message : validateUser() :: Request Object :: [object Object]
info: ===> TimeStamp : 2025-11-28 20:15:20===> API : /api/auth/validateuser ===> Message : validateUserDB() Invoked !
info: ===> TimeStamp : 2025-11-28 20:15:20===> API : /api/auth/validateuser ===> Message : validateUserResponse() invoked!
info: ===> TimeStamp : 2025-11-28 20:15:20===> API : /api/auth/validateuser ===> Message : validateUserResponse() completed
info: ===> TimeStamp : 2025-11-28 20:15:20===> API : null ===> Message : validateRequest() invoked
info: ===> TimeStamp : 2025-11-28 20:15:20===> API : null ===> Message : fetchDBSettings()
info: ===> TimeStamp : 2025-11-28 20:15:20===> API : null ===> Message : validateRequest() Invoked!
info: ===> TimeStamp : 2025-11-28 20:15:20===> API : null ===> Message : validRequest() :: Api validated Successfully
info: ===> TimeStamp : 2025-11-28 20:15:20===> API : /api/auth/login ===> Message : loginUser() invoked!!
info: ===> TimeStamp : 2025-11-28 20:15:20===> API : /api/auth/login ===> Message : loginUser() :: Request Object :: [object Object]
info: ===> TimeStamp : 2025-11-28 20:15:20===> API : /api/auth/login ===> Message : loginUserDB() Invoked !
info: ===> TimeStamp : 2025-11-28 20:15:20===> API : /api/auth/login ===> Message : loginUserResponse() invoked!
info: ===> TimeStamp : 2025-11-28 20:15:20===> API : /api/auth/login ===> Message : loginUserResponse() completed
info: ===> TimeStamp : 2025-11-28 20:22:31===> API : null ===> Message : validateRequest() invoked
info: ===> TimeStamp : 2025-11-28 20:22:31===> API : null ===> Message : validateRequest() Error:: Invalid Request :: 
      {"apiUri":"/"}
info: ===> TimeStamp : 2025-11-28 20:58:50===> API : null ===> Message : validateRequest() invoked
info: ===> TimeStamp : 2025-11-28 20:58:50===> API : null ===> Message : fetchDBSettings()
info: ===> TimeStamp : 2025-11-28 20:58:50===> API : null ===> Message : validateRequest() Invoked!
info: ===> TimeStamp : 2025-11-28 20:58:50===> API : null ===> Message : validRequest() :: Api validated Successfully
info: ===> TimeStamp : 2025-11-28 20:58:50===> API : /api/auth/validateuser ===> Message : validateUser() invoked!!
info: ===> TimeStamp : 2025-11-28 20:58:50===> API : /api/auth/validateuser ===> Message : validateUser() :: Request Object :: [object Object]
info: ===> TimeStamp : 2025-11-28 20:58:50===> API : /api/auth/validateuser ===> Message : validateUserDB() Invoked !
info: ===> TimeStamp : 2025-11-28 20:58:50===> API : /api/auth/validateuser ===> Message : validateUserResponse() invoked!
info: ===> TimeStamp : 2025-11-28 20:58:50===> API : /api/auth/validateuser ===> Message : validateUserResponse() completed
info: ===> TimeStamp : 2025-11-28 20:58:50===> API : null ===> Message : validateRequest() invoked
info: ===> TimeStamp : 2025-11-28 20:58:50===> API : null ===> Message : fetchDBSettings()
info: ===> TimeStamp : 2025-11-28 20:58:50===> API : null ===> Message : validateRequest() Invoked!
info: ===> TimeStamp : 2025-11-28 20:58:50===> API : null ===> Message : validRequest() :: Api validated Successfully
info: ===> TimeStamp : 2025-11-28 20:58:50===> API : /api/auth/login ===> Message : loginUser() invoked!!
info: ===> TimeStamp : 2025-11-28 20:58:50===> API : /api/auth/login ===> Message : loginUser() :: Request Object :: [object Object]
info: ===> TimeStamp : 2025-11-28 20:58:50===> API : /api/auth/login ===> Message : loginUserDB() Invoked !
info: ===> TimeStamp : 2025-11-28 20:58:50===> API : /api/auth/login ===> Message : loginUserResponse() invoked!
info: ===> TimeStamp : 2025-11-28 20:58:50===> API : /api/auth/login ===> Message : loginUserResponse() completed
info: ===> TimeStamp : 2025-11-28 21:23:52===> API : null ===> Message : validateRequest() invoked
info: ===> TimeStamp : 2025-11-28 21:23:52===> API : null ===> Message : fetchDBSettings()
info: ===> TimeStamp : 2025-11-28 21:23:52===> API : null ===> Message : validateRequest() Invoked!
info: ===> TimeStamp : 2025-11-28 21:23:52===> API : null ===> Message : validRequest() :: Api validated Successfully
info: ===> TimeStamp : 2025-11-28 21:23:52===> API : /api/auth/validateuser ===> Message : validateUser() invoked!!
info: ===> TimeStamp : 2025-11-28 21:23:52===> API : /api/auth/validateuser ===> Message : validateUser() :: Request Object :: [object Object]
info: ===> TimeStamp : 2025-11-28 21:23:52===> API : /api/auth/validateuser ===> Message : validateUserDB() Invoked !
info: ===> TimeStamp : 2025-11-28 21:23:52===> API : /api/auth/validateuser ===> Message : validateUserResponse() invoked!
info: ===> TimeStamp : 2025-11-28 21:23:52===> API : /api/auth/validateuser ===> Message : validateUserResponse() completed
info: ===> TimeStamp : 2025-11-28 21:23:52===> API : null ===> Message : validateRequest() invoked
info: ===> TimeStamp : 2025-11-28 21:23:52===> API : null ===> Message : fetchDBSettings()
info: ===> TimeStamp : 2025-11-28 21:23:52===> API : null ===> Message : validateRequest() Invoked!
info: ===> TimeStamp : 2025-11-28 21:23:52===> API : null ===> Message : validRequest() :: Api validated Successfully
info: ===> TimeStamp : 2025-11-28 21:23:52===> API : /api/auth/login ===> Message : loginUser() invoked!!
info: ===> TimeStamp : 2025-11-28 21:23:52===> API : /api/auth/login ===> Message : loginUser() :: Request Object :: [object Object]
info: ===> TimeStamp : 2025-11-28 21:23:52===> API : /api/auth/login ===> Message : loginUserDB() Invoked !
info: ===> TimeStamp : 2025-11-28 21:23:52===> API : /api/auth/login ===> Message : loginUserResponse() invoked!
info: ===> TimeStamp : 2025-11-28 21:23:52===> API : /api/auth/login ===> Message : loginUserResponse() completed
info: ===> TimeStamp : 2025-11-28 21:56:04===> API : null ===> Message : validateRequest() invoked
info: ===> TimeStamp : 2025-11-28 21:56:04===> API : null ===> Message : fetchDBSettings()
info: ===> TimeStamp : 2025-11-28 21:56:04===> API : null ===> Message : validateRequest() Invoked!
info: ===> TimeStamp : 2025-11-28 21:56:04===> API : null ===> Message : validRequest() :: Api validated Successfully
info: ===> TimeStamp : 2025-11-28 21:56:04===> API : /api/auth/validateuser ===> Message : validateUser() :: Request Object :: [object Object]
info: ===> TimeStamp : 2025-11-28 21:56:04===> API : /api/auth/validateuser ===> Message : validateUser() invoked!!
info: ===> TimeStamp : 2025-11-28 21:56:04===> API : /api/auth/validateuser ===> Message : validateUserDB() Invoked !
info: ===> TimeStamp : 2025-11-28 21:56:04===> API : /api/auth/validateuser ===> Message : validateUserResponse() invoked!
info: ===> TimeStamp : 2025-11-28 21:56:04===> API : /api/auth/validateuser ===> Message : validateUserResponse() completed
info: ===> TimeStamp : 2025-11-28 21:56:04===> API : null ===> Message : validateRequest() invoked
info: ===> TimeStamp : 2025-11-28 21:56:04===> API : null ===> Message : fetchDBSettings()
info: ===> TimeStamp : 2025-11-28 21:56:04===> API : null ===> Message : validateRequest() Invoked!
info: ===> TimeStamp : 2025-11-28 21:56:04===> API : null ===> Message : validRequest() :: Api validated Successfully
info: ===> TimeStamp : 2025-11-28 21:56:04===> API : /api/auth/checkIP ===> Message : checkIP() invoked!!
info: ===> TimeStamp : 2025-11-28 21:56:04===> API : /api/auth/checkIP ===> Message : IPs match: 103.255.182.117
info: ===> TimeStamp : 2025-11-28 21:56:04===> API : /api/auth/checkIP ===> Message : checkIPResponse() invoked!
info: ===> TimeStamp : 2025-11-28 21:56:04===> API : /api/auth/checkIP ===> Message : checkIPResponse() completed
info: ===> TimeStamp : 2025-11-28 21:56:04===> API : null ===> Message : validateRequest() invoked
info: ===> TimeStamp : 2025-11-28 21:56:04===> API : null ===> Message : fetchDBSettings()
info: ===> TimeStamp : 2025-11-28 21:56:04===> API : null ===> Message : validateRequest() Invoked!
info: ===> TimeStamp : 2025-11-28 21:56:04===> API : null ===> Message : validRequest() :: Api validated Successfully
info: ===> TimeStamp : 2025-11-28 21:56:04===> API : /api/auth/login ===> Message : loginUser() invoked!!
info: ===> TimeStamp : 2025-11-28 21:56:04===> API : /api/auth/login ===> Message : loginUser() :: Request Object :: [object Object]
info: ===> TimeStamp : 2025-11-28 21:56:04===> API : /api/auth/login ===> Message : loginUserDB() Invoked !
info: ===> TimeStamp : 2025-11-28 21:56:04===> API : /api/auth/login ===> Message : loginUserResponse() invoked!
info: ===> TimeStamp : 2025-11-28 21:56:04===> API : /api/auth/login ===> Message : loginUserResponse() completed
info: ===> TimeStamp : 2025-11-28 21:58:14===> API : null ===> Message : validateRequest() invoked
info: ===> TimeStamp : 2025-11-28 21:58:14===> API : null ===> Message : fetchDBSettings()
info: ===> TimeStamp : 2025-11-28 21:58:14===> API : null ===> Message : validateRequest() Invoked!
info: ===> TimeStamp : 2025-11-28 21:58:14===> API : null ===> Message : validRequest() :: Api validated Successfully
info: ===> TimeStamp : 2025-11-28 21:58:14===> API : /api/auth/logout ===> Message : logoutUser() invoked!!
info: ===> TimeStamp : 2025-11-28 21:58:14===> API : /api/auth/logout ===> Message : logoutUser() :: Request Object :: [object Object]
info: ===> TimeStamp : 2025-11-28 21:58:14===> API : /api/auth/logout ===> Message : logoutUserDB() Invoked !
info: ===> TimeStamp : 2025-11-28 21:58:14===> API : /api/auth/logout ===> Message : logoutUserResponse() invoked!
info: ===> TimeStamp : 2025-11-28 21:58:14===> API : /api/auth/logout ===> Message : logoutUserResponse() completed
info: ===> TimeStamp : 2025-11-28 21:58:18===> API : null ===> Message : validateRequest() invoked
info: ===> TimeStamp : 2025-11-28 21:58:18===> API : null ===> Message : fetchDBSettings()
info: ===> TimeStamp : 2025-11-28 21:58:18===> API : null ===> Message : validateRequest() Invoked!
info: ===> TimeStamp : 2025-11-28 21:58:18===> API : null ===> Message : validRequest() :: Api validated Successfully
info: ===> TimeStamp : 2025-11-28 21:58:18===> API : /api/auth/logout ===> Message : logoutUser() invoked!!
info: ===> TimeStamp : 2025-11-28 21:58:18===> API : /api/auth/logout ===> Message : logoutUser() :: Request Object :: [object Object]
info: ===> TimeStamp : 2025-11-28 21:58:18===> API : /api/auth/logout ===> Message : logoutUserDB() Invoked !
info: ===> TimeStamp : 2025-11-28 21:58:18===> API : /api/auth/logout ===> Message : logoutUserResponse() invoked!
info: ===> TimeStamp : 2025-11-28 21:58:18===> API : /api/auth/logout ===> Message : logoutUserResponse() completed
info: ===> TimeStamp : 2025-11-28 21:58:27===> API : null ===> Message : validateRequest() invoked
info: ===> TimeStamp : 2025-11-28 21:58:27===> API : null ===> Message : fetchDBSettings()
info: ===> TimeStamp : 2025-11-28 21:58:27===> API : null ===> Message : validateRequest() Invoked!
info: ===> TimeStamp : 2025-11-28 21:58:27===> API : null ===> Message : validRequest() :: Api validated Successfully
info: ===> TimeStamp : 2025-11-28 21:58:27===> API : /api/auth/validateuser ===> Message : validateUser() invoked!!
info: ===> TimeStamp : 2025-11-28 21:58:27===> API : /api/auth/validateuser ===> Message : validateUser() :: Request Object :: [object Object]
info: ===> TimeStamp : 2025-11-28 21:58:27===> API : /api/auth/validateuser ===> Message : validateUserDB() Invoked !
info: ===> TimeStamp : 2025-11-28 21:58:27===> API : /api/auth/validateuser ===> Message : validateUserResponse() invoked!
info: ===> TimeStamp : 2025-11-28 21:58:27===> API : /api/auth/validateuser ===> Message : validateUserResponse() completed
info: ===> TimeStamp : 2025-11-28 21:58:27===> API : null ===> Message : validateRequest() invoked
info: ===> TimeStamp : 2025-11-28 21:58:27===> API : null ===> Message : fetchDBSettings()
info: ===> TimeStamp : 2025-11-28 21:58:27===> API : null ===> Message : validateRequest() Invoked!
info: ===> TimeStamp : 2025-11-28 21:58:27===> API : null ===> Message : validRequest() :: Api validated Successfully
info: ===> TimeStamp : 2025-11-28 21:58:27===> API : /api/auth/checkIP ===> Message : checkIP() invoked!!
info: ===> TimeStamp : 2025-11-28 21:58:27===> API : /api/auth/checkIP ===> Message : IPs match: 103.225.102.194
info: ===> TimeStamp : 2025-11-28 21:58:27===> API : /api/auth/checkIP ===> Message : checkIPResponse() invoked!
info: ===> TimeStamp : 2025-11-28 21:58:27===> API : /api/auth/checkIP ===> Message : checkIPResponse() completed
info: ===> TimeStamp : 2025-11-28 21:58:27===> API : null ===> Message : validateRequest() invoked
info: ===> TimeStamp : 2025-11-28 21:58:27===> API : null ===> Message : fetchDBSettings()
info: ===> TimeStamp : 2025-11-28 21:58:28===> API : null ===> Message : validateRequest() Invoked!
info: ===> TimeStamp : 2025-11-28 21:58:28===> API : null ===> Message : validRequest() :: Api validated Successfully
info: ===> TimeStamp : 2025-11-28 21:58:28===> API : /api/auth/login ===> Message : loginUser() invoked!!
info: ===> TimeStamp : 2025-11-28 21:58:28===> API : /api/auth/login ===> Message : loginUser() :: Request Object :: [object Object]
info: ===> TimeStamp : 2025-11-28 21:58:28===> API : /api/auth/login ===> Message : loginUserDB() Invoked !
info: ===> TimeStamp : 2025-11-28 21:58:28===> API : /api/auth/login ===> Message : loginUserResponse() invoked!
info: ===> TimeStamp : 2025-11-28 21:58:28===> API : /api/auth/login ===> Message : loginUserResponse() completed
info: ===> TimeStamp : 2025-11-28 21:59:05===> API : null ===> Message : fetchDBSettings()
info: ===> TimeStamp : 2025-11-28 21:59:05===> API : null ===> Message : validateRequest() invoked
info: ===> TimeStamp : 2025-11-28 21:59:05===> API : null ===> Message : validateRequest() Invoked!
info: ===> TimeStamp : 2025-11-28 21:59:05===> API : null ===> Message : validRequest() :: Api validated Successfully
info: ===> TimeStamp : 2025-11-28 21:59:05===> API : /api/auth/validateuser ===> Message : validateUser() invoked!!
info: ===> TimeStamp : 2025-11-28 21:59:05===> API : /api/auth/validateuser ===> Message : validateUser() :: Request Object :: [object Object]
info: ===> TimeStamp : 2025-11-28 21:59:05===> API : /api/auth/validateuser ===> Message : validateUserDB() Invoked !
info: ===> TimeStamp : 2025-11-28 21:59:05===> API : /api/auth/validateuser ===> Message : validateUserResponse() invoked!
info: ===> TimeStamp : 2025-11-28 21:59:05===> API : /api/auth/validateuser ===> Message : validateUserResponse() completed
info: ===> TimeStamp : 2025-11-28 21:59:05===> API : null ===> Message : validateRequest() invoked
info: ===> TimeStamp : 2025-11-28 21:59:05===> API : null ===> Message : fetchDBSettings()
info: ===> TimeStamp : 2025-11-28 21:59:05===> API : null ===> Message : validateRequest() Invoked!
info: ===> TimeStamp : 2025-11-28 21:59:05===> API : null ===> Message : validRequest() :: Api validated Successfully
info: ===> TimeStamp : 2025-11-28 21:59:05===> API : /api/auth/checkIP ===> Message : checkIP() invoked!!
info: ===> TimeStamp : 2025-11-28 21:59:05===> API : /api/auth/checkIP ===> Message : IPs match: 103.255.182.117
info: ===> TimeStamp : 2025-11-28 21:59:05===> API : /api/auth/checkIP ===> Message : checkIPResponse() invoked!
info: ===> TimeStamp : 2025-11-28 21:59:05===> API : /api/auth/checkIP ===> Message : checkIPResponse() completed
info: ===> TimeStamp : 2025-11-28 21:59:05===> API : null ===> Message : validateRequest() invoked
info: ===> TimeStamp : 2025-11-28 21:59:05===> API : null ===> Message : fetchDBSettings()
info: ===> TimeStamp : 2025-11-28 21:59:05===> API : null ===> Message : validateRequest() Invoked!
info: ===> TimeStamp : 2025-11-28 21:59:05===> API : null ===> Message : validRequest() :: Api validated Successfully
info: ===> TimeStamp : 2025-11-28 21:59:05===> API : /api/auth/login ===> Message : loginUser() invoked!!
info: ===> TimeStamp : 2025-11-28 21:59:05===> API : /api/auth/login ===> Message : loginUser() :: Request Object :: [object Object]
info: ===> TimeStamp : 2025-11-28 21:59:05===> API : /api/auth/login ===> Message : loginUserDB() Invoked !
info: ===> TimeStamp : 2025-11-28 21:59:05===> API : /api/auth/login ===> Message : loginUserResponse() invoked!
info: ===> TimeStamp : 2025-11-28 21:59:05===> API : /api/auth/login ===> Message : loginUserResponse() completed
info: ===> TimeStamp : 2025-11-28 22:31:15===> API : null ===> Message : validateRequest() invoked
info: ===> TimeStamp : 2025-11-28 22:31:15===> API : null ===> Message : fetchDBSettings()
info: ===> TimeStamp : 2025-11-28 22:31:15===> API : null ===> Message : validateRequest() Invoked!
info: ===> TimeStamp : 2025-11-28 22:31:15===> API : null ===> Message : validRequest() :: Api validated Successfully
info: ===> TimeStamp : 2025-11-28 22:31:15===> API : /api/auth/validateuser ===> Message : validateUser() invoked!!
info: ===> TimeStamp : 2025-11-28 22:31:15===> API : /api/auth/validateuser ===> Message : validateUser() :: Request Object :: [object Object]
info: ===> TimeStamp : 2025-11-28 22:31:15===> API : /api/auth/validateuser ===> Message : validateUserDB() Invoked !
info: ===> TimeStamp : 2025-11-28 22:31:15===> API : /api/auth/validateuser ===> Message : validateUserResponse() invoked!
info: ===> TimeStamp : 2025-11-28 22:31:15===> API : /api/auth/validateuser ===> Message : validateUserResponse() completed
info: ===> TimeStamp : 2025-11-28 22:31:15===> API : null ===> Message : validateRequest() invoked
info: ===> TimeStamp : 2025-11-28 22:31:15===> API : null ===> Message : fetchDBSettings()
info: ===> TimeStamp : 2025-11-28 22:31:15===> API : null ===> Message : validateRequest() Invoked!
info: ===> TimeStamp : 2025-11-28 22:31:15===> API : null ===> Message : validRequest() :: Api validated Successfully
info: ===> TimeStamp : 2025-11-28 22:31:15===> API : /api/auth/login ===> Message : loginUser() invoked!!
info: ===> TimeStamp : 2025-11-28 22:31:15===> API : /api/auth/login ===> Message : loginUser() :: Request Object :: [object Object]
info: ===> TimeStamp : 2025-11-28 22:31:15===> API : /api/auth/login ===> Message : loginUserDB() Invoked !
info: ===> TimeStamp : 2025-11-28 22:31:15===> API : /api/auth/login ===> Message : loginUserResponse() invoked!
info: ===> TimeStamp : 2025-11-28 22:31:15===> API : /api/auth/login ===> Message : loginUserResponse() completed
info: ===> TimeStamp : 2025-11-28 23:04:35===> API : null ===> Message : validateRequest() invoked
info: ===> TimeStamp : 2025-11-28 23:04:35===> API : null ===> Message : fetchDBSettings()
info: ===> TimeStamp : 2025-11-28 23:04:35===> API : null ===> Message : validateRequest() Invoked!
info: ===> TimeStamp : 2025-11-28 23:04:35===> API : null ===> Message : validRequest() :: Api validated Successfully
info: ===> TimeStamp : 2025-11-28 23:04:35===> API : /api/auth/validateuser ===> Message : validateUser() invoked!!
info: ===> TimeStamp : 2025-11-28 23:04:35===> API : /api/auth/validateuser ===> Message : validateUser() :: Request Object :: [object Object]
info: ===> TimeStamp : 2025-11-28 23:04:35===> API : /api/auth/validateuser ===> Message : validateUserDB() Invoked !
info: ===> TimeStamp : 2025-11-28 23:04:35===> API : /api/auth/validateuser ===> Message : validateUserResponse() invoked!
info: ===> TimeStamp : 2025-11-28 23:04:35===> API : /api/auth/validateuser ===> Message : validateUserResponse() completed
info: ===> TimeStamp : 2025-11-28 23:04:36===> API : null ===> Message : validateRequest() invoked
info: ===> TimeStamp : 2025-11-28 23:04:36===> API : null ===> Message : fetchDBSettings()
info: ===> TimeStamp : 2025-11-28 23:04:36===> API : null ===> Message : validateRequest() Invoked!
info: ===> TimeStamp : 2025-11-28 23:04:36===> API : null ===> Message : validRequest() :: Api validated Successfully
info: ===> TimeStamp : 2025-11-28 23:04:36===> API : /api/auth/login ===> Message : loginUser() invoked!!
info: ===> TimeStamp : 2025-11-28 23:04:36===> API : /api/auth/login ===> Message : loginUser() :: Request Object :: [object Object]
info: ===> TimeStamp : 2025-11-28 23:04:36===> API : /api/auth/login ===> Message : loginUserDB() Invoked !
info: ===> TimeStamp : 2025-11-28 23:04:36===> API : /api/auth/login ===> Message : loginUserResponse() invoked!
info: ===> TimeStamp : 2025-11-28 23:04:36===> API : /api/auth/login ===> Message : loginUserResponse() completed
info: ===> TimeStamp : 2025-11-28 23:44:34===> API : null ===> Message : validateRequest() invoked
info: ===> TimeStamp : 2025-11-28 23:44:34===> API : null ===> Message : fetchDBSettings()
info: ===> TimeStamp : 2025-11-28 23:44:34===> API : null ===> Message : validateRequest() Invoked!
info: ===> TimeStamp : 2025-11-28 23:44:34===> API : null ===> Message : validRequest() :: Api validated Successfully
info: ===> TimeStamp : 2025-11-28 23:44:34===> API : /api/auth/validateuser ===> Message : validateUser() invoked!!
info: ===> TimeStamp : 2025-11-28 23:44:34===> API : /api/auth/validateuser ===> Message : validateUser() :: Request Object :: [object Object]
info: ===> TimeStamp : 2025-11-28 23:44:34===> API : /api/auth/validateuser ===> Message : validateUserDB() Invoked !
info: ===> TimeStamp : 2025-11-28 23:44:34===> API : /api/auth/validateuser ===> Message : validateUserResponse() invoked!
info: ===> TimeStamp : 2025-11-28 23:44:34===> API : /api/auth/validateuser ===> Message : validateUserResponse() completed
info: ===> TimeStamp : 2025-11-28 23:44:34===> API : null ===> Message : validateRequest() invoked
info: ===> TimeStamp : 2025-11-28 23:44:34===> API : null ===> Message : fetchDBSettings()
info: ===> TimeStamp : 2025-11-28 23:44:34===> API : null ===> Message : validateRequest() Invoked!
info: ===> TimeStamp : 2025-11-28 23:44:34===> API : null ===> Message : validRequest() :: Api validated Successfully
info: ===> TimeStamp : 2025-11-28 23:44:34===> API : /api/auth/login ===> Message : loginUser() invoked!!
info: ===> TimeStamp : 2025-11-28 23:44:34===> API : /api/auth/login ===> Message : loginUser() :: Request Object :: [object Object]
info: ===> TimeStamp : 2025-11-28 23:44:34===> API : /api/auth/login ===> Message : loginUserDB() Invoked !
info: ===> TimeStamp : 2025-11-28 23:44:34===> API : /api/auth/login ===> Message : loginUserResponse() invoked!
info: ===> TimeStamp : 2025-11-28 23:44:34===> API : /api/auth/login ===> Message : loginUserResponse() completed
info: ===> TimeStamp : 2025-11-29 00:15:29===> API : null ===> Message : validateRequest() invoked
info: ===> TimeStamp : 2025-11-29 00:15:29===> API : null ===> Message : fetchDBSettings()
info: ===> TimeStamp : 2025-11-29 00:15:29===> API : null ===> Message : validateRequest() Invoked!
info: ===> TimeStamp : 2025-11-29 00:15:29===> API : null ===> Message : validRequest() :: Api validated Successfully
info: ===> TimeStamp : 2025-11-29 00:15:29===> API : /api/auth/validateuser ===> Message : validateUser() :: Request Object :: [object Object]
info: ===> TimeStamp : 2025-11-29 00:15:29===> API : /api/auth/validateuser ===> Message : validateUser() invoked!!
info: ===> TimeStamp : 2025-11-29 00:15:29===> API : /api/auth/validateuser ===> Message : validateUserDB() Invoked !
info: ===> TimeStamp : 2025-11-29 00:15:29===> API : /api/auth/validateuser ===> Message : validateUserResponse() invoked!
info: ===> TimeStamp : 2025-11-29 00:15:29===> API : /api/auth/validateuser ===> Message : validateUserResponse() completed
info: ===> TimeStamp : 2025-11-29 00:15:29===> API : null ===> Message : validateRequest() invoked
info: ===> TimeStamp : 2025-11-29 00:15:29===> API : null ===> Message : fetchDBSettings()
info: ===> TimeStamp : 2025-11-29 00:15:29===> API : null ===> Message : validateRequest() Invoked!
info: ===> TimeStamp : 2025-11-29 00:15:29===> API : null ===> Message : validRequest() :: Api validated Successfully
info: ===> TimeStamp : 2025-11-29 00:15:29===> API : /api/auth/login ===> Message : loginUser() invoked!!
info: ===> TimeStamp : 2025-11-29 00:15:29===> API : /api/auth/login ===> Message : loginUser() :: Request Object :: [object Object]
info: ===> TimeStamp : 2025-11-29 00:15:29===> API : /api/auth/login ===> Message : loginUserDB() Invoked !
info: ===> TimeStamp : 2025-11-29 00:15:29===> API : /api/auth/login ===> Message : loginUserResponse() invoked!
info: ===> TimeStamp : 2025-11-29 00:15:29===> API : /api/auth/login ===> Message : loginUserResponse() completed
info: ===> TimeStamp : 2025-11-29 00:52:10===> API : null ===> Message : validateRequest() invoked
info: ===> TimeStamp : 2025-11-29 00:52:10===> API : null ===> Message : fetchDBSettings()
info: ===> TimeStamp : 2025-11-29 00:52:10===> API : null ===> Message : validateRequest() Invoked!
info: ===> TimeStamp : 2025-11-29 00:52:10===> API : null ===> Message : validRequest() :: Api validated Successfully
info: ===> TimeStamp : 2025-11-29 00:52:10===> API : /api/auth/validateuser ===> Message : validateUser() invoked!!
info: ===> TimeStamp : 2025-11-29 00:52:10===> API : /api/auth/validateuser ===> Message : validateUser() :: Request Object :: [object Object]
info: ===> TimeStamp : 2025-11-29 00:52:10===> API : /api/auth/validateuser ===> Message : validateUserDB() Invoked !
info: ===> TimeStamp : 2025-11-29 00:52:10===> API : /api/auth/validateuser ===> Message : validateUserResponse() invoked!
info: ===> TimeStamp : 2025-11-29 00:52:10===> API : /api/auth/validateuser ===> Message : validateUserResponse() completed
info: ===> TimeStamp : 2025-11-29 00:52:10===> API : null ===> Message : validateRequest() invoked
info: ===> TimeStamp : 2025-11-29 00:52:10===> API : null ===> Message : fetchDBSettings()
info: ===> TimeStamp : 2025-11-29 00:52:10===> API : null ===> Message : validateRequest() Invoked!
info: ===> TimeStamp : 2025-11-29 00:52:10===> API : null ===> Message : validRequest() :: Api validated Successfully
info: ===> TimeStamp : 2025-11-29 00:52:10===> API : /api/auth/checkIP ===> Message : checkIP() invoked!!
info: ===> TimeStamp : 2025-11-29 00:52:10===> API : /api/auth/checkIP ===> Message : IPs match: 103.255.182.117
info: ===> TimeStamp : 2025-11-29 00:52:10===> API : /api/auth/checkIP ===> Message : checkIPResponse() invoked!
info: ===> TimeStamp : 2025-11-29 00:52:10===> API : /api/auth/checkIP ===> Message : checkIPResponse() completed
info: ===> TimeStamp : 2025-11-29 00:52:10===> API : null ===> Message : validateRequest() invoked
info: ===> TimeStamp : 2025-11-29 00:52:10===> API : null ===> Message : fetchDBSettings()
info: ===> TimeStamp : 2025-11-29 00:52:10===> API : null ===> Message : validateRequest() Invoked!
info: ===> TimeStamp : 2025-11-29 00:52:10===> API : null ===> Message : validRequest() :: Api validated Successfully
info: ===> TimeStamp : 2025-11-29 00:52:10===> API : /api/auth/login ===> Message : loginUser() invoked!!
info: ===> TimeStamp : 2025-11-29 00:52:10===> API : /api/auth/login ===> Message : loginUser() :: Request Object :: [object Object]
info: ===> TimeStamp : 2025-11-29 00:52:10===> API : /api/auth/login ===> Message : loginUserDB() Invoked !
info: ===> TimeStamp : 2025-11-29 00:52:10===> API : /api/auth/login ===> Message : loginUserResponse() invoked!
info: ===> TimeStamp : 2025-11-29 00:52:10===> API : /api/auth/login ===> Message : loginUserResponse() completed
info: ===> TimeStamp : 2025-11-29 02:41:54===> API : null ===> Message : validateRequest() invoked
info: ===> TimeStamp : 2025-11-29 02:41:54===> API : null ===> Message : fetchDBSettings()
info: ===> TimeStamp : 2025-11-29 02:41:54===> API : null ===> Message : validateRequest() Invoked!
info: ===> TimeStamp : 2025-11-29 02:41:55===> API : null ===> Message : validRequest() :: Api validated Successfully
info: ===> TimeStamp : 2025-11-29 02:41:55===> API : /api/auth/logout ===> Message : logoutUser() :: Request Object :: [object Object]
info: ===> TimeStamp : 2025-11-29 02:41:55===> API : /api/auth/logout ===> Message : logoutUserDB() Invoked !
info: ===> TimeStamp : 2025-11-29 02:41:55===> API : /api/auth/logout ===> Message : logoutUser() invoked!!
info: ===> TimeStamp : 2025-11-29 02:41:55===> API : /api/auth/logout ===> Message : logoutUserResponse() invoked!
info: ===> TimeStamp : 2025-11-29 02:41:55===> API : /api/auth/logout ===> Message : logoutUserResponse() completed
info: ===> TimeStamp : 2025-11-29 03:05:17===> API : null ===> Message : validateRequest() invoked
info: ===> TimeStamp : 2025-11-29 03:05:17===> API : null ===> Message : fetchDBSettings()
info: ===> TimeStamp : 2025-11-29 03:05:17===> API : null ===> Message : validateRequest() Invoked!
info: ===> TimeStamp : 2025-11-29 03:05:17===> API : null ===> Message : validRequest() :: Api validated Successfully
info: ===> TimeStamp : 2025-11-29 03:05:17===> API : /api/auth/validateuser ===> Message : validateUser() invoked!!
info: ===> TimeStamp : 2025-11-29 03:05:17===> API : /api/auth/validateuser ===> Message : validateUser() :: Request Object :: [object Object]
info: ===> TimeStamp : 2025-11-29 03:05:17===> API : /api/auth/validateuser ===> Message : validateUserDB() Invoked !
info: ===> TimeStamp : 2025-11-29 03:05:17===> API : /api/auth/validateuser ===> Message : validateUserResponse() invoked!
info: ===> TimeStamp : 2025-11-29 03:05:17===> API : /api/auth/validateuser ===> Message : validateUserResponse() completed
info: ===> TimeStamp : 2025-11-29 03:05:17===> API : null ===> Message : validateRequest() invoked
info: ===> TimeStamp : 2025-11-29 03:05:17===> API : null ===> Message : fetchDBSettings()
info: ===> TimeStamp : 2025-11-29 03:05:17===> API : null ===> Message : validateRequest() Invoked!
info: ===> TimeStamp : 2025-11-29 03:05:17===> API : null ===> Message : validRequest() :: Api validated Successfully
info: ===> TimeStamp : 2025-11-29 03:05:17===> API : /api/auth/checkIP ===> Message : checkIP() invoked!!
info: ===> TimeStamp : 2025-11-29 03:05:17===> API : /api/auth/checkIP ===> Message : IPs match: 103.255.182.117
info: ===> TimeStamp : 2025-11-29 03:05:17===> API : /api/auth/checkIP ===> Message : checkIPResponse() invoked!
info: ===> TimeStamp : 2025-11-29 03:05:17===> API : /api/auth/checkIP ===> Message : checkIPResponse() completed
info: ===> TimeStamp : 2025-11-29 03:05:17===> API : null ===> Message : validateRequest() invoked
info: ===> TimeStamp : 2025-11-29 03:05:17===> API : null ===> Message : fetchDBSettings()
info: ===> TimeStamp : 2025-11-29 03:05:17===> API : null ===> Message : validateRequest() Invoked!
info: ===> TimeStamp : 2025-11-29 03:05:17===> API : null ===> Message : validRequest() :: Api validated Successfully
info: ===> TimeStamp : 2025-11-29 03:05:17===> API : /api/auth/login ===> Message : loginUser() :: Request Object :: [object Object]
info: ===> TimeStamp : 2025-11-29 03:05:17===> API : /api/auth/login ===> Message : loginUserDB() Invoked !
info: ===> TimeStamp : 2025-11-29 03:05:17===> API : /api/auth/login ===> Message : loginUser() invoked!!
info: ===> TimeStamp : 2025-11-29 03:05:17===> API : /api/auth/login ===> Message : loginUserResponse() invoked!
info: ===> TimeStamp : 2025-11-29 03:05:17===> API : /api/auth/login ===> Message : loginUserResponse() completed
