info: ===> TimeStamp : 2025-08-08 06:55:39===> API : null ===> Message : validateRequest() invoked
info: ===> TimeStamp : 2025-08-08 06:55:39===> API : null ===> Message : fetchDBSettings()
info: ===> TimeStamp : 2025-08-08 06:55:39===> API : null ===> Message : validateRequest() Invoked!
info: ===> TimeStamp : 2025-08-08 06:55:39===> API : null ===> Message : validRequest() :: Api validated Successfully
info: ===> TimeStamp : 2025-08-08 06:55:39===> API : /api/auth/logout ===> Message : logoutUser() invoked!!
info: ===> TimeStamp : 2025-08-08 06:55:39===> API : /api/auth/logout ===> Message : logoutUser() :: Request Object :: [object Object]
info: ===> TimeStamp : 2025-08-08 06:55:39===> API : /api/auth/logout ===> Message : logoutUserDB() Invoked !
info: ===> TimeStamp : 2025-08-08 06:55:39===> API : /api/auth/logout ===> Message : logoutUserResponse() invoked!
info: ===> TimeStamp : 2025-08-08 06:55:39===> API : /api/auth/logout ===> Message : logoutUserResponse() completed
info: ===> TimeStamp : 2025-08-08 06:58:34===> API : null ===> Message : validateRequest() invoked
info: ===> TimeStamp : 2025-08-08 06:58:34===> API : null ===> Message : fetchDBSettings()
info: ===> TimeStamp : 2025-08-08 06:58:34===> API : null ===> Message : validateRequest() Invoked!
info: ===> TimeStamp : 2025-08-08 06:58:34===> API : null ===> Message : validRequest() :: Api validated Successfully
info: ===> TimeStamp : 2025-08-08 06:58:34===> API : /api/auth/logout ===> Message : logoutUser() invoked!!
info: ===> TimeStamp : 2025-08-08 06:58:34===> API : /api/auth/logout ===> Message : logoutUser() :: Request Object :: [object Object]
info: ===> TimeStamp : 2025-08-08 06:58:34===> API : /api/auth/logout ===> Message : logoutUserDB() Invoked !
info: ===> TimeStamp : 2025-08-08 06:58:34===> API : /api/auth/logout ===> Message : logoutUserResponse() invoked!
info: ===> TimeStamp : 2025-08-08 06:58:34===> API : /api/auth/logout ===> Message : logoutUserResponse() completed
info: ===> TimeStamp : 2025-08-08 06:58:51===> API : null ===> Message : validateRequest() invoked
info: ===> TimeStamp : 2025-08-08 06:58:51===> API : null ===> Message : fetchDBSettings()
info: ===> TimeStamp : 2025-08-08 06:58:51===> API : null ===> Message : validateRequest() Invoked!
info: ===> TimeStamp : 2025-08-08 06:58:51===> API : null ===> Message : validRequest() :: Api validated Successfully
info: ===> TimeStamp : 2025-08-08 06:58:51===> API : /api/auth/validateuser ===> Message : validateUser() invoked!!
info: ===> TimeStamp : 2025-08-08 06:58:51===> API : /api/auth/validateuser ===> Message : validateUser() :: Request Object :: [object Object]
info: ===> TimeStamp : 2025-08-08 06:58:51===> API : /api/auth/validateuser ===> Message : validateUserDB() Invoked !
info: ===> TimeStamp : 2025-08-08 06:58:51===> API : /api/auth/validateuser ===> Message : validateUserDB() :: Error :: {"code":"ER_SIGNAL_EXCEPTION","errno":1644,"sqlState":"10005","sqlMessage":"User Does Not Exist","sql":"CALL usp_validate_user('ashmita', 'akruti@12')"}
info: ===> TimeStamp : 2025-08-08 06:58:51===> API : /api/auth/validateuser ===> Message : validateUserDBResult :: Error :: {"ErrorCode":10005,"ErrorMessage":"User Does Not Exist"}
info: ===> TimeStamp : 2025-08-08 06:58:51===> API : /api/auth/validateuser ===> Message : validateUserResponse() invoked!
info: ===> TimeStamp : 2025-08-08 06:58:51===> API : /api/auth/validateuser ===> Message : validateUserResponse() completed
info: ===> TimeStamp : 2025-08-08 06:59:01===> API : null ===> Message : fetchDBSettings()
info: ===> TimeStamp : 2025-08-08 06:59:01===> API : null ===> Message : validateRequest() invoked
info: ===> TimeStamp : 2025-08-08 06:59:01===> API : null ===> Message : validateRequest() Invoked!
info: ===> TimeStamp : 2025-08-08 06:59:01===> API : null ===> Message : validRequest() :: Api validated Successfully
info: ===> TimeStamp : 2025-08-08 06:59:01===> API : /api/auth/validateuser ===> Message : validateUser() invoked!!
info: ===> TimeStamp : 2025-08-08 06:59:01===> API : /api/auth/validateuser ===> Message : validateUser() :: Request Object :: [object Object]
info: ===> TimeStamp : 2025-08-08 06:59:01===> API : /api/auth/validateuser ===> Message : validateUserDB() Invoked !
info: ===> TimeStamp : 2025-08-08 06:59:01===> API : /api/auth/validateuser ===> Message : validateUserResponse() invoked!
info: ===> TimeStamp : 2025-08-08 06:59:01===> API : /api/auth/validateuser ===> Message : validateUserResponse() completed
info: ===> TimeStamp : 2025-08-08 06:59:02===> API : null ===> Message : validateRequest() invoked
info: ===> TimeStamp : 2025-08-08 06:59:02===> API : null ===> Message : fetchDBSettings()
info: ===> TimeStamp : 2025-08-08 06:59:02===> API : null ===> Message : validateRequest() Invoked!
info: ===> TimeStamp : 2025-08-08 06:59:02===> API : null ===> Message : validRequest() :: Api validated Successfully
info: ===> TimeStamp : 2025-08-08 06:59:02===> API : /api/auth/checkIP ===> Message : checkIP() invoked!!
info: ===> TimeStamp : 2025-08-08 06:59:02===> API : /api/auth/checkIP ===> Message : IPs match: 103.225.102.194
info: ===> TimeStamp : 2025-08-08 06:59:02===> API : /api/auth/checkIP ===> Message : checkIPResponse() invoked!
info: ===> TimeStamp : 2025-08-08 06:59:02===> API : /api/auth/checkIP ===> Message : checkIPResponse() completed
info: ===> TimeStamp : 2025-08-08 06:59:02===> API : null ===> Message : validateRequest() invoked
info: ===> TimeStamp : 2025-08-08 06:59:02===> API : null ===> Message : fetchDBSettings()
info: ===> TimeStamp : 2025-08-08 06:59:02===> API : null ===> Message : validateRequest() Invoked!
info: ===> TimeStamp : 2025-08-08 06:59:02===> API : null ===> Message : validRequest() :: Api validated Successfully
info: ===> TimeStamp : 2025-08-08 06:59:02===> API : /api/auth/login ===> Message : loginUser() invoked!!
info: ===> TimeStamp : 2025-08-08 06:59:02===> API : /api/auth/login ===> Message : loginUser() :: Request Object :: [object Object]
info: ===> TimeStamp : 2025-08-08 06:59:02===> API : /api/auth/login ===> Message : loginUserDB() Invoked !
info: ===> TimeStamp : 2025-08-08 06:59:02===> API : /api/auth/login ===> Message : loginUserResponse() invoked!
info: ===> TimeStamp : 2025-08-08 06:59:02===> API : /api/auth/login ===> Message : loginUserResponse() completed
info: ===> TimeStamp : 2025-08-08 06:59:20===> API : null ===> Message : validateRequest() invoked
info: ===> TimeStamp : 2025-08-08 06:59:20===> API : null ===> Message : fetchDBSettings()
info: ===> TimeStamp : 2025-08-08 06:59:20===> API : null ===> Message : validateRequest() Invoked!
info: ===> TimeStamp : 2025-08-08 06:59:20===> API : null ===> Message : validRequest() :: Api validated Successfully
info: ===> TimeStamp : 2025-08-08 06:59:20===> API : /api/auth/validateuser ===> Message : validateUser() invoked!!
info: ===> TimeStamp : 2025-08-08 06:59:20===> API : /api/auth/validateuser ===> Message : validateUser() :: Request Object :: [object Object]
info: ===> TimeStamp : 2025-08-08 06:59:20===> API : /api/auth/validateuser ===> Message : validateUserDB() Invoked !
info: ===> TimeStamp : 2025-08-08 06:59:20===> API : /api/auth/validateuser ===> Message : validateUserResponse() invoked!
info: ===> TimeStamp : 2025-08-08 06:59:20===> API : /api/auth/validateuser ===> Message : validateUserResponse() completed
info: ===> TimeStamp : 2025-08-08 06:59:20===> API : null ===> Message : validateRequest() invoked
info: ===> TimeStamp : 2025-08-08 06:59:20===> API : null ===> Message : fetchDBSettings()
info: ===> TimeStamp : 2025-08-08 06:59:20===> API : null ===> Message : validateRequest() Invoked!
info: ===> TimeStamp : 2025-08-08 06:59:20===> API : null ===> Message : validRequest() :: Api validated Successfully
info: ===> TimeStamp : 2025-08-08 06:59:20===> API : /api/auth/checkIP ===> Message : checkIP() invoked!!
info: ===> TimeStamp : 2025-08-08 06:59:20===> API : /api/auth/checkIP ===> Message : IPs match: 103.225.102.194
info: ===> TimeStamp : 2025-08-08 06:59:20===> API : /api/auth/checkIP ===> Message : checkIPResponse() invoked!
info: ===> TimeStamp : 2025-08-08 06:59:20===> API : /api/auth/checkIP ===> Message : checkIPResponse() completed
info: ===> TimeStamp : 2025-08-08 06:59:21===> API : null ===> Message : validateRequest() invoked
info: ===> TimeStamp : 2025-08-08 06:59:21===> API : null ===> Message : fetchDBSettings()
info: ===> TimeStamp : 2025-08-08 06:59:21===> API : null ===> Message : validateRequest() Invoked!
info: ===> TimeStamp : 2025-08-08 06:59:21===> API : null ===> Message : validRequest() :: Api validated Successfully
info: ===> TimeStamp : 2025-08-08 06:59:21===> API : /api/auth/login ===> Message : loginUser() invoked!!
info: ===> TimeStamp : 2025-08-08 06:59:21===> API : /api/auth/login ===> Message : loginUser() :: Request Object :: [object Object]
info: ===> TimeStamp : 2025-08-08 06:59:21===> API : /api/auth/login ===> Message : loginUserDB() Invoked !
info: ===> TimeStamp : 2025-08-08 06:59:21===> API : /api/auth/login ===> Message : loginUserResponse() invoked!
info: ===> TimeStamp : 2025-08-08 06:59:21===> API : /api/auth/login ===> Message : loginUserResponse() completed
info: ===> TimeStamp : 2025-08-08 08:51:07===> API : null ===> Message : validateRequest() invoked
info: ===> TimeStamp : 2025-08-08 08:51:07===> API : null ===> Message : fetchDBSettings()
info: ===> TimeStamp : 2025-08-08 08:51:07===> API : null ===> Message : validateRequest() Invoked!
info: ===> TimeStamp : 2025-08-08 08:51:07===> API : null ===> Message : validRequest() :: Api validated Successfully
info: ===> TimeStamp : 2025-08-08 08:51:07===> API : /api/auth/validateuser ===> Message : validateUser() invoked!!
info: ===> TimeStamp : 2025-08-08 08:51:07===> API : /api/auth/validateuser ===> Message : validateUser() :: Request Object :: [object Object]
info: ===> TimeStamp : 2025-08-08 08:51:07===> API : /api/auth/validateuser ===> Message : validateUserDB() Invoked !
info: ===> TimeStamp : 2025-08-08 08:51:07===> API : /api/auth/validateuser ===> Message : validateUserResponse() invoked!
info: ===> TimeStamp : 2025-08-08 08:51:07===> API : /api/auth/validateuser ===> Message : validateUserResponse() completed
info: ===> TimeStamp : 2025-08-08 08:51:08===> API : null ===> Message : validateRequest() invoked
info: ===> TimeStamp : 2025-08-08 08:51:08===> API : null ===> Message : fetchDBSettings()
info: ===> TimeStamp : 2025-08-08 08:51:08===> API : null ===> Message : validateRequest() Invoked!
info: ===> TimeStamp : 2025-08-08 08:51:08===> API : null ===> Message : validRequest() :: Api validated Successfully
info: ===> TimeStamp : 2025-08-08 08:51:08===> API : /api/auth/login ===> Message : loginUser() invoked!!
info: ===> TimeStamp : 2025-08-08 08:51:08===> API : /api/auth/login ===> Message : loginUser() :: Request Object :: [object Object]
info: ===> TimeStamp : 2025-08-08 08:51:08===> API : /api/auth/login ===> Message : loginUserDB() Invoked !
info: ===> TimeStamp : 2025-08-08 08:51:08===> API : /api/auth/login ===> Message : loginUserResponse() invoked!
info: ===> TimeStamp : 2025-08-08 08:51:08===> API : /api/auth/login ===> Message : loginUserResponse() completed
info: ===> TimeStamp : 2025-08-08 09:02:16===> API : null ===> Message : validateRequest() invoked
info: ===> TimeStamp : 2025-08-08 09:02:16===> API : null ===> Message : fetchDBSettings()
info: ===> TimeStamp : 2025-08-08 09:02:16===> API : null ===> Message : validateRequest() Invoked!
info: ===> TimeStamp : 2025-08-08 09:02:16===> API : null ===> Message : validRequest() :: Api validated Successfully
info: ===> TimeStamp : 2025-08-08 09:02:16===> API : /api/auth/validateuser ===> Message : validateUser() invoked!!
info: ===> TimeStamp : 2025-08-08 09:02:16===> API : /api/auth/validateuser ===> Message : validateUser() :: Request Object :: [object Object]
info: ===> TimeStamp : 2025-08-08 09:02:16===> API : /api/auth/validateuser ===> Message : validateUserDB() Invoked !
info: ===> TimeStamp : 2025-08-08 09:02:16===> API : /api/auth/validateuser ===> Message : validateUserResponse() invoked!
info: ===> TimeStamp : 2025-08-08 09:02:16===> API : /api/auth/validateuser ===> Message : validateUserResponse() completed
info: ===> TimeStamp : 2025-08-08 09:02:16===> API : null ===> Message : validateRequest() invoked
info: ===> TimeStamp : 2025-08-08 09:02:16===> API : null ===> Message : fetchDBSettings()
info: ===> TimeStamp : 2025-08-08 09:02:16===> API : null ===> Message : validateRequest() Invoked!
info: ===> TimeStamp : 2025-08-08 09:02:16===> API : null ===> Message : validRequest() :: Api validated Successfully
info: ===> TimeStamp : 2025-08-08 09:02:16===> API : /api/auth/checkIP ===> Message : checkIP() invoked!!
info: ===> TimeStamp : 2025-08-08 09:02:16===> API : /api/auth/checkIP ===> Message : IPs match: 103.225.102.194
info: ===> TimeStamp : 2025-08-08 09:02:16===> API : /api/auth/checkIP ===> Message : checkIPResponse() invoked!
info: ===> TimeStamp : 2025-08-08 09:02:16===> API : /api/auth/checkIP ===> Message : checkIPResponse() completed
info: ===> TimeStamp : 2025-08-08 09:02:16===> API : null ===> Message : validateRequest() invoked
info: ===> TimeStamp : 2025-08-08 09:02:16===> API : null ===> Message : fetchDBSettings()
info: ===> TimeStamp : 2025-08-08 09:02:16===> API : null ===> Message : validateRequest() Invoked!
info: ===> TimeStamp : 2025-08-08 09:02:16===> API : null ===> Message : validRequest() :: Api validated Successfully
info: ===> TimeStamp : 2025-08-08 09:02:16===> API : /api/auth/login ===> Message : loginUser() invoked!!
info: ===> TimeStamp : 2025-08-08 09:02:16===> API : /api/auth/login ===> Message : loginUser() :: Request Object :: [object Object]
info: ===> TimeStamp : 2025-08-08 09:02:16===> API : /api/auth/login ===> Message : loginUserDB() Invoked !
info: ===> TimeStamp : 2025-08-08 09:02:16===> API : /api/auth/login ===> Message : loginUserResponse() invoked!
info: ===> TimeStamp : 2025-08-08 09:02:16===> API : /api/auth/login ===> Message : loginUserResponse() completed
info: ===> TimeStamp : 2025-08-08 09:22:24===> API : null ===> Message : validateRequest() invoked
info: ===> TimeStamp : 2025-08-08 09:22:24===> API : null ===> Message : fetchDBSettings()
info: ===> TimeStamp : 2025-08-08 09:22:24===> API : null ===> Message : validateRequest() Invoked!
info: ===> TimeStamp : 2025-08-08 09:22:24===> API : null ===> Message : validRequest() :: Api validated Successfully
info: ===> TimeStamp : 2025-08-08 09:22:24===> API : /api/auth/validateuser ===> Message : validateUser() invoked!!
info: ===> TimeStamp : 2025-08-08 09:22:24===> API : /api/auth/validateuser ===> Message : validateUser() :: Request Object :: [object Object]
info: ===> TimeStamp : 2025-08-08 09:22:24===> API : /api/auth/validateuser ===> Message : validateUserDB() Invoked !
info: ===> TimeStamp : 2025-08-08 09:22:24===> API : /api/auth/validateuser ===> Message : validateUserResponse() invoked!
info: ===> TimeStamp : 2025-08-08 09:22:24===> API : /api/auth/validateuser ===> Message : validateUserResponse() completed
info: ===> TimeStamp : 2025-08-08 09:22:24===> API : null ===> Message : validateRequest() invoked
info: ===> TimeStamp : 2025-08-08 09:22:24===> API : null ===> Message : fetchDBSettings()
info: ===> TimeStamp : 2025-08-08 09:22:24===> API : null ===> Message : validateRequest() Invoked!
info: ===> TimeStamp : 2025-08-08 09:22:24===> API : null ===> Message : validRequest() :: Api validated Successfully
info: ===> TimeStamp : 2025-08-08 09:22:24===> API : /api/auth/login ===> Message : loginUser() invoked!!
info: ===> TimeStamp : 2025-08-08 09:22:24===> API : /api/auth/login ===> Message : loginUser() :: Request Object :: [object Object]
info: ===> TimeStamp : 2025-08-08 09:22:24===> API : /api/auth/login ===> Message : loginUserDB() Invoked !
info: ===> TimeStamp : 2025-08-08 09:22:24===> API : /api/auth/login ===> Message : loginUserResponse() invoked!
info: ===> TimeStamp : 2025-08-08 09:22:24===> API : /api/auth/login ===> Message : loginUserResponse() completed
info: ===> TimeStamp : 2025-08-08 09:23:17===> API : null ===> Message : validateRequest() invoked
info: ===> TimeStamp : 2025-08-08 09:23:17===> API : null ===> Message : fetchDBSettings()
info: ===> TimeStamp : 2025-08-08 09:23:17===> API : null ===> Message : validateRequest() Invoked!
info: ===> TimeStamp : 2025-08-08 09:23:17===> API : null ===> Message : validRequest() :: Api validated Successfully
info: ===> TimeStamp : 2025-08-08 09:23:17===> API : /api/auth/validateuser ===> Message : validateUser() invoked!!
info: ===> TimeStamp : 2025-08-08 09:23:17===> API : /api/auth/validateuser ===> Message : validateUser() :: Request Object :: [object Object]
info: ===> TimeStamp : 2025-08-08 09:23:17===> API : /api/auth/validateuser ===> Message : validateUserDB() Invoked !
info: ===> TimeStamp : 2025-08-08 09:23:17===> API : /api/auth/validateuser ===> Message : validateUserResponse() invoked!
info: ===> TimeStamp : 2025-08-08 09:23:17===> API : /api/auth/validateuser ===> Message : validateUserResponse() completed
info: ===> TimeStamp : 2025-08-08 09:23:17===> API : null ===> Message : validateRequest() invoked
info: ===> TimeStamp : 2025-08-08 09:23:17===> API : null ===> Message : fetchDBSettings()
info: ===> TimeStamp : 2025-08-08 09:23:17===> API : null ===> Message : validateRequest() Invoked!
info: ===> TimeStamp : 2025-08-08 09:23:17===> API : null ===> Message : validRequest() :: Api validated Successfully
info: ===> TimeStamp : 2025-08-08 09:23:17===> API : /api/auth/login ===> Message : loginUser() invoked!!
info: ===> TimeStamp : 2025-08-08 09:23:17===> API : /api/auth/login ===> Message : loginUser() :: Request Object :: [object Object]
info: ===> TimeStamp : 2025-08-08 09:23:17===> API : /api/auth/login ===> Message : loginUserDB() Invoked !
info: ===> TimeStamp : 2025-08-08 09:23:17===> API : /api/auth/login ===> Message : loginUserResponse() invoked!
info: ===> TimeStamp : 2025-08-08 09:23:17===> API : /api/auth/login ===> Message : loginUserResponse() completed
info: ===> TimeStamp : 2025-08-08 13:40:44===> API : null ===> Message : validateRequest() invoked
info: ===> TimeStamp : 2025-08-08 13:40:44===> API : null ===> Message : fetchDBSettings()
info: ===> TimeStamp : 2025-08-08 13:40:44===> API : null ===> Message : validateRequest() Invoked!
info: ===> TimeStamp : 2025-08-08 13:40:44===> API : null ===> Message : validRequest() :: Api validated Successfully
info: ===> TimeStamp : 2025-08-08 13:40:44===> API : /api/auth/validateuser ===> Message : validateUser() invoked!!
info: ===> TimeStamp : 2025-08-08 13:40:44===> API : /api/auth/validateuser ===> Message : validateUser() :: Request Object :: [object Object]
info: ===> TimeStamp : 2025-08-08 13:40:44===> API : /api/auth/validateuser ===> Message : validateUserDB() Invoked !
info: ===> TimeStamp : 2025-08-08 13:40:44===> API : /api/auth/validateuser ===> Message : validateUserResponse() invoked!
info: ===> TimeStamp : 2025-08-08 13:40:44===> API : /api/auth/validateuser ===> Message : validateUserResponse() completed
info: ===> TimeStamp : 2025-08-08 13:40:44===> API : null ===> Message : validateRequest() invoked
info: ===> TimeStamp : 2025-08-08 13:40:44===> API : null ===> Message : fetchDBSettings()
info: ===> TimeStamp : 2025-08-08 13:40:44===> API : null ===> Message : validateRequest() Invoked!
info: ===> TimeStamp : 2025-08-08 13:40:44===> API : null ===> Message : validRequest() :: Api validated Successfully
info: ===> TimeStamp : 2025-08-08 13:40:44===> API : /api/auth/login ===> Message : loginUser() invoked!!
info: ===> TimeStamp : 2025-08-08 13:40:44===> API : /api/auth/login ===> Message : loginUser() :: Request Object :: [object Object]
info: ===> TimeStamp : 2025-08-08 13:40:44===> API : /api/auth/login ===> Message : loginUserDB() Invoked !
info: ===> TimeStamp : 2025-08-08 13:40:44===> API : /api/auth/login ===> Message : loginUserResponse() invoked!
info: ===> TimeStamp : 2025-08-08 13:40:44===> API : /api/auth/login ===> Message : loginUserResponse() completed
info: ===> TimeStamp : 2025-08-08 13:51:14===> API : null ===> Message : validateRequest() invoked
info: ===> TimeStamp : 2025-08-08 13:51:14===> API : null ===> Message : fetchDBSettings()
info: ===> TimeStamp : 2025-08-08 13:51:14===> API : null ===> Message : validateRequest() Invoked!
info: ===> TimeStamp : 2025-08-08 13:51:14===> API : null ===> Message : validRequest() :: Api validated Successfully
info: ===> TimeStamp : 2025-08-08 13:51:14===> API : /api/auth/validateuser ===> Message : validateUser() invoked!!
info: ===> TimeStamp : 2025-08-08 13:51:14===> API : /api/auth/validateuser ===> Message : validateUser() :: Request Object :: [object Object]
info: ===> TimeStamp : 2025-08-08 13:51:14===> API : /api/auth/validateuser ===> Message : validateUserDB() Invoked !
info: ===> TimeStamp : 2025-08-08 13:51:14===> API : /api/auth/validateuser ===> Message : validateUserResponse() invoked!
info: ===> TimeStamp : 2025-08-08 13:51:14===> API : /api/auth/validateuser ===> Message : validateUserResponse() completed
info: ===> TimeStamp : 2025-08-08 13:51:15===> API : null ===> Message : validateRequest() invoked
info: ===> TimeStamp : 2025-08-08 13:51:15===> API : null ===> Message : fetchDBSettings()
info: ===> TimeStamp : 2025-08-08 13:51:15===> API : null ===> Message : validateRequest() Invoked!
info: ===> TimeStamp : 2025-08-08 13:51:15===> API : null ===> Message : validRequest() :: Api validated Successfully
info: ===> TimeStamp : 2025-08-08 13:51:15===> API : /api/auth/login ===> Message : loginUser() invoked!!
info: ===> TimeStamp : 2025-08-08 13:51:15===> API : /api/auth/login ===> Message : loginUser() :: Request Object :: [object Object]
info: ===> TimeStamp : 2025-08-08 13:51:15===> API : /api/auth/login ===> Message : loginUserDB() Invoked !
info: ===> TimeStamp : 2025-08-08 13:51:15===> API : /api/auth/login ===> Message : loginUserResponse() invoked!
info: ===> TimeStamp : 2025-08-08 13:51:15===> API : /api/auth/login ===> Message : loginUserResponse() completed
info: ===> TimeStamp : 2025-08-08 14:37:56===> API : null ===> Message : validateRequest() invoked
info: ===> TimeStamp : 2025-08-08 14:37:56===> API : null ===> Message : fetchDBSettings()
info: ===> TimeStamp : 2025-08-08 14:37:56===> API : null ===> Message : validateRequest() Invoked!
info: ===> TimeStamp : 2025-08-08 14:37:56===> API : null ===> Message : validRequest() :: Api validated Successfully
info: ===> TimeStamp : 2025-08-08 14:37:56===> API : /api/auth/logout ===> Message : logoutUser() invoked!!
info: ===> TimeStamp : 2025-08-08 14:37:56===> API : /api/auth/logout ===> Message : logoutUser() :: Request Object :: [object Object]
info: ===> TimeStamp : 2025-08-08 14:37:56===> API : /api/auth/logout ===> Message : logoutUserDB() Invoked !
info: ===> TimeStamp : 2025-08-08 14:37:56===> API : /api/auth/logout ===> Message : logoutUserResponse() invoked!
info: ===> TimeStamp : 2025-08-08 14:37:56===> API : /api/auth/logout ===> Message : logoutUserResponse() completed
info: ===> TimeStamp : 2025-08-08 14:40:09===> API : null ===> Message : validateRequest() invoked
info: ===> TimeStamp : 2025-08-08 14:40:09===> API : null ===> Message : fetchDBSettings()
info: ===> TimeStamp : 2025-08-08 14:40:09===> API : null ===> Message : validateRequest() Invoked!
info: ===> TimeStamp : 2025-08-08 14:40:09===> API : null ===> Message : validRequest() :: Api validated Successfully
info: ===> TimeStamp : 2025-08-08 14:40:09===> API : /api/auth/validateuser ===> Message : validateUser() invoked!!
info: ===> TimeStamp : 2025-08-08 14:40:09===> API : /api/auth/validateuser ===> Message : validateUser() :: Request Object :: [object Object]
info: ===> TimeStamp : 2025-08-08 14:40:09===> API : /api/auth/validateuser ===> Message : validateUserDB() Invoked !
info: ===> TimeStamp : 2025-08-08 14:40:09===> API : /api/auth/validateuser ===> Message : validateUserResponse() invoked!
info: ===> TimeStamp : 2025-08-08 14:40:09===> API : /api/auth/validateuser ===> Message : validateUserResponse() completed
info: ===> TimeStamp : 2025-08-08 14:40:09===> API : null ===> Message : validateRequest() invoked
info: ===> TimeStamp : 2025-08-08 14:40:09===> API : null ===> Message : fetchDBSettings()
info: ===> TimeStamp : 2025-08-08 14:40:09===> API : null ===> Message : validateRequest() Invoked!
info: ===> TimeStamp : 2025-08-08 14:40:09===> API : null ===> Message : validRequest() :: Api validated Successfully
info: ===> TimeStamp : 2025-08-08 14:40:09===> API : /api/auth/login ===> Message : loginUser() invoked!!
info: ===> TimeStamp : 2025-08-08 14:40:09===> API : /api/auth/login ===> Message : loginUser() :: Request Object :: [object Object]
info: ===> TimeStamp : 2025-08-08 14:40:09===> API : /api/auth/login ===> Message : loginUserDB() Invoked !
info: ===> TimeStamp : 2025-08-08 14:40:09===> API : /api/auth/login ===> Message : loginUserResponse() invoked!
info: ===> TimeStamp : 2025-08-08 14:40:09===> API : /api/auth/login ===> Message : loginUserResponse() completed
info: ===> TimeStamp : 2025-08-08 14:49:33===> API : null ===> Message : validateRequest() invoked
info: ===> TimeStamp : 2025-08-08 14:49:33===> API : null ===> Message : fetchDBSettings()
info: ===> TimeStamp : 2025-08-08 14:49:33===> API : null ===> Message : validateRequest() Invoked!
info: ===> TimeStamp : 2025-08-08 14:49:33===> API : null ===> Message : validRequest() :: Api validated Successfully
info: ===> TimeStamp : 2025-08-08 14:49:33===> API : /api/auth/logout ===> Message : logoutUser() invoked!!
info: ===> TimeStamp : 2025-08-08 14:49:33===> API : /api/auth/logout ===> Message : logoutUser() :: Request Object :: [object Object]
info: ===> TimeStamp : 2025-08-08 14:49:33===> API : /api/auth/logout ===> Message : logoutUserDB() Invoked !
info: ===> TimeStamp : 2025-08-08 14:49:33===> API : /api/auth/logout ===> Message : logoutUserResponse() invoked!
info: ===> TimeStamp : 2025-08-08 14:49:33===> API : /api/auth/logout ===> Message : logoutUserResponse() completed
info: ===> TimeStamp : 2025-08-08 14:49:46===> API : null ===> Message : validateRequest() invoked
info: ===> TimeStamp : 2025-08-08 14:49:47===> API : null ===> Message : fetchDBSettings()
info: ===> TimeStamp : 2025-08-08 14:49:47===> API : null ===> Message : validateRequest() Invoked!
info: ===> TimeStamp : 2025-08-08 14:49:47===> API : null ===> Message : validRequest() :: Api validated Successfully
info: ===> TimeStamp : 2025-08-08 14:49:47===> API : /api/auth/validateuser ===> Message : validateUser() invoked!!
info: ===> TimeStamp : 2025-08-08 14:49:47===> API : /api/auth/validateuser ===> Message : validateUser() :: Request Object :: [object Object]
info: ===> TimeStamp : 2025-08-08 14:49:47===> API : /api/auth/validateuser ===> Message : validateUserDB() Invoked !
info: ===> TimeStamp : 2025-08-08 14:49:47===> API : /api/auth/validateuser ===> Message : validateUserResponse() invoked!
info: ===> TimeStamp : 2025-08-08 14:49:47===> API : /api/auth/validateuser ===> Message : validateUserResponse() completed
info: ===> TimeStamp : 2025-08-08 14:49:47===> API : null ===> Message : validateRequest() invoked
info: ===> TimeStamp : 2025-08-08 14:49:47===> API : null ===> Message : fetchDBSettings()
info: ===> TimeStamp : 2025-08-08 14:49:47===> API : null ===> Message : validateRequest() Invoked!
info: ===> TimeStamp : 2025-08-08 14:49:47===> API : null ===> Message : validRequest() :: Api validated Successfully
info: ===> TimeStamp : 2025-08-08 14:49:47===> API : /api/auth/checkIP ===> Message : checkIP() invoked!!
info: ===> TimeStamp : 2025-08-08 14:49:47===> API : /api/auth/checkIP ===> Message : IPs match: 103.255.182.117
info: ===> TimeStamp : 2025-08-08 14:49:47===> API : /api/auth/checkIP ===> Message : checkIPResponse() invoked!
info: ===> TimeStamp : 2025-08-08 14:49:47===> API : /api/auth/checkIP ===> Message : checkIPResponse() completed
info: ===> TimeStamp : 2025-08-08 14:49:47===> API : null ===> Message : validateRequest() invoked
info: ===> TimeStamp : 2025-08-08 14:49:47===> API : null ===> Message : fetchDBSettings()
info: ===> TimeStamp : 2025-08-08 14:49:47===> API : null ===> Message : validateRequest() Invoked!
info: ===> TimeStamp : 2025-08-08 14:49:47===> API : null ===> Message : validRequest() :: Api validated Successfully
info: ===> TimeStamp : 2025-08-08 14:49:47===> API : /api/auth/login ===> Message : loginUser() invoked!!
info: ===> TimeStamp : 2025-08-08 14:49:47===> API : /api/auth/login ===> Message : loginUser() :: Request Object :: [object Object]
info: ===> TimeStamp : 2025-08-08 14:49:47===> API : /api/auth/login ===> Message : loginUserDB() Invoked !
info: ===> TimeStamp : 2025-08-08 14:49:47===> API : /api/auth/login ===> Message : loginUserResponse() invoked!
info: ===> TimeStamp : 2025-08-08 14:49:47===> API : /api/auth/login ===> Message : loginUserResponse() completed
info: ===> TimeStamp : 2025-08-08 14:58:06===> API : null ===> Message : validateRequest() invoked
info: ===> TimeStamp : 2025-08-08 14:58:06===> API : null ===> Message : fetchDBSettings()
info: ===> TimeStamp : 2025-08-08 14:58:06===> API : null ===> Message : validateRequest() Invoked!
info: ===> TimeStamp : 2025-08-08 14:58:06===> API : null ===> Message : validateRequest() :: Error :: Helper {"code":"ER_SIGNAL_EXCEPTION","errno":1644,"sqlState":"10003","sqlMessage":"Invalid User Credentials","sql":"CALL usp_validate_request(\n              '/api/auth/logout',\n              'eyJhbGciOiJIUzI1NiIsInR5cCI6IkpXVCJ9.eyJ0aW1lIjoiRnJpIEF1ZyAwOCAyMDI1IDAxOjI5OjIxIEdNVCswMDAwIChDb29yZGluYXRlZCBVbml2ZXJzYWwgVGltZSkiLCJ1c2VySWQiOjE0LCJpYXQiOjE3NTQ2MTY1NjF9.RBwuOmV9H0wiM0l9bvQwL3fBoOEriT3NZbeWvaMYfpo')"}
info: ===> TimeStamp : 2025-08-08 14:58:06===> API : null ===> Message : validateRequest() :: Error :: PP {"ErrorCode":10003,"ErrorMessage":"Invalid User Credentials"}
info: ===> TimeStamp : 2025-08-08 14:58:10===> API : null ===> Message : validateRequest() invoked
info: ===> TimeStamp : 2025-08-08 14:58:10===> API : null ===> Message : fetchDBSettings()
info: ===> TimeStamp : 2025-08-08 14:58:10===> API : null ===> Message : validateRequest() Invoked!
info: ===> TimeStamp : 2025-08-08 14:58:10===> API : null ===> Message : validateRequest() :: Error :: Helper {"code":"ER_SIGNAL_EXCEPTION","errno":1644,"sqlState":"10003","sqlMessage":"Invalid User Credentials","sql":"CALL usp_validate_request(\n              '/api/auth/logout',\n              'eyJhbGciOiJIUzI1NiIsInR5cCI6IkpXVCJ9.eyJ0aW1lIjoiRnJpIEF1ZyAwOCAyMDI1IDAxOjI5OjIxIEdNVCswMDAwIChDb29yZGluYXRlZCBVbml2ZXJzYWwgVGltZSkiLCJ1c2VySWQiOjE0LCJpYXQiOjE3NTQ2MTY1NjF9.RBwuOmV9H0wiM0l9bvQwL3fBoOEriT3NZbeWvaMYfpo')"}
info: ===> TimeStamp : 2025-08-08 14:58:10===> API : null ===> Message : validateRequest() :: Error :: PP {"ErrorCode":10003,"ErrorMessage":"Invalid User Credentials"}
info: ===> TimeStamp : 2025-08-08 14:59:33===> API : null ===> Message : validateRequest() invoked
info: ===> TimeStamp : 2025-08-08 14:59:33===> API : null ===> Message : fetchDBSettings()
info: ===> TimeStamp : 2025-08-08 14:59:33===> API : null ===> Message : validateRequest() Invoked!
info: ===> TimeStamp : 2025-08-08 14:59:33===> API : null ===> Message : validRequest() :: Api validated Successfully
info: ===> TimeStamp : 2025-08-08 14:59:33===> API : /api/auth/validateuser ===> Message : validateUser() invoked!!
info: ===> TimeStamp : 2025-08-08 14:59:33===> API : /api/auth/validateuser ===> Message : validateUser() :: Request Object :: [object Object]
info: ===> TimeStamp : 2025-08-08 14:59:33===> API : /api/auth/validateuser ===> Message : validateUserDB() Invoked !
info: ===> TimeStamp : 2025-08-08 14:59:33===> API : /api/auth/validateuser ===> Message : validateUserResponse() invoked!
info: ===> TimeStamp : 2025-08-08 14:59:33===> API : /api/auth/validateuser ===> Message : validateUserResponse() completed
info: ===> TimeStamp : 2025-08-08 14:59:33===> API : null ===> Message : validateRequest() invoked
info: ===> TimeStamp : 2025-08-08 14:59:33===> API : null ===> Message : fetchDBSettings()
info: ===> TimeStamp : 2025-08-08 14:59:33===> API : null ===> Message : validateRequest() Invoked!
info: ===> TimeStamp : 2025-08-08 14:59:33===> API : null ===> Message : validRequest() :: Api validated Successfully
info: ===> TimeStamp : 2025-08-08 14:59:33===> API : /api/auth/checkIP ===> Message : checkIP() invoked!!
info: ===> TimeStamp : 2025-08-08 14:59:33===> API : /api/auth/checkIP ===> Message : IPs match: 103.255.182.117
info: ===> TimeStamp : 2025-08-08 14:59:33===> API : /api/auth/checkIP ===> Message : checkIPResponse() invoked!
info: ===> TimeStamp : 2025-08-08 14:59:33===> API : /api/auth/checkIP ===> Message : checkIPResponse() completed
info: ===> TimeStamp : 2025-08-08 14:59:33===> API : null ===> Message : validateRequest() invoked
info: ===> TimeStamp : 2025-08-08 14:59:33===> API : null ===> Message : fetchDBSettings()
info: ===> TimeStamp : 2025-08-08 14:59:33===> API : null ===> Message : validateRequest() Invoked!
info: ===> TimeStamp : 2025-08-08 14:59:33===> API : null ===> Message : validRequest() :: Api validated Successfully
info: ===> TimeStamp : 2025-08-08 14:59:33===> API : /api/auth/login ===> Message : loginUser() invoked!!
info: ===> TimeStamp : 2025-08-08 14:59:33===> API : /api/auth/login ===> Message : loginUser() :: Request Object :: [object Object]
info: ===> TimeStamp : 2025-08-08 14:59:33===> API : /api/auth/login ===> Message : loginUserDB() Invoked !
info: ===> TimeStamp : 2025-08-08 14:59:33===> API : /api/auth/login ===> Message : loginUserResponse() invoked!
info: ===> TimeStamp : 2025-08-08 14:59:33===> API : /api/auth/login ===> Message : loginUserResponse() completed
info: ===> TimeStamp : 2025-08-08 16:39:29===> API : null ===> Message : validateRequest() invoked
info: ===> TimeStamp : 2025-08-08 16:39:29===> API : null ===> Message : validateRequest() Error:: Invalid Request :: 
      {"apiUri":"/"}
info: ===> TimeStamp : 2025-08-08 17:22:22===> API : null ===> Message : validateRequest() invoked
info: ===> TimeStamp : 2025-08-08 17:22:22===> API : null ===> Message : fetchDBSettings()
info: ===> TimeStamp : 2025-08-08 17:22:22===> API : null ===> Message : validateRequest() Invoked!
info: ===> TimeStamp : 2025-08-08 17:22:22===> API : null ===> Message : validRequest() :: Api validated Successfully
info: ===> TimeStamp : 2025-08-08 17:22:22===> API : /api/auth/validateuser ===> Message : validateUser() :: Request Object :: [object Object]
info: ===> TimeStamp : 2025-08-08 17:22:22===> API : /api/auth/validateuser ===> Message : validateUser() invoked!!
info: ===> TimeStamp : 2025-08-08 17:22:22===> API : /api/auth/validateuser ===> Message : validateUserDB() Invoked !
info: ===> TimeStamp : 2025-08-08 17:22:22===> API : /api/auth/validateuser ===> Message : validateUserResponse() invoked!
info: ===> TimeStamp : 2025-08-08 17:22:22===> API : /api/auth/validateuser ===> Message : validateUserResponse() completed
info: ===> TimeStamp : 2025-08-08 17:22:22===> API : null ===> Message : validateRequest() invoked
info: ===> TimeStamp : 2025-08-08 17:22:22===> API : null ===> Message : fetchDBSettings()
info: ===> TimeStamp : 2025-08-08 17:22:22===> API : null ===> Message : validateRequest() Invoked!
info: ===> TimeStamp : 2025-08-08 17:22:22===> API : null ===> Message : validRequest() :: Api validated Successfully
info: ===> TimeStamp : 2025-08-08 17:22:22===> API : /api/auth/login ===> Message : loginUser() invoked!!
info: ===> TimeStamp : 2025-08-08 17:22:22===> API : /api/auth/login ===> Message : loginUser() :: Request Object :: [object Object]
info: ===> TimeStamp : 2025-08-08 17:22:22===> API : /api/auth/login ===> Message : loginUserDB() Invoked !
info: ===> TimeStamp : 2025-08-08 17:22:22===> API : /api/auth/login ===> Message : loginUserResponse() invoked!
info: ===> TimeStamp : 2025-08-08 17:22:22===> API : /api/auth/login ===> Message : loginUserResponse() completed
info: ===> TimeStamp : 2025-08-08 17:45:07===> API : null ===> Message : validateRequest() invoked
info: ===> TimeStamp : 2025-08-08 17:45:07===> API : null ===> Message : validateRequest() Error:: Invalid Request :: 
      {"apiUri":"/"}
info: ===> TimeStamp : 2025-08-08 18:41:27===> API : null ===> Message : validateRequest() Error:: Invalid Request :: 
      {"apiUri":"/robots.txt"}
info: ===> TimeStamp : 2025-08-08 18:41:27===> API : null ===> Message : validateRequest() invoked
info: ===> TimeStamp : 2025-08-08 18:41:29===> API : null ===> Message : validateRequest() invoked
info: ===> TimeStamp : 2025-08-08 18:41:29===> API : null ===> Message : validateRequest() Error:: Invalid Request :: 
      {"apiUri":"/"}
info: ===> TimeStamp : 2025-08-08 18:45:37===> API : null ===> Message : validateRequest() invoked
info: ===> TimeStamp : 2025-08-08 18:45:37===> API : null ===> Message : validateRequest() Error:: Invalid Request :: 
      {"apiUri":"/pdown"}
info: ===> TimeStamp : 2025-08-08 19:11:52===> API : null ===> Message : validateRequest() invoked
info: ===> TimeStamp : 2025-08-08 19:11:52===> API : null ===> Message : fetchDBSettings()
info: ===> TimeStamp : 2025-08-08 19:11:52===> API : null ===> Message : validateRequest() Invoked!
info: ===> TimeStamp : 2025-08-08 19:11:52===> API : null ===> Message : validRequest() :: Api validated Successfully
info: ===> TimeStamp : 2025-08-08 19:11:52===> API : /api/auth/validateuser ===> Message : validateUser() :: Request Object :: [object Object]
info: ===> TimeStamp : 2025-08-08 19:11:52===> API : /api/auth/validateuser ===> Message : validateUser() invoked!!
info: ===> TimeStamp : 2025-08-08 19:11:52===> API : /api/auth/validateuser ===> Message : validateUserDB() Invoked !
info: ===> TimeStamp : 2025-08-08 19:11:52===> API : /api/auth/validateuser ===> Message : validateUserResponse() invoked!
info: ===> TimeStamp : 2025-08-08 19:11:52===> API : /api/auth/validateuser ===> Message : validateUserResponse() completed
info: ===> TimeStamp : 2025-08-08 19:11:52===> API : null ===> Message : validateRequest() invoked
info: ===> TimeStamp : 2025-08-08 19:11:52===> API : null ===> Message : fetchDBSettings()
info: ===> TimeStamp : 2025-08-08 19:11:52===> API : null ===> Message : validateRequest() Invoked!
info: ===> TimeStamp : 2025-08-08 19:11:52===> API : null ===> Message : validRequest() :: Api validated Successfully
info: ===> TimeStamp : 2025-08-08 19:11:52===> API : /api/auth/login ===> Message : loginUser() invoked!!
info: ===> TimeStamp : 2025-08-08 19:11:52===> API : /api/auth/login ===> Message : loginUser() :: Request Object :: [object Object]
info: ===> TimeStamp : 2025-08-08 19:11:52===> API : /api/auth/login ===> Message : loginUserDB() Invoked !
info: ===> TimeStamp : 2025-08-08 19:11:52===> API : /api/auth/login ===> Message : loginUserResponse() invoked!
info: ===> TimeStamp : 2025-08-08 19:11:52===> API : /api/auth/login ===> Message : loginUserResponse() completed
info: ===> TimeStamp : 2025-08-08 19:28:24===> API : null ===> Message : validateRequest() invoked
info: ===> TimeStamp : 2025-08-08 19:28:24===> API : null ===> Message : validateRequest() Error:: Invalid Request :: 
      {"apiUri":"/"}
info: ===> TimeStamp : 2025-08-08 19:28:30===> API : null ===> Message : validateRequest() invoked
info: ===> TimeStamp : 2025-08-08 19:28:30===> API : null ===> Message : validateRequest() Error:: Invalid Request :: 
      {"apiUri":"/"}
info: ===> TimeStamp : 2025-08-08 19:28:32===> API : null ===> Message : validateRequest() invoked
info: ===> TimeStamp : 2025-08-08 19:28:32===> API : null ===> Message : validateRequest() Error:: Invalid Request :: 
      {"apiUri":"/@vite/env"}
info: ===> TimeStamp : 2025-08-08 19:28:33===> API : null ===> Message : validateRequest() invoked
info: ===> TimeStamp : 2025-08-08 19:28:33===> API : null ===> Message : validateRequest() Error:: Invalid Request :: 
      {"apiUri":"/actuator/env"}
info: ===> TimeStamp : 2025-08-08 19:28:33===> API : null ===> Message : validateRequest() invoked
info: ===> TimeStamp : 2025-08-08 19:28:33===> API : null ===> Message : validateRequest() Error:: Invalid Request :: 
      {"apiUri":"/php-cgi/php-cgi.exe"}
info: ===> TimeStamp : 2025-08-08 19:28:34===> API : null ===> Message : validateRequest() invoked
info: ===> TimeStamp : 2025-08-08 19:28:34===> API : null ===> Message : validateRequest() Error:: Invalid Request :: 
      {"apiUri":"/server"}
info: ===> TimeStamp : 2025-08-08 19:28:35===> API : null ===> Message : validateRequest() invoked
info: ===> TimeStamp : 2025-08-08 19:28:35===> API : null ===> Message : validateRequest() Error:: Invalid Request :: 
      {"apiUri":"/.vscode/sftp.json"}
info: ===> TimeStamp : 2025-08-08 19:28:36===> API : null ===> Message : validateRequest() invoked
info: ===> TimeStamp : 2025-08-08 19:28:36===> API : null ===> Message : validateRequest() Error:: Invalid Request :: 
      {"apiUri":"/about"}
info: ===> TimeStamp : 2025-08-08 19:28:37===> API : null ===> Message : validateRequest() invoked
info: ===> TimeStamp : 2025-08-08 19:28:37===> API : null ===> Message : validateRequest() Error:: Invalid Request :: 
      {"apiUri":"/debug/default/view"}
info: ===> TimeStamp : 2025-08-08 19:28:37===> API : null ===> Message : validateRequest() invoked
info: ===> TimeStamp : 2025-08-08 19:28:37===> API : null ===> Message : validateRequest() Error:: Invalid Request :: 
      {"apiUri":"/v2/_catalog"}
info: ===> TimeStamp : 2025-08-08 19:28:39===> API : null ===> Message : validateRequest() invoked
info: ===> TimeStamp : 2025-08-08 19:28:39===> API : null ===> Message : validateRequest() Error:: Invalid Request :: 
      {"apiUri":"/ecp/Current/exporttool/microsoft.exchange.ediscovery.exporttool.application"}
info: ===> TimeStamp : 2025-08-08 19:28:40===> API : null ===> Message : validateRequest() invoked
info: ===> TimeStamp : 2025-08-08 19:28:40===> API : null ===> Message : validateRequest() Error:: Invalid Request :: 
      {"apiUri":"/server-status"}
info: ===> TimeStamp : 2025-08-08 19:28:41===> API : null ===> Message : validateRequest() invoked
info: ===> TimeStamp : 2025-08-08 19:28:41===> API : null ===> Message : validateRequest() Error:: Invalid Request :: 
      {"apiUri":"/login.action"}
info: ===> TimeStamp : 2025-08-08 19:28:41===> API : null ===> Message : validateRequest() invoked
info: ===> TimeStamp : 2025-08-08 19:28:41===> API : null ===> Message : validateRequest() Error:: Invalid Request :: 
      {"apiUri":"/_all_dbs"}
info: ===> TimeStamp : 2025-08-08 19:28:42===> API : null ===> Message : validateRequest() invoked
info: ===> TimeStamp : 2025-08-08 19:28:42===> API : null ===> Message : validateRequest() Error:: Invalid Request :: 
      {"apiUri":"/.DS_Store"}
info: ===> TimeStamp : 2025-08-08 19:28:43===> API : null ===> Message : validateRequest() invoked
info: ===> TimeStamp : 2025-08-08 19:28:43===> API : null ===> Message : validateRequest() Error:: Invalid Request :: 
      {"apiUri":"/.env"}
info: ===> TimeStamp : 2025-08-08 19:28:45===> API : null ===> Message : validateRequest() invoked
info: ===> TimeStamp : 2025-08-08 19:28:45===> API : null ===> Message : validateRequest() Error:: Invalid Request :: 
      {"apiUri":"/.git/config"}
info: ===> TimeStamp : 2025-08-08 19:28:45===> API : null ===> Message : validateRequest() invoked
info: ===> TimeStamp : 2025-08-08 19:28:45===> API : null ===> Message : validateRequest() Error:: Invalid Request :: 
      {"apiUri":"/s/535313e27313e273e233/_/;/META-INF/maven/com.atlassian.jira/jira-webapp-dist/pom.properties"}
info: ===> TimeStamp : 2025-08-08 19:28:46===> API : null ===> Message : validateRequest() invoked
info: ===> TimeStamp : 2025-08-08 19:28:46===> API : null ===> Message : validateRequest() Error:: Invalid Request :: 
      {"apiUri":"/config.json"}
info: ===> TimeStamp : 2025-08-08 19:28:46===> API : null ===> Message : validateRequest() invoked
info: ===> TimeStamp : 2025-08-08 19:28:46===> API : null ===> Message : validateRequest() Error:: Invalid Request :: 
      {"apiUri":"/telescope/requests"}
info: ===> TimeStamp : 2025-08-08 19:28:47===> API : null ===> Message : validateRequest() invoked
info: ===> TimeStamp : 2025-08-08 19:28:47===> API : null ===> Message : validateRequest() Error:: Invalid Request :: 
      {"apiUri":"/info.php"}
info: ===> TimeStamp : 2025-08-08 19:28:48===> API : null ===> Message : validateRequest() invoked
info: ===> TimeStamp : 2025-08-08 19:28:48===> API : null ===> Message : validateRequest() Error:: Invalid Request :: 
      {"apiUri":"/"}
info: ===> TimeStamp : 2025-08-08 19:36:06===> API : null ===> Message : validateRequest() invoked
info: ===> TimeStamp : 2025-08-08 19:36:06===> API : null ===> Message : fetchDBSettings()
info: ===> TimeStamp : 2025-08-08 19:36:06===> API : null ===> Message : validateRequest() Invoked!
info: ===> TimeStamp : 2025-08-08 19:36:06===> API : null ===> Message : validRequest() :: Api validated Successfully
info: ===> TimeStamp : 2025-08-08 19:36:06===> API : /api/auth/validateuser ===> Message : validateUser() invoked!!
info: ===> TimeStamp : 2025-08-08 19:36:06===> API : /api/auth/validateuser ===> Message : validateUser() :: Request Object :: [object Object]
info: ===> TimeStamp : 2025-08-08 19:36:06===> API : /api/auth/validateuser ===> Message : validateUserDB() Invoked !
info: ===> TimeStamp : 2025-08-08 19:36:06===> API : /api/auth/validateuser ===> Message : validateUserResponse() invoked!
info: ===> TimeStamp : 2025-08-08 19:36:06===> API : /api/auth/validateuser ===> Message : validateUserResponse() completed
info: ===> TimeStamp : 2025-08-08 19:36:06===> API : null ===> Message : validateRequest() invoked
info: ===> TimeStamp : 2025-08-08 19:36:06===> API : null ===> Message : fetchDBSettings()
info: ===> TimeStamp : 2025-08-08 19:36:06===> API : null ===> Message : validateRequest() Invoked!
info: ===> TimeStamp : 2025-08-08 19:36:06===> API : null ===> Message : validRequest() :: Api validated Successfully
info: ===> TimeStamp : 2025-08-08 19:36:06===> API : /api/auth/login ===> Message : loginUser() invoked!!
info: ===> TimeStamp : 2025-08-08 19:36:06===> API : /api/auth/login ===> Message : loginUser() :: Request Object :: [object Object]
info: ===> TimeStamp : 2025-08-08 19:36:06===> API : /api/auth/login ===> Message : loginUserDB() Invoked !
info: ===> TimeStamp : 2025-08-08 19:36:06===> API : /api/auth/login ===> Message : loginUserResponse() invoked!
info: ===> TimeStamp : 2025-08-08 19:36:06===> API : /api/auth/login ===> Message : loginUserResponse() completed
info: ===> TimeStamp : 2025-08-08 20:04:00===> API : null ===> Message : validateRequest() invoked
info: ===> TimeStamp : 2025-08-08 20:04:00===> API : null ===> Message : fetchDBSettings()
info: ===> TimeStamp : 2025-08-08 20:04:00===> API : null ===> Message : validateRequest() Invoked!
info: ===> TimeStamp : 2025-08-08 20:04:00===> API : null ===> Message : validRequest() :: Api validated Successfully
info: ===> TimeStamp : 2025-08-08 20:04:00===> API : /api/auth/validateuser ===> Message : validateUser() invoked!!
info: ===> TimeStamp : 2025-08-08 20:04:00===> API : /api/auth/validateuser ===> Message : validateUser() :: Request Object :: [object Object]
info: ===> TimeStamp : 2025-08-08 20:04:00===> API : /api/auth/validateuser ===> Message : validateUserDB() Invoked !
info: ===> TimeStamp : 2025-08-08 20:04:00===> API : /api/auth/validateuser ===> Message : validateUserResponse() invoked!
info: ===> TimeStamp : 2025-08-08 20:04:00===> API : /api/auth/validateuser ===> Message : validateUserResponse() completed
info: ===> TimeStamp : 2025-08-08 20:04:00===> API : null ===> Message : validateRequest() invoked
info: ===> TimeStamp : 2025-08-08 20:04:00===> API : null ===> Message : fetchDBSettings()
info: ===> TimeStamp : 2025-08-08 20:04:00===> API : null ===> Message : validateRequest() Invoked!
info: ===> TimeStamp : 2025-08-08 20:04:00===> API : null ===> Message : validRequest() :: Api validated Successfully
info: ===> TimeStamp : 2025-08-08 20:04:00===> API : /api/auth/login ===> Message : loginUser() :: Request Object :: [object Object]
info: ===> TimeStamp : 2025-08-08 20:04:00===> API : /api/auth/login ===> Message : loginUser() invoked!!
info: ===> TimeStamp : 2025-08-08 20:04:00===> API : /api/auth/login ===> Message : loginUserDB() Invoked !
info: ===> TimeStamp : 2025-08-08 20:04:00===> API : /api/auth/login ===> Message : loginUserResponse() invoked!
info: ===> TimeStamp : 2025-08-08 20:04:00===> API : /api/auth/login ===> Message : loginUserResponse() completed
info: ===> TimeStamp : 2025-08-08 21:32:12===> API : null ===> Message : validateRequest() invoked
info: ===> TimeStamp : 2025-08-08 21:32:12===> API : null ===> Message : fetchDBSettings()
info: ===> TimeStamp : 2025-08-08 21:32:12===> API : null ===> Message : validateRequest() Invoked!
info: ===> TimeStamp : 2025-08-08 21:32:12===> API : null ===> Message : validRequest() :: Api validated Successfully
info: ===> TimeStamp : 2025-08-08 21:32:12===> API : /api/auth/validateuser ===> Message : validateUser() invoked!!
info: ===> TimeStamp : 2025-08-08 21:32:12===> API : /api/auth/validateuser ===> Message : validateUser() :: Request Object :: [object Object]
info: ===> TimeStamp : 2025-08-08 21:32:12===> API : /api/auth/validateuser ===> Message : validateUserDB() Invoked !
info: ===> TimeStamp : 2025-08-08 21:32:12===> API : /api/auth/validateuser ===> Message : validateUserResponse() invoked!
info: ===> TimeStamp : 2025-08-08 21:32:12===> API : /api/auth/validateuser ===> Message : validateUserResponse() completed
info: ===> TimeStamp : 2025-08-08 21:32:12===> API : null ===> Message : validateRequest() invoked
info: ===> TimeStamp : 2025-08-08 21:32:12===> API : null ===> Message : fetchDBSettings()
info: ===> TimeStamp : 2025-08-08 21:32:12===> API : null ===> Message : validateRequest() Invoked!
info: ===> TimeStamp : 2025-08-08 21:32:12===> API : null ===> Message : validRequest() :: Api validated Successfully
info: ===> TimeStamp : 2025-08-08 21:32:12===> API : /api/auth/login ===> Message : loginUser() invoked!!
info: ===> TimeStamp : 2025-08-08 21:32:12===> API : /api/auth/login ===> Message : loginUser() :: Request Object :: [object Object]
info: ===> TimeStamp : 2025-08-08 21:32:12===> API : /api/auth/login ===> Message : loginUserDB() Invoked !
info: ===> TimeStamp : 2025-08-08 21:32:12===> API : /api/auth/login ===> Message : loginUserResponse() invoked!
info: ===> TimeStamp : 2025-08-08 21:32:12===> API : /api/auth/login ===> Message : loginUserResponse() completed
info: ===> TimeStamp : 2025-08-08 21:45:51===> API : null ===> Message : validateRequest() invoked
info: ===> TimeStamp : 2025-08-08 21:45:51===> API : null ===> Message : fetchDBSettings()
info: ===> TimeStamp : 2025-08-08 21:45:51===> API : null ===> Message : validateRequest() Invoked!
info: ===> TimeStamp : 2025-08-08 21:45:51===> API : null ===> Message : validRequest() :: Api validated Successfully
info: ===> TimeStamp : 2025-08-08 21:45:51===> API : /api/auth/validateuser ===> Message : validateUser() invoked!!
info: ===> TimeStamp : 2025-08-08 21:45:51===> API : /api/auth/validateuser ===> Message : validateUser() :: Request Object :: [object Object]
info: ===> TimeStamp : 2025-08-08 21:45:51===> API : /api/auth/validateuser ===> Message : validateUserDB() Invoked !
info: ===> TimeStamp : 2025-08-08 21:45:51===> API : /api/auth/validateuser ===> Message : validateUserResponse() invoked!
info: ===> TimeStamp : 2025-08-08 21:45:51===> API : /api/auth/validateuser ===> Message : validateUserResponse() completed
info: ===> TimeStamp : 2025-08-08 21:45:52===> API : null ===> Message : validateRequest() invoked
info: ===> TimeStamp : 2025-08-08 21:45:52===> API : null ===> Message : fetchDBSettings()
info: ===> TimeStamp : 2025-08-08 21:45:52===> API : null ===> Message : validateRequest() Invoked!
info: ===> TimeStamp : 2025-08-08 21:45:52===> API : null ===> Message : validRequest() :: Api validated Successfully
info: ===> TimeStamp : 2025-08-08 21:45:52===> API : /api/auth/login ===> Message : loginUser() :: Request Object :: [object Object]
info: ===> TimeStamp : 2025-08-08 21:45:52===> API : /api/auth/login ===> Message : loginUserDB() Invoked !
info: ===> TimeStamp : 2025-08-08 21:45:52===> API : /api/auth/login ===> Message : loginUser() invoked!!
info: ===> TimeStamp : 2025-08-08 21:45:52===> API : /api/auth/login ===> Message : loginUserResponse() invoked!
info: ===> TimeStamp : 2025-08-08 21:45:52===> API : /api/auth/login ===> Message : loginUserResponse() completed
info: ===> TimeStamp : 2025-08-08 21:48:56===> API : null ===> Message : validateRequest() invoked
info: ===> TimeStamp : 2025-08-08 21:48:56===> API : null ===> Message : fetchDBSettings()
info: ===> TimeStamp : 2025-08-08 21:48:56===> API : null ===> Message : validateRequest() Invoked!
info: ===> TimeStamp : 2025-08-08 21:48:56===> API : null ===> Message : validRequest() :: Api validated Successfully
info: ===> TimeStamp : 2025-08-08 21:48:56===> API : /api/auth/logout ===> Message : logoutUser() invoked!!
info: ===> TimeStamp : 2025-08-08 21:48:56===> API : /api/auth/logout ===> Message : logoutUser() :: Request Object :: [object Object]
info: ===> TimeStamp : 2025-08-08 21:48:56===> API : /api/auth/logout ===> Message : logoutUserDB() Invoked !
info: ===> TimeStamp : 2025-08-08 21:48:56===> API : /api/auth/logout ===> Message : logoutUserResponse() invoked!
info: ===> TimeStamp : 2025-08-08 21:48:56===> API : /api/auth/logout ===> Message : logoutUserResponse() completed
info: ===> TimeStamp : 2025-08-08 21:50:19===> API : null ===> Message : validateRequest() invoked
info: ===> TimeStamp : 2025-08-08 21:50:19===> API : null ===> Message : fetchDBSettings()
info: ===> TimeStamp : 2025-08-08 21:50:19===> API : null ===> Message : validateRequest() Invoked!
info: ===> TimeStamp : 2025-08-08 21:50:19===> API : null ===> Message : validRequest() :: Api validated Successfully
info: ===> TimeStamp : 2025-08-08 21:50:19===> API : /api/auth/logout ===> Message : logoutUser() :: Request Object :: [object Object]
info: ===> TimeStamp : 2025-08-08 21:50:19===> API : /api/auth/logout ===> Message : logoutUser() invoked!!
info: ===> TimeStamp : 2025-08-08 21:50:19===> API : /api/auth/logout ===> Message : logoutUserDB() Invoked !
info: ===> TimeStamp : 2025-08-08 21:50:19===> API : /api/auth/logout ===> Message : logoutUserResponse() invoked!
info: ===> TimeStamp : 2025-08-08 21:50:19===> API : /api/auth/logout ===> Message : logoutUserResponse() completed
info: ===> TimeStamp : 2025-08-08 21:50:30===> API : null ===> Message : validateRequest() invoked
info: ===> TimeStamp : 2025-08-08 21:50:30===> API : null ===> Message : fetchDBSettings()
info: ===> TimeStamp : 2025-08-08 21:50:30===> API : null ===> Message : validateRequest() Invoked!
info: ===> TimeStamp : 2025-08-08 21:50:30===> API : /api/auth/validateuser ===> Message : validateUser() invoked!!
info: ===> TimeStamp : 2025-08-08 21:50:30===> API : null ===> Message : validRequest() :: Api validated Successfully
info: ===> TimeStamp : 2025-08-08 21:50:30===> API : /api/auth/validateuser ===> Message : validateUser() :: Request Object :: [object Object]
info: ===> TimeStamp : 2025-08-08 21:50:30===> API : /api/auth/validateuser ===> Message : validateUserDB() Invoked !
info: ===> TimeStamp : 2025-08-08 21:50:30===> API : /api/auth/validateuser ===> Message : validateUserResponse() invoked!
info: ===> TimeStamp : 2025-08-08 21:50:30===> API : /api/auth/validateuser ===> Message : validateUserResponse() completed
info: ===> TimeStamp : 2025-08-08 21:50:30===> API : null ===> Message : validateRequest() invoked
info: ===> TimeStamp : 2025-08-08 21:50:30===> API : null ===> Message : fetchDBSettings()
info: ===> TimeStamp : 2025-08-08 21:50:30===> API : null ===> Message : validateRequest() Invoked!
info: ===> TimeStamp : 2025-08-08 21:50:30===> API : null ===> Message : validRequest() :: Api validated Successfully
info: ===> TimeStamp : 2025-08-08 21:50:30===> API : /api/auth/checkIP ===> Message : checkIP() invoked!!
info: ===> TimeStamp : 2025-08-08 21:50:30===> API : /api/auth/checkIP ===> Message : IPs match: 103.255.182.117
info: ===> TimeStamp : 2025-08-08 21:50:30===> API : /api/auth/checkIP ===> Message : checkIPResponse() invoked!
info: ===> TimeStamp : 2025-08-08 21:50:30===> API : /api/auth/checkIP ===> Message : checkIPResponse() completed
info: ===> TimeStamp : 2025-08-08 21:50:30===> API : null ===> Message : validateRequest() invoked
info: ===> TimeStamp : 2025-08-08 21:50:30===> API : null ===> Message : fetchDBSettings()
info: ===> TimeStamp : 2025-08-08 21:50:30===> API : null ===> Message : validateRequest() Invoked!
info: ===> TimeStamp : 2025-08-08 21:50:30===> API : null ===> Message : validRequest() :: Api validated Successfully
info: ===> TimeStamp : 2025-08-08 21:50:30===> API : /api/auth/login ===> Message : loginUser() invoked!!
info: ===> TimeStamp : 2025-08-08 21:50:30===> API : /api/auth/login ===> Message : loginUser() :: Request Object :: [object Object]
info: ===> TimeStamp : 2025-08-08 21:50:30===> API : /api/auth/login ===> Message : loginUserDB() Invoked !
info: ===> TimeStamp : 2025-08-08 21:50:30===> API : /api/auth/login ===> Message : loginUserResponse() invoked!
info: ===> TimeStamp : 2025-08-08 21:50:30===> API : /api/auth/login ===> Message : loginUserResponse() completed
info: ===> TimeStamp : 2025-08-08 21:51:15===> API : null ===> Message : validateRequest() invoked
info: ===> TimeStamp : 2025-08-08 21:51:15===> API : null ===> Message : fetchDBSettings()
info: ===> TimeStamp : 2025-08-08 21:51:16===> API : null ===> Message : validateRequest() Invoked!
info: ===> TimeStamp : 2025-08-08 21:51:16===> API : null ===> Message : validRequest() :: Api validated Successfully
info: ===> TimeStamp : 2025-08-08 21:51:16===> API : /api/auth/validateuser ===> Message : validateUser() invoked!!
info: ===> TimeStamp : 2025-08-08 21:51:16===> API : /api/auth/validateuser ===> Message : validateUser() :: Request Object :: [object Object]
info: ===> TimeStamp : 2025-08-08 21:51:16===> API : /api/auth/validateuser ===> Message : validateUserDB() Invoked !
info: ===> TimeStamp : 2025-08-08 21:51:16===> API : /api/auth/validateuser ===> Message : validateUserResponse() invoked!
info: ===> TimeStamp : 2025-08-08 21:51:16===> API : /api/auth/validateuser ===> Message : validateUserResponse() completed
info: ===> TimeStamp : 2025-08-08 21:51:16===> API : null ===> Message : validateRequest() invoked
info: ===> TimeStamp : 2025-08-08 21:51:16===> API : null ===> Message : fetchDBSettings()
info: ===> TimeStamp : 2025-08-08 21:51:16===> API : null ===> Message : validateRequest() Invoked!
info: ===> TimeStamp : 2025-08-08 21:51:16===> API : null ===> Message : validRequest() :: Api validated Successfully
info: ===> TimeStamp : 2025-08-08 21:51:16===> API : /api/auth/checkIP ===> Message : checkIP() invoked!!
info: ===> TimeStamp : 2025-08-08 21:51:16===> API : /api/auth/checkIP ===> Message : IPs match: 103.255.182.117
info: ===> TimeStamp : 2025-08-08 21:51:16===> API : /api/auth/checkIP ===> Message : checkIPResponse() invoked!
info: ===> TimeStamp : 2025-08-08 21:51:16===> API : /api/auth/checkIP ===> Message : checkIPResponse() completed
info: ===> TimeStamp : 2025-08-08 21:51:16===> API : null ===> Message : validateRequest() invoked
info: ===> TimeStamp : 2025-08-08 21:51:16===> API : null ===> Message : fetchDBSettings()
info: ===> TimeStamp : 2025-08-08 21:51:16===> API : null ===> Message : validateRequest() Invoked!
info: ===> TimeStamp : 2025-08-08 21:51:16===> API : null ===> Message : validRequest() :: Api validated Successfully
info: ===> TimeStamp : 2025-08-08 21:51:16===> API : /api/auth/login ===> Message : loginUser() invoked!!
info: ===> TimeStamp : 2025-08-08 21:51:16===> API : /api/auth/login ===> Message : loginUser() :: Request Object :: [object Object]
info: ===> TimeStamp : 2025-08-08 21:51:16===> API : /api/auth/login ===> Message : loginUserDB() Invoked !
info: ===> TimeStamp : 2025-08-08 21:51:16===> API : /api/auth/login ===> Message : loginUserResponse() invoked!
info: ===> TimeStamp : 2025-08-08 21:51:16===> API : /api/auth/login ===> Message : loginUserResponse() completed
info: ===> TimeStamp : 2025-08-08 22:04:23===> API : null ===> Message : validateRequest() invoked
info: ===> TimeStamp : 2025-08-08 22:04:23===> API : null ===> Message : fetchDBSettings()
info: ===> TimeStamp : 2025-08-08 22:04:23===> API : null ===> Message : validateRequest() Invoked!
info: ===> TimeStamp : 2025-08-08 22:04:23===> API : null ===> Message : validRequest() :: Api validated Successfully
info: ===> TimeStamp : 2025-08-08 22:04:23===> API : /api/auth/validateuser ===> Message : validateUser() invoked!!
info: ===> TimeStamp : 2025-08-08 22:04:23===> API : /api/auth/validateuser ===> Message : validateUser() :: Request Object :: [object Object]
info: ===> TimeStamp : 2025-08-08 22:04:23===> API : /api/auth/validateuser ===> Message : validateUserDB() Invoked !
info: ===> TimeStamp : 2025-08-08 22:04:23===> API : /api/auth/validateuser ===> Message : validateUserResponse() invoked!
info: ===> TimeStamp : 2025-08-08 22:04:23===> API : /api/auth/validateuser ===> Message : validateUserResponse() completed
info: ===> TimeStamp : 2025-08-08 22:04:23===> API : null ===> Message : validateRequest() invoked
info: ===> TimeStamp : 2025-08-08 22:04:23===> API : null ===> Message : fetchDBSettings()
info: ===> TimeStamp : 2025-08-08 22:04:23===> API : null ===> Message : validateRequest() Invoked!
info: ===> TimeStamp : 2025-08-08 22:04:23===> API : null ===> Message : validRequest() :: Api validated Successfully
info: ===> TimeStamp : 2025-08-08 22:04:23===> API : /api/auth/checkIP ===> Message : checkIP() invoked!!
info: ===> TimeStamp : 2025-08-08 22:04:23===> API : /api/auth/checkIP ===> Message : IPs match: 103.255.182.117
info: ===> TimeStamp : 2025-08-08 22:04:23===> API : /api/auth/checkIP ===> Message : checkIPResponse() invoked!
info: ===> TimeStamp : 2025-08-08 22:04:23===> API : /api/auth/checkIP ===> Message : checkIPResponse() completed
info: ===> TimeStamp : 2025-08-08 22:04:23===> API : null ===> Message : validateRequest() invoked
info: ===> TimeStamp : 2025-08-08 22:04:23===> API : null ===> Message : fetchDBSettings()
info: ===> TimeStamp : 2025-08-08 22:04:23===> API : null ===> Message : validateRequest() Invoked!
info: ===> TimeStamp : 2025-08-08 22:04:23===> API : null ===> Message : validRequest() :: Api validated Successfully
info: ===> TimeStamp : 2025-08-08 22:04:23===> API : /api/auth/login ===> Message : loginUser() invoked!!
info: ===> TimeStamp : 2025-08-08 22:04:23===> API : /api/auth/login ===> Message : loginUser() :: Request Object :: [object Object]
info: ===> TimeStamp : 2025-08-08 22:04:23===> API : /api/auth/login ===> Message : loginUserDB() Invoked !
info: ===> TimeStamp : 2025-08-08 22:04:23===> API : /api/auth/login ===> Message : loginUserResponse() invoked!
info: ===> TimeStamp : 2025-08-08 22:04:23===> API : /api/auth/login ===> Message : loginUserResponse() completed
info: ===> TimeStamp : 2025-08-08 23:33:11===> API : null ===> Message : validateRequest() invoked
info: ===> TimeStamp : 2025-08-08 23:33:11===> API : null ===> Message : fetchDBSettings()
info: ===> TimeStamp : 2025-08-08 23:33:11===> API : null ===> Message : validateRequest() Invoked!
info: ===> TimeStamp : 2025-08-08 23:33:11===> API : null ===> Message : validRequest() :: Api validated Successfully
info: ===> TimeStamp : 2025-08-08 23:33:11===> API : /api/auth/validateuser ===> Message : validateUser() invoked!!
info: ===> TimeStamp : 2025-08-08 23:33:11===> API : /api/auth/validateuser ===> Message : validateUser() :: Request Object :: [object Object]
info: ===> TimeStamp : 2025-08-08 23:33:11===> API : /api/auth/validateuser ===> Message : validateUserDB() Invoked !
info: ===> TimeStamp : 2025-08-08 23:33:11===> API : /api/auth/validateuser ===> Message : validateUserResponse() invoked!
info: ===> TimeStamp : 2025-08-08 23:33:11===> API : /api/auth/validateuser ===> Message : validateUserResponse() completed
info: ===> TimeStamp : 2025-08-08 23:33:11===> API : null ===> Message : validateRequest() invoked
info: ===> TimeStamp : 2025-08-08 23:33:11===> API : null ===> Message : fetchDBSettings()
info: ===> TimeStamp : 2025-08-08 23:33:11===> API : null ===> Message : validateRequest() Invoked!
info: ===> TimeStamp : 2025-08-08 23:33:11===> API : null ===> Message : validRequest() :: Api validated Successfully
info: ===> TimeStamp : 2025-08-08 23:33:11===> API : /api/auth/checkIP ===> Message : checkIP() invoked!!
info: ===> TimeStamp : 2025-08-08 23:33:11===> API : /api/auth/checkIP ===> Message : IPs match: 103.255.182.117
info: ===> TimeStamp : 2025-08-08 23:33:11===> API : /api/auth/checkIP ===> Message : checkIPResponse() invoked!
info: ===> TimeStamp : 2025-08-08 23:33:11===> API : /api/auth/checkIP ===> Message : checkIPResponse() completed
info: ===> TimeStamp : 2025-08-08 23:33:11===> API : null ===> Message : validateRequest() invoked
info: ===> TimeStamp : 2025-08-08 23:33:11===> API : null ===> Message : fetchDBSettings()
info: ===> TimeStamp : 2025-08-08 23:33:11===> API : null ===> Message : validateRequest() Invoked!
info: ===> TimeStamp : 2025-08-08 23:33:11===> API : null ===> Message : validRequest() :: Api validated Successfully
info: ===> TimeStamp : 2025-08-08 23:33:11===> API : /api/auth/login ===> Message : loginUser() invoked!!
info: ===> TimeStamp : 2025-08-08 23:33:11===> API : /api/auth/login ===> Message : loginUser() :: Request Object :: [object Object]
info: ===> TimeStamp : 2025-08-08 23:33:11===> API : /api/auth/login ===> Message : loginUserDB() Invoked !
info: ===> TimeStamp : 2025-08-08 23:33:12===> API : /api/auth/login ===> Message : loginUserResponse() invoked!
info: ===> TimeStamp : 2025-08-08 23:33:12===> API : /api/auth/login ===> Message : loginUserResponse() completed
info: ===> TimeStamp : 2025-08-08 23:39:34===> API : null ===> Message : validateRequest() invoked
info: ===> TimeStamp : 2025-08-08 23:39:34===> API : null ===> Message : fetchDBSettings()
info: ===> TimeStamp : 2025-08-08 23:39:34===> API : null ===> Message : validateRequest() Invoked!
info: ===> TimeStamp : 2025-08-08 23:39:34===> API : null ===> Message : validRequest() :: Api validated Successfully
info: ===> TimeStamp : 2025-08-08 23:39:34===> API : /api/auth/validateuser ===> Message : validateUser() invoked!!
info: ===> TimeStamp : 2025-08-08 23:39:34===> API : /api/auth/validateuser ===> Message : validateUser() :: Request Object :: [object Object]
info: ===> TimeStamp : 2025-08-08 23:39:34===> API : /api/auth/validateuser ===> Message : validateUserDB() Invoked !
info: ===> TimeStamp : 2025-08-08 23:39:34===> API : /api/auth/validateuser ===> Message : validateUserResponse() invoked!
info: ===> TimeStamp : 2025-08-08 23:39:34===> API : /api/auth/validateuser ===> Message : validateUserResponse() completed
info: ===> TimeStamp : 2025-08-08 23:39:35===> API : null ===> Message : validateRequest() invoked
info: ===> TimeStamp : 2025-08-08 23:39:35===> API : null ===> Message : fetchDBSettings()
info: ===> TimeStamp : 2025-08-08 23:39:35===> API : null ===> Message : validateRequest() Invoked!
info: ===> TimeStamp : 2025-08-08 23:39:35===> API : null ===> Message : validRequest() :: Api validated Successfully
info: ===> TimeStamp : 2025-08-08 23:39:35===> API : /api/auth/login ===> Message : loginUser() invoked!!
info: ===> TimeStamp : 2025-08-08 23:39:35===> API : /api/auth/login ===> Message : loginUser() :: Request Object :: [object Object]
info: ===> TimeStamp : 2025-08-08 23:39:35===> API : /api/auth/login ===> Message : loginUserDB() Invoked !
info: ===> TimeStamp : 2025-08-08 23:39:35===> API : /api/auth/login ===> Message : loginUserResponse() invoked!
info: ===> TimeStamp : 2025-08-08 23:39:35===> API : /api/auth/login ===> Message : loginUserResponse() completed
info: ===> TimeStamp : 2025-08-09 00:13:54===> API : null ===> Message : validateRequest() invoked
info: ===> TimeStamp : 2025-08-09 00:13:54===> API : null ===> Message : fetchDBSettings()
info: ===> TimeStamp : 2025-08-09 00:13:54===> API : null ===> Message : validateRequest() Invoked!
info: ===> TimeStamp : 2025-08-09 00:13:54===> API : null ===> Message : validRequest() :: Api validated Successfully
info: ===> TimeStamp : 2025-08-09 00:13:54===> API : /api/auth/validateuser ===> Message : validateUser() :: Request Object :: [object Object]
info: ===> TimeStamp : 2025-08-09 00:13:54===> API : /api/auth/validateuser ===> Message : validateUser() invoked!!
info: ===> TimeStamp : 2025-08-09 00:13:54===> API : /api/auth/validateuser ===> Message : validateUserDB() Invoked !
info: ===> TimeStamp : 2025-08-09 00:13:54===> API : /api/auth/validateuser ===> Message : validateUserResponse() invoked!
info: ===> TimeStamp : 2025-08-09 00:13:54===> API : /api/auth/validateuser ===> Message : validateUserResponse() completed
info: ===> TimeStamp : 2025-08-09 00:13:55===> API : null ===> Message : validateRequest() invoked
info: ===> TimeStamp : 2025-08-09 00:13:55===> API : null ===> Message : fetchDBSettings()
info: ===> TimeStamp : 2025-08-09 00:13:55===> API : null ===> Message : validateRequest() Invoked!
info: ===> TimeStamp : 2025-08-09 00:13:55===> API : null ===> Message : validRequest() :: Api validated Successfully
info: ===> TimeStamp : 2025-08-09 00:13:55===> API : /api/auth/login ===> Message : loginUser() invoked!!
info: ===> TimeStamp : 2025-08-09 00:13:55===> API : /api/auth/login ===> Message : loginUser() :: Request Object :: [object Object]
info: ===> TimeStamp : 2025-08-09 00:13:55===> API : /api/auth/login ===> Message : loginUserDB() Invoked !
info: ===> TimeStamp : 2025-08-09 00:13:55===> API : /api/auth/login ===> Message : loginUserResponse() invoked!
info: ===> TimeStamp : 2025-08-09 00:13:55===> API : /api/auth/login ===> Message : loginUserResponse() completed
info: ===> TimeStamp : 2025-08-09 00:24:14===> API : null ===> Message : validateRequest() invoked
info: ===> TimeStamp : 2025-08-09 00:24:14===> API : null ===> Message : validateRequest() Error:: Invalid Request :: 
      {"apiUri":"/"}
info: ===> TimeStamp : 2025-08-09 00:24:20===> API : null ===> Message : validateRequest() invoked
info: ===> TimeStamp : 2025-08-09 00:24:20===> API : null ===> Message : validateRequest() Error:: Invalid Request :: 
      {"apiUri":"/favicon.ico"}
info: ===> TimeStamp : 2025-08-09 00:25:00===> API : null ===> Message : validateRequest() invoked
info: ===> TimeStamp : 2025-08-09 00:25:00===> API : null ===> Message : validateRequest() Error:: Invalid Request :: 
      {"apiUri":"/favicon.ico"}
info: ===> TimeStamp : 2025-08-09 00:25:15===> API : null ===> Message : validateRequest() invoked
info: ===> TimeStamp : 2025-08-09 00:25:15===> API : null ===> Message : validateRequest() Error:: Invalid Request :: 
      {"apiUri":"/login"}
info: ===> TimeStamp : 2025-08-09 02:58:22===> API : null ===> Message : validateRequest() invoked
info: ===> TimeStamp : 2025-08-09 02:58:22===> API : null ===> Message : fetchDBSettings()
info: ===> TimeStamp : 2025-08-09 02:58:22===> API : null ===> Message : validateRequest() Invoked!
info: ===> TimeStamp : 2025-08-09 02:58:22===> API : null ===> Message : validRequest() :: Api validated Successfully
info: ===> TimeStamp : 2025-08-09 02:58:22===> API : /api/auth/logout ===> Message : logoutUser() invoked!!
info: ===> TimeStamp : 2025-08-09 02:58:22===> API : /api/auth/logout ===> Message : logoutUser() :: Request Object :: [object Object]
info: ===> TimeStamp : 2025-08-09 02:58:22===> API : /api/auth/logout ===> Message : logoutUserDB() Invoked !
info: ===> TimeStamp : 2025-08-09 02:58:22===> API : /api/auth/logout ===> Message : logoutUserResponse() invoked!
info: ===> TimeStamp : 2025-08-09 02:58:22===> API : /api/auth/logout ===> Message : logoutUserResponse() completed
info: ===> TimeStamp : 2025-08-09 03:15:38===> API : null ===> Message : validateRequest() invoked
info: ===> TimeStamp : 2025-08-09 03:15:38===> API : null ===> Message : fetchDBSettings()
info: ===> TimeStamp : 2025-08-09 03:15:38===> API : null ===> Message : validateRequest() Invoked!
info: ===> TimeStamp : 2025-08-09 03:15:38===> API : null ===> Message : validRequest() :: Api validated Successfully
info: ===> TimeStamp : 2025-08-09 03:15:38===> API : /api/auth/validateuser ===> Message : validateUser() invoked!!
info: ===> TimeStamp : 2025-08-09 03:15:38===> API : /api/auth/validateuser ===> Message : validateUser() :: Request Object :: [object Object]
info: ===> TimeStamp : 2025-08-09 03:15:38===> API : /api/auth/validateuser ===> Message : validateUserDB() Invoked !
info: ===> TimeStamp : 2025-08-09 03:15:38===> API : /api/auth/validateuser ===> Message : validateUserResponse() invoked!
info: ===> TimeStamp : 2025-08-09 03:15:38===> API : /api/auth/validateuser ===> Message : validateUserResponse() completed
info: ===> TimeStamp : 2025-08-09 03:15:38===> API : null ===> Message : validateRequest() invoked
info: ===> TimeStamp : 2025-08-09 03:15:38===> API : null ===> Message : fetchDBSettings()
info: ===> TimeStamp : 2025-08-09 03:15:38===> API : null ===> Message : validateRequest() Invoked!
info: ===> TimeStamp : 2025-08-09 03:15:38===> API : null ===> Message : validRequest() :: Api validated Successfully
info: ===> TimeStamp : 2025-08-09 03:15:38===> API : /api/auth/checkIP ===> Message : checkIP() invoked!!
info: ===> TimeStamp : 2025-08-09 03:15:38===> API : /api/auth/checkIP ===> Message : IPs match: 103.255.182.117
info: ===> TimeStamp : 2025-08-09 03:15:38===> API : /api/auth/checkIP ===> Message : checkIPResponse() invoked!
info: ===> TimeStamp : 2025-08-09 03:15:38===> API : /api/auth/checkIP ===> Message : checkIPResponse() completed
info: ===> TimeStamp : 2025-08-09 03:15:38===> API : null ===> Message : validateRequest() invoked
info: ===> TimeStamp : 2025-08-09 03:15:38===> API : null ===> Message : fetchDBSettings()
info: ===> TimeStamp : 2025-08-09 03:15:38===> API : null ===> Message : validateRequest() Invoked!
info: ===> TimeStamp : 2025-08-09 03:15:38===> API : null ===> Message : validRequest() :: Api validated Successfully
info: ===> TimeStamp : 2025-08-09 03:15:38===> API : /api/auth/login ===> Message : loginUser() invoked!!
info: ===> TimeStamp : 2025-08-09 03:15:38===> API : /api/auth/login ===> Message : loginUser() :: Request Object :: [object Object]
info: ===> TimeStamp : 2025-08-09 03:15:38===> API : /api/auth/login ===> Message : loginUserDB() Invoked !
info: ===> TimeStamp : 2025-08-09 03:15:38===> API : /api/auth/login ===> Message : loginUserResponse() invoked!
info: ===> TimeStamp : 2025-08-09 03:15:38===> API : /api/auth/login ===> Message : loginUserResponse() completed
info: ===> TimeStamp : 2025-08-09 03:47:52===> API : null ===> Message : validateRequest() invoked
info: ===> TimeStamp : 2025-08-09 03:47:52===> API : null ===> Message : fetchDBSettings()
info: ===> TimeStamp : 2025-08-09 03:47:52===> API : null ===> Message : validateRequest() Invoked!
info: ===> TimeStamp : 2025-08-09 03:47:52===> API : null ===> Message : validRequest() :: Api validated Successfully
info: ===> TimeStamp : 2025-08-09 03:47:52===> API : /api/auth/validateuser ===> Message : validateUser() invoked!!
info: ===> TimeStamp : 2025-08-09 03:47:52===> API : /api/auth/validateuser ===> Message : validateUser() :: Request Object :: [object Object]
info: ===> TimeStamp : 2025-08-09 03:47:52===> API : /api/auth/validateuser ===> Message : validateUserDB() Invoked !
info: ===> TimeStamp : 2025-08-09 03:47:52===> API : /api/auth/validateuser ===> Message : validateUserResponse() invoked!
info: ===> TimeStamp : 2025-08-09 03:47:52===> API : /api/auth/validateuser ===> Message : validateUserResponse() completed
info: ===> TimeStamp : 2025-08-09 03:47:52===> API : null ===> Message : validateRequest() invoked
info: ===> TimeStamp : 2025-08-09 03:47:52===> API : null ===> Message : fetchDBSettings()
info: ===> TimeStamp : 2025-08-09 03:47:52===> API : null ===> Message : validateRequest() Invoked!
info: ===> TimeStamp : 2025-08-09 03:47:52===> API : null ===> Message : validRequest() :: Api validated Successfully
info: ===> TimeStamp : 2025-08-09 03:47:52===> API : /api/auth/checkIP ===> Message : checkIP() invoked!!
info: ===> TimeStamp : 2025-08-09 03:47:52===> API : /api/auth/checkIP ===> Message : IPs match: 103.255.182.117
info: ===> TimeStamp : 2025-08-09 03:47:52===> API : /api/auth/checkIP ===> Message : checkIPResponse() invoked!
info: ===> TimeStamp : 2025-08-09 03:47:52===> API : /api/auth/checkIP ===> Message : checkIPResponse() completed
info: ===> TimeStamp : 2025-08-09 03:47:52===> API : null ===> Message : validateRequest() invoked
info: ===> TimeStamp : 2025-08-09 03:47:52===> API : null ===> Message : fetchDBSettings()
info: ===> TimeStamp : 2025-08-09 03:47:52===> API : null ===> Message : validateRequest() Invoked!
info: ===> TimeStamp : 2025-08-09 03:47:52===> API : null ===> Message : validRequest() :: Api validated Successfully
info: ===> TimeStamp : 2025-08-09 03:47:52===> API : /api/auth/login ===> Message : loginUser() invoked!!
info: ===> TimeStamp : 2025-08-09 03:47:52===> API : /api/auth/login ===> Message : loginUser() :: Request Object :: [object Object]
info: ===> TimeStamp : 2025-08-09 03:47:52===> API : /api/auth/login ===> Message : loginUserDB() Invoked !
info: ===> TimeStamp : 2025-08-09 03:47:52===> API : /api/auth/login ===> Message : loginUserResponse() invoked!
info: ===> TimeStamp : 2025-08-09 03:47:52===> API : /api/auth/login ===> Message : loginUserResponse() completed
