info: ===> TimeStamp : 2026-03-18 06:55:34===> API : null ===> Message : validateRequest() invoked
info: ===> TimeStamp : 2026-03-18 06:55:34===> API : null ===> Message : fetchDBSettings()
info: ===> TimeStamp : 2026-03-18 06:55:34===> API : null ===> Message : validateRequest() Invoked!
info: ===> TimeStamp : 2026-03-18 06:55:34===> API : null ===> Message : validRequest() :: Api validated Successfully
info: ===> TimeStamp : 2026-03-18 06:55:34===> API : /api/auth/logout ===> Message : logoutUser() invoked!!
info: ===> TimeStamp : 2026-03-18 06:55:34===> API : /api/auth/logout ===> Message : logoutUser() :: Request Object :: [object Object]
info: ===> TimeStamp : 2026-03-18 06:55:34===> API : /api/auth/logout ===> Message : logoutUserDB() Invoked !
info: ===> TimeStamp : 2026-03-18 06:55:34===> API : /api/auth/logout ===> Message : logoutUserResponse() invoked!
info: ===> TimeStamp : 2026-03-18 06:55:34===> API : /api/auth/logout ===> Message : logoutUserResponse() completed
info: ===> TimeStamp : 2026-03-18 06:57:47===> API : null ===> Message : validateRequest() invoked
info: ===> TimeStamp : 2026-03-18 06:57:47===> API : null ===> Message : fetchDBSettings()
info: ===> TimeStamp : 2026-03-18 06:57:47===> API : null ===> Message : validateRequest() Invoked!
info: ===> TimeStamp : 2026-03-18 06:57:47===> API : null ===> Message : validRequest() :: Api validated Successfully
info: ===> TimeStamp : 2026-03-18 06:57:47===> API : /api/auth/validateuser ===> Message : validateUser() invoked!!
info: ===> TimeStamp : 2026-03-18 06:57:47===> API : /api/auth/validateuser ===> Message : validateUser() :: Request Object :: [object Object]
info: ===> TimeStamp : 2026-03-18 06:57:47===> API : /api/auth/validateuser ===> Message : validateUserDB() Invoked !
info: ===> TimeStamp : 2026-03-18 06:57:47===> API : /api/auth/validateuser ===> Message : validateUserResponse() invoked!
info: ===> TimeStamp : 2026-03-18 06:57:47===> API : /api/auth/validateuser ===> Message : validateUserResponse() completed
info: ===> TimeStamp : 2026-03-18 06:57:48===> API : null ===> Message : validateRequest() invoked
info: ===> TimeStamp : 2026-03-18 06:57:48===> API : null ===> Message : fetchDBSettings()
info: ===> TimeStamp : 2026-03-18 06:57:48===> API : null ===> Message : validateRequest() Invoked!
info: ===> TimeStamp : 2026-03-18 06:57:48===> API : null ===> Message : validRequest() :: Api validated Successfully
info: ===> TimeStamp : 2026-03-18 06:57:48===> API : /api/auth/checkIP ===> Message : checkIP() invoked!!
info: ===> TimeStamp : 2026-03-18 06:57:48===> API : /api/auth/checkIP ===> Message : IPs match: 103.255.182.117
info: ===> TimeStamp : 2026-03-18 06:57:48===> API : /api/auth/checkIP ===> Message : checkIPResponse() invoked!
info: ===> TimeStamp : 2026-03-18 06:57:48===> API : /api/auth/checkIP ===> Message : checkIPResponse() completed
info: ===> TimeStamp : 2026-03-18 06:57:48===> API : null ===> Message : validateRequest() invoked
info: ===> TimeStamp : 2026-03-18 06:57:48===> API : null ===> Message : fetchDBSettings()
info: ===> TimeStamp : 2026-03-18 06:57:48===> API : null ===> Message : validateRequest() Invoked!
info: ===> TimeStamp : 2026-03-18 06:57:48===> API : null ===> Message : validRequest() :: Api validated Successfully
info: ===> TimeStamp : 2026-03-18 06:57:48===> API : /api/auth/login ===> Message : loginUser() :: Request Object :: [object Object]
info: ===> TimeStamp : 2026-03-18 06:57:48===> API : /api/auth/login ===> Message : loginUser() invoked!!
info: ===> TimeStamp : 2026-03-18 06:57:48===> API : /api/auth/login ===> Message : loginUserDB() Invoked !
info: ===> TimeStamp : 2026-03-18 06:57:48===> API : /api/auth/login ===> Message : loginUserResponse() invoked!
info: ===> TimeStamp : 2026-03-18 06:57:48===> API : /api/auth/login ===> Message : loginUserResponse() completed
info: ===> TimeStamp : 2026-03-18 06:57:59===> API : null ===> Message : validateRequest() invoked
info: ===> TimeStamp : 2026-03-18 06:57:59===> API : null ===> Message : fetchDBSettings()
info: ===> TimeStamp : 2026-03-18 06:57:59===> API : null ===> Message : validateRequest() Invoked!
info: ===> TimeStamp : 2026-03-18 06:57:59===> API : null ===> Message : validRequest() :: Api validated Successfully
info: ===> TimeStamp : 2026-03-18 06:57:59===> API : /api/auth/logout ===> Message : logoutUser() invoked!!
info: ===> TimeStamp : 2026-03-18 06:57:59===> API : /api/auth/logout ===> Message : logoutUser() :: Request Object :: [object Object]
info: ===> TimeStamp : 2026-03-18 06:57:59===> API : /api/auth/logout ===> Message : logoutUserDB() Invoked !
info: ===> TimeStamp : 2026-03-18 06:57:59===> API : /api/auth/logout ===> Message : logoutUserResponse() invoked!
info: ===> TimeStamp : 2026-03-18 06:57:59===> API : /api/auth/logout ===> Message : logoutUserResponse() completed
info: ===> TimeStamp : 2026-03-18 06:58:05===> API : null ===> Message : validateRequest() invoked
info: ===> TimeStamp : 2026-03-18 06:58:05===> API : null ===> Message : fetchDBSettings()
info: ===> TimeStamp : 2026-03-18 06:58:05===> API : null ===> Message : validateRequest() Invoked!
info: ===> TimeStamp : 2026-03-18 06:58:05===> API : null ===> Message : validRequest() :: Api validated Successfully
info: ===> TimeStamp : 2026-03-18 06:58:05===> API : /api/auth/validateuser ===> Message : validateUser() invoked!!
info: ===> TimeStamp : 2026-03-18 06:58:05===> API : /api/auth/validateuser ===> Message : validateUser() :: Request Object :: [object Object]
info: ===> TimeStamp : 2026-03-18 06:58:05===> API : /api/auth/validateuser ===> Message : validateUserDB() Invoked !
info: ===> TimeStamp : 2026-03-18 06:58:05===> API : /api/auth/validateuser ===> Message : validateUserResponse() invoked!
info: ===> TimeStamp : 2026-03-18 06:58:05===> API : /api/auth/validateuser ===> Message : validateUserResponse() completed
info: ===> TimeStamp : 2026-03-18 06:58:05===> API : null ===> Message : validateRequest() invoked
info: ===> TimeStamp : 2026-03-18 06:58:05===> API : null ===> Message : fetchDBSettings()
info: ===> TimeStamp : 2026-03-18 06:58:05===> API : null ===> Message : validateRequest() Invoked!
info: ===> TimeStamp : 2026-03-18 06:58:05===> API : null ===> Message : validRequest() :: Api validated Successfully
info: ===> TimeStamp : 2026-03-18 06:58:05===> API : /api/auth/checkIP ===> Message : checkIP() invoked!!
info: ===> TimeStamp : 2026-03-18 06:58:05===> API : /api/auth/checkIP ===> Message : IPs match: 103.255.182.117
info: ===> TimeStamp : 2026-03-18 06:58:05===> API : /api/auth/checkIP ===> Message : checkIPResponse() invoked!
info: ===> TimeStamp : 2026-03-18 06:58:05===> API : /api/auth/checkIP ===> Message : checkIPResponse() completed
info: ===> TimeStamp : 2026-03-18 06:58:05===> API : null ===> Message : validateRequest() invoked
info: ===> TimeStamp : 2026-03-18 06:58:05===> API : null ===> Message : fetchDBSettings()
info: ===> TimeStamp : 2026-03-18 06:58:05===> API : null ===> Message : validateRequest() Invoked!
info: ===> TimeStamp : 2026-03-18 06:58:05===> API : null ===> Message : validRequest() :: Api validated Successfully
info: ===> TimeStamp : 2026-03-18 06:58:05===> API : /api/auth/login ===> Message : loginUser() invoked!!
info: ===> TimeStamp : 2026-03-18 06:58:05===> API : /api/auth/login ===> Message : loginUser() :: Request Object :: [object Object]
info: ===> TimeStamp : 2026-03-18 06:58:05===> API : /api/auth/login ===> Message : loginUserDB() Invoked !
info: ===> TimeStamp : 2026-03-18 06:58:05===> API : /api/auth/login ===> Message : loginUserResponse() invoked!
info: ===> TimeStamp : 2026-03-18 06:58:05===> API : /api/auth/login ===> Message : loginUserResponse() completed
info: ===> TimeStamp : 2026-03-18 10:23:44===> API : null ===> Message : validateRequest() invoked
info: ===> TimeStamp : 2026-03-18 10:23:44===> API : null ===> Message : fetchDBSettings()
info: ===> TimeStamp : 2026-03-18 10:23:44===> API : null ===> Message : validateRequest() Invoked!
info: ===> TimeStamp : 2026-03-18 10:23:44===> API : null ===> Message : validRequest() :: Api validated Successfully
info: ===> TimeStamp : 2026-03-18 10:23:44===> API : /api/auth/validateuser ===> Message : validateUser() :: Request Object :: [object Object]
info: ===> TimeStamp : 2026-03-18 10:23:44===> API : /api/auth/validateuser ===> Message : validateUser() invoked!!
info: ===> TimeStamp : 2026-03-18 10:23:44===> API : /api/auth/validateuser ===> Message : validateUserDB() Invoked !
info: ===> TimeStamp : 2026-03-18 10:23:44===> API : /api/auth/validateuser ===> Message : validateUserResponse() invoked!
info: ===> TimeStamp : 2026-03-18 10:23:44===> API : /api/auth/validateuser ===> Message : validateUserResponse() completed
info: ===> TimeStamp : 2026-03-18 10:23:44===> API : null ===> Message : validateRequest() invoked
info: ===> TimeStamp : 2026-03-18 10:23:44===> API : null ===> Message : fetchDBSettings()
info: ===> TimeStamp : 2026-03-18 10:23:45===> API : null ===> Message : validateRequest() Invoked!
info: ===> TimeStamp : 2026-03-18 10:23:45===> API : null ===> Message : validRequest() :: Api validated Successfully
info: ===> TimeStamp : 2026-03-18 10:23:45===> API : /api/auth/login ===> Message : loginUser() invoked!!
info: ===> TimeStamp : 2026-03-18 10:23:45===> API : /api/auth/login ===> Message : loginUser() :: Request Object :: [object Object]
info: ===> TimeStamp : 2026-03-18 10:23:45===> API : /api/auth/login ===> Message : loginUserDB() Invoked !
info: ===> TimeStamp : 2026-03-18 10:23:45===> API : /api/auth/login ===> Message : loginUserResponse() invoked!
info: ===> TimeStamp : 2026-03-18 10:23:45===> API : /api/auth/login ===> Message : loginUserResponse() completed
info: ===> TimeStamp : 2026-03-18 10:25:53===> API : null ===> Message : validateRequest() invoked
info: ===> TimeStamp : 2026-03-18 10:25:53===> API : null ===> Message : fetchDBSettings()
info: ===> TimeStamp : 2026-03-18 10:25:53===> API : null ===> Message : validateRequest() Invoked!
info: ===> TimeStamp : 2026-03-18 10:25:53===> API : null ===> Message : validRequest() :: Api validated Successfully
info: ===> TimeStamp : 2026-03-18 10:25:53===> API : /api/auth/logout ===> Message : logoutUser() invoked!!
info: ===> TimeStamp : 2026-03-18 10:25:53===> API : /api/auth/logout ===> Message : logoutUser() :: Request Object :: [object Object]
info: ===> TimeStamp : 2026-03-18 10:25:53===> API : /api/auth/logout ===> Message : logoutUserDB() Invoked !
info: ===> TimeStamp : 2026-03-18 10:25:53===> API : /api/auth/logout ===> Message : logoutUserResponse() invoked!
info: ===> TimeStamp : 2026-03-18 10:25:53===> API : /api/auth/logout ===> Message : logoutUserResponse() completed
info: ===> TimeStamp : 2026-03-18 10:41:50===> API : null ===> Message : validateRequest() invoked
info: ===> TimeStamp : 2026-03-18 10:41:50===> API : null ===> Message : fetchDBSettings()
info: ===> TimeStamp : 2026-03-18 10:41:50===> API : null ===> Message : validateRequest() Invoked!
info: ===> TimeStamp : 2026-03-18 10:41:50===> API : null ===> Message : validRequest() :: Api validated Successfully
info: ===> TimeStamp : 2026-03-18 10:41:50===> API : /api/auth/validateuser ===> Message : validateUser() invoked!!
info: ===> TimeStamp : 2026-03-18 10:41:50===> API : /api/auth/validateuser ===> Message : validateUser() :: Request Object :: [object Object]
info: ===> TimeStamp : 2026-03-18 10:41:50===> API : /api/auth/validateuser ===> Message : validateUserDB() Invoked !
info: ===> TimeStamp : 2026-03-18 10:41:50===> API : /api/auth/validateuser ===> Message : validateUserResponse() invoked!
info: ===> TimeStamp : 2026-03-18 10:41:50===> API : /api/auth/validateuser ===> Message : validateUserResponse() completed
info: ===> TimeStamp : 2026-03-18 10:41:55===> API : null ===> Message : validateRequest() invoked
info: ===> TimeStamp : 2026-03-18 10:41:55===> API : null ===> Message : fetchDBSettings()
info: ===> TimeStamp : 2026-03-18 10:41:55===> API : null ===> Message : validateRequest() invoked
info: ===> TimeStamp : 2026-03-18 10:41:55===> API : null ===> Message : fetchDBSettings()
info: ===> TimeStamp : 2026-03-18 10:41:55===> API : null ===> Message : validateRequest() Invoked!
info: ===> TimeStamp : 2026-03-18 10:41:55===> API : null ===> Message : validateRequest() Invoked!
info: ===> TimeStamp : 2026-03-18 10:41:55===> API : null ===> Message : validRequest() :: Api validated Successfully
info: ===> TimeStamp : 2026-03-18 10:41:55===> API : /api/auth/login ===> Message : loginUser() :: Request Object :: [object Object]
info: ===> TimeStamp : 2026-03-18 10:41:55===> API : /api/auth/login ===> Message : loginUser() invoked!!
info: ===> TimeStamp : 2026-03-18 10:41:55===> API : /api/auth/login ===> Message : loginUserDB() Invoked !
info: ===> TimeStamp : 2026-03-18 10:41:55===> API : null ===> Message : validRequest() :: Api validated Successfully
info: ===> TimeStamp : 2026-03-18 10:41:55===> API : /api/auth/validateuser ===> Message : validateUser() invoked!!
info: ===> TimeStamp : 2026-03-18 10:41:55===> API : /api/auth/validateuser ===> Message : validateUser() :: Request Object :: [object Object]
info: ===> TimeStamp : 2026-03-18 10:41:55===> API : /api/auth/validateuser ===> Message : validateUserDB() Invoked !
info: ===> TimeStamp : 2026-03-18 10:41:55===> API : /api/auth/validateuser ===> Message : validateUserResponse() invoked!
info: ===> TimeStamp : 2026-03-18 10:41:55===> API : /api/auth/validateuser ===> Message : validateUserResponse() completed
info: ===> TimeStamp : 2026-03-18 10:41:55===> API : /api/auth/login ===> Message : loginUserResponse() invoked!
info: ===> TimeStamp : 2026-03-18 10:41:55===> API : /api/auth/login ===> Message : loginUserResponse() completed
info: ===> TimeStamp : 2026-03-18 10:41:55===> API : null ===> Message : validateRequest() invoked
info: ===> TimeStamp : 2026-03-18 10:41:55===> API : null ===> Message : fetchDBSettings()
info: ===> TimeStamp : 2026-03-18 10:41:55===> API : null ===> Message : validateRequest() Invoked!
info: ===> TimeStamp : 2026-03-18 10:41:55===> API : null ===> Message : validRequest() :: Api validated Successfully
info: ===> TimeStamp : 2026-03-18 10:41:55===> API : /api/auth/login ===> Message : loginUser() invoked!!
info: ===> TimeStamp : 2026-03-18 10:41:55===> API : /api/auth/login ===> Message : loginUser() :: Request Object :: [object Object]
info: ===> TimeStamp : 2026-03-18 10:41:55===> API : /api/auth/login ===> Message : loginUserDB() Invoked !
info: ===> TimeStamp : 2026-03-18 10:41:55===> API : /api/auth/login ===> Message : loginUserResponse() invoked!
info: ===> TimeStamp : 2026-03-18 10:41:55===> API : /api/auth/login ===> Message : loginUserResponse() completed
info: ===> TimeStamp : 2026-03-18 10:44:25===> API : null ===> Message : validateRequest() invoked
info: ===> TimeStamp : 2026-03-18 10:44:25===> API : null ===> Message : fetchDBSettings()
info: ===> TimeStamp : 2026-03-18 10:44:25===> API : null ===> Message : validateRequest() Invoked!
info: ===> TimeStamp : 2026-03-18 10:44:25===> API : null ===> Message : validRequest() :: Api validated Successfully
info: ===> TimeStamp : 2026-03-18 10:44:25===> API : /api/auth/validateuser ===> Message : validateUser() invoked!!
info: ===> TimeStamp : 2026-03-18 10:44:25===> API : /api/auth/validateuser ===> Message : validateUser() :: Request Object :: [object Object]
info: ===> TimeStamp : 2026-03-18 10:44:25===> API : /api/auth/validateuser ===> Message : validateUserDB() Invoked !
info: ===> TimeStamp : 2026-03-18 10:44:25===> API : /api/auth/validateuser ===> Message : validateUserResponse() invoked!
info: ===> TimeStamp : 2026-03-18 10:44:25===> API : /api/auth/validateuser ===> Message : validateUserResponse() completed
info: ===> TimeStamp : 2026-03-18 10:44:26===> API : null ===> Message : validateRequest() invoked
info: ===> TimeStamp : 2026-03-18 10:44:26===> API : null ===> Message : fetchDBSettings()
info: ===> TimeStamp : 2026-03-18 10:44:26===> API : null ===> Message : validateRequest() Invoked!
info: ===> TimeStamp : 2026-03-18 10:44:26===> API : null ===> Message : validRequest() :: Api validated Successfully
info: ===> TimeStamp : 2026-03-18 10:44:26===> API : /api/auth/login ===> Message : loginUser() invoked!!
info: ===> TimeStamp : 2026-03-18 10:44:26===> API : /api/auth/login ===> Message : loginUser() :: Request Object :: [object Object]
info: ===> TimeStamp : 2026-03-18 10:44:26===> API : /api/auth/login ===> Message : loginUserDB() Invoked !
info: ===> TimeStamp : 2026-03-18 10:44:26===> API : /api/auth/login ===> Message : loginUserResponse() invoked!
info: ===> TimeStamp : 2026-03-18 10:44:26===> API : /api/auth/login ===> Message : loginUserResponse() completed
info: ===> TimeStamp : 2026-03-18 12:32:41===> API : null ===> Message : validateRequest() invoked
info: ===> TimeStamp : 2026-03-18 12:32:41===> API : null ===> Message : validateRequest() Error:: Invalid Request :: 
      {"apiUri":"/robots.txt"}
info: ===> TimeStamp : 2026-03-18 13:17:00===> API : null ===> Message : validateRequest() invoked
info: ===> TimeStamp : 2026-03-18 13:17:00===> API : null ===> Message : validateRequest() Error:: Invalid Request :: 
      {"apiUri":"/"}
info: ===> TimeStamp : 2026-03-18 14:02:52===> API : null ===> Message : validateRequest() invoked
info: ===> TimeStamp : 2026-03-18 14:02:52===> API : null ===> Message : validateRequest() Error:: Invalid Request :: 
      {"apiUri":"/"}
info: ===> TimeStamp : 2026-03-18 14:03:00===> API : null ===> Message : validateRequest() invoked
info: ===> TimeStamp : 2026-03-18 14:03:00===> API : null ===> Message : validateRequest() Error:: Invalid Request :: 
      {"apiUri":"/favicon.ico"}
info: ===> TimeStamp : 2026-03-18 14:52:19===> API : null ===> Message : validateRequest() invoked
info: ===> TimeStamp : 2026-03-18 14:52:19===> API : null ===> Message : fetchDBSettings()
info: ===> TimeStamp : 2026-03-18 14:52:19===> API : null ===> Message : validateRequest() Invoked!
info: ===> TimeStamp : 2026-03-18 14:52:19===> API : /api/auth/logout ===> Message : logoutUser() invoked!!
info: ===> TimeStamp : 2026-03-18 14:52:19===> API : null ===> Message : validRequest() :: Api validated Successfully
info: ===> TimeStamp : 2026-03-18 14:52:19===> API : /api/auth/logout ===> Message : logoutUser() :: Request Object :: [object Object]
info: ===> TimeStamp : 2026-03-18 14:52:19===> API : /api/auth/logout ===> Message : logoutUserDB() Invoked !
info: ===> TimeStamp : 2026-03-18 14:52:19===> API : /api/auth/logout ===> Message : logoutUserResponse() invoked!
info: ===> TimeStamp : 2026-03-18 14:52:19===> API : /api/auth/logout ===> Message : logoutUserResponse() completed
info: ===> TimeStamp : 2026-03-18 14:52:42===> API : null ===> Message : validateRequest() invoked
info: ===> TimeStamp : 2026-03-18 14:52:42===> API : null ===> Message : fetchDBSettings()
info: ===> TimeStamp : 2026-03-18 14:52:42===> API : null ===> Message : validateRequest() Invoked!
info: ===> TimeStamp : 2026-03-18 14:52:42===> API : null ===> Message : validRequest() :: Api validated Successfully
info: ===> TimeStamp : 2026-03-18 14:52:42===> API : /api/auth/validateuser ===> Message : validateUser() invoked!!
info: ===> TimeStamp : 2026-03-18 14:52:42===> API : /api/auth/validateuser ===> Message : validateUser() :: Request Object :: [object Object]
info: ===> TimeStamp : 2026-03-18 14:52:42===> API : /api/auth/validateuser ===> Message : validateUserDB() Invoked !
info: ===> TimeStamp : 2026-03-18 14:52:42===> API : /api/auth/validateuser ===> Message : validateUserResponse() invoked!
info: ===> TimeStamp : 2026-03-18 14:52:42===> API : /api/auth/validateuser ===> Message : validateUserResponse() completed
info: ===> TimeStamp : 2026-03-18 14:52:42===> API : null ===> Message : validateRequest() invoked
info: ===> TimeStamp : 2026-03-18 14:52:42===> API : null ===> Message : fetchDBSettings()
info: ===> TimeStamp : 2026-03-18 14:52:42===> API : null ===> Message : validateRequest() Invoked!
info: ===> TimeStamp : 2026-03-18 14:52:42===> API : /api/auth/checkIP ===> Message : checkIP() invoked!!
info: ===> TimeStamp : 2026-03-18 14:52:42===> API : null ===> Message : validRequest() :: Api validated Successfully
info: ===> TimeStamp : 2026-03-18 14:52:42===> API : /api/auth/checkIP ===> Message : IPs match: 103.255.182.117
info: ===> TimeStamp : 2026-03-18 14:52:42===> API : /api/auth/checkIP ===> Message : checkIPResponse() invoked!
info: ===> TimeStamp : 2026-03-18 14:52:42===> API : /api/auth/checkIP ===> Message : checkIPResponse() completed
info: ===> TimeStamp : 2026-03-18 14:52:42===> API : null ===> Message : validateRequest() invoked
info: ===> TimeStamp : 2026-03-18 14:52:42===> API : null ===> Message : fetchDBSettings()
info: ===> TimeStamp : 2026-03-18 14:52:42===> API : null ===> Message : validateRequest() Invoked!
info: ===> TimeStamp : 2026-03-18 14:52:43===> API : null ===> Message : validRequest() :: Api validated Successfully
info: ===> TimeStamp : 2026-03-18 14:52:43===> API : /api/auth/login ===> Message : loginUser() invoked!!
info: ===> TimeStamp : 2026-03-18 14:52:43===> API : /api/auth/login ===> Message : loginUser() :: Request Object :: [object Object]
info: ===> TimeStamp : 2026-03-18 14:52:43===> API : /api/auth/login ===> Message : loginUserDB() Invoked !
info: ===> TimeStamp : 2026-03-18 14:52:43===> API : /api/auth/login ===> Message : loginUserResponse() invoked!
info: ===> TimeStamp : 2026-03-18 14:52:43===> API : /api/auth/login ===> Message : loginUserResponse() completed
info: ===> TimeStamp : 2026-03-18 14:56:41===> API : null ===> Message : validateRequest() invoked
info: ===> TimeStamp : 2026-03-18 14:56:41===> API : null ===> Message : fetchDBSettings()
info: ===> TimeStamp : 2026-03-18 14:56:41===> API : null ===> Message : validateRequest() Invoked!
info: ===> TimeStamp : 2026-03-18 14:56:41===> API : null ===> Message : validRequest() :: Api validated Successfully
info: ===> TimeStamp : 2026-03-18 14:56:41===> API : /api/auth/logout ===> Message : logoutUser() invoked!!
info: ===> TimeStamp : 2026-03-18 14:56:41===> API : /api/auth/logout ===> Message : logoutUser() :: Request Object :: [object Object]
info: ===> TimeStamp : 2026-03-18 14:56:41===> API : /api/auth/logout ===> Message : logoutUserDB() Invoked !
info: ===> TimeStamp : 2026-03-18 14:56:41===> API : /api/auth/logout ===> Message : logoutUserResponse() invoked!
info: ===> TimeStamp : 2026-03-18 14:56:41===> API : /api/auth/logout ===> Message : logoutUserResponse() completed
info: ===> TimeStamp : 2026-03-18 14:56:56===> API : null ===> Message : validateRequest() invoked
info: ===> TimeStamp : 2026-03-18 14:56:56===> API : null ===> Message : fetchDBSettings()
info: ===> TimeStamp : 2026-03-18 14:56:56===> API : null ===> Message : validateRequest() Invoked!
info: ===> TimeStamp : 2026-03-18 14:56:56===> API : null ===> Message : validRequest() :: Api validated Successfully
info: ===> TimeStamp : 2026-03-18 14:56:56===> API : /api/auth/validateuser ===> Message : validateUser() invoked!!
info: ===> TimeStamp : 2026-03-18 14:56:56===> API : /api/auth/validateuser ===> Message : validateUser() :: Request Object :: [object Object]
info: ===> TimeStamp : 2026-03-18 14:56:56===> API : /api/auth/validateuser ===> Message : validateUserDB() Invoked !
info: ===> TimeStamp : 2026-03-18 14:56:56===> API : /api/auth/validateuser ===> Message : validateUserDB() :: Error :: {"code":"ER_SIGNAL_EXCEPTION","errno":1644,"sqlState":"10005","sqlMessage":"User Does Not Exist","sql":"CALL usp_validate_user('sapna', 'sapna212')"}
info: ===> TimeStamp : 2026-03-18 14:56:56===> API : /api/auth/validateuser ===> Message : validateUserDBResult :: Error :: {"ErrorCode":10005,"ErrorMessage":"User Does Not Exist"}
info: ===> TimeStamp : 2026-03-18 14:56:56===> API : /api/auth/validateuser ===> Message : validateUserResponse() invoked!
info: ===> TimeStamp : 2026-03-18 14:56:56===> API : /api/auth/validateuser ===> Message : validateUserResponse() completed
info: ===> TimeStamp : 2026-03-18 14:57:16===> API : null ===> Message : validateRequest() invoked
info: ===> TimeStamp : 2026-03-18 14:57:16===> API : null ===> Message : fetchDBSettings()
info: ===> TimeStamp : 2026-03-18 14:57:16===> API : null ===> Message : validateRequest() Invoked!
info: ===> TimeStamp : 2026-03-18 14:57:16===> API : null ===> Message : validRequest() :: Api validated Successfully
info: ===> TimeStamp : 2026-03-18 14:57:16===> API : /api/auth/validateuser ===> Message : validateUser() invoked!!
info: ===> TimeStamp : 2026-03-18 14:57:16===> API : /api/auth/validateuser ===> Message : validateUser() :: Request Object :: [object Object]
info: ===> TimeStamp : 2026-03-18 14:57:16===> API : /api/auth/validateuser ===> Message : validateUserDB() Invoked !
info: ===> TimeStamp : 2026-03-18 14:57:16===> API : /api/auth/validateuser ===> Message : validateUserResponse() invoked!
info: ===> TimeStamp : 2026-03-18 14:57:16===> API : /api/auth/validateuser ===> Message : validateUserResponse() completed
info: ===> TimeStamp : 2026-03-18 14:57:16===> API : null ===> Message : validateRequest() invoked
info: ===> TimeStamp : 2026-03-18 14:57:16===> API : null ===> Message : fetchDBSettings()
info: ===> TimeStamp : 2026-03-18 14:57:16===> API : null ===> Message : validateRequest() Invoked!
info: ===> TimeStamp : 2026-03-18 14:57:16===> API : null ===> Message : validRequest() :: Api validated Successfully
info: ===> TimeStamp : 2026-03-18 14:57:16===> API : /api/auth/checkIP ===> Message : checkIP() invoked!!
info: ===> TimeStamp : 2026-03-18 14:57:16===> API : /api/auth/checkIP ===> Message : IPs match: 103.255.182.117
info: ===> TimeStamp : 2026-03-18 14:57:16===> API : /api/auth/checkIP ===> Message : checkIPResponse() invoked!
info: ===> TimeStamp : 2026-03-18 14:57:16===> API : /api/auth/checkIP ===> Message : checkIPResponse() completed
info: ===> TimeStamp : 2026-03-18 14:57:16===> API : null ===> Message : validateRequest() invoked
info: ===> TimeStamp : 2026-03-18 14:57:16===> API : null ===> Message : fetchDBSettings()
info: ===> TimeStamp : 2026-03-18 14:57:16===> API : null ===> Message : validateRequest() Invoked!
info: ===> TimeStamp : 2026-03-18 14:57:16===> API : /api/auth/login ===> Message : loginUser() invoked!!
info: ===> TimeStamp : 2026-03-18 14:57:16===> API : /api/auth/login ===> Message : loginUser() :: Request Object :: [object Object]
info: ===> TimeStamp : 2026-03-18 14:57:16===> API : null ===> Message : validRequest() :: Api validated Successfully
info: ===> TimeStamp : 2026-03-18 14:57:16===> API : /api/auth/login ===> Message : loginUserDB() Invoked !
info: ===> TimeStamp : 2026-03-18 14:57:16===> API : /api/auth/login ===> Message : loginUserResponse() invoked!
info: ===> TimeStamp : 2026-03-18 14:57:16===> API : /api/auth/login ===> Message : loginUserResponse() completed
info: ===> TimeStamp : 2026-03-18 14:57:26===> API : null ===> Message : validateRequest() invoked
info: ===> TimeStamp : 2026-03-18 14:57:26===> API : null ===> Message : fetchDBSettings()
info: ===> TimeStamp : 2026-03-18 14:57:26===> API : null ===> Message : validateRequest() Invoked!
info: ===> TimeStamp : 2026-03-18 14:57:26===> API : null ===> Message : validRequest() :: Api validated Successfully
info: ===> TimeStamp : 2026-03-18 14:57:26===> API : /api/auth/logout ===> Message : logoutUser() invoked!!
info: ===> TimeStamp : 2026-03-18 14:57:26===> API : /api/auth/logout ===> Message : logoutUser() :: Request Object :: [object Object]
info: ===> TimeStamp : 2026-03-18 14:57:26===> API : /api/auth/logout ===> Message : logoutUserDB() Invoked !
info: ===> TimeStamp : 2026-03-18 14:57:27===> API : /api/auth/logout ===> Message : logoutUserResponse() invoked!
info: ===> TimeStamp : 2026-03-18 14:57:27===> API : /api/auth/logout ===> Message : logoutUserResponse() completed
info: ===> TimeStamp : 2026-03-18 14:57:33===> API : null ===> Message : fetchDBSettings()
info: ===> TimeStamp : 2026-03-18 14:57:33===> API : null ===> Message : validateRequest() invoked
info: ===> TimeStamp : 2026-03-18 14:57:33===> API : null ===> Message : validateRequest() Invoked!
info: ===> TimeStamp : 2026-03-18 14:57:33===> API : null ===> Message : validRequest() :: Api validated Successfully
info: ===> TimeStamp : 2026-03-18 14:57:33===> API : /api/auth/validateuser ===> Message : validateUser() invoked!!
info: ===> TimeStamp : 2026-03-18 14:57:33===> API : /api/auth/validateuser ===> Message : validateUser() :: Request Object :: [object Object]
info: ===> TimeStamp : 2026-03-18 14:57:33===> API : /api/auth/validateuser ===> Message : validateUserDB() Invoked !
info: ===> TimeStamp : 2026-03-18 14:57:33===> API : /api/auth/validateuser ===> Message : validateUserResponse() invoked!
info: ===> TimeStamp : 2026-03-18 14:57:33===> API : /api/auth/validateuser ===> Message : validateUserResponse() completed
info: ===> TimeStamp : 2026-03-18 14:57:33===> API : null ===> Message : validateRequest() invoked
info: ===> TimeStamp : 2026-03-18 14:57:33===> API : null ===> Message : fetchDBSettings()
info: ===> TimeStamp : 2026-03-18 14:57:33===> API : null ===> Message : validateRequest() Invoked!
info: ===> TimeStamp : 2026-03-18 14:57:33===> API : null ===> Message : validRequest() :: Api validated Successfully
info: ===> TimeStamp : 2026-03-18 14:57:33===> API : /api/auth/checkIP ===> Message : checkIP() invoked!!
info: ===> TimeStamp : 2026-03-18 14:57:33===> API : /api/auth/checkIP ===> Message : IPs match: 103.255.182.117
info: ===> TimeStamp : 2026-03-18 14:57:33===> API : /api/auth/checkIP ===> Message : checkIPResponse() invoked!
info: ===> TimeStamp : 2026-03-18 14:57:33===> API : /api/auth/checkIP ===> Message : checkIPResponse() completed
info: ===> TimeStamp : 2026-03-18 14:57:33===> API : null ===> Message : validateRequest() invoked
info: ===> TimeStamp : 2026-03-18 14:57:33===> API : null ===> Message : fetchDBSettings()
info: ===> TimeStamp : 2026-03-18 14:57:33===> API : null ===> Message : validateRequest() Invoked!
info: ===> TimeStamp : 2026-03-18 14:57:33===> API : null ===> Message : validRequest() :: Api validated Successfully
info: ===> TimeStamp : 2026-03-18 14:57:33===> API : /api/auth/login ===> Message : loginUser() invoked!!
info: ===> TimeStamp : 2026-03-18 14:57:33===> API : /api/auth/login ===> Message : loginUser() :: Request Object :: [object Object]
info: ===> TimeStamp : 2026-03-18 14:57:33===> API : /api/auth/login ===> Message : loginUserDB() Invoked !
info: ===> TimeStamp : 2026-03-18 14:57:33===> API : /api/auth/login ===> Message : loginUserResponse() invoked!
info: ===> TimeStamp : 2026-03-18 14:57:33===> API : /api/auth/login ===> Message : loginUserResponse() completed
info: ===> TimeStamp : 2026-03-18 15:07:15===> API : null ===> Message : validateRequest() invoked
info: ===> TimeStamp : 2026-03-18 15:07:15===> API : null ===> Message : fetchDBSettings()
info: ===> TimeStamp : 2026-03-18 15:07:15===> API : null ===> Message : validateRequest() Invoked!
info: ===> TimeStamp : 2026-03-18 15:07:15===> API : null ===> Message : validRequest() :: Api validated Successfully
info: ===> TimeStamp : 2026-03-18 15:07:15===> API : /api/auth/validateuser ===> Message : validateUser() invoked!!
info: ===> TimeStamp : 2026-03-18 15:07:15===> API : /api/auth/validateuser ===> Message : validateUser() :: Request Object :: [object Object]
info: ===> TimeStamp : 2026-03-18 15:07:15===> API : /api/auth/validateuser ===> Message : validateUserDB() Invoked !
info: ===> TimeStamp : 2026-03-18 15:07:15===> API : /api/auth/validateuser ===> Message : validateUserResponse() invoked!
info: ===> TimeStamp : 2026-03-18 15:07:15===> API : /api/auth/validateuser ===> Message : validateUserResponse() completed
info: ===> TimeStamp : 2026-03-18 15:07:15===> API : null ===> Message : validateRequest() invoked
info: ===> TimeStamp : 2026-03-18 15:07:15===> API : null ===> Message : fetchDBSettings()
info: ===> TimeStamp : 2026-03-18 15:07:15===> API : null ===> Message : validateRequest() Invoked!
info: ===> TimeStamp : 2026-03-18 15:07:15===> API : null ===> Message : validRequest() :: Api validated Successfully
info: ===> TimeStamp : 2026-03-18 15:07:15===> API : /api/auth/login ===> Message : loginUser() invoked!!
info: ===> TimeStamp : 2026-03-18 15:07:15===> API : /api/auth/login ===> Message : loginUserDB() Invoked !
info: ===> TimeStamp : 2026-03-18 15:07:15===> API : /api/auth/login ===> Message : loginUser() :: Request Object :: [object Object]
info: ===> TimeStamp : 2026-03-18 15:07:15===> API : /api/auth/login ===> Message : loginUserResponse() invoked!
info: ===> TimeStamp : 2026-03-18 15:07:15===> API : /api/auth/login ===> Message : loginUserResponse() completed
info: ===> TimeStamp : 2026-03-18 15:17:52===> API : null ===> Message : validateRequest() invoked
info: ===> TimeStamp : 2026-03-18 15:17:52===> API : null ===> Message : fetchDBSettings()
info: ===> TimeStamp : 2026-03-18 15:17:52===> API : null ===> Message : validateRequest() Invoked!
info: ===> TimeStamp : 2026-03-18 15:17:52===> API : null ===> Message : validRequest() :: Api validated Successfully
info: ===> TimeStamp : 2026-03-18 15:17:52===> API : /api/auth/validateuser ===> Message : validateUser() invoked!!
info: ===> TimeStamp : 2026-03-18 15:17:52===> API : /api/auth/validateuser ===> Message : validateUser() :: Request Object :: [object Object]
info: ===> TimeStamp : 2026-03-18 15:17:52===> API : /api/auth/validateuser ===> Message : validateUserDB() Invoked !
info: ===> TimeStamp : 2026-03-18 15:17:52===> API : /api/auth/validateuser ===> Message : validateUserResponse() invoked!
info: ===> TimeStamp : 2026-03-18 15:17:52===> API : /api/auth/validateuser ===> Message : validateUserResponse() completed
info: ===> TimeStamp : 2026-03-18 15:17:53===> API : null ===> Message : validateRequest() invoked
info: ===> TimeStamp : 2026-03-18 15:17:53===> API : null ===> Message : fetchDBSettings()
info: ===> TimeStamp : 2026-03-18 15:17:53===> API : null ===> Message : validateRequest() Invoked!
info: ===> TimeStamp : 2026-03-18 15:17:53===> API : null ===> Message : validRequest() :: Api validated Successfully
info: ===> TimeStamp : 2026-03-18 15:17:53===> API : /api/auth/login ===> Message : loginUser() :: Request Object :: [object Object]
info: ===> TimeStamp : 2026-03-18 15:17:53===> API : /api/auth/login ===> Message : loginUser() invoked!!
info: ===> TimeStamp : 2026-03-18 15:17:53===> API : /api/auth/login ===> Message : loginUserDB() Invoked !
info: ===> TimeStamp : 2026-03-18 15:17:53===> API : /api/auth/login ===> Message : loginUserResponse() invoked!
info: ===> TimeStamp : 2026-03-18 15:17:53===> API : /api/auth/login ===> Message : loginUserResponse() completed
info: ===> TimeStamp : 2026-03-18 17:33:27===> API : null ===> Message : validateRequest() invoked
info: ===> TimeStamp : 2026-03-18 17:33:27===> API : null ===> Message : fetchDBSettings()
info: ===> TimeStamp : 2026-03-18 17:33:27===> API : null ===> Message : validateRequest() Invoked!
info: ===> TimeStamp : 2026-03-18 17:33:27===> API : null ===> Message : validRequest() :: Api validated Successfully
info: ===> TimeStamp : 2026-03-18 17:33:27===> API : /api/auth/validateuser ===> Message : validateUser() invoked!!
info: ===> TimeStamp : 2026-03-18 17:33:27===> API : /api/auth/validateuser ===> Message : validateUser() :: Request Object :: [object Object]
info: ===> TimeStamp : 2026-03-18 17:33:27===> API : /api/auth/validateuser ===> Message : validateUserDB() Invoked !
info: ===> TimeStamp : 2026-03-18 17:33:27===> API : /api/auth/validateuser ===> Message : validateUserResponse() invoked!
info: ===> TimeStamp : 2026-03-18 17:33:27===> API : /api/auth/validateuser ===> Message : validateUserResponse() completed
info: ===> TimeStamp : 2026-03-18 17:33:27===> API : null ===> Message : validateRequest() invoked
info: ===> TimeStamp : 2026-03-18 17:33:27===> API : null ===> Message : fetchDBSettings()
info: ===> TimeStamp : 2026-03-18 17:33:27===> API : null ===> Message : validateRequest() Invoked!
info: ===> TimeStamp : 2026-03-18 17:33:27===> API : null ===> Message : validRequest() :: Api validated Successfully
info: ===> TimeStamp : 2026-03-18 17:33:27===> API : /api/auth/login ===> Message : loginUser() invoked!!
info: ===> TimeStamp : 2026-03-18 17:33:27===> API : /api/auth/login ===> Message : loginUser() :: Request Object :: [object Object]
info: ===> TimeStamp : 2026-03-18 17:33:27===> API : /api/auth/login ===> Message : loginUserDB() Invoked !
info: ===> TimeStamp : 2026-03-18 17:33:27===> API : /api/auth/login ===> Message : loginUserResponse() invoked!
info: ===> TimeStamp : 2026-03-18 17:33:27===> API : /api/auth/login ===> Message : loginUserResponse() completed
info: ===> TimeStamp : 2026-03-18 17:59:28===> API : null ===> Message : validateRequest() invoked
info: ===> TimeStamp : 2026-03-18 17:59:28===> API : null ===> Message : fetchDBSettings()
info: ===> TimeStamp : 2026-03-18 17:59:28===> API : null ===> Message : validateRequest() Invoked!
info: ===> TimeStamp : 2026-03-18 17:59:28===> API : null ===> Message : validRequest() :: Api validated Successfully
info: ===> TimeStamp : 2026-03-18 17:59:28===> API : /api/auth/validateuser ===> Message : validateUser() invoked!!
info: ===> TimeStamp : 2026-03-18 17:59:28===> API : /api/auth/validateuser ===> Message : validateUser() :: Request Object :: [object Object]
info: ===> TimeStamp : 2026-03-18 17:59:28===> API : /api/auth/validateuser ===> Message : validateUserDB() Invoked !
info: ===> TimeStamp : 2026-03-18 17:59:28===> API : /api/auth/validateuser ===> Message : validateUserResponse() invoked!
info: ===> TimeStamp : 2026-03-18 17:59:28===> API : /api/auth/validateuser ===> Message : validateUserResponse() completed
info: ===> TimeStamp : 2026-03-18 17:59:28===> API : null ===> Message : validateRequest() invoked
info: ===> TimeStamp : 2026-03-18 17:59:28===> API : null ===> Message : fetchDBSettings()
info: ===> TimeStamp : 2026-03-18 17:59:28===> API : null ===> Message : validateRequest() Invoked!
info: ===> TimeStamp : 2026-03-18 17:59:28===> API : null ===> Message : validRequest() :: Api validated Successfully
info: ===> TimeStamp : 2026-03-18 17:59:28===> API : /api/auth/login ===> Message : loginUser() invoked!!
info: ===> TimeStamp : 2026-03-18 17:59:28===> API : /api/auth/login ===> Message : loginUser() :: Request Object :: [object Object]
info: ===> TimeStamp : 2026-03-18 17:59:28===> API : /api/auth/login ===> Message : loginUserDB() Invoked !
info: ===> TimeStamp : 2026-03-18 17:59:28===> API : /api/auth/login ===> Message : loginUserResponse() invoked!
info: ===> TimeStamp : 2026-03-18 17:59:28===> API : /api/auth/login ===> Message : loginUserResponse() completed
info: ===> TimeStamp : 2026-03-18 18:28:04===> API : null ===> Message : validateRequest() invoked
info: ===> TimeStamp : 2026-03-18 18:28:04===> API : null ===> Message : fetchDBSettings()
info: ===> TimeStamp : 2026-03-18 18:28:04===> API : null ===> Message : validateRequest() Invoked!
info: ===> TimeStamp : 2026-03-18 18:28:04===> API : null ===> Message : validRequest() :: Api validated Successfully
info: ===> TimeStamp : 2026-03-18 18:28:04===> API : /api/auth/validateuser ===> Message : validateUser() invoked!!
info: ===> TimeStamp : 2026-03-18 18:28:04===> API : /api/auth/validateuser ===> Message : validateUser() :: Request Object :: [object Object]
info: ===> TimeStamp : 2026-03-18 18:28:04===> API : /api/auth/validateuser ===> Message : validateUserDB() Invoked !
info: ===> TimeStamp : 2026-03-18 18:28:04===> API : /api/auth/validateuser ===> Message : validateUserResponse() invoked!
info: ===> TimeStamp : 2026-03-18 18:28:04===> API : /api/auth/validateuser ===> Message : validateUserResponse() completed
info: ===> TimeStamp : 2026-03-18 18:28:04===> API : null ===> Message : validateRequest() invoked
info: ===> TimeStamp : 2026-03-18 18:28:04===> API : null ===> Message : fetchDBSettings()
info: ===> TimeStamp : 2026-03-18 18:28:04===> API : null ===> Message : validateRequest() Invoked!
info: ===> TimeStamp : 2026-03-18 18:28:04===> API : null ===> Message : validRequest() :: Api validated Successfully
info: ===> TimeStamp : 2026-03-18 18:28:04===> API : /api/auth/login ===> Message : loginUser() :: Request Object :: [object Object]
info: ===> TimeStamp : 2026-03-18 18:28:04===> API : /api/auth/login ===> Message : loginUserDB() Invoked !
info: ===> TimeStamp : 2026-03-18 18:28:04===> API : /api/auth/login ===> Message : loginUser() invoked!!
info: ===> TimeStamp : 2026-03-18 18:28:04===> API : /api/auth/login ===> Message : loginUserResponse() invoked!
info: ===> TimeStamp : 2026-03-18 18:28:04===> API : /api/auth/login ===> Message : loginUserResponse() completed
info: ===> TimeStamp : 2026-03-18 20:07:07===> API : null ===> Message : validateRequest() invoked
info: ===> TimeStamp : 2026-03-18 20:07:07===> API : null ===> Message : fetchDBSettings()
info: ===> TimeStamp : 2026-03-18 20:07:07===> API : null ===> Message : validateRequest() Invoked!
info: ===> TimeStamp : 2026-03-18 20:07:07===> API : null ===> Message : validRequest() :: Api validated Successfully
info: ===> TimeStamp : 2026-03-18 20:07:07===> API : /api/auth/validateuser ===> Message : validateUser() :: Request Object :: [object Object]
info: ===> TimeStamp : 2026-03-18 20:07:07===> API : /api/auth/validateuser ===> Message : validateUserDB() Invoked !
info: ===> TimeStamp : 2026-03-18 20:07:07===> API : /api/auth/validateuser ===> Message : validateUser() invoked!!
info: ===> TimeStamp : 2026-03-18 20:07:07===> API : /api/auth/validateuser ===> Message : validateUserResponse() invoked!
info: ===> TimeStamp : 2026-03-18 20:07:07===> API : /api/auth/validateuser ===> Message : validateUserResponse() completed
info: ===> TimeStamp : 2026-03-18 20:07:08===> API : null ===> Message : validateRequest() invoked
info: ===> TimeStamp : 2026-03-18 20:07:08===> API : null ===> Message : fetchDBSettings()
info: ===> TimeStamp : 2026-03-18 20:07:08===> API : null ===> Message : validateRequest() Invoked!
info: ===> TimeStamp : 2026-03-18 20:07:08===> API : null ===> Message : validRequest() :: Api validated Successfully
info: ===> TimeStamp : 2026-03-18 20:07:08===> API : /api/auth/login ===> Message : loginUser() :: Request Object :: [object Object]
info: ===> TimeStamp : 2026-03-18 20:07:08===> API : /api/auth/login ===> Message : loginUser() invoked!!
info: ===> TimeStamp : 2026-03-18 20:07:08===> API : /api/auth/login ===> Message : loginUserDB() Invoked !
info: ===> TimeStamp : 2026-03-18 20:07:08===> API : /api/auth/login ===> Message : loginUserResponse() invoked!
info: ===> TimeStamp : 2026-03-18 20:07:08===> API : /api/auth/login ===> Message : loginUserResponse() completed
info: ===> TimeStamp : 2026-03-18 20:52:00===> API : null ===> Message : validateRequest() invoked
info: ===> TimeStamp : 2026-03-18 20:52:00===> API : null ===> Message : fetchDBSettings()
info: ===> TimeStamp : 2026-03-18 20:52:00===> API : null ===> Message : validateRequest() Invoked!
info: ===> TimeStamp : 2026-03-18 20:52:00===> API : null ===> Message : validRequest() :: Api validated Successfully
info: ===> TimeStamp : 2026-03-18 20:52:00===> API : /api/auth/validateuser ===> Message : validateUser() invoked!!
info: ===> TimeStamp : 2026-03-18 20:52:00===> API : /api/auth/validateuser ===> Message : validateUser() :: Request Object :: [object Object]
info: ===> TimeStamp : 2026-03-18 20:52:00===> API : /api/auth/validateuser ===> Message : validateUserDB() Invoked !
info: ===> TimeStamp : 2026-03-18 20:52:00===> API : /api/auth/validateuser ===> Message : validateUserResponse() invoked!
info: ===> TimeStamp : 2026-03-18 20:52:00===> API : /api/auth/validateuser ===> Message : validateUserResponse() completed
info: ===> TimeStamp : 2026-03-18 20:52:00===> API : null ===> Message : fetchDBSettings()
info: ===> TimeStamp : 2026-03-18 20:52:00===> API : null ===> Message : validateRequest() invoked
info: ===> TimeStamp : 2026-03-18 20:52:00===> API : null ===> Message : validateRequest() Invoked!
info: ===> TimeStamp : 2026-03-18 20:52:00===> API : null ===> Message : validRequest() :: Api validated Successfully
info: ===> TimeStamp : 2026-03-18 20:52:00===> API : /api/auth/login ===> Message : loginUser() invoked!!
info: ===> TimeStamp : 2026-03-18 20:52:00===> API : /api/auth/login ===> Message : loginUser() :: Request Object :: [object Object]
info: ===> TimeStamp : 2026-03-18 20:52:00===> API : /api/auth/login ===> Message : loginUserDB() Invoked !
info: ===> TimeStamp : 2026-03-18 20:52:01===> API : /api/auth/login ===> Message : loginUserResponse() invoked!
info: ===> TimeStamp : 2026-03-18 20:52:01===> API : /api/auth/login ===> Message : loginUserResponse() completed
info: ===> TimeStamp : 2026-03-18 20:53:34===> API : null ===> Message : validateRequest() invoked
info: ===> TimeStamp : 2026-03-18 20:53:34===> API : null ===> Message : fetchDBSettings()
info: ===> TimeStamp : 2026-03-18 20:53:34===> API : null ===> Message : validateRequest() Invoked!
info: ===> TimeStamp : 2026-03-18 20:53:34===> API : null ===> Message : validRequest() :: Api validated Successfully
info: ===> TimeStamp : 2026-03-18 20:53:34===> API : /api/auth/validateuser ===> Message : validateUser() invoked!!
info: ===> TimeStamp : 2026-03-18 20:53:34===> API : /api/auth/validateuser ===> Message : validateUser() :: Request Object :: [object Object]
info: ===> TimeStamp : 2026-03-18 20:53:34===> API : /api/auth/validateuser ===> Message : validateUserDB() Invoked !
info: ===> TimeStamp : 2026-03-18 20:53:34===> API : /api/auth/validateuser ===> Message : validateUserResponse() invoked!
info: ===> TimeStamp : 2026-03-18 20:53:34===> API : /api/auth/validateuser ===> Message : validateUserResponse() completed
info: ===> TimeStamp : 2026-03-18 20:53:34===> API : null ===> Message : validateRequest() invoked
info: ===> TimeStamp : 2026-03-18 20:53:34===> API : null ===> Message : fetchDBSettings()
info: ===> TimeStamp : 2026-03-18 20:53:34===> API : null ===> Message : validateRequest() Invoked!
info: ===> TimeStamp : 2026-03-18 20:53:34===> API : null ===> Message : validRequest() :: Api validated Successfully
info: ===> TimeStamp : 2026-03-18 20:53:34===> API : /api/auth/login ===> Message : loginUser() invoked!!
info: ===> TimeStamp : 2026-03-18 20:53:34===> API : /api/auth/login ===> Message : loginUser() :: Request Object :: [object Object]
info: ===> TimeStamp : 2026-03-18 20:53:34===> API : /api/auth/login ===> Message : loginUserDB() Invoked !
info: ===> TimeStamp : 2026-03-18 20:53:34===> API : /api/auth/login ===> Message : loginUserResponse() invoked!
info: ===> TimeStamp : 2026-03-18 20:53:34===> API : /api/auth/login ===> Message : loginUserResponse() completed
info: ===> TimeStamp : 2026-03-18 21:08:49===> API : null ===> Message : validateRequest() invoked
info: ===> TimeStamp : 2026-03-18 21:08:49===> API : null ===> Message : fetchDBSettings()
info: ===> TimeStamp : 2026-03-18 21:08:49===> API : null ===> Message : validateRequest() Invoked!
info: ===> TimeStamp : 2026-03-18 21:08:49===> API : /api/auth/validateuser ===> Message : validateUser() invoked!!
info: ===> TimeStamp : 2026-03-18 21:08:49===> API : null ===> Message : validRequest() :: Api validated Successfully
info: ===> TimeStamp : 2026-03-18 21:08:49===> API : /api/auth/validateuser ===> Message : validateUser() :: Request Object :: [object Object]
info: ===> TimeStamp : 2026-03-18 21:08:49===> API : /api/auth/validateuser ===> Message : validateUserDB() Invoked !
info: ===> TimeStamp : 2026-03-18 21:08:49===> API : /api/auth/validateuser ===> Message : validateUserResponse() invoked!
info: ===> TimeStamp : 2026-03-18 21:08:49===> API : /api/auth/validateuser ===> Message : validateUserResponse() completed
info: ===> TimeStamp : 2026-03-18 21:08:49===> API : null ===> Message : validateRequest() invoked
info: ===> TimeStamp : 2026-03-18 21:08:49===> API : null ===> Message : fetchDBSettings()
info: ===> TimeStamp : 2026-03-18 21:08:49===> API : null ===> Message : validateRequest() Invoked!
info: ===> TimeStamp : 2026-03-18 21:08:49===> API : null ===> Message : validRequest() :: Api validated Successfully
info: ===> TimeStamp : 2026-03-18 21:08:49===> API : /api/auth/login ===> Message : loginUser() invoked!!
info: ===> TimeStamp : 2026-03-18 21:08:49===> API : /api/auth/login ===> Message : loginUser() :: Request Object :: [object Object]
info: ===> TimeStamp : 2026-03-18 21:08:49===> API : /api/auth/login ===> Message : loginUserDB() Invoked !
info: ===> TimeStamp : 2026-03-18 21:08:49===> API : /api/auth/login ===> Message : loginUserResponse() invoked!
info: ===> TimeStamp : 2026-03-18 21:08:49===> API : /api/auth/login ===> Message : loginUserResponse() completed
info: ===> TimeStamp : 2026-03-18 21:19:38===> API : null ===> Message : validateRequest() invoked
info: ===> TimeStamp : 2026-03-18 21:19:38===> API : null ===> Message : fetchDBSettings()
info: ===> TimeStamp : 2026-03-18 21:19:38===> API : null ===> Message : validateRequest() Invoked!
info: ===> TimeStamp : 2026-03-18 21:19:38===> API : null ===> Message : validRequest() :: Api validated Successfully
info: ===> TimeStamp : 2026-03-18 21:19:38===> API : /api/auth/validateuser ===> Message : validateUser() :: Request Object :: [object Object]
info: ===> TimeStamp : 2026-03-18 21:19:38===> API : /api/auth/validateuser ===> Message : validateUser() invoked!!
info: ===> TimeStamp : 2026-03-18 21:19:38===> API : /api/auth/validateuser ===> Message : validateUserDB() Invoked !
info: ===> TimeStamp : 2026-03-18 21:19:38===> API : /api/auth/validateuser ===> Message : validateUserResponse() invoked!
info: ===> TimeStamp : 2026-03-18 21:19:38===> API : /api/auth/validateuser ===> Message : validateUserResponse() completed
info: ===> TimeStamp : 2026-03-18 21:19:39===> API : null ===> Message : validateRequest() invoked
info: ===> TimeStamp : 2026-03-18 21:19:39===> API : null ===> Message : fetchDBSettings()
info: ===> TimeStamp : 2026-03-18 21:19:39===> API : null ===> Message : validateRequest() Invoked!
info: ===> TimeStamp : 2026-03-18 21:19:39===> API : null ===> Message : validRequest() :: Api validated Successfully
info: ===> TimeStamp : 2026-03-18 21:19:39===> API : /api/auth/login ===> Message : loginUser() invoked!!
info: ===> TimeStamp : 2026-03-18 21:19:39===> API : /api/auth/login ===> Message : loginUser() :: Request Object :: [object Object]
info: ===> TimeStamp : 2026-03-18 21:19:39===> API : /api/auth/login ===> Message : loginUserDB() Invoked !
info: ===> TimeStamp : 2026-03-18 21:19:39===> API : /api/auth/login ===> Message : loginUserResponse() invoked!
info: ===> TimeStamp : 2026-03-18 21:19:39===> API : /api/auth/login ===> Message : loginUserResponse() completed
info: ===> TimeStamp : 2026-03-18 21:41:05===> API : null ===> Message : validateRequest() invoked
info: ===> TimeStamp : 2026-03-18 21:41:05===> API : null ===> Message : fetchDBSettings()
info: ===> TimeStamp : 2026-03-18 21:41:05===> API : null ===> Message : validateRequest() Invoked!
info: ===> TimeStamp : 2026-03-18 21:41:05===> API : null ===> Message : validRequest() :: Api validated Successfully
info: ===> TimeStamp : 2026-03-18 21:41:05===> API : /api/auth/logout ===> Message : logoutUser() :: Request Object :: [object Object]
info: ===> TimeStamp : 2026-03-18 21:41:05===> API : /api/auth/logout ===> Message : logoutUser() invoked!!
info: ===> TimeStamp : 2026-03-18 21:41:05===> API : /api/auth/logout ===> Message : logoutUserDB() Invoked !
info: ===> TimeStamp : 2026-03-18 21:41:05===> API : /api/auth/logout ===> Message : logoutUserResponse() invoked!
info: ===> TimeStamp : 2026-03-18 21:41:05===> API : /api/auth/logout ===> Message : logoutUserResponse() completed
info: ===> TimeStamp : 2026-03-18 21:44:35===> API : null ===> Message : validateRequest() invoked
info: ===> TimeStamp : 2026-03-18 21:44:35===> API : null ===> Message : fetchDBSettings()
info: ===> TimeStamp : 2026-03-18 21:44:35===> API : null ===> Message : validateRequest() Invoked!
info: ===> TimeStamp : 2026-03-18 21:44:35===> API : null ===> Message : validRequest() :: Api validated Successfully
info: ===> TimeStamp : 2026-03-18 21:44:35===> API : /api/auth/logout ===> Message : logoutUser() invoked!!
info: ===> TimeStamp : 2026-03-18 21:44:35===> API : /api/auth/logout ===> Message : logoutUser() :: Request Object :: [object Object]
info: ===> TimeStamp : 2026-03-18 21:44:35===> API : /api/auth/logout ===> Message : logoutUserDB() Invoked !
info: ===> TimeStamp : 2026-03-18 21:44:35===> API : /api/auth/logout ===> Message : logoutUserResponse() invoked!
info: ===> TimeStamp : 2026-03-18 21:44:35===> API : /api/auth/logout ===> Message : logoutUserResponse() completed
info: ===> TimeStamp : 2026-03-18 21:44:44===> API : null ===> Message : validateRequest() invoked
info: ===> TimeStamp : 2026-03-18 21:44:44===> API : null ===> Message : fetchDBSettings()
info: ===> TimeStamp : 2026-03-18 21:44:44===> API : null ===> Message : validateRequest() Invoked!
info: ===> TimeStamp : 2026-03-18 21:44:44===> API : null ===> Message : validRequest() :: Api validated Successfully
info: ===> TimeStamp : 2026-03-18 21:44:44===> API : /api/auth/validateuser ===> Message : validateUser() invoked!!
info: ===> TimeStamp : 2026-03-18 21:44:44===> API : /api/auth/validateuser ===> Message : validateUser() :: Request Object :: [object Object]
info: ===> TimeStamp : 2026-03-18 21:44:44===> API : /api/auth/validateuser ===> Message : validateUserDB() Invoked !
info: ===> TimeStamp : 2026-03-18 21:44:44===> API : /api/auth/validateuser ===> Message : validateUserResponse() invoked!
info: ===> TimeStamp : 2026-03-18 21:44:44===> API : /api/auth/validateuser ===> Message : validateUserResponse() completed
info: ===> TimeStamp : 2026-03-18 21:44:44===> API : null ===> Message : validateRequest() invoked
info: ===> TimeStamp : 2026-03-18 21:44:44===> API : null ===> Message : fetchDBSettings()
info: ===> TimeStamp : 2026-03-18 21:44:44===> API : null ===> Message : validateRequest() Invoked!
info: ===> TimeStamp : 2026-03-18 21:44:44===> API : null ===> Message : validRequest() :: Api validated Successfully
info: ===> TimeStamp : 2026-03-18 21:44:44===> API : /api/auth/checkIP ===> Message : checkIP() invoked!!
info: ===> TimeStamp : 2026-03-18 21:44:44===> API : /api/auth/checkIP ===> Message : IPs match: 103.255.182.117
info: ===> TimeStamp : 2026-03-18 21:44:44===> API : /api/auth/checkIP ===> Message : checkIPResponse() invoked!
info: ===> TimeStamp : 2026-03-18 21:44:44===> API : /api/auth/checkIP ===> Message : checkIPResponse() completed
info: ===> TimeStamp : 2026-03-18 21:44:44===> API : null ===> Message : validateRequest() invoked
info: ===> TimeStamp : 2026-03-18 21:44:44===> API : null ===> Message : fetchDBSettings()
info: ===> TimeStamp : 2026-03-18 21:44:44===> API : null ===> Message : validateRequest() Invoked!
info: ===> TimeStamp : 2026-03-18 21:44:44===> API : null ===> Message : validRequest() :: Api validated Successfully
info: ===> TimeStamp : 2026-03-18 21:44:44===> API : /api/auth/login ===> Message : loginUser() invoked!!
info: ===> TimeStamp : 2026-03-18 21:44:44===> API : /api/auth/login ===> Message : loginUser() :: Request Object :: [object Object]
info: ===> TimeStamp : 2026-03-18 21:44:44===> API : /api/auth/login ===> Message : loginUserDB() Invoked !
info: ===> TimeStamp : 2026-03-18 21:44:44===> API : /api/auth/login ===> Message : loginUserResponse() invoked!
info: ===> TimeStamp : 2026-03-18 21:44:44===> API : /api/auth/login ===> Message : loginUserResponse() completed
info: ===> TimeStamp : 2026-03-18 21:47:41===> API : null ===> Message : validateRequest() invoked
info: ===> TimeStamp : 2026-03-18 21:47:41===> API : null ===> Message : fetchDBSettings()
info: ===> TimeStamp : 2026-03-18 21:47:41===> API : null ===> Message : validateRequest() Invoked!
info: ===> TimeStamp : 2026-03-18 21:47:41===> API : null ===> Message : validRequest() :: Api validated Successfully
info: ===> TimeStamp : 2026-03-18 21:47:41===> API : /api/auth/validateuser ===> Message : validateUser() invoked!!
info: ===> TimeStamp : 2026-03-18 21:47:41===> API : /api/auth/validateuser ===> Message : validateUser() :: Request Object :: [object Object]
info: ===> TimeStamp : 2026-03-18 21:47:41===> API : /api/auth/validateuser ===> Message : validateUserDB() Invoked !
info: ===> TimeStamp : 2026-03-18 21:47:41===> API : /api/auth/validateuser ===> Message : validateUserResponse() invoked!
info: ===> TimeStamp : 2026-03-18 21:47:41===> API : /api/auth/validateuser ===> Message : validateUserResponse() completed
info: ===> TimeStamp : 2026-03-18 21:47:41===> API : null ===> Message : validateRequest() invoked
info: ===> TimeStamp : 2026-03-18 21:47:41===> API : null ===> Message : fetchDBSettings()
info: ===> TimeStamp : 2026-03-18 21:47:41===> API : null ===> Message : validateRequest() Invoked!
info: ===> TimeStamp : 2026-03-18 21:47:41===> API : null ===> Message : validRequest() :: Api validated Successfully
info: ===> TimeStamp : 2026-03-18 21:47:41===> API : /api/auth/login ===> Message : loginUser() :: Request Object :: [object Object]
info: ===> TimeStamp : 2026-03-18 21:47:41===> API : /api/auth/login ===> Message : loginUserDB() Invoked !
info: ===> TimeStamp : 2026-03-18 21:47:41===> API : /api/auth/login ===> Message : loginUser() invoked!!
info: ===> TimeStamp : 2026-03-18 21:47:41===> API : /api/auth/login ===> Message : loginUserResponse() invoked!
info: ===> TimeStamp : 2026-03-18 21:47:41===> API : /api/auth/login ===> Message : loginUserResponse() completed
info: ===> TimeStamp : 2026-03-18 21:53:01===> API : null ===> Message : validateRequest() invoked
info: ===> TimeStamp : 2026-03-18 21:53:01===> API : null ===> Message : fetchDBSettings()
info: ===> TimeStamp : 2026-03-18 21:53:01===> API : null ===> Message : validateRequest() Invoked!
info: ===> TimeStamp : 2026-03-18 21:53:01===> API : null ===> Message : validRequest() :: Api validated Successfully
info: ===> TimeStamp : 2026-03-18 21:53:01===> API : /api/auth/validateuser ===> Message : validateUser() invoked!!
info: ===> TimeStamp : 2026-03-18 21:53:01===> API : /api/auth/validateuser ===> Message : validateUser() :: Request Object :: [object Object]
info: ===> TimeStamp : 2026-03-18 21:53:01===> API : /api/auth/validateuser ===> Message : validateUserDB() Invoked !
info: ===> TimeStamp : 2026-03-18 21:53:01===> API : /api/auth/validateuser ===> Message : validateUserResponse() invoked!
info: ===> TimeStamp : 2026-03-18 21:53:01===> API : /api/auth/validateuser ===> Message : validateUserResponse() completed
info: ===> TimeStamp : 2026-03-18 21:53:01===> API : null ===> Message : validateRequest() invoked
info: ===> TimeStamp : 2026-03-18 21:53:01===> API : null ===> Message : fetchDBSettings()
info: ===> TimeStamp : 2026-03-18 21:53:01===> API : null ===> Message : validateRequest() Invoked!
info: ===> TimeStamp : 2026-03-18 21:53:01===> API : null ===> Message : validRequest() :: Api validated Successfully
info: ===> TimeStamp : 2026-03-18 21:53:01===> API : /api/auth/checkIP ===> Message : checkIP() invoked!!
info: ===> TimeStamp : 2026-03-18 21:53:01===> API : /api/auth/checkIP ===> Message : IPs match: 103.255.182.117
info: ===> TimeStamp : 2026-03-18 21:53:01===> API : /api/auth/checkIP ===> Message : checkIPResponse() invoked!
info: ===> TimeStamp : 2026-03-18 21:53:01===> API : /api/auth/checkIP ===> Message : checkIPResponse() completed
info: ===> TimeStamp : 2026-03-18 21:53:02===> API : null ===> Message : validateRequest() invoked
info: ===> TimeStamp : 2026-03-18 21:53:02===> API : null ===> Message : fetchDBSettings()
info: ===> TimeStamp : 2026-03-18 21:53:02===> API : null ===> Message : validateRequest() Invoked!
info: ===> TimeStamp : 2026-03-18 21:53:02===> API : null ===> Message : validRequest() :: Api validated Successfully
info: ===> TimeStamp : 2026-03-18 21:53:02===> API : /api/auth/login ===> Message : loginUser() invoked!!
info: ===> TimeStamp : 2026-03-18 21:53:02===> API : /api/auth/login ===> Message : loginUser() :: Request Object :: [object Object]
info: ===> TimeStamp : 2026-03-18 21:53:02===> API : /api/auth/login ===> Message : loginUserDB() Invoked !
info: ===> TimeStamp : 2026-03-18 21:53:02===> API : /api/auth/login ===> Message : loginUserResponse() invoked!
info: ===> TimeStamp : 2026-03-18 21:53:02===> API : /api/auth/login ===> Message : loginUserResponse() completed
info: ===> TimeStamp : 2026-03-18 22:02:34===> API : null ===> Message : validateRequest() invoked
info: ===> TimeStamp : 2026-03-18 22:02:34===> API : null ===> Message : validateRequest() Error:: Invalid Request :: 
      {"apiUri":"/"}
info: ===> TimeStamp : 2026-03-18 22:02:56===> API : null ===> Message : validateRequest() invoked
info: ===> TimeStamp : 2026-03-18 22:02:56===> API : null ===> Message : validateRequest() Error:: Invalid Request :: 
      {"apiUri":"/favicon.ico"}
info: ===> TimeStamp : 2026-03-18 23:30:13===> API : null ===> Message : validateRequest() invoked
info: ===> TimeStamp : 2026-03-18 23:30:13===> API : null ===> Message : fetchDBSettings()
info: ===> TimeStamp : 2026-03-18 23:30:13===> API : null ===> Message : validateRequest() Invoked!
info: ===> TimeStamp : 2026-03-18 23:30:13===> API : null ===> Message : validRequest() :: Api validated Successfully
info: ===> TimeStamp : 2026-03-18 23:30:13===> API : /api/auth/validateuser ===> Message : validateUser() invoked!!
info: ===> TimeStamp : 2026-03-18 23:30:13===> API : /api/auth/validateuser ===> Message : validateUser() :: Request Object :: [object Object]
info: ===> TimeStamp : 2026-03-18 23:30:13===> API : /api/auth/validateuser ===> Message : validateUserDB() Invoked !
info: ===> TimeStamp : 2026-03-18 23:30:13===> API : /api/auth/validateuser ===> Message : validateUserResponse() invoked!
info: ===> TimeStamp : 2026-03-18 23:30:13===> API : /api/auth/validateuser ===> Message : validateUserResponse() completed
info: ===> TimeStamp : 2026-03-18 23:30:13===> API : null ===> Message : validateRequest() invoked
info: ===> TimeStamp : 2026-03-18 23:30:13===> API : null ===> Message : fetchDBSettings()
info: ===> TimeStamp : 2026-03-18 23:30:13===> API : null ===> Message : validateRequest() Invoked!
info: ===> TimeStamp : 2026-03-18 23:30:13===> API : null ===> Message : validRequest() :: Api validated Successfully
info: ===> TimeStamp : 2026-03-18 23:30:13===> API : /api/auth/login ===> Message : loginUser() invoked!!
info: ===> TimeStamp : 2026-03-18 23:30:13===> API : /api/auth/login ===> Message : loginUser() :: Request Object :: [object Object]
info: ===> TimeStamp : 2026-03-18 23:30:13===> API : /api/auth/login ===> Message : loginUserDB() Invoked !
info: ===> TimeStamp : 2026-03-18 23:30:14===> API : /api/auth/login ===> Message : loginUserResponse() invoked!
info: ===> TimeStamp : 2026-03-18 23:30:14===> API : /api/auth/login ===> Message : loginUserResponse() completed
info: ===> TimeStamp : 2026-03-18 23:34:18===> API : null ===> Message : validateRequest() invoked
info: ===> TimeStamp : 2026-03-18 23:34:18===> API : null ===> Message : fetchDBSettings()
info: ===> TimeStamp : 2026-03-18 23:34:18===> API : null ===> Message : validateRequest() Invoked!
info: ===> TimeStamp : 2026-03-18 23:34:18===> API : null ===> Message : validRequest() :: Api validated Successfully
info: ===> TimeStamp : 2026-03-18 23:34:18===> API : /api/auth/validateuser ===> Message : validateUser() invoked!!
info: ===> TimeStamp : 2026-03-18 23:34:18===> API : /api/auth/validateuser ===> Message : validateUser() :: Request Object :: [object Object]
info: ===> TimeStamp : 2026-03-18 23:34:18===> API : /api/auth/validateuser ===> Message : validateUserDB() Invoked !
info: ===> TimeStamp : 2026-03-18 23:34:18===> API : /api/auth/validateuser ===> Message : validateUserResponse() invoked!
info: ===> TimeStamp : 2026-03-18 23:34:18===> API : /api/auth/validateuser ===> Message : validateUserResponse() completed
info: ===> TimeStamp : 2026-03-18 23:34:19===> API : null ===> Message : validateRequest() invoked
info: ===> TimeStamp : 2026-03-18 23:34:19===> API : null ===> Message : fetchDBSettings()
info: ===> TimeStamp : 2026-03-18 23:34:19===> API : null ===> Message : validateRequest() Invoked!
info: ===> TimeStamp : 2026-03-18 23:34:19===> API : null ===> Message : validRequest() :: Api validated Successfully
info: ===> TimeStamp : 2026-03-18 23:34:19===> API : /api/auth/login ===> Message : loginUser() :: Request Object :: [object Object]
info: ===> TimeStamp : 2026-03-18 23:34:19===> API : /api/auth/login ===> Message : loginUser() invoked!!
info: ===> TimeStamp : 2026-03-18 23:34:19===> API : /api/auth/login ===> Message : loginUserDB() Invoked !
info: ===> TimeStamp : 2026-03-18 23:34:19===> API : /api/auth/login ===> Message : loginUserResponse() invoked!
info: ===> TimeStamp : 2026-03-18 23:34:19===> API : /api/auth/login ===> Message : loginUserResponse() completed
info: ===> TimeStamp : 2026-03-19 00:31:04===> API : null ===> Message : validateRequest() invoked
info: ===> TimeStamp : 2026-03-19 00:31:04===> API : null ===> Message : validateRequest() Error:: Invalid Request :: 
      {"apiUri":"/"}
info: ===> TimeStamp : 2026-03-19 02:45:03===> API : null ===> Message : validateRequest() invoked
info: ===> TimeStamp : 2026-03-19 02:45:03===> API : null ===> Message : fetchDBSettings()
info: ===> TimeStamp : 2026-03-19 02:45:03===> API : null ===> Message : validateRequest() Invoked!
info: ===> TimeStamp : 2026-03-19 02:45:03===> API : null ===> Message : validRequest() :: Api validated Successfully
info: ===> TimeStamp : 2026-03-19 02:45:03===> API : /api/auth/logout ===> Message : logoutUser() invoked!!
info: ===> TimeStamp : 2026-03-19 02:45:03===> API : /api/auth/logout ===> Message : logoutUser() :: Request Object :: [object Object]
info: ===> TimeStamp : 2026-03-19 02:45:03===> API : /api/auth/logout ===> Message : logoutUserDB() Invoked !
info: ===> TimeStamp : 2026-03-19 02:45:03===> API : /api/auth/logout ===> Message : logoutUserResponse() invoked!
info: ===> TimeStamp : 2026-03-19 02:45:03===> API : /api/auth/logout ===> Message : logoutUserResponse() completed
info: ===> TimeStamp : 2026-03-19 03:02:57===> API : null ===> Message : validateRequest() invoked
info: ===> TimeStamp : 2026-03-19 03:02:57===> API : null ===> Message : fetchDBSettings()
info: ===> TimeStamp : 2026-03-19 03:02:57===> API : null ===> Message : validateRequest() Invoked!
info: ===> TimeStamp : 2026-03-19 03:02:57===> API : null ===> Message : validRequest() :: Api validated Successfully
info: ===> TimeStamp : 2026-03-19 03:02:57===> API : /api/auth/validateuser ===> Message : validateUser() invoked!!
info: ===> TimeStamp : 2026-03-19 03:02:57===> API : /api/auth/validateuser ===> Message : validateUser() :: Request Object :: [object Object]
info: ===> TimeStamp : 2026-03-19 03:02:57===> API : /api/auth/validateuser ===> Message : validateUserDB() Invoked !
info: ===> TimeStamp : 2026-03-19 03:02:57===> API : /api/auth/validateuser ===> Message : validateUserResponse() invoked!
info: ===> TimeStamp : 2026-03-19 03:02:57===> API : /api/auth/validateuser ===> Message : validateUserResponse() completed
info: ===> TimeStamp : 2026-03-19 03:02:57===> API : null ===> Message : validateRequest() invoked
info: ===> TimeStamp : 2026-03-19 03:02:57===> API : null ===> Message : fetchDBSettings()
info: ===> TimeStamp : 2026-03-19 03:02:57===> API : null ===> Message : validateRequest() Invoked!
info: ===> TimeStamp : 2026-03-19 03:02:57===> API : null ===> Message : validRequest() :: Api validated Successfully
info: ===> TimeStamp : 2026-03-19 03:02:57===> API : /api/auth/checkIP ===> Message : checkIP() invoked!!
info: ===> TimeStamp : 2026-03-19 03:02:57===> API : /api/auth/checkIP ===> Message : IPs match: 103.255.182.117
info: ===> TimeStamp : 2026-03-19 03:02:57===> API : /api/auth/checkIP ===> Message : checkIPResponse() invoked!
info: ===> TimeStamp : 2026-03-19 03:02:57===> API : /api/auth/checkIP ===> Message : checkIPResponse() completed
info: ===> TimeStamp : 2026-03-19 03:02:57===> API : null ===> Message : validateRequest() invoked
info: ===> TimeStamp : 2026-03-19 03:02:57===> API : null ===> Message : fetchDBSettings()
info: ===> TimeStamp : 2026-03-19 03:02:57===> API : null ===> Message : validateRequest() Invoked!
info: ===> TimeStamp : 2026-03-19 03:02:57===> API : null ===> Message : validRequest() :: Api validated Successfully
info: ===> TimeStamp : 2026-03-19 03:02:57===> API : /api/auth/login ===> Message : loginUser() invoked!!
info: ===> TimeStamp : 2026-03-19 03:02:57===> API : /api/auth/login ===> Message : loginUser() :: Request Object :: [object Object]
info: ===> TimeStamp : 2026-03-19 03:02:57===> API : /api/auth/login ===> Message : loginUserDB() Invoked !
info: ===> TimeStamp : 2026-03-19 03:02:57===> API : /api/auth/login ===> Message : loginUserResponse() invoked!
info: ===> TimeStamp : 2026-03-19 03:02:57===> API : /api/auth/login ===> Message : loginUserResponse() completed
info: ===> TimeStamp : 2026-03-19 05:18:42===> API : null ===> Message : validateRequest() invoked
info: ===> TimeStamp : 2026-03-19 05:18:42===> API : null ===> Message : validateRequest() Error:: Invalid Request :: 
      {"apiUri":"/"}
info: ===> TimeStamp : 2026-03-19 05:20:37===> API : null ===> Message : validateRequest() invoked
info: ===> TimeStamp : 2026-03-19 05:20:37===> API : null ===> Message : validateRequest() Error:: Invalid Request :: 
      {"apiUri":"/"}
info: ===> TimeStamp : 2026-03-19 05:20:39===> API : null ===> Message : validateRequest() invoked
info: ===> TimeStamp : 2026-03-19 05:20:39===> API : null ===> Message : validateRequest() Error:: Invalid Request :: 
      {"apiUri":"/favicon.ico"}
