info: ===> TimeStamp : 2025-11-25 06:30:57===> API : null ===> Message : validateRequest() invoked
info: ===> TimeStamp : 2025-11-25 06:30:57===> API : null ===> Message : fetchDBSettings()
info: ===> TimeStamp : 2025-11-25 06:30:57===> API : null ===> Message : validateRequest() Invoked!
info: ===> TimeStamp : 2025-11-25 06:30:58===> API : null ===> Message : validRequest() :: Api validated Successfully
info: ===> TimeStamp : 2025-11-25 06:30:58===> API : /api/auth/logout ===> Message : logoutUser() invoked!!
info: ===> TimeStamp : 2025-11-25 06:30:58===> API : /api/auth/logout ===> Message : logoutUser() :: Request Object :: [object Object]
info: ===> TimeStamp : 2025-11-25 06:30:58===> API : /api/auth/logout ===> Message : logoutUserDB() Invoked !
info: ===> TimeStamp : 2025-11-25 06:30:58===> API : /api/auth/logout ===> Message : logoutUserResponse() invoked!
info: ===> TimeStamp : 2025-11-25 06:30:58===> API : /api/auth/logout ===> Message : logoutUserResponse() completed
info: ===> TimeStamp : 2025-11-25 06:49:36===> API : null ===> Message : validateRequest() invoked
info: ===> TimeStamp : 2025-11-25 06:49:36===> API : null ===> Message : fetchDBSettings()
info: ===> TimeStamp : 2025-11-25 06:49:36===> API : null ===> Message : validateRequest() Invoked!
info: ===> TimeStamp : 2025-11-25 06:49:36===> API : null ===> Message : validRequest() :: Api validated Successfully
info: ===> TimeStamp : 2025-11-25 06:49:36===> API : /api/auth/logout ===> Message : logoutUser() invoked!!
info: ===> TimeStamp : 2025-11-25 06:49:36===> API : /api/auth/logout ===> Message : logoutUser() :: Request Object :: [object Object]
info: ===> TimeStamp : 2025-11-25 06:49:36===> API : /api/auth/logout ===> Message : logoutUserDB() Invoked !
info: ===> TimeStamp : 2025-11-25 06:49:37===> API : /api/auth/logout ===> Message : logoutUserResponse() invoked!
info: ===> TimeStamp : 2025-11-25 06:49:37===> API : /api/auth/logout ===> Message : logoutUserResponse() completed
info: ===> TimeStamp : 2025-11-25 06:53:59===> API : null ===> Message : validateRequest() invoked
info: ===> TimeStamp : 2025-11-25 06:53:59===> API : null ===> Message : fetchDBSettings()
info: ===> TimeStamp : 2025-11-25 06:53:59===> API : null ===> Message : validateRequest() Invoked!
info: ===> TimeStamp : 2025-11-25 06:53:59===> API : null ===> Message : validRequest() :: Api validated Successfully
info: ===> TimeStamp : 2025-11-25 06:53:59===> API : /api/auth/validateuser ===> Message : validateUser() invoked!!
info: ===> TimeStamp : 2025-11-25 06:53:59===> API : /api/auth/validateuser ===> Message : validateUser() :: Request Object :: [object Object]
info: ===> TimeStamp : 2025-11-25 06:53:59===> API : /api/auth/validateuser ===> Message : validateUserDB() Invoked !
info: ===> TimeStamp : 2025-11-25 06:53:59===> API : /api/auth/validateuser ===> Message : validateUserResponse() invoked!
info: ===> TimeStamp : 2025-11-25 06:53:59===> API : /api/auth/validateuser ===> Message : validateUserResponse() completed
info: ===> TimeStamp : 2025-11-25 06:53:59===> API : null ===> Message : validateRequest() invoked
info: ===> TimeStamp : 2025-11-25 06:53:59===> API : null ===> Message : fetchDBSettings()
info: ===> TimeStamp : 2025-11-25 06:53:59===> API : null ===> Message : validateRequest() Invoked!
info: ===> TimeStamp : 2025-11-25 06:53:59===> API : null ===> Message : validRequest() :: Api validated Successfully
info: ===> TimeStamp : 2025-11-25 06:53:59===> API : /api/auth/checkIP ===> Message : checkIP() invoked!!
info: ===> TimeStamp : 2025-11-25 06:53:59===> API : /api/auth/checkIP ===> Message : IPs match: 103.225.102.194
info: ===> TimeStamp : 2025-11-25 06:53:59===> API : /api/auth/checkIP ===> Message : checkIPResponse() invoked!
info: ===> TimeStamp : 2025-11-25 06:53:59===> API : /api/auth/checkIP ===> Message : checkIPResponse() completed
info: ===> TimeStamp : 2025-11-25 06:53:59===> API : null ===> Message : validateRequest() invoked
info: ===> TimeStamp : 2025-11-25 06:53:59===> API : null ===> Message : fetchDBSettings()
info: ===> TimeStamp : 2025-11-25 06:53:59===> API : null ===> Message : validateRequest() Invoked!
info: ===> TimeStamp : 2025-11-25 06:53:59===> API : null ===> Message : validRequest() :: Api validated Successfully
info: ===> TimeStamp : 2025-11-25 06:53:59===> API : /api/auth/login ===> Message : loginUser() invoked!!
info: ===> TimeStamp : 2025-11-25 06:53:59===> API : /api/auth/login ===> Message : loginUser() :: Request Object :: [object Object]
info: ===> TimeStamp : 2025-11-25 06:53:59===> API : /api/auth/login ===> Message : loginUserDB() Invoked !
info: ===> TimeStamp : 2025-11-25 06:53:59===> API : /api/auth/login ===> Message : loginUserResponse() invoked!
info: ===> TimeStamp : 2025-11-25 06:53:59===> API : /api/auth/login ===> Message : loginUserResponse() completed
info: ===> TimeStamp : 2025-11-25 06:54:13===> API : null ===> Message : validateRequest() invoked
info: ===> TimeStamp : 2025-11-25 06:54:13===> API : null ===> Message : fetchDBSettings()
info: ===> TimeStamp : 2025-11-25 06:54:13===> API : null ===> Message : validateRequest() Invoked!
info: ===> TimeStamp : 2025-11-25 06:54:13===> API : null ===> Message : validRequest() :: Api validated Successfully
info: ===> TimeStamp : 2025-11-25 06:54:13===> API : /api/auth/validateuser ===> Message : validateUser() invoked!!
info: ===> TimeStamp : 2025-11-25 06:54:13===> API : /api/auth/validateuser ===> Message : validateUser() :: Request Object :: [object Object]
info: ===> TimeStamp : 2025-11-25 06:54:13===> API : /api/auth/validateuser ===> Message : validateUserDB() Invoked !
info: ===> TimeStamp : 2025-11-25 06:54:13===> API : /api/auth/validateuser ===> Message : validateUserResponse() invoked!
info: ===> TimeStamp : 2025-11-25 06:54:13===> API : /api/auth/validateuser ===> Message : validateUserResponse() completed
info: ===> TimeStamp : 2025-11-25 06:54:13===> API : null ===> Message : validateRequest() invoked
info: ===> TimeStamp : 2025-11-25 06:54:13===> API : null ===> Message : fetchDBSettings()
info: ===> TimeStamp : 2025-11-25 06:54:13===> API : null ===> Message : validateRequest() Invoked!
info: ===> TimeStamp : 2025-11-25 06:54:13===> API : null ===> Message : validRequest() :: Api validated Successfully
info: ===> TimeStamp : 2025-11-25 06:54:13===> API : /api/auth/checkIP ===> Message : checkIP() invoked!!
info: ===> TimeStamp : 2025-11-25 06:54:13===> API : /api/auth/checkIP ===> Message : IPs match: 103.225.102.194
info: ===> TimeStamp : 2025-11-25 06:54:13===> API : /api/auth/checkIP ===> Message : checkIPResponse() invoked!
info: ===> TimeStamp : 2025-11-25 06:54:13===> API : /api/auth/checkIP ===> Message : checkIPResponse() completed
info: ===> TimeStamp : 2025-11-25 06:54:13===> API : null ===> Message : validateRequest() invoked
info: ===> TimeStamp : 2025-11-25 06:54:13===> API : null ===> Message : fetchDBSettings()
info: ===> TimeStamp : 2025-11-25 06:54:13===> API : null ===> Message : validateRequest() Invoked!
info: ===> TimeStamp : 2025-11-25 06:54:13===> API : null ===> Message : validRequest() :: Api validated Successfully
info: ===> TimeStamp : 2025-11-25 06:54:13===> API : /api/auth/login ===> Message : loginUser() invoked!!
info: ===> TimeStamp : 2025-11-25 06:54:13===> API : /api/auth/login ===> Message : loginUser() :: Request Object :: [object Object]
info: ===> TimeStamp : 2025-11-25 06:54:13===> API : /api/auth/login ===> Message : loginUserDB() Invoked !
info: ===> TimeStamp : 2025-11-25 06:54:13===> API : /api/auth/login ===> Message : loginUserResponse() invoked!
info: ===> TimeStamp : 2025-11-25 06:54:13===> API : /api/auth/login ===> Message : loginUserResponse() completed
info: ===> TimeStamp : 2025-11-25 07:04:51===> API : null ===> Message : validateRequest() invoked
info: ===> TimeStamp : 2025-11-25 07:04:51===> API : null ===> Message : fetchDBSettings()
info: ===> TimeStamp : 2025-11-25 07:04:51===> API : null ===> Message : validateRequest() Invoked!
info: ===> TimeStamp : 2025-11-25 07:04:51===> API : null ===> Message : validRequest() :: Api validated Successfully
info: ===> TimeStamp : 2025-11-25 07:04:51===> API : /api/auth/validateuser ===> Message : validateUser() invoked!!
info: ===> TimeStamp : 2025-11-25 07:04:51===> API : /api/auth/validateuser ===> Message : validateUser() :: Request Object :: [object Object]
info: ===> TimeStamp : 2025-11-25 07:04:51===> API : /api/auth/validateuser ===> Message : validateUserDB() Invoked !
info: ===> TimeStamp : 2025-11-25 07:04:51===> API : /api/auth/validateuser ===> Message : validateUserResponse() invoked!
info: ===> TimeStamp : 2025-11-25 07:04:51===> API : /api/auth/validateuser ===> Message : validateUserResponse() completed
info: ===> TimeStamp : 2025-11-25 07:04:52===> API : null ===> Message : validateRequest() invoked
info: ===> TimeStamp : 2025-11-25 07:04:52===> API : null ===> Message : fetchDBSettings()
info: ===> TimeStamp : 2025-11-25 07:04:52===> API : null ===> Message : validateRequest() Invoked!
info: ===> TimeStamp : 2025-11-25 07:04:52===> API : null ===> Message : validRequest() :: Api validated Successfully
info: ===> TimeStamp : 2025-11-25 07:04:52===> API : /api/auth/login ===> Message : loginUser() invoked!!
info: ===> TimeStamp : 2025-11-25 07:04:52===> API : /api/auth/login ===> Message : loginUser() :: Request Object :: [object Object]
info: ===> TimeStamp : 2025-11-25 07:04:52===> API : /api/auth/login ===> Message : loginUserDB() Invoked !
info: ===> TimeStamp : 2025-11-25 07:04:52===> API : /api/auth/login ===> Message : loginUserResponse() invoked!
info: ===> TimeStamp : 2025-11-25 07:04:52===> API : /api/auth/login ===> Message : loginUserResponse() completed
info: ===> TimeStamp : 2025-11-25 12:22:01===> API : null ===> Message : validateRequest() invoked
info: ===> TimeStamp : 2025-11-25 12:22:01===> API : null ===> Message : fetchDBSettings()
info: ===> TimeStamp : 2025-11-25 12:22:01===> API : null ===> Message : validateRequest() Invoked!
info: ===> TimeStamp : 2025-11-25 12:22:01===> API : null ===> Message : validRequest() :: Api validated Successfully
info: ===> TimeStamp : 2025-11-25 12:22:01===> API : /api/auth/validateuser ===> Message : validateUser() invoked!!
info: ===> TimeStamp : 2025-11-25 12:22:01===> API : /api/auth/validateuser ===> Message : validateUser() :: Request Object :: [object Object]
info: ===> TimeStamp : 2025-11-25 12:22:01===> API : /api/auth/validateuser ===> Message : validateUserDB() Invoked !
info: ===> TimeStamp : 2025-11-25 12:22:01===> API : /api/auth/validateuser ===> Message : validateUserResponse() invoked!
info: ===> TimeStamp : 2025-11-25 12:22:01===> API : /api/auth/validateuser ===> Message : validateUserResponse() completed
info: ===> TimeStamp : 2025-11-25 12:22:02===> API : null ===> Message : validateRequest() invoked
info: ===> TimeStamp : 2025-11-25 12:22:02===> API : null ===> Message : fetchDBSettings()
info: ===> TimeStamp : 2025-11-25 12:22:02===> API : null ===> Message : validateRequest() Invoked!
info: ===> TimeStamp : 2025-11-25 12:22:02===> API : null ===> Message : validRequest() :: Api validated Successfully
info: ===> TimeStamp : 2025-11-25 12:22:02===> API : /api/auth/login ===> Message : loginUser() invoked!!
info: ===> TimeStamp : 2025-11-25 12:22:02===> API : /api/auth/login ===> Message : loginUser() :: Request Object :: [object Object]
info: ===> TimeStamp : 2025-11-25 12:22:02===> API : /api/auth/login ===> Message : loginUserDB() Invoked !
info: ===> TimeStamp : 2025-11-25 12:22:02===> API : /api/auth/login ===> Message : loginUserResponse() invoked!
info: ===> TimeStamp : 2025-11-25 12:22:02===> API : /api/auth/login ===> Message : loginUserResponse() completed
info: ===> TimeStamp : 2025-11-25 12:51:42===> API : null ===> Message : validateRequest() invoked
info: ===> TimeStamp : 2025-11-25 12:51:42===> API : null ===> Message : validateRequest() Error:: Invalid Request :: 
      {"apiUri":"/robots.txt"}
info: ===> TimeStamp : 2025-11-25 12:51:43===> API : null ===> Message : validateRequest() invoked
info: ===> TimeStamp : 2025-11-25 12:51:43===> API : null ===> Message : validateRequest() Error:: Invalid Request :: 
      {"apiUri":"/"}
info: ===> TimeStamp : 2025-11-25 12:55:48===> API : null ===> Message : validateRequest() invoked
info: ===> TimeStamp : 2025-11-25 12:55:48===> API : null ===> Message : fetchDBSettings()
info: ===> TimeStamp : 2025-11-25 12:55:49===> API : null ===> Message : validateRequest() Invoked!
info: ===> TimeStamp : 2025-11-25 12:55:49===> API : null ===> Message : validRequest() :: Api validated Successfully
info: ===> TimeStamp : 2025-11-25 12:55:49===> API : /api/auth/validateuser ===> Message : validateUser() invoked!!
info: ===> TimeStamp : 2025-11-25 12:55:49===> API : /api/auth/validateuser ===> Message : validateUser() :: Request Object :: [object Object]
info: ===> TimeStamp : 2025-11-25 12:55:49===> API : /api/auth/validateuser ===> Message : validateUserDB() Invoked !
info: ===> TimeStamp : 2025-11-25 12:55:49===> API : /api/auth/validateuser ===> Message : validateUserResponse() invoked!
info: ===> TimeStamp : 2025-11-25 12:55:49===> API : /api/auth/validateuser ===> Message : validateUserResponse() completed
info: ===> TimeStamp : 2025-11-25 12:55:49===> API : null ===> Message : validateRequest() invoked
info: ===> TimeStamp : 2025-11-25 12:55:49===> API : null ===> Message : fetchDBSettings()
info: ===> TimeStamp : 2025-11-25 12:55:49===> API : null ===> Message : validateRequest() Invoked!
info: ===> TimeStamp : 2025-11-25 12:55:49===> API : null ===> Message : validRequest() :: Api validated Successfully
info: ===> TimeStamp : 2025-11-25 12:55:49===> API : /api/auth/login ===> Message : loginUser() invoked!!
info: ===> TimeStamp : 2025-11-25 12:55:49===> API : /api/auth/login ===> Message : loginUser() :: Request Object :: [object Object]
info: ===> TimeStamp : 2025-11-25 12:55:49===> API : /api/auth/login ===> Message : loginUserDB() Invoked !
info: ===> TimeStamp : 2025-11-25 12:55:49===> API : /api/auth/login ===> Message : loginUserResponse() invoked!
info: ===> TimeStamp : 2025-11-25 12:55:49===> API : /api/auth/login ===> Message : loginUserResponse() completed
info: ===> TimeStamp : 2025-11-25 13:25:01===> API : null ===> Message : validateRequest() invoked
info: ===> TimeStamp : 2025-11-25 13:25:01===> API : null ===> Message : fetchDBSettings()
info: ===> TimeStamp : 2025-11-25 13:25:01===> API : null ===> Message : validateRequest() Invoked!
info: ===> TimeStamp : 2025-11-25 13:25:01===> API : null ===> Message : validRequest() :: Api validated Successfully
info: ===> TimeStamp : 2025-11-25 13:25:01===> API : /api/auth/validateuser ===> Message : validateUser() :: Request Object :: [object Object]
info: ===> TimeStamp : 2025-11-25 13:25:01===> API : /api/auth/validateuser ===> Message : validateUserDB() Invoked !
info: ===> TimeStamp : 2025-11-25 13:25:01===> API : /api/auth/validateuser ===> Message : validateUser() invoked!!
info: ===> TimeStamp : 2025-11-25 13:25:01===> API : /api/auth/validateuser ===> Message : validateUserResponse() invoked!
info: ===> TimeStamp : 2025-11-25 13:25:01===> API : /api/auth/validateuser ===> Message : validateUserResponse() completed
info: ===> TimeStamp : 2025-11-25 13:25:01===> API : null ===> Message : validateRequest() invoked
info: ===> TimeStamp : 2025-11-25 13:25:01===> API : null ===> Message : fetchDBSettings()
info: ===> TimeStamp : 2025-11-25 13:25:01===> API : null ===> Message : validateRequest() Invoked!
info: ===> TimeStamp : 2025-11-25 13:25:01===> API : null ===> Message : validRequest() :: Api validated Successfully
info: ===> TimeStamp : 2025-11-25 13:25:01===> API : /api/auth/login ===> Message : loginUser() invoked!!
info: ===> TimeStamp : 2025-11-25 13:25:01===> API : /api/auth/login ===> Message : loginUser() :: Request Object :: [object Object]
info: ===> TimeStamp : 2025-11-25 13:25:01===> API : /api/auth/login ===> Message : loginUserDB() Invoked !
info: ===> TimeStamp : 2025-11-25 13:25:01===> API : /api/auth/login ===> Message : loginUserResponse() invoked!
info: ===> TimeStamp : 2025-11-25 13:25:01===> API : /api/auth/login ===> Message : loginUserResponse() completed
info: ===> TimeStamp : 2025-11-25 14:49:58===> API : null ===> Message : validateRequest() invoked
info: ===> TimeStamp : 2025-11-25 14:49:58===> API : null ===> Message : fetchDBSettings()
info: ===> TimeStamp : 2025-11-25 14:49:58===> API : null ===> Message : validateRequest() Invoked!
info: ===> TimeStamp : 2025-11-25 14:49:58===> API : null ===> Message : validRequest() :: Api validated Successfully
info: ===> TimeStamp : 2025-11-25 14:49:58===> API : /api/auth/logout ===> Message : logoutUser() invoked!!
info: ===> TimeStamp : 2025-11-25 14:49:58===> API : /api/auth/logout ===> Message : logoutUser() :: Request Object :: [object Object]
info: ===> TimeStamp : 2025-11-25 14:49:58===> API : /api/auth/logout ===> Message : logoutUserDB() Invoked !
info: ===> TimeStamp : 2025-11-25 14:49:58===> API : /api/auth/logout ===> Message : logoutUserResponse() invoked!
info: ===> TimeStamp : 2025-11-25 14:49:58===> API : /api/auth/logout ===> Message : logoutUserResponse() completed
info: ===> TimeStamp : 2025-11-25 14:50:08===> API : null ===> Message : validateRequest() invoked
info: ===> TimeStamp : 2025-11-25 14:50:08===> API : null ===> Message : fetchDBSettings()
info: ===> TimeStamp : 2025-11-25 14:50:08===> API : null ===> Message : validateRequest() Invoked!
info: ===> TimeStamp : 2025-11-25 14:50:08===> API : null ===> Message : validRequest() :: Api validated Successfully
info: ===> TimeStamp : 2025-11-25 14:50:08===> API : /api/auth/validateuser ===> Message : validateUser() invoked!!
info: ===> TimeStamp : 2025-11-25 14:50:08===> API : /api/auth/validateuser ===> Message : validateUser() :: Request Object :: [object Object]
info: ===> TimeStamp : 2025-11-25 14:50:08===> API : /api/auth/validateuser ===> Message : validateUserDB() Invoked !
info: ===> TimeStamp : 2025-11-25 14:50:08===> API : /api/auth/validateuser ===> Message : validateUserResponse() invoked!
info: ===> TimeStamp : 2025-11-25 14:50:08===> API : /api/auth/validateuser ===> Message : validateUserResponse() completed
info: ===> TimeStamp : 2025-11-25 14:50:08===> API : null ===> Message : validateRequest() invoked
info: ===> TimeStamp : 2025-11-25 14:50:08===> API : null ===> Message : fetchDBSettings()
info: ===> TimeStamp : 2025-11-25 14:50:08===> API : null ===> Message : validateRequest() Invoked!
info: ===> TimeStamp : 2025-11-25 14:50:08===> API : null ===> Message : validRequest() :: Api validated Successfully
info: ===> TimeStamp : 2025-11-25 14:50:08===> API : /api/auth/checkIP ===> Message : checkIP() invoked!!
info: ===> TimeStamp : 2025-11-25 14:50:08===> API : /api/auth/checkIP ===> Message : IPs match: 103.225.102.194
info: ===> TimeStamp : 2025-11-25 14:50:08===> API : /api/auth/checkIP ===> Message : checkIPResponse() invoked!
info: ===> TimeStamp : 2025-11-25 14:50:08===> API : /api/auth/checkIP ===> Message : checkIPResponse() completed
info: ===> TimeStamp : 2025-11-25 14:50:08===> API : null ===> Message : validateRequest() invoked
info: ===> TimeStamp : 2025-11-25 14:50:08===> API : null ===> Message : fetchDBSettings()
info: ===> TimeStamp : 2025-11-25 14:50:08===> API : null ===> Message : validateRequest() Invoked!
info: ===> TimeStamp : 2025-11-25 14:50:08===> API : null ===> Message : validRequest() :: Api validated Successfully
info: ===> TimeStamp : 2025-11-25 14:50:08===> API : /api/auth/login ===> Message : loginUser() invoked!!
info: ===> TimeStamp : 2025-11-25 14:50:08===> API : /api/auth/login ===> Message : loginUser() :: Request Object :: [object Object]
info: ===> TimeStamp : 2025-11-25 14:50:08===> API : /api/auth/login ===> Message : loginUserDB() Invoked !
info: ===> TimeStamp : 2025-11-25 14:50:09===> API : /api/auth/login ===> Message : loginUserResponse() invoked!
info: ===> TimeStamp : 2025-11-25 14:50:09===> API : /api/auth/login ===> Message : loginUserResponse() completed
info: ===> TimeStamp : 2025-11-25 14:50:31===> API : null ===> Message : validateRequest() invoked
info: ===> TimeStamp : 2025-11-25 14:50:31===> API : null ===> Message : fetchDBSettings()
info: ===> TimeStamp : 2025-11-25 14:50:31===> API : null ===> Message : validateRequest() Invoked!
info: ===> TimeStamp : 2025-11-25 14:50:31===> API : null ===> Message : validRequest() :: Api validated Successfully
info: ===> TimeStamp : 2025-11-25 14:50:31===> API : /api/auth/logout ===> Message : logoutUser() invoked!!
info: ===> TimeStamp : 2025-11-25 14:50:31===> API : /api/auth/logout ===> Message : logoutUser() :: Request Object :: [object Object]
info: ===> TimeStamp : 2025-11-25 14:50:31===> API : /api/auth/logout ===> Message : logoutUserDB() Invoked !
info: ===> TimeStamp : 2025-11-25 14:50:31===> API : /api/auth/logout ===> Message : logoutUserResponse() invoked!
info: ===> TimeStamp : 2025-11-25 14:50:31===> API : /api/auth/logout ===> Message : logoutUserResponse() completed
info: ===> TimeStamp : 2025-11-25 14:56:53===> API : null ===> Message : validateRequest() invoked
info: ===> TimeStamp : 2025-11-25 14:56:53===> API : null ===> Message : fetchDBSettings()
info: ===> TimeStamp : 2025-11-25 14:56:53===> API : null ===> Message : validateRequest() Invoked!
info: ===> TimeStamp : 2025-11-25 14:56:53===> API : null ===> Message : validRequest() :: Api validated Successfully
info: ===> TimeStamp : 2025-11-25 14:56:53===> API : /api/auth/validateuser ===> Message : validateUser() :: Request Object :: [object Object]
info: ===> TimeStamp : 2025-11-25 14:56:53===> API : /api/auth/validateuser ===> Message : validateUserDB() Invoked !
info: ===> TimeStamp : 2025-11-25 14:56:53===> API : /api/auth/validateuser ===> Message : validateUser() invoked!!
info: ===> TimeStamp : 2025-11-25 14:56:53===> API : /api/auth/validateuser ===> Message : validateUserResponse() invoked!
info: ===> TimeStamp : 2025-11-25 14:56:53===> API : /api/auth/validateuser ===> Message : validateUserResponse() completed
info: ===> TimeStamp : 2025-11-25 14:56:54===> API : null ===> Message : validateRequest() invoked
info: ===> TimeStamp : 2025-11-25 14:56:54===> API : null ===> Message : fetchDBSettings()
info: ===> TimeStamp : 2025-11-25 14:56:54===> API : null ===> Message : validateRequest() Invoked!
info: ===> TimeStamp : 2025-11-25 14:56:54===> API : null ===> Message : validRequest() :: Api validated Successfully
info: ===> TimeStamp : 2025-11-25 14:56:54===> API : /api/auth/login ===> Message : loginUser() invoked!!
info: ===> TimeStamp : 2025-11-25 14:56:54===> API : /api/auth/login ===> Message : loginUser() :: Request Object :: [object Object]
info: ===> TimeStamp : 2025-11-25 14:56:54===> API : /api/auth/login ===> Message : loginUserDB() Invoked !
info: ===> TimeStamp : 2025-11-25 14:56:54===> API : /api/auth/login ===> Message : loginUserResponse() invoked!
info: ===> TimeStamp : 2025-11-25 14:56:54===> API : /api/auth/login ===> Message : loginUserResponse() completed
info: ===> TimeStamp : 2025-11-25 14:59:47===> API : null ===> Message : validateRequest() invoked
info: ===> TimeStamp : 2025-11-25 14:59:47===> API : null ===> Message : fetchDBSettings()
info: ===> TimeStamp : 2025-11-25 14:59:47===> API : null ===> Message : validateRequest() Invoked!
info: ===> TimeStamp : 2025-11-25 14:59:47===> API : null ===> Message : validRequest() :: Api validated Successfully
info: ===> TimeStamp : 2025-11-25 14:59:47===> API : /api/auth/validateuser ===> Message : validateUser() invoked!!
info: ===> TimeStamp : 2025-11-25 14:59:47===> API : /api/auth/validateuser ===> Message : validateUser() :: Request Object :: [object Object]
info: ===> TimeStamp : 2025-11-25 14:59:47===> API : /api/auth/validateuser ===> Message : validateUserDB() Invoked !
info: ===> TimeStamp : 2025-11-25 14:59:47===> API : /api/auth/validateuser ===> Message : validateUserResponse() invoked!
info: ===> TimeStamp : 2025-11-25 14:59:47===> API : /api/auth/validateuser ===> Message : validateUserResponse() completed
info: ===> TimeStamp : 2025-11-25 14:59:47===> API : null ===> Message : validateRequest() invoked
info: ===> TimeStamp : 2025-11-25 14:59:47===> API : null ===> Message : fetchDBSettings()
info: ===> TimeStamp : 2025-11-25 14:59:47===> API : null ===> Message : validateRequest() Invoked!
info: ===> TimeStamp : 2025-11-25 14:59:47===> API : null ===> Message : validRequest() :: Api validated Successfully
info: ===> TimeStamp : 2025-11-25 14:59:47===> API : /api/auth/checkIP ===> Message : checkIP() invoked!!
info: ===> TimeStamp : 2025-11-25 14:59:47===> API : /api/auth/checkIP ===> Message : IPs match: 103.225.102.194
info: ===> TimeStamp : 2025-11-25 14:59:47===> API : /api/auth/checkIP ===> Message : checkIPResponse() invoked!
info: ===> TimeStamp : 2025-11-25 14:59:47===> API : /api/auth/checkIP ===> Message : checkIPResponse() completed
info: ===> TimeStamp : 2025-11-25 14:59:47===> API : null ===> Message : validateRequest() invoked
info: ===> TimeStamp : 2025-11-25 14:59:47===> API : null ===> Message : fetchDBSettings()
info: ===> TimeStamp : 2025-11-25 14:59:47===> API : null ===> Message : validateRequest() Invoked!
info: ===> TimeStamp : 2025-11-25 14:59:47===> API : null ===> Message : validRequest() :: Api validated Successfully
info: ===> TimeStamp : 2025-11-25 14:59:47===> API : /api/auth/login ===> Message : loginUser() invoked!!
info: ===> TimeStamp : 2025-11-25 14:59:47===> API : /api/auth/login ===> Message : loginUser() :: Request Object :: [object Object]
info: ===> TimeStamp : 2025-11-25 14:59:47===> API : /api/auth/login ===> Message : loginUserDB() Invoked !
info: ===> TimeStamp : 2025-11-25 14:59:47===> API : /api/auth/login ===> Message : loginUserResponse() invoked!
info: ===> TimeStamp : 2025-11-25 14:59:47===> API : /api/auth/login ===> Message : loginUserResponse() completed
info: ===> TimeStamp : 2025-11-25 15:09:05===> API : null ===> Message : validateRequest() invoked
info: ===> TimeStamp : 2025-11-25 15:09:05===> API : null ===> Message : fetchDBSettings()
info: ===> TimeStamp : 2025-11-25 15:09:05===> API : null ===> Message : validateRequest() Invoked!
info: ===> TimeStamp : 2025-11-25 15:09:05===> API : null ===> Message : validRequest() :: Api validated Successfully
info: ===> TimeStamp : 2025-11-25 15:09:05===> API : /api/auth/validateuser ===> Message : validateUser() invoked!!
info: ===> TimeStamp : 2025-11-25 15:09:05===> API : /api/auth/validateuser ===> Message : validateUser() :: Request Object :: [object Object]
info: ===> TimeStamp : 2025-11-25 15:09:05===> API : /api/auth/validateuser ===> Message : validateUserDB() Invoked !
info: ===> TimeStamp : 2025-11-25 15:09:05===> API : /api/auth/validateuser ===> Message : validateUserResponse() invoked!
info: ===> TimeStamp : 2025-11-25 15:09:05===> API : /api/auth/validateuser ===> Message : validateUserResponse() completed
info: ===> TimeStamp : 2025-11-25 15:09:05===> API : null ===> Message : validateRequest() invoked
info: ===> TimeStamp : 2025-11-25 15:09:05===> API : null ===> Message : fetchDBSettings()
info: ===> TimeStamp : 2025-11-25 15:09:05===> API : null ===> Message : validateRequest() Invoked!
info: ===> TimeStamp : 2025-11-25 15:09:05===> API : null ===> Message : validRequest() :: Api validated Successfully
info: ===> TimeStamp : 2025-11-25 15:09:05===> API : /api/auth/login ===> Message : loginUser() invoked!!
info: ===> TimeStamp : 2025-11-25 15:09:05===> API : /api/auth/login ===> Message : loginUser() :: Request Object :: [object Object]
info: ===> TimeStamp : 2025-11-25 15:09:05===> API : /api/auth/login ===> Message : loginUserDB() Invoked !
info: ===> TimeStamp : 2025-11-25 15:09:05===> API : /api/auth/login ===> Message : loginUserResponse() invoked!
info: ===> TimeStamp : 2025-11-25 15:09:05===> API : /api/auth/login ===> Message : loginUserResponse() completed
info: ===> TimeStamp : 2025-11-25 15:53:36===> API : null ===> Message : validateRequest() invoked
info: ===> TimeStamp : 2025-11-25 15:53:36===> API : null ===> Message : validateRequest() Error:: Invalid Request :: 
      {"apiUri":"/"}
info: ===> TimeStamp : 2025-11-25 15:53:48===> API : null ===> Message : validateRequest() invoked
info: ===> TimeStamp : 2025-11-25 15:53:48===> API : null ===> Message : validateRequest() Error:: Invalid Request :: 
      {"apiUri":"/"}
info: ===> TimeStamp : 2025-11-25 15:53:49===> API : null ===> Message : validateRequest() invoked
info: ===> TimeStamp : 2025-11-25 15:53:49===> API : null ===> Message : validateRequest() Error:: Invalid Request :: 
      {"apiUri":"/favicon.ico"}
info: ===> TimeStamp : 2025-11-25 15:53:55===> API : null ===> Message : validateRequest() invoked
info: ===> TimeStamp : 2025-11-25 15:53:55===> API : null ===> Message : validateRequest() Error:: Invalid Request :: 
      {"apiUri":"/robots.txt"}
info: ===> TimeStamp : 2025-11-25 15:53:55===> API : null ===> Message : validateRequest() invoked
info: ===> TimeStamp : 2025-11-25 15:53:55===> API : null ===> Message : validateRequest() Error:: Invalid Request :: 
      {"apiUri":"/favicon.ico"}
info: ===> TimeStamp : 2025-11-25 16:33:33===> API : null ===> Message : validateRequest() invoked
info: ===> TimeStamp : 2025-11-25 16:33:33===> API : null ===> Message : validateRequest() Error:: Invalid Request :: 
      {"apiUri":"/"}
info: ===> TimeStamp : 2025-11-25 16:33:37===> API : null ===> Message : validateRequest() invoked
info: ===> TimeStamp : 2025-11-25 16:33:37===> API : null ===> Message : validateRequest() Error:: Invalid Request :: 
      {"apiUri":"/favicon.ico"}
info: ===> TimeStamp : 2025-11-25 16:33:41===> API : null ===> Message : validateRequest() invoked
info: ===> TimeStamp : 2025-11-25 16:33:41===> API : null ===> Message : validateRequest() Error:: Invalid Request :: 
      {"apiUri":"/wiki"}
info: ===> TimeStamp : 2025-11-25 16:33:43===> API : null ===> Message : validateRequest() Error:: Invalid Request :: 
      {"apiUri":"/favicon.ico"}
info: ===> TimeStamp : 2025-11-25 16:33:43===> API : null ===> Message : validateRequest() invoked
info: ===> TimeStamp : 2025-11-25 16:34:50===> API : null ===> Message : validateRequest() invoked
info: ===> TimeStamp : 2025-11-25 16:34:50===> API : null ===> Message : validateRequest() Error:: Invalid Request :: 
      {"apiUri":"/wiki"}
info: ===> TimeStamp : 2025-11-25 16:34:51===> API : null ===> Message : validateRequest() invoked
info: ===> TimeStamp : 2025-11-25 16:34:51===> API : null ===> Message : validateRequest() Error:: Invalid Request :: 
      {"apiUri":"/favicon.ico"}
info: ===> TimeStamp : 2025-11-25 18:15:57===> API : null ===> Message : validateRequest() invoked
info: ===> TimeStamp : 2025-11-25 18:15:57===> API : null ===> Message : fetchDBSettings()
info: ===> TimeStamp : 2025-11-25 18:15:57===> API : null ===> Message : validateRequest() Invoked!
info: ===> TimeStamp : 2025-11-25 18:15:57===> API : null ===> Message : validRequest() :: Api validated Successfully
info: ===> TimeStamp : 2025-11-25 18:15:57===> API : /api/auth/validateuser ===> Message : validateUser() invoked!!
info: ===> TimeStamp : 2025-11-25 18:15:57===> API : /api/auth/validateuser ===> Message : validateUser() :: Request Object :: [object Object]
info: ===> TimeStamp : 2025-11-25 18:15:57===> API : /api/auth/validateuser ===> Message : validateUserDB() Invoked !
info: ===> TimeStamp : 2025-11-25 18:15:57===> API : /api/auth/validateuser ===> Message : validateUserResponse() invoked!
info: ===> TimeStamp : 2025-11-25 18:15:57===> API : /api/auth/validateuser ===> Message : validateUserResponse() completed
info: ===> TimeStamp : 2025-11-25 18:15:57===> API : null ===> Message : validateRequest() invoked
info: ===> TimeStamp : 2025-11-25 18:15:57===> API : null ===> Message : fetchDBSettings()
info: ===> TimeStamp : 2025-11-25 18:15:57===> API : null ===> Message : validateRequest() Invoked!
info: ===> TimeStamp : 2025-11-25 18:15:57===> API : null ===> Message : validRequest() :: Api validated Successfully
info: ===> TimeStamp : 2025-11-25 18:15:57===> API : /api/auth/login ===> Message : loginUser() invoked!!
info: ===> TimeStamp : 2025-11-25 18:15:57===> API : /api/auth/login ===> Message : loginUser() :: Request Object :: [object Object]
info: ===> TimeStamp : 2025-11-25 18:15:57===> API : /api/auth/login ===> Message : loginUserDB() Invoked !
info: ===> TimeStamp : 2025-11-25 18:15:58===> API : /api/auth/login ===> Message : loginUserResponse() invoked!
info: ===> TimeStamp : 2025-11-25 18:15:58===> API : /api/auth/login ===> Message : loginUserResponse() completed
info: ===> TimeStamp : 2025-11-25 18:39:16===> API : null ===> Message : validateRequest() invoked
info: ===> TimeStamp : 2025-11-25 18:39:16===> API : null ===> Message : fetchDBSettings()
info: ===> TimeStamp : 2025-11-25 18:39:16===> API : null ===> Message : validateRequest() Invoked!
info: ===> TimeStamp : 2025-11-25 18:39:16===> API : null ===> Message : validRequest() :: Api validated Successfully
info: ===> TimeStamp : 2025-11-25 18:39:16===> API : /api/auth/validateuser ===> Message : validateUser() invoked!!
info: ===> TimeStamp : 2025-11-25 18:39:16===> API : /api/auth/validateuser ===> Message : validateUser() :: Request Object :: [object Object]
info: ===> TimeStamp : 2025-11-25 18:39:16===> API : /api/auth/validateuser ===> Message : validateUserDB() Invoked !
info: ===> TimeStamp : 2025-11-25 18:39:16===> API : /api/auth/validateuser ===> Message : validateUserResponse() invoked!
info: ===> TimeStamp : 2025-11-25 18:39:16===> API : /api/auth/validateuser ===> Message : validateUserResponse() completed
info: ===> TimeStamp : 2025-11-25 18:39:16===> API : null ===> Message : validateRequest() invoked
info: ===> TimeStamp : 2025-11-25 18:39:16===> API : null ===> Message : fetchDBSettings()
info: ===> TimeStamp : 2025-11-25 18:39:17===> API : null ===> Message : validateRequest() Invoked!
info: ===> TimeStamp : 2025-11-25 18:39:17===> API : null ===> Message : validRequest() :: Api validated Successfully
info: ===> TimeStamp : 2025-11-25 18:39:17===> API : /api/auth/login ===> Message : loginUser() invoked!!
info: ===> TimeStamp : 2025-11-25 18:39:17===> API : /api/auth/login ===> Message : loginUser() :: Request Object :: [object Object]
info: ===> TimeStamp : 2025-11-25 18:39:17===> API : /api/auth/login ===> Message : loginUserDB() Invoked !
info: ===> TimeStamp : 2025-11-25 18:39:17===> API : /api/auth/login ===> Message : loginUserResponse() invoked!
info: ===> TimeStamp : 2025-11-25 18:39:17===> API : /api/auth/login ===> Message : loginUserResponse() completed
info: ===> TimeStamp : 2025-11-25 18:44:36===> API : null ===> Message : validateRequest() invoked
info: ===> TimeStamp : 2025-11-25 18:44:36===> API : null ===> Message : validateRequest() Error:: Invalid Request :: 
      {"apiUri":"/pdown"}
info: ===> TimeStamp : 2025-11-25 19:03:24===> API : null ===> Message : validateRequest() invoked
info: ===> TimeStamp : 2025-11-25 19:03:24===> API : null ===> Message : fetchDBSettings()
info: ===> TimeStamp : 2025-11-25 19:03:24===> API : null ===> Message : validateRequest() Invoked!
info: ===> TimeStamp : 2025-11-25 19:03:24===> API : null ===> Message : validRequest() :: Api validated Successfully
info: ===> TimeStamp : 2025-11-25 19:03:24===> API : /api/auth/validateuser ===> Message : validateUser() invoked!!
info: ===> TimeStamp : 2025-11-25 19:03:24===> API : /api/auth/validateuser ===> Message : validateUser() :: Request Object :: [object Object]
info: ===> TimeStamp : 2025-11-25 19:03:24===> API : /api/auth/validateuser ===> Message : validateUserDB() Invoked !
info: ===> TimeStamp : 2025-11-25 19:03:24===> API : /api/auth/validateuser ===> Message : validateUserResponse() invoked!
info: ===> TimeStamp : 2025-11-25 19:03:24===> API : /api/auth/validateuser ===> Message : validateUserResponse() completed
info: ===> TimeStamp : 2025-11-25 19:03:25===> API : null ===> Message : validateRequest() invoked
info: ===> TimeStamp : 2025-11-25 19:03:25===> API : null ===> Message : fetchDBSettings()
info: ===> TimeStamp : 2025-11-25 19:03:25===> API : null ===> Message : validateRequest() Invoked!
info: ===> TimeStamp : 2025-11-25 19:03:25===> API : null ===> Message : validRequest() :: Api validated Successfully
info: ===> TimeStamp : 2025-11-25 19:03:25===> API : /api/auth/login ===> Message : loginUser() invoked!!
info: ===> TimeStamp : 2025-11-25 19:03:25===> API : /api/auth/login ===> Message : loginUser() :: Request Object :: [object Object]
info: ===> TimeStamp : 2025-11-25 19:03:25===> API : /api/auth/login ===> Message : loginUserDB() Invoked !
info: ===> TimeStamp : 2025-11-25 19:03:25===> API : /api/auth/login ===> Message : loginUserResponse() invoked!
info: ===> TimeStamp : 2025-11-25 19:03:25===> API : /api/auth/login ===> Message : loginUserResponse() completed
info: ===> TimeStamp : 2025-11-25 19:14:38===> API : null ===> Message : validateRequest() invoked
info: ===> TimeStamp : 2025-11-25 19:14:38===> API : null ===> Message : fetchDBSettings()
info: ===> TimeStamp : 2025-11-25 19:14:38===> API : null ===> Message : validateRequest() Invoked!
info: ===> TimeStamp : 2025-11-25 19:14:38===> API : null ===> Message : validRequest() :: Api validated Successfully
info: ===> TimeStamp : 2025-11-25 19:14:38===> API : /api/auth/validateuser ===> Message : validateUser() invoked!!
info: ===> TimeStamp : 2025-11-25 19:14:38===> API : /api/auth/validateuser ===> Message : validateUser() :: Request Object :: [object Object]
info: ===> TimeStamp : 2025-11-25 19:14:38===> API : /api/auth/validateuser ===> Message : validateUserDB() Invoked !
info: ===> TimeStamp : 2025-11-25 19:14:38===> API : /api/auth/validateuser ===> Message : validateUserResponse() invoked!
info: ===> TimeStamp : 2025-11-25 19:14:38===> API : /api/auth/validateuser ===> Message : validateUserResponse() completed
info: ===> TimeStamp : 2025-11-25 19:14:38===> API : null ===> Message : validateRequest() invoked
info: ===> TimeStamp : 2025-11-25 19:14:38===> API : null ===> Message : fetchDBSettings()
info: ===> TimeStamp : 2025-11-25 19:14:38===> API : null ===> Message : validateRequest() Invoked!
info: ===> TimeStamp : 2025-11-25 19:14:39===> API : null ===> Message : validRequest() :: Api validated Successfully
info: ===> TimeStamp : 2025-11-25 19:14:39===> API : /api/auth/login ===> Message : loginUser() invoked!!
info: ===> TimeStamp : 2025-11-25 19:14:39===> API : /api/auth/login ===> Message : loginUser() :: Request Object :: [object Object]
info: ===> TimeStamp : 2025-11-25 19:14:39===> API : /api/auth/login ===> Message : loginUserDB() Invoked !
info: ===> TimeStamp : 2025-11-25 19:14:39===> API : /api/auth/login ===> Message : loginUserResponse() invoked!
info: ===> TimeStamp : 2025-11-25 19:14:39===> API : /api/auth/login ===> Message : loginUserResponse() completed
info: ===> TimeStamp : 2025-11-25 19:34:14===> API : null ===> Message : validateRequest() invoked
info: ===> TimeStamp : 2025-11-25 19:34:14===> API : null ===> Message : fetchDBSettings()
info: ===> TimeStamp : 2025-11-25 19:34:14===> API : null ===> Message : validateRequest() Invoked!
info: ===> TimeStamp : 2025-11-25 19:34:14===> API : null ===> Message : validRequest() :: Api validated Successfully
info: ===> TimeStamp : 2025-11-25 19:34:14===> API : /api/auth/validateuser ===> Message : validateUser() invoked!!
info: ===> TimeStamp : 2025-11-25 19:34:14===> API : /api/auth/validateuser ===> Message : validateUser() :: Request Object :: [object Object]
info: ===> TimeStamp : 2025-11-25 19:34:14===> API : /api/auth/validateuser ===> Message : validateUserDB() Invoked !
info: ===> TimeStamp : 2025-11-25 19:34:14===> API : /api/auth/validateuser ===> Message : validateUserResponse() invoked!
info: ===> TimeStamp : 2025-11-25 19:34:14===> API : /api/auth/validateuser ===> Message : validateUserResponse() completed
info: ===> TimeStamp : 2025-11-25 19:34:15===> API : null ===> Message : validateRequest() invoked
info: ===> TimeStamp : 2025-11-25 19:34:15===> API : null ===> Message : fetchDBSettings()
info: ===> TimeStamp : 2025-11-25 19:34:15===> API : null ===> Message : validateRequest() Invoked!
info: ===> TimeStamp : 2025-11-25 19:34:15===> API : null ===> Message : validRequest() :: Api validated Successfully
info: ===> TimeStamp : 2025-11-25 19:34:15===> API : /api/auth/login ===> Message : loginUser() invoked!!
info: ===> TimeStamp : 2025-11-25 19:34:15===> API : /api/auth/login ===> Message : loginUser() :: Request Object :: [object Object]
info: ===> TimeStamp : 2025-11-25 19:34:15===> API : /api/auth/login ===> Message : loginUserDB() Invoked !
info: ===> TimeStamp : 2025-11-25 19:34:15===> API : /api/auth/login ===> Message : loginUserResponse() invoked!
info: ===> TimeStamp : 2025-11-25 19:34:15===> API : /api/auth/login ===> Message : loginUserResponse() completed
info: ===> TimeStamp : 2025-11-25 20:01:40===> API : null ===> Message : validateRequest() invoked
info: ===> TimeStamp : 2025-11-25 20:01:40===> API : null ===> Message : fetchDBSettings()
info: ===> TimeStamp : 2025-11-25 20:01:40===> API : null ===> Message : validateRequest() Invoked!
info: ===> TimeStamp : 2025-11-25 20:01:40===> API : null ===> Message : validRequest() :: Api validated Successfully
info: ===> TimeStamp : 2025-11-25 20:01:40===> API : /api/auth/validateuser ===> Message : validateUser() invoked!!
info: ===> TimeStamp : 2025-11-25 20:01:40===> API : /api/auth/validateuser ===> Message : validateUser() :: Request Object :: [object Object]
info: ===> TimeStamp : 2025-11-25 20:01:40===> API : /api/auth/validateuser ===> Message : validateUserDB() Invoked !
info: ===> TimeStamp : 2025-11-25 20:01:40===> API : /api/auth/validateuser ===> Message : validateUserResponse() invoked!
info: ===> TimeStamp : 2025-11-25 20:01:40===> API : /api/auth/validateuser ===> Message : validateUserResponse() completed
info: ===> TimeStamp : 2025-11-25 20:01:40===> API : null ===> Message : validateRequest() invoked
info: ===> TimeStamp : 2025-11-25 20:01:40===> API : null ===> Message : fetchDBSettings()
info: ===> TimeStamp : 2025-11-25 20:01:40===> API : null ===> Message : validateRequest() Invoked!
info: ===> TimeStamp : 2025-11-25 20:01:40===> API : null ===> Message : validRequest() :: Api validated Successfully
info: ===> TimeStamp : 2025-11-25 20:01:40===> API : /api/auth/checkIP ===> Message : checkIP() invoked!!
info: ===> TimeStamp : 2025-11-25 20:01:40===> API : /api/auth/checkIP ===> Message : IPs match: 103.225.102.194
info: ===> TimeStamp : 2025-11-25 20:01:40===> API : /api/auth/checkIP ===> Message : checkIPResponse() invoked!
info: ===> TimeStamp : 2025-11-25 20:01:40===> API : /api/auth/checkIP ===> Message : checkIPResponse() completed
info: ===> TimeStamp : 2025-11-25 20:01:40===> API : null ===> Message : validateRequest() invoked
info: ===> TimeStamp : 2025-11-25 20:01:40===> API : null ===> Message : fetchDBSettings()
info: ===> TimeStamp : 2025-11-25 20:01:40===> API : null ===> Message : validateRequest() Invoked!
info: ===> TimeStamp : 2025-11-25 20:01:40===> API : null ===> Message : validRequest() :: Api validated Successfully
info: ===> TimeStamp : 2025-11-25 20:01:40===> API : /api/auth/login ===> Message : loginUser() invoked!!
info: ===> TimeStamp : 2025-11-25 20:01:40===> API : /api/auth/login ===> Message : loginUser() :: Request Object :: [object Object]
info: ===> TimeStamp : 2025-11-25 20:01:40===> API : /api/auth/login ===> Message : loginUserDB() Invoked !
info: ===> TimeStamp : 2025-11-25 20:01:41===> API : /api/auth/login ===> Message : loginUserResponse() invoked!
info: ===> TimeStamp : 2025-11-25 20:01:41===> API : /api/auth/login ===> Message : loginUserResponse() completed
info: ===> TimeStamp : 2025-11-25 20:11:00===> API : null ===> Message : validateRequest() invoked
info: ===> TimeStamp : 2025-11-25 20:11:00===> API : null ===> Message : fetchDBSettings()
info: ===> TimeStamp : 2025-11-25 20:11:00===> API : null ===> Message : validateRequest() Invoked!
info: ===> TimeStamp : 2025-11-25 20:11:00===> API : null ===> Message : validRequest() :: Api validated Successfully
info: ===> TimeStamp : 2025-11-25 20:11:00===> API : /api/auth/validateuser ===> Message : validateUser() invoked!!
info: ===> TimeStamp : 2025-11-25 20:11:00===> API : /api/auth/validateuser ===> Message : validateUser() :: Request Object :: [object Object]
info: ===> TimeStamp : 2025-11-25 20:11:00===> API : /api/auth/validateuser ===> Message : validateUserDB() Invoked !
info: ===> TimeStamp : 2025-11-25 20:11:00===> API : /api/auth/validateuser ===> Message : validateUserResponse() invoked!
info: ===> TimeStamp : 2025-11-25 20:11:00===> API : /api/auth/validateuser ===> Message : validateUserResponse() completed
info: ===> TimeStamp : 2025-11-25 20:11:00===> API : null ===> Message : validateRequest() invoked
info: ===> TimeStamp : 2025-11-25 20:11:00===> API : null ===> Message : fetchDBSettings()
info: ===> TimeStamp : 2025-11-25 20:11:00===> API : null ===> Message : validateRequest() Invoked!
info: ===> TimeStamp : 2025-11-25 20:11:00===> API : null ===> Message : validRequest() :: Api validated Successfully
info: ===> TimeStamp : 2025-11-25 20:11:00===> API : /api/auth/login ===> Message : loginUser() invoked!!
info: ===> TimeStamp : 2025-11-25 20:11:00===> API : /api/auth/login ===> Message : loginUser() :: Request Object :: [object Object]
info: ===> TimeStamp : 2025-11-25 20:11:00===> API : /api/auth/login ===> Message : loginUserDB() Invoked !
info: ===> TimeStamp : 2025-11-25 20:11:00===> API : /api/auth/login ===> Message : loginUserResponse() invoked!
info: ===> TimeStamp : 2025-11-25 20:11:00===> API : /api/auth/login ===> Message : loginUserResponse() completed
info: ===> TimeStamp : 2025-11-25 20:13:54===> API : null ===> Message : validateRequest() invoked
info: ===> TimeStamp : 2025-11-25 20:13:54===> API : null ===> Message : fetchDBSettings()
info: ===> TimeStamp : 2025-11-25 20:13:54===> API : null ===> Message : validateRequest() Invoked!
info: ===> TimeStamp : 2025-11-25 20:13:54===> API : null ===> Message : validRequest() :: Api validated Successfully
info: ===> TimeStamp : 2025-11-25 20:13:54===> API : /api/auth/validateuser ===> Message : validateUser() invoked!!
info: ===> TimeStamp : 2025-11-25 20:13:54===> API : /api/auth/validateuser ===> Message : validateUser() :: Request Object :: [object Object]
info: ===> TimeStamp : 2025-11-25 20:13:54===> API : /api/auth/validateuser ===> Message : validateUserDB() Invoked !
info: ===> TimeStamp : 2025-11-25 20:13:54===> API : /api/auth/validateuser ===> Message : validateUserResponse() invoked!
info: ===> TimeStamp : 2025-11-25 20:13:54===> API : /api/auth/validateuser ===> Message : validateUserResponse() completed
info: ===> TimeStamp : 2025-11-25 20:13:54===> API : null ===> Message : validateRequest() invoked
info: ===> TimeStamp : 2025-11-25 20:13:54===> API : null ===> Message : fetchDBSettings()
info: ===> TimeStamp : 2025-11-25 20:13:54===> API : null ===> Message : validateRequest() Invoked!
info: ===> TimeStamp : 2025-11-25 20:13:54===> API : null ===> Message : validRequest() :: Api validated Successfully
info: ===> TimeStamp : 2025-11-25 20:13:54===> API : /api/auth/login ===> Message : loginUser() invoked!!
info: ===> TimeStamp : 2025-11-25 20:13:54===> API : /api/auth/login ===> Message : loginUser() :: Request Object :: [object Object]
info: ===> TimeStamp : 2025-11-25 20:13:54===> API : /api/auth/login ===> Message : loginUserDB() Invoked !
info: ===> TimeStamp : 2025-11-25 20:13:54===> API : null ===> Message : validateRequest() invoked
info: ===> TimeStamp : 2025-11-25 20:13:54===> API : null ===> Message : fetchDBSettings()
info: ===> TimeStamp : 2025-11-25 20:13:54===> API : null ===> Message : validateRequest() Invoked!
info: ===> TimeStamp : 2025-11-25 20:13:54===> API : /api/auth/login ===> Message : loginUserResponse() invoked!
info: ===> TimeStamp : 2025-11-25 20:13:54===> API : /api/auth/login ===> Message : loginUserResponse() completed
info: ===> TimeStamp : 2025-11-25 20:13:54===> API : null ===> Message : validRequest() :: Api validated Successfully
info: ===> TimeStamp : 2025-11-25 20:13:54===> API : /api/auth/validateuser ===> Message : validateUser() invoked!!
info: ===> TimeStamp : 2025-11-25 20:13:54===> API : /api/auth/validateuser ===> Message : validateUser() :: Request Object :: [object Object]
info: ===> TimeStamp : 2025-11-25 20:13:54===> API : /api/auth/validateuser ===> Message : validateUserDB() Invoked !
info: ===> TimeStamp : 2025-11-25 20:13:54===> API : /api/auth/validateuser ===> Message : validateUserResponse() invoked!
info: ===> TimeStamp : 2025-11-25 20:13:54===> API : /api/auth/validateuser ===> Message : validateUserResponse() completed
info: ===> TimeStamp : 2025-11-25 20:13:54===> API : null ===> Message : validateRequest() invoked
info: ===> TimeStamp : 2025-11-25 20:13:54===> API : null ===> Message : fetchDBSettings()
info: ===> TimeStamp : 2025-11-25 20:13:54===> API : null ===> Message : validateRequest() Invoked!
info: ===> TimeStamp : 2025-11-25 20:13:54===> API : null ===> Message : validRequest() :: Api validated Successfully
info: ===> TimeStamp : 2025-11-25 20:13:54===> API : /api/auth/login ===> Message : loginUser() :: Request Object :: [object Object]
info: ===> TimeStamp : 2025-11-25 20:13:54===> API : /api/auth/login ===> Message : loginUser() invoked!!
info: ===> TimeStamp : 2025-11-25 20:13:54===> API : /api/auth/login ===> Message : loginUserDB() Invoked !
info: ===> TimeStamp : 2025-11-25 20:13:54===> API : /api/auth/login ===> Message : loginUserResponse() invoked!
info: ===> TimeStamp : 2025-11-25 20:13:54===> API : /api/auth/login ===> Message : loginUserResponse() completed
info: ===> TimeStamp : 2025-11-25 20:14:44===> API : null ===> Message : fetchDBSettings()
info: ===> TimeStamp : 2025-11-25 20:14:44===> API : null ===> Message : validateRequest() invoked
info: ===> TimeStamp : 2025-11-25 20:14:44===> API : null ===> Message : validateRequest() Invoked!
info: ===> TimeStamp : 2025-11-25 20:14:44===> API : null ===> Message : validRequest() :: Api validated Successfully
info: ===> TimeStamp : 2025-11-25 20:14:44===> API : /api/auth/validateuser ===> Message : validateUser() invoked!!
info: ===> TimeStamp : 2025-11-25 20:14:44===> API : /api/auth/validateuser ===> Message : validateUser() :: Request Object :: [object Object]
info: ===> TimeStamp : 2025-11-25 20:14:44===> API : /api/auth/validateuser ===> Message : validateUserDB() Invoked !
info: ===> TimeStamp : 2025-11-25 20:14:44===> API : /api/auth/validateuser ===> Message : validateUserResponse() invoked!
info: ===> TimeStamp : 2025-11-25 20:14:44===> API : /api/auth/validateuser ===> Message : validateUserResponse() completed
info: ===> TimeStamp : 2025-11-25 20:14:44===> API : null ===> Message : validateRequest() invoked
info: ===> TimeStamp : 2025-11-25 20:14:44===> API : null ===> Message : fetchDBSettings()
info: ===> TimeStamp : 2025-11-25 20:14:44===> API : null ===> Message : validateRequest() Invoked!
info: ===> TimeStamp : 2025-11-25 20:14:44===> API : null ===> Message : validRequest() :: Api validated Successfully
info: ===> TimeStamp : 2025-11-25 20:14:44===> API : /api/auth/login ===> Message : loginUser() invoked!!
info: ===> TimeStamp : 2025-11-25 20:14:44===> API : /api/auth/login ===> Message : loginUser() :: Request Object :: [object Object]
info: ===> TimeStamp : 2025-11-25 20:14:44===> API : /api/auth/login ===> Message : loginUserDB() Invoked !
info: ===> TimeStamp : 2025-11-25 20:14:44===> API : /api/auth/login ===> Message : loginUserResponse() invoked!
info: ===> TimeStamp : 2025-11-25 20:14:44===> API : /api/auth/login ===> Message : loginUserResponse() completed
info: ===> TimeStamp : 2025-11-25 21:49:32===> API : null ===> Message : validateRequest() invoked
info: ===> TimeStamp : 2025-11-25 21:49:32===> API : null ===> Message : fetchDBSettings()
info: ===> TimeStamp : 2025-11-25 21:49:32===> API : null ===> Message : validateRequest() Invoked!
info: ===> TimeStamp : 2025-11-25 21:49:32===> API : null ===> Message : validRequest() :: Api validated Successfully
info: ===> TimeStamp : 2025-11-25 21:49:32===> API : /api/auth/logout ===> Message : logoutUser() invoked!!
info: ===> TimeStamp : 2025-11-25 21:49:32===> API : /api/auth/logout ===> Message : logoutUser() :: Request Object :: [object Object]
info: ===> TimeStamp : 2025-11-25 21:49:32===> API : /api/auth/logout ===> Message : logoutUserDB() Invoked !
info: ===> TimeStamp : 2025-11-25 21:49:32===> API : /api/auth/logout ===> Message : logoutUserResponse() invoked!
info: ===> TimeStamp : 2025-11-25 21:49:32===> API : /api/auth/logout ===> Message : logoutUserResponse() completed
info: ===> TimeStamp : 2025-11-25 21:49:40===> API : null ===> Message : validateRequest() invoked
info: ===> TimeStamp : 2025-11-25 21:49:40===> API : null ===> Message : fetchDBSettings()
info: ===> TimeStamp : 2025-11-25 21:49:40===> API : null ===> Message : validateRequest() Invoked!
info: ===> TimeStamp : 2025-11-25 21:49:41===> API : null ===> Message : validRequest() :: Api validated Successfully
info: ===> TimeStamp : 2025-11-25 21:49:41===> API : /api/auth/validateuser ===> Message : validateUser() invoked!!
info: ===> TimeStamp : 2025-11-25 21:49:41===> API : /api/auth/validateuser ===> Message : validateUser() :: Request Object :: [object Object]
info: ===> TimeStamp : 2025-11-25 21:49:41===> API : /api/auth/validateuser ===> Message : validateUserDB() Invoked !
info: ===> TimeStamp : 2025-11-25 21:49:41===> API : /api/auth/validateuser ===> Message : validateUserResponse() invoked!
info: ===> TimeStamp : 2025-11-25 21:49:41===> API : /api/auth/validateuser ===> Message : validateUserResponse() completed
info: ===> TimeStamp : 2025-11-25 21:49:41===> API : null ===> Message : validateRequest() invoked
info: ===> TimeStamp : 2025-11-25 21:49:41===> API : null ===> Message : fetchDBSettings()
info: ===> TimeStamp : 2025-11-25 21:49:41===> API : null ===> Message : validateRequest() Invoked!
info: ===> TimeStamp : 2025-11-25 21:49:41===> API : null ===> Message : validRequest() :: Api validated Successfully
info: ===> TimeStamp : 2025-11-25 21:49:41===> API : /api/auth/login ===> Message : loginUser() invoked!!
info: ===> TimeStamp : 2025-11-25 21:49:41===> API : /api/auth/login ===> Message : loginUser() :: Request Object :: [object Object]
info: ===> TimeStamp : 2025-11-25 21:49:41===> API : /api/auth/login ===> Message : loginUserDB() Invoked !
info: ===> TimeStamp : 2025-11-25 21:49:41===> API : /api/auth/login ===> Message : loginUserResponse() invoked!
info: ===> TimeStamp : 2025-11-25 21:49:41===> API : /api/auth/login ===> Message : loginUserResponse() completed
info: ===> TimeStamp : 2025-11-25 21:54:42===> API : null ===> Message : validateRequest() invoked
info: ===> TimeStamp : 2025-11-25 21:54:42===> API : null ===> Message : fetchDBSettings()
info: ===> TimeStamp : 2025-11-25 21:54:42===> API : null ===> Message : validateRequest() Invoked!
info: ===> TimeStamp : 2025-11-25 21:54:42===> API : null ===> Message : validRequest() :: Api validated Successfully
info: ===> TimeStamp : 2025-11-25 21:54:42===> API : /api/auth/logout ===> Message : logoutUser() invoked!!
info: ===> TimeStamp : 2025-11-25 21:54:42===> API : /api/auth/logout ===> Message : logoutUser() :: Request Object :: [object Object]
info: ===> TimeStamp : 2025-11-25 21:54:42===> API : /api/auth/logout ===> Message : logoutUserDB() Invoked !
info: ===> TimeStamp : 2025-11-25 21:54:42===> API : /api/auth/logout ===> Message : logoutUserResponse() invoked!
info: ===> TimeStamp : 2025-11-25 21:54:42===> API : /api/auth/logout ===> Message : logoutUserResponse() completed
info: ===> TimeStamp : 2025-11-25 21:54:52===> API : null ===> Message : validateRequest() invoked
info: ===> TimeStamp : 2025-11-25 21:54:52===> API : null ===> Message : fetchDBSettings()
info: ===> TimeStamp : 2025-11-25 21:54:52===> API : null ===> Message : validateRequest() Invoked!
info: ===> TimeStamp : 2025-11-25 21:54:52===> API : null ===> Message : validRequest() :: Api validated Successfully
info: ===> TimeStamp : 2025-11-25 21:54:52===> API : /api/auth/validateuser ===> Message : validateUser() invoked!!
info: ===> TimeStamp : 2025-11-25 21:54:52===> API : /api/auth/validateuser ===> Message : validateUser() :: Request Object :: [object Object]
info: ===> TimeStamp : 2025-11-25 21:54:52===> API : /api/auth/validateuser ===> Message : validateUserDB() Invoked !
info: ===> TimeStamp : 2025-11-25 21:54:52===> API : /api/auth/validateuser ===> Message : validateUserResponse() invoked!
info: ===> TimeStamp : 2025-11-25 21:54:52===> API : /api/auth/validateuser ===> Message : validateUserResponse() completed
info: ===> TimeStamp : 2025-11-25 21:54:52===> API : null ===> Message : validateRequest() invoked
info: ===> TimeStamp : 2025-11-25 21:54:52===> API : null ===> Message : fetchDBSettings()
info: ===> TimeStamp : 2025-11-25 21:54:52===> API : null ===> Message : validateRequest() Invoked!
info: ===> TimeStamp : 2025-11-25 21:54:52===> API : null ===> Message : validRequest() :: Api validated Successfully
info: ===> TimeStamp : 2025-11-25 21:54:52===> API : /api/auth/checkIP ===> Message : checkIP() invoked!!
info: ===> TimeStamp : 2025-11-25 21:54:52===> API : /api/auth/checkIP ===> Message : IPs match: 103.225.102.194
info: ===> TimeStamp : 2025-11-25 21:54:52===> API : /api/auth/checkIP ===> Message : checkIPResponse() invoked!
info: ===> TimeStamp : 2025-11-25 21:54:52===> API : /api/auth/checkIP ===> Message : checkIPResponse() completed
info: ===> TimeStamp : 2025-11-25 21:54:53===> API : null ===> Message : validateRequest() invoked
info: ===> TimeStamp : 2025-11-25 21:54:53===> API : null ===> Message : fetchDBSettings()
info: ===> TimeStamp : 2025-11-25 21:54:53===> API : null ===> Message : validateRequest() Invoked!
info: ===> TimeStamp : 2025-11-25 21:54:53===> API : null ===> Message : validRequest() :: Api validated Successfully
info: ===> TimeStamp : 2025-11-25 21:54:53===> API : /api/auth/login ===> Message : loginUser() invoked!!
info: ===> TimeStamp : 2025-11-25 21:54:53===> API : /api/auth/login ===> Message : loginUser() :: Request Object :: [object Object]
info: ===> TimeStamp : 2025-11-25 21:54:53===> API : /api/auth/login ===> Message : loginUserDB() Invoked !
info: ===> TimeStamp : 2025-11-25 21:54:53===> API : /api/auth/login ===> Message : loginUserResponse() invoked!
info: ===> TimeStamp : 2025-11-25 21:54:53===> API : /api/auth/login ===> Message : loginUserResponse() completed
info: ===> TimeStamp : 2025-11-25 21:55:26===> API : null ===> Message : validateRequest() invoked
info: ===> TimeStamp : 2025-11-25 21:55:26===> API : null ===> Message : fetchDBSettings()
info: ===> TimeStamp : 2025-11-25 21:55:26===> API : null ===> Message : validateRequest() Invoked!
info: ===> TimeStamp : 2025-11-25 21:55:26===> API : null ===> Message : validRequest() :: Api validated Successfully
info: ===> TimeStamp : 2025-11-25 21:55:26===> API : /api/auth/validateuser ===> Message : validateUser() invoked!!
info: ===> TimeStamp : 2025-11-25 21:55:26===> API : /api/auth/validateuser ===> Message : validateUser() :: Request Object :: [object Object]
info: ===> TimeStamp : 2025-11-25 21:55:26===> API : /api/auth/validateuser ===> Message : validateUserDB() Invoked !
info: ===> TimeStamp : 2025-11-25 21:55:26===> API : /api/auth/validateuser ===> Message : validateUserResponse() invoked!
info: ===> TimeStamp : 2025-11-25 21:55:26===> API : /api/auth/validateuser ===> Message : validateUserResponse() completed
info: ===> TimeStamp : 2025-11-25 21:55:26===> API : null ===> Message : validateRequest() invoked
info: ===> TimeStamp : 2025-11-25 21:55:26===> API : null ===> Message : fetchDBSettings()
info: ===> TimeStamp : 2025-11-25 21:55:26===> API : null ===> Message : validateRequest() Invoked!
info: ===> TimeStamp : 2025-11-25 21:55:26===> API : null ===> Message : validRequest() :: Api validated Successfully
info: ===> TimeStamp : 2025-11-25 21:55:26===> API : /api/auth/checkIP ===> Message : checkIP() invoked!!
info: ===> TimeStamp : 2025-11-25 21:55:26===> API : /api/auth/checkIP ===> Message : IPs match: 103.225.102.194
info: ===> TimeStamp : 2025-11-25 21:55:26===> API : /api/auth/checkIP ===> Message : checkIPResponse() invoked!
info: ===> TimeStamp : 2025-11-25 21:55:26===> API : /api/auth/checkIP ===> Message : checkIPResponse() completed
info: ===> TimeStamp : 2025-11-25 21:55:26===> API : null ===> Message : validateRequest() invoked
info: ===> TimeStamp : 2025-11-25 21:55:26===> API : null ===> Message : fetchDBSettings()
info: ===> TimeStamp : 2025-11-25 21:55:26===> API : null ===> Message : validateRequest() Invoked!
info: ===> TimeStamp : 2025-11-25 21:55:26===> API : null ===> Message : validRequest() :: Api validated Successfully
info: ===> TimeStamp : 2025-11-25 21:55:26===> API : /api/auth/login ===> Message : loginUser() invoked!!
info: ===> TimeStamp : 2025-11-25 21:55:26===> API : /api/auth/login ===> Message : loginUser() :: Request Object :: [object Object]
info: ===> TimeStamp : 2025-11-25 21:55:26===> API : /api/auth/login ===> Message : loginUserDB() Invoked !
info: ===> TimeStamp : 2025-11-25 21:55:26===> API : /api/auth/login ===> Message : loginUserResponse() invoked!
info: ===> TimeStamp : 2025-11-25 21:55:26===> API : /api/auth/login ===> Message : loginUserResponse() completed
info: ===> TimeStamp : 2025-11-25 22:29:29===> API : null ===> Message : validateRequest() invoked
info: ===> TimeStamp : 2025-11-25 22:29:29===> API : null ===> Message : fetchDBSettings()
info: ===> TimeStamp : 2025-11-25 22:29:29===> API : null ===> Message : validateRequest() Invoked!
info: ===> TimeStamp : 2025-11-25 22:29:29===> API : null ===> Message : validRequest() :: Api validated Successfully
info: ===> TimeStamp : 2025-11-25 22:29:29===> API : /api/auth/validateuser ===> Message : validateUser() invoked!!
info: ===> TimeStamp : 2025-11-25 22:29:29===> API : /api/auth/validateuser ===> Message : validateUser() :: Request Object :: [object Object]
info: ===> TimeStamp : 2025-11-25 22:29:29===> API : /api/auth/validateuser ===> Message : validateUserDB() Invoked !
info: ===> TimeStamp : 2025-11-25 22:29:29===> API : /api/auth/validateuser ===> Message : validateUserResponse() invoked!
info: ===> TimeStamp : 2025-11-25 22:29:29===> API : /api/auth/validateuser ===> Message : validateUserResponse() completed
info: ===> TimeStamp : 2025-11-25 22:29:30===> API : null ===> Message : validateRequest() invoked
info: ===> TimeStamp : 2025-11-25 22:29:30===> API : null ===> Message : fetchDBSettings()
info: ===> TimeStamp : 2025-11-25 22:29:30===> API : null ===> Message : validateRequest() Invoked!
info: ===> TimeStamp : 2025-11-25 22:29:30===> API : null ===> Message : validRequest() :: Api validated Successfully
info: ===> TimeStamp : 2025-11-25 22:29:30===> API : /api/auth/checkIP ===> Message : checkIP() invoked!!
info: ===> TimeStamp : 2025-11-25 22:29:30===> API : /api/auth/checkIP ===> Message : IPs match: 103.225.102.194
info: ===> TimeStamp : 2025-11-25 22:29:30===> API : /api/auth/checkIP ===> Message : checkIPResponse() invoked!
info: ===> TimeStamp : 2025-11-25 22:29:30===> API : /api/auth/checkIP ===> Message : checkIPResponse() completed
info: ===> TimeStamp : 2025-11-25 22:29:30===> API : null ===> Message : validateRequest() invoked
info: ===> TimeStamp : 2025-11-25 22:29:30===> API : null ===> Message : fetchDBSettings()
info: ===> TimeStamp : 2025-11-25 22:29:30===> API : null ===> Message : validateRequest() Invoked!
info: ===> TimeStamp : 2025-11-25 22:29:30===> API : null ===> Message : validRequest() :: Api validated Successfully
info: ===> TimeStamp : 2025-11-25 22:29:30===> API : /api/auth/login ===> Message : loginUser() invoked!!
info: ===> TimeStamp : 2025-11-25 22:29:30===> API : /api/auth/login ===> Message : loginUser() :: Request Object :: [object Object]
info: ===> TimeStamp : 2025-11-25 22:29:30===> API : /api/auth/login ===> Message : loginUserDB() Invoked !
info: ===> TimeStamp : 2025-11-25 22:29:30===> API : /api/auth/login ===> Message : loginUserResponse() invoked!
info: ===> TimeStamp : 2025-11-25 22:29:30===> API : /api/auth/login ===> Message : loginUserResponse() completed
info: ===> TimeStamp : 2025-11-25 22:42:16===> API : null ===> Message : validateRequest() invoked
info: ===> TimeStamp : 2025-11-25 22:42:16===> API : null ===> Message : fetchDBSettings()
info: ===> TimeStamp : 2025-11-25 22:42:16===> API : null ===> Message : validateRequest() Invoked!
info: ===> TimeStamp : 2025-11-25 22:42:17===> API : null ===> Message : validRequest() :: Api validated Successfully
info: ===> TimeStamp : 2025-11-25 22:42:17===> API : /api/auth/validateuser ===> Message : validateUser() invoked!!
info: ===> TimeStamp : 2025-11-25 22:42:17===> API : /api/auth/validateuser ===> Message : validateUser() :: Request Object :: [object Object]
info: ===> TimeStamp : 2025-11-25 22:42:17===> API : /api/auth/validateuser ===> Message : validateUserDB() Invoked !
info: ===> TimeStamp : 2025-11-25 22:42:17===> API : /api/auth/validateuser ===> Message : validateUserResponse() invoked!
info: ===> TimeStamp : 2025-11-25 22:42:17===> API : /api/auth/validateuser ===> Message : validateUserResponse() completed
info: ===> TimeStamp : 2025-11-25 22:42:17===> API : null ===> Message : validateRequest() invoked
info: ===> TimeStamp : 2025-11-25 22:42:17===> API : null ===> Message : fetchDBSettings()
info: ===> TimeStamp : 2025-11-25 22:42:17===> API : null ===> Message : validateRequest() Invoked!
info: ===> TimeStamp : 2025-11-25 22:42:17===> API : null ===> Message : validRequest() :: Api validated Successfully
info: ===> TimeStamp : 2025-11-25 22:42:17===> API : /api/auth/login ===> Message : loginUser() invoked!!
info: ===> TimeStamp : 2025-11-25 22:42:17===> API : /api/auth/login ===> Message : loginUser() :: Request Object :: [object Object]
info: ===> TimeStamp : 2025-11-25 22:42:17===> API : /api/auth/login ===> Message : loginUserDB() Invoked !
info: ===> TimeStamp : 2025-11-25 22:42:17===> API : /api/auth/login ===> Message : loginUserResponse() invoked!
info: ===> TimeStamp : 2025-11-25 22:42:17===> API : /api/auth/login ===> Message : loginUserResponse() completed
info: ===> TimeStamp : 2025-11-25 22:46:58===> API : null ===> Message : validateRequest() invoked
info: ===> TimeStamp : 2025-11-25 22:46:58===> API : null ===> Message : fetchDBSettings()
info: ===> TimeStamp : 2025-11-25 22:46:58===> API : null ===> Message : validateRequest() Invoked!
info: ===> TimeStamp : 2025-11-25 22:46:58===> API : null ===> Message : validRequest() :: Api validated Successfully
info: ===> TimeStamp : 2025-11-25 22:46:58===> API : /api/auth/validateuser ===> Message : validateUser() invoked!!
info: ===> TimeStamp : 2025-11-25 22:46:58===> API : /api/auth/validateuser ===> Message : validateUser() :: Request Object :: [object Object]
info: ===> TimeStamp : 2025-11-25 22:46:58===> API : /api/auth/validateuser ===> Message : validateUserDB() Invoked !
info: ===> TimeStamp : 2025-11-25 22:46:59===> API : /api/auth/validateuser ===> Message : validateUserResponse() invoked!
info: ===> TimeStamp : 2025-11-25 22:46:59===> API : /api/auth/validateuser ===> Message : validateUserResponse() completed
info: ===> TimeStamp : 2025-11-25 22:46:59===> API : null ===> Message : validateRequest() invoked
info: ===> TimeStamp : 2025-11-25 22:46:59===> API : null ===> Message : fetchDBSettings()
info: ===> TimeStamp : 2025-11-25 22:46:59===> API : null ===> Message : validateRequest() Invoked!
info: ===> TimeStamp : 2025-11-25 22:46:59===> API : null ===> Message : validRequest() :: Api validated Successfully
info: ===> TimeStamp : 2025-11-25 22:46:59===> API : /api/auth/login ===> Message : loginUser() invoked!!
info: ===> TimeStamp : 2025-11-25 22:46:59===> API : /api/auth/login ===> Message : loginUser() :: Request Object :: [object Object]
info: ===> TimeStamp : 2025-11-25 22:46:59===> API : /api/auth/login ===> Message : loginUserDB() Invoked !
info: ===> TimeStamp : 2025-11-25 22:46:59===> API : /api/auth/login ===> Message : loginUserResponse() invoked!
info: ===> TimeStamp : 2025-11-25 22:46:59===> API : /api/auth/login ===> Message : loginUserResponse() completed
info: ===> TimeStamp : 2025-11-25 23:00:21===> API : null ===> Message : validateRequest() invoked
info: ===> TimeStamp : 2025-11-25 23:00:21===> API : null ===> Message : fetchDBSettings()
info: ===> TimeStamp : 2025-11-25 23:00:21===> API : null ===> Message : validateRequest() Invoked!
info: ===> TimeStamp : 2025-11-25 23:00:21===> API : null ===> Message : validRequest() :: Api validated Successfully
info: ===> TimeStamp : 2025-11-25 23:00:21===> API : /api/auth/validateuser ===> Message : validateUser() invoked!!
info: ===> TimeStamp : 2025-11-25 23:00:21===> API : /api/auth/validateuser ===> Message : validateUser() :: Request Object :: [object Object]
info: ===> TimeStamp : 2025-11-25 23:00:21===> API : /api/auth/validateuser ===> Message : validateUserDB() Invoked !
info: ===> TimeStamp : 2025-11-25 23:00:21===> API : /api/auth/validateuser ===> Message : validateUserResponse() invoked!
info: ===> TimeStamp : 2025-11-25 23:00:21===> API : /api/auth/validateuser ===> Message : validateUserResponse() completed
info: ===> TimeStamp : 2025-11-25 23:00:22===> API : null ===> Message : validateRequest() invoked
info: ===> TimeStamp : 2025-11-25 23:00:22===> API : null ===> Message : fetchDBSettings()
info: ===> TimeStamp : 2025-11-25 23:00:22===> API : null ===> Message : validateRequest() Invoked!
info: ===> TimeStamp : 2025-11-25 23:00:22===> API : null ===> Message : validRequest() :: Api validated Successfully
info: ===> TimeStamp : 2025-11-25 23:00:22===> API : /api/auth/login ===> Message : loginUser() invoked!!
info: ===> TimeStamp : 2025-11-25 23:00:22===> API : /api/auth/login ===> Message : loginUser() :: Request Object :: [object Object]
info: ===> TimeStamp : 2025-11-25 23:00:22===> API : /api/auth/login ===> Message : loginUserDB() Invoked !
info: ===> TimeStamp : 2025-11-25 23:00:22===> API : /api/auth/login ===> Message : loginUserResponse() invoked!
info: ===> TimeStamp : 2025-11-25 23:00:22===> API : /api/auth/login ===> Message : loginUserResponse() completed
info: ===> TimeStamp : 2025-11-25 23:00:56===> API : null ===> Message : validateRequest() invoked
info: ===> TimeStamp : 2025-11-25 23:00:56===> API : null ===> Message : fetchDBSettings()
info: ===> TimeStamp : 2025-11-25 23:00:56===> API : null ===> Message : validateRequest() Invoked!
info: ===> TimeStamp : 2025-11-25 23:00:56===> API : null ===> Message : validRequest() :: Api validated Successfully
info: ===> TimeStamp : 2025-11-25 23:00:56===> API : /api/auth/validateuser ===> Message : validateUser() invoked!!
info: ===> TimeStamp : 2025-11-25 23:00:56===> API : /api/auth/validateuser ===> Message : validateUser() :: Request Object :: [object Object]
info: ===> TimeStamp : 2025-11-25 23:00:56===> API : /api/auth/validateuser ===> Message : validateUserDB() Invoked !
info: ===> TimeStamp : 2025-11-25 23:00:56===> API : /api/auth/validateuser ===> Message : validateUserResponse() invoked!
info: ===> TimeStamp : 2025-11-25 23:00:56===> API : /api/auth/validateuser ===> Message : validateUserResponse() completed
info: ===> TimeStamp : 2025-11-25 23:00:56===> API : null ===> Message : validateRequest() invoked
info: ===> TimeStamp : 2025-11-25 23:00:56===> API : null ===> Message : fetchDBSettings()
info: ===> TimeStamp : 2025-11-25 23:00:56===> API : null ===> Message : validateRequest() Invoked!
info: ===> TimeStamp : 2025-11-25 23:00:56===> API : null ===> Message : validRequest() :: Api validated Successfully
info: ===> TimeStamp : 2025-11-25 23:00:56===> API : /api/auth/login ===> Message : loginUser() invoked!!
info: ===> TimeStamp : 2025-11-25 23:00:56===> API : /api/auth/login ===> Message : loginUser() :: Request Object :: [object Object]
info: ===> TimeStamp : 2025-11-25 23:00:56===> API : /api/auth/login ===> Message : loginUserDB() Invoked !
info: ===> TimeStamp : 2025-11-25 23:00:56===> API : /api/auth/login ===> Message : loginUserResponse() invoked!
info: ===> TimeStamp : 2025-11-25 23:00:56===> API : /api/auth/login ===> Message : loginUserResponse() completed
info: ===> TimeStamp : 2025-11-25 23:11:26===> API : null ===> Message : validateRequest() invoked
info: ===> TimeStamp : 2025-11-25 23:11:26===> API : null ===> Message : fetchDBSettings()
info: ===> TimeStamp : 2025-11-25 23:11:26===> API : null ===> Message : validateRequest() Invoked!
info: ===> TimeStamp : 2025-11-25 23:11:26===> API : null ===> Message : validRequest() :: Api validated Successfully
info: ===> TimeStamp : 2025-11-25 23:11:26===> API : /api/auth/validateuser ===> Message : validateUser() invoked!!
info: ===> TimeStamp : 2025-11-25 23:11:26===> API : /api/auth/validateuser ===> Message : validateUser() :: Request Object :: [object Object]
info: ===> TimeStamp : 2025-11-25 23:11:26===> API : /api/auth/validateuser ===> Message : validateUserDB() Invoked !
info: ===> TimeStamp : 2025-11-25 23:11:26===> API : /api/auth/validateuser ===> Message : validateUserResponse() invoked!
info: ===> TimeStamp : 2025-11-25 23:11:26===> API : /api/auth/validateuser ===> Message : validateUserResponse() completed
info: ===> TimeStamp : 2025-11-25 23:11:26===> API : null ===> Message : validateRequest() invoked
info: ===> TimeStamp : 2025-11-25 23:11:26===> API : null ===> Message : fetchDBSettings()
info: ===> TimeStamp : 2025-11-25 23:11:26===> API : null ===> Message : validateRequest() Invoked!
info: ===> TimeStamp : 2025-11-25 23:11:26===> API : null ===> Message : validRequest() :: Api validated Successfully
info: ===> TimeStamp : 2025-11-25 23:11:26===> API : /api/auth/login ===> Message : loginUser() invoked!!
info: ===> TimeStamp : 2025-11-25 23:11:26===> API : /api/auth/login ===> Message : loginUser() :: Request Object :: [object Object]
info: ===> TimeStamp : 2025-11-25 23:11:26===> API : /api/auth/login ===> Message : loginUserDB() Invoked !
info: ===> TimeStamp : 2025-11-25 23:11:26===> API : /api/auth/login ===> Message : loginUserResponse() invoked!
info: ===> TimeStamp : 2025-11-25 23:11:26===> API : /api/auth/login ===> Message : loginUserResponse() completed
info: ===> TimeStamp : 2025-11-25 23:37:49===> API : null ===> Message : validateRequest() invoked
info: ===> TimeStamp : 2025-11-25 23:37:49===> API : null ===> Message : fetchDBSettings()
info: ===> TimeStamp : 2025-11-25 23:37:49===> API : null ===> Message : validateRequest() Invoked!
info: ===> TimeStamp : 2025-11-25 23:37:49===> API : null ===> Message : validRequest() :: Api validated Successfully
info: ===> TimeStamp : 2025-11-25 23:37:49===> API : /api/auth/validateuser ===> Message : validateUser() invoked!!
info: ===> TimeStamp : 2025-11-25 23:37:49===> API : /api/auth/validateuser ===> Message : validateUser() :: Request Object :: [object Object]
info: ===> TimeStamp : 2025-11-25 23:37:49===> API : /api/auth/validateuser ===> Message : validateUserDB() Invoked !
info: ===> TimeStamp : 2025-11-25 23:37:49===> API : /api/auth/validateuser ===> Message : validateUserResponse() invoked!
info: ===> TimeStamp : 2025-11-25 23:37:49===> API : /api/auth/validateuser ===> Message : validateUserResponse() completed
info: ===> TimeStamp : 2025-11-25 23:37:49===> API : null ===> Message : validateRequest() invoked
info: ===> TimeStamp : 2025-11-25 23:37:49===> API : null ===> Message : fetchDBSettings()
info: ===> TimeStamp : 2025-11-25 23:37:49===> API : null ===> Message : validateRequest() Invoked!
info: ===> TimeStamp : 2025-11-25 23:37:49===> API : null ===> Message : validRequest() :: Api validated Successfully
info: ===> TimeStamp : 2025-11-25 23:37:49===> API : /api/auth/checkIP ===> Message : checkIP() invoked!!
info: ===> TimeStamp : 2025-11-25 23:37:49===> API : /api/auth/checkIP ===> Message : IPs match: 103.225.102.194
info: ===> TimeStamp : 2025-11-25 23:37:49===> API : /api/auth/checkIP ===> Message : checkIPResponse() invoked!
info: ===> TimeStamp : 2025-11-25 23:37:49===> API : /api/auth/checkIP ===> Message : checkIPResponse() completed
info: ===> TimeStamp : 2025-11-25 23:37:49===> API : null ===> Message : validateRequest() invoked
info: ===> TimeStamp : 2025-11-25 23:37:49===> API : null ===> Message : fetchDBSettings()
info: ===> TimeStamp : 2025-11-25 23:37:49===> API : null ===> Message : validateRequest() Invoked!
info: ===> TimeStamp : 2025-11-25 23:37:49===> API : null ===> Message : validRequest() :: Api validated Successfully
info: ===> TimeStamp : 2025-11-25 23:37:49===> API : /api/auth/login ===> Message : loginUser() invoked!!
info: ===> TimeStamp : 2025-11-25 23:37:49===> API : /api/auth/login ===> Message : loginUser() :: Request Object :: [object Object]
info: ===> TimeStamp : 2025-11-25 23:37:49===> API : /api/auth/login ===> Message : loginUserDB() Invoked !
info: ===> TimeStamp : 2025-11-25 23:37:49===> API : /api/auth/login ===> Message : loginUserResponse() invoked!
info: ===> TimeStamp : 2025-11-25 23:37:49===> API : /api/auth/login ===> Message : loginUserResponse() completed
info: ===> TimeStamp : 2025-11-26 00:26:13===> API : null ===> Message : validateRequest() invoked
info: ===> TimeStamp : 2025-11-26 00:26:13===> API : null ===> Message : fetchDBSettings()
info: ===> TimeStamp : 2025-11-26 00:26:13===> API : null ===> Message : validateRequest() Invoked!
info: ===> TimeStamp : 2025-11-26 00:26:13===> API : null ===> Message : validRequest() :: Api validated Successfully
info: ===> TimeStamp : 2025-11-26 00:26:13===> API : /api/auth/validateuser ===> Message : validateUser() invoked!!
info: ===> TimeStamp : 2025-11-26 00:26:13===> API : /api/auth/validateuser ===> Message : validateUser() :: Request Object :: [object Object]
info: ===> TimeStamp : 2025-11-26 00:26:13===> API : /api/auth/validateuser ===> Message : validateUserDB() Invoked !
info: ===> TimeStamp : 2025-11-26 00:26:13===> API : /api/auth/validateuser ===> Message : validateUserResponse() invoked!
info: ===> TimeStamp : 2025-11-26 00:26:13===> API : /api/auth/validateuser ===> Message : validateUserResponse() completed
info: ===> TimeStamp : 2025-11-26 00:26:13===> API : null ===> Message : validateRequest() invoked
info: ===> TimeStamp : 2025-11-26 00:26:13===> API : null ===> Message : fetchDBSettings()
info: ===> TimeStamp : 2025-11-26 00:26:13===> API : null ===> Message : validateRequest() Invoked!
info: ===> TimeStamp : 2025-11-26 00:26:13===> API : null ===> Message : validRequest() :: Api validated Successfully
info: ===> TimeStamp : 2025-11-26 00:26:13===> API : /api/auth/login ===> Message : loginUser() invoked!!
info: ===> TimeStamp : 2025-11-26 00:26:13===> API : /api/auth/login ===> Message : loginUser() :: Request Object :: [object Object]
info: ===> TimeStamp : 2025-11-26 00:26:13===> API : /api/auth/login ===> Message : loginUserDB() Invoked !
info: ===> TimeStamp : 2025-11-26 00:26:13===> API : /api/auth/login ===> Message : loginUserResponse() invoked!
info: ===> TimeStamp : 2025-11-26 00:26:13===> API : /api/auth/login ===> Message : loginUserResponse() completed
info: ===> TimeStamp : 2025-11-26 02:48:31===> API : null ===> Message : validateRequest() invoked
info: ===> TimeStamp : 2025-11-26 02:48:31===> API : null ===> Message : fetchDBSettings()
info: ===> TimeStamp : 2025-11-26 02:48:31===> API : null ===> Message : validateRequest() Invoked!
info: ===> TimeStamp : 2025-11-26 02:48:31===> API : null ===> Message : validRequest() :: Api validated Successfully
info: ===> TimeStamp : 2025-11-26 02:48:31===> API : /api/auth/logout ===> Message : logoutUser() invoked!!
info: ===> TimeStamp : 2025-11-26 02:48:31===> API : /api/auth/logout ===> Message : logoutUser() :: Request Object :: [object Object]
info: ===> TimeStamp : 2025-11-26 02:48:31===> API : /api/auth/logout ===> Message : logoutUserDB() Invoked !
info: ===> TimeStamp : 2025-11-26 02:48:31===> API : /api/auth/logout ===> Message : logoutUserResponse() invoked!
info: ===> TimeStamp : 2025-11-26 02:48:31===> API : /api/auth/logout ===> Message : logoutUserResponse() completed
info: ===> TimeStamp : 2025-11-26 04:29:37===> API : null ===> Message : validateRequest() invoked
info: ===> TimeStamp : 2025-11-26 04:29:37===> API : null ===> Message : fetchDBSettings()
info: ===> TimeStamp : 2025-11-26 04:29:37===> API : null ===> Message : validateRequest() Invoked!
info: ===> TimeStamp : 2025-11-26 04:29:37===> API : null ===> Message : validRequest() :: Api validated Successfully
info: ===> TimeStamp : 2025-11-26 04:29:37===> API : /api/auth/validateuser ===> Message : validateUser() invoked!!
info: ===> TimeStamp : 2025-11-26 04:29:37===> API : /api/auth/validateuser ===> Message : validateUser() :: Request Object :: [object Object]
info: ===> TimeStamp : 2025-11-26 04:29:37===> API : /api/auth/validateuser ===> Message : validateUserDB() Invoked !
info: ===> TimeStamp : 2025-11-26 04:29:37===> API : /api/auth/validateuser ===> Message : validateUserResponse() invoked!
info: ===> TimeStamp : 2025-11-26 04:29:37===> API : /api/auth/validateuser ===> Message : validateUserResponse() completed
info: ===> TimeStamp : 2025-11-26 04:29:38===> API : null ===> Message : validateRequest() invoked
info: ===> TimeStamp : 2025-11-26 04:29:38===> API : null ===> Message : fetchDBSettings()
info: ===> TimeStamp : 2025-11-26 04:29:38===> API : null ===> Message : validateRequest() Invoked!
info: ===> TimeStamp : 2025-11-26 04:29:38===> API : null ===> Message : validRequest() :: Api validated Successfully
info: ===> TimeStamp : 2025-11-26 04:29:38===> API : /api/auth/checkIP ===> Message : checkIP() invoked!!
info: ===> TimeStamp : 2025-11-26 04:29:38===> API : /api/auth/checkIP ===> Message : IPs match: 103.225.102.194
info: ===> TimeStamp : 2025-11-26 04:29:38===> API : /api/auth/checkIP ===> Message : checkIPResponse() invoked!
info: ===> TimeStamp : 2025-11-26 04:29:38===> API : /api/auth/checkIP ===> Message : checkIPResponse() completed
info: ===> TimeStamp : 2025-11-26 04:29:38===> API : null ===> Message : validateRequest() invoked
info: ===> TimeStamp : 2025-11-26 04:29:38===> API : null ===> Message : fetchDBSettings()
info: ===> TimeStamp : 2025-11-26 04:29:38===> API : null ===> Message : validateRequest() Invoked!
info: ===> TimeStamp : 2025-11-26 04:29:38===> API : null ===> Message : validRequest() :: Api validated Successfully
info: ===> TimeStamp : 2025-11-26 04:29:38===> API : /api/auth/login ===> Message : loginUser() invoked!!
info: ===> TimeStamp : 2025-11-26 04:29:38===> API : /api/auth/login ===> Message : loginUser() :: Request Object :: [object Object]
info: ===> TimeStamp : 2025-11-26 04:29:38===> API : /api/auth/login ===> Message : loginUserDB() Invoked !
info: ===> TimeStamp : 2025-11-26 04:29:38===> API : /api/auth/login ===> Message : loginUserResponse() invoked!
info: ===> TimeStamp : 2025-11-26 04:29:38===> API : /api/auth/login ===> Message : loginUserResponse() completed
