info: ===> TimeStamp : 2026-01-18 06:39:07===> API : null ===> Message : fetchDBSettings()
info: ===> TimeStamp : 2026-01-18 06:39:07===> API : null ===> Message : validateRequest() invoked
info: ===> TimeStamp : 2026-01-18 06:39:07===> API : null ===> Message : validateRequest() Invoked!
info: ===> TimeStamp : 2026-01-18 06:39:07===> API : null ===> Message : validRequest() :: Api validated Successfully
info: ===> TimeStamp : 2026-01-18 06:39:07===> API : /api/auth/logout ===> Message : logoutUser() invoked!!
info: ===> TimeStamp : 2026-01-18 06:39:07===> API : /api/auth/logout ===> Message : logoutUser() :: Request Object :: [object Object]
info: ===> TimeStamp : 2026-01-18 06:39:07===> API : /api/auth/logout ===> Message : logoutUserDB() Invoked !
info: ===> TimeStamp : 2026-01-18 06:39:08===> API : /api/auth/logout ===> Message : logoutUserResponse() invoked!
info: ===> TimeStamp : 2026-01-18 06:39:08===> API : /api/auth/logout ===> Message : logoutUserResponse() completed
info: ===> TimeStamp : 2026-01-18 06:57:23===> API : null ===> Message : validateRequest() invoked
info: ===> TimeStamp : 2026-01-18 06:57:23===> API : null ===> Message : fetchDBSettings()
info: ===> TimeStamp : 2026-01-18 06:57:23===> API : null ===> Message : validateRequest() Invoked!
info: ===> TimeStamp : 2026-01-18 06:57:23===> API : null ===> Message : validRequest() :: Api validated Successfully
info: ===> TimeStamp : 2026-01-18 06:57:23===> API : /api/auth/logout ===> Message : logoutUser() invoked!!
info: ===> TimeStamp : 2026-01-18 06:57:23===> API : /api/auth/logout ===> Message : logoutUser() :: Request Object :: [object Object]
info: ===> TimeStamp : 2026-01-18 06:57:23===> API : /api/auth/logout ===> Message : logoutUserDB() Invoked !
info: ===> TimeStamp : 2026-01-18 06:57:23===> API : /api/auth/logout ===> Message : logoutUserResponse() invoked!
info: ===> TimeStamp : 2026-01-18 06:57:23===> API : /api/auth/logout ===> Message : logoutUserResponse() completed
info: ===> TimeStamp : 2026-01-18 07:03:00===> API : null ===> Message : validateRequest() invoked
info: ===> TimeStamp : 2026-01-18 07:03:00===> API : null ===> Message : fetchDBSettings()
info: ===> TimeStamp : 2026-01-18 07:03:00===> API : null ===> Message : validateRequest() Invoked!
info: ===> TimeStamp : 2026-01-18 07:03:00===> API : null ===> Message : validRequest() :: Api validated Successfully
info: ===> TimeStamp : 2026-01-18 07:03:00===> API : /api/auth/validateuser ===> Message : validateUser() invoked!!
info: ===> TimeStamp : 2026-01-18 07:03:00===> API : /api/auth/validateuser ===> Message : validateUser() :: Request Object :: [object Object]
info: ===> TimeStamp : 2026-01-18 07:03:00===> API : /api/auth/validateuser ===> Message : validateUserDB() Invoked !
info: ===> TimeStamp : 2026-01-18 07:03:00===> API : /api/auth/validateuser ===> Message : validateUserResponse() invoked!
info: ===> TimeStamp : 2026-01-18 07:03:00===> API : /api/auth/validateuser ===> Message : validateUserResponse() completed
info: ===> TimeStamp : 2026-01-18 07:03:00===> API : null ===> Message : fetchDBSettings()
info: ===> TimeStamp : 2026-01-18 07:03:00===> API : null ===> Message : validateRequest() invoked
info: ===> TimeStamp : 2026-01-18 07:03:00===> API : null ===> Message : validateRequest() Invoked!
info: ===> TimeStamp : 2026-01-18 07:03:00===> API : null ===> Message : validRequest() :: Api validated Successfully
info: ===> TimeStamp : 2026-01-18 07:03:00===> API : /api/auth/checkIP ===> Message : checkIP() invoked!!
info: ===> TimeStamp : 2026-01-18 07:03:00===> API : /api/auth/checkIP ===> Message : IPs match: 103.255.182.117
info: ===> TimeStamp : 2026-01-18 07:03:00===> API : /api/auth/checkIP ===> Message : checkIPResponse() invoked!
info: ===> TimeStamp : 2026-01-18 07:03:00===> API : /api/auth/checkIP ===> Message : checkIPResponse() completed
info: ===> TimeStamp : 2026-01-18 07:03:00===> API : null ===> Message : validateRequest() invoked
info: ===> TimeStamp : 2026-01-18 07:03:00===> API : null ===> Message : fetchDBSettings()
info: ===> TimeStamp : 2026-01-18 07:03:01===> API : null ===> Message : validateRequest() Invoked!
info: ===> TimeStamp : 2026-01-18 07:03:01===> API : null ===> Message : validRequest() :: Api validated Successfully
info: ===> TimeStamp : 2026-01-18 07:03:01===> API : /api/auth/login ===> Message : loginUser() invoked!!
info: ===> TimeStamp : 2026-01-18 07:03:01===> API : /api/auth/login ===> Message : loginUser() :: Request Object :: [object Object]
info: ===> TimeStamp : 2026-01-18 07:03:01===> API : /api/auth/login ===> Message : loginUserDB() Invoked !
info: ===> TimeStamp : 2026-01-18 07:03:01===> API : /api/auth/login ===> Message : loginUserResponse() invoked!
info: ===> TimeStamp : 2026-01-18 07:03:01===> API : /api/auth/login ===> Message : loginUserResponse() completed
info: ===> TimeStamp : 2026-01-18 07:32:35===> API : null ===> Message : validateRequest() invoked
info: ===> TimeStamp : 2026-01-18 07:32:35===> API : null ===> Message : fetchDBSettings()
info: ===> TimeStamp : 2026-01-18 07:32:36===> API : null ===> Message : validateRequest() Invoked!
info: ===> TimeStamp : 2026-01-18 07:32:36===> API : null ===> Message : validRequest() :: Api validated Successfully
info: ===> TimeStamp : 2026-01-18 07:32:36===> API : /api/auth/validateuser ===> Message : validateUser() invoked!!
info: ===> TimeStamp : 2026-01-18 07:32:36===> API : /api/auth/validateuser ===> Message : validateUser() :: Request Object :: [object Object]
info: ===> TimeStamp : 2026-01-18 07:32:36===> API : /api/auth/validateuser ===> Message : validateUserDB() Invoked !
info: ===> TimeStamp : 2026-01-18 07:32:36===> API : /api/auth/validateuser ===> Message : validateUserResponse() invoked!
info: ===> TimeStamp : 2026-01-18 07:32:36===> API : /api/auth/validateuser ===> Message : validateUserResponse() completed
info: ===> TimeStamp : 2026-01-18 07:32:36===> API : null ===> Message : validateRequest() invoked
info: ===> TimeStamp : 2026-01-18 07:32:36===> API : null ===> Message : fetchDBSettings()
info: ===> TimeStamp : 2026-01-18 07:32:36===> API : null ===> Message : validateRequest() Invoked!
info: ===> TimeStamp : 2026-01-18 07:32:36===> API : null ===> Message : validRequest() :: Api validated Successfully
info: ===> TimeStamp : 2026-01-18 07:32:36===> API : /api/auth/checkIP ===> Message : checkIP() invoked!!
info: ===> TimeStamp : 2026-01-18 07:32:36===> API : /api/auth/checkIP ===> Message : IPs match: 103.255.182.117
info: ===> TimeStamp : 2026-01-18 07:32:36===> API : /api/auth/checkIP ===> Message : checkIPResponse() invoked!
info: ===> TimeStamp : 2026-01-18 07:32:36===> API : /api/auth/checkIP ===> Message : checkIPResponse() completed
info: ===> TimeStamp : 2026-01-18 07:32:36===> API : null ===> Message : validateRequest() invoked
info: ===> TimeStamp : 2026-01-18 07:32:36===> API : null ===> Message : fetchDBSettings()
info: ===> TimeStamp : 2026-01-18 07:32:36===> API : null ===> Message : validateRequest() Invoked!
info: ===> TimeStamp : 2026-01-18 07:32:36===> API : null ===> Message : validRequest() :: Api validated Successfully
info: ===> TimeStamp : 2026-01-18 07:32:36===> API : /api/auth/login ===> Message : loginUser() invoked!!
info: ===> TimeStamp : 2026-01-18 07:32:36===> API : /api/auth/login ===> Message : loginUser() :: Request Object :: [object Object]
info: ===> TimeStamp : 2026-01-18 07:32:36===> API : /api/auth/login ===> Message : loginUserDB() Invoked !
info: ===> TimeStamp : 2026-01-18 07:32:36===> API : /api/auth/login ===> Message : loginUserResponse() invoked!
info: ===> TimeStamp : 2026-01-18 07:32:36===> API : /api/auth/login ===> Message : loginUserResponse() completed
info: ===> TimeStamp : 2026-01-18 09:22:57===> API : null ===> Message : validateRequest() invoked
info: ===> TimeStamp : 2026-01-18 09:22:57===> API : null ===> Message : validateRequest() Error:: Invalid Request :: 
      {"apiUri":"/"}
info: ===> TimeStamp : 2026-01-18 10:29:55===> API : null ===> Message : validateRequest() invoked
info: ===> TimeStamp : 2026-01-18 10:29:55===> API : null ===> Message : fetchDBSettings()
info: ===> TimeStamp : 2026-01-18 10:29:55===> API : null ===> Message : validateRequest() Invoked!
info: ===> TimeStamp : 2026-01-18 10:29:55===> API : null ===> Message : validRequest() :: Api validated Successfully
info: ===> TimeStamp : 2026-01-18 10:29:55===> API : /api/auth/validateuser ===> Message : validateUser() invoked!!
info: ===> TimeStamp : 2026-01-18 10:29:55===> API : /api/auth/validateuser ===> Message : validateUser() :: Request Object :: [object Object]
info: ===> TimeStamp : 2026-01-18 10:29:55===> API : /api/auth/validateuser ===> Message : validateUserDB() Invoked !
info: ===> TimeStamp : 2026-01-18 10:29:55===> API : /api/auth/validateuser ===> Message : validateUserResponse() invoked!
info: ===> TimeStamp : 2026-01-18 10:29:55===> API : /api/auth/validateuser ===> Message : validateUserResponse() completed
info: ===> TimeStamp : 2026-01-18 10:29:55===> API : null ===> Message : validateRequest() invoked
info: ===> TimeStamp : 2026-01-18 10:29:55===> API : null ===> Message : fetchDBSettings()
info: ===> TimeStamp : 2026-01-18 10:29:55===> API : null ===> Message : validateRequest() Invoked!
info: ===> TimeStamp : 2026-01-18 10:29:55===> API : null ===> Message : validRequest() :: Api validated Successfully
info: ===> TimeStamp : 2026-01-18 10:29:55===> API : /api/auth/login ===> Message : loginUser() invoked!!
info: ===> TimeStamp : 2026-01-18 10:29:55===> API : /api/auth/login ===> Message : loginUser() :: Request Object :: [object Object]
info: ===> TimeStamp : 2026-01-18 10:29:55===> API : /api/auth/login ===> Message : loginUserDB() Invoked !
info: ===> TimeStamp : 2026-01-18 10:29:55===> API : /api/auth/login ===> Message : loginUserResponse() invoked!
info: ===> TimeStamp : 2026-01-18 10:29:55===> API : /api/auth/login ===> Message : loginUserResponse() completed
info: ===> TimeStamp : 2026-01-18 10:55:26===> API : null ===> Message : validateRequest() invoked
info: ===> TimeStamp : 2026-01-18 10:55:26===> API : null ===> Message : fetchDBSettings()
info: ===> TimeStamp : 2026-01-18 10:55:26===> API : null ===> Message : validateRequest() Invoked!
info: ===> TimeStamp : 2026-01-18 10:55:26===> API : null ===> Message : validRequest() :: Api validated Successfully
info: ===> TimeStamp : 2026-01-18 10:55:26===> API : /api/auth/validateuser ===> Message : validateUser() invoked!!
info: ===> TimeStamp : 2026-01-18 10:55:26===> API : /api/auth/validateuser ===> Message : validateUser() :: Request Object :: [object Object]
info: ===> TimeStamp : 2026-01-18 10:55:26===> API : /api/auth/validateuser ===> Message : validateUserDB() Invoked !
info: ===> TimeStamp : 2026-01-18 10:55:26===> API : /api/auth/validateuser ===> Message : validateUserResponse() invoked!
info: ===> TimeStamp : 2026-01-18 10:55:26===> API : /api/auth/validateuser ===> Message : validateUserResponse() completed
info: ===> TimeStamp : 2026-01-18 10:55:27===> API : null ===> Message : validateRequest() invoked
info: ===> TimeStamp : 2026-01-18 10:55:27===> API : null ===> Message : fetchDBSettings()
info: ===> TimeStamp : 2026-01-18 10:55:27===> API : null ===> Message : validateRequest() Invoked!
info: ===> TimeStamp : 2026-01-18 10:55:27===> API : /api/auth/login ===> Message : loginUser() invoked!!
info: ===> TimeStamp : 2026-01-18 10:55:27===> API : null ===> Message : validRequest() :: Api validated Successfully
info: ===> TimeStamp : 2026-01-18 10:55:27===> API : /api/auth/login ===> Message : loginUser() :: Request Object :: [object Object]
info: ===> TimeStamp : 2026-01-18 10:55:27===> API : /api/auth/login ===> Message : loginUserDB() Invoked !
info: ===> TimeStamp : 2026-01-18 10:55:27===> API : /api/auth/login ===> Message : loginUserResponse() invoked!
info: ===> TimeStamp : 2026-01-18 10:55:27===> API : /api/auth/login ===> Message : loginUserResponse() completed
info: ===> TimeStamp : 2026-01-18 11:30:40===> API : null ===> Message : validateRequest() invoked
info: ===> TimeStamp : 2026-01-18 11:30:40===> API : null ===> Message : fetchDBSettings()
info: ===> TimeStamp : 2026-01-18 11:30:40===> API : null ===> Message : validateRequest() Invoked!
info: ===> TimeStamp : 2026-01-18 11:30:40===> API : null ===> Message : validRequest() :: Api validated Successfully
info: ===> TimeStamp : 2026-01-18 11:30:40===> API : /api/auth/validateuser ===> Message : validateUser() invoked!!
info: ===> TimeStamp : 2026-01-18 11:30:40===> API : /api/auth/validateuser ===> Message : validateUser() :: Request Object :: [object Object]
info: ===> TimeStamp : 2026-01-18 11:30:40===> API : /api/auth/validateuser ===> Message : validateUserDB() Invoked !
info: ===> TimeStamp : 2026-01-18 11:30:40===> API : /api/auth/validateuser ===> Message : validateUserResponse() invoked!
info: ===> TimeStamp : 2026-01-18 11:30:40===> API : /api/auth/validateuser ===> Message : validateUserResponse() completed
info: ===> TimeStamp : 2026-01-18 11:30:41===> API : null ===> Message : validateRequest() invoked
info: ===> TimeStamp : 2026-01-18 11:30:41===> API : null ===> Message : fetchDBSettings()
info: ===> TimeStamp : 2026-01-18 11:30:41===> API : null ===> Message : validateRequest() Invoked!
info: ===> TimeStamp : 2026-01-18 11:30:41===> API : null ===> Message : validRequest() :: Api validated Successfully
info: ===> TimeStamp : 2026-01-18 11:30:41===> API : /api/auth/login ===> Message : loginUser() invoked!!
info: ===> TimeStamp : 2026-01-18 11:30:41===> API : /api/auth/login ===> Message : loginUser() :: Request Object :: [object Object]
info: ===> TimeStamp : 2026-01-18 11:30:41===> API : /api/auth/login ===> Message : loginUserDB() Invoked !
info: ===> TimeStamp : 2026-01-18 11:30:41===> API : /api/auth/login ===> Message : loginUserResponse() invoked!
info: ===> TimeStamp : 2026-01-18 11:30:41===> API : /api/auth/login ===> Message : loginUserResponse() completed
info: ===> TimeStamp : 2026-01-18 12:05:01===> API : null ===> Message : validateRequest() invoked
info: ===> TimeStamp : 2026-01-18 12:05:01===> API : null ===> Message : fetchDBSettings()
info: ===> TimeStamp : 2026-01-18 12:05:01===> API : null ===> Message : validateRequest() Invoked!
info: ===> TimeStamp : 2026-01-18 12:05:01===> API : null ===> Message : validRequest() :: Api validated Successfully
info: ===> TimeStamp : 2026-01-18 12:05:01===> API : /api/auth/validateuser ===> Message : validateUser() :: Request Object :: [object Object]
info: ===> TimeStamp : 2026-01-18 12:05:01===> API : /api/auth/validateuser ===> Message : validateUser() invoked!!
info: ===> TimeStamp : 2026-01-18 12:05:01===> API : /api/auth/validateuser ===> Message : validateUserDB() Invoked !
info: ===> TimeStamp : 2026-01-18 12:05:01===> API : /api/auth/validateuser ===> Message : validateUserResponse() invoked!
info: ===> TimeStamp : 2026-01-18 12:05:01===> API : /api/auth/validateuser ===> Message : validateUserResponse() completed
info: ===> TimeStamp : 2026-01-18 12:05:01===> API : null ===> Message : validateRequest() invoked
info: ===> TimeStamp : 2026-01-18 12:05:01===> API : null ===> Message : fetchDBSettings()
info: ===> TimeStamp : 2026-01-18 12:05:01===> API : null ===> Message : validateRequest() Invoked!
info: ===> TimeStamp : 2026-01-18 12:05:01===> API : null ===> Message : validRequest() :: Api validated Successfully
info: ===> TimeStamp : 2026-01-18 12:05:01===> API : /api/auth/checkIP ===> Message : checkIP() invoked!!
info: ===> TimeStamp : 2026-01-18 12:05:01===> API : /api/auth/checkIP ===> Message : IPs match: 103.225.102.194
info: ===> TimeStamp : 2026-01-18 12:05:01===> API : /api/auth/checkIP ===> Message : checkIPResponse() invoked!
info: ===> TimeStamp : 2026-01-18 12:05:01===> API : /api/auth/checkIP ===> Message : checkIPResponse() completed
info: ===> TimeStamp : 2026-01-18 12:05:01===> API : null ===> Message : validateRequest() invoked
info: ===> TimeStamp : 2026-01-18 12:05:01===> API : null ===> Message : fetchDBSettings()
info: ===> TimeStamp : 2026-01-18 12:05:01===> API : null ===> Message : validateRequest() Invoked!
info: ===> TimeStamp : 2026-01-18 12:05:01===> API : null ===> Message : validRequest() :: Api validated Successfully
info: ===> TimeStamp : 2026-01-18 12:05:01===> API : /api/auth/login ===> Message : loginUser() invoked!!
info: ===> TimeStamp : 2026-01-18 12:05:01===> API : /api/auth/login ===> Message : loginUser() :: Request Object :: [object Object]
info: ===> TimeStamp : 2026-01-18 12:05:01===> API : /api/auth/login ===> Message : loginUserDB() Invoked !
info: ===> TimeStamp : 2026-01-18 12:05:01===> API : /api/auth/login ===> Message : loginUserResponse() invoked!
info: ===> TimeStamp : 2026-01-18 12:05:01===> API : /api/auth/login ===> Message : loginUserResponse() completed
info: ===> TimeStamp : 2026-01-18 12:59:46===> API : null ===> Message : validateRequest() invoked
info: ===> TimeStamp : 2026-01-18 12:59:46===> API : null ===> Message : fetchDBSettings()
info: ===> TimeStamp : 2026-01-18 12:59:46===> API : null ===> Message : validateRequest() invoked
info: ===> TimeStamp : 2026-01-18 12:59:46===> API : null ===> Message : fetchDBSettings()
info: ===> TimeStamp : 2026-01-18 12:59:46===> API : null ===> Message : validateRequest() Invoked!
info: ===> TimeStamp : 2026-01-18 12:59:46===> API : null ===> Message : validateRequest() Invoked!
info: ===> TimeStamp : 2026-01-18 12:59:46===> API : null ===> Message : validRequest() :: Api validated Successfully
info: ===> TimeStamp : 2026-01-18 12:59:46===> API : /api/auth/logout ===> Message : logoutUser() invoked!!
info: ===> TimeStamp : 2026-01-18 12:59:46===> API : /api/auth/logout ===> Message : logoutUser() :: Request Object :: [object Object]
info: ===> TimeStamp : 2026-01-18 12:59:46===> API : /api/auth/logout ===> Message : logoutUserDB() Invoked !
info: ===> TimeStamp : 2026-01-18 12:59:46===> API : null ===> Message : validRequest() :: Api validated Successfully
info: ===> TimeStamp : 2026-01-18 12:59:46===> API : /api/auth/logout ===> Message : logoutUser() invoked!!
info: ===> TimeStamp : 2026-01-18 12:59:46===> API : /api/auth/logout ===> Message : logoutUser() :: Request Object :: [object Object]
info: ===> TimeStamp : 2026-01-18 12:59:46===> API : /api/auth/logout ===> Message : logoutUserDB() Invoked !
info: ===> TimeStamp : 2026-01-18 12:59:46===> API : /api/auth/logout ===> Message : logoutUserResponse() invoked!
info: ===> TimeStamp : 2026-01-18 12:59:46===> API : /api/auth/logout ===> Message : logoutUserResponse() completed
info: ===> TimeStamp : 2026-01-18 12:59:46===> API : /api/auth/logout ===> Message : logoutUserResponse() invoked!
info: ===> TimeStamp : 2026-01-18 12:59:46===> API : /api/auth/logout ===> Message : logoutUserResponse() completed
info: ===> TimeStamp : 2026-01-18 12:59:49===> API : null ===> Message : validateRequest() invoked
info: ===> TimeStamp : 2026-01-18 12:59:49===> API : null ===> Message : fetchDBSettings()
info: ===> TimeStamp : 2026-01-18 12:59:49===> API : null ===> Message : validateRequest() Invoked!
info: ===> TimeStamp : 2026-01-18 12:59:49===> API : null ===> Message : validRequest() :: Api validated Successfully
info: ===> TimeStamp : 2026-01-18 12:59:49===> API : /api/auth/validateuser ===> Message : validateUser() invoked!!
info: ===> TimeStamp : 2026-01-18 12:59:49===> API : /api/auth/validateuser ===> Message : validateUser() :: Request Object :: [object Object]
info: ===> TimeStamp : 2026-01-18 12:59:49===> API : /api/auth/validateuser ===> Message : validateUserDB() Invoked !
info: ===> TimeStamp : 2026-01-18 12:59:49===> API : /api/auth/validateuser ===> Message : validateUserResponse() invoked!
info: ===> TimeStamp : 2026-01-18 12:59:49===> API : /api/auth/validateuser ===> Message : validateUserResponse() completed
info: ===> TimeStamp : 2026-01-18 12:59:49===> API : null ===> Message : validateRequest() invoked
info: ===> TimeStamp : 2026-01-18 12:59:49===> API : null ===> Message : fetchDBSettings()
info: ===> TimeStamp : 2026-01-18 12:59:49===> API : null ===> Message : validateRequest() Invoked!
info: ===> TimeStamp : 2026-01-18 12:59:49===> API : null ===> Message : validRequest() :: Api validated Successfully
info: ===> TimeStamp : 2026-01-18 12:59:49===> API : /api/auth/login ===> Message : loginUser() invoked!!
info: ===> TimeStamp : 2026-01-18 12:59:49===> API : /api/auth/login ===> Message : loginUser() :: Request Object :: [object Object]
info: ===> TimeStamp : 2026-01-18 12:59:49===> API : /api/auth/login ===> Message : loginUserDB() Invoked !
info: ===> TimeStamp : 2026-01-18 12:59:49===> API : /api/auth/login ===> Message : loginUserResponse() invoked!
info: ===> TimeStamp : 2026-01-18 12:59:49===> API : /api/auth/login ===> Message : loginUserResponse() completed
info: ===> TimeStamp : 2026-01-18 12:59:59===> API : null ===> Message : validateRequest() invoked
info: ===> TimeStamp : 2026-01-18 12:59:59===> API : null ===> Message : fetchDBSettings()
info: ===> TimeStamp : 2026-01-18 12:59:59===> API : null ===> Message : validateRequest() Invoked!
info: ===> TimeStamp : 2026-01-18 12:59:59===> API : null ===> Message : validRequest() :: Api validated Successfully
info: ===> TimeStamp : 2026-01-18 12:59:59===> API : /api/auth/logout ===> Message : logoutUser() invoked!!
info: ===> TimeStamp : 2026-01-18 12:59:59===> API : /api/auth/logout ===> Message : logoutUser() :: Request Object :: [object Object]
info: ===> TimeStamp : 2026-01-18 12:59:59===> API : /api/auth/logout ===> Message : logoutUserDB() Invoked !
info: ===> TimeStamp : 2026-01-18 12:59:59===> API : /api/auth/logout ===> Message : logoutUserResponse() invoked!
info: ===> TimeStamp : 2026-01-18 12:59:59===> API : /api/auth/logout ===> Message : logoutUserResponse() completed
info: ===> TimeStamp : 2026-01-18 13:00:06===> API : null ===> Message : validateRequest() invoked
info: ===> TimeStamp : 2026-01-18 13:00:06===> API : null ===> Message : fetchDBSettings()
info: ===> TimeStamp : 2026-01-18 13:00:06===> API : null ===> Message : validateRequest() Invoked!
info: ===> TimeStamp : 2026-01-18 13:00:06===> API : null ===> Message : validRequest() :: Api validated Successfully
info: ===> TimeStamp : 2026-01-18 13:00:06===> API : /api/auth/validateuser ===> Message : validateUser() invoked!!
info: ===> TimeStamp : 2026-01-18 13:00:06===> API : /api/auth/validateuser ===> Message : validateUser() :: Request Object :: [object Object]
info: ===> TimeStamp : 2026-01-18 13:00:06===> API : /api/auth/validateuser ===> Message : validateUserDB() Invoked !
info: ===> TimeStamp : 2026-01-18 13:00:06===> API : /api/auth/validateuser ===> Message : validateUserResponse() invoked!
info: ===> TimeStamp : 2026-01-18 13:00:06===> API : /api/auth/validateuser ===> Message : validateUserResponse() completed
info: ===> TimeStamp : 2026-01-18 13:00:06===> API : null ===> Message : validateRequest() invoked
info: ===> TimeStamp : 2026-01-18 13:00:06===> API : null ===> Message : fetchDBSettings()
info: ===> TimeStamp : 2026-01-18 13:00:06===> API : null ===> Message : validateRequest() Invoked!
info: ===> TimeStamp : 2026-01-18 13:00:06===> API : null ===> Message : validRequest() :: Api validated Successfully
info: ===> TimeStamp : 2026-01-18 13:00:06===> API : /api/auth/login ===> Message : loginUser() invoked!!
info: ===> TimeStamp : 2026-01-18 13:00:06===> API : /api/auth/login ===> Message : loginUser() :: Request Object :: [object Object]
info: ===> TimeStamp : 2026-01-18 13:00:06===> API : /api/auth/login ===> Message : loginUserDB() Invoked !
info: ===> TimeStamp : 2026-01-18 13:00:06===> API : /api/auth/login ===> Message : loginUserResponse() invoked!
info: ===> TimeStamp : 2026-01-18 13:00:06===> API : /api/auth/login ===> Message : loginUserResponse() completed
info: ===> TimeStamp : 2026-01-18 14:19:42===> API : null ===> Message : validateRequest() invoked
info: ===> TimeStamp : 2026-01-18 14:19:42===> API : null ===> Message : fetchDBSettings()
info: ===> TimeStamp : 2026-01-18 14:19:42===> API : null ===> Message : validateRequest() Invoked!
info: ===> TimeStamp : 2026-01-18 14:19:42===> API : null ===> Message : validRequest() :: Api validated Successfully
info: ===> TimeStamp : 2026-01-18 14:19:42===> API : /api/auth/validateuser ===> Message : validateUser() invoked!!
info: ===> TimeStamp : 2026-01-18 14:19:42===> API : /api/auth/validateuser ===> Message : validateUser() :: Request Object :: [object Object]
info: ===> TimeStamp : 2026-01-18 14:19:42===> API : /api/auth/validateuser ===> Message : validateUserDB() Invoked !
info: ===> TimeStamp : 2026-01-18 14:19:43===> API : /api/auth/validateuser ===> Message : validateUserResponse() invoked!
info: ===> TimeStamp : 2026-01-18 14:19:43===> API : /api/auth/validateuser ===> Message : validateUserResponse() completed
info: ===> TimeStamp : 2026-01-18 14:19:43===> API : null ===> Message : validateRequest() invoked
info: ===> TimeStamp : 2026-01-18 14:19:43===> API : null ===> Message : fetchDBSettings()
info: ===> TimeStamp : 2026-01-18 14:19:43===> API : null ===> Message : validateRequest() Invoked!
info: ===> TimeStamp : 2026-01-18 14:19:43===> API : null ===> Message : validRequest() :: Api validated Successfully
info: ===> TimeStamp : 2026-01-18 14:19:43===> API : /api/auth/login ===> Message : loginUser() invoked!!
info: ===> TimeStamp : 2026-01-18 14:19:43===> API : /api/auth/login ===> Message : loginUser() :: Request Object :: [object Object]
info: ===> TimeStamp : 2026-01-18 14:19:43===> API : /api/auth/login ===> Message : loginUserDB() Invoked !
info: ===> TimeStamp : 2026-01-18 14:19:43===> API : /api/auth/login ===> Message : loginUserResponse() invoked!
info: ===> TimeStamp : 2026-01-18 14:19:43===> API : /api/auth/login ===> Message : loginUserResponse() completed
info: ===> TimeStamp : 2026-01-18 14:42:20===> API : null ===> Message : validateRequest() invoked
info: ===> TimeStamp : 2026-01-18 14:42:20===> API : null ===> Message : fetchDBSettings()
info: ===> TimeStamp : 2026-01-18 14:42:20===> API : null ===> Message : validateRequest() Invoked!
info: ===> TimeStamp : 2026-01-18 14:42:20===> API : null ===> Message : validRequest() :: Api validated Successfully
info: ===> TimeStamp : 2026-01-18 14:42:20===> API : /api/auth/logout ===> Message : logoutUser() invoked!!
info: ===> TimeStamp : 2026-01-18 14:42:20===> API : /api/auth/logout ===> Message : logoutUser() :: Request Object :: [object Object]
info: ===> TimeStamp : 2026-01-18 14:42:20===> API : /api/auth/logout ===> Message : logoutUserDB() Invoked !
info: ===> TimeStamp : 2026-01-18 14:42:20===> API : /api/auth/logout ===> Message : logoutUserResponse() invoked!
info: ===> TimeStamp : 2026-01-18 14:42:20===> API : /api/auth/logout ===> Message : logoutUserResponse() completed
info: ===> TimeStamp : 2026-01-18 14:42:53===> API : null ===> Message : validateRequest() invoked
info: ===> TimeStamp : 2026-01-18 14:42:53===> API : null ===> Message : fetchDBSettings()
info: ===> TimeStamp : 2026-01-18 14:42:53===> API : null ===> Message : validateRequest() Invoked!
info: ===> TimeStamp : 2026-01-18 14:42:53===> API : null ===> Message : validRequest() :: Api validated Successfully
info: ===> TimeStamp : 2026-01-18 14:42:53===> API : /api/auth/validateuser ===> Message : validateUser() invoked!!
info: ===> TimeStamp : 2026-01-18 14:42:53===> API : /api/auth/validateuser ===> Message : validateUser() :: Request Object :: [object Object]
info: ===> TimeStamp : 2026-01-18 14:42:53===> API : /api/auth/validateuser ===> Message : validateUserDB() Invoked !
info: ===> TimeStamp : 2026-01-18 14:42:53===> API : /api/auth/validateuser ===> Message : validateUserResponse() invoked!
info: ===> TimeStamp : 2026-01-18 14:42:53===> API : /api/auth/validateuser ===> Message : validateUserResponse() completed
info: ===> TimeStamp : 2026-01-18 14:42:53===> API : null ===> Message : validateRequest() invoked
info: ===> TimeStamp : 2026-01-18 14:42:53===> API : null ===> Message : fetchDBSettings()
info: ===> TimeStamp : 2026-01-18 14:42:54===> API : null ===> Message : validateRequest() Invoked!
info: ===> TimeStamp : 2026-01-18 14:42:54===> API : null ===> Message : validRequest() :: Api validated Successfully
info: ===> TimeStamp : 2026-01-18 14:42:54===> API : /api/auth/checkIP ===> Message : checkIP() invoked!!
info: ===> TimeStamp : 2026-01-18 14:42:54===> API : /api/auth/checkIP ===> Message : IPs match: 103.225.102.194
info: ===> TimeStamp : 2026-01-18 14:42:54===> API : /api/auth/checkIP ===> Message : checkIPResponse() invoked!
info: ===> TimeStamp : 2026-01-18 14:42:54===> API : /api/auth/checkIP ===> Message : checkIPResponse() completed
info: ===> TimeStamp : 2026-01-18 14:42:54===> API : null ===> Message : validateRequest() invoked
info: ===> TimeStamp : 2026-01-18 14:42:54===> API : null ===> Message : fetchDBSettings()
info: ===> TimeStamp : 2026-01-18 14:42:54===> API : null ===> Message : validateRequest() Invoked!
info: ===> TimeStamp : 2026-01-18 14:42:54===> API : null ===> Message : validRequest() :: Api validated Successfully
info: ===> TimeStamp : 2026-01-18 14:42:54===> API : /api/auth/login ===> Message : loginUser() invoked!!
info: ===> TimeStamp : 2026-01-18 14:42:54===> API : /api/auth/login ===> Message : loginUser() :: Request Object :: [object Object]
info: ===> TimeStamp : 2026-01-18 14:42:54===> API : /api/auth/login ===> Message : loginUserDB() Invoked !
info: ===> TimeStamp : 2026-01-18 14:42:54===> API : /api/auth/login ===> Message : loginUserResponse() invoked!
info: ===> TimeStamp : 2026-01-18 14:42:54===> API : /api/auth/login ===> Message : loginUserResponse() completed
info: ===> TimeStamp : 2026-01-18 14:43:08===> API : null ===> Message : validateRequest() invoked
info: ===> TimeStamp : 2026-01-18 14:43:08===> API : null ===> Message : fetchDBSettings()
info: ===> TimeStamp : 2026-01-18 14:43:08===> API : null ===> Message : validateRequest() Invoked!
info: ===> TimeStamp : 2026-01-18 14:43:08===> API : null ===> Message : validRequest() :: Api validated Successfully
info: ===> TimeStamp : 2026-01-18 14:43:08===> API : /api/auth/logout ===> Message : logoutUser() invoked!!
info: ===> TimeStamp : 2026-01-18 14:43:08===> API : /api/auth/logout ===> Message : logoutUser() :: Request Object :: [object Object]
info: ===> TimeStamp : 2026-01-18 14:43:08===> API : /api/auth/logout ===> Message : logoutUserDB() Invoked !
info: ===> TimeStamp : 2026-01-18 14:43:08===> API : /api/auth/logout ===> Message : logoutUserResponse() invoked!
info: ===> TimeStamp : 2026-01-18 14:43:08===> API : /api/auth/logout ===> Message : logoutUserResponse() completed
info: ===> TimeStamp : 2026-01-18 14:55:57===> API : null ===> Message : validateRequest() invoked
info: ===> TimeStamp : 2026-01-18 14:55:57===> API : null ===> Message : fetchDBSettings()
info: ===> TimeStamp : 2026-01-18 14:55:57===> API : null ===> Message : validateRequest() Invoked!
info: ===> TimeStamp : 2026-01-18 14:55:57===> API : null ===> Message : validRequest() :: Api validated Successfully
info: ===> TimeStamp : 2026-01-18 14:55:57===> API : /api/auth/validateuser ===> Message : validateUser() :: Request Object :: [object Object]
info: ===> TimeStamp : 2026-01-18 14:55:57===> API : /api/auth/validateuser ===> Message : validateUser() invoked!!
info: ===> TimeStamp : 2026-01-18 14:55:57===> API : /api/auth/validateuser ===> Message : validateUserDB() Invoked !
info: ===> TimeStamp : 2026-01-18 14:55:57===> API : /api/auth/validateuser ===> Message : validateUserResponse() invoked!
info: ===> TimeStamp : 2026-01-18 14:55:57===> API : /api/auth/validateuser ===> Message : validateUserResponse() completed
info: ===> TimeStamp : 2026-01-18 14:55:57===> API : null ===> Message : validateRequest() invoked
info: ===> TimeStamp : 2026-01-18 14:55:57===> API : null ===> Message : fetchDBSettings()
info: ===> TimeStamp : 2026-01-18 14:55:57===> API : null ===> Message : validateRequest() Invoked!
info: ===> TimeStamp : 2026-01-18 14:55:57===> API : null ===> Message : validRequest() :: Api validated Successfully
info: ===> TimeStamp : 2026-01-18 14:55:57===> API : /api/auth/checkIP ===> Message : checkIP() invoked!!
info: ===> TimeStamp : 2026-01-18 14:55:57===> API : /api/auth/checkIP ===> Message : IPs match: 103.225.102.194
info: ===> TimeStamp : 2026-01-18 14:55:57===> API : /api/auth/checkIP ===> Message : checkIPResponse() invoked!
info: ===> TimeStamp : 2026-01-18 14:55:57===> API : /api/auth/checkIP ===> Message : checkIPResponse() completed
info: ===> TimeStamp : 2026-01-18 14:55:57===> API : null ===> Message : validateRequest() invoked
info: ===> TimeStamp : 2026-01-18 14:55:57===> API : null ===> Message : fetchDBSettings()
info: ===> TimeStamp : 2026-01-18 14:55:57===> API : null ===> Message : validateRequest() Invoked!
info: ===> TimeStamp : 2026-01-18 14:55:57===> API : null ===> Message : validRequest() :: Api validated Successfully
info: ===> TimeStamp : 2026-01-18 14:55:57===> API : /api/auth/login ===> Message : loginUser() invoked!!
info: ===> TimeStamp : 2026-01-18 14:55:57===> API : /api/auth/login ===> Message : loginUser() :: Request Object :: [object Object]
info: ===> TimeStamp : 2026-01-18 14:55:57===> API : /api/auth/login ===> Message : loginUserDB() Invoked !
info: ===> TimeStamp : 2026-01-18 14:55:57===> API : /api/auth/login ===> Message : loginUserResponse() invoked!
info: ===> TimeStamp : 2026-01-18 14:55:57===> API : /api/auth/login ===> Message : loginUserResponse() completed
info: ===> TimeStamp : 2026-01-18 15:23:58===> API : null ===> Message : validateRequest() invoked
info: ===> TimeStamp : 2026-01-18 15:23:58===> API : null ===> Message : validateRequest() Error:: Invalid Request :: 
      {"apiUri":"/"}
info: ===> TimeStamp : 2026-01-18 15:33:08===> API : null ===> Message : fetchDBSettings()
info: ===> TimeStamp : 2026-01-18 15:33:08===> API : null ===> Message : validateRequest() invoked
info: ===> TimeStamp : 2026-01-18 15:33:08===> API : null ===> Message : validateRequest() Invoked!
info: ===> TimeStamp : 2026-01-18 15:33:08===> API : null ===> Message : validRequest() :: Api validated Successfully
info: ===> TimeStamp : 2026-01-18 15:33:08===> API : /api/auth/validateuser ===> Message : validateUser() invoked!!
info: ===> TimeStamp : 2026-01-18 15:33:08===> API : /api/auth/validateuser ===> Message : validateUser() :: Request Object :: [object Object]
info: ===> TimeStamp : 2026-01-18 15:33:08===> API : /api/auth/validateuser ===> Message : validateUserDB() Invoked !
info: ===> TimeStamp : 2026-01-18 15:33:08===> API : /api/auth/validateuser ===> Message : validateUserResponse() invoked!
info: ===> TimeStamp : 2026-01-18 15:33:08===> API : /api/auth/validateuser ===> Message : validateUserResponse() completed
info: ===> TimeStamp : 2026-01-18 15:33:08===> API : null ===> Message : validateRequest() invoked
info: ===> TimeStamp : 2026-01-18 15:33:08===> API : null ===> Message : fetchDBSettings()
info: ===> TimeStamp : 2026-01-18 15:33:08===> API : null ===> Message : validateRequest() Invoked!
info: ===> TimeStamp : 2026-01-18 15:33:08===> API : null ===> Message : validRequest() :: Api validated Successfully
info: ===> TimeStamp : 2026-01-18 15:33:08===> API : /api/auth/login ===> Message : loginUser() invoked!!
info: ===> TimeStamp : 2026-01-18 15:33:08===> API : /api/auth/login ===> Message : loginUser() :: Request Object :: [object Object]
info: ===> TimeStamp : 2026-01-18 15:33:08===> API : /api/auth/login ===> Message : loginUserDB() Invoked !
info: ===> TimeStamp : 2026-01-18 15:33:08===> API : /api/auth/login ===> Message : loginUserResponse() invoked!
info: ===> TimeStamp : 2026-01-18 15:33:08===> API : /api/auth/login ===> Message : loginUserResponse() completed
info: ===> TimeStamp : 2026-01-18 15:49:41===> API : null ===> Message : validateRequest() invoked
info: ===> TimeStamp : 2026-01-18 15:49:41===> API : null ===> Message : validateRequest() Error:: Invalid Request :: 
      {"apiUri":"/"}
info: ===> TimeStamp : 2026-01-18 15:49:51===> API : null ===> Message : validateRequest() invoked
info: ===> TimeStamp : 2026-01-18 15:49:51===> API : null ===> Message : validateRequest() Error:: Invalid Request :: 
      {"apiUri":"/"}
info: ===> TimeStamp : 2026-01-18 15:49:53===> API : null ===> Message : validateRequest() invoked
info: ===> TimeStamp : 2026-01-18 15:49:53===> API : null ===> Message : validateRequest() Error:: Invalid Request :: 
      {"apiUri":"/favicon.ico"}
info: ===> TimeStamp : 2026-01-18 15:50:01===> API : null ===> Message : validateRequest() invoked
info: ===> TimeStamp : 2026-01-18 15:50:01===> API : null ===> Message : validateRequest() Error:: Invalid Request :: 
      {"apiUri":"/security.txt"}
info: ===> TimeStamp : 2026-01-18 15:50:02===> API : null ===> Message : validateRequest() invoked
info: ===> TimeStamp : 2026-01-18 15:50:02===> API : null ===> Message : validateRequest() Error:: Invalid Request :: 
      {"apiUri":"/favicon.ico"}
info: ===> TimeStamp : 2026-01-18 16:03:31===> API : null ===> Message : validateRequest() invoked
info: ===> TimeStamp : 2026-01-18 16:03:31===> API : null ===> Message : fetchDBSettings()
info: ===> TimeStamp : 2026-01-18 16:03:31===> API : null ===> Message : validateRequest() Invoked!
info: ===> TimeStamp : 2026-01-18 16:03:31===> API : null ===> Message : validRequest() :: Api validated Successfully
info: ===> TimeStamp : 2026-01-18 16:03:31===> API : /api/auth/validateuser ===> Message : validateUser() invoked!!
info: ===> TimeStamp : 2026-01-18 16:03:31===> API : /api/auth/validateuser ===> Message : validateUser() :: Request Object :: [object Object]
info: ===> TimeStamp : 2026-01-18 16:03:31===> API : /api/auth/validateuser ===> Message : validateUserDB() Invoked !
info: ===> TimeStamp : 2026-01-18 16:03:31===> API : /api/auth/validateuser ===> Message : validateUserResponse() invoked!
info: ===> TimeStamp : 2026-01-18 16:03:31===> API : /api/auth/validateuser ===> Message : validateUserResponse() completed
info: ===> TimeStamp : 2026-01-18 16:03:31===> API : null ===> Message : validateRequest() invoked
info: ===> TimeStamp : 2026-01-18 16:03:31===> API : null ===> Message : fetchDBSettings()
info: ===> TimeStamp : 2026-01-18 16:03:32===> API : null ===> Message : validateRequest() Invoked!
info: ===> TimeStamp : 2026-01-18 16:03:32===> API : null ===> Message : validRequest() :: Api validated Successfully
info: ===> TimeStamp : 2026-01-18 16:03:32===> API : /api/auth/login ===> Message : loginUser() invoked!!
info: ===> TimeStamp : 2026-01-18 16:03:32===> API : /api/auth/login ===> Message : loginUser() :: Request Object :: [object Object]
info: ===> TimeStamp : 2026-01-18 16:03:32===> API : /api/auth/login ===> Message : loginUserDB() Invoked !
info: ===> TimeStamp : 2026-01-18 16:03:32===> API : /api/auth/login ===> Message : loginUserResponse() invoked!
info: ===> TimeStamp : 2026-01-18 16:03:32===> API : /api/auth/login ===> Message : loginUserResponse() completed
info: ===> TimeStamp : 2026-01-18 18:15:53===> API : null ===> Message : validateRequest() invoked
info: ===> TimeStamp : 2026-01-18 18:15:53===> API : null ===> Message : fetchDBSettings()
info: ===> TimeStamp : 2026-01-18 18:15:53===> API : null ===> Message : validateRequest() Invoked!
info: ===> TimeStamp : 2026-01-18 18:15:53===> API : null ===> Message : validRequest() :: Api validated Successfully
info: ===> TimeStamp : 2026-01-18 18:15:53===> API : /api/auth/validateuser ===> Message : validateUser() invoked!!
info: ===> TimeStamp : 2026-01-18 18:15:53===> API : /api/auth/validateuser ===> Message : validateUser() :: Request Object :: [object Object]
info: ===> TimeStamp : 2026-01-18 18:15:53===> API : /api/auth/validateuser ===> Message : validateUserDB() Invoked !
info: ===> TimeStamp : 2026-01-18 18:15:53===> API : /api/auth/validateuser ===> Message : validateUserResponse() invoked!
info: ===> TimeStamp : 2026-01-18 18:15:53===> API : /api/auth/validateuser ===> Message : validateUserResponse() completed
info: ===> TimeStamp : 2026-01-18 18:15:53===> API : null ===> Message : validateRequest() invoked
info: ===> TimeStamp : 2026-01-18 18:15:53===> API : null ===> Message : fetchDBSettings()
info: ===> TimeStamp : 2026-01-18 18:15:53===> API : null ===> Message : validateRequest() Invoked!
info: ===> TimeStamp : 2026-01-18 18:15:53===> API : null ===> Message : validRequest() :: Api validated Successfully
info: ===> TimeStamp : 2026-01-18 18:15:53===> API : /api/auth/login ===> Message : loginUser() invoked!!
info: ===> TimeStamp : 2026-01-18 18:15:53===> API : /api/auth/login ===> Message : loginUser() :: Request Object :: [object Object]
info: ===> TimeStamp : 2026-01-18 18:15:53===> API : /api/auth/login ===> Message : loginUserDB() Invoked !
info: ===> TimeStamp : 2026-01-18 18:15:53===> API : /api/auth/login ===> Message : loginUserResponse() invoked!
info: ===> TimeStamp : 2026-01-18 18:15:53===> API : /api/auth/login ===> Message : loginUserResponse() completed
info: ===> TimeStamp : 2026-01-18 19:06:17===> API : null ===> Message : validateRequest() invoked
info: ===> TimeStamp : 2026-01-18 19:06:17===> API : null ===> Message : fetchDBSettings()
info: ===> TimeStamp : 2026-01-18 19:06:17===> API : null ===> Message : validateRequest() Invoked!
info: ===> TimeStamp : 2026-01-18 19:06:17===> API : null ===> Message : validRequest() :: Api validated Successfully
info: ===> TimeStamp : 2026-01-18 19:06:17===> API : /api/auth/validateuser ===> Message : validateUser() invoked!!
info: ===> TimeStamp : 2026-01-18 19:06:17===> API : /api/auth/validateuser ===> Message : validateUser() :: Request Object :: [object Object]
info: ===> TimeStamp : 2026-01-18 19:06:17===> API : /api/auth/validateuser ===> Message : validateUserDB() Invoked !
info: ===> TimeStamp : 2026-01-18 19:06:17===> API : /api/auth/validateuser ===> Message : validateUserResponse() invoked!
info: ===> TimeStamp : 2026-01-18 19:06:17===> API : /api/auth/validateuser ===> Message : validateUserResponse() completed
info: ===> TimeStamp : 2026-01-18 19:06:17===> API : null ===> Message : validateRequest() invoked
info: ===> TimeStamp : 2026-01-18 19:06:17===> API : null ===> Message : fetchDBSettings()
info: ===> TimeStamp : 2026-01-18 19:06:17===> API : null ===> Message : validateRequest() Invoked!
info: ===> TimeStamp : 2026-01-18 19:06:17===> API : null ===> Message : validRequest() :: Api validated Successfully
info: ===> TimeStamp : 2026-01-18 19:06:17===> API : /api/auth/login ===> Message : loginUser() invoked!!
info: ===> TimeStamp : 2026-01-18 19:06:17===> API : /api/auth/login ===> Message : loginUser() :: Request Object :: [object Object]
info: ===> TimeStamp : 2026-01-18 19:06:17===> API : /api/auth/login ===> Message : loginUserDB() Invoked !
info: ===> TimeStamp : 2026-01-18 19:06:17===> API : /api/auth/login ===> Message : loginUserResponse() invoked!
info: ===> TimeStamp : 2026-01-18 19:06:17===> API : /api/auth/login ===> Message : loginUserResponse() completed
info: ===> TimeStamp : 2026-01-18 19:15:45===> API : null ===> Message : validateRequest() invoked
info: ===> TimeStamp : 2026-01-18 19:15:45===> API : null ===> Message : fetchDBSettings()
info: ===> TimeStamp : 2026-01-18 19:15:45===> API : null ===> Message : validateRequest() Invoked!
info: ===> TimeStamp : 2026-01-18 19:15:45===> API : null ===> Message : validRequest() :: Api validated Successfully
info: ===> TimeStamp : 2026-01-18 19:15:45===> API : /api/auth/validateuser ===> Message : validateUser() :: Request Object :: [object Object]
info: ===> TimeStamp : 2026-01-18 19:15:45===> API : /api/auth/validateuser ===> Message : validateUser() invoked!!
info: ===> TimeStamp : 2026-01-18 19:15:45===> API : /api/auth/validateuser ===> Message : validateUserDB() Invoked !
info: ===> TimeStamp : 2026-01-18 19:15:45===> API : /api/auth/validateuser ===> Message : validateUserResponse() invoked!
info: ===> TimeStamp : 2026-01-18 19:15:45===> API : /api/auth/validateuser ===> Message : validateUserResponse() completed
info: ===> TimeStamp : 2026-01-18 19:15:46===> API : null ===> Message : validateRequest() invoked
info: ===> TimeStamp : 2026-01-18 19:15:46===> API : null ===> Message : fetchDBSettings()
info: ===> TimeStamp : 2026-01-18 19:15:46===> API : null ===> Message : validateRequest() Invoked!
info: ===> TimeStamp : 2026-01-18 19:15:46===> API : null ===> Message : validRequest() :: Api validated Successfully
info: ===> TimeStamp : 2026-01-18 19:15:46===> API : /api/auth/login ===> Message : loginUser() invoked!!
info: ===> TimeStamp : 2026-01-18 19:15:46===> API : /api/auth/login ===> Message : loginUser() :: Request Object :: [object Object]
info: ===> TimeStamp : 2026-01-18 19:15:46===> API : /api/auth/login ===> Message : loginUserDB() Invoked !
info: ===> TimeStamp : 2026-01-18 19:15:46===> API : /api/auth/login ===> Message : loginUserResponse() invoked!
info: ===> TimeStamp : 2026-01-18 19:15:46===> API : /api/auth/login ===> Message : loginUserResponse() completed
info: ===> TimeStamp : 2026-01-18 20:04:41===> API : null ===> Message : validateRequest() invoked
info: ===> TimeStamp : 2026-01-18 20:04:41===> API : null ===> Message : fetchDBSettings()
info: ===> TimeStamp : 2026-01-18 20:04:41===> API : null ===> Message : validateRequest() Invoked!
info: ===> TimeStamp : 2026-01-18 20:04:41===> API : null ===> Message : validRequest() :: Api validated Successfully
info: ===> TimeStamp : 2026-01-18 20:04:41===> API : /api/auth/validateuser ===> Message : validateUser() invoked!!
info: ===> TimeStamp : 2026-01-18 20:04:41===> API : /api/auth/validateuser ===> Message : validateUser() :: Request Object :: [object Object]
info: ===> TimeStamp : 2026-01-18 20:04:41===> API : /api/auth/validateuser ===> Message : validateUserDB() Invoked !
info: ===> TimeStamp : 2026-01-18 20:04:41===> API : /api/auth/validateuser ===> Message : validateUserResponse() invoked!
info: ===> TimeStamp : 2026-01-18 20:04:41===> API : /api/auth/validateuser ===> Message : validateUserResponse() completed
info: ===> TimeStamp : 2026-01-18 20:04:41===> API : null ===> Message : validateRequest() invoked
info: ===> TimeStamp : 2026-01-18 20:04:41===> API : null ===> Message : fetchDBSettings()
info: ===> TimeStamp : 2026-01-18 20:04:41===> API : null ===> Message : validateRequest() Invoked!
info: ===> TimeStamp : 2026-01-18 20:04:41===> API : null ===> Message : validRequest() :: Api validated Successfully
info: ===> TimeStamp : 2026-01-18 20:04:41===> API : /api/auth/login ===> Message : loginUser() invoked!!
info: ===> TimeStamp : 2026-01-18 20:04:41===> API : /api/auth/login ===> Message : loginUser() :: Request Object :: [object Object]
info: ===> TimeStamp : 2026-01-18 20:04:41===> API : /api/auth/login ===> Message : loginUserDB() Invoked !
info: ===> TimeStamp : 2026-01-18 20:04:41===> API : /api/auth/login ===> Message : loginUserResponse() invoked!
info: ===> TimeStamp : 2026-01-18 20:04:41===> API : /api/auth/login ===> Message : loginUserResponse() completed
info: ===> TimeStamp : 2026-01-18 20:05:30===> API : null ===> Message : validateRequest() invoked
info: ===> TimeStamp : 2026-01-18 20:05:30===> API : null ===> Message : fetchDBSettings()
info: ===> TimeStamp : 2026-01-18 20:05:30===> API : null ===> Message : validateRequest() Invoked!
info: ===> TimeStamp : 2026-01-18 20:05:30===> API : null ===> Message : validRequest() :: Api validated Successfully
info: ===> TimeStamp : 2026-01-18 20:05:30===> API : /api/auth/validateuser ===> Message : validateUser() invoked!!
info: ===> TimeStamp : 2026-01-18 20:05:30===> API : /api/auth/validateuser ===> Message : validateUser() :: Request Object :: [object Object]
info: ===> TimeStamp : 2026-01-18 20:05:30===> API : /api/auth/validateuser ===> Message : validateUserDB() Invoked !
info: ===> TimeStamp : 2026-01-18 20:05:30===> API : /api/auth/validateuser ===> Message : validateUserResponse() invoked!
info: ===> TimeStamp : 2026-01-18 20:05:30===> API : /api/auth/validateuser ===> Message : validateUserResponse() completed
info: ===> TimeStamp : 2026-01-18 20:05:30===> API : null ===> Message : validateRequest() invoked
info: ===> TimeStamp : 2026-01-18 20:05:30===> API : null ===> Message : fetchDBSettings()
info: ===> TimeStamp : 2026-01-18 20:05:30===> API : null ===> Message : validateRequest() Invoked!
info: ===> TimeStamp : 2026-01-18 20:05:30===> API : null ===> Message : validRequest() :: Api validated Successfully
info: ===> TimeStamp : 2026-01-18 20:05:30===> API : /api/auth/login ===> Message : loginUser() invoked!!
info: ===> TimeStamp : 2026-01-18 20:05:30===> API : /api/auth/login ===> Message : loginUser() :: Request Object :: [object Object]
info: ===> TimeStamp : 2026-01-18 20:05:30===> API : /api/auth/login ===> Message : loginUserDB() Invoked !
info: ===> TimeStamp : 2026-01-18 20:05:30===> API : /api/auth/login ===> Message : loginUserResponse() invoked!
info: ===> TimeStamp : 2026-01-18 20:05:30===> API : /api/auth/login ===> Message : loginUserResponse() completed
info: ===> TimeStamp : 2026-01-18 20:08:41===> API : null ===> Message : fetchDBSettings()
info: ===> TimeStamp : 2026-01-18 20:08:41===> API : null ===> Message : validateRequest() invoked
info: ===> TimeStamp : 2026-01-18 20:08:41===> API : null ===> Message : validateRequest() Invoked!
info: ===> TimeStamp : 2026-01-18 20:08:41===> API : null ===> Message : validRequest() :: Api validated Successfully
info: ===> TimeStamp : 2026-01-18 20:08:41===> API : /api/auth/validateuser ===> Message : validateUser() invoked!!
info: ===> TimeStamp : 2026-01-18 20:08:41===> API : /api/auth/validateuser ===> Message : validateUser() :: Request Object :: [object Object]
info: ===> TimeStamp : 2026-01-18 20:08:41===> API : /api/auth/validateuser ===> Message : validateUserDB() Invoked !
info: ===> TimeStamp : 2026-01-18 20:08:41===> API : /api/auth/validateuser ===> Message : validateUserResponse() invoked!
info: ===> TimeStamp : 2026-01-18 20:08:41===> API : /api/auth/validateuser ===> Message : validateUserResponse() completed
info: ===> TimeStamp : 2026-01-18 20:08:42===> API : null ===> Message : validateRequest() invoked
info: ===> TimeStamp : 2026-01-18 20:08:42===> API : null ===> Message : fetchDBSettings()
info: ===> TimeStamp : 2026-01-18 20:08:42===> API : null ===> Message : validateRequest() Invoked!
info: ===> TimeStamp : 2026-01-18 20:08:42===> API : null ===> Message : validRequest() :: Api validated Successfully
info: ===> TimeStamp : 2026-01-18 20:08:42===> API : /api/auth/login ===> Message : loginUser() invoked!!
info: ===> TimeStamp : 2026-01-18 20:08:42===> API : /api/auth/login ===> Message : loginUser() :: Request Object :: [object Object]
info: ===> TimeStamp : 2026-01-18 20:08:42===> API : /api/auth/login ===> Message : loginUserDB() Invoked !
info: ===> TimeStamp : 2026-01-18 20:08:42===> API : /api/auth/login ===> Message : loginUserResponse() invoked!
info: ===> TimeStamp : 2026-01-18 20:08:42===> API : /api/auth/login ===> Message : loginUserResponse() completed
info: ===> TimeStamp : 2026-01-18 20:21:09===> API : null ===> Message : validateRequest() invoked
info: ===> TimeStamp : 2026-01-18 20:21:09===> API : null ===> Message : fetchDBSettings()
info: ===> TimeStamp : 2026-01-18 20:21:09===> API : null ===> Message : validateRequest() Invoked!
info: ===> TimeStamp : 2026-01-18 20:21:09===> API : null ===> Message : validRequest() :: Api validated Successfully
info: ===> TimeStamp : 2026-01-18 20:21:09===> API : /api/auth/validateuser ===> Message : validateUser() invoked!!
info: ===> TimeStamp : 2026-01-18 20:21:09===> API : /api/auth/validateuser ===> Message : validateUser() :: Request Object :: [object Object]
info: ===> TimeStamp : 2026-01-18 20:21:09===> API : /api/auth/validateuser ===> Message : validateUserDB() Invoked !
info: ===> TimeStamp : 2026-01-18 20:21:09===> API : /api/auth/validateuser ===> Message : validateUserResponse() invoked!
info: ===> TimeStamp : 2026-01-18 20:21:09===> API : /api/auth/validateuser ===> Message : validateUserResponse() completed
info: ===> TimeStamp : 2026-01-18 20:21:09===> API : null ===> Message : validateRequest() invoked
info: ===> TimeStamp : 2026-01-18 20:21:09===> API : null ===> Message : fetchDBSettings()
info: ===> TimeStamp : 2026-01-18 20:21:09===> API : null ===> Message : validateRequest() Invoked!
info: ===> TimeStamp : 2026-01-18 20:21:09===> API : null ===> Message : validRequest() :: Api validated Successfully
info: ===> TimeStamp : 2026-01-18 20:21:09===> API : /api/auth/login ===> Message : loginUser() :: Request Object :: [object Object]
info: ===> TimeStamp : 2026-01-18 20:21:09===> API : /api/auth/login ===> Message : loginUser() invoked!!
info: ===> TimeStamp : 2026-01-18 20:21:09===> API : /api/auth/login ===> Message : loginUserDB() Invoked !
info: ===> TimeStamp : 2026-01-18 20:21:10===> API : /api/auth/login ===> Message : loginUserResponse() invoked!
info: ===> TimeStamp : 2026-01-18 20:21:10===> API : /api/auth/login ===> Message : loginUserResponse() completed
info: ===> TimeStamp : 2026-01-18 20:21:41===> API : null ===> Message : validateRequest() invoked
info: ===> TimeStamp : 2026-01-18 20:21:41===> API : null ===> Message : fetchDBSettings()
info: ===> TimeStamp : 2026-01-18 20:21:41===> API : null ===> Message : validateRequest() Invoked!
info: ===> TimeStamp : 2026-01-18 20:21:41===> API : null ===> Message : validRequest() :: Api validated Successfully
info: ===> TimeStamp : 2026-01-18 20:21:41===> API : /api/auth/validateuser ===> Message : validateUser() invoked!!
info: ===> TimeStamp : 2026-01-18 20:21:41===> API : /api/auth/validateuser ===> Message : validateUser() :: Request Object :: [object Object]
info: ===> TimeStamp : 2026-01-18 20:21:41===> API : /api/auth/validateuser ===> Message : validateUserDB() Invoked !
info: ===> TimeStamp : 2026-01-18 20:21:41===> API : /api/auth/validateuser ===> Message : validateUserResponse() invoked!
info: ===> TimeStamp : 2026-01-18 20:21:41===> API : /api/auth/validateuser ===> Message : validateUserResponse() completed
info: ===> TimeStamp : 2026-01-18 20:21:41===> API : null ===> Message : validateRequest() invoked
info: ===> TimeStamp : 2026-01-18 20:21:41===> API : null ===> Message : fetchDBSettings()
info: ===> TimeStamp : 2026-01-18 20:21:41===> API : null ===> Message : validateRequest() Invoked!
info: ===> TimeStamp : 2026-01-18 20:21:41===> API : null ===> Message : validRequest() :: Api validated Successfully
info: ===> TimeStamp : 2026-01-18 20:21:41===> API : /api/auth/login ===> Message : loginUser() invoked!!
info: ===> TimeStamp : 2026-01-18 20:21:41===> API : /api/auth/login ===> Message : loginUser() :: Request Object :: [object Object]
info: ===> TimeStamp : 2026-01-18 20:21:41===> API : /api/auth/login ===> Message : loginUserDB() Invoked !
info: ===> TimeStamp : 2026-01-18 20:21:41===> API : /api/auth/login ===> Message : loginUserResponse() invoked!
info: ===> TimeStamp : 2026-01-18 20:21:41===> API : /api/auth/login ===> Message : loginUserResponse() completed
info: ===> TimeStamp : 2026-01-18 20:23:41===> API : null ===> Message : validateRequest() invoked
info: ===> TimeStamp : 2026-01-18 20:23:41===> API : null ===> Message : fetchDBSettings()
info: ===> TimeStamp : 2026-01-18 20:23:41===> API : null ===> Message : validateRequest() Invoked!
info: ===> TimeStamp : 2026-01-18 20:23:41===> API : null ===> Message : validRequest() :: Api validated Successfully
info: ===> TimeStamp : 2026-01-18 20:23:41===> API : /api/auth/validateuser ===> Message : validateUser() invoked!!
info: ===> TimeStamp : 2026-01-18 20:23:41===> API : /api/auth/validateuser ===> Message : validateUser() :: Request Object :: [object Object]
info: ===> TimeStamp : 2026-01-18 20:23:41===> API : /api/auth/validateuser ===> Message : validateUserDB() Invoked !
info: ===> TimeStamp : 2026-01-18 20:23:41===> API : /api/auth/validateuser ===> Message : validateUserResponse() invoked!
info: ===> TimeStamp : 2026-01-18 20:23:41===> API : /api/auth/validateuser ===> Message : validateUserResponse() completed
info: ===> TimeStamp : 2026-01-18 20:23:41===> API : null ===> Message : validateRequest() invoked
info: ===> TimeStamp : 2026-01-18 20:23:41===> API : null ===> Message : fetchDBSettings()
info: ===> TimeStamp : 2026-01-18 20:23:42===> API : null ===> Message : validateRequest() Invoked!
info: ===> TimeStamp : 2026-01-18 20:23:42===> API : null ===> Message : validRequest() :: Api validated Successfully
info: ===> TimeStamp : 2026-01-18 20:23:42===> API : /api/auth/login ===> Message : loginUser() invoked!!
info: ===> TimeStamp : 2026-01-18 20:23:42===> API : /api/auth/login ===> Message : loginUser() :: Request Object :: [object Object]
info: ===> TimeStamp : 2026-01-18 20:23:42===> API : /api/auth/login ===> Message : loginUserDB() Invoked !
info: ===> TimeStamp : 2026-01-18 20:23:42===> API : /api/auth/login ===> Message : loginUserResponse() invoked!
info: ===> TimeStamp : 2026-01-18 20:23:42===> API : /api/auth/login ===> Message : loginUserResponse() completed
info: ===> TimeStamp : 2026-01-18 20:32:09===> API : null ===> Message : validateRequest() invoked
info: ===> TimeStamp : 2026-01-18 20:32:09===> API : null ===> Message : validateRequest() Error:: Invalid Request :: 
      {"apiUri":"/login"}
info: ===> TimeStamp : 2026-01-18 20:32:10===> API : null ===> Message : validateRequest() invoked
info: ===> TimeStamp : 2026-01-18 20:32:10===> API : null ===> Message : validateRequest() Error:: Invalid Request :: 
      {"apiUri":"/favicon.ico"}
info: ===> TimeStamp : 2026-01-18 21:05:55===> API : null ===> Message : validateRequest() invoked
info: ===> TimeStamp : 2026-01-18 21:05:55===> API : null ===> Message : validateRequest() Error:: Invalid Request :: 
      {"apiUri":"/pdown"}
info: ===> TimeStamp : 2026-01-18 21:54:30===> API : null ===> Message : validateRequest() invoked
info: ===> TimeStamp : 2026-01-18 21:54:30===> API : null ===> Message : fetchDBSettings()
info: ===> TimeStamp : 2026-01-18 21:54:30===> API : null ===> Message : validateRequest() Invoked!
info: ===> TimeStamp : 2026-01-18 21:54:30===> API : null ===> Message : validRequest() :: Api validated Successfully
info: ===> TimeStamp : 2026-01-18 21:54:30===> API : /api/auth/logout ===> Message : logoutUser() invoked!!
info: ===> TimeStamp : 2026-01-18 21:54:30===> API : /api/auth/logout ===> Message : logoutUser() :: Request Object :: [object Object]
info: ===> TimeStamp : 2026-01-18 21:54:30===> API : /api/auth/logout ===> Message : logoutUserDB() Invoked !
info: ===> TimeStamp : 2026-01-18 21:54:30===> API : /api/auth/logout ===> Message : logoutUserResponse() invoked!
info: ===> TimeStamp : 2026-01-18 21:54:30===> API : /api/auth/logout ===> Message : logoutUserResponse() completed
info: ===> TimeStamp : 2026-01-18 21:54:46===> API : null ===> Message : validateRequest() invoked
info: ===> TimeStamp : 2026-01-18 21:54:46===> API : null ===> Message : fetchDBSettings()
info: ===> TimeStamp : 2026-01-18 21:54:46===> API : null ===> Message : validateRequest() Invoked!
info: ===> TimeStamp : 2026-01-18 21:54:46===> API : null ===> Message : validRequest() :: Api validated Successfully
info: ===> TimeStamp : 2026-01-18 21:54:46===> API : /api/auth/logout ===> Message : logoutUser() invoked!!
info: ===> TimeStamp : 2026-01-18 21:54:46===> API : /api/auth/logout ===> Message : logoutUser() :: Request Object :: [object Object]
info: ===> TimeStamp : 2026-01-18 21:54:46===> API : /api/auth/logout ===> Message : logoutUserDB() Invoked !
info: ===> TimeStamp : 2026-01-18 21:54:46===> API : /api/auth/logout ===> Message : logoutUserResponse() invoked!
info: ===> TimeStamp : 2026-01-18 21:54:46===> API : /api/auth/logout ===> Message : logoutUserResponse() completed
info: ===> TimeStamp : 2026-01-18 21:54:47===> API : null ===> Message : validateRequest() invoked
info: ===> TimeStamp : 2026-01-18 21:54:47===> API : null ===> Message : fetchDBSettings()
info: ===> TimeStamp : 2026-01-18 21:54:47===> API : null ===> Message : validateRequest() Invoked!
info: ===> TimeStamp : 2026-01-18 21:54:47===> API : null ===> Message : validRequest() :: Api validated Successfully
info: ===> TimeStamp : 2026-01-18 21:54:47===> API : /api/auth/validateuser ===> Message : validateUser() invoked!!
info: ===> TimeStamp : 2026-01-18 21:54:47===> API : /api/auth/validateuser ===> Message : validateUser() :: Request Object :: [object Object]
info: ===> TimeStamp : 2026-01-18 21:54:47===> API : /api/auth/validateuser ===> Message : validateUserDB() Invoked !
info: ===> TimeStamp : 2026-01-18 21:54:47===> API : /api/auth/validateuser ===> Message : validateUserResponse() invoked!
info: ===> TimeStamp : 2026-01-18 21:54:47===> API : /api/auth/validateuser ===> Message : validateUserResponse() completed
info: ===> TimeStamp : 2026-01-18 21:54:47===> API : null ===> Message : validateRequest() invoked
info: ===> TimeStamp : 2026-01-18 21:54:47===> API : null ===> Message : fetchDBSettings()
info: ===> TimeStamp : 2026-01-18 21:54:48===> API : null ===> Message : validateRequest() Invoked!
info: ===> TimeStamp : 2026-01-18 21:54:48===> API : null ===> Message : validRequest() :: Api validated Successfully
info: ===> TimeStamp : 2026-01-18 21:54:48===> API : /api/auth/checkIP ===> Message : checkIP() invoked!!
info: ===> TimeStamp : 2026-01-18 21:54:48===> API : /api/auth/checkIP ===> Message : IPs match: 103.225.102.194
info: ===> TimeStamp : 2026-01-18 21:54:48===> API : /api/auth/checkIP ===> Message : checkIPResponse() invoked!
info: ===> TimeStamp : 2026-01-18 21:54:48===> API : /api/auth/checkIP ===> Message : checkIPResponse() completed
info: ===> TimeStamp : 2026-01-18 21:54:48===> API : null ===> Message : validateRequest() invoked
info: ===> TimeStamp : 2026-01-18 21:54:48===> API : null ===> Message : fetchDBSettings()
info: ===> TimeStamp : 2026-01-18 21:54:48===> API : null ===> Message : validateRequest() Invoked!
info: ===> TimeStamp : 2026-01-18 21:54:48===> API : null ===> Message : validRequest() :: Api validated Successfully
info: ===> TimeStamp : 2026-01-18 21:54:48===> API : /api/auth/login ===> Message : loginUser() invoked!!
info: ===> TimeStamp : 2026-01-18 21:54:48===> API : /api/auth/login ===> Message : loginUser() :: Request Object :: [object Object]
info: ===> TimeStamp : 2026-01-18 21:54:48===> API : /api/auth/login ===> Message : loginUserDB() Invoked !
info: ===> TimeStamp : 2026-01-18 21:54:48===> API : /api/auth/login ===> Message : loginUserResponse() invoked!
info: ===> TimeStamp : 2026-01-18 21:54:48===> API : /api/auth/login ===> Message : loginUserResponse() completed
info: ===> TimeStamp : 2026-01-18 21:55:16===> API : null ===> Message : fetchDBSettings()
info: ===> TimeStamp : 2026-01-18 21:55:16===> API : null ===> Message : validateRequest() invoked
info: ===> TimeStamp : 2026-01-18 21:55:16===> API : null ===> Message : validateRequest() Invoked!
info: ===> TimeStamp : 2026-01-18 21:55:16===> API : null ===> Message : validRequest() :: Api validated Successfully
info: ===> TimeStamp : 2026-01-18 21:55:16===> API : /api/auth/validateuser ===> Message : validateUser() invoked!!
info: ===> TimeStamp : 2026-01-18 21:55:16===> API : /api/auth/validateuser ===> Message : validateUser() :: Request Object :: [object Object]
info: ===> TimeStamp : 2026-01-18 21:55:16===> API : /api/auth/validateuser ===> Message : validateUserDB() Invoked !
info: ===> TimeStamp : 2026-01-18 21:55:16===> API : /api/auth/validateuser ===> Message : validateUserResponse() invoked!
info: ===> TimeStamp : 2026-01-18 21:55:16===> API : /api/auth/validateuser ===> Message : validateUserResponse() completed
info: ===> TimeStamp : 2026-01-18 21:55:16===> API : null ===> Message : validateRequest() invoked
info: ===> TimeStamp : 2026-01-18 21:55:16===> API : null ===> Message : fetchDBSettings()
info: ===> TimeStamp : 2026-01-18 21:55:16===> API : null ===> Message : validateRequest() Invoked!
info: ===> TimeStamp : 2026-01-18 21:55:16===> API : null ===> Message : validRequest() :: Api validated Successfully
info: ===> TimeStamp : 2026-01-18 21:55:16===> API : /api/auth/checkIP ===> Message : checkIP() invoked!!
info: ===> TimeStamp : 2026-01-18 21:55:16===> API : /api/auth/checkIP ===> Message : IPs match: 103.225.102.194
info: ===> TimeStamp : 2026-01-18 21:55:16===> API : /api/auth/checkIP ===> Message : checkIPResponse() invoked!
info: ===> TimeStamp : 2026-01-18 21:55:16===> API : /api/auth/checkIP ===> Message : checkIPResponse() completed
info: ===> TimeStamp : 2026-01-18 21:55:16===> API : null ===> Message : validateRequest() invoked
info: ===> TimeStamp : 2026-01-18 21:55:16===> API : null ===> Message : fetchDBSettings()
info: ===> TimeStamp : 2026-01-18 21:55:16===> API : null ===> Message : validateRequest() Invoked!
info: ===> TimeStamp : 2026-01-18 21:55:16===> API : null ===> Message : validRequest() :: Api validated Successfully
info: ===> TimeStamp : 2026-01-18 21:55:16===> API : /api/auth/login ===> Message : loginUser() invoked!!
info: ===> TimeStamp : 2026-01-18 21:55:16===> API : /api/auth/login ===> Message : loginUser() :: Request Object :: [object Object]
info: ===> TimeStamp : 2026-01-18 21:55:16===> API : /api/auth/login ===> Message : loginUserDB() Invoked !
info: ===> TimeStamp : 2026-01-18 21:55:16===> API : /api/auth/login ===> Message : loginUserResponse() invoked!
info: ===> TimeStamp : 2026-01-18 21:55:16===> API : /api/auth/login ===> Message : loginUserResponse() completed
info: ===> TimeStamp : 2026-01-18 21:58:42===> API : null ===> Message : validateRequest() invoked
info: ===> TimeStamp : 2026-01-18 21:58:42===> API : null ===> Message : fetchDBSettings()
info: ===> TimeStamp : 2026-01-18 21:58:42===> API : null ===> Message : validateRequest() Invoked!
info: ===> TimeStamp : 2026-01-18 21:58:42===> API : null ===> Message : validRequest() :: Api validated Successfully
info: ===> TimeStamp : 2026-01-18 21:58:42===> API : /api/auth/validateuser ===> Message : validateUser() invoked!!
info: ===> TimeStamp : 2026-01-18 21:58:42===> API : /api/auth/validateuser ===> Message : validateUser() :: Request Object :: [object Object]
info: ===> TimeStamp : 2026-01-18 21:58:42===> API : /api/auth/validateuser ===> Message : validateUserDB() Invoked !
info: ===> TimeStamp : 2026-01-18 21:58:42===> API : /api/auth/validateuser ===> Message : validateUserResponse() invoked!
info: ===> TimeStamp : 2026-01-18 21:58:42===> API : /api/auth/validateuser ===> Message : validateUserResponse() completed
info: ===> TimeStamp : 2026-01-18 21:58:42===> API : null ===> Message : validateRequest() invoked
info: ===> TimeStamp : 2026-01-18 21:58:42===> API : null ===> Message : fetchDBSettings()
info: ===> TimeStamp : 2026-01-18 21:58:42===> API : null ===> Message : validateRequest() Invoked!
info: ===> TimeStamp : 2026-01-18 21:58:42===> API : null ===> Message : validRequest() :: Api validated Successfully
info: ===> TimeStamp : 2026-01-18 21:58:42===> API : /api/auth/login ===> Message : loginUser() invoked!!
info: ===> TimeStamp : 2026-01-18 21:58:42===> API : /api/auth/login ===> Message : loginUser() :: Request Object :: [object Object]
info: ===> TimeStamp : 2026-01-18 21:58:42===> API : /api/auth/login ===> Message : loginUserDB() Invoked !
info: ===> TimeStamp : 2026-01-18 21:58:43===> API : /api/auth/login ===> Message : loginUserResponse() invoked!
info: ===> TimeStamp : 2026-01-18 21:58:43===> API : /api/auth/login ===> Message : loginUserResponse() completed
info: ===> TimeStamp : 2026-01-18 21:58:51===> API : null ===> Message : validateRequest() invoked
info: ===> TimeStamp : 2026-01-18 21:58:51===> API : null ===> Message : fetchDBSettings()
info: ===> TimeStamp : 2026-01-18 21:58:51===> API : null ===> Message : validateRequest() Invoked!
info: ===> TimeStamp : 2026-01-18 21:58:51===> API : null ===> Message : validRequest() :: Api validated Successfully
info: ===> TimeStamp : 2026-01-18 21:58:51===> API : /api/auth/validateuser ===> Message : validateUser() invoked!!
info: ===> TimeStamp : 2026-01-18 21:58:51===> API : /api/auth/validateuser ===> Message : validateUser() :: Request Object :: [object Object]
info: ===> TimeStamp : 2026-01-18 21:58:51===> API : /api/auth/validateuser ===> Message : validateUserDB() Invoked !
info: ===> TimeStamp : 2026-01-18 21:58:51===> API : /api/auth/validateuser ===> Message : validateUserResponse() invoked!
info: ===> TimeStamp : 2026-01-18 21:58:51===> API : /api/auth/validateuser ===> Message : validateUserResponse() completed
info: ===> TimeStamp : 2026-01-18 21:58:51===> API : null ===> Message : validateRequest() invoked
info: ===> TimeStamp : 2026-01-18 21:58:51===> API : null ===> Message : fetchDBSettings()
info: ===> TimeStamp : 2026-01-18 21:58:51===> API : null ===> Message : validateRequest() Invoked!
info: ===> TimeStamp : 2026-01-18 21:58:51===> API : null ===> Message : validRequest() :: Api validated Successfully
info: ===> TimeStamp : 2026-01-18 21:58:51===> API : /api/auth/login ===> Message : loginUser() invoked!!
info: ===> TimeStamp : 2026-01-18 21:58:51===> API : /api/auth/login ===> Message : loginUser() :: Request Object :: [object Object]
info: ===> TimeStamp : 2026-01-18 21:58:51===> API : /api/auth/login ===> Message : loginUserDB() Invoked !
info: ===> TimeStamp : 2026-01-18 21:58:51===> API : /api/auth/login ===> Message : loginUserResponse() invoked!
info: ===> TimeStamp : 2026-01-18 21:58:51===> API : /api/auth/login ===> Message : loginUserResponse() completed
info: ===> TimeStamp : 2026-01-18 22:44:26===> API : null ===> Message : validateRequest() invoked
info: ===> TimeStamp : 2026-01-18 22:44:26===> API : null ===> Message : fetchDBSettings()
info: ===> TimeStamp : 2026-01-18 22:44:26===> API : null ===> Message : validateRequest() Invoked!
info: ===> TimeStamp : 2026-01-18 22:44:26===> API : null ===> Message : validRequest() :: Api validated Successfully
info: ===> TimeStamp : 2026-01-18 22:44:26===> API : /api/auth/validateuser ===> Message : validateUser() invoked!!
info: ===> TimeStamp : 2026-01-18 22:44:26===> API : /api/auth/validateuser ===> Message : validateUser() :: Request Object :: [object Object]
info: ===> TimeStamp : 2026-01-18 22:44:26===> API : /api/auth/validateuser ===> Message : validateUserDB() Invoked !
info: ===> TimeStamp : 2026-01-18 22:44:26===> API : /api/auth/validateuser ===> Message : validateUserResponse() invoked!
info: ===> TimeStamp : 2026-01-18 22:44:26===> API : /api/auth/validateuser ===> Message : validateUserResponse() completed
info: ===> TimeStamp : 2026-01-18 22:44:26===> API : null ===> Message : validateRequest() invoked
info: ===> TimeStamp : 2026-01-18 22:44:26===> API : null ===> Message : fetchDBSettings()
info: ===> TimeStamp : 2026-01-18 22:44:26===> API : null ===> Message : validateRequest() Invoked!
info: ===> TimeStamp : 2026-01-18 22:44:26===> API : null ===> Message : validRequest() :: Api validated Successfully
info: ===> TimeStamp : 2026-01-18 22:44:26===> API : /api/auth/login ===> Message : loginUser() invoked!!
info: ===> TimeStamp : 2026-01-18 22:44:26===> API : /api/auth/login ===> Message : loginUser() :: Request Object :: [object Object]
info: ===> TimeStamp : 2026-01-18 22:44:26===> API : /api/auth/login ===> Message : loginUserDB() Invoked !
info: ===> TimeStamp : 2026-01-18 22:44:26===> API : /api/auth/login ===> Message : loginUserResponse() invoked!
info: ===> TimeStamp : 2026-01-18 22:44:26===> API : /api/auth/login ===> Message : loginUserResponse() completed
info: ===> TimeStamp : 2026-01-18 22:56:38===> API : null ===> Message : validateRequest() invoked
info: ===> TimeStamp : 2026-01-18 22:56:38===> API : null ===> Message : fetchDBSettings()
info: ===> TimeStamp : 2026-01-18 22:56:38===> API : null ===> Message : validateRequest() Invoked!
info: ===> TimeStamp : 2026-01-18 22:56:38===> API : null ===> Message : validRequest() :: Api validated Successfully
info: ===> TimeStamp : 2026-01-18 22:56:38===> API : /api/auth/validateuser ===> Message : validateUser() invoked!!
info: ===> TimeStamp : 2026-01-18 22:56:38===> API : /api/auth/validateuser ===> Message : validateUser() :: Request Object :: [object Object]
info: ===> TimeStamp : 2026-01-18 22:56:38===> API : /api/auth/validateuser ===> Message : validateUserDB() Invoked !
info: ===> TimeStamp : 2026-01-18 22:56:39===> API : /api/auth/validateuser ===> Message : validateUserResponse() invoked!
info: ===> TimeStamp : 2026-01-18 22:56:39===> API : /api/auth/validateuser ===> Message : validateUserResponse() completed
info: ===> TimeStamp : 2026-01-18 22:56:39===> API : null ===> Message : validateRequest() invoked
info: ===> TimeStamp : 2026-01-18 22:56:39===> API : null ===> Message : fetchDBSettings()
info: ===> TimeStamp : 2026-01-18 22:56:39===> API : null ===> Message : validateRequest() Invoked!
info: ===> TimeStamp : 2026-01-18 22:56:39===> API : null ===> Message : validRequest() :: Api validated Successfully
info: ===> TimeStamp : 2026-01-18 22:56:39===> API : /api/auth/login ===> Message : loginUser() invoked!!
info: ===> TimeStamp : 2026-01-18 22:56:39===> API : /api/auth/login ===> Message : loginUser() :: Request Object :: [object Object]
info: ===> TimeStamp : 2026-01-18 22:56:39===> API : /api/auth/login ===> Message : loginUserDB() Invoked !
info: ===> TimeStamp : 2026-01-18 22:56:39===> API : /api/auth/login ===> Message : loginUserResponse() invoked!
info: ===> TimeStamp : 2026-01-18 22:56:39===> API : /api/auth/login ===> Message : loginUserResponse() completed
info: ===> TimeStamp : 2026-01-18 23:20:38===> API : null ===> Message : validateRequest() invoked
info: ===> TimeStamp : 2026-01-18 23:20:38===> API : null ===> Message : fetchDBSettings()
info: ===> TimeStamp : 2026-01-18 23:20:38===> API : null ===> Message : validateRequest() Invoked!
info: ===> TimeStamp : 2026-01-18 23:20:38===> API : null ===> Message : validRequest() :: Api validated Successfully
info: ===> TimeStamp : 2026-01-18 23:20:38===> API : /api/auth/validateuser ===> Message : validateUser() invoked!!
info: ===> TimeStamp : 2026-01-18 23:20:38===> API : /api/auth/validateuser ===> Message : validateUser() :: Request Object :: [object Object]
info: ===> TimeStamp : 2026-01-18 23:20:38===> API : /api/auth/validateuser ===> Message : validateUserDB() Invoked !
info: ===> TimeStamp : 2026-01-18 23:20:38===> API : /api/auth/validateuser ===> Message : validateUserResponse() invoked!
info: ===> TimeStamp : 2026-01-18 23:20:38===> API : /api/auth/validateuser ===> Message : validateUserResponse() completed
info: ===> TimeStamp : 2026-01-18 23:20:38===> API : null ===> Message : validateRequest() invoked
info: ===> TimeStamp : 2026-01-18 23:20:38===> API : null ===> Message : fetchDBSettings()
info: ===> TimeStamp : 2026-01-18 23:20:38===> API : null ===> Message : validateRequest() Invoked!
info: ===> TimeStamp : 2026-01-18 23:20:38===> API : null ===> Message : validRequest() :: Api validated Successfully
info: ===> TimeStamp : 2026-01-18 23:20:38===> API : /api/auth/login ===> Message : loginUser() invoked!!
info: ===> TimeStamp : 2026-01-18 23:20:38===> API : /api/auth/login ===> Message : loginUser() :: Request Object :: [object Object]
info: ===> TimeStamp : 2026-01-18 23:20:38===> API : /api/auth/login ===> Message : loginUserDB() Invoked !
info: ===> TimeStamp : 2026-01-18 23:20:38===> API : /api/auth/login ===> Message : loginUserResponse() invoked!
info: ===> TimeStamp : 2026-01-18 23:20:38===> API : /api/auth/login ===> Message : loginUserResponse() completed
info: ===> TimeStamp : 2026-01-18 23:53:04===> API : null ===> Message : validateRequest() invoked
info: ===> TimeStamp : 2026-01-18 23:53:04===> API : null ===> Message : fetchDBSettings()
info: ===> TimeStamp : 2026-01-18 23:53:04===> API : null ===> Message : validateRequest() Invoked!
info: ===> TimeStamp : 2026-01-18 23:53:04===> API : null ===> Message : validRequest() :: Api validated Successfully
info: ===> TimeStamp : 2026-01-18 23:53:04===> API : /api/auth/validateuser ===> Message : validateUser() invoked!!
info: ===> TimeStamp : 2026-01-18 23:53:04===> API : /api/auth/validateuser ===> Message : validateUser() :: Request Object :: [object Object]
info: ===> TimeStamp : 2026-01-18 23:53:04===> API : /api/auth/validateuser ===> Message : validateUserDB() Invoked !
info: ===> TimeStamp : 2026-01-18 23:53:04===> API : /api/auth/validateuser ===> Message : validateUserResponse() invoked!
info: ===> TimeStamp : 2026-01-18 23:53:04===> API : /api/auth/validateuser ===> Message : validateUserResponse() completed
info: ===> TimeStamp : 2026-01-18 23:53:04===> API : null ===> Message : validateRequest() invoked
info: ===> TimeStamp : 2026-01-18 23:53:04===> API : null ===> Message : fetchDBSettings()
info: ===> TimeStamp : 2026-01-18 23:53:04===> API : null ===> Message : validateRequest() Invoked!
info: ===> TimeStamp : 2026-01-18 23:53:04===> API : null ===> Message : validRequest() :: Api validated Successfully
info: ===> TimeStamp : 2026-01-18 23:53:04===> API : /api/auth/login ===> Message : loginUser() invoked!!
info: ===> TimeStamp : 2026-01-18 23:53:04===> API : /api/auth/login ===> Message : loginUser() :: Request Object :: [object Object]
info: ===> TimeStamp : 2026-01-18 23:53:04===> API : /api/auth/login ===> Message : loginUserDB() Invoked !
info: ===> TimeStamp : 2026-01-18 23:53:04===> API : /api/auth/login ===> Message : loginUserResponse() invoked!
info: ===> TimeStamp : 2026-01-18 23:53:04===> API : /api/auth/login ===> Message : loginUserResponse() completed
info: ===> TimeStamp : 2026-01-18 23:57:50===> API : null ===> Message : validateRequest() invoked
info: ===> TimeStamp : 2026-01-18 23:57:50===> API : null ===> Message : fetchDBSettings()
info: ===> TimeStamp : 2026-01-18 23:57:50===> API : null ===> Message : validateRequest() Invoked!
info: ===> TimeStamp : 2026-01-18 23:57:50===> API : null ===> Message : validRequest() :: Api validated Successfully
info: ===> TimeStamp : 2026-01-18 23:57:50===> API : /api/auth/validateuser ===> Message : validateUser() invoked!!
info: ===> TimeStamp : 2026-01-18 23:57:50===> API : /api/auth/validateuser ===> Message : validateUser() :: Request Object :: [object Object]
info: ===> TimeStamp : 2026-01-18 23:57:50===> API : /api/auth/validateuser ===> Message : validateUserDB() Invoked !
info: ===> TimeStamp : 2026-01-18 23:57:50===> API : /api/auth/validateuser ===> Message : validateUserResponse() invoked!
info: ===> TimeStamp : 2026-01-18 23:57:50===> API : /api/auth/validateuser ===> Message : validateUserResponse() completed
info: ===> TimeStamp : 2026-01-18 23:57:50===> API : null ===> Message : validateRequest() invoked
info: ===> TimeStamp : 2026-01-18 23:57:50===> API : null ===> Message : fetchDBSettings()
info: ===> TimeStamp : 2026-01-18 23:57:50===> API : null ===> Message : validateRequest() Invoked!
info: ===> TimeStamp : 2026-01-18 23:57:50===> API : null ===> Message : validRequest() :: Api validated Successfully
info: ===> TimeStamp : 2026-01-18 23:57:50===> API : /api/auth/login ===> Message : loginUser() invoked!!
info: ===> TimeStamp : 2026-01-18 23:57:50===> API : /api/auth/login ===> Message : loginUser() :: Request Object :: [object Object]
info: ===> TimeStamp : 2026-01-18 23:57:50===> API : /api/auth/login ===> Message : loginUserDB() Invoked !
info: ===> TimeStamp : 2026-01-18 23:57:50===> API : /api/auth/login ===> Message : loginUserResponse() invoked!
info: ===> TimeStamp : 2026-01-18 23:57:50===> API : /api/auth/login ===> Message : loginUserResponse() completed
info: ===> TimeStamp : 2026-01-19 01:02:19===> API : null ===> Message : validateRequest() invoked
info: ===> TimeStamp : 2026-01-19 01:02:19===> API : null ===> Message : fetchDBSettings()
info: ===> TimeStamp : 2026-01-19 01:02:19===> API : null ===> Message : validateRequest() Invoked!
info: ===> TimeStamp : 2026-01-19 01:02:19===> API : null ===> Message : validRequest() :: Api validated Successfully
info: ===> TimeStamp : 2026-01-19 01:02:19===> API : /api/auth/validateuser ===> Message : validateUser() invoked!!
info: ===> TimeStamp : 2026-01-19 01:02:19===> API : /api/auth/validateuser ===> Message : validateUser() :: Request Object :: [object Object]
info: ===> TimeStamp : 2026-01-19 01:02:19===> API : /api/auth/validateuser ===> Message : validateUserDB() Invoked !
info: ===> TimeStamp : 2026-01-19 01:02:19===> API : /api/auth/validateuser ===> Message : validateUserResponse() invoked!
info: ===> TimeStamp : 2026-01-19 01:02:19===> API : /api/auth/validateuser ===> Message : validateUserResponse() completed
info: ===> TimeStamp : 2026-01-19 01:02:20===> API : null ===> Message : validateRequest() invoked
info: ===> TimeStamp : 2026-01-19 01:02:20===> API : null ===> Message : fetchDBSettings()
info: ===> TimeStamp : 2026-01-19 01:02:20===> API : null ===> Message : validateRequest() Invoked!
info: ===> TimeStamp : 2026-01-19 01:02:20===> API : null ===> Message : validRequest() :: Api validated Successfully
info: ===> TimeStamp : 2026-01-19 01:02:20===> API : /api/auth/login ===> Message : loginUser() invoked!!
info: ===> TimeStamp : 2026-01-19 01:02:20===> API : /api/auth/login ===> Message : loginUser() :: Request Object :: [object Object]
info: ===> TimeStamp : 2026-01-19 01:02:20===> API : /api/auth/login ===> Message : loginUserDB() Invoked !
info: ===> TimeStamp : 2026-01-19 01:02:20===> API : /api/auth/login ===> Message : loginUserResponse() invoked!
info: ===> TimeStamp : 2026-01-19 01:02:20===> API : /api/auth/login ===> Message : loginUserResponse() completed
info: ===> TimeStamp : 2026-01-19 02:46:32===> API : null ===> Message : fetchDBSettings()
info: ===> TimeStamp : 2026-01-19 02:46:32===> API : null ===> Message : validateRequest() invoked
info: ===> TimeStamp : 2026-01-19 02:46:33===> API : null ===> Message : validateRequest() Invoked!
info: ===> TimeStamp : 2026-01-19 02:46:33===> API : null ===> Message : validRequest() :: Api validated Successfully
info: ===> TimeStamp : 2026-01-19 02:46:33===> API : /api/auth/logout ===> Message : logoutUser() invoked!!
info: ===> TimeStamp : 2026-01-19 02:46:33===> API : /api/auth/logout ===> Message : logoutUser() :: Request Object :: [object Object]
info: ===> TimeStamp : 2026-01-19 02:46:33===> API : /api/auth/logout ===> Message : logoutUserDB() Invoked !
info: ===> TimeStamp : 2026-01-19 02:46:33===> API : /api/auth/logout ===> Message : logoutUserResponse() invoked!
info: ===> TimeStamp : 2026-01-19 02:46:33===> API : /api/auth/logout ===> Message : logoutUserResponse() completed
info: ===> TimeStamp : 2026-01-19 02:57:49===> API : null ===> Message : validateRequest() invoked
info: ===> TimeStamp : 2026-01-19 02:57:49===> API : null ===> Message : fetchDBSettings()
info: ===> TimeStamp : 2026-01-19 02:57:49===> API : null ===> Message : validateRequest() Invoked!
info: ===> TimeStamp : 2026-01-19 02:57:49===> API : null ===> Message : validRequest() :: Api validated Successfully
info: ===> TimeStamp : 2026-01-19 02:57:49===> API : /api/auth/validateuser ===> Message : validateUser() :: Request Object :: [object Object]
info: ===> TimeStamp : 2026-01-19 02:57:49===> API : /api/auth/validateuser ===> Message : validateUser() invoked!!
info: ===> TimeStamp : 2026-01-19 02:57:49===> API : /api/auth/validateuser ===> Message : validateUserDB() Invoked !
info: ===> TimeStamp : 2026-01-19 02:57:49===> API : /api/auth/validateuser ===> Message : validateUserResponse() invoked!
info: ===> TimeStamp : 2026-01-19 02:57:49===> API : /api/auth/validateuser ===> Message : validateUserResponse() completed
info: ===> TimeStamp : 2026-01-19 02:57:49===> API : null ===> Message : validateRequest() invoked
info: ===> TimeStamp : 2026-01-19 02:57:49===> API : null ===> Message : fetchDBSettings()
info: ===> TimeStamp : 2026-01-19 02:57:49===> API : null ===> Message : validateRequest() Invoked!
info: ===> TimeStamp : 2026-01-19 02:57:49===> API : null ===> Message : validRequest() :: Api validated Successfully
info: ===> TimeStamp : 2026-01-19 02:57:49===> API : /api/auth/checkIP ===> Message : checkIP() invoked!!
info: ===> TimeStamp : 2026-01-19 02:57:49===> API : /api/auth/checkIP ===> Message : IPs match: 103.225.102.194
info: ===> TimeStamp : 2026-01-19 02:57:49===> API : /api/auth/checkIP ===> Message : checkIPResponse() invoked!
info: ===> TimeStamp : 2026-01-19 02:57:49===> API : /api/auth/checkIP ===> Message : checkIPResponse() completed
info: ===> TimeStamp : 2026-01-19 02:57:49===> API : null ===> Message : validateRequest() invoked
info: ===> TimeStamp : 2026-01-19 02:57:49===> API : null ===> Message : fetchDBSettings()
info: ===> TimeStamp : 2026-01-19 02:57:49===> API : null ===> Message : validateRequest() Invoked!
info: ===> TimeStamp : 2026-01-19 02:57:49===> API : null ===> Message : validRequest() :: Api validated Successfully
info: ===> TimeStamp : 2026-01-19 02:57:49===> API : /api/auth/login ===> Message : loginUser() invoked!!
info: ===> TimeStamp : 2026-01-19 02:57:49===> API : /api/auth/login ===> Message : loginUser() :: Request Object :: [object Object]
info: ===> TimeStamp : 2026-01-19 02:57:49===> API : /api/auth/login ===> Message : loginUserDB() Invoked !
info: ===> TimeStamp : 2026-01-19 02:57:49===> API : /api/auth/login ===> Message : loginUserResponse() invoked!
info: ===> TimeStamp : 2026-01-19 02:57:49===> API : /api/auth/login ===> Message : loginUserResponse() completed
