info: ===> TimeStamp : 2026-05-17 06:44:56===> API : null ===> Message : validateRequest() invoked
info: ===> TimeStamp : 2026-05-17 06:44:56===> API : null ===> Message : fetchDBSettings()
info: ===> TimeStamp : 2026-05-17 06:44:56===> API : null ===> Message : validateRequest() Invoked!
info: ===> TimeStamp : 2026-05-17 06:44:56===> API : null ===> Message : validRequest() :: Api validated Successfully
info: ===> TimeStamp : 2026-05-17 06:44:56===> API : /api/auth/logout ===> Message : logoutUser() invoked!!
info: ===> TimeStamp : 2026-05-17 06:44:56===> API : /api/auth/logout ===> Message : logoutUser() :: Request Object :: [object Object]
info: ===> TimeStamp : 2026-05-17 06:44:56===> API : /api/auth/logout ===> Message : logoutUserDB() Invoked !
info: ===> TimeStamp : 2026-05-17 06:44:56===> API : /api/auth/logout ===> Message : logoutUserResponse() invoked!
info: ===> TimeStamp : 2026-05-17 06:44:56===> API : /api/auth/logout ===> Message : logoutUserResponse() completed
info: ===> TimeStamp : 2026-05-17 06:59:08===> API : null ===> Message : validateRequest() invoked
info: ===> TimeStamp : 2026-05-17 06:59:08===> API : null ===> Message : fetchDBSettings()
info: ===> TimeStamp : 2026-05-17 06:59:08===> API : null ===> Message : validateRequest() Invoked!
info: ===> TimeStamp : 2026-05-17 06:59:08===> API : null ===> Message : validRequest() :: Api validated Successfully
info: ===> TimeStamp : 2026-05-17 06:59:08===> API : /api/auth/logout ===> Message : logoutUser() invoked!!
info: ===> TimeStamp : 2026-05-17 06:59:08===> API : /api/auth/logout ===> Message : logoutUser() :: Request Object :: [object Object]
info: ===> TimeStamp : 2026-05-17 06:59:08===> API : /api/auth/logout ===> Message : logoutUserDB() Invoked !
info: ===> TimeStamp : 2026-05-17 06:59:08===> API : /api/auth/logout ===> Message : logoutUserResponse() invoked!
info: ===> TimeStamp : 2026-05-17 06:59:08===> API : /api/auth/logout ===> Message : logoutUserResponse() completed
info: ===> TimeStamp : 2026-05-17 07:01:40===> API : null ===> Message : validateRequest() invoked
info: ===> TimeStamp : 2026-05-17 07:01:40===> API : null ===> Message : fetchDBSettings()
info: ===> TimeStamp : 2026-05-17 07:01:40===> API : null ===> Message : validateRequest() Invoked!
info: ===> TimeStamp : 2026-05-17 07:01:41===> API : null ===> Message : validRequest() :: Api validated Successfully
info: ===> TimeStamp : 2026-05-17 07:01:41===> API : /api/auth/validateuser ===> Message : validateUser() invoked!!
info: ===> TimeStamp : 2026-05-17 07:01:41===> API : /api/auth/validateuser ===> Message : validateUser() :: Request Object :: [object Object]
info: ===> TimeStamp : 2026-05-17 07:01:41===> API : /api/auth/validateuser ===> Message : validateUserDB() Invoked !
info: ===> TimeStamp : 2026-05-17 07:01:41===> API : /api/auth/validateuser ===> Message : validateUserResponse() invoked!
info: ===> TimeStamp : 2026-05-17 07:01:41===> API : /api/auth/validateuser ===> Message : validateUserResponse() completed
info: ===> TimeStamp : 2026-05-17 07:01:41===> API : null ===> Message : validateRequest() invoked
info: ===> TimeStamp : 2026-05-17 07:01:41===> API : null ===> Message : fetchDBSettings()
info: ===> TimeStamp : 2026-05-17 07:01:41===> API : null ===> Message : validateRequest() Invoked!
info: ===> TimeStamp : 2026-05-17 07:01:41===> API : null ===> Message : validRequest() :: Api validated Successfully
info: ===> TimeStamp : 2026-05-17 07:01:41===> API : /api/auth/checkIP ===> Message : checkIP() invoked!!
info: ===> TimeStamp : 2026-05-17 07:01:41===> API : /api/auth/checkIP ===> Message : IPs match: 103.255.182.117
info: ===> TimeStamp : 2026-05-17 07:01:41===> API : /api/auth/checkIP ===> Message : checkIPResponse() invoked!
info: ===> TimeStamp : 2026-05-17 07:01:41===> API : /api/auth/checkIP ===> Message : checkIPResponse() completed
info: ===> TimeStamp : 2026-05-17 07:01:41===> API : null ===> Message : validateRequest() invoked
info: ===> TimeStamp : 2026-05-17 07:01:41===> API : null ===> Message : fetchDBSettings()
info: ===> TimeStamp : 2026-05-17 07:01:41===> API : null ===> Message : validateRequest() Invoked!
info: ===> TimeStamp : 2026-05-17 07:01:41===> API : null ===> Message : validRequest() :: Api validated Successfully
info: ===> TimeStamp : 2026-05-17 07:01:41===> API : /api/auth/login ===> Message : loginUser() :: Request Object :: [object Object]
info: ===> TimeStamp : 2026-05-17 07:01:41===> API : /api/auth/login ===> Message : loginUser() invoked!!
info: ===> TimeStamp : 2026-05-17 07:01:41===> API : /api/auth/login ===> Message : loginUserDB() Invoked !
info: ===> TimeStamp : 2026-05-17 07:01:41===> API : /api/auth/login ===> Message : loginUserResponse() invoked!
info: ===> TimeStamp : 2026-05-17 07:01:41===> API : /api/auth/login ===> Message : loginUserResponse() completed
info: ===> TimeStamp : 2026-05-17 07:02:03===> API : null ===> Message : validateRequest() invoked
info: ===> TimeStamp : 2026-05-17 07:02:03===> API : null ===> Message : fetchDBSettings()
info: ===> TimeStamp : 2026-05-17 07:02:03===> API : null ===> Message : validateRequest() Invoked!
info: ===> TimeStamp : 2026-05-17 07:02:03===> API : null ===> Message : validRequest() :: Api validated Successfully
info: ===> TimeStamp : 2026-05-17 07:02:03===> API : /api/auth/validateuser ===> Message : validateUser() invoked!!
info: ===> TimeStamp : 2026-05-17 07:02:03===> API : /api/auth/validateuser ===> Message : validateUser() :: Request Object :: [object Object]
info: ===> TimeStamp : 2026-05-17 07:02:03===> API : /api/auth/validateuser ===> Message : validateUserDB() Invoked !
info: ===> TimeStamp : 2026-05-17 07:02:03===> API : /api/auth/validateuser ===> Message : validateUserResponse() invoked!
info: ===> TimeStamp : 2026-05-17 07:02:03===> API : /api/auth/validateuser ===> Message : validateUserResponse() completed
info: ===> TimeStamp : 2026-05-17 07:02:03===> API : null ===> Message : validateRequest() invoked
info: ===> TimeStamp : 2026-05-17 07:02:03===> API : null ===> Message : fetchDBSettings()
info: ===> TimeStamp : 2026-05-17 07:02:03===> API : null ===> Message : validateRequest() Invoked!
info: ===> TimeStamp : 2026-05-17 07:02:03===> API : null ===> Message : validRequest() :: Api validated Successfully
info: ===> TimeStamp : 2026-05-17 07:02:03===> API : /api/auth/checkIP ===> Message : checkIP() invoked!!
info: ===> TimeStamp : 2026-05-17 07:02:03===> API : /api/auth/checkIP ===> Message : IPs match: 103.255.182.117
info: ===> TimeStamp : 2026-05-17 07:02:03===> API : /api/auth/checkIP ===> Message : checkIPResponse() invoked!
info: ===> TimeStamp : 2026-05-17 07:02:03===> API : /api/auth/checkIP ===> Message : checkIPResponse() completed
info: ===> TimeStamp : 2026-05-17 07:02:03===> API : null ===> Message : validateRequest() invoked
info: ===> TimeStamp : 2026-05-17 07:02:03===> API : null ===> Message : fetchDBSettings()
info: ===> TimeStamp : 2026-05-17 07:02:03===> API : null ===> Message : validateRequest() Invoked!
info: ===> TimeStamp : 2026-05-17 07:02:03===> API : null ===> Message : validRequest() :: Api validated Successfully
info: ===> TimeStamp : 2026-05-17 07:02:03===> API : /api/auth/login ===> Message : loginUser() invoked!!
info: ===> TimeStamp : 2026-05-17 07:02:03===> API : /api/auth/login ===> Message : loginUser() :: Request Object :: [object Object]
info: ===> TimeStamp : 2026-05-17 07:02:03===> API : /api/auth/login ===> Message : loginUserDB() Invoked !
info: ===> TimeStamp : 2026-05-17 07:02:03===> API : /api/auth/login ===> Message : loginUserResponse() invoked!
info: ===> TimeStamp : 2026-05-17 07:02:03===> API : /api/auth/login ===> Message : loginUserResponse() completed
info: ===> TimeStamp : 2026-05-17 07:35:23===> API : null ===> Message : validateRequest() invoked
info: ===> TimeStamp : 2026-05-17 07:35:23===> API : null ===> Message : validateRequest() Error:: Invalid Request :: 
      {"apiUri":"/.git/config"}
info: ===> TimeStamp : 2026-05-17 09:23:51===> API : null ===> Message : validateRequest() invoked
info: ===> TimeStamp : 2026-05-17 09:23:51===> API : null ===> Message : validateRequest() Error:: Invalid Request :: 
      {"apiUri":"/robots.txt"}
info: ===> TimeStamp : 2026-05-17 09:23:52===> API : null ===> Message : validateRequest() invoked
info: ===> TimeStamp : 2026-05-17 09:23:52===> API : null ===> Message : validateRequest() Error:: Invalid Request :: 
      {"apiUri":"/"}
info: ===> TimeStamp : 2026-05-17 09:33:18===> API : null ===> Message : validateRequest() invoked
info: ===> TimeStamp : 2026-05-17 09:33:18===> API : null ===> Message : fetchDBSettings()
info: ===> TimeStamp : 2026-05-17 09:33:18===> API : null ===> Message : validateRequest() Invoked!
info: ===> TimeStamp : 2026-05-17 09:33:18===> API : null ===> Message : validRequest() :: Api validated Successfully
info: ===> TimeStamp : 2026-05-17 09:33:18===> API : /api/auth/validateuser ===> Message : validateUser() invoked!!
info: ===> TimeStamp : 2026-05-17 09:33:18===> API : /api/auth/validateuser ===> Message : validateUser() :: Request Object :: [object Object]
info: ===> TimeStamp : 2026-05-17 09:33:18===> API : /api/auth/validateuser ===> Message : validateUserDB() Invoked !
info: ===> TimeStamp : 2026-05-17 09:33:18===> API : /api/auth/validateuser ===> Message : validateUserResponse() invoked!
info: ===> TimeStamp : 2026-05-17 09:33:18===> API : /api/auth/validateuser ===> Message : validateUserResponse() completed
info: ===> TimeStamp : 2026-05-17 09:33:18===> API : null ===> Message : validateRequest() invoked
info: ===> TimeStamp : 2026-05-17 09:33:18===> API : null ===> Message : fetchDBSettings()
info: ===> TimeStamp : 2026-05-17 09:33:18===> API : null ===> Message : validateRequest() Invoked!
info: ===> TimeStamp : 2026-05-17 09:33:18===> API : null ===> Message : validRequest() :: Api validated Successfully
info: ===> TimeStamp : 2026-05-17 09:33:18===> API : /api/auth/login ===> Message : loginUser() invoked!!
info: ===> TimeStamp : 2026-05-17 09:33:18===> API : /api/auth/login ===> Message : loginUser() :: Request Object :: [object Object]
info: ===> TimeStamp : 2026-05-17 09:33:18===> API : /api/auth/login ===> Message : loginUserDB() Invoked !
info: ===> TimeStamp : 2026-05-17 09:33:19===> API : /api/auth/login ===> Message : loginUserResponse() invoked!
info: ===> TimeStamp : 2026-05-17 09:33:19===> API : /api/auth/login ===> Message : loginUserResponse() completed
info: ===> TimeStamp : 2026-05-17 12:59:27===> API : null ===> Message : validateRequest() invoked
info: ===> TimeStamp : 2026-05-17 12:59:27===> API : null ===> Message : validateRequest() Error:: Invalid Request :: 
      {"apiUri":"/"}
info: ===> TimeStamp : 2026-05-17 12:59:27===> API : null ===> Message : validateRequest() invoked
info: ===> TimeStamp : 2026-05-17 12:59:27===> API : null ===> Message : validateRequest() Error:: Invalid Request :: 
      {"apiUri":"/"}
info: ===> TimeStamp : 2026-05-17 12:59:27===> API : null ===> Message : validateRequest() invoked
info: ===> TimeStamp : 2026-05-17 12:59:27===> API : null ===> Message : validateRequest() Error:: Invalid Request :: 
      {"apiUri":"/wp-login.php"}
info: ===> TimeStamp : 2026-05-17 12:59:27===> API : null ===> Message : validateRequest() invoked
info: ===> TimeStamp : 2026-05-17 12:59:27===> API : null ===> Message : validateRequest() Error:: Invalid Request :: 
      {"apiUri":"/wp-admin/"}
info: ===> TimeStamp : 2026-05-17 12:59:27===> API : null ===> Message : validateRequest() invoked
info: ===> TimeStamp : 2026-05-17 12:59:27===> API : null ===> Message : validateRequest() Error:: Invalid Request :: 
      {"apiUri":"/login"}
info: ===> TimeStamp : 2026-05-17 13:15:27===> API : null ===> Message : validateRequest() invoked
info: ===> TimeStamp : 2026-05-17 13:15:27===> API : null ===> Message : fetchDBSettings()
info: ===> TimeStamp : 2026-05-17 13:15:27===> API : null ===> Message : validateRequest() Invoked!
info: ===> TimeStamp : 2026-05-17 13:15:27===> API : null ===> Message : validRequest() :: Api validated Successfully
info: ===> TimeStamp : 2026-05-17 13:15:27===> API : /api/auth/logout ===> Message : logoutUser() invoked!!
info: ===> TimeStamp : 2026-05-17 13:15:27===> API : /api/auth/logout ===> Message : logoutUser() :: Request Object :: [object Object]
info: ===> TimeStamp : 2026-05-17 13:15:27===> API : /api/auth/logout ===> Message : logoutUserDB() Invoked !
info: ===> TimeStamp : 2026-05-17 13:15:27===> API : /api/auth/logout ===> Message : logoutUserResponse() invoked!
info: ===> TimeStamp : 2026-05-17 13:15:27===> API : /api/auth/logout ===> Message : logoutUserResponse() completed
info: ===> TimeStamp : 2026-05-17 13:15:43===> API : null ===> Message : validateRequest() invoked
info: ===> TimeStamp : 2026-05-17 13:15:43===> API : null ===> Message : fetchDBSettings()
info: ===> TimeStamp : 2026-05-17 13:15:43===> API : null ===> Message : validateRequest() Invoked!
info: ===> TimeStamp : 2026-05-17 13:15:43===> API : null ===> Message : validRequest() :: Api validated Successfully
info: ===> TimeStamp : 2026-05-17 13:15:43===> API : /api/auth/validateuser ===> Message : validateUser() invoked!!
info: ===> TimeStamp : 2026-05-17 13:15:43===> API : /api/auth/validateuser ===> Message : validateUser() :: Request Object :: [object Object]
info: ===> TimeStamp : 2026-05-17 13:15:43===> API : /api/auth/validateuser ===> Message : validateUserDB() Invoked !
info: ===> TimeStamp : 2026-05-17 13:15:43===> API : /api/auth/validateuser ===> Message : validateUserResponse() invoked!
info: ===> TimeStamp : 2026-05-17 13:15:43===> API : /api/auth/validateuser ===> Message : validateUserResponse() completed
info: ===> TimeStamp : 2026-05-17 13:15:43===> API : null ===> Message : validateRequest() invoked
info: ===> TimeStamp : 2026-05-17 13:15:43===> API : null ===> Message : fetchDBSettings()
info: ===> TimeStamp : 2026-05-17 13:15:43===> API : null ===> Message : validateRequest() Invoked!
info: ===> TimeStamp : 2026-05-17 13:15:43===> API : null ===> Message : validRequest() :: Api validated Successfully
info: ===> TimeStamp : 2026-05-17 13:15:43===> API : /api/auth/checkIP ===> Message : checkIP() invoked!!
info: ===> TimeStamp : 2026-05-17 13:15:43===> API : /api/auth/checkIP ===> Message : IPs match: 103.255.182.117
info: ===> TimeStamp : 2026-05-17 13:15:43===> API : /api/auth/checkIP ===> Message : checkIPResponse() invoked!
info: ===> TimeStamp : 2026-05-17 13:15:43===> API : /api/auth/checkIP ===> Message : checkIPResponse() completed
info: ===> TimeStamp : 2026-05-17 13:15:43===> API : null ===> Message : validateRequest() invoked
info: ===> TimeStamp : 2026-05-17 13:15:43===> API : null ===> Message : fetchDBSettings()
info: ===> TimeStamp : 2026-05-17 13:15:43===> API : null ===> Message : validateRequest() Invoked!
info: ===> TimeStamp : 2026-05-17 13:15:43===> API : null ===> Message : validRequest() :: Api validated Successfully
info: ===> TimeStamp : 2026-05-17 13:15:43===> API : /api/auth/login ===> Message : loginUser() invoked!!
info: ===> TimeStamp : 2026-05-17 13:15:43===> API : /api/auth/login ===> Message : loginUser() :: Request Object :: [object Object]
info: ===> TimeStamp : 2026-05-17 13:15:43===> API : /api/auth/login ===> Message : loginUserDB() Invoked !
info: ===> TimeStamp : 2026-05-17 13:15:43===> API : /api/auth/login ===> Message : loginUserResponse() invoked!
info: ===> TimeStamp : 2026-05-17 13:15:43===> API : /api/auth/login ===> Message : loginUserResponse() completed
info: ===> TimeStamp : 2026-05-17 13:16:17===> API : null ===> Message : validateRequest() invoked
info: ===> TimeStamp : 2026-05-17 13:16:17===> API : null ===> Message : fetchDBSettings()
info: ===> TimeStamp : 2026-05-17 13:16:17===> API : null ===> Message : validateRequest() Invoked!
info: ===> TimeStamp : 2026-05-17 13:16:17===> API : null ===> Message : validRequest() :: Api validated Successfully
info: ===> TimeStamp : 2026-05-17 13:16:17===> API : /api/auth/logout ===> Message : logoutUser() invoked!!
info: ===> TimeStamp : 2026-05-17 13:16:17===> API : /api/auth/logout ===> Message : logoutUser() :: Request Object :: [object Object]
info: ===> TimeStamp : 2026-05-17 13:16:17===> API : /api/auth/logout ===> Message : logoutUserDB() Invoked !
info: ===> TimeStamp : 2026-05-17 13:16:17===> API : /api/auth/logout ===> Message : logoutUserResponse() invoked!
info: ===> TimeStamp : 2026-05-17 13:16:17===> API : /api/auth/logout ===> Message : logoutUserResponse() completed
info: ===> TimeStamp : 2026-05-17 13:16:35===> API : null ===> Message : validateRequest() invoked
info: ===> TimeStamp : 2026-05-17 13:16:35===> API : null ===> Message : fetchDBSettings()
info: ===> TimeStamp : 2026-05-17 13:16:35===> API : null ===> Message : validateRequest() Invoked!
info: ===> TimeStamp : 2026-05-17 13:16:35===> API : null ===> Message : validRequest() :: Api validated Successfully
info: ===> TimeStamp : 2026-05-17 13:16:35===> API : /api/auth/validateuser ===> Message : validateUser() invoked!!
info: ===> TimeStamp : 2026-05-17 13:16:35===> API : /api/auth/validateuser ===> Message : validateUser() :: Request Object :: [object Object]
info: ===> TimeStamp : 2026-05-17 13:16:35===> API : /api/auth/validateuser ===> Message : validateUserDB() Invoked !
info: ===> TimeStamp : 2026-05-17 13:16:35===> API : /api/auth/validateuser ===> Message : validateUserResponse() invoked!
info: ===> TimeStamp : 2026-05-17 13:16:35===> API : /api/auth/validateuser ===> Message : validateUserResponse() completed
info: ===> TimeStamp : 2026-05-17 13:16:35===> API : null ===> Message : validateRequest() invoked
info: ===> TimeStamp : 2026-05-17 13:16:35===> API : null ===> Message : fetchDBSettings()
info: ===> TimeStamp : 2026-05-17 13:16:35===> API : null ===> Message : validateRequest() Invoked!
info: ===> TimeStamp : 2026-05-17 13:16:35===> API : null ===> Message : validRequest() :: Api validated Successfully
info: ===> TimeStamp : 2026-05-17 13:16:35===> API : /api/auth/checkIP ===> Message : checkIP() invoked!!
info: ===> TimeStamp : 2026-05-17 13:16:35===> API : /api/auth/checkIP ===> Message : IPs match: 103.255.182.117
info: ===> TimeStamp : 2026-05-17 13:16:35===> API : /api/auth/checkIP ===> Message : checkIPResponse() invoked!
info: ===> TimeStamp : 2026-05-17 13:16:35===> API : /api/auth/checkIP ===> Message : checkIPResponse() completed
info: ===> TimeStamp : 2026-05-17 13:16:35===> API : null ===> Message : validateRequest() invoked
info: ===> TimeStamp : 2026-05-17 13:16:35===> API : null ===> Message : fetchDBSettings()
info: ===> TimeStamp : 2026-05-17 13:16:35===> API : null ===> Message : validateRequest() Invoked!
info: ===> TimeStamp : 2026-05-17 13:16:35===> API : null ===> Message : validRequest() :: Api validated Successfully
info: ===> TimeStamp : 2026-05-17 13:16:35===> API : /api/auth/login ===> Message : loginUser() invoked!!
info: ===> TimeStamp : 2026-05-17 13:16:35===> API : /api/auth/login ===> Message : loginUser() :: Request Object :: [object Object]
info: ===> TimeStamp : 2026-05-17 13:16:35===> API : /api/auth/login ===> Message : loginUserDB() Invoked !
info: ===> TimeStamp : 2026-05-17 13:16:35===> API : /api/auth/login ===> Message : loginUserResponse() invoked!
info: ===> TimeStamp : 2026-05-17 13:16:35===> API : /api/auth/login ===> Message : loginUserResponse() completed
info: ===> TimeStamp : 2026-05-17 13:53:06===> API : null ===> Message : validateRequest() invoked
info: ===> TimeStamp : 2026-05-17 13:53:06===> API : null ===> Message : fetchDBSettings()
info: ===> TimeStamp : 2026-05-17 13:53:06===> API : null ===> Message : validateRequest() Invoked!
info: ===> TimeStamp : 2026-05-17 13:53:06===> API : null ===> Message : validRequest() :: Api validated Successfully
info: ===> TimeStamp : 2026-05-17 13:53:06===> API : /api/auth/validateuser ===> Message : validateUser() invoked!!
info: ===> TimeStamp : 2026-05-17 13:53:06===> API : /api/auth/validateuser ===> Message : validateUser() :: Request Object :: [object Object]
info: ===> TimeStamp : 2026-05-17 13:53:06===> API : /api/auth/validateuser ===> Message : validateUserDB() Invoked !
info: ===> TimeStamp : 2026-05-17 13:53:06===> API : /api/auth/validateuser ===> Message : validateUserResponse() invoked!
info: ===> TimeStamp : 2026-05-17 13:53:06===> API : /api/auth/validateuser ===> Message : validateUserResponse() completed
info: ===> TimeStamp : 2026-05-17 13:53:06===> API : null ===> Message : validateRequest() invoked
info: ===> TimeStamp : 2026-05-17 13:53:06===> API : null ===> Message : fetchDBSettings()
info: ===> TimeStamp : 2026-05-17 13:53:06===> API : null ===> Message : validateRequest() Invoked!
info: ===> TimeStamp : 2026-05-17 13:53:06===> API : null ===> Message : validRequest() :: Api validated Successfully
info: ===> TimeStamp : 2026-05-17 13:53:06===> API : /api/auth/login ===> Message : loginUser() invoked!!
info: ===> TimeStamp : 2026-05-17 13:53:06===> API : /api/auth/login ===> Message : loginUser() :: Request Object :: [object Object]
info: ===> TimeStamp : 2026-05-17 13:53:06===> API : /api/auth/login ===> Message : loginUserDB() Invoked !
info: ===> TimeStamp : 2026-05-17 13:53:06===> API : /api/auth/login ===> Message : loginUserResponse() invoked!
info: ===> TimeStamp : 2026-05-17 13:53:06===> API : /api/auth/login ===> Message : loginUserResponse() completed
info: ===> TimeStamp : 2026-05-17 14:32:11===> API : null ===> Message : validateRequest() Error:: Invalid Request :: 
      {"apiUri":"/"}
info: ===> TimeStamp : 2026-05-17 14:32:11===> API : null ===> Message : validateRequest() invoked
info: ===> TimeStamp : 2026-05-17 14:32:14===> API : null ===> Message : validateRequest() invoked
info: ===> TimeStamp : 2026-05-17 14:32:14===> API : null ===> Message : validateRequest() Error:: Invalid Request :: 
      {"apiUri":"/favicon.ico"}
info: ===> TimeStamp : 2026-05-17 14:33:46===> API : null ===> Message : validateRequest() invoked
info: ===> TimeStamp : 2026-05-17 14:33:46===> API : null ===> Message : validateRequest() Error:: Invalid Request :: 
      {"apiUri":"/.well-known/security.txt"}
info: ===> TimeStamp : 2026-05-17 14:33:53===> API : null ===> Message : validateRequest() invoked
info: ===> TimeStamp : 2026-05-17 14:33:53===> API : null ===> Message : validateRequest() Error:: Invalid Request :: 
      {"apiUri":"/favicon.ico"}
info: ===> TimeStamp : 2026-05-17 14:33:57===> API : null ===> Message : validateRequest() invoked
info: ===> TimeStamp : 2026-05-17 14:33:57===> API : null ===> Message : validateRequest() Error:: Invalid Request :: 
      {"apiUri":"/n_cgeazrx_2a"}
info: ===> TimeStamp : 2026-05-17 14:46:41===> API : null ===> Message : validateRequest() invoked
info: ===> TimeStamp : 2026-05-17 14:46:41===> API : null ===> Message : fetchDBSettings()
info: ===> TimeStamp : 2026-05-17 14:46:41===> API : null ===> Message : validateRequest() Invoked!
info: ===> TimeStamp : 2026-05-17 14:46:41===> API : null ===> Message : validRequest() :: Api validated Successfully
info: ===> TimeStamp : 2026-05-17 14:46:41===> API : /api/auth/logout ===> Message : logoutUser() invoked!!
info: ===> TimeStamp : 2026-05-17 14:46:41===> API : /api/auth/logout ===> Message : logoutUser() :: Request Object :: [object Object]
info: ===> TimeStamp : 2026-05-17 14:46:41===> API : /api/auth/logout ===> Message : logoutUserDB() Invoked !
info: ===> TimeStamp : 2026-05-17 14:46:41===> API : /api/auth/logout ===> Message : logoutUserResponse() invoked!
info: ===> TimeStamp : 2026-05-17 14:46:41===> API : /api/auth/logout ===> Message : logoutUserResponse() completed
info: ===> TimeStamp : 2026-05-17 14:51:19===> API : null ===> Message : validateRequest() invoked
info: ===> TimeStamp : 2026-05-17 14:51:19===> API : null ===> Message : fetchDBSettings()
info: ===> TimeStamp : 2026-05-17 14:51:19===> API : null ===> Message : validateRequest() Invoked!
info: ===> TimeStamp : 2026-05-17 14:51:19===> API : null ===> Message : validRequest() :: Api validated Successfully
info: ===> TimeStamp : 2026-05-17 14:51:19===> API : /api/auth/logout ===> Message : logoutUser() invoked!!
info: ===> TimeStamp : 2026-05-17 14:51:19===> API : /api/auth/logout ===> Message : logoutUser() :: Request Object :: [object Object]
info: ===> TimeStamp : 2026-05-17 14:51:19===> API : /api/auth/logout ===> Message : logoutUserDB() Invoked !
info: ===> TimeStamp : 2026-05-17 14:51:19===> API : /api/auth/logout ===> Message : logoutUserResponse() invoked!
info: ===> TimeStamp : 2026-05-17 14:51:19===> API : /api/auth/logout ===> Message : logoutUserResponse() completed
info: ===> TimeStamp : 2026-05-17 14:51:44===> API : null ===> Message : validateRequest() invoked
info: ===> TimeStamp : 2026-05-17 14:51:44===> API : null ===> Message : fetchDBSettings()
info: ===> TimeStamp : 2026-05-17 14:51:44===> API : null ===> Message : validateRequest() Invoked!
info: ===> TimeStamp : 2026-05-17 14:51:44===> API : null ===> Message : validRequest() :: Api validated Successfully
info: ===> TimeStamp : 2026-05-17 14:51:44===> API : /api/auth/validateuser ===> Message : validateUser() :: Request Object :: [object Object]
info: ===> TimeStamp : 2026-05-17 14:51:44===> API : /api/auth/validateuser ===> Message : validateUser() invoked!!
info: ===> TimeStamp : 2026-05-17 14:51:44===> API : /api/auth/validateuser ===> Message : validateUserDB() Invoked !
info: ===> TimeStamp : 2026-05-17 14:51:44===> API : /api/auth/validateuser ===> Message : validateUserResponse() invoked!
info: ===> TimeStamp : 2026-05-17 14:51:44===> API : /api/auth/validateuser ===> Message : validateUserResponse() completed
info: ===> TimeStamp : 2026-05-17 14:51:44===> API : null ===> Message : validateRequest() invoked
info: ===> TimeStamp : 2026-05-17 14:51:44===> API : null ===> Message : fetchDBSettings()
info: ===> TimeStamp : 2026-05-17 14:51:44===> API : null ===> Message : validateRequest() Invoked!
info: ===> TimeStamp : 2026-05-17 14:51:44===> API : null ===> Message : validRequest() :: Api validated Successfully
info: ===> TimeStamp : 2026-05-17 14:51:44===> API : /api/auth/checkIP ===> Message : checkIP() invoked!!
info: ===> TimeStamp : 2026-05-17 14:51:44===> API : /api/auth/checkIP ===> Message : IPs match: 103.255.182.117
info: ===> TimeStamp : 2026-05-17 14:51:44===> API : /api/auth/checkIP ===> Message : checkIPResponse() invoked!
info: ===> TimeStamp : 2026-05-17 14:51:44===> API : /api/auth/checkIP ===> Message : checkIPResponse() completed
info: ===> TimeStamp : 2026-05-17 14:51:44===> API : null ===> Message : validateRequest() invoked
info: ===> TimeStamp : 2026-05-17 14:51:44===> API : null ===> Message : fetchDBSettings()
info: ===> TimeStamp : 2026-05-17 14:51:44===> API : null ===> Message : validateRequest() Invoked!
info: ===> TimeStamp : 2026-05-17 14:51:45===> API : null ===> Message : validRequest() :: Api validated Successfully
info: ===> TimeStamp : 2026-05-17 14:51:45===> API : /api/auth/login ===> Message : loginUser() invoked!!
info: ===> TimeStamp : 2026-05-17 14:51:45===> API : /api/auth/login ===> Message : loginUser() :: Request Object :: [object Object]
info: ===> TimeStamp : 2026-05-17 14:51:45===> API : /api/auth/login ===> Message : loginUserDB() Invoked !
info: ===> TimeStamp : 2026-05-17 14:51:45===> API : /api/auth/login ===> Message : loginUserResponse() invoked!
info: ===> TimeStamp : 2026-05-17 14:51:45===> API : /api/auth/login ===> Message : loginUserResponse() completed
info: ===> TimeStamp : 2026-05-17 15:03:53===> API : null ===> Message : validateRequest() invoked
info: ===> TimeStamp : 2026-05-17 15:03:53===> API : null ===> Message : fetchDBSettings()
info: ===> TimeStamp : 2026-05-17 15:03:53===> API : null ===> Message : validateRequest() Invoked!
info: ===> TimeStamp : 2026-05-17 15:03:53===> API : null ===> Message : validRequest() :: Api validated Successfully
info: ===> TimeStamp : 2026-05-17 15:03:53===> API : /api/auth/validateuser ===> Message : validateUser() invoked!!
info: ===> TimeStamp : 2026-05-17 15:03:53===> API : /api/auth/validateuser ===> Message : validateUser() :: Request Object :: [object Object]
info: ===> TimeStamp : 2026-05-17 15:03:53===> API : /api/auth/validateuser ===> Message : validateUserDB() Invoked !
info: ===> TimeStamp : 2026-05-17 15:03:53===> API : /api/auth/validateuser ===> Message : validateUserResponse() invoked!
info: ===> TimeStamp : 2026-05-17 15:03:53===> API : /api/auth/validateuser ===> Message : validateUserResponse() completed
info: ===> TimeStamp : 2026-05-17 15:03:53===> API : null ===> Message : validateRequest() invoked
info: ===> TimeStamp : 2026-05-17 15:03:53===> API : null ===> Message : fetchDBSettings()
info: ===> TimeStamp : 2026-05-17 15:03:53===> API : null ===> Message : validateRequest() Invoked!
info: ===> TimeStamp : 2026-05-17 15:03:53===> API : null ===> Message : validRequest() :: Api validated Successfully
info: ===> TimeStamp : 2026-05-17 15:03:53===> API : /api/auth/checkIP ===> Message : checkIP() invoked!!
info: ===> TimeStamp : 2026-05-17 15:03:53===> API : /api/auth/checkIP ===> Message : IPs match: 103.255.182.117
info: ===> TimeStamp : 2026-05-17 15:03:53===> API : /api/auth/checkIP ===> Message : checkIPResponse() invoked!
info: ===> TimeStamp : 2026-05-17 15:03:53===> API : /api/auth/checkIP ===> Message : checkIPResponse() completed
info: ===> TimeStamp : 2026-05-17 15:03:53===> API : null ===> Message : validateRequest() invoked
info: ===> TimeStamp : 2026-05-17 15:03:53===> API : null ===> Message : fetchDBSettings()
info: ===> TimeStamp : 2026-05-17 15:03:53===> API : null ===> Message : validateRequest() Invoked!
info: ===> TimeStamp : 2026-05-17 15:03:53===> API : null ===> Message : validRequest() :: Api validated Successfully
info: ===> TimeStamp : 2026-05-17 15:03:53===> API : /api/auth/login ===> Message : loginUser() invoked!!
info: ===> TimeStamp : 2026-05-17 15:03:53===> API : /api/auth/login ===> Message : loginUser() :: Request Object :: [object Object]
info: ===> TimeStamp : 2026-05-17 15:03:53===> API : /api/auth/login ===> Message : loginUserDB() Invoked !
info: ===> TimeStamp : 2026-05-17 15:03:53===> API : /api/auth/login ===> Message : loginUserResponse() invoked!
info: ===> TimeStamp : 2026-05-17 15:03:53===> API : /api/auth/login ===> Message : loginUserResponse() completed
info: ===> TimeStamp : 2026-05-17 15:46:34===> API : null ===> Message : validateRequest() invoked
info: ===> TimeStamp : 2026-05-17 15:46:34===> API : null ===> Message : fetchDBSettings()
info: ===> TimeStamp : 2026-05-17 15:46:34===> API : null ===> Message : validateRequest() Invoked!
info: ===> TimeStamp : 2026-05-17 15:46:34===> API : null ===> Message : validRequest() :: Api validated Successfully
info: ===> TimeStamp : 2026-05-17 15:46:34===> API : /api/auth/validateuser ===> Message : validateUser() invoked!!
info: ===> TimeStamp : 2026-05-17 15:46:34===> API : /api/auth/validateuser ===> Message : validateUser() :: Request Object :: [object Object]
info: ===> TimeStamp : 2026-05-17 15:46:34===> API : /api/auth/validateuser ===> Message : validateUserDB() Invoked !
info: ===> TimeStamp : 2026-05-17 15:46:34===> API : /api/auth/validateuser ===> Message : validateUserResponse() invoked!
info: ===> TimeStamp : 2026-05-17 15:46:34===> API : /api/auth/validateuser ===> Message : validateUserResponse() completed
info: ===> TimeStamp : 2026-05-17 15:46:34===> API : null ===> Message : validateRequest() invoked
info: ===> TimeStamp : 2026-05-17 15:46:34===> API : null ===> Message : fetchDBSettings()
info: ===> TimeStamp : 2026-05-17 15:46:34===> API : null ===> Message : validateRequest() Invoked!
info: ===> TimeStamp : 2026-05-17 15:46:34===> API : null ===> Message : validRequest() :: Api validated Successfully
info: ===> TimeStamp : 2026-05-17 15:46:34===> API : /api/auth/login ===> Message : loginUser() invoked!!
info: ===> TimeStamp : 2026-05-17 15:46:34===> API : /api/auth/login ===> Message : loginUser() :: Request Object :: [object Object]
info: ===> TimeStamp : 2026-05-17 15:46:34===> API : /api/auth/login ===> Message : loginUserDB() Invoked !
info: ===> TimeStamp : 2026-05-17 15:46:34===> API : /api/auth/login ===> Message : loginUserResponse() invoked!
info: ===> TimeStamp : 2026-05-17 15:46:34===> API : /api/auth/login ===> Message : loginUserResponse() completed
info: ===> TimeStamp : 2026-05-17 15:46:59===> API : null ===> Message : validateRequest() invoked
info: ===> TimeStamp : 2026-05-17 15:46:59===> API : null ===> Message : fetchDBSettings()
info: ===> TimeStamp : 2026-05-17 15:46:59===> API : null ===> Message : validateRequest() Invoked!
info: ===> TimeStamp : 2026-05-17 15:46:59===> API : null ===> Message : validRequest() :: Api validated Successfully
info: ===> TimeStamp : 2026-05-17 15:46:59===> API : /api/auth/validateuser ===> Message : validateUser() invoked!!
info: ===> TimeStamp : 2026-05-17 15:46:59===> API : /api/auth/validateuser ===> Message : validateUser() :: Request Object :: [object Object]
info: ===> TimeStamp : 2026-05-17 15:46:59===> API : /api/auth/validateuser ===> Message : validateUserDB() Invoked !
info: ===> TimeStamp : 2026-05-17 15:46:59===> API : /api/auth/validateuser ===> Message : validateUserResponse() invoked!
info: ===> TimeStamp : 2026-05-17 15:46:59===> API : /api/auth/validateuser ===> Message : validateUserResponse() completed
info: ===> TimeStamp : 2026-05-17 15:46:59===> API : null ===> Message : validateRequest() invoked
info: ===> TimeStamp : 2026-05-17 15:46:59===> API : null ===> Message : fetchDBSettings()
info: ===> TimeStamp : 2026-05-17 15:46:59===> API : null ===> Message : validateRequest() Invoked!
info: ===> TimeStamp : 2026-05-17 15:46:59===> API : null ===> Message : validRequest() :: Api validated Successfully
info: ===> TimeStamp : 2026-05-17 15:46:59===> API : /api/auth/login ===> Message : loginUser() invoked!!
info: ===> TimeStamp : 2026-05-17 15:46:59===> API : /api/auth/login ===> Message : loginUser() :: Request Object :: [object Object]
info: ===> TimeStamp : 2026-05-17 15:46:59===> API : /api/auth/login ===> Message : loginUserDB() Invoked !
info: ===> TimeStamp : 2026-05-17 15:46:59===> API : /api/auth/login ===> Message : loginUserResponse() invoked!
info: ===> TimeStamp : 2026-05-17 15:46:59===> API : /api/auth/login ===> Message : loginUserResponse() completed
info: ===> TimeStamp : 2026-05-17 15:47:41===> API : null ===> Message : validateRequest() invoked
info: ===> TimeStamp : 2026-05-17 15:47:41===> API : null ===> Message : fetchDBSettings()
info: ===> TimeStamp : 2026-05-17 15:47:41===> API : null ===> Message : validateRequest() Invoked!
info: ===> TimeStamp : 2026-05-17 15:47:41===> API : null ===> Message : validRequest() :: Api validated Successfully
info: ===> TimeStamp : 2026-05-17 15:47:41===> API : /api/auth/validateuser ===> Message : validateUser() invoked!!
info: ===> TimeStamp : 2026-05-17 15:47:41===> API : /api/auth/validateuser ===> Message : validateUser() :: Request Object :: [object Object]
info: ===> TimeStamp : 2026-05-17 15:47:41===> API : /api/auth/validateuser ===> Message : validateUserDB() Invoked !
info: ===> TimeStamp : 2026-05-17 15:47:41===> API : /api/auth/validateuser ===> Message : validateUserResponse() invoked!
info: ===> TimeStamp : 2026-05-17 15:47:41===> API : /api/auth/validateuser ===> Message : validateUserResponse() completed
info: ===> TimeStamp : 2026-05-17 15:47:41===> API : null ===> Message : validateRequest() invoked
info: ===> TimeStamp : 2026-05-17 15:47:41===> API : null ===> Message : fetchDBSettings()
info: ===> TimeStamp : 2026-05-17 15:47:41===> API : null ===> Message : validateRequest() Invoked!
info: ===> TimeStamp : 2026-05-17 15:47:41===> API : null ===> Message : validRequest() :: Api validated Successfully
info: ===> TimeStamp : 2026-05-17 15:47:41===> API : /api/auth/login ===> Message : loginUser() invoked!!
info: ===> TimeStamp : 2026-05-17 15:47:41===> API : /api/auth/login ===> Message : loginUser() :: Request Object :: [object Object]
info: ===> TimeStamp : 2026-05-17 15:47:41===> API : /api/auth/login ===> Message : loginUserDB() Invoked !
info: ===> TimeStamp : 2026-05-17 15:47:41===> API : /api/auth/login ===> Message : loginUserResponse() invoked!
info: ===> TimeStamp : 2026-05-17 15:47:41===> API : /api/auth/login ===> Message : loginUserResponse() completed
info: ===> TimeStamp : 2026-05-17 16:35:04===> API : null ===> Message : validateRequest() invoked
info: ===> TimeStamp : 2026-05-17 16:35:04===> API : null ===> Message : fetchDBSettings()
info: ===> TimeStamp : 2026-05-17 16:35:04===> API : null ===> Message : validateRequest() Invoked!
info: ===> TimeStamp : 2026-05-17 16:35:04===> API : null ===> Message : validRequest() :: Api validated Successfully
info: ===> TimeStamp : 2026-05-17 16:35:04===> API : /api/auth/validateuser ===> Message : validateUser() invoked!!
info: ===> TimeStamp : 2026-05-17 16:35:04===> API : /api/auth/validateuser ===> Message : validateUser() :: Request Object :: [object Object]
info: ===> TimeStamp : 2026-05-17 16:35:04===> API : /api/auth/validateuser ===> Message : validateUserDB() Invoked !
info: ===> TimeStamp : 2026-05-17 16:35:04===> API : /api/auth/validateuser ===> Message : validateUserResponse() invoked!
info: ===> TimeStamp : 2026-05-17 16:35:04===> API : /api/auth/validateuser ===> Message : validateUserResponse() completed
info: ===> TimeStamp : 2026-05-17 16:35:04===> API : null ===> Message : validateRequest() invoked
info: ===> TimeStamp : 2026-05-17 16:35:04===> API : null ===> Message : fetchDBSettings()
info: ===> TimeStamp : 2026-05-17 16:35:04===> API : null ===> Message : validateRequest() Invoked!
info: ===> TimeStamp : 2026-05-17 16:35:04===> API : null ===> Message : validRequest() :: Api validated Successfully
info: ===> TimeStamp : 2026-05-17 16:35:04===> API : /api/auth/login ===> Message : loginUser() invoked!!
info: ===> TimeStamp : 2026-05-17 16:35:04===> API : /api/auth/login ===> Message : loginUser() :: Request Object :: [object Object]
info: ===> TimeStamp : 2026-05-17 16:35:04===> API : /api/auth/login ===> Message : loginUserDB() Invoked !
info: ===> TimeStamp : 2026-05-17 16:35:04===> API : /api/auth/login ===> Message : loginUserResponse() invoked!
info: ===> TimeStamp : 2026-05-17 16:35:04===> API : /api/auth/login ===> Message : loginUserResponse() completed
info: ===> TimeStamp : 2026-05-17 17:03:35===> API : null ===> Message : validateRequest() invoked
info: ===> TimeStamp : 2026-05-17 17:03:35===> API : null ===> Message : fetchDBSettings()
info: ===> TimeStamp : 2026-05-17 17:03:35===> API : null ===> Message : validateRequest() Invoked!
info: ===> TimeStamp : 2026-05-17 17:03:35===> API : null ===> Message : validRequest() :: Api validated Successfully
info: ===> TimeStamp : 2026-05-17 17:03:35===> API : /api/auth/validateuser ===> Message : validateUser() invoked!!
info: ===> TimeStamp : 2026-05-17 17:03:35===> API : /api/auth/validateuser ===> Message : validateUser() :: Request Object :: [object Object]
info: ===> TimeStamp : 2026-05-17 17:03:35===> API : /api/auth/validateuser ===> Message : validateUserDB() Invoked !
info: ===> TimeStamp : 2026-05-17 17:03:35===> API : /api/auth/validateuser ===> Message : validateUserResponse() invoked!
info: ===> TimeStamp : 2026-05-17 17:03:35===> API : /api/auth/validateuser ===> Message : validateUserResponse() completed
info: ===> TimeStamp : 2026-05-17 17:03:35===> API : null ===> Message : validateRequest() invoked
info: ===> TimeStamp : 2026-05-17 17:03:35===> API : null ===> Message : fetchDBSettings()
info: ===> TimeStamp : 2026-05-17 17:03:35===> API : null ===> Message : validateRequest() Invoked!
info: ===> TimeStamp : 2026-05-17 17:03:35===> API : null ===> Message : validRequest() :: Api validated Successfully
info: ===> TimeStamp : 2026-05-17 17:03:35===> API : /api/auth/login ===> Message : loginUser() invoked!!
info: ===> TimeStamp : 2026-05-17 17:03:35===> API : /api/auth/login ===> Message : loginUser() :: Request Object :: [object Object]
info: ===> TimeStamp : 2026-05-17 17:03:35===> API : /api/auth/login ===> Message : loginUserDB() Invoked !
info: ===> TimeStamp : 2026-05-17 17:03:35===> API : /api/auth/login ===> Message : loginUserResponse() invoked!
info: ===> TimeStamp : 2026-05-17 17:03:35===> API : /api/auth/login ===> Message : loginUserResponse() completed
info: ===> TimeStamp : 2026-05-17 18:44:51===> API : null ===> Message : validateRequest() invoked
info: ===> TimeStamp : 2026-05-17 18:44:51===> API : null ===> Message : validateRequest() Error:: Invalid Request :: 
      {"apiUri":"/pdown"}
info: ===> TimeStamp : 2026-05-17 18:44:55===> API : null ===> Message : validateRequest() invoked
info: ===> TimeStamp : 2026-05-17 18:44:55===> API : null ===> Message : fetchDBSettings()
info: ===> TimeStamp : 2026-05-17 18:44:55===> API : null ===> Message : validateRequest() Invoked!
info: ===> TimeStamp : 2026-05-17 18:44:55===> API : null ===> Message : validRequest() :: Api validated Successfully
info: ===> TimeStamp : 2026-05-17 18:44:55===> API : /api/auth/validateuser ===> Message : validateUser() invoked!!
info: ===> TimeStamp : 2026-05-17 18:44:55===> API : /api/auth/validateuser ===> Message : validateUser() :: Request Object :: [object Object]
info: ===> TimeStamp : 2026-05-17 18:44:55===> API : /api/auth/validateuser ===> Message : validateUserDB() Invoked !
info: ===> TimeStamp : 2026-05-17 18:44:55===> API : /api/auth/validateuser ===> Message : validateUserResponse() invoked!
info: ===> TimeStamp : 2026-05-17 18:44:55===> API : /api/auth/validateuser ===> Message : validateUserResponse() completed
info: ===> TimeStamp : 2026-05-17 18:44:55===> API : null ===> Message : validateRequest() invoked
info: ===> TimeStamp : 2026-05-17 18:44:55===> API : null ===> Message : fetchDBSettings()
info: ===> TimeStamp : 2026-05-17 18:44:55===> API : null ===> Message : validateRequest() Invoked!
info: ===> TimeStamp : 2026-05-17 18:44:55===> API : null ===> Message : validRequest() :: Api validated Successfully
info: ===> TimeStamp : 2026-05-17 18:44:55===> API : /api/auth/login ===> Message : loginUser() invoked!!
info: ===> TimeStamp : 2026-05-17 18:44:55===> API : /api/auth/login ===> Message : loginUser() :: Request Object :: [object Object]
info: ===> TimeStamp : 2026-05-17 18:44:55===> API : /api/auth/login ===> Message : loginUserDB() Invoked !
info: ===> TimeStamp : 2026-05-17 18:44:55===> API : /api/auth/login ===> Message : loginUserResponse() invoked!
info: ===> TimeStamp : 2026-05-17 18:44:55===> API : /api/auth/login ===> Message : loginUserResponse() completed
info: ===> TimeStamp : 2026-05-17 19:28:30===> API : null ===> Message : validateRequest() invoked
info: ===> TimeStamp : 2026-05-17 19:28:30===> API : null ===> Message : fetchDBSettings()
info: ===> TimeStamp : 2026-05-17 19:28:30===> API : null ===> Message : validateRequest() Invoked!
info: ===> TimeStamp : 2026-05-17 19:28:30===> API : null ===> Message : validRequest() :: Api validated Successfully
info: ===> TimeStamp : 2026-05-17 19:28:30===> API : /api/auth/validateuser ===> Message : validateUser() invoked!!
info: ===> TimeStamp : 2026-05-17 19:28:30===> API : /api/auth/validateuser ===> Message : validateUser() :: Request Object :: [object Object]
info: ===> TimeStamp : 2026-05-17 19:28:30===> API : /api/auth/validateuser ===> Message : validateUserDB() Invoked !
info: ===> TimeStamp : 2026-05-17 19:28:30===> API : /api/auth/validateuser ===> Message : validateUserResponse() invoked!
info: ===> TimeStamp : 2026-05-17 19:28:30===> API : /api/auth/validateuser ===> Message : validateUserResponse() completed
info: ===> TimeStamp : 2026-05-17 19:28:31===> API : null ===> Message : validateRequest() invoked
info: ===> TimeStamp : 2026-05-17 19:28:31===> API : null ===> Message : fetchDBSettings()
info: ===> TimeStamp : 2026-05-17 19:28:31===> API : null ===> Message : validateRequest() Invoked!
info: ===> TimeStamp : 2026-05-17 19:28:31===> API : null ===> Message : validRequest() :: Api validated Successfully
info: ===> TimeStamp : 2026-05-17 19:28:31===> API : /api/auth/login ===> Message : loginUser() :: Request Object :: [object Object]
info: ===> TimeStamp : 2026-05-17 19:28:31===> API : /api/auth/login ===> Message : loginUser() invoked!!
info: ===> TimeStamp : 2026-05-17 19:28:31===> API : /api/auth/login ===> Message : loginUserDB() Invoked !
info: ===> TimeStamp : 2026-05-17 19:28:31===> API : /api/auth/login ===> Message : loginUserResponse() invoked!
info: ===> TimeStamp : 2026-05-17 19:28:31===> API : /api/auth/login ===> Message : loginUserResponse() completed
info: ===> TimeStamp : 2026-05-17 19:50:03===> API : null ===> Message : validateRequest() invoked
info: ===> TimeStamp : 2026-05-17 19:50:03===> API : null ===> Message : validateRequest() Error:: Invalid Request :: 
      {"apiUri":"/"}
info: ===> TimeStamp : 2026-05-17 20:02:36===> API : null ===> Message : validateRequest() invoked
info: ===> TimeStamp : 2026-05-17 20:02:36===> API : null ===> Message : fetchDBSettings()
info: ===> TimeStamp : 2026-05-17 20:02:36===> API : null ===> Message : validateRequest() Invoked!
info: ===> TimeStamp : 2026-05-17 20:02:36===> API : null ===> Message : validRequest() :: Api validated Successfully
info: ===> TimeStamp : 2026-05-17 20:02:36===> API : /api/auth/logout ===> Message : logoutUser() :: Request Object :: [object Object]
info: ===> TimeStamp : 2026-05-17 20:02:36===> API : /api/auth/logout ===> Message : logoutUser() invoked!!
info: ===> TimeStamp : 2026-05-17 20:02:36===> API : /api/auth/logout ===> Message : logoutUserDB() Invoked !
info: ===> TimeStamp : 2026-05-17 20:02:36===> API : /api/auth/logout ===> Message : logoutUserResponse() invoked!
info: ===> TimeStamp : 2026-05-17 20:02:36===> API : /api/auth/logout ===> Message : logoutUserResponse() completed
info: ===> TimeStamp : 2026-05-17 20:11:03===> API : null ===> Message : validateRequest() invoked
info: ===> TimeStamp : 2026-05-17 20:11:03===> API : null ===> Message : fetchDBSettings()
info: ===> TimeStamp : 2026-05-17 20:11:03===> API : null ===> Message : validateRequest() Invoked!
info: ===> TimeStamp : 2026-05-17 20:11:03===> API : null ===> Message : validRequest() :: Api validated Successfully
info: ===> TimeStamp : 2026-05-17 20:11:03===> API : /api/auth/validateuser ===> Message : validateUser() invoked!!
info: ===> TimeStamp : 2026-05-17 20:11:03===> API : /api/auth/validateuser ===> Message : validateUser() :: Request Object :: [object Object]
info: ===> TimeStamp : 2026-05-17 20:11:03===> API : /api/auth/validateuser ===> Message : validateUserDB() Invoked !
info: ===> TimeStamp : 2026-05-17 20:11:03===> API : /api/auth/validateuser ===> Message : validateUserResponse() invoked!
info: ===> TimeStamp : 2026-05-17 20:11:03===> API : /api/auth/validateuser ===> Message : validateUserResponse() completed
info: ===> TimeStamp : 2026-05-17 20:11:03===> API : null ===> Message : validateRequest() invoked
info: ===> TimeStamp : 2026-05-17 20:11:03===> API : null ===> Message : fetchDBSettings()
info: ===> TimeStamp : 2026-05-17 20:11:03===> API : null ===> Message : validateRequest() Invoked!
info: ===> TimeStamp : 2026-05-17 20:11:03===> API : null ===> Message : validRequest() :: Api validated Successfully
info: ===> TimeStamp : 2026-05-17 20:11:03===> API : /api/auth/login ===> Message : loginUser() invoked!!
info: ===> TimeStamp : 2026-05-17 20:11:03===> API : /api/auth/login ===> Message : loginUser() :: Request Object :: [object Object]
info: ===> TimeStamp : 2026-05-17 20:11:03===> API : /api/auth/login ===> Message : loginUserDB() Invoked !
info: ===> TimeStamp : 2026-05-17 20:11:03===> API : /api/auth/login ===> Message : loginUserResponse() invoked!
info: ===> TimeStamp : 2026-05-17 20:11:03===> API : /api/auth/login ===> Message : loginUserResponse() completed
info: ===> TimeStamp : 2026-05-17 20:38:28===> API : null ===> Message : validateRequest() invoked
info: ===> TimeStamp : 2026-05-17 20:38:28===> API : null ===> Message : fetchDBSettings()
info: ===> TimeStamp : 2026-05-17 20:38:28===> API : null ===> Message : validateRequest() Invoked!
info: ===> TimeStamp : 2026-05-17 20:38:28===> API : null ===> Message : validRequest() :: Api validated Successfully
info: ===> TimeStamp : 2026-05-17 20:38:28===> API : /api/auth/validateuser ===> Message : validateUser() invoked!!
info: ===> TimeStamp : 2026-05-17 20:38:28===> API : /api/auth/validateuser ===> Message : validateUser() :: Request Object :: [object Object]
info: ===> TimeStamp : 2026-05-17 20:38:28===> API : /api/auth/validateuser ===> Message : validateUserDB() Invoked !
info: ===> TimeStamp : 2026-05-17 20:38:28===> API : /api/auth/validateuser ===> Message : validateUserResponse() invoked!
info: ===> TimeStamp : 2026-05-17 20:38:28===> API : /api/auth/validateuser ===> Message : validateUserResponse() completed
info: ===> TimeStamp : 2026-05-17 20:38:28===> API : null ===> Message : validateRequest() invoked
info: ===> TimeStamp : 2026-05-17 20:38:28===> API : null ===> Message : fetchDBSettings()
info: ===> TimeStamp : 2026-05-17 20:38:28===> API : null ===> Message : validateRequest() Invoked!
info: ===> TimeStamp : 2026-05-17 20:38:28===> API : null ===> Message : validRequest() :: Api validated Successfully
info: ===> TimeStamp : 2026-05-17 20:38:28===> API : /api/auth/login ===> Message : loginUser() invoked!!
info: ===> TimeStamp : 2026-05-17 20:38:28===> API : /api/auth/login ===> Message : loginUser() :: Request Object :: [object Object]
info: ===> TimeStamp : 2026-05-17 20:38:28===> API : /api/auth/login ===> Message : loginUserDB() Invoked !
info: ===> TimeStamp : 2026-05-17 20:38:28===> API : /api/auth/login ===> Message : loginUserResponse() invoked!
info: ===> TimeStamp : 2026-05-17 20:38:28===> API : /api/auth/login ===> Message : loginUserResponse() completed
info: ===> TimeStamp : 2026-05-17 21:02:12===> API : null ===> Message : validateRequest() invoked
info: ===> TimeStamp : 2026-05-17 21:02:12===> API : null ===> Message : fetchDBSettings()
info: ===> TimeStamp : 2026-05-17 21:02:12===> API : null ===> Message : validateRequest() Invoked!
info: ===> TimeStamp : 2026-05-17 21:02:12===> API : null ===> Message : validRequest() :: Api validated Successfully
info: ===> TimeStamp : 2026-05-17 21:02:12===> API : /api/auth/validateuser ===> Message : validateUser() invoked!!
info: ===> TimeStamp : 2026-05-17 21:02:12===> API : /api/auth/validateuser ===> Message : validateUser() :: Request Object :: [object Object]
info: ===> TimeStamp : 2026-05-17 21:02:12===> API : /api/auth/validateuser ===> Message : validateUserDB() Invoked !
info: ===> TimeStamp : 2026-05-17 21:02:12===> API : /api/auth/validateuser ===> Message : validateUserResponse() invoked!
info: ===> TimeStamp : 2026-05-17 21:02:12===> API : /api/auth/validateuser ===> Message : validateUserResponse() completed
info: ===> TimeStamp : 2026-05-17 21:02:12===> API : null ===> Message : validateRequest() invoked
info: ===> TimeStamp : 2026-05-17 21:02:12===> API : null ===> Message : fetchDBSettings()
info: ===> TimeStamp : 2026-05-17 21:02:12===> API : null ===> Message : validateRequest() Invoked!
info: ===> TimeStamp : 2026-05-17 21:02:12===> API : null ===> Message : validRequest() :: Api validated Successfully
info: ===> TimeStamp : 2026-05-17 21:02:12===> API : /api/auth/login ===> Message : loginUser() invoked!!
info: ===> TimeStamp : 2026-05-17 21:02:12===> API : /api/auth/login ===> Message : loginUser() :: Request Object :: [object Object]
info: ===> TimeStamp : 2026-05-17 21:02:12===> API : /api/auth/login ===> Message : loginUserDB() Invoked !
info: ===> TimeStamp : 2026-05-17 21:02:12===> API : /api/auth/login ===> Message : loginUserResponse() invoked!
info: ===> TimeStamp : 2026-05-17 21:02:12===> API : /api/auth/login ===> Message : loginUserResponse() completed
info: ===> TimeStamp : 2026-05-17 21:09:56===> API : null ===> Message : validateRequest() invoked
info: ===> TimeStamp : 2026-05-17 21:09:56===> API : null ===> Message : validateRequest() Error:: Invalid Request :: 
      {"apiUri":"/robots.txt"}
info: ===> TimeStamp : 2026-05-17 21:48:20===> API : null ===> Message : validateRequest() invoked
info: ===> TimeStamp : 2026-05-17 21:48:20===> API : null ===> Message : fetchDBSettings()
info: ===> TimeStamp : 2026-05-17 21:48:20===> API : null ===> Message : validateRequest() Invoked!
info: ===> TimeStamp : 2026-05-17 21:48:20===> API : null ===> Message : validRequest() :: Api validated Successfully
info: ===> TimeStamp : 2026-05-17 21:48:20===> API : /api/auth/logout ===> Message : logoutUserDB() Invoked !
info: ===> TimeStamp : 2026-05-17 21:48:20===> API : /api/auth/logout ===> Message : logoutUser() :: Request Object :: [object Object]
info: ===> TimeStamp : 2026-05-17 21:48:20===> API : /api/auth/logout ===> Message : logoutUser() invoked!!
info: ===> TimeStamp : 2026-05-17 21:48:20===> API : /api/auth/logout ===> Message : logoutUserResponse() invoked!
info: ===> TimeStamp : 2026-05-17 21:48:20===> API : /api/auth/logout ===> Message : logoutUserResponse() completed
info: ===> TimeStamp : 2026-05-17 21:49:20===> API : null ===> Message : validateRequest() invoked
info: ===> TimeStamp : 2026-05-17 21:49:20===> API : null ===> Message : fetchDBSettings()
info: ===> TimeStamp : 2026-05-17 21:49:20===> API : null ===> Message : validateRequest() Invoked!
info: ===> TimeStamp : 2026-05-17 21:49:20===> API : /api/auth/logout ===> Message : logoutUser() invoked!!
info: ===> TimeStamp : 2026-05-17 21:49:20===> API : /api/auth/logout ===> Message : logoutUser() :: Request Object :: [object Object]
info: ===> TimeStamp : 2026-05-17 21:49:20===> API : null ===> Message : validRequest() :: Api validated Successfully
info: ===> TimeStamp : 2026-05-17 21:49:20===> API : /api/auth/logout ===> Message : logoutUserDB() Invoked !
info: ===> TimeStamp : 2026-05-17 21:49:20===> API : /api/auth/logout ===> Message : logoutUserResponse() invoked!
info: ===> TimeStamp : 2026-05-17 21:49:20===> API : /api/auth/logout ===> Message : logoutUserResponse() completed
info: ===> TimeStamp : 2026-05-17 21:49:27===> API : null ===> Message : validateRequest() invoked
info: ===> TimeStamp : 2026-05-17 21:49:27===> API : null ===> Message : fetchDBSettings()
info: ===> TimeStamp : 2026-05-17 21:49:27===> API : null ===> Message : validateRequest() Invoked!
info: ===> TimeStamp : 2026-05-17 21:49:27===> API : null ===> Message : validRequest() :: Api validated Successfully
info: ===> TimeStamp : 2026-05-17 21:49:27===> API : /api/auth/validateuser ===> Message : validateUser() invoked!!
info: ===> TimeStamp : 2026-05-17 21:49:27===> API : /api/auth/validateuser ===> Message : validateUser() :: Request Object :: [object Object]
info: ===> TimeStamp : 2026-05-17 21:49:27===> API : /api/auth/validateuser ===> Message : validateUserDB() Invoked !
info: ===> TimeStamp : 2026-05-17 21:49:27===> API : /api/auth/validateuser ===> Message : validateUserResponse() invoked!
info: ===> TimeStamp : 2026-05-17 21:49:27===> API : /api/auth/validateuser ===> Message : validateUserResponse() completed
info: ===> TimeStamp : 2026-05-17 21:49:27===> API : null ===> Message : validateRequest() invoked
info: ===> TimeStamp : 2026-05-17 21:49:27===> API : null ===> Message : fetchDBSettings()
info: ===> TimeStamp : 2026-05-17 21:49:27===> API : null ===> Message : validateRequest() Invoked!
info: ===> TimeStamp : 2026-05-17 21:49:27===> API : null ===> Message : validRequest() :: Api validated Successfully
info: ===> TimeStamp : 2026-05-17 21:49:27===> API : /api/auth/checkIP ===> Message : checkIP() invoked!!
info: ===> TimeStamp : 2026-05-17 21:49:27===> API : /api/auth/checkIP ===> Message : IPs match: 103.255.182.117
info: ===> TimeStamp : 2026-05-17 21:49:27===> API : /api/auth/checkIP ===> Message : checkIPResponse() invoked!
info: ===> TimeStamp : 2026-05-17 21:49:27===> API : /api/auth/checkIP ===> Message : checkIPResponse() completed
info: ===> TimeStamp : 2026-05-17 21:49:27===> API : null ===> Message : fetchDBSettings()
info: ===> TimeStamp : 2026-05-17 21:49:27===> API : null ===> Message : validateRequest() invoked
info: ===> TimeStamp : 2026-05-17 21:49:27===> API : null ===> Message : validateRequest() Invoked!
info: ===> TimeStamp : 2026-05-17 21:49:27===> API : null ===> Message : validRequest() :: Api validated Successfully
info: ===> TimeStamp : 2026-05-17 21:49:27===> API : /api/auth/login ===> Message : loginUser() invoked!!
info: ===> TimeStamp : 2026-05-17 21:49:27===> API : /api/auth/login ===> Message : loginUser() :: Request Object :: [object Object]
info: ===> TimeStamp : 2026-05-17 21:49:27===> API : /api/auth/login ===> Message : loginUserDB() Invoked !
info: ===> TimeStamp : 2026-05-17 21:49:27===> API : /api/auth/login ===> Message : loginUserResponse() invoked!
info: ===> TimeStamp : 2026-05-17 21:49:27===> API : /api/auth/login ===> Message : loginUserResponse() completed
info: ===> TimeStamp : 2026-05-17 21:50:28===> API : null ===> Message : validateRequest() invoked
info: ===> TimeStamp : 2026-05-17 21:50:28===> API : null ===> Message : fetchDBSettings()
info: ===> TimeStamp : 2026-05-17 21:50:28===> API : null ===> Message : validateRequest() Invoked!
info: ===> TimeStamp : 2026-05-17 21:50:28===> API : null ===> Message : validRequest() :: Api validated Successfully
info: ===> TimeStamp : 2026-05-17 21:50:28===> API : /api/auth/validateuser ===> Message : validateUser() invoked!!
info: ===> TimeStamp : 2026-05-17 21:50:28===> API : /api/auth/validateuser ===> Message : validateUser() :: Request Object :: [object Object]
info: ===> TimeStamp : 2026-05-17 21:50:28===> API : /api/auth/validateuser ===> Message : validateUserDB() Invoked !
info: ===> TimeStamp : 2026-05-17 21:50:28===> API : /api/auth/validateuser ===> Message : validateUserResponse() invoked!
info: ===> TimeStamp : 2026-05-17 21:50:28===> API : /api/auth/validateuser ===> Message : validateUserResponse() completed
info: ===> TimeStamp : 2026-05-17 21:50:28===> API : null ===> Message : validateRequest() invoked
info: ===> TimeStamp : 2026-05-17 21:50:28===> API : null ===> Message : fetchDBSettings()
info: ===> TimeStamp : 2026-05-17 21:50:28===> API : null ===> Message : validateRequest() Invoked!
info: ===> TimeStamp : 2026-05-17 21:50:28===> API : null ===> Message : validRequest() :: Api validated Successfully
info: ===> TimeStamp : 2026-05-17 21:50:28===> API : /api/auth/checkIP ===> Message : IPs match: 103.255.182.117
info: ===> TimeStamp : 2026-05-17 21:50:28===> API : /api/auth/checkIP ===> Message : checkIP() invoked!!
info: ===> TimeStamp : 2026-05-17 21:50:28===> API : /api/auth/checkIP ===> Message : checkIPResponse() invoked!
info: ===> TimeStamp : 2026-05-17 21:50:28===> API : /api/auth/checkIP ===> Message : checkIPResponse() completed
info: ===> TimeStamp : 2026-05-17 21:50:28===> API : null ===> Message : validateRequest() invoked
info: ===> TimeStamp : 2026-05-17 21:50:28===> API : null ===> Message : fetchDBSettings()
info: ===> TimeStamp : 2026-05-17 21:50:28===> API : null ===> Message : validateRequest() Invoked!
info: ===> TimeStamp : 2026-05-17 21:50:28===> API : null ===> Message : validRequest() :: Api validated Successfully
info: ===> TimeStamp : 2026-05-17 21:50:28===> API : /api/auth/login ===> Message : loginUser() invoked!!
info: ===> TimeStamp : 2026-05-17 21:50:28===> API : /api/auth/login ===> Message : loginUser() :: Request Object :: [object Object]
info: ===> TimeStamp : 2026-05-17 21:50:28===> API : /api/auth/login ===> Message : loginUserDB() Invoked !
info: ===> TimeStamp : 2026-05-17 21:50:28===> API : /api/auth/login ===> Message : loginUserResponse() invoked!
info: ===> TimeStamp : 2026-05-17 21:50:28===> API : /api/auth/login ===> Message : loginUserResponse() completed
info: ===> TimeStamp : 2026-05-17 22:14:18===> API : null ===> Message : validateRequest() invoked
info: ===> TimeStamp : 2026-05-17 22:14:18===> API : null ===> Message : fetchDBSettings()
info: ===> TimeStamp : 2026-05-17 22:14:18===> API : null ===> Message : validateRequest() Invoked!
info: ===> TimeStamp : 2026-05-17 22:14:18===> API : null ===> Message : validRequest() :: Api validated Successfully
info: ===> TimeStamp : 2026-05-17 22:14:18===> API : /api/auth/validateuser ===> Message : validateUser() invoked!!
info: ===> TimeStamp : 2026-05-17 22:14:18===> API : /api/auth/validateuser ===> Message : validateUser() :: Request Object :: [object Object]
info: ===> TimeStamp : 2026-05-17 22:14:18===> API : /api/auth/validateuser ===> Message : validateUserDB() Invoked !
info: ===> TimeStamp : 2026-05-17 22:14:18===> API : /api/auth/validateuser ===> Message : validateUserResponse() invoked!
info: ===> TimeStamp : 2026-05-17 22:14:18===> API : /api/auth/validateuser ===> Message : validateUserResponse() completed
info: ===> TimeStamp : 2026-05-17 22:14:18===> API : null ===> Message : validateRequest() invoked
info: ===> TimeStamp : 2026-05-17 22:14:18===> API : null ===> Message : fetchDBSettings()
info: ===> TimeStamp : 2026-05-17 22:14:18===> API : null ===> Message : validateRequest() Invoked!
info: ===> TimeStamp : 2026-05-17 22:14:18===> API : null ===> Message : validRequest() :: Api validated Successfully
info: ===> TimeStamp : 2026-05-17 22:14:18===> API : /api/auth/login ===> Message : loginUser() invoked!!
info: ===> TimeStamp : 2026-05-17 22:14:18===> API : /api/auth/login ===> Message : loginUser() :: Request Object :: [object Object]
info: ===> TimeStamp : 2026-05-17 22:14:18===> API : /api/auth/login ===> Message : loginUserDB() Invoked !
info: ===> TimeStamp : 2026-05-17 22:14:18===> API : /api/auth/login ===> Message : loginUserResponse() invoked!
info: ===> TimeStamp : 2026-05-17 22:14:18===> API : /api/auth/login ===> Message : loginUserResponse() completed
info: ===> TimeStamp : 2026-05-17 22:26:30===> API : null ===> Message : validateRequest() invoked
info: ===> TimeStamp : 2026-05-17 22:26:30===> API : null ===> Message : fetchDBSettings()
info: ===> TimeStamp : 2026-05-17 22:26:30===> API : null ===> Message : validateRequest() Invoked!
info: ===> TimeStamp : 2026-05-17 22:26:30===> API : null ===> Message : validRequest() :: Api validated Successfully
info: ===> TimeStamp : 2026-05-17 22:26:30===> API : /api/auth/logout ===> Message : logoutUser() invoked!!
info: ===> TimeStamp : 2026-05-17 22:26:30===> API : /api/auth/logout ===> Message : logoutUser() :: Request Object :: [object Object]
info: ===> TimeStamp : 2026-05-17 22:26:30===> API : /api/auth/logout ===> Message : logoutUserDB() Invoked !
info: ===> TimeStamp : 2026-05-17 22:26:31===> API : /api/auth/logout ===> Message : logoutUserResponse() invoked!
info: ===> TimeStamp : 2026-05-17 22:26:31===> API : /api/auth/logout ===> Message : logoutUserResponse() completed
info: ===> TimeStamp : 2026-05-17 22:28:37===> API : null ===> Message : validateRequest() invoked
info: ===> TimeStamp : 2026-05-17 22:28:37===> API : null ===> Message : fetchDBSettings()
info: ===> TimeStamp : 2026-05-17 22:28:37===> API : null ===> Message : validateRequest() Invoked!
info: ===> TimeStamp : 2026-05-17 22:28:37===> API : null ===> Message : validRequest() :: Api validated Successfully
info: ===> TimeStamp : 2026-05-17 22:28:37===> API : /api/auth/validateuser ===> Message : validateUser() invoked!!
info: ===> TimeStamp : 2026-05-17 22:28:37===> API : /api/auth/validateuser ===> Message : validateUser() :: Request Object :: [object Object]
info: ===> TimeStamp : 2026-05-17 22:28:37===> API : /api/auth/validateuser ===> Message : validateUserDB() Invoked !
info: ===> TimeStamp : 2026-05-17 22:28:37===> API : /api/auth/validateuser ===> Message : validateUserDB() :: Error :: {"code":"ER_SIGNAL_EXCEPTION","errno":1644,"sqlState":"10005","sqlMessage":"User Does Not Exist","sql":"CALL usp_validate_user('AGNELLO', 'DAOUZA1970')"}
info: ===> TimeStamp : 2026-05-17 22:28:37===> API : /api/auth/validateuser ===> Message : validateUserDBResult :: Error :: {"ErrorCode":10005,"ErrorMessage":"User Does Not Exist"}
info: ===> TimeStamp : 2026-05-17 22:28:37===> API : /api/auth/validateuser ===> Message : validateUserResponse() invoked!
info: ===> TimeStamp : 2026-05-17 22:28:37===> API : /api/auth/validateuser ===> Message : validateUserResponse() completed
info: ===> TimeStamp : 2026-05-17 22:28:50===> API : null ===> Message : validateRequest() invoked
info: ===> TimeStamp : 2026-05-17 22:28:50===> API : null ===> Message : fetchDBSettings()
info: ===> TimeStamp : 2026-05-17 22:28:50===> API : null ===> Message : validateRequest() Invoked!
info: ===> TimeStamp : 2026-05-17 22:28:50===> API : null ===> Message : validRequest() :: Api validated Successfully
info: ===> TimeStamp : 2026-05-17 22:28:50===> API : /api/auth/validateuser ===> Message : validateUser() invoked!!
info: ===> TimeStamp : 2026-05-17 22:28:50===> API : /api/auth/validateuser ===> Message : validateUser() :: Request Object :: [object Object]
info: ===> TimeStamp : 2026-05-17 22:28:50===> API : /api/auth/validateuser ===> Message : validateUserDB() Invoked !
info: ===> TimeStamp : 2026-05-17 22:28:50===> API : /api/auth/validateuser ===> Message : validateUserResponse() invoked!
info: ===> TimeStamp : 2026-05-17 22:28:50===> API : /api/auth/validateuser ===> Message : validateUserResponse() completed
info: ===> TimeStamp : 2026-05-17 22:28:50===> API : null ===> Message : validateRequest() invoked
info: ===> TimeStamp : 2026-05-17 22:28:50===> API : null ===> Message : fetchDBSettings()
info: ===> TimeStamp : 2026-05-17 22:28:50===> API : null ===> Message : validateRequest() Invoked!
info: ===> TimeStamp : 2026-05-17 22:28:50===> API : /api/auth/login ===> Message : loginUser() invoked!!
info: ===> TimeStamp : 2026-05-17 22:28:50===> API : null ===> Message : validRequest() :: Api validated Successfully
info: ===> TimeStamp : 2026-05-17 22:28:50===> API : /api/auth/login ===> Message : loginUser() :: Request Object :: [object Object]
info: ===> TimeStamp : 2026-05-17 22:28:50===> API : /api/auth/login ===> Message : loginUserDB() Invoked !
info: ===> TimeStamp : 2026-05-17 22:28:50===> API : /api/auth/login ===> Message : loginUserResponse() invoked!
info: ===> TimeStamp : 2026-05-17 22:28:50===> API : /api/auth/login ===> Message : loginUserResponse() completed
info: ===> TimeStamp : 2026-05-17 22:28:50===> API : null ===> Message : validateRequest() invoked
info: ===> TimeStamp : 2026-05-17 22:28:50===> API : null ===> Message : fetchDBSettings()
info: ===> TimeStamp : 2026-05-17 22:28:51===> API : null ===> Message : validateRequest() Invoked!
info: ===> TimeStamp : 2026-05-17 22:28:51===> API : null ===> Message : validRequest() :: Api validated Successfully
info: ===> TimeStamp : 2026-05-17 22:28:51===> API : /api/auth/validateuser ===> Message : validateUser() invoked!!
info: ===> TimeStamp : 2026-05-17 22:28:51===> API : /api/auth/validateuser ===> Message : validateUser() :: Request Object :: [object Object]
info: ===> TimeStamp : 2026-05-17 22:28:51===> API : /api/auth/validateuser ===> Message : validateUserDB() Invoked !
info: ===> TimeStamp : 2026-05-17 22:28:51===> API : /api/auth/validateuser ===> Message : validateUserResponse() invoked!
info: ===> TimeStamp : 2026-05-17 22:28:51===> API : /api/auth/validateuser ===> Message : validateUserResponse() completed
info: ===> TimeStamp : 2026-05-17 22:28:51===> API : null ===> Message : validateRequest() invoked
info: ===> TimeStamp : 2026-05-17 22:28:51===> API : null ===> Message : fetchDBSettings()
info: ===> TimeStamp : 2026-05-17 22:28:51===> API : null ===> Message : validateRequest() Invoked!
info: ===> TimeStamp : 2026-05-17 22:28:51===> API : null ===> Message : validRequest() :: Api validated Successfully
info: ===> TimeStamp : 2026-05-17 22:28:51===> API : /api/auth/login ===> Message : loginUser() invoked!!
info: ===> TimeStamp : 2026-05-17 22:28:51===> API : /api/auth/login ===> Message : loginUser() :: Request Object :: [object Object]
info: ===> TimeStamp : 2026-05-17 22:28:51===> API : /api/auth/login ===> Message : loginUserDB() Invoked !
info: ===> TimeStamp : 2026-05-17 22:28:51===> API : /api/auth/login ===> Message : loginUserResponse() invoked!
info: ===> TimeStamp : 2026-05-17 22:28:51===> API : /api/auth/login ===> Message : loginUserResponse() completed
info: ===> TimeStamp : 2026-05-17 23:40:53===> API : null ===> Message : fetchDBSettings()
info: ===> TimeStamp : 2026-05-17 23:40:53===> API : null ===> Message : validateRequest() invoked
info: ===> TimeStamp : 2026-05-17 23:40:53===> API : null ===> Message : validateRequest() Invoked!
info: ===> TimeStamp : 2026-05-17 23:40:53===> API : null ===> Message : validRequest() :: Api validated Successfully
info: ===> TimeStamp : 2026-05-17 23:40:53===> API : /api/auth/logout ===> Message : logoutUser() invoked!!
info: ===> TimeStamp : 2026-05-17 23:40:53===> API : /api/auth/logout ===> Message : logoutUser() :: Request Object :: [object Object]
info: ===> TimeStamp : 2026-05-17 23:40:53===> API : /api/auth/logout ===> Message : logoutUserDB() Invoked !
info: ===> TimeStamp : 2026-05-17 23:40:53===> API : /api/auth/logout ===> Message : logoutUserResponse() invoked!
info: ===> TimeStamp : 2026-05-17 23:40:53===> API : /api/auth/logout ===> Message : logoutUserResponse() completed
info: ===> TimeStamp : 2026-05-17 23:45:02===> API : null ===> Message : validateRequest() invoked
info: ===> TimeStamp : 2026-05-17 23:45:02===> API : null ===> Message : fetchDBSettings()
info: ===> TimeStamp : 2026-05-17 23:45:02===> API : null ===> Message : validateRequest() Invoked!
info: ===> TimeStamp : 2026-05-17 23:45:02===> API : null ===> Message : validRequest() :: Api validated Successfully
info: ===> TimeStamp : 2026-05-17 23:45:02===> API : /api/auth/validateuser ===> Message : validateUser() invoked!!
info: ===> TimeStamp : 2026-05-17 23:45:02===> API : /api/auth/validateuser ===> Message : validateUser() :: Request Object :: [object Object]
info: ===> TimeStamp : 2026-05-17 23:45:02===> API : /api/auth/validateuser ===> Message : validateUserDB() Invoked !
info: ===> TimeStamp : 2026-05-17 23:45:02===> API : /api/auth/validateuser ===> Message : validateUserResponse() invoked!
info: ===> TimeStamp : 2026-05-17 23:45:02===> API : /api/auth/validateuser ===> Message : validateUserResponse() completed
info: ===> TimeStamp : 2026-05-17 23:45:02===> API : null ===> Message : validateRequest() invoked
info: ===> TimeStamp : 2026-05-17 23:45:02===> API : null ===> Message : fetchDBSettings()
info: ===> TimeStamp : 2026-05-17 23:45:02===> API : null ===> Message : validateRequest() Invoked!
info: ===> TimeStamp : 2026-05-17 23:45:02===> API : null ===> Message : validRequest() :: Api validated Successfully
info: ===> TimeStamp : 2026-05-17 23:45:02===> API : /api/auth/login ===> Message : loginUser() invoked!!
info: ===> TimeStamp : 2026-05-17 23:45:02===> API : /api/auth/login ===> Message : loginUser() :: Request Object :: [object Object]
info: ===> TimeStamp : 2026-05-17 23:45:02===> API : /api/auth/login ===> Message : loginUserDB() Invoked !
info: ===> TimeStamp : 2026-05-17 23:45:02===> API : /api/auth/login ===> Message : loginUserResponse() invoked!
info: ===> TimeStamp : 2026-05-17 23:45:02===> API : /api/auth/login ===> Message : loginUserResponse() completed
info: ===> TimeStamp : 2026-05-18 00:31:53===> API : null ===> Message : validateRequest() invoked
info: ===> TimeStamp : 2026-05-18 00:31:53===> API : null ===> Message : fetchDBSettings()
info: ===> TimeStamp : 2026-05-18 00:31:53===> API : null ===> Message : validateRequest() Invoked!
info: ===> TimeStamp : 2026-05-18 00:31:53===> API : null ===> Message : validRequest() :: Api validated Successfully
info: ===> TimeStamp : 2026-05-18 00:31:53===> API : /api/auth/validateuser ===> Message : validateUser() invoked!!
info: ===> TimeStamp : 2026-05-18 00:31:53===> API : /api/auth/validateuser ===> Message : validateUser() :: Request Object :: [object Object]
info: ===> TimeStamp : 2026-05-18 00:31:53===> API : /api/auth/validateuser ===> Message : validateUserDB() Invoked !
info: ===> TimeStamp : 2026-05-18 00:31:53===> API : /api/auth/validateuser ===> Message : validateUserResponse() invoked!
info: ===> TimeStamp : 2026-05-18 00:31:53===> API : /api/auth/validateuser ===> Message : validateUserResponse() completed
info: ===> TimeStamp : 2026-05-18 00:31:54===> API : null ===> Message : validateRequest() invoked
info: ===> TimeStamp : 2026-05-18 00:31:54===> API : null ===> Message : fetchDBSettings()
info: ===> TimeStamp : 2026-05-18 00:31:54===> API : null ===> Message : validateRequest() Invoked!
info: ===> TimeStamp : 2026-05-18 00:31:54===> API : null ===> Message : validRequest() :: Api validated Successfully
info: ===> TimeStamp : 2026-05-18 00:31:54===> API : /api/auth/login ===> Message : loginUser() :: Request Object :: [object Object]
info: ===> TimeStamp : 2026-05-18 00:31:54===> API : /api/auth/login ===> Message : loginUser() invoked!!
info: ===> TimeStamp : 2026-05-18 00:31:54===> API : /api/auth/login ===> Message : loginUserDB() Invoked !
info: ===> TimeStamp : 2026-05-18 00:31:54===> API : /api/auth/login ===> Message : loginUserResponse() invoked!
info: ===> TimeStamp : 2026-05-18 00:31:54===> API : /api/auth/login ===> Message : loginUserResponse() completed
info: ===> TimeStamp : 2026-05-18 01:27:04===> API : null ===> Message : validateRequest() invoked
info: ===> TimeStamp : 2026-05-18 01:27:04===> API : null ===> Message : validateRequest() Error:: Invalid Request :: 
      {"apiUri":"/"}
info: ===> TimeStamp : 2026-05-18 02:01:38===> API : null ===> Message : validateRequest() invoked
info: ===> TimeStamp : 2026-05-18 02:01:38===> API : null ===> Message : fetchDBSettings()
info: ===> TimeStamp : 2026-05-18 02:01:38===> API : null ===> Message : validateRequest() Invoked!
info: ===> TimeStamp : 2026-05-18 02:01:38===> API : null ===> Message : validRequest() :: Api validated Successfully
info: ===> TimeStamp : 2026-05-18 02:01:38===> API : /api/auth/validateuser ===> Message : validateUser() :: Request Object :: [object Object]
info: ===> TimeStamp : 2026-05-18 02:01:38===> API : /api/auth/validateuser ===> Message : validateUser() invoked!!
info: ===> TimeStamp : 2026-05-18 02:01:38===> API : /api/auth/validateuser ===> Message : validateUserDB() Invoked !
info: ===> TimeStamp : 2026-05-18 02:01:38===> API : /api/auth/validateuser ===> Message : validateUserResponse() invoked!
info: ===> TimeStamp : 2026-05-18 02:01:38===> API : /api/auth/validateuser ===> Message : validateUserResponse() completed
info: ===> TimeStamp : 2026-05-18 02:01:38===> API : null ===> Message : validateRequest() invoked
info: ===> TimeStamp : 2026-05-18 02:01:38===> API : null ===> Message : fetchDBSettings()
info: ===> TimeStamp : 2026-05-18 02:01:38===> API : null ===> Message : validateRequest() Invoked!
info: ===> TimeStamp : 2026-05-18 02:01:38===> API : null ===> Message : validRequest() :: Api validated Successfully
info: ===> TimeStamp : 2026-05-18 02:01:38===> API : /api/auth/login ===> Message : loginUser() invoked!!
info: ===> TimeStamp : 2026-05-18 02:01:38===> API : /api/auth/login ===> Message : loginUser() :: Request Object :: [object Object]
info: ===> TimeStamp : 2026-05-18 02:01:38===> API : /api/auth/login ===> Message : loginUserDB() Invoked !
info: ===> TimeStamp : 2026-05-18 02:01:38===> API : /api/auth/login ===> Message : loginUserResponse() invoked!
info: ===> TimeStamp : 2026-05-18 02:01:38===> API : /api/auth/login ===> Message : loginUserResponse() completed
info: ===> TimeStamp : 2026-05-18 02:47:26===> API : null ===> Message : validateRequest() invoked
info: ===> TimeStamp : 2026-05-18 02:47:26===> API : null ===> Message : fetchDBSettings()
info: ===> TimeStamp : 2026-05-18 02:47:26===> API : null ===> Message : validateRequest() Invoked!
info: ===> TimeStamp : 2026-05-18 02:47:26===> API : null ===> Message : validRequest() :: Api validated Successfully
info: ===> TimeStamp : 2026-05-18 02:47:26===> API : /api/auth/logout ===> Message : logoutUser() invoked!!
info: ===> TimeStamp : 2026-05-18 02:47:26===> API : /api/auth/logout ===> Message : logoutUser() :: Request Object :: [object Object]
info: ===> TimeStamp : 2026-05-18 02:47:26===> API : /api/auth/logout ===> Message : logoutUserDB() Invoked !
info: ===> TimeStamp : 2026-05-18 02:47:26===> API : /api/auth/logout ===> Message : logoutUserResponse() invoked!
info: ===> TimeStamp : 2026-05-18 02:47:26===> API : /api/auth/logout ===> Message : logoutUserResponse() completed
info: ===> TimeStamp : 2026-05-18 03:17:14===> API : null ===> Message : validateRequest() invoked
info: ===> TimeStamp : 2026-05-18 03:17:14===> API : null ===> Message : fetchDBSettings()
info: ===> TimeStamp : 2026-05-18 03:17:14===> API : null ===> Message : validateRequest() Invoked!
info: ===> TimeStamp : 2026-05-18 03:17:14===> API : null ===> Message : validRequest() :: Api validated Successfully
info: ===> TimeStamp : 2026-05-18 03:17:14===> API : /api/auth/validateuser ===> Message : validateUser() invoked!!
info: ===> TimeStamp : 2026-05-18 03:17:14===> API : /api/auth/validateuser ===> Message : validateUser() :: Request Object :: [object Object]
info: ===> TimeStamp : 2026-05-18 03:17:14===> API : /api/auth/validateuser ===> Message : validateUserDB() Invoked !
info: ===> TimeStamp : 2026-05-18 03:17:14===> API : /api/auth/validateuser ===> Message : validateUserResponse() invoked!
info: ===> TimeStamp : 2026-05-18 03:17:14===> API : /api/auth/validateuser ===> Message : validateUserResponse() completed
info: ===> TimeStamp : 2026-05-18 03:17:14===> API : null ===> Message : validateRequest() invoked
info: ===> TimeStamp : 2026-05-18 03:17:14===> API : null ===> Message : fetchDBSettings()
info: ===> TimeStamp : 2026-05-18 03:17:14===> API : null ===> Message : validateRequest() Invoked!
info: ===> TimeStamp : 2026-05-18 03:17:14===> API : null ===> Message : validRequest() :: Api validated Successfully
info: ===> TimeStamp : 2026-05-18 03:17:14===> API : /api/auth/checkIP ===> Message : checkIP() invoked!!
info: ===> TimeStamp : 2026-05-18 03:17:14===> API : /api/auth/checkIP ===> Message : IPs match: 103.255.182.117
info: ===> TimeStamp : 2026-05-18 03:17:14===> API : /api/auth/checkIP ===> Message : checkIPResponse() invoked!
info: ===> TimeStamp : 2026-05-18 03:17:14===> API : /api/auth/checkIP ===> Message : checkIPResponse() completed
info: ===> TimeStamp : 2026-05-18 03:17:14===> API : null ===> Message : validateRequest() invoked
info: ===> TimeStamp : 2026-05-18 03:17:14===> API : null ===> Message : fetchDBSettings()
info: ===> TimeStamp : 2026-05-18 03:17:14===> API : null ===> Message : validateRequest() Invoked!
info: ===> TimeStamp : 2026-05-18 03:17:14===> API : null ===> Message : validRequest() :: Api validated Successfully
info: ===> TimeStamp : 2026-05-18 03:17:14===> API : /api/auth/login ===> Message : loginUser() invoked!!
info: ===> TimeStamp : 2026-05-18 03:17:14===> API : /api/auth/login ===> Message : loginUser() :: Request Object :: [object Object]
info: ===> TimeStamp : 2026-05-18 03:17:14===> API : /api/auth/login ===> Message : loginUserDB() Invoked !
info: ===> TimeStamp : 2026-05-18 03:17:14===> API : /api/auth/login ===> Message : loginUserResponse() invoked!
info: ===> TimeStamp : 2026-05-18 03:17:14===> API : /api/auth/login ===> Message : loginUserResponse() completed
