info: ===> TimeStamp : 2025-05-12 05:46:28===> API : null ===> Message : validateRequest() invoked
info: ===> TimeStamp : 2025-05-12 05:46:28===> API : null ===> Message : fetchDBSettings()
info: ===> TimeStamp : 2025-05-12 05:46:28===> API : null ===> Message : validateRequest() Invoked!
info: ===> TimeStamp : 2025-05-12 05:46:28===> API : null ===> Message : validRequest() :: Api validated Successfully
info: ===> TimeStamp : 2025-05-12 05:46:28===> API : /api/auth/logout ===> Message : logoutUser() invoked!!
info: ===> TimeStamp : 2025-05-12 05:46:28===> API : /api/auth/logout ===> Message : logoutUser() :: Request Object :: [object Object]
info: ===> TimeStamp : 2025-05-12 05:46:28===> API : /api/auth/logout ===> Message : logoutUserDB() Invoked !
info: ===> TimeStamp : 2025-05-12 05:46:28===> API : /api/auth/logout ===> Message : logoutUserResponse() invoked!
info: ===> TimeStamp : 2025-05-12 05:46:28===> API : /api/auth/logout ===> Message : logoutUserResponse() completed
info: ===> TimeStamp : 2025-05-12 06:22:48===> API : null ===> Message : validateRequest() invoked
info: ===> TimeStamp : 2025-05-12 06:22:48===> API : null ===> Message : validateRequest() Error:: Invalid Request :: 
      {"apiUri":"/"}
info: ===> TimeStamp : 2025-05-12 06:23:02===> API : null ===> Message : validateRequest() invoked
info: ===> TimeStamp : 2025-05-12 06:23:02===> API : null ===> Message : validateRequest() Error:: Invalid Request :: 
      {"apiUri":"/"}
info: ===> TimeStamp : 2025-05-12 06:23:04===> API : null ===> Message : validateRequest() invoked
info: ===> TimeStamp : 2025-05-12 06:23:04===> API : null ===> Message : validateRequest() Error:: Invalid Request :: 
      {"apiUri":"/favicon.ico"}
info: ===> TimeStamp : 2025-05-12 06:23:14===> API : null ===> Message : validateRequest() invoked
info: ===> TimeStamp : 2025-05-12 06:23:14===> API : null ===> Message : validateRequest() Error:: Invalid Request :: 
      {"apiUri":"/favicon.ico"}
info: ===> TimeStamp : 2025-05-12 06:51:06===> API : null ===> Message : validateRequest() invoked
info: ===> TimeStamp : 2025-05-12 06:51:06===> API : null ===> Message : fetchDBSettings()
info: ===> TimeStamp : 2025-05-12 06:51:06===> API : null ===> Message : validateRequest() Invoked!
info: ===> TimeStamp : 2025-05-12 06:51:06===> API : null ===> Message : validRequest() :: Api validated Successfully
info: ===> TimeStamp : 2025-05-12 06:51:06===> API : /api/auth/logout ===> Message : logoutUser() invoked!!
info: ===> TimeStamp : 2025-05-12 06:51:06===> API : /api/auth/logout ===> Message : logoutUser() :: Request Object :: [object Object]
info: ===> TimeStamp : 2025-05-12 06:51:06===> API : /api/auth/logout ===> Message : logoutUserDB() Invoked !
info: ===> TimeStamp : 2025-05-12 06:51:06===> API : /api/auth/logout ===> Message : logoutUserResponse() invoked!
info: ===> TimeStamp : 2025-05-12 06:51:06===> API : /api/auth/logout ===> Message : logoutUserResponse() completed
info: ===> TimeStamp : 2025-05-12 06:52:19===> API : null ===> Message : validateRequest() invoked
info: ===> TimeStamp : 2025-05-12 06:52:19===> API : null ===> Message : fetchDBSettings()
info: ===> TimeStamp : 2025-05-12 06:52:19===> API : null ===> Message : validateRequest() Invoked!
info: ===> TimeStamp : 2025-05-12 06:52:19===> API : null ===> Message : validRequest() :: Api validated Successfully
info: ===> TimeStamp : 2025-05-12 06:52:19===> API : /api/auth/validateuser ===> Message : validateUser() invoked!!
info: ===> TimeStamp : 2025-05-12 06:52:19===> API : /api/auth/validateuser ===> Message : validateUser() :: Request Object :: [object Object]
info: ===> TimeStamp : 2025-05-12 06:52:19===> API : /api/auth/validateuser ===> Message : validateUserDB() Invoked !
info: ===> TimeStamp : 2025-05-12 06:52:19===> API : /api/auth/validateuser ===> Message : validateUserResponse() invoked!
info: ===> TimeStamp : 2025-05-12 06:52:19===> API : /api/auth/validateuser ===> Message : validateUserResponse() completed
info: ===> TimeStamp : 2025-05-12 06:52:19===> API : null ===> Message : validateRequest() invoked
info: ===> TimeStamp : 2025-05-12 06:52:19===> API : null ===> Message : fetchDBSettings()
info: ===> TimeStamp : 2025-05-12 06:52:19===> API : null ===> Message : validateRequest() Invoked!
info: ===> TimeStamp : 2025-05-12 06:52:19===> API : null ===> Message : validRequest() :: Api validated Successfully
info: ===> TimeStamp : 2025-05-12 06:52:19===> API : /api/auth/checkIP ===> Message : checkIP() invoked!!
info: ===> TimeStamp : 2025-05-12 06:52:19===> API : /api/auth/checkIP ===> Message : IPs match: 103.255.182.117
info: ===> TimeStamp : 2025-05-12 06:52:19===> API : /api/auth/checkIP ===> Message : checkIPResponse() invoked!
info: ===> TimeStamp : 2025-05-12 06:52:19===> API : /api/auth/checkIP ===> Message : checkIPResponse() completed
info: ===> TimeStamp : 2025-05-12 06:52:19===> API : null ===> Message : validateRequest() invoked
info: ===> TimeStamp : 2025-05-12 06:52:19===> API : null ===> Message : fetchDBSettings()
info: ===> TimeStamp : 2025-05-12 06:52:19===> API : null ===> Message : validateRequest() Invoked!
info: ===> TimeStamp : 2025-05-12 06:52:19===> API : null ===> Message : validRequest() :: Api validated Successfully
info: ===> TimeStamp : 2025-05-12 06:52:19===> API : /api/auth/login ===> Message : loginUser() invoked!!
info: ===> TimeStamp : 2025-05-12 06:52:19===> API : /api/auth/login ===> Message : loginUser() :: Request Object :: [object Object]
info: ===> TimeStamp : 2025-05-12 06:52:19===> API : /api/auth/login ===> Message : loginUserDB() Invoked !
info: ===> TimeStamp : 2025-05-12 06:52:19===> API : /api/auth/login ===> Message : loginUserResponse() invoked!
info: ===> TimeStamp : 2025-05-12 06:52:19===> API : /api/auth/login ===> Message : loginUserResponse() completed
info: ===> TimeStamp : 2025-05-12 07:00:03===> API : null ===> Message : validateRequest() invoked
info: ===> TimeStamp : 2025-05-12 07:00:03===> API : null ===> Message : fetchDBSettings()
info: ===> TimeStamp : 2025-05-12 07:00:03===> API : null ===> Message : validateRequest() Invoked!
info: ===> TimeStamp : 2025-05-12 07:00:03===> API : null ===> Message : validRequest() :: Api validated Successfully
info: ===> TimeStamp : 2025-05-12 07:00:03===> API : /api/auth/logout ===> Message : logoutUser() :: Request Object :: [object Object]
info: ===> TimeStamp : 2025-05-12 07:00:03===> API : /api/auth/logout ===> Message : logoutUserDB() Invoked !
info: ===> TimeStamp : 2025-05-12 07:00:03===> API : /api/auth/logout ===> Message : logoutUser() invoked!!
info: ===> TimeStamp : 2025-05-12 07:00:03===> API : /api/auth/logout ===> Message : logoutUserResponse() invoked!
info: ===> TimeStamp : 2025-05-12 07:00:03===> API : /api/auth/logout ===> Message : logoutUserResponse() completed
info: ===> TimeStamp : 2025-05-12 07:00:04===> API : null ===> Message : validateRequest() invoked
info: ===> TimeStamp : 2025-05-12 07:00:04===> API : null ===> Message : fetchDBSettings()
info: ===> TimeStamp : 2025-05-12 07:00:04===> API : null ===> Message : validateRequest() Invoked!
info: ===> TimeStamp : 2025-05-12 07:00:04===> API : null ===> Message : validRequest() :: Api validated Successfully
info: ===> TimeStamp : 2025-05-12 07:00:04===> API : /api/auth/validateuser ===> Message : validateUser() invoked!!
info: ===> TimeStamp : 2025-05-12 07:00:04===> API : /api/auth/validateuser ===> Message : validateUser() :: Request Object :: [object Object]
info: ===> TimeStamp : 2025-05-12 07:00:04===> API : /api/auth/validateuser ===> Message : validateUserDB() Invoked !
info: ===> TimeStamp : 2025-05-12 07:00:04===> API : /api/auth/validateuser ===> Message : validateUserResponse() invoked!
info: ===> TimeStamp : 2025-05-12 07:00:04===> API : /api/auth/validateuser ===> Message : validateUserResponse() completed
info: ===> TimeStamp : 2025-05-12 07:00:04===> API : null ===> Message : validateRequest() invoked
info: ===> TimeStamp : 2025-05-12 07:00:04===> API : null ===> Message : fetchDBSettings()
info: ===> TimeStamp : 2025-05-12 07:00:04===> API : null ===> Message : validateRequest() Invoked!
info: ===> TimeStamp : 2025-05-12 07:00:04===> API : null ===> Message : validRequest() :: Api validated Successfully
info: ===> TimeStamp : 2025-05-12 07:00:04===> API : /api/auth/checkIP ===> Message : checkIP() invoked!!
info: ===> TimeStamp : 2025-05-12 07:00:04===> API : /api/auth/checkIP ===> Message : IPs match: 103.255.182.117
info: ===> TimeStamp : 2025-05-12 07:00:04===> API : /api/auth/checkIP ===> Message : checkIPResponse() invoked!
info: ===> TimeStamp : 2025-05-12 07:00:04===> API : /api/auth/checkIP ===> Message : checkIPResponse() completed
info: ===> TimeStamp : 2025-05-12 07:00:04===> API : null ===> Message : validateRequest() invoked
info: ===> TimeStamp : 2025-05-12 07:00:04===> API : null ===> Message : fetchDBSettings()
info: ===> TimeStamp : 2025-05-12 07:00:04===> API : null ===> Message : validateRequest() Invoked!
info: ===> TimeStamp : 2025-05-12 07:00:04===> API : null ===> Message : validRequest() :: Api validated Successfully
info: ===> TimeStamp : 2025-05-12 07:00:04===> API : /api/auth/login ===> Message : loginUser() invoked!!
info: ===> TimeStamp : 2025-05-12 07:00:04===> API : /api/auth/login ===> Message : loginUser() :: Request Object :: [object Object]
info: ===> TimeStamp : 2025-05-12 07:00:04===> API : /api/auth/login ===> Message : loginUserDB() Invoked !
info: ===> TimeStamp : 2025-05-12 07:00:04===> API : /api/auth/login ===> Message : loginUserResponse() invoked!
info: ===> TimeStamp : 2025-05-12 07:00:04===> API : /api/auth/login ===> Message : loginUserResponse() completed
info: ===> TimeStamp : 2025-05-12 09:45:00===> API : null ===> Message : validateRequest() invoked
info: ===> TimeStamp : 2025-05-12 09:45:00===> API : null ===> Message : validateRequest() Error:: Invalid Request :: 
      {"apiUri":"/"}
info: ===> TimeStamp : 2025-05-12 09:45:05===> API : null ===> Message : validateRequest() invoked
info: ===> TimeStamp : 2025-05-12 09:45:05===> API : null ===> Message : validateRequest() Error:: Invalid Request :: 
      {"apiUri":"/favicon.ico"}
info: ===> TimeStamp : 2025-05-12 09:45:06===> API : null ===> Message : validateRequest() invoked
info: ===> TimeStamp : 2025-05-12 09:45:06===> API : null ===> Message : validateRequest() Error:: Invalid Request :: 
      {"apiUri":"/ads.txt"}
info: ===> TimeStamp : 2025-05-12 10:21:39===> API : null ===> Message : validateRequest() invoked
info: ===> TimeStamp : 2025-05-12 10:21:39===> API : null ===> Message : fetchDBSettings()
info: ===> TimeStamp : 2025-05-12 10:21:39===> API : null ===> Message : validateRequest() Invoked!
info: ===> TimeStamp : 2025-05-12 10:21:39===> API : null ===> Message : validRequest() :: Api validated Successfully
info: ===> TimeStamp : 2025-05-12 10:21:39===> API : /api/auth/validateuser ===> Message : validateUser() :: Request Object :: [object Object]
info: ===> TimeStamp : 2025-05-12 10:21:39===> API : /api/auth/validateuser ===> Message : validateUser() invoked!!
info: ===> TimeStamp : 2025-05-12 10:21:39===> API : /api/auth/validateuser ===> Message : validateUserDB() Invoked !
info: ===> TimeStamp : 2025-05-12 10:21:39===> API : /api/auth/validateuser ===> Message : validateUserResponse() invoked!
info: ===> TimeStamp : 2025-05-12 10:21:39===> API : /api/auth/validateuser ===> Message : validateUserResponse() completed
info: ===> TimeStamp : 2025-05-12 10:21:39===> API : null ===> Message : validateRequest() invoked
info: ===> TimeStamp : 2025-05-12 10:21:39===> API : null ===> Message : fetchDBSettings()
info: ===> TimeStamp : 2025-05-12 10:21:40===> API : null ===> Message : validateRequest() Invoked!
info: ===> TimeStamp : 2025-05-12 10:21:40===> API : null ===> Message : validRequest() :: Api validated Successfully
info: ===> TimeStamp : 2025-05-12 10:21:40===> API : /api/auth/login ===> Message : loginUser() invoked!!
info: ===> TimeStamp : 2025-05-12 10:21:40===> API : /api/auth/login ===> Message : loginUser() :: Request Object :: [object Object]
info: ===> TimeStamp : 2025-05-12 10:21:40===> API : /api/auth/login ===> Message : loginUserDB() Invoked !
info: ===> TimeStamp : 2025-05-12 10:21:40===> API : /api/auth/login ===> Message : loginUserResponse() invoked!
info: ===> TimeStamp : 2025-05-12 10:21:40===> API : /api/auth/login ===> Message : loginUserResponse() completed
info: ===> TimeStamp : 2025-05-12 11:15:05===> API : null ===> Message : validateRequest() invoked
info: ===> TimeStamp : 2025-05-12 11:15:05===> API : null ===> Message : fetchDBSettings()
info: ===> TimeStamp : 2025-05-12 11:15:05===> API : null ===> Message : validateRequest() Invoked!
info: ===> TimeStamp : 2025-05-12 11:15:05===> API : null ===> Message : validRequest() :: Api validated Successfully
info: ===> TimeStamp : 2025-05-12 11:15:05===> API : /api/auth/validateuser ===> Message : validateUser() invoked!!
info: ===> TimeStamp : 2025-05-12 11:15:05===> API : /api/auth/validateuser ===> Message : validateUser() :: Request Object :: [object Object]
info: ===> TimeStamp : 2025-05-12 11:15:05===> API : /api/auth/validateuser ===> Message : validateUserDB() Invoked !
info: ===> TimeStamp : 2025-05-12 11:15:05===> API : /api/auth/validateuser ===> Message : validateUserResponse() invoked!
info: ===> TimeStamp : 2025-05-12 11:15:05===> API : /api/auth/validateuser ===> Message : validateUserResponse() completed
info: ===> TimeStamp : 2025-05-12 11:15:05===> API : null ===> Message : validateRequest() invoked
info: ===> TimeStamp : 2025-05-12 11:15:05===> API : null ===> Message : fetchDBSettings()
info: ===> TimeStamp : 2025-05-12 11:15:05===> API : null ===> Message : validateRequest() Invoked!
info: ===> TimeStamp : 2025-05-12 11:15:05===> API : null ===> Message : validRequest() :: Api validated Successfully
info: ===> TimeStamp : 2025-05-12 11:15:05===> API : /api/auth/login ===> Message : loginUser() invoked!!
info: ===> TimeStamp : 2025-05-12 11:15:05===> API : /api/auth/login ===> Message : loginUser() :: Request Object :: [object Object]
info: ===> TimeStamp : 2025-05-12 11:15:05===> API : /api/auth/login ===> Message : loginUserDB() Invoked !
info: ===> TimeStamp : 2025-05-12 11:15:05===> API : /api/auth/login ===> Message : loginUserResponse() invoked!
info: ===> TimeStamp : 2025-05-12 11:15:05===> API : /api/auth/login ===> Message : loginUserResponse() completed
info: ===> TimeStamp : 2025-05-12 11:26:25===> API : null ===> Message : validateRequest() invoked
info: ===> TimeStamp : 2025-05-12 11:26:25===> API : null ===> Message : fetchDBSettings()
info: ===> TimeStamp : 2025-05-12 11:26:25===> API : null ===> Message : validateRequest() Invoked!
info: ===> TimeStamp : 2025-05-12 11:26:25===> API : null ===> Message : validRequest() :: Api validated Successfully
info: ===> TimeStamp : 2025-05-12 11:26:25===> API : /api/auth/validateuser ===> Message : validateUser() invoked!!
info: ===> TimeStamp : 2025-05-12 11:26:25===> API : /api/auth/validateuser ===> Message : validateUser() :: Request Object :: [object Object]
info: ===> TimeStamp : 2025-05-12 11:26:25===> API : /api/auth/validateuser ===> Message : validateUserDB() Invoked !
info: ===> TimeStamp : 2025-05-12 11:26:25===> API : /api/auth/validateuser ===> Message : validateUserResponse() invoked!
info: ===> TimeStamp : 2025-05-12 11:26:25===> API : /api/auth/validateuser ===> Message : validateUserResponse() completed
info: ===> TimeStamp : 2025-05-12 11:26:25===> API : null ===> Message : validateRequest() invoked
info: ===> TimeStamp : 2025-05-12 11:26:25===> API : null ===> Message : fetchDBSettings()
info: ===> TimeStamp : 2025-05-12 11:26:25===> API : null ===> Message : validateRequest() Invoked!
info: ===> TimeStamp : 2025-05-12 11:26:25===> API : null ===> Message : validRequest() :: Api validated Successfully
info: ===> TimeStamp : 2025-05-12 11:26:25===> API : /api/auth/login ===> Message : loginUser() invoked!!
info: ===> TimeStamp : 2025-05-12 11:26:25===> API : /api/auth/login ===> Message : loginUser() :: Request Object :: [object Object]
info: ===> TimeStamp : 2025-05-12 11:26:25===> API : /api/auth/login ===> Message : loginUserDB() Invoked !
info: ===> TimeStamp : 2025-05-12 11:26:25===> API : /api/auth/login ===> Message : loginUserResponse() invoked!
info: ===> TimeStamp : 2025-05-12 11:26:25===> API : /api/auth/login ===> Message : loginUserResponse() completed
info: ===> TimeStamp : 2025-05-12 12:17:41===> API : null ===> Message : validateRequest() invoked
info: ===> TimeStamp : 2025-05-12 12:17:41===> API : null ===> Message : fetchDBSettings()
info: ===> TimeStamp : 2025-05-12 12:17:41===> API : null ===> Message : validateRequest() Invoked!
info: ===> TimeStamp : 2025-05-12 12:17:41===> API : null ===> Message : validRequest() :: Api validated Successfully
info: ===> TimeStamp : 2025-05-12 12:17:41===> API : /api/auth/validateuser ===> Message : validateUser() invoked!!
info: ===> TimeStamp : 2025-05-12 12:17:41===> API : /api/auth/validateuser ===> Message : validateUser() :: Request Object :: [object Object]
info: ===> TimeStamp : 2025-05-12 12:17:41===> API : /api/auth/validateuser ===> Message : validateUserDB() Invoked !
info: ===> TimeStamp : 2025-05-12 12:17:41===> API : /api/auth/validateuser ===> Message : validateUserResponse() invoked!
info: ===> TimeStamp : 2025-05-12 12:17:41===> API : /api/auth/validateuser ===> Message : validateUserResponse() completed
info: ===> TimeStamp : 2025-05-12 12:17:41===> API : null ===> Message : validateRequest() invoked
info: ===> TimeStamp : 2025-05-12 12:17:41===> API : null ===> Message : fetchDBSettings()
info: ===> TimeStamp : 2025-05-12 12:17:41===> API : null ===> Message : validateRequest() Invoked!
info: ===> TimeStamp : 2025-05-12 12:17:41===> API : null ===> Message : validRequest() :: Api validated Successfully
info: ===> TimeStamp : 2025-05-12 12:17:41===> API : /api/auth/login ===> Message : loginUser() invoked!!
info: ===> TimeStamp : 2025-05-12 12:17:41===> API : /api/auth/login ===> Message : loginUser() :: Request Object :: [object Object]
info: ===> TimeStamp : 2025-05-12 12:17:41===> API : /api/auth/login ===> Message : loginUserDB() Invoked !
info: ===> TimeStamp : 2025-05-12 12:17:41===> API : /api/auth/login ===> Message : loginUserResponse() invoked!
info: ===> TimeStamp : 2025-05-12 12:17:41===> API : /api/auth/login ===> Message : loginUserResponse() completed
info: ===> TimeStamp : 2025-05-12 12:46:36===> API : null ===> Message : validateRequest() invoked
info: ===> TimeStamp : 2025-05-12 12:46:36===> API : null ===> Message : fetchDBSettings()
info: ===> TimeStamp : 2025-05-12 12:46:36===> API : null ===> Message : validateRequest() Invoked!
info: ===> TimeStamp : 2025-05-12 12:46:36===> API : null ===> Message : validRequest() :: Api validated Successfully
info: ===> TimeStamp : 2025-05-12 12:46:36===> API : /api/auth/validateuser ===> Message : validateUser() invoked!!
info: ===> TimeStamp : 2025-05-12 12:46:36===> API : /api/auth/validateuser ===> Message : validateUser() :: Request Object :: [object Object]
info: ===> TimeStamp : 2025-05-12 12:46:36===> API : /api/auth/validateuser ===> Message : validateUserDB() Invoked !
info: ===> TimeStamp : 2025-05-12 12:46:36===> API : /api/auth/validateuser ===> Message : validateUserResponse() invoked!
info: ===> TimeStamp : 2025-05-12 12:46:36===> API : /api/auth/validateuser ===> Message : validateUserResponse() completed
info: ===> TimeStamp : 2025-05-12 12:46:36===> API : null ===> Message : validateRequest() invoked
info: ===> TimeStamp : 2025-05-12 12:46:36===> API : null ===> Message : fetchDBSettings()
info: ===> TimeStamp : 2025-05-12 12:46:36===> API : null ===> Message : validateRequest() Invoked!
info: ===> TimeStamp : 2025-05-12 12:46:36===> API : null ===> Message : validRequest() :: Api validated Successfully
info: ===> TimeStamp : 2025-05-12 12:46:36===> API : /api/auth/login ===> Message : loginUser() invoked!!
info: ===> TimeStamp : 2025-05-12 12:46:36===> API : /api/auth/login ===> Message : loginUser() :: Request Object :: [object Object]
info: ===> TimeStamp : 2025-05-12 12:46:36===> API : /api/auth/login ===> Message : loginUserDB() Invoked !
info: ===> TimeStamp : 2025-05-12 12:46:36===> API : /api/auth/login ===> Message : loginUserResponse() invoked!
info: ===> TimeStamp : 2025-05-12 12:46:36===> API : /api/auth/login ===> Message : loginUserResponse() completed
info: ===> TimeStamp : 2025-05-12 12:50:15===> API : null ===> Message : validateRequest() invoked
info: ===> TimeStamp : 2025-05-12 12:50:15===> API : null ===> Message : fetchDBSettings()
info: ===> TimeStamp : 2025-05-12 12:50:15===> API : null ===> Message : validateRequest() Invoked!
info: ===> TimeStamp : 2025-05-12 12:50:15===> API : null ===> Message : validRequest() :: Api validated Successfully
info: ===> TimeStamp : 2025-05-12 12:50:15===> API : /api/auth/logout ===> Message : logoutUser() invoked!!
info: ===> TimeStamp : 2025-05-12 12:50:15===> API : /api/auth/logout ===> Message : logoutUser() :: Request Object :: [object Object]
info: ===> TimeStamp : 2025-05-12 12:50:15===> API : /api/auth/logout ===> Message : logoutUserDB() Invoked !
info: ===> TimeStamp : 2025-05-12 12:50:15===> API : /api/auth/logout ===> Message : logoutUserResponse() invoked!
info: ===> TimeStamp : 2025-05-12 12:50:15===> API : /api/auth/logout ===> Message : logoutUserResponse() completed
info: ===> TimeStamp : 2025-05-12 12:58:56===> API : null ===> Message : validateRequest() invoked
info: ===> TimeStamp : 2025-05-12 12:58:56===> API : null ===> Message : fetchDBSettings()
info: ===> TimeStamp : 2025-05-12 12:58:56===> API : null ===> Message : validateRequest() Invoked!
info: ===> TimeStamp : 2025-05-12 12:58:56===> API : null ===> Message : validRequest() :: Api validated Successfully
info: ===> TimeStamp : 2025-05-12 12:58:56===> API : /api/auth/validateuser ===> Message : validateUser() invoked!!
info: ===> TimeStamp : 2025-05-12 12:58:56===> API : /api/auth/validateuser ===> Message : validateUser() :: Request Object :: [object Object]
info: ===> TimeStamp : 2025-05-12 12:58:56===> API : /api/auth/validateuser ===> Message : validateUserDB() Invoked !
info: ===> TimeStamp : 2025-05-12 12:58:56===> API : /api/auth/validateuser ===> Message : validateUserResponse() invoked!
info: ===> TimeStamp : 2025-05-12 12:58:56===> API : /api/auth/validateuser ===> Message : validateUserResponse() completed
info: ===> TimeStamp : 2025-05-12 12:58:56===> API : null ===> Message : validateRequest() invoked
info: ===> TimeStamp : 2025-05-12 12:58:56===> API : null ===> Message : fetchDBSettings()
info: ===> TimeStamp : 2025-05-12 12:58:56===> API : null ===> Message : validateRequest() Invoked!
info: ===> TimeStamp : 2025-05-12 12:58:56===> API : null ===> Message : validRequest() :: Api validated Successfully
info: ===> TimeStamp : 2025-05-12 12:58:56===> API : /api/auth/checkIP ===> Message : checkIP() invoked!!
info: ===> TimeStamp : 2025-05-12 12:58:56===> API : /api/auth/checkIP ===> Message : IPs match: 103.255.182.117
info: ===> TimeStamp : 2025-05-12 12:58:56===> API : /api/auth/checkIP ===> Message : checkIPResponse() invoked!
info: ===> TimeStamp : 2025-05-12 12:58:56===> API : /api/auth/checkIP ===> Message : checkIPResponse() completed
info: ===> TimeStamp : 2025-05-12 12:58:56===> API : null ===> Message : validateRequest() invoked
info: ===> TimeStamp : 2025-05-12 12:58:56===> API : null ===> Message : fetchDBSettings()
info: ===> TimeStamp : 2025-05-12 12:58:56===> API : null ===> Message : validateRequest() Invoked!
info: ===> TimeStamp : 2025-05-12 12:58:56===> API : null ===> Message : validRequest() :: Api validated Successfully
info: ===> TimeStamp : 2025-05-12 12:58:56===> API : /api/auth/login ===> Message : loginUser() invoked!!
info: ===> TimeStamp : 2025-05-12 12:58:56===> API : /api/auth/login ===> Message : loginUser() :: Request Object :: [object Object]
info: ===> TimeStamp : 2025-05-12 12:58:56===> API : /api/auth/login ===> Message : loginUserDB() Invoked !
info: ===> TimeStamp : 2025-05-12 12:58:56===> API : /api/auth/login ===> Message : loginUserResponse() invoked!
info: ===> TimeStamp : 2025-05-12 12:58:56===> API : /api/auth/login ===> Message : loginUserResponse() completed
info: ===> TimeStamp : 2025-05-12 14:44:44===> API : null ===> Message : validateRequest() invoked
info: ===> TimeStamp : 2025-05-12 14:44:44===> API : null ===> Message : fetchDBSettings()
info: ===> TimeStamp : 2025-05-12 14:44:44===> API : null ===> Message : validateRequest() Invoked!
info: ===> TimeStamp : 2025-05-12 14:44:44===> API : /api/auth/logout ===> Message : logoutUser() invoked!!
info: ===> TimeStamp : 2025-05-12 14:44:44===> API : /api/auth/logout ===> Message : logoutUser() :: Request Object :: [object Object]
info: ===> TimeStamp : 2025-05-12 14:44:44===> API : null ===> Message : validRequest() :: Api validated Successfully
info: ===> TimeStamp : 2025-05-12 14:44:44===> API : /api/auth/logout ===> Message : logoutUserDB() Invoked !
info: ===> TimeStamp : 2025-05-12 14:44:44===> API : /api/auth/logout ===> Message : logoutUserResponse() invoked!
info: ===> TimeStamp : 2025-05-12 14:44:44===> API : /api/auth/logout ===> Message : logoutUserResponse() completed
info: ===> TimeStamp : 2025-05-12 14:45:54===> API : null ===> Message : validateRequest() invoked
info: ===> TimeStamp : 2025-05-12 14:45:54===> API : null ===> Message : fetchDBSettings()
info: ===> TimeStamp : 2025-05-12 14:45:54===> API : null ===> Message : validateRequest() Invoked!
info: ===> TimeStamp : 2025-05-12 14:45:54===> API : null ===> Message : validRequest() :: Api validated Successfully
info: ===> TimeStamp : 2025-05-12 14:45:54===> API : /api/auth/logout ===> Message : logoutUser() invoked!!
info: ===> TimeStamp : 2025-05-12 14:45:54===> API : /api/auth/logout ===> Message : logoutUser() :: Request Object :: [object Object]
info: ===> TimeStamp : 2025-05-12 14:45:54===> API : /api/auth/logout ===> Message : logoutUserDB() Invoked !
info: ===> TimeStamp : 2025-05-12 14:45:54===> API : /api/auth/logout ===> Message : logoutUserResponse() invoked!
info: ===> TimeStamp : 2025-05-12 14:45:54===> API : /api/auth/logout ===> Message : logoutUserResponse() completed
info: ===> TimeStamp : 2025-05-12 14:45:58===> API : null ===> Message : validateRequest() invoked
info: ===> TimeStamp : 2025-05-12 14:45:58===> API : null ===> Message : fetchDBSettings()
info: ===> TimeStamp : 2025-05-12 14:45:58===> API : null ===> Message : validateRequest() Invoked!
info: ===> TimeStamp : 2025-05-12 14:45:58===> API : null ===> Message : validRequest() :: Api validated Successfully
info: ===> TimeStamp : 2025-05-12 14:45:58===> API : /api/auth/validateuser ===> Message : validateUser() invoked!!
info: ===> TimeStamp : 2025-05-12 14:45:58===> API : /api/auth/validateuser ===> Message : validateUser() :: Request Object :: [object Object]
info: ===> TimeStamp : 2025-05-12 14:45:58===> API : /api/auth/validateuser ===> Message : validateUserDB() Invoked !
info: ===> TimeStamp : 2025-05-12 14:45:58===> API : /api/auth/validateuser ===> Message : validateUserResponse() invoked!
info: ===> TimeStamp : 2025-05-12 14:45:58===> API : /api/auth/validateuser ===> Message : validateUserResponse() completed
info: ===> TimeStamp : 2025-05-12 14:45:58===> API : null ===> Message : validateRequest() invoked
info: ===> TimeStamp : 2025-05-12 14:45:58===> API : null ===> Message : fetchDBSettings()
info: ===> TimeStamp : 2025-05-12 14:45:58===> API : null ===> Message : validateRequest() Invoked!
info: ===> TimeStamp : 2025-05-12 14:45:58===> API : null ===> Message : validRequest() :: Api validated Successfully
info: ===> TimeStamp : 2025-05-12 14:45:58===> API : /api/auth/checkIP ===> Message : checkIP() invoked!!
info: ===> TimeStamp : 2025-05-12 14:45:58===> API : /api/auth/checkIP ===> Message : IPs match: 103.255.182.117
info: ===> TimeStamp : 2025-05-12 14:45:58===> API : /api/auth/checkIP ===> Message : checkIPResponse() invoked!
info: ===> TimeStamp : 2025-05-12 14:45:58===> API : /api/auth/checkIP ===> Message : checkIPResponse() completed
info: ===> TimeStamp : 2025-05-12 14:45:58===> API : null ===> Message : validateRequest() invoked
info: ===> TimeStamp : 2025-05-12 14:45:58===> API : null ===> Message : fetchDBSettings()
info: ===> TimeStamp : 2025-05-12 14:45:58===> API : null ===> Message : validateRequest() Invoked!
info: ===> TimeStamp : 2025-05-12 14:45:58===> API : null ===> Message : validRequest() :: Api validated Successfully
info: ===> TimeStamp : 2025-05-12 14:45:58===> API : /api/auth/login ===> Message : loginUser() invoked!!
info: ===> TimeStamp : 2025-05-12 14:45:58===> API : /api/auth/login ===> Message : loginUser() :: Request Object :: [object Object]
info: ===> TimeStamp : 2025-05-12 14:45:58===> API : /api/auth/login ===> Message : loginUserDB() Invoked !
info: ===> TimeStamp : 2025-05-12 14:45:58===> API : /api/auth/login ===> Message : loginUserResponse() invoked!
info: ===> TimeStamp : 2025-05-12 14:45:58===> API : /api/auth/login ===> Message : loginUserResponse() completed
info: ===> TimeStamp : 2025-05-12 14:51:58===> API : null ===> Message : validateRequest() invoked
info: ===> TimeStamp : 2025-05-12 14:51:58===> API : null ===> Message : fetchDBSettings()
info: ===> TimeStamp : 2025-05-12 14:51:58===> API : null ===> Message : validateRequest() Invoked!
info: ===> TimeStamp : 2025-05-12 14:51:58===> API : null ===> Message : validRequest() :: Api validated Successfully
info: ===> TimeStamp : 2025-05-12 14:51:58===> API : /api/auth/validateuser ===> Message : validateUser() invoked!!
info: ===> TimeStamp : 2025-05-12 14:51:58===> API : /api/auth/validateuser ===> Message : validateUser() :: Request Object :: [object Object]
info: ===> TimeStamp : 2025-05-12 14:51:58===> API : /api/auth/validateuser ===> Message : validateUserDB() Invoked !
info: ===> TimeStamp : 2025-05-12 14:51:58===> API : /api/auth/validateuser ===> Message : validateUserResponse() invoked!
info: ===> TimeStamp : 2025-05-12 14:51:58===> API : /api/auth/validateuser ===> Message : validateUserResponse() completed
info: ===> TimeStamp : 2025-05-12 14:51:58===> API : null ===> Message : validateRequest() invoked
info: ===> TimeStamp : 2025-05-12 14:51:58===> API : null ===> Message : fetchDBSettings()
info: ===> TimeStamp : 2025-05-12 14:51:58===> API : null ===> Message : validateRequest() Invoked!
info: ===> TimeStamp : 2025-05-12 14:51:58===> API : null ===> Message : validRequest() :: Api validated Successfully
info: ===> TimeStamp : 2025-05-12 14:51:58===> API : /api/auth/checkIP ===> Message : checkIP() invoked!!
info: ===> TimeStamp : 2025-05-12 14:51:58===> API : /api/auth/checkIP ===> Message : IPs match: 103.255.182.117
info: ===> TimeStamp : 2025-05-12 14:51:58===> API : /api/auth/checkIP ===> Message : checkIPResponse() invoked!
info: ===> TimeStamp : 2025-05-12 14:51:58===> API : /api/auth/checkIP ===> Message : checkIPResponse() completed
info: ===> TimeStamp : 2025-05-12 14:51:58===> API : null ===> Message : validateRequest() invoked
info: ===> TimeStamp : 2025-05-12 14:51:58===> API : null ===> Message : fetchDBSettings()
info: ===> TimeStamp : 2025-05-12 14:51:58===> API : null ===> Message : validateRequest() Invoked!
info: ===> TimeStamp : 2025-05-12 14:51:58===> API : null ===> Message : validRequest() :: Api validated Successfully
info: ===> TimeStamp : 2025-05-12 14:51:58===> API : /api/auth/login ===> Message : loginUser() invoked!!
info: ===> TimeStamp : 2025-05-12 14:51:58===> API : /api/auth/login ===> Message : loginUser() :: Request Object :: [object Object]
info: ===> TimeStamp : 2025-05-12 14:51:58===> API : /api/auth/login ===> Message : loginUserDB() Invoked !
info: ===> TimeStamp : 2025-05-12 14:51:59===> API : /api/auth/login ===> Message : loginUserResponse() invoked!
info: ===> TimeStamp : 2025-05-12 14:51:59===> API : /api/auth/login ===> Message : loginUserResponse() completed
info: ===> TimeStamp : 2025-05-12 14:52:02===> API : null ===> Message : validateRequest() invoked
info: ===> TimeStamp : 2025-05-12 14:52:02===> API : null ===> Message : fetchDBSettings()
info: ===> TimeStamp : 2025-05-12 14:52:02===> API : null ===> Message : validateRequest() Invoked!
info: ===> TimeStamp : 2025-05-12 14:52:03===> API : /api/auth/logout ===> Message : logoutUser() invoked!!
info: ===> TimeStamp : 2025-05-12 14:52:03===> API : null ===> Message : validRequest() :: Api validated Successfully
info: ===> TimeStamp : 2025-05-12 14:52:03===> API : /api/auth/logout ===> Message : logoutUser() :: Request Object :: [object Object]
info: ===> TimeStamp : 2025-05-12 14:52:03===> API : /api/auth/logout ===> Message : logoutUserDB() Invoked !
info: ===> TimeStamp : 2025-05-12 14:52:03===> API : /api/auth/logout ===> Message : logoutUserResponse() invoked!
info: ===> TimeStamp : 2025-05-12 14:52:03===> API : /api/auth/logout ===> Message : logoutUserResponse() completed
info: ===> TimeStamp : 2025-05-12 14:52:08===> API : null ===> Message : validateRequest() invoked
info: ===> TimeStamp : 2025-05-12 14:52:08===> API : null ===> Message : fetchDBSettings()
info: ===> TimeStamp : 2025-05-12 14:52:08===> API : null ===> Message : validateRequest() Invoked!
info: ===> TimeStamp : 2025-05-12 14:52:08===> API : null ===> Message : validRequest() :: Api validated Successfully
info: ===> TimeStamp : 2025-05-12 14:52:08===> API : /api/auth/validateuser ===> Message : validateUser() invoked!!
info: ===> TimeStamp : 2025-05-12 14:52:08===> API : /api/auth/validateuser ===> Message : validateUser() :: Request Object :: [object Object]
info: ===> TimeStamp : 2025-05-12 14:52:08===> API : /api/auth/validateuser ===> Message : validateUserDB() Invoked !
info: ===> TimeStamp : 2025-05-12 14:52:08===> API : /api/auth/validateuser ===> Message : validateUserResponse() invoked!
info: ===> TimeStamp : 2025-05-12 14:52:08===> API : /api/auth/validateuser ===> Message : validateUserResponse() completed
info: ===> TimeStamp : 2025-05-12 14:52:08===> API : null ===> Message : validateRequest() invoked
info: ===> TimeStamp : 2025-05-12 14:52:08===> API : null ===> Message : fetchDBSettings()
info: ===> TimeStamp : 2025-05-12 14:52:08===> API : null ===> Message : validateRequest() Invoked!
info: ===> TimeStamp : 2025-05-12 14:52:08===> API : null ===> Message : validRequest() :: Api validated Successfully
info: ===> TimeStamp : 2025-05-12 14:52:08===> API : /api/auth/checkIP ===> Message : checkIP() invoked!!
info: ===> TimeStamp : 2025-05-12 14:52:08===> API : /api/auth/checkIP ===> Message : IPs match: 103.255.182.117
info: ===> TimeStamp : 2025-05-12 14:52:08===> API : /api/auth/checkIP ===> Message : checkIPResponse() invoked!
info: ===> TimeStamp : 2025-05-12 14:52:08===> API : /api/auth/checkIP ===> Message : checkIPResponse() completed
info: ===> TimeStamp : 2025-05-12 14:52:08===> API : null ===> Message : validateRequest() invoked
info: ===> TimeStamp : 2025-05-12 14:52:08===> API : null ===> Message : fetchDBSettings()
info: ===> TimeStamp : 2025-05-12 14:52:08===> API : null ===> Message : validateRequest() Invoked!
info: ===> TimeStamp : 2025-05-12 14:52:08===> API : /api/auth/login ===> Message : loginUser() invoked!!
info: ===> TimeStamp : 2025-05-12 14:52:08===> API : /api/auth/login ===> Message : loginUser() :: Request Object :: [object Object]
info: ===> TimeStamp : 2025-05-12 14:52:08===> API : null ===> Message : validRequest() :: Api validated Successfully
info: ===> TimeStamp : 2025-05-12 14:52:08===> API : /api/auth/login ===> Message : loginUserDB() Invoked !
info: ===> TimeStamp : 2025-05-12 14:52:08===> API : /api/auth/login ===> Message : loginUserResponse() invoked!
info: ===> TimeStamp : 2025-05-12 14:52:08===> API : /api/auth/login ===> Message : loginUserResponse() completed
info: ===> TimeStamp : 2025-05-12 15:48:12===> API : null ===> Message : validateRequest() invoked
info: ===> TimeStamp : 2025-05-12 15:48:12===> API : null ===> Message : fetchDBSettings()
info: ===> TimeStamp : 2025-05-12 15:48:12===> API : null ===> Message : validateRequest() Invoked!
info: ===> TimeStamp : 2025-05-12 15:48:12===> API : null ===> Message : validRequest() :: Api validated Successfully
info: ===> TimeStamp : 2025-05-12 15:48:12===> API : /api/auth/logout ===> Message : logoutUser() invoked!!
info: ===> TimeStamp : 2025-05-12 15:48:12===> API : /api/auth/logout ===> Message : logoutUser() :: Request Object :: [object Object]
info: ===> TimeStamp : 2025-05-12 15:48:12===> API : /api/auth/logout ===> Message : logoutUserDB() Invoked !
info: ===> TimeStamp : 2025-05-12 15:48:12===> API : /api/auth/logout ===> Message : logoutUserResponse() invoked!
info: ===> TimeStamp : 2025-05-12 15:48:12===> API : /api/auth/logout ===> Message : logoutUserResponse() completed
info: ===> TimeStamp : 2025-05-12 15:48:26===> API : null ===> Message : validateRequest() invoked
info: ===> TimeStamp : 2025-05-12 15:48:26===> API : null ===> Message : fetchDBSettings()
info: ===> TimeStamp : 2025-05-12 15:48:26===> API : null ===> Message : validateRequest() Invoked!
info: ===> TimeStamp : 2025-05-12 15:48:26===> API : null ===> Message : validRequest() :: Api validated Successfully
info: ===> TimeStamp : 2025-05-12 15:48:26===> API : /api/auth/validateuser ===> Message : validateUser() invoked!!
info: ===> TimeStamp : 2025-05-12 15:48:26===> API : /api/auth/validateuser ===> Message : validateUser() :: Request Object :: [object Object]
info: ===> TimeStamp : 2025-05-12 15:48:26===> API : /api/auth/validateuser ===> Message : validateUserDB() Invoked !
info: ===> TimeStamp : 2025-05-12 15:48:26===> API : /api/auth/validateuser ===> Message : validateUserResponse() invoked!
info: ===> TimeStamp : 2025-05-12 15:48:26===> API : /api/auth/validateuser ===> Message : validateUserResponse() completed
info: ===> TimeStamp : 2025-05-12 15:48:26===> API : null ===> Message : validateRequest() invoked
info: ===> TimeStamp : 2025-05-12 15:48:26===> API : null ===> Message : fetchDBSettings()
info: ===> TimeStamp : 2025-05-12 15:48:26===> API : null ===> Message : validateRequest() Invoked!
info: ===> TimeStamp : 2025-05-12 15:48:26===> API : null ===> Message : validRequest() :: Api validated Successfully
info: ===> TimeStamp : 2025-05-12 15:48:26===> API : /api/auth/checkIP ===> Message : checkIP() invoked!!
info: ===> TimeStamp : 2025-05-12 15:48:26===> API : /api/auth/checkIP ===> Message : IPs match: 103.255.182.117
info: ===> TimeStamp : 2025-05-12 15:48:26===> API : /api/auth/checkIP ===> Message : checkIPResponse() invoked!
info: ===> TimeStamp : 2025-05-12 15:48:26===> API : /api/auth/checkIP ===> Message : checkIPResponse() completed
info: ===> TimeStamp : 2025-05-12 15:48:26===> API : null ===> Message : validateRequest() invoked
info: ===> TimeStamp : 2025-05-12 15:48:26===> API : null ===> Message : fetchDBSettings()
info: ===> TimeStamp : 2025-05-12 15:48:26===> API : null ===> Message : validateRequest() Invoked!
info: ===> TimeStamp : 2025-05-12 15:48:26===> API : null ===> Message : validRequest() :: Api validated Successfully
info: ===> TimeStamp : 2025-05-12 15:48:26===> API : /api/auth/login ===> Message : loginUser() invoked!!
info: ===> TimeStamp : 2025-05-12 15:48:26===> API : /api/auth/login ===> Message : loginUser() :: Request Object :: [object Object]
info: ===> TimeStamp : 2025-05-12 15:48:26===> API : /api/auth/login ===> Message : loginUserDB() Invoked !
info: ===> TimeStamp : 2025-05-12 15:48:26===> API : /api/auth/login ===> Message : loginUserResponse() invoked!
info: ===> TimeStamp : 2025-05-12 15:48:26===> API : /api/auth/login ===> Message : loginUserResponse() completed
info: ===> TimeStamp : 2025-05-12 15:51:05===> API : null ===> Message : validateRequest() invoked
info: ===> TimeStamp : 2025-05-12 15:51:05===> API : null ===> Message : fetchDBSettings()
info: ===> TimeStamp : 2025-05-12 15:51:05===> API : null ===> Message : validateRequest() Invoked!
info: ===> TimeStamp : 2025-05-12 15:51:05===> API : null ===> Message : validRequest() :: Api validated Successfully
info: ===> TimeStamp : 2025-05-12 15:51:05===> API : /api/auth/validateuser ===> Message : validateUser() invoked!!
info: ===> TimeStamp : 2025-05-12 15:51:05===> API : /api/auth/validateuser ===> Message : validateUser() :: Request Object :: [object Object]
info: ===> TimeStamp : 2025-05-12 15:51:05===> API : /api/auth/validateuser ===> Message : validateUserDB() Invoked !
info: ===> TimeStamp : 2025-05-12 15:51:05===> API : /api/auth/validateuser ===> Message : validateUserResponse() invoked!
info: ===> TimeStamp : 2025-05-12 15:51:05===> API : /api/auth/validateuser ===> Message : validateUserResponse() completed
info: ===> TimeStamp : 2025-05-12 15:51:05===> API : null ===> Message : validateRequest() invoked
info: ===> TimeStamp : 2025-05-12 15:51:05===> API : null ===> Message : fetchDBSettings()
info: ===> TimeStamp : 2025-05-12 15:51:05===> API : null ===> Message : validateRequest() Invoked!
info: ===> TimeStamp : 2025-05-12 15:51:05===> API : null ===> Message : validRequest() :: Api validated Successfully
info: ===> TimeStamp : 2025-05-12 15:51:05===> API : /api/auth/checkIP ===> Message : checkIP() invoked!!
info: ===> TimeStamp : 2025-05-12 15:51:05===> API : /api/auth/checkIP ===> Message : IPs match: 103.255.182.117
info: ===> TimeStamp : 2025-05-12 15:51:05===> API : /api/auth/checkIP ===> Message : checkIPResponse() invoked!
info: ===> TimeStamp : 2025-05-12 15:51:05===> API : /api/auth/checkIP ===> Message : checkIPResponse() completed
info: ===> TimeStamp : 2025-05-12 15:51:05===> API : null ===> Message : validateRequest() invoked
info: ===> TimeStamp : 2025-05-12 15:51:05===> API : null ===> Message : fetchDBSettings()
info: ===> TimeStamp : 2025-05-12 15:51:05===> API : null ===> Message : validateRequest() Invoked!
info: ===> TimeStamp : 2025-05-12 15:51:05===> API : null ===> Message : validRequest() :: Api validated Successfully
info: ===> TimeStamp : 2025-05-12 15:51:05===> API : /api/auth/login ===> Message : loginUser() :: Request Object :: [object Object]
info: ===> TimeStamp : 2025-05-12 15:51:05===> API : /api/auth/login ===> Message : loginUser() invoked!!
info: ===> TimeStamp : 2025-05-12 15:51:05===> API : /api/auth/login ===> Message : loginUserDB() Invoked !
info: ===> TimeStamp : 2025-05-12 15:51:05===> API : /api/auth/login ===> Message : loginUserResponse() invoked!
info: ===> TimeStamp : 2025-05-12 15:51:05===> API : /api/auth/login ===> Message : loginUserResponse() completed
info: ===> TimeStamp : 2025-05-12 16:13:26===> API : null ===> Message : validateRequest() invoked
info: ===> TimeStamp : 2025-05-12 16:13:26===> API : null ===> Message : fetchDBSettings()
info: ===> TimeStamp : 2025-05-12 16:13:26===> API : null ===> Message : validateRequest() Invoked!
info: ===> TimeStamp : 2025-05-12 16:13:26===> API : null ===> Message : validRequest() :: Api validated Successfully
info: ===> TimeStamp : 2025-05-12 16:13:26===> API : /api/auth/validateuser ===> Message : validateUser() invoked!!
info: ===> TimeStamp : 2025-05-12 16:13:26===> API : /api/auth/validateuser ===> Message : validateUser() :: Request Object :: [object Object]
info: ===> TimeStamp : 2025-05-12 16:13:26===> API : /api/auth/validateuser ===> Message : validateUserDB() Invoked !
info: ===> TimeStamp : 2025-05-12 16:13:26===> API : /api/auth/validateuser ===> Message : validateUserResponse() invoked!
info: ===> TimeStamp : 2025-05-12 16:13:26===> API : /api/auth/validateuser ===> Message : validateUserResponse() completed
info: ===> TimeStamp : 2025-05-12 16:13:26===> API : null ===> Message : validateRequest() invoked
info: ===> TimeStamp : 2025-05-12 16:13:26===> API : null ===> Message : fetchDBSettings()
info: ===> TimeStamp : 2025-05-12 16:13:26===> API : null ===> Message : validateRequest() Invoked!
info: ===> TimeStamp : 2025-05-12 16:13:26===> API : null ===> Message : validRequest() :: Api validated Successfully
info: ===> TimeStamp : 2025-05-12 16:13:26===> API : /api/auth/checkIP ===> Message : checkIP() invoked!!
info: ===> TimeStamp : 2025-05-12 16:13:26===> API : /api/auth/checkIP ===> Message : IPs match: 103.255.182.117
info: ===> TimeStamp : 2025-05-12 16:13:26===> API : /api/auth/checkIP ===> Message : checkIPResponse() invoked!
info: ===> TimeStamp : 2025-05-12 16:13:26===> API : /api/auth/checkIP ===> Message : checkIPResponse() completed
info: ===> TimeStamp : 2025-05-12 16:13:26===> API : null ===> Message : validateRequest() invoked
info: ===> TimeStamp : 2025-05-12 16:13:26===> API : null ===> Message : fetchDBSettings()
info: ===> TimeStamp : 2025-05-12 16:13:26===> API : null ===> Message : validateRequest() Invoked!
info: ===> TimeStamp : 2025-05-12 16:13:26===> API : null ===> Message : validRequest() :: Api validated Successfully
info: ===> TimeStamp : 2025-05-12 16:13:26===> API : /api/auth/login ===> Message : loginUser() invoked!!
info: ===> TimeStamp : 2025-05-12 16:13:26===> API : /api/auth/login ===> Message : loginUser() :: Request Object :: [object Object]
info: ===> TimeStamp : 2025-05-12 16:13:26===> API : /api/auth/login ===> Message : loginUserDB() Invoked !
info: ===> TimeStamp : 2025-05-12 16:13:27===> API : /api/auth/login ===> Message : loginUserResponse() invoked!
info: ===> TimeStamp : 2025-05-12 16:13:27===> API : /api/auth/login ===> Message : loginUserResponse() completed
info: ===> TimeStamp : 2025-05-12 16:22:41===> API : null ===> Message : validateRequest() invoked
info: ===> TimeStamp : 2025-05-12 16:22:41===> API : null ===> Message : fetchDBSettings()
info: ===> TimeStamp : 2025-05-12 16:22:41===> API : null ===> Message : validateRequest() Invoked!
info: ===> TimeStamp : 2025-05-12 16:22:41===> API : null ===> Message : validRequest() :: Api validated Successfully
info: ===> TimeStamp : 2025-05-12 16:22:41===> API : /api/auth/validateuser ===> Message : validateUser() invoked!!
info: ===> TimeStamp : 2025-05-12 16:22:41===> API : /api/auth/validateuser ===> Message : validateUser() :: Request Object :: [object Object]
info: ===> TimeStamp : 2025-05-12 16:22:41===> API : /api/auth/validateuser ===> Message : validateUserDB() Invoked !
info: ===> TimeStamp : 2025-05-12 16:22:41===> API : /api/auth/validateuser ===> Message : validateUserResponse() invoked!
info: ===> TimeStamp : 2025-05-12 16:22:41===> API : /api/auth/validateuser ===> Message : validateUserResponse() completed
info: ===> TimeStamp : 2025-05-12 16:22:41===> API : null ===> Message : validateRequest() invoked
info: ===> TimeStamp : 2025-05-12 16:22:41===> API : null ===> Message : fetchDBSettings()
info: ===> TimeStamp : 2025-05-12 16:22:41===> API : null ===> Message : validateRequest() Invoked!
info: ===> TimeStamp : 2025-05-12 16:22:41===> API : null ===> Message : validRequest() :: Api validated Successfully
info: ===> TimeStamp : 2025-05-12 16:22:41===> API : /api/auth/checkIP ===> Message : checkIP() invoked!!
info: ===> TimeStamp : 2025-05-12 16:22:41===> API : /api/auth/checkIP ===> Message : IPs match: 103.255.182.117
info: ===> TimeStamp : 2025-05-12 16:22:41===> API : /api/auth/checkIP ===> Message : checkIPResponse() invoked!
info: ===> TimeStamp : 2025-05-12 16:22:41===> API : /api/auth/checkIP ===> Message : checkIPResponse() completed
info: ===> TimeStamp : 2025-05-12 16:22:41===> API : null ===> Message : validateRequest() invoked
info: ===> TimeStamp : 2025-05-12 16:22:41===> API : null ===> Message : fetchDBSettings()
info: ===> TimeStamp : 2025-05-12 16:22:41===> API : null ===> Message : validateRequest() Invoked!
info: ===> TimeStamp : 2025-05-12 16:22:41===> API : null ===> Message : validRequest() :: Api validated Successfully
info: ===> TimeStamp : 2025-05-12 16:22:41===> API : /api/auth/login ===> Message : loginUser() invoked!!
info: ===> TimeStamp : 2025-05-12 16:22:41===> API : /api/auth/login ===> Message : loginUser() :: Request Object :: [object Object]
info: ===> TimeStamp : 2025-05-12 16:22:41===> API : /api/auth/login ===> Message : loginUserDB() Invoked !
info: ===> TimeStamp : 2025-05-12 16:22:41===> API : /api/auth/login ===> Message : loginUserResponse() invoked!
info: ===> TimeStamp : 2025-05-12 16:22:41===> API : /api/auth/login ===> Message : loginUserResponse() completed
info: ===> TimeStamp : 2025-05-12 18:03:17===> API : null ===> Message : validateRequest() invoked
info: ===> TimeStamp : 2025-05-12 18:03:17===> API : null ===> Message : validateRequest() Error:: Invalid Request :: 
      {"apiUri":"/"}
info: ===> TimeStamp : 2025-05-12 18:14:17===> API : null ===> Message : validateRequest() invoked
info: ===> TimeStamp : 2025-05-12 18:14:17===> API : null ===> Message : fetchDBSettings()
info: ===> TimeStamp : 2025-05-12 18:14:17===> API : null ===> Message : validateRequest() Invoked!
info: ===> TimeStamp : 2025-05-12 18:14:17===> API : null ===> Message : validRequest() :: Api validated Successfully
info: ===> TimeStamp : 2025-05-12 18:14:17===> API : /api/auth/validateuser ===> Message : validateUser() invoked!!
info: ===> TimeStamp : 2025-05-12 18:14:17===> API : /api/auth/validateuser ===> Message : validateUser() :: Request Object :: [object Object]
info: ===> TimeStamp : 2025-05-12 18:14:17===> API : /api/auth/validateuser ===> Message : validateUserDB() Invoked !
info: ===> TimeStamp : 2025-05-12 18:14:17===> API : /api/auth/validateuser ===> Message : validateUserResponse() invoked!
info: ===> TimeStamp : 2025-05-12 18:14:17===> API : /api/auth/validateuser ===> Message : validateUserResponse() completed
info: ===> TimeStamp : 2025-05-12 18:14:17===> API : null ===> Message : validateRequest() invoked
info: ===> TimeStamp : 2025-05-12 18:14:17===> API : null ===> Message : fetchDBSettings()
info: ===> TimeStamp : 2025-05-12 18:14:17===> API : null ===> Message : validateRequest() Invoked!
info: ===> TimeStamp : 2025-05-12 18:14:17===> API : null ===> Message : validRequest() :: Api validated Successfully
info: ===> TimeStamp : 2025-05-12 18:14:17===> API : /api/auth/login ===> Message : loginUser() invoked!!
info: ===> TimeStamp : 2025-05-12 18:14:17===> API : /api/auth/login ===> Message : loginUser() :: Request Object :: [object Object]
info: ===> TimeStamp : 2025-05-12 18:14:17===> API : /api/auth/login ===> Message : loginUserDB() Invoked !
info: ===> TimeStamp : 2025-05-12 18:14:17===> API : /api/auth/login ===> Message : loginUserResponse() invoked!
info: ===> TimeStamp : 2025-05-12 18:14:17===> API : /api/auth/login ===> Message : loginUserResponse() completed
info: ===> TimeStamp : 2025-05-12 18:34:20===> API : null ===> Message : validateRequest() invoked
info: ===> TimeStamp : 2025-05-12 18:34:20===> API : null ===> Message : fetchDBSettings()
info: ===> TimeStamp : 2025-05-12 18:34:20===> API : null ===> Message : validateRequest() Invoked!
info: ===> TimeStamp : 2025-05-12 18:34:20===> API : null ===> Message : validRequest() :: Api validated Successfully
info: ===> TimeStamp : 2025-05-12 18:34:20===> API : /api/auth/validateuser ===> Message : validateUser() invoked!!
info: ===> TimeStamp : 2025-05-12 18:34:20===> API : /api/auth/validateuser ===> Message : validateUser() :: Request Object :: [object Object]
info: ===> TimeStamp : 2025-05-12 18:34:20===> API : /api/auth/validateuser ===> Message : validateUserDB() Invoked !
info: ===> TimeStamp : 2025-05-12 18:34:20===> API : /api/auth/validateuser ===> Message : validateUserResponse() invoked!
info: ===> TimeStamp : 2025-05-12 18:34:20===> API : /api/auth/validateuser ===> Message : validateUserResponse() completed
info: ===> TimeStamp : 2025-05-12 18:34:20===> API : null ===> Message : validateRequest() invoked
info: ===> TimeStamp : 2025-05-12 18:34:20===> API : null ===> Message : fetchDBSettings()
info: ===> TimeStamp : 2025-05-12 18:34:20===> API : null ===> Message : validateRequest() Invoked!
info: ===> TimeStamp : 2025-05-12 18:34:20===> API : null ===> Message : validRequest() :: Api validated Successfully
info: ===> TimeStamp : 2025-05-12 18:34:20===> API : /api/auth/checkIP ===> Message : checkIP() invoked!!
info: ===> TimeStamp : 2025-05-12 18:34:20===> API : /api/auth/checkIP ===> Message : IPs match: 103.255.182.117
info: ===> TimeStamp : 2025-05-12 18:34:20===> API : /api/auth/checkIP ===> Message : checkIPResponse() invoked!
info: ===> TimeStamp : 2025-05-12 18:34:20===> API : /api/auth/checkIP ===> Message : checkIPResponse() completed
info: ===> TimeStamp : 2025-05-12 18:34:20===> API : null ===> Message : validateRequest() invoked
info: ===> TimeStamp : 2025-05-12 18:34:20===> API : null ===> Message : fetchDBSettings()
info: ===> TimeStamp : 2025-05-12 18:34:20===> API : null ===> Message : validateRequest() Invoked!
info: ===> TimeStamp : 2025-05-12 18:34:20===> API : null ===> Message : validRequest() :: Api validated Successfully
info: ===> TimeStamp : 2025-05-12 18:34:20===> API : /api/auth/login ===> Message : loginUser() :: Request Object :: [object Object]
info: ===> TimeStamp : 2025-05-12 18:34:20===> API : /api/auth/login ===> Message : loginUser() invoked!!
info: ===> TimeStamp : 2025-05-12 18:34:20===> API : /api/auth/login ===> Message : loginUserDB() Invoked !
info: ===> TimeStamp : 2025-05-12 18:34:20===> API : /api/auth/login ===> Message : loginUserResponse() invoked!
info: ===> TimeStamp : 2025-05-12 18:34:20===> API : /api/auth/login ===> Message : loginUserResponse() completed
info: ===> TimeStamp : 2025-05-12 18:45:55===> API : null ===> Message : validateRequest() invoked
info: ===> TimeStamp : 2025-05-12 18:45:55===> API : null ===> Message : validateRequest() Error:: Invalid Request :: 
      {"apiUri":"/pdown"}
info: ===> TimeStamp : 2025-05-12 19:03:30===> API : null ===> Message : validateRequest() invoked
info: ===> TimeStamp : 2025-05-12 19:03:30===> API : null ===> Message : fetchDBSettings()
info: ===> TimeStamp : 2025-05-12 19:03:30===> API : null ===> Message : validateRequest() Invoked!
info: ===> TimeStamp : 2025-05-12 19:03:30===> API : null ===> Message : validRequest() :: Api validated Successfully
info: ===> TimeStamp : 2025-05-12 19:03:30===> API : /api/auth/validateuser ===> Message : validateUser() invoked!!
info: ===> TimeStamp : 2025-05-12 19:03:30===> API : /api/auth/validateuser ===> Message : validateUser() :: Request Object :: [object Object]
info: ===> TimeStamp : 2025-05-12 19:03:30===> API : /api/auth/validateuser ===> Message : validateUserDB() Invoked !
info: ===> TimeStamp : 2025-05-12 19:03:30===> API : /api/auth/validateuser ===> Message : validateUserResponse() invoked!
info: ===> TimeStamp : 2025-05-12 19:03:30===> API : /api/auth/validateuser ===> Message : validateUserResponse() completed
info: ===> TimeStamp : 2025-05-12 19:03:30===> API : null ===> Message : validateRequest() invoked
info: ===> TimeStamp : 2025-05-12 19:03:30===> API : null ===> Message : fetchDBSettings()
info: ===> TimeStamp : 2025-05-12 19:03:30===> API : null ===> Message : validateRequest() Invoked!
info: ===> TimeStamp : 2025-05-12 19:03:30===> API : null ===> Message : validRequest() :: Api validated Successfully
info: ===> TimeStamp : 2025-05-12 19:03:30===> API : /api/auth/login ===> Message : loginUser() invoked!!
info: ===> TimeStamp : 2025-05-12 19:03:30===> API : /api/auth/login ===> Message : loginUser() :: Request Object :: [object Object]
info: ===> TimeStamp : 2025-05-12 19:03:30===> API : /api/auth/login ===> Message : loginUserDB() Invoked !
info: ===> TimeStamp : 2025-05-12 19:03:30===> API : /api/auth/login ===> Message : loginUserResponse() invoked!
info: ===> TimeStamp : 2025-05-12 19:03:30===> API : /api/auth/login ===> Message : loginUserResponse() completed
info: ===> TimeStamp : 2025-05-12 21:07:47===> API : null ===> Message : validateRequest() invoked
info: ===> TimeStamp : 2025-05-12 21:07:47===> API : null ===> Message : fetchDBSettings()
info: ===> TimeStamp : 2025-05-12 21:07:47===> API : null ===> Message : validateRequest() Invoked!
info: ===> TimeStamp : 2025-05-12 21:07:47===> API : null ===> Message : validRequest() :: Api validated Successfully
info: ===> TimeStamp : 2025-05-12 21:07:47===> API : /api/auth/validateuser ===> Message : validateUser() invoked!!
info: ===> TimeStamp : 2025-05-12 21:07:47===> API : /api/auth/validateuser ===> Message : validateUser() :: Request Object :: [object Object]
info: ===> TimeStamp : 2025-05-12 21:07:47===> API : /api/auth/validateuser ===> Message : validateUserDB() Invoked !
info: ===> TimeStamp : 2025-05-12 21:07:47===> API : /api/auth/validateuser ===> Message : validateUserResponse() invoked!
info: ===> TimeStamp : 2025-05-12 21:07:47===> API : /api/auth/validateuser ===> Message : validateUserResponse() completed
info: ===> TimeStamp : 2025-05-12 21:07:47===> API : null ===> Message : validateRequest() invoked
info: ===> TimeStamp : 2025-05-12 21:07:47===> API : null ===> Message : fetchDBSettings()
info: ===> TimeStamp : 2025-05-12 21:07:47===> API : null ===> Message : validateRequest() Invoked!
info: ===> TimeStamp : 2025-05-12 21:07:47===> API : null ===> Message : validRequest() :: Api validated Successfully
info: ===> TimeStamp : 2025-05-12 21:07:47===> API : /api/auth/login ===> Message : loginUser() invoked!!
info: ===> TimeStamp : 2025-05-12 21:07:47===> API : /api/auth/login ===> Message : loginUser() :: Request Object :: [object Object]
info: ===> TimeStamp : 2025-05-12 21:07:47===> API : /api/auth/login ===> Message : loginUserDB() Invoked !
info: ===> TimeStamp : 2025-05-12 21:07:47===> API : /api/auth/login ===> Message : loginUserResponse() invoked!
info: ===> TimeStamp : 2025-05-12 21:07:47===> API : /api/auth/login ===> Message : loginUserResponse() completed
info: ===> TimeStamp : 2025-05-12 21:22:45===> API : null ===> Message : validateRequest() invoked
info: ===> TimeStamp : 2025-05-12 21:22:45===> API : null ===> Message : fetchDBSettings()
info: ===> TimeStamp : 2025-05-12 21:22:45===> API : null ===> Message : validateRequest() Invoked!
info: ===> TimeStamp : 2025-05-12 21:22:45===> API : null ===> Message : validRequest() :: Api validated Successfully
info: ===> TimeStamp : 2025-05-12 21:22:45===> API : /api/auth/validateuser ===> Message : validateUser() invoked!!
info: ===> TimeStamp : 2025-05-12 21:22:45===> API : /api/auth/validateuser ===> Message : validateUser() :: Request Object :: [object Object]
info: ===> TimeStamp : 2025-05-12 21:22:45===> API : /api/auth/validateuser ===> Message : validateUserDB() Invoked !
info: ===> TimeStamp : 2025-05-12 21:22:45===> API : /api/auth/validateuser ===> Message : validateUserResponse() invoked!
info: ===> TimeStamp : 2025-05-12 21:22:45===> API : /api/auth/validateuser ===> Message : validateUserResponse() completed
info: ===> TimeStamp : 2025-05-12 21:22:45===> API : null ===> Message : validateRequest() invoked
info: ===> TimeStamp : 2025-05-12 21:22:45===> API : null ===> Message : fetchDBSettings()
info: ===> TimeStamp : 2025-05-12 21:22:45===> API : null ===> Message : validateRequest() Invoked!
info: ===> TimeStamp : 2025-05-12 21:22:45===> API : null ===> Message : validRequest() :: Api validated Successfully
info: ===> TimeStamp : 2025-05-12 21:22:45===> API : /api/auth/login ===> Message : loginUser() :: Request Object :: [object Object]
info: ===> TimeStamp : 2025-05-12 21:22:45===> API : /api/auth/login ===> Message : loginUser() invoked!!
info: ===> TimeStamp : 2025-05-12 21:22:45===> API : /api/auth/login ===> Message : loginUserDB() Invoked !
info: ===> TimeStamp : 2025-05-12 21:22:45===> API : /api/auth/login ===> Message : loginUserResponse() invoked!
info: ===> TimeStamp : 2025-05-12 21:22:45===> API : /api/auth/login ===> Message : loginUserResponse() completed
info: ===> TimeStamp : 2025-05-12 21:36:51===> API : null ===> Message : validateRequest() invoked
info: ===> TimeStamp : 2025-05-12 21:36:51===> API : null ===> Message : validateRequest() Error:: Invalid Request :: 
      {"apiUri":"/"}
info: ===> TimeStamp : 2025-05-12 21:36:54===> API : null ===> Message : validateRequest() invoked
info: ===> TimeStamp : 2025-05-12 21:36:54===> API : null ===> Message : validateRequest() Error:: Invalid Request :: 
      {"apiUri":"/"}
info: ===> TimeStamp : 2025-05-12 21:36:55===> API : null ===> Message : validateRequest() invoked
info: ===> TimeStamp : 2025-05-12 21:36:55===> API : null ===> Message : validateRequest() Error:: Invalid Request :: 
      {"apiUri":"/@vite/env"}
info: ===> TimeStamp : 2025-05-12 21:36:55===> API : null ===> Message : validateRequest() invoked
info: ===> TimeStamp : 2025-05-12 21:36:55===> API : null ===> Message : validateRequest() Error:: Invalid Request :: 
      {"apiUri":"/actuator/env"}
info: ===> TimeStamp : 2025-05-12 21:36:56===> API : null ===> Message : validateRequest() invoked
info: ===> TimeStamp : 2025-05-12 21:36:56===> API : null ===> Message : validateRequest() Error:: Invalid Request :: 
      {"apiUri":"/php-cgi/php-cgi.exe"}
info: ===> TimeStamp : 2025-05-12 21:36:56===> API : null ===> Message : validateRequest() invoked
info: ===> TimeStamp : 2025-05-12 21:36:56===> API : null ===> Message : validateRequest() Error:: Invalid Request :: 
      {"apiUri":"/server"}
info: ===> TimeStamp : 2025-05-12 21:36:57===> API : null ===> Message : validateRequest() invoked
info: ===> TimeStamp : 2025-05-12 21:36:57===> API : null ===> Message : validateRequest() Error:: Invalid Request :: 
      {"apiUri":"/.vscode/sftp.json"}
info: ===> TimeStamp : 2025-05-12 21:36:57===> API : null ===> Message : validateRequest() invoked
info: ===> TimeStamp : 2025-05-12 21:36:57===> API : null ===> Message : validateRequest() Error:: Invalid Request :: 
      {"apiUri":"/about"}
info: ===> TimeStamp : 2025-05-12 21:36:57===> API : null ===> Message : validateRequest() invoked
info: ===> TimeStamp : 2025-05-12 21:36:57===> API : null ===> Message : validateRequest() Error:: Invalid Request :: 
      {"apiUri":"/debug/default/view"}
info: ===> TimeStamp : 2025-05-12 21:36:58===> API : null ===> Message : validateRequest() invoked
info: ===> TimeStamp : 2025-05-12 21:36:58===> API : null ===> Message : validateRequest() Error:: Invalid Request :: 
      {"apiUri":"/v2/_catalog"}
info: ===> TimeStamp : 2025-05-12 21:36:58===> API : null ===> Message : validateRequest() invoked
info: ===> TimeStamp : 2025-05-12 21:36:58===> API : null ===> Message : validateRequest() Error:: Invalid Request :: 
      {"apiUri":"/ecp/Current/exporttool/microsoft.exchange.ediscovery.exporttool.application"}
info: ===> TimeStamp : 2025-05-12 21:36:59===> API : null ===> Message : validateRequest() invoked
info: ===> TimeStamp : 2025-05-12 21:36:59===> API : null ===> Message : validateRequest() Error:: Invalid Request :: 
      {"apiUri":"/server-status"}
info: ===> TimeStamp : 2025-05-12 21:36:59===> API : null ===> Message : validateRequest() invoked
info: ===> TimeStamp : 2025-05-12 21:36:59===> API : null ===> Message : validateRequest() Error:: Invalid Request :: 
      {"apiUri":"/login.action"}
info: ===> TimeStamp : 2025-05-12 21:37:00===> API : null ===> Message : validateRequest() invoked
info: ===> TimeStamp : 2025-05-12 21:37:00===> API : null ===> Message : validateRequest() Error:: Invalid Request :: 
      {"apiUri":"/_all_dbs"}
info: ===> TimeStamp : 2025-05-12 21:37:00===> API : null ===> Message : validateRequest() invoked
info: ===> TimeStamp : 2025-05-12 21:37:00===> API : null ===> Message : validateRequest() Error:: Invalid Request :: 
      {"apiUri":"/.DS_Store"}
info: ===> TimeStamp : 2025-05-12 21:37:00===> API : null ===> Message : validateRequest() invoked
info: ===> TimeStamp : 2025-05-12 21:37:00===> API : null ===> Message : validateRequest() Error:: Invalid Request :: 
      {"apiUri":"/.env"}
info: ===> TimeStamp : 2025-05-12 21:37:01===> API : null ===> Message : validateRequest() invoked
info: ===> TimeStamp : 2025-05-12 21:37:01===> API : null ===> Message : validateRequest() Error:: Invalid Request :: 
      {"apiUri":"/.git/config"}
info: ===> TimeStamp : 2025-05-12 21:37:01===> API : null ===> Message : validateRequest() invoked
info: ===> TimeStamp : 2025-05-12 21:37:01===> API : null ===> Message : validateRequest() Error:: Invalid Request :: 
      {"apiUri":"/s/535313e27313e273e233/_/;/META-INF/maven/com.atlassian.jira/jira-webapp-dist/pom.properties"}
info: ===> TimeStamp : 2025-05-12 21:37:02===> API : null ===> Message : validateRequest() invoked
info: ===> TimeStamp : 2025-05-12 21:37:02===> API : null ===> Message : validateRequest() Error:: Invalid Request :: 
      {"apiUri":"/config.json"}
info: ===> TimeStamp : 2025-05-12 21:37:02===> API : null ===> Message : validateRequest() invoked
info: ===> TimeStamp : 2025-05-12 21:37:02===> API : null ===> Message : validateRequest() Error:: Invalid Request :: 
      {"apiUri":"/telescope/requests"}
info: ===> TimeStamp : 2025-05-12 21:37:02===> API : null ===> Message : validateRequest() invoked
info: ===> TimeStamp : 2025-05-12 21:37:02===> API : null ===> Message : validateRequest() Error:: Invalid Request :: 
      {"apiUri":"/info.php"}
info: ===> TimeStamp : 2025-05-12 21:37:03===> API : null ===> Message : validateRequest() invoked
info: ===> TimeStamp : 2025-05-12 21:37:03===> API : null ===> Message : validateRequest() Error:: Invalid Request :: 
      {"apiUri":"/"}
info: ===> TimeStamp : 2025-05-12 21:42:06===> API : null ===> Message : validateRequest() invoked
info: ===> TimeStamp : 2025-05-12 21:42:06===> API : null ===> Message : fetchDBSettings()
info: ===> TimeStamp : 2025-05-12 21:42:06===> API : null ===> Message : validateRequest() Invoked!
info: ===> TimeStamp : 2025-05-12 21:42:06===> API : null ===> Message : validRequest() :: Api validated Successfully
info: ===> TimeStamp : 2025-05-12 21:42:06===> API : /api/auth/logout ===> Message : logoutUser() invoked!!
info: ===> TimeStamp : 2025-05-12 21:42:06===> API : /api/auth/logout ===> Message : logoutUser() :: Request Object :: [object Object]
info: ===> TimeStamp : 2025-05-12 21:42:06===> API : /api/auth/logout ===> Message : logoutUserDB() Invoked !
info: ===> TimeStamp : 2025-05-12 21:42:06===> API : /api/auth/logout ===> Message : logoutUserResponse() invoked!
info: ===> TimeStamp : 2025-05-12 21:42:06===> API : /api/auth/logout ===> Message : logoutUserResponse() completed
info: ===> TimeStamp : 2025-05-12 21:43:43===> API : null ===> Message : validateRequest() invoked
info: ===> TimeStamp : 2025-05-12 21:43:43===> API : null ===> Message : fetchDBSettings()
info: ===> TimeStamp : 2025-05-12 21:43:43===> API : null ===> Message : validateRequest() Invoked!
info: ===> TimeStamp : 2025-05-12 21:43:43===> API : null ===> Message : validRequest() :: Api validated Successfully
info: ===> TimeStamp : 2025-05-12 21:43:43===> API : /api/auth/logout ===> Message : logoutUser() invoked!!
info: ===> TimeStamp : 2025-05-12 21:43:43===> API : /api/auth/logout ===> Message : logoutUser() :: Request Object :: [object Object]
info: ===> TimeStamp : 2025-05-12 21:43:43===> API : /api/auth/logout ===> Message : logoutUserDB() Invoked !
info: ===> TimeStamp : 2025-05-12 21:43:43===> API : /api/auth/logout ===> Message : logoutUserResponse() invoked!
info: ===> TimeStamp : 2025-05-12 21:43:43===> API : /api/auth/logout ===> Message : logoutUserResponse() completed
info: ===> TimeStamp : 2025-05-12 21:43:49===> API : null ===> Message : validateRequest() invoked
info: ===> TimeStamp : 2025-05-12 21:43:49===> API : null ===> Message : fetchDBSettings()
info: ===> TimeStamp : 2025-05-12 21:43:49===> API : null ===> Message : validateRequest() Invoked!
info: ===> TimeStamp : 2025-05-12 21:43:49===> API : null ===> Message : validRequest() :: Api validated Successfully
info: ===> TimeStamp : 2025-05-12 21:43:49===> API : /api/auth/validateuser ===> Message : validateUser() invoked!!
info: ===> TimeStamp : 2025-05-12 21:43:49===> API : /api/auth/validateuser ===> Message : validateUser() :: Request Object :: [object Object]
info: ===> TimeStamp : 2025-05-12 21:43:49===> API : /api/auth/validateuser ===> Message : validateUserDB() Invoked !
info: ===> TimeStamp : 2025-05-12 21:43:49===> API : /api/auth/validateuser ===> Message : validateUserResponse() invoked!
info: ===> TimeStamp : 2025-05-12 21:43:49===> API : /api/auth/validateuser ===> Message : validateUserResponse() completed
info: ===> TimeStamp : 2025-05-12 21:43:49===> API : null ===> Message : validateRequest() invoked
info: ===> TimeStamp : 2025-05-12 21:43:49===> API : null ===> Message : fetchDBSettings()
info: ===> TimeStamp : 2025-05-12 21:43:49===> API : null ===> Message : validateRequest() Invoked!
info: ===> TimeStamp : 2025-05-12 21:43:49===> API : null ===> Message : validRequest() :: Api validated Successfully
info: ===> TimeStamp : 2025-05-12 21:43:49===> API : /api/auth/checkIP ===> Message : checkIP() invoked!!
info: ===> TimeStamp : 2025-05-12 21:43:49===> API : /api/auth/checkIP ===> Message : IPs match: 103.255.182.117
info: ===> TimeStamp : 2025-05-12 21:43:49===> API : /api/auth/checkIP ===> Message : checkIPResponse() invoked!
info: ===> TimeStamp : 2025-05-12 21:43:49===> API : /api/auth/checkIP ===> Message : checkIPResponse() completed
info: ===> TimeStamp : 2025-05-12 21:43:49===> API : null ===> Message : validateRequest() invoked
info: ===> TimeStamp : 2025-05-12 21:43:49===> API : null ===> Message : fetchDBSettings()
info: ===> TimeStamp : 2025-05-12 21:43:49===> API : null ===> Message : validateRequest() Invoked!
info: ===> TimeStamp : 2025-05-12 21:43:49===> API : /api/auth/login ===> Message : loginUser() invoked!!
info: ===> TimeStamp : 2025-05-12 21:43:49===> API : null ===> Message : validRequest() :: Api validated Successfully
info: ===> TimeStamp : 2025-05-12 21:43:49===> API : /api/auth/login ===> Message : loginUser() :: Request Object :: [object Object]
info: ===> TimeStamp : 2025-05-12 21:43:49===> API : /api/auth/login ===> Message : loginUserDB() Invoked !
info: ===> TimeStamp : 2025-05-12 21:43:49===> API : /api/auth/login ===> Message : loginUserResponse() invoked!
info: ===> TimeStamp : 2025-05-12 21:43:49===> API : /api/auth/login ===> Message : loginUserResponse() completed
info: ===> TimeStamp : 2025-05-12 21:44:26===> API : null ===> Message : validateRequest() invoked
info: ===> TimeStamp : 2025-05-12 21:44:26===> API : null ===> Message : fetchDBSettings()
info: ===> TimeStamp : 2025-05-12 21:44:26===> API : null ===> Message : validateRequest() Invoked!
info: ===> TimeStamp : 2025-05-12 21:44:26===> API : null ===> Message : validRequest() :: Api validated Successfully
info: ===> TimeStamp : 2025-05-12 21:44:26===> API : /api/auth/validateuser ===> Message : validateUser() invoked!!
info: ===> TimeStamp : 2025-05-12 21:44:26===> API : /api/auth/validateuser ===> Message : validateUser() :: Request Object :: [object Object]
info: ===> TimeStamp : 2025-05-12 21:44:26===> API : /api/auth/validateuser ===> Message : validateUserDB() Invoked !
info: ===> TimeStamp : 2025-05-12 21:44:26===> API : /api/auth/validateuser ===> Message : validateUserResponse() invoked!
info: ===> TimeStamp : 2025-05-12 21:44:26===> API : /api/auth/validateuser ===> Message : validateUserResponse() completed
info: ===> TimeStamp : 2025-05-12 21:44:26===> API : null ===> Message : validateRequest() invoked
info: ===> TimeStamp : 2025-05-12 21:44:26===> API : null ===> Message : fetchDBSettings()
info: ===> TimeStamp : 2025-05-12 21:44:26===> API : null ===> Message : validateRequest() Invoked!
info: ===> TimeStamp : 2025-05-12 21:44:26===> API : null ===> Message : validRequest() :: Api validated Successfully
info: ===> TimeStamp : 2025-05-12 21:44:26===> API : /api/auth/checkIP ===> Message : IPs match: 103.255.182.117
info: ===> TimeStamp : 2025-05-12 21:44:26===> API : /api/auth/checkIP ===> Message : checkIPResponse() invoked!
info: ===> TimeStamp : 2025-05-12 21:44:26===> API : /api/auth/checkIP ===> Message : checkIP() invoked!!
info: ===> TimeStamp : 2025-05-12 21:44:26===> API : /api/auth/checkIP ===> Message : checkIPResponse() completed
info: ===> TimeStamp : 2025-05-12 21:44:26===> API : null ===> Message : validateRequest() invoked
info: ===> TimeStamp : 2025-05-12 21:44:26===> API : null ===> Message : fetchDBSettings()
info: ===> TimeStamp : 2025-05-12 21:44:26===> API : null ===> Message : validateRequest() Invoked!
info: ===> TimeStamp : 2025-05-12 21:44:26===> API : null ===> Message : validRequest() :: Api validated Successfully
info: ===> TimeStamp : 2025-05-12 21:44:26===> API : /api/auth/login ===> Message : loginUser() invoked!!
info: ===> TimeStamp : 2025-05-12 21:44:26===> API : /api/auth/login ===> Message : loginUser() :: Request Object :: [object Object]
info: ===> TimeStamp : 2025-05-12 21:44:26===> API : /api/auth/login ===> Message : loginUserDB() Invoked !
info: ===> TimeStamp : 2025-05-12 21:44:26===> API : /api/auth/login ===> Message : loginUserResponse() invoked!
info: ===> TimeStamp : 2025-05-12 21:44:26===> API : /api/auth/login ===> Message : loginUserResponse() completed
info: ===> TimeStamp : 2025-05-12 21:47:11===> API : null ===> Message : validateRequest() invoked
info: ===> TimeStamp : 2025-05-12 21:47:11===> API : null ===> Message : fetchDBSettings()
info: ===> TimeStamp : 2025-05-12 21:47:11===> API : null ===> Message : validateRequest() Invoked!
info: ===> TimeStamp : 2025-05-12 21:47:11===> API : null ===> Message : validRequest() :: Api validated Successfully
info: ===> TimeStamp : 2025-05-12 21:47:11===> API : /api/auth/validateuser ===> Message : validateUser() :: Request Object :: [object Object]
info: ===> TimeStamp : 2025-05-12 21:47:11===> API : /api/auth/validateuser ===> Message : validateUser() invoked!!
info: ===> TimeStamp : 2025-05-12 21:47:11===> API : /api/auth/validateuser ===> Message : validateUserDB() Invoked !
info: ===> TimeStamp : 2025-05-12 21:47:11===> API : /api/auth/validateuser ===> Message : validateUserResponse() invoked!
info: ===> TimeStamp : 2025-05-12 21:47:11===> API : /api/auth/validateuser ===> Message : validateUserResponse() completed
info: ===> TimeStamp : 2025-05-12 21:47:11===> API : null ===> Message : validateRequest() invoked
info: ===> TimeStamp : 2025-05-12 21:47:11===> API : null ===> Message : fetchDBSettings()
info: ===> TimeStamp : 2025-05-12 21:47:11===> API : null ===> Message : validateRequest() Invoked!
info: ===> TimeStamp : 2025-05-12 21:47:11===> API : null ===> Message : validRequest() :: Api validated Successfully
info: ===> TimeStamp : 2025-05-12 21:47:11===> API : /api/auth/login ===> Message : loginUser() invoked!!
info: ===> TimeStamp : 2025-05-12 21:47:11===> API : /api/auth/login ===> Message : loginUser() :: Request Object :: [object Object]
info: ===> TimeStamp : 2025-05-12 21:47:11===> API : /api/auth/login ===> Message : loginUserDB() Invoked !
info: ===> TimeStamp : 2025-05-12 21:47:11===> API : /api/auth/login ===> Message : loginUserResponse() invoked!
info: ===> TimeStamp : 2025-05-12 21:47:11===> API : /api/auth/login ===> Message : loginUserResponse() completed
info: ===> TimeStamp : 2025-05-12 21:47:48===> API : null ===> Message : validateRequest() invoked
info: ===> TimeStamp : 2025-05-12 21:47:48===> API : null ===> Message : fetchDBSettings()
info: ===> TimeStamp : 2025-05-12 21:47:48===> API : null ===> Message : validateRequest() Invoked!
info: ===> TimeStamp : 2025-05-12 21:47:48===> API : null ===> Message : validRequest() :: Api validated Successfully
info: ===> TimeStamp : 2025-05-12 21:47:48===> API : /api/auth/validateuser ===> Message : validateUser() invoked!!
info: ===> TimeStamp : 2025-05-12 21:47:48===> API : /api/auth/validateuser ===> Message : validateUser() :: Request Object :: [object Object]
info: ===> TimeStamp : 2025-05-12 21:47:48===> API : /api/auth/validateuser ===> Message : validateUserDB() Invoked !
info: ===> TimeStamp : 2025-05-12 21:47:49===> API : /api/auth/validateuser ===> Message : validateUserResponse() invoked!
info: ===> TimeStamp : 2025-05-12 21:47:49===> API : /api/auth/validateuser ===> Message : validateUserResponse() completed
info: ===> TimeStamp : 2025-05-12 21:47:49===> API : null ===> Message : validateRequest() invoked
info: ===> TimeStamp : 2025-05-12 21:47:49===> API : null ===> Message : fetchDBSettings()
info: ===> TimeStamp : 2025-05-12 21:47:49===> API : null ===> Message : validateRequest() Invoked!
info: ===> TimeStamp : 2025-05-12 21:47:49===> API : null ===> Message : validRequest() :: Api validated Successfully
info: ===> TimeStamp : 2025-05-12 21:47:49===> API : /api/auth/login ===> Message : loginUser() invoked!!
info: ===> TimeStamp : 2025-05-12 21:47:49===> API : /api/auth/login ===> Message : loginUser() :: Request Object :: [object Object]
info: ===> TimeStamp : 2025-05-12 21:47:49===> API : /api/auth/login ===> Message : loginUserDB() Invoked !
info: ===> TimeStamp : 2025-05-12 21:47:49===> API : /api/auth/login ===> Message : loginUserResponse() invoked!
info: ===> TimeStamp : 2025-05-12 21:47:49===> API : /api/auth/login ===> Message : loginUserResponse() completed
info: ===> TimeStamp : 2025-05-12 22:16:52===> API : null ===> Message : validateRequest() invoked
info: ===> TimeStamp : 2025-05-12 22:16:52===> API : null ===> Message : fetchDBSettings()
info: ===> TimeStamp : 2025-05-12 22:16:52===> API : null ===> Message : validateRequest() Invoked!
info: ===> TimeStamp : 2025-05-12 22:16:52===> API : null ===> Message : validRequest() :: Api validated Successfully
info: ===> TimeStamp : 2025-05-12 22:16:52===> API : /api/auth/validateuser ===> Message : validateUser() invoked!!
info: ===> TimeStamp : 2025-05-12 22:16:52===> API : /api/auth/validateuser ===> Message : validateUser() :: Request Object :: [object Object]
info: ===> TimeStamp : 2025-05-12 22:16:52===> API : /api/auth/validateuser ===> Message : validateUserDB() Invoked !
info: ===> TimeStamp : 2025-05-12 22:16:52===> API : /api/auth/validateuser ===> Message : validateUserResponse() invoked!
info: ===> TimeStamp : 2025-05-12 22:16:52===> API : /api/auth/validateuser ===> Message : validateUserResponse() completed
info: ===> TimeStamp : 2025-05-12 22:16:53===> API : null ===> Message : validateRequest() invoked
info: ===> TimeStamp : 2025-05-12 22:16:53===> API : null ===> Message : fetchDBSettings()
info: ===> TimeStamp : 2025-05-12 22:16:53===> API : null ===> Message : validateRequest() Invoked!
info: ===> TimeStamp : 2025-05-12 22:16:53===> API : null ===> Message : validRequest() :: Api validated Successfully
info: ===> TimeStamp : 2025-05-12 22:16:53===> API : /api/auth/login ===> Message : loginUser() invoked!!
info: ===> TimeStamp : 2025-05-12 22:16:53===> API : /api/auth/login ===> Message : loginUser() :: Request Object :: [object Object]
info: ===> TimeStamp : 2025-05-12 22:16:53===> API : /api/auth/login ===> Message : loginUserDB() Invoked !
info: ===> TimeStamp : 2025-05-12 22:16:53===> API : /api/auth/login ===> Message : loginUserResponse() invoked!
info: ===> TimeStamp : 2025-05-12 22:16:53===> API : /api/auth/login ===> Message : loginUserResponse() completed
info: ===> TimeStamp : 2025-05-13 00:06:15===> API : null ===> Message : validateRequest() invoked
info: ===> TimeStamp : 2025-05-13 00:06:15===> API : null ===> Message : fetchDBSettings()
info: ===> TimeStamp : 2025-05-13 00:06:15===> API : null ===> Message : validateRequest() Invoked!
info: ===> TimeStamp : 2025-05-13 00:06:15===> API : null ===> Message : validRequest() :: Api validated Successfully
info: ===> TimeStamp : 2025-05-13 00:06:15===> API : /api/auth/validateuser ===> Message : validateUser() invoked!!
info: ===> TimeStamp : 2025-05-13 00:06:15===> API : /api/auth/validateuser ===> Message : validateUser() :: Request Object :: [object Object]
info: ===> TimeStamp : 2025-05-13 00:06:15===> API : /api/auth/validateuser ===> Message : validateUserDB() Invoked !
info: ===> TimeStamp : 2025-05-13 00:06:15===> API : /api/auth/validateuser ===> Message : validateUserResponse() invoked!
info: ===> TimeStamp : 2025-05-13 00:06:15===> API : /api/auth/validateuser ===> Message : validateUserResponse() completed
info: ===> TimeStamp : 2025-05-13 00:06:15===> API : null ===> Message : validateRequest() invoked
info: ===> TimeStamp : 2025-05-13 00:06:15===> API : null ===> Message : fetchDBSettings()
info: ===> TimeStamp : 2025-05-13 00:06:15===> API : null ===> Message : validateRequest() Invoked!
info: ===> TimeStamp : 2025-05-13 00:06:15===> API : null ===> Message : validRequest() :: Api validated Successfully
info: ===> TimeStamp : 2025-05-13 00:06:15===> API : /api/auth/login ===> Message : loginUser() invoked!!
info: ===> TimeStamp : 2025-05-13 00:06:15===> API : /api/auth/login ===> Message : loginUser() :: Request Object :: [object Object]
info: ===> TimeStamp : 2025-05-13 00:06:15===> API : /api/auth/login ===> Message : loginUserDB() Invoked !
info: ===> TimeStamp : 2025-05-13 00:06:15===> API : /api/auth/login ===> Message : loginUserResponse() invoked!
info: ===> TimeStamp : 2025-05-13 00:06:15===> API : /api/auth/login ===> Message : loginUserResponse() completed
info: ===> TimeStamp : 2025-05-13 00:08:21===> API : null ===> Message : validateRequest() invoked
info: ===> TimeStamp : 2025-05-13 00:08:21===> API : null ===> Message : fetchDBSettings()
info: ===> TimeStamp : 2025-05-13 00:08:21===> API : null ===> Message : validateRequest() Invoked!
info: ===> TimeStamp : 2025-05-13 00:08:21===> API : null ===> Message : validRequest() :: Api validated Successfully
info: ===> TimeStamp : 2025-05-13 00:08:21===> API : /api/auth/validateuser ===> Message : validateUser() :: Request Object :: [object Object]
info: ===> TimeStamp : 2025-05-13 00:08:21===> API : /api/auth/validateuser ===> Message : validateUser() invoked!!
info: ===> TimeStamp : 2025-05-13 00:08:21===> API : /api/auth/validateuser ===> Message : validateUserDB() Invoked !
info: ===> TimeStamp : 2025-05-13 00:08:21===> API : /api/auth/validateuser ===> Message : validateUserResponse() invoked!
info: ===> TimeStamp : 2025-05-13 00:08:21===> API : /api/auth/validateuser ===> Message : validateUserResponse() completed
info: ===> TimeStamp : 2025-05-13 00:08:21===> API : null ===> Message : validateRequest() invoked
info: ===> TimeStamp : 2025-05-13 00:08:21===> API : null ===> Message : fetchDBSettings()
info: ===> TimeStamp : 2025-05-13 00:08:21===> API : null ===> Message : validateRequest() Invoked!
info: ===> TimeStamp : 2025-05-13 00:08:21===> API : null ===> Message : validRequest() :: Api validated Successfully
info: ===> TimeStamp : 2025-05-13 00:08:21===> API : /api/auth/login ===> Message : loginUser() invoked!!
info: ===> TimeStamp : 2025-05-13 00:08:21===> API : /api/auth/login ===> Message : loginUser() :: Request Object :: [object Object]
info: ===> TimeStamp : 2025-05-13 00:08:21===> API : /api/auth/login ===> Message : loginUserDB() Invoked !
info: ===> TimeStamp : 2025-05-13 00:08:21===> API : /api/auth/login ===> Message : loginUserResponse() invoked!
info: ===> TimeStamp : 2025-05-13 00:08:21===> API : /api/auth/login ===> Message : loginUserResponse() completed
info: ===> TimeStamp : 2025-05-13 02:00:57===> API : null ===> Message : validateRequest() invoked
info: ===> TimeStamp : 2025-05-13 02:00:57===> API : null ===> Message : fetchDBSettings()
info: ===> TimeStamp : 2025-05-13 02:00:57===> API : null ===> Message : validateRequest() Invoked!
info: ===> TimeStamp : 2025-05-13 02:00:57===> API : null ===> Message : validRequest() :: Api validated Successfully
info: ===> TimeStamp : 2025-05-13 02:00:57===> API : /api/auth/validateuser ===> Message : validateUser() invoked!!
info: ===> TimeStamp : 2025-05-13 02:00:57===> API : /api/auth/validateuser ===> Message : validateUser() :: Request Object :: [object Object]
info: ===> TimeStamp : 2025-05-13 02:00:57===> API : /api/auth/validateuser ===> Message : validateUserDB() Invoked !
info: ===> TimeStamp : 2025-05-13 02:00:57===> API : /api/auth/validateuser ===> Message : validateUserResponse() invoked!
info: ===> TimeStamp : 2025-05-13 02:00:57===> API : /api/auth/validateuser ===> Message : validateUserResponse() completed
info: ===> TimeStamp : 2025-05-13 02:00:57===> API : null ===> Message : validateRequest() invoked
info: ===> TimeStamp : 2025-05-13 02:00:57===> API : null ===> Message : fetchDBSettings()
info: ===> TimeStamp : 2025-05-13 02:00:57===> API : null ===> Message : validateRequest() Invoked!
info: ===> TimeStamp : 2025-05-13 02:00:57===> API : null ===> Message : validRequest() :: Api validated Successfully
info: ===> TimeStamp : 2025-05-13 02:00:57===> API : /api/auth/login ===> Message : loginUser() invoked!!
info: ===> TimeStamp : 2025-05-13 02:00:57===> API : /api/auth/login ===> Message : loginUser() :: Request Object :: [object Object]
info: ===> TimeStamp : 2025-05-13 02:00:57===> API : /api/auth/login ===> Message : loginUserDB() Invoked !
info: ===> TimeStamp : 2025-05-13 02:00:57===> API : /api/auth/login ===> Message : loginUserResponse() invoked!
info: ===> TimeStamp : 2025-05-13 02:00:57===> API : /api/auth/login ===> Message : loginUserResponse() completed
info: ===> TimeStamp : 2025-05-13 02:47:00===> API : null ===> Message : validateRequest() invoked
info: ===> TimeStamp : 2025-05-13 02:47:00===> API : null ===> Message : fetchDBSettings()
info: ===> TimeStamp : 2025-05-13 02:47:00===> API : null ===> Message : validateRequest() Invoked!
info: ===> TimeStamp : 2025-05-13 02:47:00===> API : null ===> Message : validRequest() :: Api validated Successfully
info: ===> TimeStamp : 2025-05-13 02:47:00===> API : /api/auth/logout ===> Message : logoutUser() invoked!!
info: ===> TimeStamp : 2025-05-13 02:47:00===> API : /api/auth/logout ===> Message : logoutUser() :: Request Object :: [object Object]
info: ===> TimeStamp : 2025-05-13 02:47:00===> API : /api/auth/logout ===> Message : logoutUserDB() Invoked !
info: ===> TimeStamp : 2025-05-13 02:47:00===> API : /api/auth/logout ===> Message : logoutUserResponse() invoked!
info: ===> TimeStamp : 2025-05-13 02:47:00===> API : /api/auth/logout ===> Message : logoutUserResponse() completed
info: ===> TimeStamp : 2025-05-13 03:07:43===> API : null ===> Message : validateRequest() invoked
info: ===> TimeStamp : 2025-05-13 03:07:43===> API : null ===> Message : fetchDBSettings()
info: ===> TimeStamp : 2025-05-13 03:07:43===> API : null ===> Message : validateRequest() Invoked!
info: ===> TimeStamp : 2025-05-13 03:07:43===> API : null ===> Message : validRequest() :: Api validated Successfully
info: ===> TimeStamp : 2025-05-13 03:07:43===> API : /api/auth/logout ===> Message : logoutUser() :: Request Object :: [object Object]
info: ===> TimeStamp : 2025-05-13 03:07:43===> API : /api/auth/logout ===> Message : logoutUser() invoked!!
info: ===> TimeStamp : 2025-05-13 03:07:43===> API : /api/auth/logout ===> Message : logoutUserDB() Invoked !
info: ===> TimeStamp : 2025-05-13 03:07:43===> API : /api/auth/logout ===> Message : logoutUserResponse() invoked!
info: ===> TimeStamp : 2025-05-13 03:07:43===> API : /api/auth/logout ===> Message : logoutUserResponse() completed
info: ===> TimeStamp : 2025-05-13 03:07:50===> API : null ===> Message : validateRequest() invoked
info: ===> TimeStamp : 2025-05-13 03:07:50===> API : null ===> Message : fetchDBSettings()
info: ===> TimeStamp : 2025-05-13 03:07:50===> API : null ===> Message : validateRequest() Invoked!
info: ===> TimeStamp : 2025-05-13 03:07:50===> API : null ===> Message : validRequest() :: Api validated Successfully
info: ===> TimeStamp : 2025-05-13 03:07:50===> API : /api/auth/validateuser ===> Message : validateUser() invoked!!
info: ===> TimeStamp : 2025-05-13 03:07:50===> API : /api/auth/validateuser ===> Message : validateUser() :: Request Object :: [object Object]
info: ===> TimeStamp : 2025-05-13 03:07:50===> API : /api/auth/validateuser ===> Message : validateUserDB() Invoked !
info: ===> TimeStamp : 2025-05-13 03:07:50===> API : /api/auth/validateuser ===> Message : validateUserResponse() invoked!
info: ===> TimeStamp : 2025-05-13 03:07:50===> API : /api/auth/validateuser ===> Message : validateUserResponse() completed
info: ===> TimeStamp : 2025-05-13 03:07:51===> API : null ===> Message : validateRequest() invoked
info: ===> TimeStamp : 2025-05-13 03:07:51===> API : null ===> Message : fetchDBSettings()
info: ===> TimeStamp : 2025-05-13 03:07:51===> API : null ===> Message : validateRequest() Invoked!
info: ===> TimeStamp : 2025-05-13 03:07:51===> API : null ===> Message : validRequest() :: Api validated Successfully
info: ===> TimeStamp : 2025-05-13 03:07:51===> API : /api/auth/checkIP ===> Message : checkIP() invoked!!
info: ===> TimeStamp : 2025-05-13 03:07:51===> API : /api/auth/checkIP ===> Message : IPs match: 103.255.182.117
info: ===> TimeStamp : 2025-05-13 03:07:51===> API : /api/auth/checkIP ===> Message : checkIPResponse() invoked!
info: ===> TimeStamp : 2025-05-13 03:07:51===> API : /api/auth/checkIP ===> Message : checkIPResponse() completed
info: ===> TimeStamp : 2025-05-13 03:07:51===> API : null ===> Message : validateRequest() invoked
info: ===> TimeStamp : 2025-05-13 03:07:51===> API : null ===> Message : fetchDBSettings()
info: ===> TimeStamp : 2025-05-13 03:07:51===> API : null ===> Message : validateRequest() Invoked!
info: ===> TimeStamp : 2025-05-13 03:07:51===> API : null ===> Message : validRequest() :: Api validated Successfully
info: ===> TimeStamp : 2025-05-13 03:07:51===> API : /api/auth/login ===> Message : loginUser() :: Request Object :: [object Object]
info: ===> TimeStamp : 2025-05-13 03:07:51===> API : /api/auth/login ===> Message : loginUser() invoked!!
info: ===> TimeStamp : 2025-05-13 03:07:51===> API : /api/auth/login ===> Message : loginUserDB() Invoked !
info: ===> TimeStamp : 2025-05-13 03:07:51===> API : /api/auth/login ===> Message : loginUserResponse() invoked!
info: ===> TimeStamp : 2025-05-13 03:07:51===> API : /api/auth/login ===> Message : loginUserResponse() completed
info: ===> TimeStamp : 2025-05-13 03:08:17===> API : null ===> Message : validateRequest() invoked
info: ===> TimeStamp : 2025-05-13 03:08:17===> API : null ===> Message : fetchDBSettings()
info: ===> TimeStamp : 2025-05-13 03:08:17===> API : null ===> Message : validateRequest() Invoked!
info: ===> TimeStamp : 2025-05-13 03:08:17===> API : null ===> Message : validRequest() :: Api validated Successfully
info: ===> TimeStamp : 2025-05-13 03:08:17===> API : /api/auth/logout ===> Message : logoutUser() :: Request Object :: [object Object]
info: ===> TimeStamp : 2025-05-13 03:08:17===> API : /api/auth/logout ===> Message : logoutUser() invoked!!
info: ===> TimeStamp : 2025-05-13 03:08:17===> API : /api/auth/logout ===> Message : logoutUserDB() Invoked !
info: ===> TimeStamp : 2025-05-13 03:08:17===> API : /api/auth/logout ===> Message : logoutUserResponse() invoked!
info: ===> TimeStamp : 2025-05-13 03:08:17===> API : /api/auth/logout ===> Message : logoutUserResponse() completed
info: ===> TimeStamp : 2025-05-13 03:08:25===> API : null ===> Message : validateRequest() invoked
info: ===> TimeStamp : 2025-05-13 03:08:25===> API : null ===> Message : fetchDBSettings()
info: ===> TimeStamp : 2025-05-13 03:08:25===> API : null ===> Message : validateRequest() Invoked!
info: ===> TimeStamp : 2025-05-13 03:08:25===> API : null ===> Message : validRequest() :: Api validated Successfully
info: ===> TimeStamp : 2025-05-13 03:08:25===> API : /api/auth/validateuser ===> Message : validateUser() invoked!!
info: ===> TimeStamp : 2025-05-13 03:08:25===> API : /api/auth/validateuser ===> Message : validateUser() :: Request Object :: [object Object]
info: ===> TimeStamp : 2025-05-13 03:08:25===> API : /api/auth/validateuser ===> Message : validateUserDB() Invoked !
info: ===> TimeStamp : 2025-05-13 03:08:25===> API : /api/auth/validateuser ===> Message : validateUserResponse() invoked!
info: ===> TimeStamp : 2025-05-13 03:08:25===> API : /api/auth/validateuser ===> Message : validateUserResponse() completed
info: ===> TimeStamp : 2025-05-13 03:08:25===> API : null ===> Message : validateRequest() invoked
info: ===> TimeStamp : 2025-05-13 03:08:25===> API : null ===> Message : fetchDBSettings()
info: ===> TimeStamp : 2025-05-13 03:08:25===> API : null ===> Message : validateRequest() Invoked!
info: ===> TimeStamp : 2025-05-13 03:08:25===> API : null ===> Message : validRequest() :: Api validated Successfully
info: ===> TimeStamp : 2025-05-13 03:08:25===> API : /api/auth/checkIP ===> Message : checkIP() invoked!!
info: ===> TimeStamp : 2025-05-13 03:08:25===> API : /api/auth/checkIP ===> Message : IPs match: 103.255.182.117
info: ===> TimeStamp : 2025-05-13 03:08:25===> API : /api/auth/checkIP ===> Message : checkIPResponse() invoked!
info: ===> TimeStamp : 2025-05-13 03:08:25===> API : /api/auth/checkIP ===> Message : checkIPResponse() completed
info: ===> TimeStamp : 2025-05-13 03:08:25===> API : null ===> Message : validateRequest() invoked
info: ===> TimeStamp : 2025-05-13 03:08:25===> API : null ===> Message : fetchDBSettings()
info: ===> TimeStamp : 2025-05-13 03:08:25===> API : null ===> Message : validateRequest() Invoked!
info: ===> TimeStamp : 2025-05-13 03:08:25===> API : null ===> Message : validRequest() :: Api validated Successfully
info: ===> TimeStamp : 2025-05-13 03:08:25===> API : /api/auth/login ===> Message : loginUser() :: Request Object :: [object Object]
info: ===> TimeStamp : 2025-05-13 03:08:25===> API : /api/auth/login ===> Message : loginUser() invoked!!
info: ===> TimeStamp : 2025-05-13 03:08:25===> API : /api/auth/login ===> Message : loginUserDB() Invoked !
info: ===> TimeStamp : 2025-05-13 03:08:25===> API : /api/auth/login ===> Message : loginUserResponse() invoked!
info: ===> TimeStamp : 2025-05-13 03:08:25===> API : /api/auth/login ===> Message : loginUserResponse() completed
info: ===> TimeStamp : 2025-05-13 03:44:33===> API : null ===> Message : validateRequest() invoked
info: ===> TimeStamp : 2025-05-13 03:44:33===> API : null ===> Message : fetchDBSettings()
info: ===> TimeStamp : 2025-05-13 03:44:33===> API : null ===> Message : validateRequest() Invoked!
info: ===> TimeStamp : 2025-05-13 03:44:33===> API : null ===> Message : validRequest() :: Api validated Successfully
info: ===> TimeStamp : 2025-05-13 03:44:33===> API : /api/auth/validateuser ===> Message : validateUser() invoked!!
info: ===> TimeStamp : 2025-05-13 03:44:33===> API : /api/auth/validateuser ===> Message : validateUser() :: Request Object :: [object Object]
info: ===> TimeStamp : 2025-05-13 03:44:33===> API : /api/auth/validateuser ===> Message : validateUserDB() Invoked !
info: ===> TimeStamp : 2025-05-13 03:44:33===> API : /api/auth/validateuser ===> Message : validateUserResponse() invoked!
info: ===> TimeStamp : 2025-05-13 03:44:33===> API : /api/auth/validateuser ===> Message : validateUserResponse() completed
info: ===> TimeStamp : 2025-05-13 03:44:33===> API : null ===> Message : validateRequest() invoked
info: ===> TimeStamp : 2025-05-13 03:44:33===> API : null ===> Message : fetchDBSettings()
info: ===> TimeStamp : 2025-05-13 03:44:33===> API : null ===> Message : validateRequest() Invoked!
info: ===> TimeStamp : 2025-05-13 03:44:33===> API : null ===> Message : validRequest() :: Api validated Successfully
info: ===> TimeStamp : 2025-05-13 03:44:33===> API : /api/auth/checkIP ===> Message : checkIP() invoked!!
info: ===> TimeStamp : 2025-05-13 03:44:33===> API : /api/auth/checkIP ===> Message : IPs match: 103.255.182.117
info: ===> TimeStamp : 2025-05-13 03:44:33===> API : /api/auth/checkIP ===> Message : checkIPResponse() invoked!
info: ===> TimeStamp : 2025-05-13 03:44:33===> API : /api/auth/checkIP ===> Message : checkIPResponse() completed
info: ===> TimeStamp : 2025-05-13 03:44:33===> API : null ===> Message : validateRequest() invoked
info: ===> TimeStamp : 2025-05-13 03:44:33===> API : null ===> Message : fetchDBSettings()
info: ===> TimeStamp : 2025-05-13 03:44:33===> API : null ===> Message : validateRequest() Invoked!
info: ===> TimeStamp : 2025-05-13 03:44:33===> API : null ===> Message : validRequest() :: Api validated Successfully
info: ===> TimeStamp : 2025-05-13 03:44:33===> API : /api/auth/login ===> Message : loginUser() :: Request Object :: [object Object]
info: ===> TimeStamp : 2025-05-13 03:44:33===> API : /api/auth/login ===> Message : loginUser() invoked!!
info: ===> TimeStamp : 2025-05-13 03:44:33===> API : /api/auth/login ===> Message : loginUserDB() Invoked !
info: ===> TimeStamp : 2025-05-13 03:44:33===> API : /api/auth/login ===> Message : loginUserResponse() invoked!
info: ===> TimeStamp : 2025-05-13 03:44:33===> API : /api/auth/login ===> Message : loginUserResponse() completed
info: ===> TimeStamp : 2025-05-13 04:13:49===> API : null ===> Message : validateRequest() invoked
info: ===> TimeStamp : 2025-05-13 04:13:49===> API : null ===> Message : fetchDBSettings()
info: ===> TimeStamp : 2025-05-13 04:13:49===> API : null ===> Message : validateRequest() Invoked!
info: ===> TimeStamp : 2025-05-13 04:13:49===> API : null ===> Message : validRequest() :: Api validated Successfully
info: ===> TimeStamp : 2025-05-13 04:13:49===> API : /api/auth/validateuser ===> Message : validateUser() invoked!!
info: ===> TimeStamp : 2025-05-13 04:13:49===> API : /api/auth/validateuser ===> Message : validateUser() :: Request Object :: [object Object]
info: ===> TimeStamp : 2025-05-13 04:13:49===> API : /api/auth/validateuser ===> Message : validateUserDB() Invoked !
info: ===> TimeStamp : 2025-05-13 04:13:49===> API : /api/auth/validateuser ===> Message : validateUserResponse() invoked!
info: ===> TimeStamp : 2025-05-13 04:13:49===> API : /api/auth/validateuser ===> Message : validateUserResponse() completed
info: ===> TimeStamp : 2025-05-13 04:13:49===> API : null ===> Message : validateRequest() invoked
info: ===> TimeStamp : 2025-05-13 04:13:49===> API : null ===> Message : fetchDBSettings()
info: ===> TimeStamp : 2025-05-13 04:13:49===> API : null ===> Message : validateRequest() Invoked!
info: ===> TimeStamp : 2025-05-13 04:13:49===> API : null ===> Message : validRequest() :: Api validated Successfully
info: ===> TimeStamp : 2025-05-13 04:13:49===> API : /api/auth/login ===> Message : loginUser() invoked!!
info: ===> TimeStamp : 2025-05-13 04:13:49===> API : /api/auth/login ===> Message : loginUser() :: Request Object :: [object Object]
info: ===> TimeStamp : 2025-05-13 04:13:49===> API : /api/auth/login ===> Message : loginUserDB() Invoked !
info: ===> TimeStamp : 2025-05-13 04:13:49===> API : /api/auth/login ===> Message : loginUserResponse() invoked!
info: ===> TimeStamp : 2025-05-13 04:13:49===> API : /api/auth/login ===> Message : loginUserResponse() completed
