info: ===> TimeStamp : 2025-07-22 06:35:04===> API : null ===> Message : validateRequest() invoked
info: ===> TimeStamp : 2025-07-22 06:35:04===> API : null ===> Message : fetchDBSettings()
info: ===> TimeStamp : 2025-07-22 06:35:04===> API : null ===> Message : validateRequest() Invoked!
info: ===> TimeStamp : 2025-07-22 06:35:04===> API : null ===> Message : validRequest() :: Api validated Successfully
info: ===> TimeStamp : 2025-07-22 06:35:04===> API : /api/auth/validateuser ===> Message : validateUser() invoked!!
info: ===> TimeStamp : 2025-07-22 06:35:04===> API : /api/auth/validateuser ===> Message : validateUser() :: Request Object :: [object Object]
info: ===> TimeStamp : 2025-07-22 06:35:04===> API : /api/auth/validateuser ===> Message : validateUserDB() Invoked !
info: ===> TimeStamp : 2025-07-22 06:35:04===> API : /api/auth/validateuser ===> Message : validateUserResponse() invoked!
info: ===> TimeStamp : 2025-07-22 06:35:04===> API : /api/auth/validateuser ===> Message : validateUserResponse() completed
info: ===> TimeStamp : 2025-07-22 06:35:04===> API : null ===> Message : validateRequest() invoked
info: ===> TimeStamp : 2025-07-22 06:35:04===> API : null ===> Message : fetchDBSettings()
info: ===> TimeStamp : 2025-07-22 06:35:04===> API : null ===> Message : validateRequest() Invoked!
info: ===> TimeStamp : 2025-07-22 06:35:04===> API : null ===> Message : validRequest() :: Api validated Successfully
info: ===> TimeStamp : 2025-07-22 06:35:04===> API : /api/auth/checkIP ===> Message : checkIP() invoked!!
info: ===> TimeStamp : 2025-07-22 06:35:04===> API : /api/auth/checkIP ===> Message : IPs match: 103.225.102.194
info: ===> TimeStamp : 2025-07-22 06:35:04===> API : /api/auth/checkIP ===> Message : checkIPResponse() invoked!
info: ===> TimeStamp : 2025-07-22 06:35:04===> API : /api/auth/checkIP ===> Message : checkIPResponse() completed
info: ===> TimeStamp : 2025-07-22 06:35:04===> API : null ===> Message : validateRequest() invoked
info: ===> TimeStamp : 2025-07-22 06:35:04===> API : null ===> Message : fetchDBSettings()
info: ===> TimeStamp : 2025-07-22 06:35:04===> API : null ===> Message : validateRequest() Invoked!
info: ===> TimeStamp : 2025-07-22 06:35:04===> API : null ===> Message : validRequest() :: Api validated Successfully
info: ===> TimeStamp : 2025-07-22 06:35:04===> API : /api/auth/login ===> Message : loginUser() :: Request Object :: [object Object]
info: ===> TimeStamp : 2025-07-22 06:35:04===> API : /api/auth/login ===> Message : loginUser() invoked!!
info: ===> TimeStamp : 2025-07-22 06:35:04===> API : /api/auth/login ===> Message : loginUserDB() Invoked !
info: ===> TimeStamp : 2025-07-22 06:35:04===> API : /api/auth/login ===> Message : loginUserResponse() invoked!
info: ===> TimeStamp : 2025-07-22 06:35:04===> API : /api/auth/login ===> Message : loginUserResponse() completed
info: ===> TimeStamp : 2025-07-22 06:35:32===> API : null ===> Message : validateRequest() invoked
info: ===> TimeStamp : 2025-07-22 06:35:32===> API : null ===> Message : fetchDBSettings()
info: ===> TimeStamp : 2025-07-22 06:35:32===> API : null ===> Message : validateRequest() Invoked!
info: ===> TimeStamp : 2025-07-22 06:35:32===> API : null ===> Message : validRequest() :: Api validated Successfully
info: ===> TimeStamp : 2025-07-22 06:35:32===> API : /api/auth/logout ===> Message : logoutUser() :: Request Object :: [object Object]
info: ===> TimeStamp : 2025-07-22 06:35:32===> API : /api/auth/logout ===> Message : logoutUser() invoked!!
info: ===> TimeStamp : 2025-07-22 06:35:32===> API : /api/auth/logout ===> Message : logoutUserDB() Invoked !
info: ===> TimeStamp : 2025-07-22 06:35:32===> API : /api/auth/logout ===> Message : logoutUserResponse() invoked!
info: ===> TimeStamp : 2025-07-22 06:35:32===> API : /api/auth/logout ===> Message : logoutUserResponse() completed
info: ===> TimeStamp : 2025-07-22 07:00:28===> API : null ===> Message : validateRequest() invoked
info: ===> TimeStamp : 2025-07-22 07:00:28===> API : null ===> Message : fetchDBSettings()
info: ===> TimeStamp : 2025-07-22 07:00:28===> API : null ===> Message : validateRequest() Invoked!
info: ===> TimeStamp : 2025-07-22 07:00:28===> API : null ===> Message : validRequest() :: Api validated Successfully
info: ===> TimeStamp : 2025-07-22 07:00:28===> API : /api/auth/validateuser ===> Message : validateUser() :: Request Object :: [object Object]
info: ===> TimeStamp : 2025-07-22 07:00:28===> API : /api/auth/validateuser ===> Message : validateUserDB() Invoked !
info: ===> TimeStamp : 2025-07-22 07:00:28===> API : /api/auth/validateuser ===> Message : validateUser() invoked!!
info: ===> TimeStamp : 2025-07-22 07:00:28===> API : /api/auth/validateuser ===> Message : validateUserResponse() invoked!
info: ===> TimeStamp : 2025-07-22 07:00:28===> API : /api/auth/validateuser ===> Message : validateUserResponse() completed
info: ===> TimeStamp : 2025-07-22 07:00:28===> API : null ===> Message : validateRequest() invoked
info: ===> TimeStamp : 2025-07-22 07:00:28===> API : null ===> Message : fetchDBSettings()
info: ===> TimeStamp : 2025-07-22 07:00:28===> API : null ===> Message : validateRequest() Invoked!
info: ===> TimeStamp : 2025-07-22 07:00:28===> API : null ===> Message : validRequest() :: Api validated Successfully
info: ===> TimeStamp : 2025-07-22 07:00:28===> API : /api/auth/checkIP ===> Message : checkIP() invoked!!
info: ===> TimeStamp : 2025-07-22 07:00:28===> API : /api/auth/checkIP ===> Message : IPs match: 103.225.102.194
info: ===> TimeStamp : 2025-07-22 07:00:28===> API : /api/auth/checkIP ===> Message : checkIPResponse() invoked!
info: ===> TimeStamp : 2025-07-22 07:00:28===> API : /api/auth/checkIP ===> Message : checkIPResponse() completed
info: ===> TimeStamp : 2025-07-22 07:00:28===> API : null ===> Message : validateRequest() invoked
info: ===> TimeStamp : 2025-07-22 07:00:28===> API : null ===> Message : fetchDBSettings()
info: ===> TimeStamp : 2025-07-22 07:00:28===> API : null ===> Message : validateRequest() Invoked!
info: ===> TimeStamp : 2025-07-22 07:00:28===> API : null ===> Message : validRequest() :: Api validated Successfully
info: ===> TimeStamp : 2025-07-22 07:00:28===> API : /api/auth/login ===> Message : loginUser() invoked!!
info: ===> TimeStamp : 2025-07-22 07:00:28===> API : /api/auth/login ===> Message : loginUser() :: Request Object :: [object Object]
info: ===> TimeStamp : 2025-07-22 07:00:28===> API : /api/auth/login ===> Message : loginUserDB() Invoked !
info: ===> TimeStamp : 2025-07-22 07:00:28===> API : /api/auth/login ===> Message : loginUserResponse() invoked!
info: ===> TimeStamp : 2025-07-22 07:00:28===> API : /api/auth/login ===> Message : loginUserResponse() completed
info: ===> TimeStamp : 2025-07-22 07:01:26===> API : null ===> Message : validateRequest() invoked
info: ===> TimeStamp : 2025-07-22 07:01:26===> API : null ===> Message : fetchDBSettings()
info: ===> TimeStamp : 2025-07-22 07:01:26===> API : null ===> Message : validateRequest() Invoked!
info: ===> TimeStamp : 2025-07-22 07:01:26===> API : null ===> Message : validRequest() :: Api validated Successfully
info: ===> TimeStamp : 2025-07-22 07:01:26===> API : /api/auth/validateuser ===> Message : validateUser() invoked!!
info: ===> TimeStamp : 2025-07-22 07:01:26===> API : /api/auth/validateuser ===> Message : validateUser() :: Request Object :: [object Object]
info: ===> TimeStamp : 2025-07-22 07:01:26===> API : /api/auth/validateuser ===> Message : validateUserDB() Invoked !
info: ===> TimeStamp : 2025-07-22 07:01:26===> API : /api/auth/validateuser ===> Message : validateUserResponse() invoked!
info: ===> TimeStamp : 2025-07-22 07:01:26===> API : /api/auth/validateuser ===> Message : validateUserResponse() completed
info: ===> TimeStamp : 2025-07-22 07:01:26===> API : null ===> Message : validateRequest() invoked
info: ===> TimeStamp : 2025-07-22 07:01:26===> API : null ===> Message : fetchDBSettings()
info: ===> TimeStamp : 2025-07-22 07:01:26===> API : null ===> Message : validateRequest() Invoked!
info: ===> TimeStamp : 2025-07-22 07:01:26===> API : null ===> Message : validRequest() :: Api validated Successfully
info: ===> TimeStamp : 2025-07-22 07:01:26===> API : /api/auth/checkIP ===> Message : checkIP() invoked!!
info: ===> TimeStamp : 2025-07-22 07:01:26===> API : /api/auth/checkIP ===> Message : IPs match: 103.255.182.117
info: ===> TimeStamp : 2025-07-22 07:01:26===> API : /api/auth/checkIP ===> Message : checkIPResponse() invoked!
info: ===> TimeStamp : 2025-07-22 07:01:26===> API : /api/auth/checkIP ===> Message : checkIPResponse() completed
info: ===> TimeStamp : 2025-07-22 07:01:26===> API : null ===> Message : fetchDBSettings()
info: ===> TimeStamp : 2025-07-22 07:01:26===> API : null ===> Message : validateRequest() invoked
info: ===> TimeStamp : 2025-07-22 07:01:26===> API : null ===> Message : validateRequest() Invoked!
info: ===> TimeStamp : 2025-07-22 07:01:26===> API : null ===> Message : validRequest() :: Api validated Successfully
info: ===> TimeStamp : 2025-07-22 07:01:26===> API : /api/auth/login ===> Message : loginUser() invoked!!
info: ===> TimeStamp : 2025-07-22 07:01:26===> API : /api/auth/login ===> Message : loginUser() :: Request Object :: [object Object]
info: ===> TimeStamp : 2025-07-22 07:01:26===> API : /api/auth/login ===> Message : loginUserDB() Invoked !
info: ===> TimeStamp : 2025-07-22 07:01:26===> API : /api/auth/login ===> Message : loginUserResponse() invoked!
info: ===> TimeStamp : 2025-07-22 07:01:26===> API : /api/auth/login ===> Message : loginUserResponse() completed
info: ===> TimeStamp : 2025-07-22 07:23:19===> API : null ===> Message : validateRequest() invoked
info: ===> TimeStamp : 2025-07-22 07:23:19===> API : null ===> Message : validateRequest() Error:: Invalid Request :: 
      {"apiUri":"/"}
info: ===> TimeStamp : 2025-07-22 08:12:22===> API : null ===> Message : validateRequest() invoked
info: ===> TimeStamp : 2025-07-22 08:12:22===> API : null ===> Message : validateRequest() Error:: Invalid Request :: 
      {"apiUri":"/"}
info: ===> TimeStamp : 2025-07-22 08:26:32===> API : null ===> Message : validateRequest() invoked
info: ===> TimeStamp : 2025-07-22 08:26:32===> API : null ===> Message : validateRequest() Error:: Invalid Request :: 
      {"apiUri":"/favicon.ico"}
info: ===> TimeStamp : 2025-07-22 12:21:28===> API : null ===> Message : validateRequest() invoked
info: ===> TimeStamp : 2025-07-22 12:21:28===> API : null ===> Message : fetchDBSettings()
info: ===> TimeStamp : 2025-07-22 12:21:28===> API : null ===> Message : validateRequest() Invoked!
info: ===> TimeStamp : 2025-07-22 12:21:28===> API : null ===> Message : validRequest() :: Api validated Successfully
info: ===> TimeStamp : 2025-07-22 12:21:28===> API : /api/auth/validateuser ===> Message : validateUser() invoked!!
info: ===> TimeStamp : 2025-07-22 12:21:28===> API : /api/auth/validateuser ===> Message : validateUser() :: Request Object :: [object Object]
info: ===> TimeStamp : 2025-07-22 12:21:28===> API : /api/auth/validateuser ===> Message : validateUserDB() Invoked !
info: ===> TimeStamp : 2025-07-22 12:21:28===> API : /api/auth/validateuser ===> Message : validateUserResponse() invoked!
info: ===> TimeStamp : 2025-07-22 12:21:28===> API : /api/auth/validateuser ===> Message : validateUserResponse() completed
info: ===> TimeStamp : 2025-07-22 12:21:28===> API : null ===> Message : validateRequest() invoked
info: ===> TimeStamp : 2025-07-22 12:21:28===> API : null ===> Message : fetchDBSettings()
info: ===> TimeStamp : 2025-07-22 12:21:28===> API : null ===> Message : validateRequest() Invoked!
info: ===> TimeStamp : 2025-07-22 12:21:28===> API : null ===> Message : validRequest() :: Api validated Successfully
info: ===> TimeStamp : 2025-07-22 12:21:28===> API : /api/auth/login ===> Message : loginUser() invoked!!
info: ===> TimeStamp : 2025-07-22 12:21:28===> API : /api/auth/login ===> Message : loginUser() :: Request Object :: [object Object]
info: ===> TimeStamp : 2025-07-22 12:21:28===> API : /api/auth/login ===> Message : loginUserDB() Invoked !
info: ===> TimeStamp : 2025-07-22 12:21:28===> API : /api/auth/login ===> Message : loginUserResponse() invoked!
info: ===> TimeStamp : 2025-07-22 12:21:28===> API : /api/auth/login ===> Message : loginUserResponse() completed
info: ===> TimeStamp : 2025-07-22 12:56:13===> API : null ===> Message : validateRequest() invoked
info: ===> TimeStamp : 2025-07-22 12:56:13===> API : null ===> Message : fetchDBSettings()
info: ===> TimeStamp : 2025-07-22 12:56:13===> API : null ===> Message : validateRequest() Invoked!
info: ===> TimeStamp : 2025-07-22 12:56:13===> API : null ===> Message : validRequest() :: Api validated Successfully
info: ===> TimeStamp : 2025-07-22 12:56:13===> API : /api/auth/validateuser ===> Message : validateUser() invoked!!
info: ===> TimeStamp : 2025-07-22 12:56:13===> API : /api/auth/validateuser ===> Message : validateUser() :: Request Object :: [object Object]
info: ===> TimeStamp : 2025-07-22 12:56:13===> API : /api/auth/validateuser ===> Message : validateUserDB() Invoked !
info: ===> TimeStamp : 2025-07-22 12:56:14===> API : /api/auth/validateuser ===> Message : validateUserResponse() invoked!
info: ===> TimeStamp : 2025-07-22 12:56:14===> API : /api/auth/validateuser ===> Message : validateUserResponse() completed
info: ===> TimeStamp : 2025-07-22 12:56:14===> API : null ===> Message : validateRequest() invoked
info: ===> TimeStamp : 2025-07-22 12:56:14===> API : null ===> Message : fetchDBSettings()
info: ===> TimeStamp : 2025-07-22 12:56:14===> API : null ===> Message : validateRequest() Invoked!
info: ===> TimeStamp : 2025-07-22 12:56:14===> API : null ===> Message : validRequest() :: Api validated Successfully
info: ===> TimeStamp : 2025-07-22 12:56:14===> API : /api/auth/login ===> Message : loginUser() invoked!!
info: ===> TimeStamp : 2025-07-22 12:56:14===> API : /api/auth/login ===> Message : loginUser() :: Request Object :: [object Object]
info: ===> TimeStamp : 2025-07-22 12:56:14===> API : /api/auth/login ===> Message : loginUserDB() Invoked !
info: ===> TimeStamp : 2025-07-22 12:56:14===> API : /api/auth/login ===> Message : loginUserResponse() invoked!
info: ===> TimeStamp : 2025-07-22 12:56:14===> API : /api/auth/login ===> Message : loginUserResponse() completed
info: ===> TimeStamp : 2025-07-22 13:00:09===> API : null ===> Message : validateRequest() invoked
info: ===> TimeStamp : 2025-07-22 13:00:09===> API : null ===> Message : fetchDBSettings()
info: ===> TimeStamp : 2025-07-22 13:00:09===> API : null ===> Message : validateRequest() Invoked!
info: ===> TimeStamp : 2025-07-22 13:00:09===> API : null ===> Message : validRequest() :: Api validated Successfully
info: ===> TimeStamp : 2025-07-22 13:00:09===> API : /api/auth/validateuser ===> Message : validateUser() invoked!!
info: ===> TimeStamp : 2025-07-22 13:00:09===> API : /api/auth/validateuser ===> Message : validateUser() :: Request Object :: [object Object]
info: ===> TimeStamp : 2025-07-22 13:00:09===> API : /api/auth/validateuser ===> Message : validateUserDB() Invoked !
info: ===> TimeStamp : 2025-07-22 13:00:09===> API : /api/auth/validateuser ===> Message : validateUserResponse() invoked!
info: ===> TimeStamp : 2025-07-22 13:00:09===> API : /api/auth/validateuser ===> Message : validateUserResponse() completed
info: ===> TimeStamp : 2025-07-22 13:00:09===> API : null ===> Message : validateRequest() invoked
info: ===> TimeStamp : 2025-07-22 13:00:09===> API : null ===> Message : fetchDBSettings()
info: ===> TimeStamp : 2025-07-22 13:00:09===> API : null ===> Message : validateRequest() Invoked!
info: ===> TimeStamp : 2025-07-22 13:00:09===> API : null ===> Message : validRequest() :: Api validated Successfully
info: ===> TimeStamp : 2025-07-22 13:00:09===> API : /api/auth/checkIP ===> Message : checkIP() invoked!!
info: ===> TimeStamp : 2025-07-22 13:00:09===> API : /api/auth/checkIP ===> Message : IPs match: 103.255.182.117
info: ===> TimeStamp : 2025-07-22 13:00:09===> API : /api/auth/checkIP ===> Message : checkIPResponse() invoked!
info: ===> TimeStamp : 2025-07-22 13:00:09===> API : /api/auth/checkIP ===> Message : checkIPResponse() completed
info: ===> TimeStamp : 2025-07-22 13:00:09===> API : null ===> Message : validateRequest() invoked
info: ===> TimeStamp : 2025-07-22 13:00:09===> API : null ===> Message : fetchDBSettings()
info: ===> TimeStamp : 2025-07-22 13:00:09===> API : null ===> Message : validateRequest() Invoked!
info: ===> TimeStamp : 2025-07-22 13:00:09===> API : null ===> Message : validRequest() :: Api validated Successfully
info: ===> TimeStamp : 2025-07-22 13:00:09===> API : /api/auth/login ===> Message : loginUser() invoked!!
info: ===> TimeStamp : 2025-07-22 13:00:09===> API : /api/auth/login ===> Message : loginUser() :: Request Object :: [object Object]
info: ===> TimeStamp : 2025-07-22 13:00:09===> API : /api/auth/login ===> Message : loginUserDB() Invoked !
info: ===> TimeStamp : 2025-07-22 13:00:09===> API : /api/auth/login ===> Message : loginUserResponse() invoked!
info: ===> TimeStamp : 2025-07-22 13:00:09===> API : /api/auth/login ===> Message : loginUserResponse() completed
info: ===> TimeStamp : 2025-07-22 13:09:11===> API : null ===> Message : validateRequest() invoked
info: ===> TimeStamp : 2025-07-22 13:09:11===> API : null ===> Message : validateRequest() Error:: Invalid Request :: 
      {"apiUri":"/"}
info: ===> TimeStamp : 2025-07-22 13:22:13===> API : null ===> Message : validateRequest() invoked
info: ===> TimeStamp : 2025-07-22 13:22:13===> API : null ===> Message : validateRequest() Error:: Invalid Request :: 
      {"apiUri":"/favicon.ico"}
info: ===> TimeStamp : 2025-07-22 13:23:08===> API : null ===> Message : validateRequest() invoked
info: ===> TimeStamp : 2025-07-22 13:23:08===> API : null ===> Message : fetchDBSettings()
info: ===> TimeStamp : 2025-07-22 13:23:08===> API : null ===> Message : validateRequest() Invoked!
info: ===> TimeStamp : 2025-07-22 13:23:08===> API : null ===> Message : validRequest() :: Api validated Successfully
info: ===> TimeStamp : 2025-07-22 13:23:08===> API : /api/auth/validateuser ===> Message : validateUser() invoked!!
info: ===> TimeStamp : 2025-07-22 13:23:08===> API : /api/auth/validateuser ===> Message : validateUser() :: Request Object :: [object Object]
info: ===> TimeStamp : 2025-07-22 13:23:08===> API : /api/auth/validateuser ===> Message : validateUserDB() Invoked !
info: ===> TimeStamp : 2025-07-22 13:23:08===> API : /api/auth/validateuser ===> Message : validateUserResponse() invoked!
info: ===> TimeStamp : 2025-07-22 13:23:08===> API : /api/auth/validateuser ===> Message : validateUserResponse() completed
info: ===> TimeStamp : 2025-07-22 13:23:08===> API : null ===> Message : validateRequest() invoked
info: ===> TimeStamp : 2025-07-22 13:23:08===> API : null ===> Message : fetchDBSettings()
info: ===> TimeStamp : 2025-07-22 13:23:08===> API : null ===> Message : validateRequest() Invoked!
info: ===> TimeStamp : 2025-07-22 13:23:08===> API : null ===> Message : validRequest() :: Api validated Successfully
info: ===> TimeStamp : 2025-07-22 13:23:08===> API : /api/auth/checkIP ===> Message : checkIP() invoked!!
info: ===> TimeStamp : 2025-07-22 13:23:08===> API : /api/auth/checkIP ===> Message : IPs match: 103.255.182.117
info: ===> TimeStamp : 2025-07-22 13:23:08===> API : /api/auth/checkIP ===> Message : checkIPResponse() invoked!
info: ===> TimeStamp : 2025-07-22 13:23:08===> API : /api/auth/checkIP ===> Message : checkIPResponse() completed
info: ===> TimeStamp : 2025-07-22 13:23:08===> API : null ===> Message : validateRequest() invoked
info: ===> TimeStamp : 2025-07-22 13:23:08===> API : null ===> Message : fetchDBSettings()
info: ===> TimeStamp : 2025-07-22 13:23:08===> API : null ===> Message : validateRequest() Invoked!
info: ===> TimeStamp : 2025-07-22 13:23:09===> API : null ===> Message : validRequest() :: Api validated Successfully
info: ===> TimeStamp : 2025-07-22 13:23:09===> API : /api/auth/login ===> Message : loginUser() invoked!!
info: ===> TimeStamp : 2025-07-22 13:23:09===> API : /api/auth/login ===> Message : loginUser() :: Request Object :: [object Object]
info: ===> TimeStamp : 2025-07-22 13:23:09===> API : /api/auth/login ===> Message : loginUserDB() Invoked !
info: ===> TimeStamp : 2025-07-22 13:23:09===> API : /api/auth/login ===> Message : loginUserResponse() invoked!
info: ===> TimeStamp : 2025-07-22 13:23:09===> API : /api/auth/login ===> Message : loginUserResponse() completed
info: ===> TimeStamp : 2025-07-22 13:24:01===> API : null ===> Message : validateRequest() invoked
info: ===> TimeStamp : 2025-07-22 13:24:01===> API : null ===> Message : fetchDBSettings()
info: ===> TimeStamp : 2025-07-22 13:24:01===> API : null ===> Message : validateRequest() Invoked!
info: ===> TimeStamp : 2025-07-22 13:24:01===> API : null ===> Message : validRequest() :: Api validated Successfully
info: ===> TimeStamp : 2025-07-22 13:24:01===> API : /api/auth/validateuser ===> Message : validateUser() invoked!!
info: ===> TimeStamp : 2025-07-22 13:24:01===> API : /api/auth/validateuser ===> Message : validateUser() :: Request Object :: [object Object]
info: ===> TimeStamp : 2025-07-22 13:24:01===> API : /api/auth/validateuser ===> Message : validateUserDB() Invoked !
info: ===> TimeStamp : 2025-07-22 13:24:01===> API : /api/auth/validateuser ===> Message : validateUserResponse() invoked!
info: ===> TimeStamp : 2025-07-22 13:24:01===> API : /api/auth/validateuser ===> Message : validateUserResponse() completed
info: ===> TimeStamp : 2025-07-22 13:24:01===> API : null ===> Message : validateRequest() invoked
info: ===> TimeStamp : 2025-07-22 13:24:01===> API : null ===> Message : fetchDBSettings()
info: ===> TimeStamp : 2025-07-22 13:24:01===> API : null ===> Message : validateRequest() Invoked!
info: ===> TimeStamp : 2025-07-22 13:24:01===> API : null ===> Message : validRequest() :: Api validated Successfully
info: ===> TimeStamp : 2025-07-22 13:24:01===> API : /api/auth/checkIP ===> Message : checkIP() invoked!!
info: ===> TimeStamp : 2025-07-22 13:24:01===> API : /api/auth/checkIP ===> Message : IPs match: 103.255.182.117
info: ===> TimeStamp : 2025-07-22 13:24:01===> API : /api/auth/checkIP ===> Message : checkIPResponse() invoked!
info: ===> TimeStamp : 2025-07-22 13:24:01===> API : /api/auth/checkIP ===> Message : checkIPResponse() completed
info: ===> TimeStamp : 2025-07-22 13:24:01===> API : null ===> Message : validateRequest() invoked
info: ===> TimeStamp : 2025-07-22 13:24:01===> API : null ===> Message : fetchDBSettings()
info: ===> TimeStamp : 2025-07-22 13:24:01===> API : null ===> Message : validateRequest() Invoked!
info: ===> TimeStamp : 2025-07-22 13:24:01===> API : null ===> Message : validRequest() :: Api validated Successfully
info: ===> TimeStamp : 2025-07-22 13:24:01===> API : /api/auth/login ===> Message : loginUser() invoked!!
info: ===> TimeStamp : 2025-07-22 13:24:01===> API : /api/auth/login ===> Message : loginUser() :: Request Object :: [object Object]
info: ===> TimeStamp : 2025-07-22 13:24:01===> API : /api/auth/login ===> Message : loginUserDB() Invoked !
info: ===> TimeStamp : 2025-07-22 13:24:01===> API : /api/auth/login ===> Message : loginUserResponse() invoked!
info: ===> TimeStamp : 2025-07-22 13:24:01===> API : /api/auth/login ===> Message : loginUserResponse() completed
info: ===> TimeStamp : 2025-07-22 13:38:54===> API : null ===> Message : validateRequest() invoked
info: ===> TimeStamp : 2025-07-22 13:38:54===> API : null ===> Message : fetchDBSettings()
info: ===> TimeStamp : 2025-07-22 13:38:54===> API : null ===> Message : validateRequest() Invoked!
info: ===> TimeStamp : 2025-07-22 13:38:54===> API : null ===> Message : validRequest() :: Api validated Successfully
info: ===> TimeStamp : 2025-07-22 13:38:54===> API : /api/auth/validateuser ===> Message : validateUser() invoked!!
info: ===> TimeStamp : 2025-07-22 13:38:54===> API : /api/auth/validateuser ===> Message : validateUser() :: Request Object :: [object Object]
info: ===> TimeStamp : 2025-07-22 13:38:54===> API : /api/auth/validateuser ===> Message : validateUserDB() Invoked !
info: ===> TimeStamp : 2025-07-22 13:38:54===> API : /api/auth/validateuser ===> Message : validateUserResponse() invoked!
info: ===> TimeStamp : 2025-07-22 13:38:54===> API : /api/auth/validateuser ===> Message : validateUserResponse() completed
info: ===> TimeStamp : 2025-07-22 13:38:54===> API : null ===> Message : validateRequest() invoked
info: ===> TimeStamp : 2025-07-22 13:38:54===> API : null ===> Message : fetchDBSettings()
info: ===> TimeStamp : 2025-07-22 13:38:54===> API : null ===> Message : validateRequest() Invoked!
info: ===> TimeStamp : 2025-07-22 13:38:54===> API : null ===> Message : validRequest() :: Api validated Successfully
info: ===> TimeStamp : 2025-07-22 13:38:54===> API : /api/auth/checkIP ===> Message : checkIP() invoked!!
info: ===> TimeStamp : 2025-07-22 13:38:54===> API : /api/auth/checkIP ===> Message : IPs match: 103.255.182.117
info: ===> TimeStamp : 2025-07-22 13:38:54===> API : /api/auth/checkIP ===> Message : checkIPResponse() invoked!
info: ===> TimeStamp : 2025-07-22 13:38:54===> API : /api/auth/checkIP ===> Message : checkIPResponse() completed
info: ===> TimeStamp : 2025-07-22 13:38:54===> API : null ===> Message : validateRequest() invoked
info: ===> TimeStamp : 2025-07-22 13:38:54===> API : null ===> Message : fetchDBSettings()
info: ===> TimeStamp : 2025-07-22 13:38:54===> API : null ===> Message : validateRequest() Invoked!
info: ===> TimeStamp : 2025-07-22 13:38:54===> API : null ===> Message : validRequest() :: Api validated Successfully
info: ===> TimeStamp : 2025-07-22 13:38:54===> API : /api/auth/login ===> Message : loginUser() invoked!!
info: ===> TimeStamp : 2025-07-22 13:38:54===> API : /api/auth/login ===> Message : loginUser() :: Request Object :: [object Object]
info: ===> TimeStamp : 2025-07-22 13:38:54===> API : /api/auth/login ===> Message : loginUserDB() Invoked !
info: ===> TimeStamp : 2025-07-22 13:38:54===> API : /api/auth/login ===> Message : loginUserResponse() invoked!
info: ===> TimeStamp : 2025-07-22 13:38:54===> API : /api/auth/login ===> Message : loginUserResponse() completed
info: ===> TimeStamp : 2025-07-22 14:12:17===> API : null ===> Message : validateRequest() invoked
info: ===> TimeStamp : 2025-07-22 14:12:17===> API : null ===> Message : fetchDBSettings()
info: ===> TimeStamp : 2025-07-22 14:12:17===> API : null ===> Message : validateRequest() Invoked!
info: ===> TimeStamp : 2025-07-22 14:12:17===> API : null ===> Message : validRequest() :: Api validated Successfully
info: ===> TimeStamp : 2025-07-22 14:12:17===> API : /api/auth/validateuser ===> Message : validateUser() invoked!!
info: ===> TimeStamp : 2025-07-22 14:12:17===> API : /api/auth/validateuser ===> Message : validateUser() :: Request Object :: [object Object]
info: ===> TimeStamp : 2025-07-22 14:12:17===> API : /api/auth/validateuser ===> Message : validateUserDB() Invoked !
info: ===> TimeStamp : 2025-07-22 14:12:17===> API : /api/auth/validateuser ===> Message : validateUserResponse() invoked!
info: ===> TimeStamp : 2025-07-22 14:12:17===> API : /api/auth/validateuser ===> Message : validateUserResponse() completed
info: ===> TimeStamp : 2025-07-22 14:12:18===> API : null ===> Message : validateRequest() invoked
info: ===> TimeStamp : 2025-07-22 14:12:18===> API : null ===> Message : fetchDBSettings()
info: ===> TimeStamp : 2025-07-22 14:12:18===> API : null ===> Message : validateRequest() Invoked!
info: ===> TimeStamp : 2025-07-22 14:12:18===> API : null ===> Message : validRequest() :: Api validated Successfully
info: ===> TimeStamp : 2025-07-22 14:12:18===> API : /api/auth/login ===> Message : loginUser() invoked!!
info: ===> TimeStamp : 2025-07-22 14:12:18===> API : /api/auth/login ===> Message : loginUser() :: Request Object :: [object Object]
info: ===> TimeStamp : 2025-07-22 14:12:18===> API : /api/auth/login ===> Message : loginUserDB() Invoked !
info: ===> TimeStamp : 2025-07-22 14:12:18===> API : /api/auth/login ===> Message : loginUserResponse() invoked!
info: ===> TimeStamp : 2025-07-22 14:12:18===> API : /api/auth/login ===> Message : loginUserResponse() completed
info: ===> TimeStamp : 2025-07-22 14:23:58===> API : null ===> Message : validateRequest() invoked
info: ===> TimeStamp : 2025-07-22 14:23:58===> API : null ===> Message : fetchDBSettings()
info: ===> TimeStamp : 2025-07-22 14:23:58===> API : null ===> Message : validateRequest() Invoked!
info: ===> TimeStamp : 2025-07-22 14:23:58===> API : null ===> Message : validRequest() :: Api validated Successfully
info: ===> TimeStamp : 2025-07-22 14:23:58===> API : /api/auth/logout ===> Message : logoutUser() invoked!!
info: ===> TimeStamp : 2025-07-22 14:23:58===> API : /api/auth/logout ===> Message : logoutUser() :: Request Object :: [object Object]
info: ===> TimeStamp : 2025-07-22 14:23:58===> API : /api/auth/logout ===> Message : logoutUserDB() Invoked !
info: ===> TimeStamp : 2025-07-22 14:23:58===> API : /api/auth/logout ===> Message : logoutUserResponse() invoked!
info: ===> TimeStamp : 2025-07-22 14:23:58===> API : /api/auth/logout ===> Message : logoutUserResponse() completed
info: ===> TimeStamp : 2025-07-22 14:24:11===> API : null ===> Message : validateRequest() invoked
info: ===> TimeStamp : 2025-07-22 14:24:11===> API : null ===> Message : fetchDBSettings()
info: ===> TimeStamp : 2025-07-22 14:24:11===> API : null ===> Message : validateRequest() Invoked!
info: ===> TimeStamp : 2025-07-22 14:24:11===> API : null ===> Message : validRequest() :: Api validated Successfully
info: ===> TimeStamp : 2025-07-22 14:24:11===> API : /api/auth/validateuser ===> Message : validateUser() invoked!!
info: ===> TimeStamp : 2025-07-22 14:24:11===> API : /api/auth/validateuser ===> Message : validateUser() :: Request Object :: [object Object]
info: ===> TimeStamp : 2025-07-22 14:24:11===> API : /api/auth/validateuser ===> Message : validateUserDB() Invoked !
info: ===> TimeStamp : 2025-07-22 14:24:11===> API : /api/auth/validateuser ===> Message : validateUserResponse() invoked!
info: ===> TimeStamp : 2025-07-22 14:24:11===> API : /api/auth/validateuser ===> Message : validateUserResponse() completed
info: ===> TimeStamp : 2025-07-22 14:24:11===> API : null ===> Message : validateRequest() invoked
info: ===> TimeStamp : 2025-07-22 14:24:11===> API : null ===> Message : fetchDBSettings()
info: ===> TimeStamp : 2025-07-22 14:24:11===> API : null ===> Message : validateRequest() Invoked!
info: ===> TimeStamp : 2025-07-22 14:24:11===> API : null ===> Message : validRequest() :: Api validated Successfully
info: ===> TimeStamp : 2025-07-22 14:24:11===> API : /api/auth/login ===> Message : loginUser() invoked!!
info: ===> TimeStamp : 2025-07-22 14:24:11===> API : /api/auth/login ===> Message : loginUser() :: Request Object :: [object Object]
info: ===> TimeStamp : 2025-07-22 14:24:11===> API : /api/auth/login ===> Message : loginUserDB() Invoked !
info: ===> TimeStamp : 2025-07-22 14:24:11===> API : /api/auth/login ===> Message : loginUserResponse() invoked!
info: ===> TimeStamp : 2025-07-22 14:24:11===> API : /api/auth/login ===> Message : loginUserResponse() completed
info: ===> TimeStamp : 2025-07-22 14:44:40===> API : null ===> Message : validateRequest() invoked
info: ===> TimeStamp : 2025-07-22 14:44:40===> API : null ===> Message : fetchDBSettings()
info: ===> TimeStamp : 2025-07-22 14:44:40===> API : null ===> Message : validateRequest() Invoked!
info: ===> TimeStamp : 2025-07-22 14:44:40===> API : null ===> Message : validRequest() :: Api validated Successfully
info: ===> TimeStamp : 2025-07-22 14:44:40===> API : /api/auth/logout ===> Message : logoutUser() :: Request Object :: [object Object]
info: ===> TimeStamp : 2025-07-22 14:44:40===> API : /api/auth/logout ===> Message : logoutUser() invoked!!
info: ===> TimeStamp : 2025-07-22 14:44:40===> API : /api/auth/logout ===> Message : logoutUserDB() Invoked !
info: ===> TimeStamp : 2025-07-22 14:44:40===> API : /api/auth/logout ===> Message : logoutUserResponse() invoked!
info: ===> TimeStamp : 2025-07-22 14:44:40===> API : /api/auth/logout ===> Message : logoutUserResponse() completed
info: ===> TimeStamp : 2025-07-22 14:53:21===> API : null ===> Message : validateRequest() invoked
info: ===> TimeStamp : 2025-07-22 14:53:21===> API : null ===> Message : fetchDBSettings()
info: ===> TimeStamp : 2025-07-22 14:53:21===> API : null ===> Message : validateRequest() Invoked!
info: ===> TimeStamp : 2025-07-22 14:53:21===> API : null ===> Message : validRequest() :: Api validated Successfully
info: ===> TimeStamp : 2025-07-22 14:53:21===> API : /api/auth/logout ===> Message : logoutUser() invoked!!
info: ===> TimeStamp : 2025-07-22 14:53:21===> API : /api/auth/logout ===> Message : logoutUser() :: Request Object :: [object Object]
info: ===> TimeStamp : 2025-07-22 14:53:21===> API : /api/auth/logout ===> Message : logoutUserDB() Invoked !
info: ===> TimeStamp : 2025-07-22 14:53:21===> API : /api/auth/logout ===> Message : logoutUserResponse() invoked!
info: ===> TimeStamp : 2025-07-22 14:53:21===> API : /api/auth/logout ===> Message : logoutUserResponse() completed
info: ===> TimeStamp : 2025-07-22 14:53:31===> API : null ===> Message : validateRequest() invoked
info: ===> TimeStamp : 2025-07-22 14:53:31===> API : null ===> Message : fetchDBSettings()
info: ===> TimeStamp : 2025-07-22 14:53:31===> API : null ===> Message : validateRequest() Invoked!
info: ===> TimeStamp : 2025-07-22 14:53:31===> API : null ===> Message : validRequest() :: Api validated Successfully
info: ===> TimeStamp : 2025-07-22 14:53:31===> API : /api/auth/validateuser ===> Message : validateUser() invoked!!
info: ===> TimeStamp : 2025-07-22 14:53:31===> API : /api/auth/validateuser ===> Message : validateUser() :: Request Object :: [object Object]
info: ===> TimeStamp : 2025-07-22 14:53:31===> API : /api/auth/validateuser ===> Message : validateUserDB() Invoked !
info: ===> TimeStamp : 2025-07-22 14:53:31===> API : /api/auth/validateuser ===> Message : validateUserResponse() invoked!
info: ===> TimeStamp : 2025-07-22 14:53:31===> API : /api/auth/validateuser ===> Message : validateUserResponse() completed
info: ===> TimeStamp : 2025-07-22 14:53:31===> API : null ===> Message : validateRequest() invoked
info: ===> TimeStamp : 2025-07-22 14:53:31===> API : null ===> Message : fetchDBSettings()
info: ===> TimeStamp : 2025-07-22 14:53:31===> API : null ===> Message : validateRequest() Invoked!
info: ===> TimeStamp : 2025-07-22 14:53:31===> API : null ===> Message : validRequest() :: Api validated Successfully
info: ===> TimeStamp : 2025-07-22 14:53:31===> API : /api/auth/checkIP ===> Message : checkIP() invoked!!
info: ===> TimeStamp : 2025-07-22 14:53:31===> API : /api/auth/checkIP ===> Message : IPs match: 103.255.182.117
info: ===> TimeStamp : 2025-07-22 14:53:31===> API : /api/auth/checkIP ===> Message : checkIPResponse() invoked!
info: ===> TimeStamp : 2025-07-22 14:53:31===> API : /api/auth/checkIP ===> Message : checkIPResponse() completed
info: ===> TimeStamp : 2025-07-22 14:53:31===> API : null ===> Message : validateRequest() invoked
info: ===> TimeStamp : 2025-07-22 14:53:31===> API : null ===> Message : fetchDBSettings()
info: ===> TimeStamp : 2025-07-22 14:53:31===> API : null ===> Message : validateRequest() Invoked!
info: ===> TimeStamp : 2025-07-22 14:53:31===> API : null ===> Message : validRequest() :: Api validated Successfully
info: ===> TimeStamp : 2025-07-22 14:53:31===> API : /api/auth/login ===> Message : loginUser() invoked!!
info: ===> TimeStamp : 2025-07-22 14:53:31===> API : /api/auth/login ===> Message : loginUser() :: Request Object :: [object Object]
info: ===> TimeStamp : 2025-07-22 14:53:31===> API : /api/auth/login ===> Message : loginUserDB() Invoked !
info: ===> TimeStamp : 2025-07-22 14:53:31===> API : /api/auth/login ===> Message : loginUserResponse() invoked!
info: ===> TimeStamp : 2025-07-22 14:53:31===> API : /api/auth/login ===> Message : loginUserResponse() completed
info: ===> TimeStamp : 2025-07-22 14:57:11===> API : null ===> Message : validateRequest() invoked
info: ===> TimeStamp : 2025-07-22 14:57:11===> API : null ===> Message : fetchDBSettings()
info: ===> TimeStamp : 2025-07-22 14:57:11===> API : null ===> Message : validateRequest() Invoked!
info: ===> TimeStamp : 2025-07-22 14:57:11===> API : null ===> Message : validRequest() :: Api validated Successfully
info: ===> TimeStamp : 2025-07-22 14:57:11===> API : /api/auth/validateuser ===> Message : validateUser() invoked!!
info: ===> TimeStamp : 2025-07-22 14:57:11===> API : /api/auth/validateuser ===> Message : validateUser() :: Request Object :: [object Object]
info: ===> TimeStamp : 2025-07-22 14:57:11===> API : /api/auth/validateuser ===> Message : validateUserDB() Invoked !
info: ===> TimeStamp : 2025-07-22 14:57:11===> API : /api/auth/validateuser ===> Message : validateUserResponse() invoked!
info: ===> TimeStamp : 2025-07-22 14:57:11===> API : /api/auth/validateuser ===> Message : validateUserResponse() completed
info: ===> TimeStamp : 2025-07-22 14:57:11===> API : null ===> Message : validateRequest() invoked
info: ===> TimeStamp : 2025-07-22 14:57:11===> API : null ===> Message : fetchDBSettings()
info: ===> TimeStamp : 2025-07-22 14:57:11===> API : null ===> Message : validateRequest() Invoked!
info: ===> TimeStamp : 2025-07-22 14:57:11===> API : null ===> Message : validRequest() :: Api validated Successfully
info: ===> TimeStamp : 2025-07-22 14:57:11===> API : /api/auth/checkIP ===> Message : checkIP() invoked!!
info: ===> TimeStamp : 2025-07-22 14:57:11===> API : /api/auth/checkIP ===> Message : IPs match: 103.255.182.117
info: ===> TimeStamp : 2025-07-22 14:57:11===> API : /api/auth/checkIP ===> Message : checkIPResponse() invoked!
info: ===> TimeStamp : 2025-07-22 14:57:11===> API : /api/auth/checkIP ===> Message : checkIPResponse() completed
info: ===> TimeStamp : 2025-07-22 14:57:11===> API : null ===> Message : validateRequest() invoked
info: ===> TimeStamp : 2025-07-22 14:57:11===> API : null ===> Message : fetchDBSettings()
info: ===> TimeStamp : 2025-07-22 14:57:11===> API : null ===> Message : validateRequest() Invoked!
info: ===> TimeStamp : 2025-07-22 14:57:11===> API : null ===> Message : validRequest() :: Api validated Successfully
info: ===> TimeStamp : 2025-07-22 14:57:11===> API : /api/auth/login ===> Message : loginUser() invoked!!
info: ===> TimeStamp : 2025-07-22 14:57:11===> API : /api/auth/login ===> Message : loginUser() :: Request Object :: [object Object]
info: ===> TimeStamp : 2025-07-22 14:57:11===> API : /api/auth/login ===> Message : loginUserDB() Invoked !
info: ===> TimeStamp : 2025-07-22 14:57:11===> API : /api/auth/login ===> Message : loginUserResponse() invoked!
info: ===> TimeStamp : 2025-07-22 14:57:11===> API : /api/auth/login ===> Message : loginUserResponse() completed
info: ===> TimeStamp : 2025-07-22 15:31:30===> API : null ===> Message : validateRequest() invoked
info: ===> TimeStamp : 2025-07-22 15:31:30===> API : null ===> Message : validateRequest() Error:: Invalid Request :: 
      {"apiUri":"/"}
info: ===> TimeStamp : 2025-07-22 17:31:12===> API : null ===> Message : validateRequest() invoked
info: ===> TimeStamp : 2025-07-22 17:31:12===> API : null ===> Message : fetchDBSettings()
info: ===> TimeStamp : 2025-07-22 17:31:12===> API : null ===> Message : validateRequest() Invoked!
info: ===> TimeStamp : 2025-07-22 17:31:12===> API : null ===> Message : validRequest() :: Api validated Successfully
info: ===> TimeStamp : 2025-07-22 17:31:12===> API : /api/auth/validateuser ===> Message : validateUser() invoked!!
info: ===> TimeStamp : 2025-07-22 17:31:12===> API : /api/auth/validateuser ===> Message : validateUser() :: Request Object :: [object Object]
info: ===> TimeStamp : 2025-07-22 17:31:12===> API : /api/auth/validateuser ===> Message : validateUserDB() Invoked !
info: ===> TimeStamp : 2025-07-22 17:31:12===> API : /api/auth/validateuser ===> Message : validateUserResponse() invoked!
info: ===> TimeStamp : 2025-07-22 17:31:12===> API : /api/auth/validateuser ===> Message : validateUserResponse() completed
info: ===> TimeStamp : 2025-07-22 17:31:13===> API : null ===> Message : validateRequest() invoked
info: ===> TimeStamp : 2025-07-22 17:31:13===> API : null ===> Message : fetchDBSettings()
info: ===> TimeStamp : 2025-07-22 17:31:13===> API : null ===> Message : validateRequest() Invoked!
info: ===> TimeStamp : 2025-07-22 17:31:13===> API : null ===> Message : validRequest() :: Api validated Successfully
info: ===> TimeStamp : 2025-07-22 17:31:13===> API : /api/auth/login ===> Message : loginUser() invoked!!
info: ===> TimeStamp : 2025-07-22 17:31:13===> API : /api/auth/login ===> Message : loginUser() :: Request Object :: [object Object]
info: ===> TimeStamp : 2025-07-22 17:31:13===> API : /api/auth/login ===> Message : loginUserDB() Invoked !
info: ===> TimeStamp : 2025-07-22 17:31:13===> API : /api/auth/login ===> Message : loginUserResponse() invoked!
info: ===> TimeStamp : 2025-07-22 17:31:13===> API : /api/auth/login ===> Message : loginUserResponse() completed
info: ===> TimeStamp : 2025-07-22 18:30:32===> API : null ===> Message : validateRequest() invoked
info: ===> TimeStamp : 2025-07-22 18:30:32===> API : null ===> Message : validateRequest() Error:: Invalid Request :: 
      {"apiUri":"/"}
info: ===> TimeStamp : 2025-07-22 18:30:36===> API : null ===> Message : validateRequest() invoked
info: ===> TimeStamp : 2025-07-22 18:30:36===> API : null ===> Message : validateRequest() Error:: Invalid Request :: 
      {"apiUri":"/favicon.ico"}
info: ===> TimeStamp : 2025-07-22 18:30:53===> API : null ===> Message : validateRequest() invoked
info: ===> TimeStamp : 2025-07-22 18:30:53===> API : null ===> Message : validateRequest() Error:: Invalid Request :: 
      {"apiUri":"/favicon.ico"}
info: ===> TimeStamp : 2025-07-22 18:31:08===> API : null ===> Message : validateRequest() invoked
info: ===> TimeStamp : 2025-07-22 18:31:08===> API : null ===> Message : validateRequest() Error:: Invalid Request :: 
      {"apiUri":"/robots.txt"}
info: ===> TimeStamp : 2025-07-22 18:44:06===> API : null ===> Message : validateRequest() invoked
info: ===> TimeStamp : 2025-07-22 18:44:06===> API : null ===> Message : validateRequest() Error:: Invalid Request :: 
      {"apiUri":"/pdown"}
info: ===> TimeStamp : 2025-07-22 19:36:01===> API : null ===> Message : validateRequest() invoked
info: ===> TimeStamp : 2025-07-22 19:36:01===> API : null ===> Message : fetchDBSettings()
info: ===> TimeStamp : 2025-07-22 19:36:01===> API : null ===> Message : validateRequest() Invoked!
info: ===> TimeStamp : 2025-07-22 19:36:01===> API : null ===> Message : validRequest() :: Api validated Successfully
info: ===> TimeStamp : 2025-07-22 19:36:01===> API : /api/auth/validateuser ===> Message : validateUser() invoked!!
info: ===> TimeStamp : 2025-07-22 19:36:01===> API : /api/auth/validateuser ===> Message : validateUserDB() Invoked !
info: ===> TimeStamp : 2025-07-22 19:36:01===> API : /api/auth/validateuser ===> Message : validateUser() :: Request Object :: [object Object]
info: ===> TimeStamp : 2025-07-22 19:36:01===> API : /api/auth/validateuser ===> Message : validateUserDB() :: Error :: {"code":"ER_SIGNAL_EXCEPTION","errno":1644,"sqlState":"10005","sqlMessage":"User Does Not Exist","sql":"CALL usp_validate_user('admin', 'dbcvrihv')"}
info: ===> TimeStamp : 2025-07-22 19:36:01===> API : /api/auth/validateuser ===> Message : validateUserDBResult :: Error :: {"ErrorCode":10005,"ErrorMessage":"User Does Not Exist"}
info: ===> TimeStamp : 2025-07-22 19:36:01===> API : /api/auth/validateuser ===> Message : validateUserResponse() invoked!
info: ===> TimeStamp : 2025-07-22 19:36:01===> API : /api/auth/validateuser ===> Message : validateUserResponse() completed
info: ===> TimeStamp : 2025-07-22 19:36:08===> API : null ===> Message : validateRequest() invoked
info: ===> TimeStamp : 2025-07-22 19:36:08===> API : null ===> Message : fetchDBSettings()
info: ===> TimeStamp : 2025-07-22 19:36:08===> API : null ===> Message : validateRequest() Invoked!
info: ===> TimeStamp : 2025-07-22 19:36:08===> API : null ===> Message : validRequest() :: Api validated Successfully
info: ===> TimeStamp : 2025-07-22 19:36:08===> API : /api/auth/validateuser ===> Message : validateUser() invoked!!
info: ===> TimeStamp : 2025-07-22 19:36:08===> API : /api/auth/validateuser ===> Message : validateUser() :: Request Object :: [object Object]
info: ===> TimeStamp : 2025-07-22 19:36:08===> API : /api/auth/validateuser ===> Message : validateUserDB() Invoked !
info: ===> TimeStamp : 2025-07-22 19:36:08===> API : /api/auth/validateuser ===> Message : validateUserDB() :: Error :: {"code":"ER_SIGNAL_EXCEPTION","errno":1644,"sqlState":"10005","sqlMessage":"User Does Not Exist","sql":"CALL usp_validate_user('admin', 'uuvanssh')"}
info: ===> TimeStamp : 2025-07-22 19:36:08===> API : /api/auth/validateuser ===> Message : validateUserDBResult :: Error :: {"ErrorCode":10005,"ErrorMessage":"User Does Not Exist"}
info: ===> TimeStamp : 2025-07-22 19:36:08===> API : /api/auth/validateuser ===> Message : validateUserResponse() invoked!
info: ===> TimeStamp : 2025-07-22 19:36:08===> API : /api/auth/validateuser ===> Message : validateUserResponse() completed
info: ===> TimeStamp : 2025-07-22 19:36:11===> API : null ===> Message : validateRequest() invoked
info: ===> TimeStamp : 2025-07-22 19:36:11===> API : null ===> Message : fetchDBSettings()
info: ===> TimeStamp : 2025-07-22 19:36:11===> API : null ===> Message : validateRequest() Invoked!
info: ===> TimeStamp : 2025-07-22 19:36:11===> API : null ===> Message : validRequest() :: Api validated Successfully
info: ===> TimeStamp : 2025-07-22 19:36:11===> API : /api/auth/validateuser ===> Message : validateUser() invoked!!
info: ===> TimeStamp : 2025-07-22 19:36:11===> API : /api/auth/validateuser ===> Message : validateUser() :: Request Object :: [object Object]
info: ===> TimeStamp : 2025-07-22 19:36:11===> API : /api/auth/validateuser ===> Message : validateUserDB() Invoked !
info: ===> TimeStamp : 2025-07-22 19:36:11===> API : /api/auth/validateuser ===> Message : validateUserDB() :: Error :: {"code":"ER_SIGNAL_EXCEPTION","errno":1644,"sqlState":"10005","sqlMessage":"User Does Not Exist","sql":"CALL usp_validate_user('admin', 'ipqwfgsg')"}
info: ===> TimeStamp : 2025-07-22 19:36:11===> API : /api/auth/validateuser ===> Message : validateUserDBResult :: Error :: {"ErrorCode":10005,"ErrorMessage":"User Does Not Exist"}
info: ===> TimeStamp : 2025-07-22 19:36:11===> API : /api/auth/validateuser ===> Message : validateUserResponse() invoked!
info: ===> TimeStamp : 2025-07-22 19:36:11===> API : /api/auth/validateuser ===> Message : validateUserResponse() completed
info: ===> TimeStamp : 2025-07-22 19:36:17===> API : null ===> Message : validateRequest() invoked
info: ===> TimeStamp : 2025-07-22 19:36:17===> API : null ===> Message : fetchDBSettings()
info: ===> TimeStamp : 2025-07-22 19:36:18===> API : null ===> Message : validateRequest() Invoked!
info: ===> TimeStamp : 2025-07-22 19:36:18===> API : null ===> Message : validRequest() :: Api validated Successfully
info: ===> TimeStamp : 2025-07-22 19:36:18===> API : /api/auth/validateuser ===> Message : validateUser() invoked!!
info: ===> TimeStamp : 2025-07-22 19:36:18===> API : /api/auth/validateuser ===> Message : validateUser() :: Request Object :: [object Object]
info: ===> TimeStamp : 2025-07-22 19:36:18===> API : /api/auth/validateuser ===> Message : validateUserDB() Invoked !
info: ===> TimeStamp : 2025-07-22 19:36:18===> API : /api/auth/validateuser ===> Message : validateUserDB() :: Error :: {"code":"ER_SIGNAL_EXCEPTION","errno":1644,"sqlState":"10005","sqlMessage":"User Does Not Exist","sql":"CALL usp_validate_user('admin', 'gxfxgfou')"}
info: ===> TimeStamp : 2025-07-22 19:36:18===> API : /api/auth/validateuser ===> Message : validateUserDBResult :: Error :: {"ErrorCode":10005,"ErrorMessage":"User Does Not Exist"}
info: ===> TimeStamp : 2025-07-22 19:36:18===> API : /api/auth/validateuser ===> Message : validateUserResponse() invoked!
info: ===> TimeStamp : 2025-07-22 19:36:18===> API : /api/auth/validateuser ===> Message : validateUserResponse() completed
info: ===> TimeStamp : 2025-07-22 20:29:49===> API : null ===> Message : validateRequest() invoked
info: ===> TimeStamp : 2025-07-22 20:29:49===> API : null ===> Message : fetchDBSettings()
info: ===> TimeStamp : 2025-07-22 20:29:49===> API : null ===> Message : validateRequest() Invoked!
info: ===> TimeStamp : 2025-07-22 20:29:49===> API : null ===> Message : validRequest() :: Api validated Successfully
info: ===> TimeStamp : 2025-07-22 20:29:49===> API : /api/auth/validateuser ===> Message : validateUser() invoked!!
info: ===> TimeStamp : 2025-07-22 20:29:49===> API : /api/auth/validateuser ===> Message : validateUser() :: Request Object :: [object Object]
info: ===> TimeStamp : 2025-07-22 20:29:49===> API : /api/auth/validateuser ===> Message : validateUserDB() Invoked !
info: ===> TimeStamp : 2025-07-22 20:29:49===> API : /api/auth/validateuser ===> Message : validateUserResponse() invoked!
info: ===> TimeStamp : 2025-07-22 20:29:49===> API : /api/auth/validateuser ===> Message : validateUserResponse() completed
info: ===> TimeStamp : 2025-07-22 20:29:49===> API : null ===> Message : validateRequest() invoked
info: ===> TimeStamp : 2025-07-22 20:29:49===> API : null ===> Message : fetchDBSettings()
info: ===> TimeStamp : 2025-07-22 20:29:49===> API : null ===> Message : validateRequest() Invoked!
info: ===> TimeStamp : 2025-07-22 20:29:49===> API : null ===> Message : validRequest() :: Api validated Successfully
info: ===> TimeStamp : 2025-07-22 20:29:49===> API : /api/auth/login ===> Message : loginUser() invoked!!
info: ===> TimeStamp : 2025-07-22 20:29:49===> API : /api/auth/login ===> Message : loginUser() :: Request Object :: [object Object]
info: ===> TimeStamp : 2025-07-22 20:29:49===> API : /api/auth/login ===> Message : loginUserDB() Invoked !
info: ===> TimeStamp : 2025-07-22 20:29:49===> API : /api/auth/login ===> Message : loginUserResponse() invoked!
info: ===> TimeStamp : 2025-07-22 20:29:49===> API : /api/auth/login ===> Message : loginUserResponse() completed
info: ===> TimeStamp : 2025-07-22 20:45:26===> API : null ===> Message : validateRequest() invoked
info: ===> TimeStamp : 2025-07-22 20:45:26===> API : null ===> Message : fetchDBSettings()
info: ===> TimeStamp : 2025-07-22 20:45:26===> API : null ===> Message : validateRequest() Invoked!
info: ===> TimeStamp : 2025-07-22 20:45:27===> API : null ===> Message : validRequest() :: Api validated Successfully
info: ===> TimeStamp : 2025-07-22 20:45:27===> API : /api/auth/validateuser ===> Message : validateUser() invoked!!
info: ===> TimeStamp : 2025-07-22 20:45:27===> API : /api/auth/validateuser ===> Message : validateUser() :: Request Object :: [object Object]
info: ===> TimeStamp : 2025-07-22 20:45:27===> API : /api/auth/validateuser ===> Message : validateUserDB() Invoked !
info: ===> TimeStamp : 2025-07-22 20:45:27===> API : /api/auth/validateuser ===> Message : validateUserResponse() invoked!
info: ===> TimeStamp : 2025-07-22 20:45:27===> API : /api/auth/validateuser ===> Message : validateUserResponse() completed
info: ===> TimeStamp : 2025-07-22 20:45:27===> API : null ===> Message : validateRequest() invoked
info: ===> TimeStamp : 2025-07-22 20:45:27===> API : null ===> Message : fetchDBSettings()
info: ===> TimeStamp : 2025-07-22 20:45:27===> API : null ===> Message : validateRequest() Invoked!
info: ===> TimeStamp : 2025-07-22 20:45:27===> API : null ===> Message : validRequest() :: Api validated Successfully
info: ===> TimeStamp : 2025-07-22 20:45:27===> API : /api/auth/login ===> Message : loginUser() invoked!!
info: ===> TimeStamp : 2025-07-22 20:45:27===> API : /api/auth/login ===> Message : loginUser() :: Request Object :: [object Object]
info: ===> TimeStamp : 2025-07-22 20:45:27===> API : /api/auth/login ===> Message : loginUserDB() Invoked !
info: ===> TimeStamp : 2025-07-22 20:45:27===> API : /api/auth/login ===> Message : loginUserResponse() invoked!
info: ===> TimeStamp : 2025-07-22 20:45:27===> API : /api/auth/login ===> Message : loginUserResponse() completed
info: ===> TimeStamp : 2025-07-22 21:35:49===> API : null ===> Message : validateRequest() invoked
info: ===> TimeStamp : 2025-07-22 21:35:49===> API : null ===> Message : fetchDBSettings()
info: ===> TimeStamp : 2025-07-22 21:35:49===> API : null ===> Message : validateRequest() Invoked!
info: ===> TimeStamp : 2025-07-22 21:35:49===> API : null ===> Message : validRequest() :: Api validated Successfully
info: ===> TimeStamp : 2025-07-22 21:35:49===> API : /api/auth/validateuser ===> Message : validateUser() invoked!!
info: ===> TimeStamp : 2025-07-22 21:35:49===> API : /api/auth/validateuser ===> Message : validateUser() :: Request Object :: [object Object]
info: ===> TimeStamp : 2025-07-22 21:35:49===> API : /api/auth/validateuser ===> Message : validateUserDB() Invoked !
info: ===> TimeStamp : 2025-07-22 21:35:49===> API : /api/auth/validateuser ===> Message : validateUserResponse() invoked!
info: ===> TimeStamp : 2025-07-22 21:35:49===> API : /api/auth/validateuser ===> Message : validateUserDB() :: Error :: {"code":"ER_SIGNAL_EXCEPTION","errno":1644,"sqlState":"10005","sqlMessage":"User Does Not Exist","sql":"CALL usp_validate_user('admin', 'hkoipoaw')"}
info: ===> TimeStamp : 2025-07-22 21:35:49===> API : /api/auth/validateuser ===> Message : validateUserDBResult :: Error :: {"ErrorCode":10005,"ErrorMessage":"User Does Not Exist"}
info: ===> TimeStamp : 2025-07-22 21:35:49===> API : /api/auth/validateuser ===> Message : validateUserResponse() completed
info: ===> TimeStamp : 2025-07-22 21:35:56===> API : null ===> Message : validateRequest() invoked
info: ===> TimeStamp : 2025-07-22 21:35:56===> API : null ===> Message : fetchDBSettings()
info: ===> TimeStamp : 2025-07-22 21:35:56===> API : null ===> Message : validateRequest() Invoked!
info: ===> TimeStamp : 2025-07-22 21:35:56===> API : null ===> Message : validRequest() :: Api validated Successfully
info: ===> TimeStamp : 2025-07-22 21:35:56===> API : /api/auth/validateuser ===> Message : validateUser() invoked!!
info: ===> TimeStamp : 2025-07-22 21:35:56===> API : /api/auth/validateuser ===> Message : validateUser() :: Request Object :: [object Object]
info: ===> TimeStamp : 2025-07-22 21:35:56===> API : /api/auth/validateuser ===> Message : validateUserDB() Invoked !
info: ===> TimeStamp : 2025-07-22 21:35:56===> API : /api/auth/validateuser ===> Message : validateUserDB() :: Error :: {"code":"ER_SIGNAL_EXCEPTION","errno":1644,"sqlState":"10005","sqlMessage":"User Does Not Exist","sql":"CALL usp_validate_user('admin', 'ydsruwqj')"}
info: ===> TimeStamp : 2025-07-22 21:35:56===> API : /api/auth/validateuser ===> Message : validateUserDBResult :: Error :: {"ErrorCode":10005,"ErrorMessage":"User Does Not Exist"}
info: ===> TimeStamp : 2025-07-22 21:35:56===> API : /api/auth/validateuser ===> Message : validateUserResponse() invoked!
info: ===> TimeStamp : 2025-07-22 21:35:56===> API : /api/auth/validateuser ===> Message : validateUserResponse() completed
info: ===> TimeStamp : 2025-07-22 21:41:25===> API : null ===> Message : validateRequest() invoked
info: ===> TimeStamp : 2025-07-22 21:41:25===> API : null ===> Message : fetchDBSettings()
info: ===> TimeStamp : 2025-07-22 21:41:25===> API : null ===> Message : validateRequest() Invoked!
info: ===> TimeStamp : 2025-07-22 21:41:25===> API : null ===> Message : validRequest() :: Api validated Successfully
info: ===> TimeStamp : 2025-07-22 21:41:25===> API : /api/auth/validateuser ===> Message : validateUser() invoked!!
info: ===> TimeStamp : 2025-07-22 21:41:25===> API : /api/auth/validateuser ===> Message : validateUser() :: Request Object :: [object Object]
info: ===> TimeStamp : 2025-07-22 21:41:25===> API : /api/auth/validateuser ===> Message : validateUserDB() Invoked !
info: ===> TimeStamp : 2025-07-22 21:41:25===> API : /api/auth/validateuser ===> Message : validateUserDB() :: Error :: {"code":"ER_SIGNAL_EXCEPTION","errno":1644,"sqlState":"10005","sqlMessage":"User Does Not Exist","sql":"CALL usp_validate_user('admin', 'cxlfzgrv')"}
info: ===> TimeStamp : 2025-07-22 21:41:25===> API : /api/auth/validateuser ===> Message : validateUserDBResult :: Error :: {"ErrorCode":10005,"ErrorMessage":"User Does Not Exist"}
info: ===> TimeStamp : 2025-07-22 21:41:25===> API : /api/auth/validateuser ===> Message : validateUserResponse() invoked!
info: ===> TimeStamp : 2025-07-22 21:41:25===> API : /api/auth/validateuser ===> Message : validateUserResponse() completed
info: ===> TimeStamp : 2025-07-22 21:41:30===> API : null ===> Message : validateRequest() invoked
info: ===> TimeStamp : 2025-07-22 21:41:30===> API : null ===> Message : fetchDBSettings()
info: ===> TimeStamp : 2025-07-22 21:41:30===> API : null ===> Message : validateRequest() Invoked!
info: ===> TimeStamp : 2025-07-22 21:41:30===> API : null ===> Message : validRequest() :: Api validated Successfully
info: ===> TimeStamp : 2025-07-22 21:41:30===> API : /api/auth/validateuser ===> Message : validateUser() invoked!!
info: ===> TimeStamp : 2025-07-22 21:41:30===> API : /api/auth/validateuser ===> Message : validateUser() :: Request Object :: [object Object]
info: ===> TimeStamp : 2025-07-22 21:41:30===> API : /api/auth/validateuser ===> Message : validateUserDB() Invoked !
info: ===> TimeStamp : 2025-07-22 21:41:30===> API : /api/auth/validateuser ===> Message : validateUserDB() :: Error :: {"code":"ER_SIGNAL_EXCEPTION","errno":1644,"sqlState":"10005","sqlMessage":"User Does Not Exist","sql":"CALL usp_validate_user('admin', 'iqkyncpw')"}
info: ===> TimeStamp : 2025-07-22 21:41:30===> API : /api/auth/validateuser ===> Message : validateUserDBResult :: Error :: {"ErrorCode":10005,"ErrorMessage":"User Does Not Exist"}
info: ===> TimeStamp : 2025-07-22 21:41:30===> API : /api/auth/validateuser ===> Message : validateUserResponse() invoked!
info: ===> TimeStamp : 2025-07-22 21:41:30===> API : /api/auth/validateuser ===> Message : validateUserResponse() completed
info: ===> TimeStamp : 2025-07-22 21:41:31===> API : null ===> Message : validateRequest() invoked
info: ===> TimeStamp : 2025-07-22 21:41:31===> API : null ===> Message : fetchDBSettings()
info: ===> TimeStamp : 2025-07-22 21:41:31===> API : null ===> Message : validateRequest() Invoked!
info: ===> TimeStamp : 2025-07-22 21:41:31===> API : null ===> Message : validRequest() :: Api validated Successfully
info: ===> TimeStamp : 2025-07-22 21:41:31===> API : /api/auth/validateuser ===> Message : validateUser() invoked!!
info: ===> TimeStamp : 2025-07-22 21:41:31===> API : /api/auth/validateuser ===> Message : validateUser() :: Request Object :: [object Object]
info: ===> TimeStamp : 2025-07-22 21:41:31===> API : /api/auth/validateuser ===> Message : validateUserDB() Invoked !
info: ===> TimeStamp : 2025-07-22 21:41:31===> API : /api/auth/validateuser ===> Message : validateUserDB() :: Error :: {"code":"ER_SIGNAL_EXCEPTION","errno":1644,"sqlState":"10005","sqlMessage":"User Does Not Exist","sql":"CALL usp_validate_user('admin', 'capsbwaa')"}
info: ===> TimeStamp : 2025-07-22 21:41:31===> API : /api/auth/validateuser ===> Message : validateUserDBResult :: Error :: {"ErrorCode":10005,"ErrorMessage":"User Does Not Exist"}
info: ===> TimeStamp : 2025-07-22 21:41:31===> API : /api/auth/validateuser ===> Message : validateUserResponse() invoked!
info: ===> TimeStamp : 2025-07-22 21:41:31===> API : /api/auth/validateuser ===> Message : validateUserResponse() completed
info: ===> TimeStamp : 2025-07-22 21:41:37===> API : null ===> Message : validateRequest() invoked
info: ===> TimeStamp : 2025-07-22 21:41:37===> API : null ===> Message : fetchDBSettings()
info: ===> TimeStamp : 2025-07-22 21:41:37===> API : null ===> Message : validateRequest() Invoked!
info: ===> TimeStamp : 2025-07-22 21:41:37===> API : null ===> Message : validRequest() :: Api validated Successfully
info: ===> TimeStamp : 2025-07-22 21:41:37===> API : /api/auth/validateuser ===> Message : validateUser() invoked!!
info: ===> TimeStamp : 2025-07-22 21:41:37===> API : /api/auth/validateuser ===> Message : validateUser() :: Request Object :: [object Object]
info: ===> TimeStamp : 2025-07-22 21:41:37===> API : /api/auth/validateuser ===> Message : validateUserDB() Invoked !
info: ===> TimeStamp : 2025-07-22 21:41:37===> API : /api/auth/validateuser ===> Message : validateUserDB() :: Error :: {"code":"ER_SIGNAL_EXCEPTION","errno":1644,"sqlState":"10005","sqlMessage":"User Does Not Exist","sql":"CALL usp_validate_user('admin', 'yzksazec')"}
info: ===> TimeStamp : 2025-07-22 21:41:37===> API : /api/auth/validateuser ===> Message : validateUserDBResult :: Error :: {"ErrorCode":10005,"ErrorMessage":"User Does Not Exist"}
info: ===> TimeStamp : 2025-07-22 21:41:37===> API : /api/auth/validateuser ===> Message : validateUserResponse() invoked!
info: ===> TimeStamp : 2025-07-22 21:41:37===> API : /api/auth/validateuser ===> Message : validateUserResponse() completed
info: ===> TimeStamp : 2025-07-22 21:43:13===> API : null ===> Message : validateRequest() invoked
info: ===> TimeStamp : 2025-07-22 21:43:13===> API : null ===> Message : fetchDBSettings()
info: ===> TimeStamp : 2025-07-22 21:43:13===> API : null ===> Message : validateRequest() Invoked!
info: ===> TimeStamp : 2025-07-22 21:43:14===> API : null ===> Message : validRequest() :: Api validated Successfully
info: ===> TimeStamp : 2025-07-22 21:43:14===> API : /api/auth/logout ===> Message : logoutUser() invoked!!
info: ===> TimeStamp : 2025-07-22 21:43:14===> API : /api/auth/logout ===> Message : logoutUser() :: Request Object :: [object Object]
info: ===> TimeStamp : 2025-07-22 21:43:14===> API : /api/auth/logout ===> Message : logoutUserDB() Invoked !
info: ===> TimeStamp : 2025-07-22 21:43:14===> API : /api/auth/logout ===> Message : logoutUserResponse() invoked!
info: ===> TimeStamp : 2025-07-22 21:43:14===> API : /api/auth/logout ===> Message : logoutUserResponse() completed
info: ===> TimeStamp : 2025-07-22 21:43:24===> API : null ===> Message : validateRequest() invoked
info: ===> TimeStamp : 2025-07-22 21:43:24===> API : null ===> Message : fetchDBSettings()
info: ===> TimeStamp : 2025-07-22 21:43:24===> API : null ===> Message : validateRequest() Invoked!
info: ===> TimeStamp : 2025-07-22 21:43:24===> API : null ===> Message : validRequest() :: Api validated Successfully
info: ===> TimeStamp : 2025-07-22 21:43:24===> API : /api/auth/validateuser ===> Message : validateUser() invoked!!
info: ===> TimeStamp : 2025-07-22 21:43:24===> API : /api/auth/validateuser ===> Message : validateUser() :: Request Object :: [object Object]
info: ===> TimeStamp : 2025-07-22 21:43:24===> API : /api/auth/validateuser ===> Message : validateUserDB() Invoked !
info: ===> TimeStamp : 2025-07-22 21:43:24===> API : /api/auth/validateuser ===> Message : validateUserResponse() invoked!
info: ===> TimeStamp : 2025-07-22 21:43:24===> API : /api/auth/validateuser ===> Message : validateUserResponse() completed
info: ===> TimeStamp : 2025-07-22 21:43:24===> API : null ===> Message : validateRequest() invoked
info: ===> TimeStamp : 2025-07-22 21:43:24===> API : null ===> Message : fetchDBSettings()
info: ===> TimeStamp : 2025-07-22 21:43:24===> API : null ===> Message : validateRequest() Invoked!
info: ===> TimeStamp : 2025-07-22 21:43:24===> API : null ===> Message : validRequest() :: Api validated Successfully
info: ===> TimeStamp : 2025-07-22 21:43:24===> API : /api/auth/checkIP ===> Message : checkIP() invoked!!
info: ===> TimeStamp : 2025-07-22 21:43:24===> API : /api/auth/checkIP ===> Message : IPs match: 103.255.182.117
info: ===> TimeStamp : 2025-07-22 21:43:24===> API : /api/auth/checkIP ===> Message : checkIPResponse() invoked!
info: ===> TimeStamp : 2025-07-22 21:43:24===> API : /api/auth/checkIP ===> Message : checkIPResponse() completed
info: ===> TimeStamp : 2025-07-22 21:43:24===> API : null ===> Message : validateRequest() invoked
info: ===> TimeStamp : 2025-07-22 21:43:24===> API : null ===> Message : fetchDBSettings()
info: ===> TimeStamp : 2025-07-22 21:43:24===> API : null ===> Message : validateRequest() Invoked!
info: ===> TimeStamp : 2025-07-22 21:43:24===> API : null ===> Message : validRequest() :: Api validated Successfully
info: ===> TimeStamp : 2025-07-22 21:43:24===> API : /api/auth/login ===> Message : loginUser() invoked!!
info: ===> TimeStamp : 2025-07-22 21:43:24===> API : /api/auth/login ===> Message : loginUser() :: Request Object :: [object Object]
info: ===> TimeStamp : 2025-07-22 21:43:24===> API : /api/auth/login ===> Message : loginUserDB() Invoked !
info: ===> TimeStamp : 2025-07-22 21:43:24===> API : /api/auth/login ===> Message : loginUserResponse() invoked!
info: ===> TimeStamp : 2025-07-22 21:43:24===> API : /api/auth/login ===> Message : loginUserResponse() completed
info: ===> TimeStamp : 2025-07-22 21:44:11===> API : null ===> Message : validateRequest() invoked
info: ===> TimeStamp : 2025-07-22 21:44:11===> API : null ===> Message : fetchDBSettings()
info: ===> TimeStamp : 2025-07-22 21:44:11===> API : null ===> Message : validateRequest() Invoked!
info: ===> TimeStamp : 2025-07-22 21:44:11===> API : null ===> Message : validRequest() :: Api validated Successfully
info: ===> TimeStamp : 2025-07-22 21:44:11===> API : /api/auth/logout ===> Message : logoutUser() invoked!!
info: ===> TimeStamp : 2025-07-22 21:44:11===> API : /api/auth/logout ===> Message : logoutUser() :: Request Object :: [object Object]
info: ===> TimeStamp : 2025-07-22 21:44:11===> API : /api/auth/logout ===> Message : logoutUserDB() Invoked !
info: ===> TimeStamp : 2025-07-22 21:44:11===> API : /api/auth/logout ===> Message : logoutUserResponse() invoked!
info: ===> TimeStamp : 2025-07-22 21:44:11===> API : /api/auth/logout ===> Message : logoutUserResponse() completed
info: ===> TimeStamp : 2025-07-22 21:44:42===> API : null ===> Message : validateRequest() invoked
info: ===> TimeStamp : 2025-07-22 21:44:42===> API : null ===> Message : fetchDBSettings()
info: ===> TimeStamp : 2025-07-22 21:44:42===> API : null ===> Message : validateRequest() Invoked!
info: ===> TimeStamp : 2025-07-22 21:44:42===> API : null ===> Message : validRequest() :: Api validated Successfully
info: ===> TimeStamp : 2025-07-22 21:44:42===> API : /api/auth/validateuser ===> Message : validateUser() invoked!!
info: ===> TimeStamp : 2025-07-22 21:44:42===> API : /api/auth/validateuser ===> Message : validateUser() :: Request Object :: [object Object]
info: ===> TimeStamp : 2025-07-22 21:44:42===> API : /api/auth/validateuser ===> Message : validateUserDB() Invoked !
info: ===> TimeStamp : 2025-07-22 21:44:42===> API : /api/auth/validateuser ===> Message : validateUserResponse() invoked!
info: ===> TimeStamp : 2025-07-22 21:44:42===> API : /api/auth/validateuser ===> Message : validateUserResponse() completed
info: ===> TimeStamp : 2025-07-22 21:44:42===> API : null ===> Message : validateRequest() invoked
info: ===> TimeStamp : 2025-07-22 21:44:42===> API : null ===> Message : fetchDBSettings()
info: ===> TimeStamp : 2025-07-22 21:44:42===> API : null ===> Message : validateRequest() Invoked!
info: ===> TimeStamp : 2025-07-22 21:44:42===> API : null ===> Message : validRequest() :: Api validated Successfully
info: ===> TimeStamp : 2025-07-22 21:44:42===> API : /api/auth/checkIP ===> Message : checkIP() invoked!!
info: ===> TimeStamp : 2025-07-22 21:44:42===> API : /api/auth/checkIP ===> Message : IPs match: 103.255.182.117
info: ===> TimeStamp : 2025-07-22 21:44:42===> API : /api/auth/checkIP ===> Message : checkIPResponse() invoked!
info: ===> TimeStamp : 2025-07-22 21:44:42===> API : /api/auth/checkIP ===> Message : checkIPResponse() completed
info: ===> TimeStamp : 2025-07-22 21:44:42===> API : null ===> Message : validateRequest() invoked
info: ===> TimeStamp : 2025-07-22 21:44:42===> API : null ===> Message : fetchDBSettings()
info: ===> TimeStamp : 2025-07-22 21:44:42===> API : null ===> Message : validateRequest() Invoked!
info: ===> TimeStamp : 2025-07-22 21:44:42===> API : null ===> Message : validRequest() :: Api validated Successfully
info: ===> TimeStamp : 2025-07-22 21:44:42===> API : /api/auth/login ===> Message : loginUser() invoked!!
info: ===> TimeStamp : 2025-07-22 21:44:42===> API : /api/auth/login ===> Message : loginUser() :: Request Object :: [object Object]
info: ===> TimeStamp : 2025-07-22 21:44:42===> API : /api/auth/login ===> Message : loginUserDB() Invoked !
info: ===> TimeStamp : 2025-07-22 21:44:42===> API : /api/auth/login ===> Message : loginUserResponse() invoked!
info: ===> TimeStamp : 2025-07-22 21:44:42===> API : /api/auth/login ===> Message : loginUserResponse() completed
info: ===> TimeStamp : 2025-07-22 22:03:24===> API : null ===> Message : validateRequest() invoked
info: ===> TimeStamp : 2025-07-22 22:03:24===> API : null ===> Message : fetchDBSettings()
info: ===> TimeStamp : 2025-07-22 22:03:24===> API : null ===> Message : validateRequest() Invoked!
info: ===> TimeStamp : 2025-07-22 22:03:24===> API : null ===> Message : validRequest() :: Api validated Successfully
info: ===> TimeStamp : 2025-07-22 22:03:24===> API : /api/auth/validateuser ===> Message : validateUser() invoked!!
info: ===> TimeStamp : 2025-07-22 22:03:24===> API : /api/auth/validateuser ===> Message : validateUser() :: Request Object :: [object Object]
info: ===> TimeStamp : 2025-07-22 22:03:24===> API : /api/auth/validateuser ===> Message : validateUserDB() Invoked !
info: ===> TimeStamp : 2025-07-22 22:03:24===> API : /api/auth/validateuser ===> Message : validateUserResponse() invoked!
info: ===> TimeStamp : 2025-07-22 22:03:24===> API : /api/auth/validateuser ===> Message : validateUserResponse() completed
info: ===> TimeStamp : 2025-07-22 22:03:24===> API : null ===> Message : validateRequest() invoked
info: ===> TimeStamp : 2025-07-22 22:03:24===> API : null ===> Message : fetchDBSettings()
info: ===> TimeStamp : 2025-07-22 22:03:24===> API : null ===> Message : validateRequest() Invoked!
info: ===> TimeStamp : 2025-07-22 22:03:24===> API : null ===> Message : validRequest() :: Api validated Successfully
info: ===> TimeStamp : 2025-07-22 22:03:24===> API : /api/auth/login ===> Message : loginUser() invoked!!
info: ===> TimeStamp : 2025-07-22 22:03:24===> API : /api/auth/login ===> Message : loginUser() :: Request Object :: [object Object]
info: ===> TimeStamp : 2025-07-22 22:03:24===> API : /api/auth/login ===> Message : loginUserDB() Invoked !
info: ===> TimeStamp : 2025-07-22 22:03:24===> API : /api/auth/login ===> Message : loginUserResponse() invoked!
info: ===> TimeStamp : 2025-07-22 22:03:24===> API : /api/auth/login ===> Message : loginUserResponse() completed
info: ===> TimeStamp : 2025-07-22 22:15:17===> API : null ===> Message : validateRequest() invoked
info: ===> TimeStamp : 2025-07-22 22:15:17===> API : null ===> Message : fetchDBSettings()
info: ===> TimeStamp : 2025-07-22 22:15:17===> API : null ===> Message : validateRequest() Invoked!
info: ===> TimeStamp : 2025-07-22 22:15:17===> API : null ===> Message : validRequest() :: Api validated Successfully
info: ===> TimeStamp : 2025-07-22 22:15:17===> API : /api/auth/validateuser ===> Message : validateUser() :: Request Object :: [object Object]
info: ===> TimeStamp : 2025-07-22 22:15:17===> API : /api/auth/validateuser ===> Message : validateUser() invoked!!
info: ===> TimeStamp : 2025-07-22 22:15:17===> API : /api/auth/validateuser ===> Message : validateUserDB() Invoked !
info: ===> TimeStamp : 2025-07-22 22:15:17===> API : /api/auth/validateuser ===> Message : validateUserResponse() invoked!
info: ===> TimeStamp : 2025-07-22 22:15:17===> API : /api/auth/validateuser ===> Message : validateUserResponse() completed
info: ===> TimeStamp : 2025-07-22 22:15:18===> API : null ===> Message : validateRequest() invoked
info: ===> TimeStamp : 2025-07-22 22:15:18===> API : null ===> Message : fetchDBSettings()
info: ===> TimeStamp : 2025-07-22 22:15:18===> API : null ===> Message : validateRequest() Invoked!
info: ===> TimeStamp : 2025-07-22 22:15:18===> API : null ===> Message : validRequest() :: Api validated Successfully
info: ===> TimeStamp : 2025-07-22 22:15:18===> API : /api/auth/login ===> Message : loginUser() invoked!!
info: ===> TimeStamp : 2025-07-22 22:15:18===> API : /api/auth/login ===> Message : loginUser() :: Request Object :: [object Object]
info: ===> TimeStamp : 2025-07-22 22:15:18===> API : /api/auth/login ===> Message : loginUserDB() Invoked !
info: ===> TimeStamp : 2025-07-22 22:15:18===> API : /api/auth/login ===> Message : loginUserResponse() invoked!
info: ===> TimeStamp : 2025-07-22 22:15:18===> API : /api/auth/login ===> Message : loginUserResponse() completed
info: ===> TimeStamp : 2025-07-22 23:30:53===> API : null ===> Message : validateRequest() invoked
info: ===> TimeStamp : 2025-07-22 23:30:53===> API : null ===> Message : fetchDBSettings()
info: ===> TimeStamp : 2025-07-22 23:30:53===> API : null ===> Message : validateRequest() Invoked!
info: ===> TimeStamp : 2025-07-22 23:30:53===> API : null ===> Message : validRequest() :: Api validated Successfully
info: ===> TimeStamp : 2025-07-22 23:30:53===> API : /api/auth/validateuser ===> Message : validateUser() invoked!!
info: ===> TimeStamp : 2025-07-22 23:30:53===> API : /api/auth/validateuser ===> Message : validateUser() :: Request Object :: [object Object]
info: ===> TimeStamp : 2025-07-22 23:30:53===> API : /api/auth/validateuser ===> Message : validateUserDB() Invoked !
info: ===> TimeStamp : 2025-07-22 23:30:53===> API : /api/auth/validateuser ===> Message : validateUserResponse() invoked!
info: ===> TimeStamp : 2025-07-22 23:30:53===> API : /api/auth/validateuser ===> Message : validateUserResponse() completed
info: ===> TimeStamp : 2025-07-22 23:30:53===> API : null ===> Message : validateRequest() invoked
info: ===> TimeStamp : 2025-07-22 23:30:53===> API : null ===> Message : fetchDBSettings()
info: ===> TimeStamp : 2025-07-22 23:30:53===> API : null ===> Message : validateRequest() Invoked!
info: ===> TimeStamp : 2025-07-22 23:30:53===> API : null ===> Message : validRequest() :: Api validated Successfully
info: ===> TimeStamp : 2025-07-22 23:30:53===> API : /api/auth/login ===> Message : loginUser() invoked!!
info: ===> TimeStamp : 2025-07-22 23:30:53===> API : /api/auth/login ===> Message : loginUser() :: Request Object :: [object Object]
info: ===> TimeStamp : 2025-07-22 23:30:53===> API : /api/auth/login ===> Message : loginUserDB() Invoked !
info: ===> TimeStamp : 2025-07-22 23:30:53===> API : /api/auth/login ===> Message : loginUserResponse() invoked!
info: ===> TimeStamp : 2025-07-22 23:30:53===> API : /api/auth/login ===> Message : loginUserResponse() completed
info: ===> TimeStamp : 2025-07-22 23:32:42===> API : null ===> Message : validateRequest() invoked
info: ===> TimeStamp : 2025-07-22 23:32:42===> API : null ===> Message : validateRequest() Error:: Invalid Request :: 
      {"apiUri":"/robots.txt"}
info: ===> TimeStamp : 2025-07-22 23:32:43===> API : null ===> Message : validateRequest() invoked
info: ===> TimeStamp : 2025-07-22 23:32:43===> API : null ===> Message : validateRequest() Error:: Invalid Request :: 
      {"apiUri":"/"}
info: ===> TimeStamp : 2025-07-22 23:41:32===> API : null ===> Message : validateRequest() invoked
info: ===> TimeStamp : 2025-07-22 23:41:32===> API : null ===> Message : fetchDBSettings()
info: ===> TimeStamp : 2025-07-22 23:41:32===> API : null ===> Message : validateRequest() Invoked!
info: ===> TimeStamp : 2025-07-22 23:41:32===> API : null ===> Message : validRequest() :: Api validated Successfully
info: ===> TimeStamp : 2025-07-22 23:41:32===> API : /api/auth/validateuser ===> Message : validateUser() :: Request Object :: [object Object]
info: ===> TimeStamp : 2025-07-22 23:41:32===> API : /api/auth/validateuser ===> Message : validateUser() invoked!!
info: ===> TimeStamp : 2025-07-22 23:41:32===> API : /api/auth/validateuser ===> Message : validateUserDB() Invoked !
info: ===> TimeStamp : 2025-07-22 23:41:32===> API : /api/auth/validateuser ===> Message : validateUserResponse() invoked!
info: ===> TimeStamp : 2025-07-22 23:41:32===> API : /api/auth/validateuser ===> Message : validateUserResponse() completed
info: ===> TimeStamp : 2025-07-22 23:41:32===> API : null ===> Message : validateRequest() invoked
info: ===> TimeStamp : 2025-07-22 23:41:32===> API : null ===> Message : fetchDBSettings()
info: ===> TimeStamp : 2025-07-22 23:41:32===> API : null ===> Message : validateRequest() Invoked!
info: ===> TimeStamp : 2025-07-22 23:41:32===> API : null ===> Message : validRequest() :: Api validated Successfully
info: ===> TimeStamp : 2025-07-22 23:41:32===> API : /api/auth/login ===> Message : loginUser() invoked!!
info: ===> TimeStamp : 2025-07-22 23:41:32===> API : /api/auth/login ===> Message : loginUser() :: Request Object :: [object Object]
info: ===> TimeStamp : 2025-07-22 23:41:32===> API : /api/auth/login ===> Message : loginUserDB() Invoked !
info: ===> TimeStamp : 2025-07-22 23:41:32===> API : /api/auth/login ===> Message : loginUserResponse() invoked!
info: ===> TimeStamp : 2025-07-22 23:41:32===> API : /api/auth/login ===> Message : loginUserResponse() completed
info: ===> TimeStamp : 2025-07-22 23:44:56===> API : null ===> Message : validateRequest() invoked
info: ===> TimeStamp : 2025-07-22 23:44:56===> API : null ===> Message : fetchDBSettings()
info: ===> TimeStamp : 2025-07-22 23:44:56===> API : null ===> Message : validateRequest() Invoked!
info: ===> TimeStamp : 2025-07-22 23:44:56===> API : null ===> Message : validRequest() :: Api validated Successfully
info: ===> TimeStamp : 2025-07-22 23:44:56===> API : /api/auth/validateuser ===> Message : validateUser() invoked!!
info: ===> TimeStamp : 2025-07-22 23:44:56===> API : /api/auth/validateuser ===> Message : validateUser() :: Request Object :: [object Object]
info: ===> TimeStamp : 2025-07-22 23:44:56===> API : /api/auth/validateuser ===> Message : validateUserDB() Invoked !
info: ===> TimeStamp : 2025-07-22 23:44:56===> API : /api/auth/validateuser ===> Message : validateUserResponse() invoked!
info: ===> TimeStamp : 2025-07-22 23:44:56===> API : /api/auth/validateuser ===> Message : validateUserResponse() completed
info: ===> TimeStamp : 2025-07-22 23:44:57===> API : null ===> Message : validateRequest() invoked
info: ===> TimeStamp : 2025-07-22 23:44:57===> API : null ===> Message : fetchDBSettings()
info: ===> TimeStamp : 2025-07-22 23:44:57===> API : null ===> Message : validateRequest() Invoked!
info: ===> TimeStamp : 2025-07-22 23:44:57===> API : null ===> Message : validRequest() :: Api validated Successfully
info: ===> TimeStamp : 2025-07-22 23:44:57===> API : /api/auth/login ===> Message : loginUser() invoked!!
info: ===> TimeStamp : 2025-07-22 23:44:57===> API : /api/auth/login ===> Message : loginUser() :: Request Object :: [object Object]
info: ===> TimeStamp : 2025-07-22 23:44:57===> API : /api/auth/login ===> Message : loginUserDB() Invoked !
info: ===> TimeStamp : 2025-07-22 23:44:57===> API : /api/auth/login ===> Message : loginUserResponse() invoked!
info: ===> TimeStamp : 2025-07-22 23:44:57===> API : /api/auth/login ===> Message : loginUserResponse() completed
info: ===> TimeStamp : 2025-07-22 23:47:29===> API : null ===> Message : validateRequest() invoked
info: ===> TimeStamp : 2025-07-22 23:47:29===> API : null ===> Message : validateRequest() Error:: Invalid Request :: 
      {"apiUri":"/"}
info: ===> TimeStamp : 2025-07-22 23:47:33===> API : null ===> Message : validateRequest() invoked
info: ===> TimeStamp : 2025-07-22 23:47:33===> API : null ===> Message : validateRequest() Error:: Invalid Request :: 
      {"apiUri":"/"}
info: ===> TimeStamp : 2025-07-22 23:47:34===> API : null ===> Message : validateRequest() invoked
info: ===> TimeStamp : 2025-07-22 23:47:34===> API : null ===> Message : validateRequest() Error:: Invalid Request :: 
      {"apiUri":"/@vite/env"}
info: ===> TimeStamp : 2025-07-22 23:47:35===> API : null ===> Message : validateRequest() invoked
info: ===> TimeStamp : 2025-07-22 23:47:35===> API : null ===> Message : validateRequest() Error:: Invalid Request :: 
      {"apiUri":"/actuator/env"}
info: ===> TimeStamp : 2025-07-22 23:47:35===> API : null ===> Message : validateRequest() invoked
info: ===> TimeStamp : 2025-07-22 23:47:35===> API : null ===> Message : validateRequest() Error:: Invalid Request :: 
      {"apiUri":"/php-cgi/php-cgi.exe"}
info: ===> TimeStamp : 2025-07-22 23:47:36===> API : null ===> Message : validateRequest() invoked
info: ===> TimeStamp : 2025-07-22 23:47:36===> API : null ===> Message : validateRequest() Error:: Invalid Request :: 
      {"apiUri":"/server"}
info: ===> TimeStamp : 2025-07-22 23:47:37===> API : null ===> Message : validateRequest() invoked
info: ===> TimeStamp : 2025-07-22 23:47:37===> API : null ===> Message : validateRequest() Error:: Invalid Request :: 
      {"apiUri":"/.vscode/sftp.json"}
info: ===> TimeStamp : 2025-07-22 23:47:37===> API : null ===> Message : validateRequest() invoked
info: ===> TimeStamp : 2025-07-22 23:47:37===> API : null ===> Message : validateRequest() Error:: Invalid Request :: 
      {"apiUri":"/about"}
info: ===> TimeStamp : 2025-07-22 23:47:38===> API : null ===> Message : validateRequest() invoked
info: ===> TimeStamp : 2025-07-22 23:47:38===> API : null ===> Message : validateRequest() Error:: Invalid Request :: 
      {"apiUri":"/debug/default/view"}
info: ===> TimeStamp : 2025-07-22 23:47:39===> API : null ===> Message : validateRequest() invoked
info: ===> TimeStamp : 2025-07-22 23:47:39===> API : null ===> Message : validateRequest() Error:: Invalid Request :: 
      {"apiUri":"/v2/_catalog"}
info: ===> TimeStamp : 2025-07-22 23:47:39===> API : null ===> Message : validateRequest() invoked
info: ===> TimeStamp : 2025-07-22 23:47:39===> API : null ===> Message : validateRequest() Error:: Invalid Request :: 
      {"apiUri":"/ecp/Current/exporttool/microsoft.exchange.ediscovery.exporttool.application"}
info: ===> TimeStamp : 2025-07-22 23:47:40===> API : null ===> Message : validateRequest() invoked
info: ===> TimeStamp : 2025-07-22 23:47:40===> API : null ===> Message : validateRequest() Error:: Invalid Request :: 
      {"apiUri":"/server-status"}
info: ===> TimeStamp : 2025-07-22 23:47:40===> API : null ===> Message : validateRequest() invoked
info: ===> TimeStamp : 2025-07-22 23:47:40===> API : null ===> Message : validateRequest() Error:: Invalid Request :: 
      {"apiUri":"/login.action"}
info: ===> TimeStamp : 2025-07-22 23:47:41===> API : null ===> Message : validateRequest() invoked
info: ===> TimeStamp : 2025-07-22 23:47:41===> API : null ===> Message : validateRequest() Error:: Invalid Request :: 
      {"apiUri":"/_all_dbs"}
info: ===> TimeStamp : 2025-07-22 23:47:42===> API : null ===> Message : validateRequest() invoked
info: ===> TimeStamp : 2025-07-22 23:47:42===> API : null ===> Message : validateRequest() Error:: Invalid Request :: 
      {"apiUri":"/.DS_Store"}
info: ===> TimeStamp : 2025-07-22 23:47:42===> API : null ===> Message : validateRequest() invoked
info: ===> TimeStamp : 2025-07-22 23:47:42===> API : null ===> Message : validateRequest() Error:: Invalid Request :: 
      {"apiUri":"/.env"}
info: ===> TimeStamp : 2025-07-22 23:47:43===> API : null ===> Message : validateRequest() invoked
info: ===> TimeStamp : 2025-07-22 23:47:43===> API : null ===> Message : validateRequest() Error:: Invalid Request :: 
      {"apiUri":"/.git/config"}
info: ===> TimeStamp : 2025-07-22 23:47:44===> API : null ===> Message : validateRequest() invoked
info: ===> TimeStamp : 2025-07-22 23:47:44===> API : null ===> Message : validateRequest() Error:: Invalid Request :: 
      {"apiUri":"/s/535313e27313e273e233/_/;/META-INF/maven/com.atlassian.jira/jira-webapp-dist/pom.properties"}
info: ===> TimeStamp : 2025-07-22 23:47:44===> API : null ===> Message : validateRequest() invoked
info: ===> TimeStamp : 2025-07-22 23:47:44===> API : null ===> Message : validateRequest() Error:: Invalid Request :: 
      {"apiUri":"/config.json"}
info: ===> TimeStamp : 2025-07-22 23:47:45===> API : null ===> Message : validateRequest() invoked
info: ===> TimeStamp : 2025-07-22 23:47:45===> API : null ===> Message : validateRequest() Error:: Invalid Request :: 
      {"apiUri":"/telescope/requests"}
info: ===> TimeStamp : 2025-07-22 23:47:46===> API : null ===> Message : validateRequest() invoked
info: ===> TimeStamp : 2025-07-22 23:47:46===> API : null ===> Message : validateRequest() Error:: Invalid Request :: 
      {"apiUri":"/info.php"}
info: ===> TimeStamp : 2025-07-22 23:47:46===> API : null ===> Message : validateRequest() Error:: Invalid Request :: 
      {"apiUri":"/"}
info: ===> TimeStamp : 2025-07-22 23:47:46===> API : null ===> Message : validateRequest() invoked
info: ===> TimeStamp : 2025-07-23 01:59:02===> API : null ===> Message : validateRequest() invoked
info: ===> TimeStamp : 2025-07-23 01:59:02===> API : null ===> Message : fetchDBSettings()
info: ===> TimeStamp : 2025-07-23 01:59:02===> API : null ===> Message : validateRequest() Invoked!
info: ===> TimeStamp : 2025-07-23 01:59:02===> API : null ===> Message : validRequest() :: Api validated Successfully
info: ===> TimeStamp : 2025-07-23 01:59:02===> API : /api/auth/logout ===> Message : logoutUser() invoked!!
info: ===> TimeStamp : 2025-07-23 01:59:02===> API : /api/auth/logout ===> Message : logoutUser() :: Request Object :: [object Object]
info: ===> TimeStamp : 2025-07-23 01:59:02===> API : /api/auth/logout ===> Message : logoutUserDB() Invoked !
info: ===> TimeStamp : 2025-07-23 01:59:03===> API : /api/auth/logout ===> Message : logoutUserResponse() invoked!
info: ===> TimeStamp : 2025-07-23 01:59:03===> API : /api/auth/logout ===> Message : logoutUserResponse() completed
info: ===> TimeStamp : 2025-07-23 05:01:30===> API : null ===> Message : validateRequest() invoked
info: ===> TimeStamp : 2025-07-23 05:01:30===> API : null ===> Message : fetchDBSettings()
info: ===> TimeStamp : 2025-07-23 05:01:30===> API : null ===> Message : validateRequest() Invoked!
info: ===> TimeStamp : 2025-07-23 05:01:30===> API : null ===> Message : validRequest() :: Api validated Successfully
info: ===> TimeStamp : 2025-07-23 05:01:30===> API : /api/auth/validateuser ===> Message : validateUser() invoked!!
info: ===> TimeStamp : 2025-07-23 05:01:30===> API : /api/auth/validateuser ===> Message : validateUser() :: Request Object :: [object Object]
info: ===> TimeStamp : 2025-07-23 05:01:30===> API : /api/auth/validateuser ===> Message : validateUserDB() Invoked !
info: ===> TimeStamp : 2025-07-23 05:01:30===> API : /api/auth/validateuser ===> Message : validateUserResponse() invoked!
info: ===> TimeStamp : 2025-07-23 05:01:30===> API : /api/auth/validateuser ===> Message : validateUserResponse() completed
info: ===> TimeStamp : 2025-07-23 05:01:31===> API : null ===> Message : validateRequest() invoked
info: ===> TimeStamp : 2025-07-23 05:01:31===> API : null ===> Message : fetchDBSettings()
info: ===> TimeStamp : 2025-07-23 05:01:31===> API : null ===> Message : validateRequest() Invoked!
info: ===> TimeStamp : 2025-07-23 05:01:31===> API : null ===> Message : validRequest() :: Api validated Successfully
info: ===> TimeStamp : 2025-07-23 05:01:31===> API : /api/auth/checkIP ===> Message : checkIP() invoked!!
info: ===> TimeStamp : 2025-07-23 05:01:31===> API : /api/auth/checkIP ===> Message : IPs match: 103.255.182.117
info: ===> TimeStamp : 2025-07-23 05:01:31===> API : /api/auth/checkIP ===> Message : checkIPResponse() invoked!
info: ===> TimeStamp : 2025-07-23 05:01:31===> API : /api/auth/checkIP ===> Message : checkIPResponse() completed
info: ===> TimeStamp : 2025-07-23 05:01:31===> API : null ===> Message : validateRequest() invoked
info: ===> TimeStamp : 2025-07-23 05:01:31===> API : null ===> Message : fetchDBSettings()
info: ===> TimeStamp : 2025-07-23 05:01:31===> API : null ===> Message : validateRequest() Invoked!
info: ===> TimeStamp : 2025-07-23 05:01:31===> API : null ===> Message : validRequest() :: Api validated Successfully
info: ===> TimeStamp : 2025-07-23 05:01:31===> API : /api/auth/login ===> Message : loginUser() invoked!!
info: ===> TimeStamp : 2025-07-23 05:01:31===> API : /api/auth/login ===> Message : loginUser() :: Request Object :: [object Object]
info: ===> TimeStamp : 2025-07-23 05:01:31===> API : /api/auth/login ===> Message : loginUserDB() Invoked !
info: ===> TimeStamp : 2025-07-23 05:01:31===> API : /api/auth/login ===> Message : loginUserResponse() invoked!
info: ===> TimeStamp : 2025-07-23 05:01:31===> API : /api/auth/login ===> Message : loginUserResponse() completed
