info: ===> TimeStamp : 2025-07-07 06:03:29===> API : null ===> Message : validateRequest() invoked
info: ===> TimeStamp : 2025-07-07 06:03:29===> API : null ===> Message : validateRequest() Error:: Invalid Request :: 
      {"apiUri":"/"}
info: ===> TimeStamp : 2025-07-07 06:03:35===> API : null ===> Message : validateRequest() invoked
info: ===> TimeStamp : 2025-07-07 06:03:35===> API : null ===> Message : validateRequest() Error:: Invalid Request :: 
      {"apiUri":"/favicon.ico"}
info: ===> TimeStamp : 2025-07-07 06:33:11===> API : null ===> Message : validateRequest() invoked
info: ===> TimeStamp : 2025-07-07 06:33:11===> API : null ===> Message : fetchDBSettings()
info: ===> TimeStamp : 2025-07-07 06:33:11===> API : null ===> Message : validateRequest() Invoked!
info: ===> TimeStamp : 2025-07-07 06:33:11===> API : null ===> Message : validRequest() :: Api validated Successfully
info: ===> TimeStamp : 2025-07-07 06:33:11===> API : /api/auth/validateuser ===> Message : validateUser() invoked!!
info: ===> TimeStamp : 2025-07-07 06:33:11===> API : /api/auth/validateuser ===> Message : validateUser() :: Request Object :: [object Object]
info: ===> TimeStamp : 2025-07-07 06:33:11===> API : /api/auth/validateuser ===> Message : validateUserDB() Invoked !
info: ===> TimeStamp : 2025-07-07 06:33:11===> API : /api/auth/validateuser ===> Message : validateUserResponse() invoked!
info: ===> TimeStamp : 2025-07-07 06:33:11===> API : /api/auth/validateuser ===> Message : validateUserResponse() completed
info: ===> TimeStamp : 2025-07-07 06:33:11===> API : null ===> Message : validateRequest() invoked
info: ===> TimeStamp : 2025-07-07 06:33:11===> API : null ===> Message : fetchDBSettings()
info: ===> TimeStamp : 2025-07-07 06:33:11===> API : null ===> Message : validateRequest() Invoked!
info: ===> TimeStamp : 2025-07-07 06:33:11===> API : null ===> Message : validRequest() :: Api validated Successfully
info: ===> TimeStamp : 2025-07-07 06:33:11===> API : /api/auth/checkIP ===> Message : IPs match: 103.255.182.117
info: ===> TimeStamp : 2025-07-07 06:33:11===> API : /api/auth/checkIP ===> Message : checkIP() invoked!!
info: ===> TimeStamp : 2025-07-07 06:33:11===> API : /api/auth/checkIP ===> Message : checkIPResponse() invoked!
info: ===> TimeStamp : 2025-07-07 06:33:11===> API : /api/auth/checkIP ===> Message : checkIPResponse() completed
info: ===> TimeStamp : 2025-07-07 06:33:11===> API : null ===> Message : validateRequest() invoked
info: ===> TimeStamp : 2025-07-07 06:33:11===> API : null ===> Message : fetchDBSettings()
info: ===> TimeStamp : 2025-07-07 06:33:11===> API : null ===> Message : validateRequest() Invoked!
info: ===> TimeStamp : 2025-07-07 06:33:11===> API : null ===> Message : validRequest() :: Api validated Successfully
info: ===> TimeStamp : 2025-07-07 06:33:11===> API : /api/auth/login ===> Message : loginUser() invoked!!
info: ===> TimeStamp : 2025-07-07 06:33:11===> API : /api/auth/login ===> Message : loginUser() :: Request Object :: [object Object]
info: ===> TimeStamp : 2025-07-07 06:33:11===> API : /api/auth/login ===> Message : loginUserDB() Invoked !
info: ===> TimeStamp : 2025-07-07 06:33:11===> API : /api/auth/login ===> Message : loginUserResponse() invoked!
info: ===> TimeStamp : 2025-07-07 06:33:11===> API : /api/auth/login ===> Message : loginUserResponse() completed
info: ===> TimeStamp : 2025-07-07 06:59:08===> API : null ===> Message : validateRequest() invoked
info: ===> TimeStamp : 2025-07-07 06:59:08===> API : null ===> Message : fetchDBSettings()
info: ===> TimeStamp : 2025-07-07 06:59:08===> API : null ===> Message : validateRequest() Invoked!
info: ===> TimeStamp : 2025-07-07 06:59:08===> API : null ===> Message : validRequest() :: Api validated Successfully
info: ===> TimeStamp : 2025-07-07 06:59:08===> API : /api/auth/logout ===> Message : logoutUser() invoked!!
info: ===> TimeStamp : 2025-07-07 06:59:08===> API : /api/auth/logout ===> Message : logoutUser() :: Request Object :: [object Object]
info: ===> TimeStamp : 2025-07-07 06:59:08===> API : /api/auth/logout ===> Message : logoutUserDB() Invoked !
info: ===> TimeStamp : 2025-07-07 06:59:08===> API : /api/auth/logout ===> Message : logoutUserResponse() invoked!
info: ===> TimeStamp : 2025-07-07 06:59:08===> API : /api/auth/logout ===> Message : logoutUserResponse() completed
info: ===> TimeStamp : 2025-07-07 07:04:57===> API : null ===> Message : validateRequest() invoked
info: ===> TimeStamp : 2025-07-07 07:04:57===> API : null ===> Message : fetchDBSettings()
info: ===> TimeStamp : 2025-07-07 07:04:57===> API : null ===> Message : validateRequest() Invoked!
info: ===> TimeStamp : 2025-07-07 07:04:57===> API : null ===> Message : validRequest() :: Api validated Successfully
info: ===> TimeStamp : 2025-07-07 07:04:57===> API : /api/auth/validateuser ===> Message : validateUser() invoked!!
info: ===> TimeStamp : 2025-07-07 07:04:57===> API : /api/auth/validateuser ===> Message : validateUser() :: Request Object :: [object Object]
info: ===> TimeStamp : 2025-07-07 07:04:57===> API : /api/auth/validateuser ===> Message : validateUserDB() Invoked !
info: ===> TimeStamp : 2025-07-07 07:04:57===> API : /api/auth/validateuser ===> Message : validateUserDB() :: Error :: {"code":"ER_SIGNAL_EXCEPTION","errno":1644,"sqlState":"10005","sqlMessage":"User Does Not Exist","sql":"CALL usp_validate_user('rakshali', 'rakshali@1')"}
info: ===> TimeStamp : 2025-07-07 07:04:57===> API : /api/auth/validateuser ===> Message : validateUserDBResult :: Error :: {"ErrorCode":10005,"ErrorMessage":"User Does Not Exist"}
info: ===> TimeStamp : 2025-07-07 07:04:57===> API : /api/auth/validateuser ===> Message : validateUserResponse() invoked!
info: ===> TimeStamp : 2025-07-07 07:04:57===> API : /api/auth/validateuser ===> Message : validateUserResponse() completed
info: ===> TimeStamp : 2025-07-07 07:05:04===> API : null ===> Message : validateRequest() invoked
info: ===> TimeStamp : 2025-07-07 07:05:04===> API : null ===> Message : fetchDBSettings()
info: ===> TimeStamp : 2025-07-07 07:05:04===> API : null ===> Message : validateRequest() Invoked!
info: ===> TimeStamp : 2025-07-07 07:05:04===> API : null ===> Message : validRequest() :: Api validated Successfully
info: ===> TimeStamp : 2025-07-07 07:05:04===> API : /api/auth/validateuser ===> Message : validateUser() invoked!!
info: ===> TimeStamp : 2025-07-07 07:05:04===> API : /api/auth/validateuser ===> Message : validateUser() :: Request Object :: [object Object]
info: ===> TimeStamp : 2025-07-07 07:05:04===> API : /api/auth/validateuser ===> Message : validateUserDB() Invoked !
info: ===> TimeStamp : 2025-07-07 07:05:04===> API : /api/auth/validateuser ===> Message : validateUserResponse() invoked!
info: ===> TimeStamp : 2025-07-07 07:05:04===> API : /api/auth/validateuser ===> Message : validateUserResponse() completed
info: ===> TimeStamp : 2025-07-07 07:05:04===> API : null ===> Message : validateRequest() invoked
info: ===> TimeStamp : 2025-07-07 07:05:04===> API : null ===> Message : fetchDBSettings()
info: ===> TimeStamp : 2025-07-07 07:05:04===> API : null ===> Message : validateRequest() Invoked!
info: ===> TimeStamp : 2025-07-07 07:05:04===> API : null ===> Message : validRequest() :: Api validated Successfully
info: ===> TimeStamp : 2025-07-07 07:05:04===> API : /api/auth/checkIP ===> Message : IPs match: 103.255.182.117
info: ===> TimeStamp : 2025-07-07 07:05:04===> API : /api/auth/checkIP ===> Message : checkIP() invoked!!
info: ===> TimeStamp : 2025-07-07 07:05:04===> API : /api/auth/checkIP ===> Message : checkIPResponse() invoked!
info: ===> TimeStamp : 2025-07-07 07:05:04===> API : /api/auth/checkIP ===> Message : checkIPResponse() completed
info: ===> TimeStamp : 2025-07-07 07:05:04===> API : null ===> Message : validateRequest() invoked
info: ===> TimeStamp : 2025-07-07 07:05:04===> API : null ===> Message : fetchDBSettings()
info: ===> TimeStamp : 2025-07-07 07:05:04===> API : null ===> Message : validateRequest() Invoked!
info: ===> TimeStamp : 2025-07-07 07:05:04===> API : null ===> Message : validRequest() :: Api validated Successfully
info: ===> TimeStamp : 2025-07-07 07:05:04===> API : /api/auth/login ===> Message : loginUser() invoked!!
info: ===> TimeStamp : 2025-07-07 07:05:04===> API : /api/auth/login ===> Message : loginUser() :: Request Object :: [object Object]
info: ===> TimeStamp : 2025-07-07 07:05:04===> API : /api/auth/login ===> Message : loginUserDB() Invoked !
info: ===> TimeStamp : 2025-07-07 07:05:05===> API : /api/auth/login ===> Message : loginUserResponse() invoked!
info: ===> TimeStamp : 2025-07-07 07:05:05===> API : /api/auth/login ===> Message : loginUserResponse() completed
info: ===> TimeStamp : 2025-07-07 07:05:29===> API : null ===> Message : validateRequest() invoked
info: ===> TimeStamp : 2025-07-07 07:05:29===> API : null ===> Message : fetchDBSettings()
info: ===> TimeStamp : 2025-07-07 07:05:29===> API : null ===> Message : validateRequest() Invoked!
info: ===> TimeStamp : 2025-07-07 07:05:29===> API : null ===> Message : validRequest() :: Api validated Successfully
info: ===> TimeStamp : 2025-07-07 07:05:29===> API : /api/auth/validateuser ===> Message : validateUser() invoked!!
info: ===> TimeStamp : 2025-07-07 07:05:29===> API : /api/auth/validateuser ===> Message : validateUser() :: Request Object :: [object Object]
info: ===> TimeStamp : 2025-07-07 07:05:29===> API : /api/auth/validateuser ===> Message : validateUserDB() Invoked !
info: ===> TimeStamp : 2025-07-07 07:05:29===> API : /api/auth/validateuser ===> Message : validateUserResponse() invoked!
info: ===> TimeStamp : 2025-07-07 07:05:29===> API : /api/auth/validateuser ===> Message : validateUserResponse() completed
info: ===> TimeStamp : 2025-07-07 07:05:30===> API : null ===> Message : validateRequest() invoked
info: ===> TimeStamp : 2025-07-07 07:05:30===> API : null ===> Message : fetchDBSettings()
info: ===> TimeStamp : 2025-07-07 07:05:30===> API : null ===> Message : validateRequest() Invoked!
info: ===> TimeStamp : 2025-07-07 07:05:30===> API : null ===> Message : validRequest() :: Api validated Successfully
info: ===> TimeStamp : 2025-07-07 07:05:30===> API : /api/auth/checkIP ===> Message : checkIP() invoked!!
info: ===> TimeStamp : 2025-07-07 07:05:30===> API : /api/auth/checkIP ===> Message : IPs match: 103.225.102.194
info: ===> TimeStamp : 2025-07-07 07:05:30===> API : /api/auth/checkIP ===> Message : checkIPResponse() invoked!
info: ===> TimeStamp : 2025-07-07 07:05:30===> API : /api/auth/checkIP ===> Message : checkIPResponse() completed
info: ===> TimeStamp : 2025-07-07 07:05:30===> API : null ===> Message : validateRequest() invoked
info: ===> TimeStamp : 2025-07-07 07:05:30===> API : null ===> Message : fetchDBSettings()
info: ===> TimeStamp : 2025-07-07 07:05:30===> API : null ===> Message : validateRequest() Invoked!
info: ===> TimeStamp : 2025-07-07 07:05:30===> API : null ===> Message : validRequest() :: Api validated Successfully
info: ===> TimeStamp : 2025-07-07 07:05:30===> API : /api/auth/login ===> Message : loginUser() invoked!!
info: ===> TimeStamp : 2025-07-07 07:05:30===> API : /api/auth/login ===> Message : loginUser() :: Request Object :: [object Object]
info: ===> TimeStamp : 2025-07-07 07:05:30===> API : /api/auth/login ===> Message : loginUserDB() Invoked !
info: ===> TimeStamp : 2025-07-07 07:05:30===> API : /api/auth/login ===> Message : loginUserResponse() invoked!
info: ===> TimeStamp : 2025-07-07 07:05:30===> API : /api/auth/login ===> Message : loginUserResponse() completed
info: ===> TimeStamp : 2025-07-07 08:10:01===> API : null ===> Message : validateRequest() invoked
info: ===> TimeStamp : 2025-07-07 08:10:01===> API : null ===> Message : validateRequest() Error:: Invalid Request :: 
      {"apiUri":"/"}
info: ===> TimeStamp : 2025-07-07 11:02:47===> API : null ===> Message : validateRequest() invoked
info: ===> TimeStamp : 2025-07-07 11:02:47===> API : null ===> Message : validateRequest() Error:: Invalid Request :: 
      {"apiUri":"/"}
info: ===> TimeStamp : 2025-07-07 11:02:54===> API : null ===> Message : validateRequest() invoked
info: ===> TimeStamp : 2025-07-07 11:02:54===> API : null ===> Message : validateRequest() Error:: Invalid Request :: 
      {"apiUri":"/favicon.ico"}
info: ===> TimeStamp : 2025-07-07 12:01:47===> API : null ===> Message : fetchDBSettings()
info: ===> TimeStamp : 2025-07-07 12:01:47===> API : null ===> Message : validateRequest() invoked
info: ===> TimeStamp : 2025-07-07 12:01:47===> API : null ===> Message : validateRequest() Invoked!
info: ===> TimeStamp : 2025-07-07 12:01:47===> API : null ===> Message : validRequest() :: Api validated Successfully
info: ===> TimeStamp : 2025-07-07 12:01:47===> API : /api/auth/validateuser ===> Message : validateUser() :: Request Object :: [object Object]
info: ===> TimeStamp : 2025-07-07 12:01:47===> API : /api/auth/validateuser ===> Message : validateUser() invoked!!
info: ===> TimeStamp : 2025-07-07 12:01:47===> API : /api/auth/validateuser ===> Message : validateUserDB() Invoked !
info: ===> TimeStamp : 2025-07-07 12:01:47===> API : /api/auth/validateuser ===> Message : validateUserResponse() invoked!
info: ===> TimeStamp : 2025-07-07 12:01:47===> API : /api/auth/validateuser ===> Message : validateUserResponse() completed
info: ===> TimeStamp : 2025-07-07 12:01:47===> API : null ===> Message : validateRequest() invoked
info: ===> TimeStamp : 2025-07-07 12:01:47===> API : null ===> Message : fetchDBSettings()
info: ===> TimeStamp : 2025-07-07 12:01:47===> API : null ===> Message : validateRequest() Invoked!
info: ===> TimeStamp : 2025-07-07 12:01:47===> API : null ===> Message : validRequest() :: Api validated Successfully
info: ===> TimeStamp : 2025-07-07 12:01:47===> API : /api/auth/login ===> Message : loginUser() :: Request Object :: [object Object]
info: ===> TimeStamp : 2025-07-07 12:01:47===> API : /api/auth/login ===> Message : loginUserDB() Invoked !
info: ===> TimeStamp : 2025-07-07 12:01:47===> API : /api/auth/login ===> Message : loginUser() invoked!!
info: ===> TimeStamp : 2025-07-07 12:01:47===> API : /api/auth/login ===> Message : loginUserResponse() invoked!
info: ===> TimeStamp : 2025-07-07 12:01:47===> API : /api/auth/login ===> Message : loginUserResponse() completed
info: ===> TimeStamp : 2025-07-07 12:23:34===> API : null ===> Message : validateRequest() invoked
info: ===> TimeStamp : 2025-07-07 12:23:34===> API : null ===> Message : fetchDBSettings()
info: ===> TimeStamp : 2025-07-07 12:23:34===> API : null ===> Message : validateRequest() Invoked!
info: ===> TimeStamp : 2025-07-07 12:23:34===> API : /api/auth/validateuser ===> Message : validateUser() invoked!!
info: ===> TimeStamp : 2025-07-07 12:23:34===> API : /api/auth/validateuser ===> Message : validateUser() :: Request Object :: [object Object]
info: ===> TimeStamp : 2025-07-07 12:23:34===> API : /api/auth/validateuser ===> Message : validateUserDB() Invoked !
info: ===> TimeStamp : 2025-07-07 12:23:34===> API : null ===> Message : validRequest() :: Api validated Successfully
info: ===> TimeStamp : 2025-07-07 12:23:34===> API : /api/auth/validateuser ===> Message : validateUserResponse() invoked!
info: ===> TimeStamp : 2025-07-07 12:23:34===> API : /api/auth/validateuser ===> Message : validateUserResponse() completed
info: ===> TimeStamp : 2025-07-07 12:23:34===> API : null ===> Message : validateRequest() invoked
info: ===> TimeStamp : 2025-07-07 12:23:34===> API : null ===> Message : fetchDBSettings()
info: ===> TimeStamp : 2025-07-07 12:23:34===> API : null ===> Message : validateRequest() Invoked!
info: ===> TimeStamp : 2025-07-07 12:23:34===> API : null ===> Message : validRequest() :: Api validated Successfully
info: ===> TimeStamp : 2025-07-07 12:23:34===> API : /api/auth/login ===> Message : loginUser() invoked!!
info: ===> TimeStamp : 2025-07-07 12:23:34===> API : /api/auth/login ===> Message : loginUser() :: Request Object :: [object Object]
info: ===> TimeStamp : 2025-07-07 12:23:34===> API : /api/auth/login ===> Message : loginUserDB() Invoked !
info: ===> TimeStamp : 2025-07-07 12:23:34===> API : /api/auth/login ===> Message : loginUserResponse() invoked!
info: ===> TimeStamp : 2025-07-07 12:23:34===> API : /api/auth/login ===> Message : loginUserResponse() completed
info: ===> TimeStamp : 2025-07-07 12:44:23===> API : null ===> Message : validateRequest() invoked
info: ===> TimeStamp : 2025-07-07 12:44:23===> API : null ===> Message : fetchDBSettings()
info: ===> TimeStamp : 2025-07-07 12:44:23===> API : null ===> Message : validateRequest() Invoked!
info: ===> TimeStamp : 2025-07-07 12:44:23===> API : null ===> Message : validRequest() :: Api validated Successfully
info: ===> TimeStamp : 2025-07-07 12:44:23===> API : /api/auth/validateuser ===> Message : validateUser() invoked!!
info: ===> TimeStamp : 2025-07-07 12:44:23===> API : /api/auth/validateuser ===> Message : validateUser() :: Request Object :: [object Object]
info: ===> TimeStamp : 2025-07-07 12:44:23===> API : /api/auth/validateuser ===> Message : validateUserDB() Invoked !
info: ===> TimeStamp : 2025-07-07 12:44:23===> API : /api/auth/validateuser ===> Message : validateUserResponse() invoked!
info: ===> TimeStamp : 2025-07-07 12:44:23===> API : /api/auth/validateuser ===> Message : validateUserResponse() completed
info: ===> TimeStamp : 2025-07-07 12:44:23===> API : null ===> Message : validateRequest() invoked
info: ===> TimeStamp : 2025-07-07 12:44:23===> API : null ===> Message : fetchDBSettings()
info: ===> TimeStamp : 2025-07-07 12:44:23===> API : null ===> Message : validateRequest() Invoked!
info: ===> TimeStamp : 2025-07-07 12:44:23===> API : null ===> Message : validRequest() :: Api validated Successfully
info: ===> TimeStamp : 2025-07-07 12:44:23===> API : /api/auth/login ===> Message : loginUser() invoked!!
info: ===> TimeStamp : 2025-07-07 12:44:23===> API : /api/auth/login ===> Message : loginUser() :: Request Object :: [object Object]
info: ===> TimeStamp : 2025-07-07 12:44:23===> API : /api/auth/login ===> Message : loginUserDB() Invoked !
info: ===> TimeStamp : 2025-07-07 12:44:23===> API : /api/auth/login ===> Message : loginUserResponse() invoked!
info: ===> TimeStamp : 2025-07-07 12:44:23===> API : /api/auth/login ===> Message : loginUserResponse() completed
info: ===> TimeStamp : 2025-07-07 13:38:41===> API : null ===> Message : validateRequest() invoked
info: ===> TimeStamp : 2025-07-07 13:38:41===> API : null ===> Message : validateRequest() Error:: Invalid Request :: 
      {"apiUri":"/"}
info: ===> TimeStamp : 2025-07-07 14:34:31===> API : null ===> Message : validateRequest() invoked
info: ===> TimeStamp : 2025-07-07 14:34:31===> API : null ===> Message : fetchDBSettings()
info: ===> TimeStamp : 2025-07-07 14:34:31===> API : null ===> Message : validateRequest() Invoked!
info: ===> TimeStamp : 2025-07-07 14:34:31===> API : /api/auth/logout ===> Message : logoutUser() invoked!!
info: ===> TimeStamp : 2025-07-07 14:34:31===> API : null ===> Message : validRequest() :: Api validated Successfully
info: ===> TimeStamp : 2025-07-07 14:34:31===> API : /api/auth/logout ===> Message : logoutUser() :: Request Object :: [object Object]
info: ===> TimeStamp : 2025-07-07 14:34:31===> API : /api/auth/logout ===> Message : logoutUserDB() Invoked !
info: ===> TimeStamp : 2025-07-07 14:34:31===> API : /api/auth/logout ===> Message : logoutUserResponse() invoked!
info: ===> TimeStamp : 2025-07-07 14:34:31===> API : /api/auth/logout ===> Message : logoutUserResponse() completed
info: ===> TimeStamp : 2025-07-07 14:38:52===> API : null ===> Message : validateRequest() invoked
info: ===> TimeStamp : 2025-07-07 14:38:52===> API : null ===> Message : fetchDBSettings()
info: ===> TimeStamp : 2025-07-07 14:38:52===> API : null ===> Message : validateRequest() Invoked!
info: ===> TimeStamp : 2025-07-07 14:38:52===> API : null ===> Message : validRequest() :: Api validated Successfully
info: ===> TimeStamp : 2025-07-07 14:38:52===> API : /api/auth/logout ===> Message : logoutUser() invoked!!
info: ===> TimeStamp : 2025-07-07 14:38:52===> API : /api/auth/logout ===> Message : logoutUser() :: Request Object :: [object Object]
info: ===> TimeStamp : 2025-07-07 14:38:52===> API : /api/auth/logout ===> Message : logoutUserDB() Invoked !
info: ===> TimeStamp : 2025-07-07 14:38:52===> API : /api/auth/logout ===> Message : logoutUserResponse() invoked!
info: ===> TimeStamp : 2025-07-07 14:38:52===> API : /api/auth/logout ===> Message : logoutUserResponse() completed
info: ===> TimeStamp : 2025-07-07 14:40:58===> API : null ===> Message : validateRequest() invoked
info: ===> TimeStamp : 2025-07-07 14:40:58===> API : null ===> Message : fetchDBSettings()
info: ===> TimeStamp : 2025-07-07 14:40:58===> API : null ===> Message : validateRequest() Invoked!
info: ===> TimeStamp : 2025-07-07 14:40:58===> API : null ===> Message : validRequest() :: Api validated Successfully
info: ===> TimeStamp : 2025-07-07 14:40:58===> API : /api/auth/validateuser ===> Message : validateUser() invoked!!
info: ===> TimeStamp : 2025-07-07 14:40:58===> API : /api/auth/validateuser ===> Message : validateUser() :: Request Object :: [object Object]
info: ===> TimeStamp : 2025-07-07 14:40:58===> API : /api/auth/validateuser ===> Message : validateUserDB() Invoked !
info: ===> TimeStamp : 2025-07-07 14:40:58===> API : /api/auth/validateuser ===> Message : validateUserResponse() invoked!
info: ===> TimeStamp : 2025-07-07 14:40:58===> API : /api/auth/validateuser ===> Message : validateUserResponse() completed
info: ===> TimeStamp : 2025-07-07 14:40:58===> API : null ===> Message : validateRequest() invoked
info: ===> TimeStamp : 2025-07-07 14:40:58===> API : null ===> Message : fetchDBSettings()
info: ===> TimeStamp : 2025-07-07 14:40:58===> API : null ===> Message : validateRequest() Invoked!
info: ===> TimeStamp : 2025-07-07 14:40:58===> API : null ===> Message : validRequest() :: Api validated Successfully
info: ===> TimeStamp : 2025-07-07 14:40:58===> API : /api/auth/checkIP ===> Message : checkIP() invoked!!
info: ===> TimeStamp : 2025-07-07 14:40:58===> API : /api/auth/checkIP ===> Message : IPs match: 103.255.182.117
info: ===> TimeStamp : 2025-07-07 14:40:58===> API : /api/auth/checkIP ===> Message : checkIPResponse() invoked!
info: ===> TimeStamp : 2025-07-07 14:40:58===> API : /api/auth/checkIP ===> Message : checkIPResponse() completed
info: ===> TimeStamp : 2025-07-07 14:40:58===> API : null ===> Message : validateRequest() invoked
info: ===> TimeStamp : 2025-07-07 14:40:58===> API : null ===> Message : fetchDBSettings()
info: ===> TimeStamp : 2025-07-07 14:40:58===> API : null ===> Message : validateRequest() Invoked!
info: ===> TimeStamp : 2025-07-07 14:40:58===> API : null ===> Message : validRequest() :: Api validated Successfully
info: ===> TimeStamp : 2025-07-07 14:40:58===> API : /api/auth/login ===> Message : loginUser() invoked!!
info: ===> TimeStamp : 2025-07-07 14:40:58===> API : /api/auth/login ===> Message : loginUser() :: Request Object :: [object Object]
info: ===> TimeStamp : 2025-07-07 14:40:58===> API : /api/auth/login ===> Message : loginUserDB() Invoked !
info: ===> TimeStamp : 2025-07-07 14:40:58===> API : /api/auth/login ===> Message : loginUserResponse() invoked!
info: ===> TimeStamp : 2025-07-07 14:40:58===> API : /api/auth/login ===> Message : loginUserResponse() completed
info: ===> TimeStamp : 2025-07-07 14:41:39===> API : null ===> Message : validateRequest() invoked
info: ===> TimeStamp : 2025-07-07 14:41:39===> API : null ===> Message : fetchDBSettings()
info: ===> TimeStamp : 2025-07-07 14:41:39===> API : null ===> Message : validateRequest() Invoked!
info: ===> TimeStamp : 2025-07-07 14:41:39===> API : null ===> Message : validRequest() :: Api validated Successfully
info: ===> TimeStamp : 2025-07-07 14:41:39===> API : /api/auth/validateuser ===> Message : validateUser() invoked!!
info: ===> TimeStamp : 2025-07-07 14:41:39===> API : /api/auth/validateuser ===> Message : validateUser() :: Request Object :: [object Object]
info: ===> TimeStamp : 2025-07-07 14:41:39===> API : /api/auth/validateuser ===> Message : validateUserDB() Invoked !
info: ===> TimeStamp : 2025-07-07 14:41:39===> API : /api/auth/validateuser ===> Message : validateUserResponse() invoked!
info: ===> TimeStamp : 2025-07-07 14:41:39===> API : /api/auth/validateuser ===> Message : validateUserResponse() completed
info: ===> TimeStamp : 2025-07-07 14:41:39===> API : null ===> Message : validateRequest() invoked
info: ===> TimeStamp : 2025-07-07 14:41:39===> API : null ===> Message : fetchDBSettings()
info: ===> TimeStamp : 2025-07-07 14:41:39===> API : null ===> Message : validateRequest() Invoked!
info: ===> TimeStamp : 2025-07-07 14:41:39===> API : null ===> Message : validRequest() :: Api validated Successfully
info: ===> TimeStamp : 2025-07-07 14:41:39===> API : /api/auth/checkIP ===> Message : checkIP() invoked!!
info: ===> TimeStamp : 2025-07-07 14:41:39===> API : /api/auth/checkIP ===> Message : IPs match: 103.225.102.194
info: ===> TimeStamp : 2025-07-07 14:41:39===> API : /api/auth/checkIP ===> Message : checkIPResponse() invoked!
info: ===> TimeStamp : 2025-07-07 14:41:39===> API : /api/auth/checkIP ===> Message : checkIPResponse() completed
info: ===> TimeStamp : 2025-07-07 14:41:39===> API : null ===> Message : validateRequest() invoked
info: ===> TimeStamp : 2025-07-07 14:41:39===> API : null ===> Message : fetchDBSettings()
info: ===> TimeStamp : 2025-07-07 14:41:39===> API : null ===> Message : validateRequest() Invoked!
info: ===> TimeStamp : 2025-07-07 14:41:39===> API : null ===> Message : validRequest() :: Api validated Successfully
info: ===> TimeStamp : 2025-07-07 14:41:39===> API : /api/auth/login ===> Message : loginUser() invoked!!
info: ===> TimeStamp : 2025-07-07 14:41:39===> API : /api/auth/login ===> Message : loginUser() :: Request Object :: [object Object]
info: ===> TimeStamp : 2025-07-07 14:41:39===> API : /api/auth/login ===> Message : loginUserDB() Invoked !
info: ===> TimeStamp : 2025-07-07 14:41:39===> API : /api/auth/login ===> Message : loginUserResponse() invoked!
info: ===> TimeStamp : 2025-07-07 14:41:39===> API : /api/auth/login ===> Message : loginUserResponse() completed
info: ===> TimeStamp : 2025-07-07 15:27:23===> API : null ===> Message : validateRequest() invoked
info: ===> TimeStamp : 2025-07-07 15:27:23===> API : null ===> Message : validateRequest() Error:: Invalid Request :: 
      {"apiUri":"/"}
info: ===> TimeStamp : 2025-07-07 15:27:26===> API : null ===> Message : validateRequest() invoked
info: ===> TimeStamp : 2025-07-07 15:27:26===> API : null ===> Message : validateRequest() Error:: Invalid Request :: 
      {"apiUri":"/"}
info: ===> TimeStamp : 2025-07-07 15:27:26===> API : null ===> Message : validateRequest() invoked
info: ===> TimeStamp : 2025-07-07 15:27:26===> API : null ===> Message : validateRequest() Error:: Invalid Request :: 
      {"apiUri":"/@vite/env"}
info: ===> TimeStamp : 2025-07-07 15:27:27===> API : null ===> Message : validateRequest() invoked
info: ===> TimeStamp : 2025-07-07 15:27:27===> API : null ===> Message : validateRequest() Error:: Invalid Request :: 
      {"apiUri":"/actuator/env"}
info: ===> TimeStamp : 2025-07-07 15:27:27===> API : null ===> Message : validateRequest() invoked
info: ===> TimeStamp : 2025-07-07 15:27:27===> API : null ===> Message : validateRequest() Error:: Invalid Request :: 
      {"apiUri":"/php-cgi/php-cgi.exe"}
info: ===> TimeStamp : 2025-07-07 15:27:27===> API : null ===> Message : validateRequest() invoked
info: ===> TimeStamp : 2025-07-07 15:27:27===> API : null ===> Message : validateRequest() Error:: Invalid Request :: 
      {"apiUri":"/server"}
info: ===> TimeStamp : 2025-07-07 15:27:28===> API : null ===> Message : validateRequest() invoked
info: ===> TimeStamp : 2025-07-07 15:27:28===> API : null ===> Message : validateRequest() Error:: Invalid Request :: 
      {"apiUri":"/.vscode/sftp.json"}
info: ===> TimeStamp : 2025-07-07 15:27:28===> API : null ===> Message : validateRequest() invoked
info: ===> TimeStamp : 2025-07-07 15:27:28===> API : null ===> Message : validateRequest() Error:: Invalid Request :: 
      {"apiUri":"/about"}
info: ===> TimeStamp : 2025-07-07 15:27:29===> API : null ===> Message : validateRequest() invoked
info: ===> TimeStamp : 2025-07-07 15:27:29===> API : null ===> Message : validateRequest() Error:: Invalid Request :: 
      {"apiUri":"/debug/default/view"}
info: ===> TimeStamp : 2025-07-07 15:27:29===> API : null ===> Message : validateRequest() invoked
info: ===> TimeStamp : 2025-07-07 15:27:29===> API : null ===> Message : validateRequest() Error:: Invalid Request :: 
      {"apiUri":"/v2/_catalog"}
info: ===> TimeStamp : 2025-07-07 15:27:29===> API : null ===> Message : validateRequest() invoked
info: ===> TimeStamp : 2025-07-07 15:27:29===> API : null ===> Message : validateRequest() Error:: Invalid Request :: 
      {"apiUri":"/ecp/Current/exporttool/microsoft.exchange.ediscovery.exporttool.application"}
info: ===> TimeStamp : 2025-07-07 15:27:30===> API : null ===> Message : validateRequest() invoked
info: ===> TimeStamp : 2025-07-07 15:27:30===> API : null ===> Message : validateRequest() Error:: Invalid Request :: 
      {"apiUri":"/server-status"}
info: ===> TimeStamp : 2025-07-07 15:27:30===> API : null ===> Message : validateRequest() invoked
info: ===> TimeStamp : 2025-07-07 15:27:30===> API : null ===> Message : validateRequest() Error:: Invalid Request :: 
      {"apiUri":"/login.action"}
info: ===> TimeStamp : 2025-07-07 15:27:30===> API : null ===> Message : validateRequest() invoked
info: ===> TimeStamp : 2025-07-07 15:27:30===> API : null ===> Message : validateRequest() Error:: Invalid Request :: 
      {"apiUri":"/_all_dbs"}
info: ===> TimeStamp : 2025-07-07 15:27:31===> API : null ===> Message : validateRequest() invoked
info: ===> TimeStamp : 2025-07-07 15:27:31===> API : null ===> Message : validateRequest() Error:: Invalid Request :: 
      {"apiUri":"/.DS_Store"}
info: ===> TimeStamp : 2025-07-07 15:27:31===> API : null ===> Message : validateRequest() invoked
info: ===> TimeStamp : 2025-07-07 15:27:31===> API : null ===> Message : validateRequest() Error:: Invalid Request :: 
      {"apiUri":"/.env"}
info: ===> TimeStamp : 2025-07-07 15:27:32===> API : null ===> Message : validateRequest() invoked
info: ===> TimeStamp : 2025-07-07 15:27:32===> API : null ===> Message : validateRequest() Error:: Invalid Request :: 
      {"apiUri":"/.git/config"}
info: ===> TimeStamp : 2025-07-07 15:27:32===> API : null ===> Message : validateRequest() invoked
info: ===> TimeStamp : 2025-07-07 15:27:32===> API : null ===> Message : validateRequest() Error:: Invalid Request :: 
      {"apiUri":"/s/535313e27313e273e233/_/;/META-INF/maven/com.atlassian.jira/jira-webapp-dist/pom.properties"}
info: ===> TimeStamp : 2025-07-07 15:27:32===> API : null ===> Message : validateRequest() invoked
info: ===> TimeStamp : 2025-07-07 15:27:32===> API : null ===> Message : validateRequest() Error:: Invalid Request :: 
      {"apiUri":"/config.json"}
info: ===> TimeStamp : 2025-07-07 15:27:33===> API : null ===> Message : validateRequest() invoked
info: ===> TimeStamp : 2025-07-07 15:27:33===> API : null ===> Message : validateRequest() Error:: Invalid Request :: 
      {"apiUri":"/telescope/requests"}
info: ===> TimeStamp : 2025-07-07 15:27:33===> API : null ===> Message : validateRequest() invoked
info: ===> TimeStamp : 2025-07-07 15:27:33===> API : null ===> Message : validateRequest() Error:: Invalid Request :: 
      {"apiUri":"/info.php"}
info: ===> TimeStamp : 2025-07-07 15:27:34===> API : null ===> Message : validateRequest() invoked
info: ===> TimeStamp : 2025-07-07 15:27:34===> API : null ===> Message : validateRequest() Error:: Invalid Request :: 
      {"apiUri":"/"}
info: ===> TimeStamp : 2025-07-07 15:55:14===> API : null ===> Message : validateRequest() invoked
info: ===> TimeStamp : 2025-07-07 15:55:14===> API : null ===> Message : validateRequest() Error:: Invalid Request :: 
      {"apiUri":"/"}
info: ===> TimeStamp : 2025-07-07 15:55:23===> API : null ===> Message : validateRequest() invoked
info: ===> TimeStamp : 2025-07-07 15:55:23===> API : null ===> Message : validateRequest() Error:: Invalid Request :: 
      {"apiUri":"/"}
info: ===> TimeStamp : 2025-07-07 15:55:23===> API : null ===> Message : validateRequest() invoked
info: ===> TimeStamp : 2025-07-07 15:55:23===> API : null ===> Message : validateRequest() Error:: Invalid Request :: 
      {"apiUri":"/favicon.ico"}
info: ===> TimeStamp : 2025-07-07 15:55:29===> API : null ===> Message : validateRequest() invoked
info: ===> TimeStamp : 2025-07-07 15:55:29===> API : null ===> Message : validateRequest() Error:: Invalid Request :: 
      {"apiUri":"/favicon.ico"}
info: ===> TimeStamp : 2025-07-07 15:55:33===> API : null ===> Message : validateRequest() invoked
info: ===> TimeStamp : 2025-07-07 15:55:33===> API : null ===> Message : validateRequest() Error:: Invalid Request :: 
      {"apiUri":"/.well-known/security.txt"}
info: ===> TimeStamp : 2025-07-07 16:24:54===> API : null ===> Message : validateRequest() invoked
info: ===> TimeStamp : 2025-07-07 16:24:54===> API : null ===> Message : fetchDBSettings()
info: ===> TimeStamp : 2025-07-07 16:24:54===> API : null ===> Message : validateRequest() Invoked!
info: ===> TimeStamp : 2025-07-07 16:24:54===> API : null ===> Message : validRequest() :: Api validated Successfully
info: ===> TimeStamp : 2025-07-07 16:24:54===> API : /api/auth/validateuser ===> Message : validateUser() invoked!!
info: ===> TimeStamp : 2025-07-07 16:24:54===> API : /api/auth/validateuser ===> Message : validateUser() :: Request Object :: [object Object]
info: ===> TimeStamp : 2025-07-07 16:24:54===> API : /api/auth/validateuser ===> Message : validateUserDB() Invoked !
info: ===> TimeStamp : 2025-07-07 16:24:54===> API : /api/auth/validateuser ===> Message : validateUserResponse() invoked!
info: ===> TimeStamp : 2025-07-07 16:24:54===> API : /api/auth/validateuser ===> Message : validateUserResponse() completed
info: ===> TimeStamp : 2025-07-07 16:24:55===> API : null ===> Message : validateRequest() invoked
info: ===> TimeStamp : 2025-07-07 16:24:55===> API : null ===> Message : fetchDBSettings()
info: ===> TimeStamp : 2025-07-07 16:24:55===> API : null ===> Message : validateRequest() Invoked!
info: ===> TimeStamp : 2025-07-07 16:24:55===> API : null ===> Message : validRequest() :: Api validated Successfully
info: ===> TimeStamp : 2025-07-07 16:24:55===> API : /api/auth/login ===> Message : loginUser() invoked!!
info: ===> TimeStamp : 2025-07-07 16:24:55===> API : /api/auth/login ===> Message : loginUser() :: Request Object :: [object Object]
info: ===> TimeStamp : 2025-07-07 16:24:55===> API : /api/auth/login ===> Message : loginUserDB() Invoked !
info: ===> TimeStamp : 2025-07-07 16:24:55===> API : /api/auth/login ===> Message : loginUserResponse() invoked!
info: ===> TimeStamp : 2025-07-07 16:24:55===> API : /api/auth/login ===> Message : loginUserResponse() completed
info: ===> TimeStamp : 2025-07-07 17:04:45===> API : null ===> Message : validateRequest() invoked
info: ===> TimeStamp : 2025-07-07 17:04:45===> API : null ===> Message : fetchDBSettings()
info: ===> TimeStamp : 2025-07-07 17:04:45===> API : null ===> Message : validateRequest() Invoked!
info: ===> TimeStamp : 2025-07-07 17:04:45===> API : null ===> Message : validRequest() :: Api validated Successfully
info: ===> TimeStamp : 2025-07-07 17:04:45===> API : /api/auth/validateuser ===> Message : validateUser() invoked!!
info: ===> TimeStamp : 2025-07-07 17:04:45===> API : /api/auth/validateuser ===> Message : validateUser() :: Request Object :: [object Object]
info: ===> TimeStamp : 2025-07-07 17:04:45===> API : /api/auth/validateuser ===> Message : validateUserDB() Invoked !
info: ===> TimeStamp : 2025-07-07 17:04:45===> API : /api/auth/validateuser ===> Message : validateUserResponse() invoked!
info: ===> TimeStamp : 2025-07-07 17:04:45===> API : /api/auth/validateuser ===> Message : validateUserResponse() completed
info: ===> TimeStamp : 2025-07-07 17:04:45===> API : null ===> Message : validateRequest() invoked
info: ===> TimeStamp : 2025-07-07 17:04:45===> API : null ===> Message : fetchDBSettings()
info: ===> TimeStamp : 2025-07-07 17:04:45===> API : null ===> Message : validateRequest() Invoked!
info: ===> TimeStamp : 2025-07-07 17:04:45===> API : null ===> Message : validRequest() :: Api validated Successfully
info: ===> TimeStamp : 2025-07-07 17:04:45===> API : /api/auth/login ===> Message : loginUser() invoked!!
info: ===> TimeStamp : 2025-07-07 17:04:45===> API : /api/auth/login ===> Message : loginUser() :: Request Object :: [object Object]
info: ===> TimeStamp : 2025-07-07 17:04:45===> API : /api/auth/login ===> Message : loginUserDB() Invoked !
info: ===> TimeStamp : 2025-07-07 17:04:46===> API : /api/auth/login ===> Message : loginUserResponse() invoked!
info: ===> TimeStamp : 2025-07-07 17:04:46===> API : /api/auth/login ===> Message : loginUserResponse() completed
info: ===> TimeStamp : 2025-07-07 18:20:31===> API : null ===> Message : validateRequest() invoked
info: ===> TimeStamp : 2025-07-07 18:20:31===> API : null ===> Message : fetchDBSettings()
info: ===> TimeStamp : 2025-07-07 18:20:31===> API : null ===> Message : validateRequest() Invoked!
info: ===> TimeStamp : 2025-07-07 18:20:31===> API : null ===> Message : validRequest() :: Api validated Successfully
info: ===> TimeStamp : 2025-07-07 18:20:31===> API : /api/auth/validateuser ===> Message : validateUser() invoked!!
info: ===> TimeStamp : 2025-07-07 18:20:31===> API : /api/auth/validateuser ===> Message : validateUser() :: Request Object :: [object Object]
info: ===> TimeStamp : 2025-07-07 18:20:31===> API : /api/auth/validateuser ===> Message : validateUserDB() Invoked !
info: ===> TimeStamp : 2025-07-07 18:20:31===> API : /api/auth/validateuser ===> Message : validateUserDB() :: Error :: {"code":"ER_SIGNAL_EXCEPTION","errno":1644,"sqlState":"10005","sqlMessage":"User Does Not Exist","sql":"CALL usp_validate_user('seni', 'seni212')"}
info: ===> TimeStamp : 2025-07-07 18:20:31===> API : /api/auth/validateuser ===> Message : validateUserDBResult :: Error :: {"ErrorCode":10005,"ErrorMessage":"User Does Not Exist"}
info: ===> TimeStamp : 2025-07-07 18:20:31===> API : /api/auth/validateuser ===> Message : validateUserResponse() invoked!
info: ===> TimeStamp : 2025-07-07 18:20:31===> API : /api/auth/validateuser ===> Message : validateUserResponse() completed
info: ===> TimeStamp : 2025-07-07 18:20:34===> API : null ===> Message : validateRequest() invoked
info: ===> TimeStamp : 2025-07-07 18:20:34===> API : null ===> Message : fetchDBSettings()
info: ===> TimeStamp : 2025-07-07 18:20:34===> API : null ===> Message : validateRequest() Invoked!
info: ===> TimeStamp : 2025-07-07 18:20:34===> API : null ===> Message : validRequest() :: Api validated Successfully
info: ===> TimeStamp : 2025-07-07 18:20:34===> API : /api/auth/validateuser ===> Message : validateUser() invoked!!
info: ===> TimeStamp : 2025-07-07 18:20:34===> API : /api/auth/validateuser ===> Message : validateUser() :: Request Object :: [object Object]
info: ===> TimeStamp : 2025-07-07 18:20:34===> API : /api/auth/validateuser ===> Message : validateUserDB() Invoked !
info: ===> TimeStamp : 2025-07-07 18:20:34===> API : /api/auth/validateuser ===> Message : validateUserDB() :: Error :: {"code":"ER_SIGNAL_EXCEPTION","errno":1644,"sqlState":"10005","sqlMessage":"User Does Not Exist","sql":"CALL usp_validate_user('seni', 'seni212')"}
info: ===> TimeStamp : 2025-07-07 18:20:34===> API : /api/auth/validateuser ===> Message : validateUserDBResult :: Error :: {"ErrorCode":10005,"ErrorMessage":"User Does Not Exist"}
info: ===> TimeStamp : 2025-07-07 18:20:34===> API : /api/auth/validateuser ===> Message : validateUserResponse() invoked!
info: ===> TimeStamp : 2025-07-07 18:20:34===> API : /api/auth/validateuser ===> Message : validateUserResponse() completed
info: ===> TimeStamp : 2025-07-07 18:20:50===> API : null ===> Message : validateRequest() invoked
info: ===> TimeStamp : 2025-07-07 18:20:50===> API : null ===> Message : fetchDBSettings()
info: ===> TimeStamp : 2025-07-07 18:20:50===> API : null ===> Message : validateRequest() Invoked!
info: ===> TimeStamp : 2025-07-07 18:20:50===> API : null ===> Message : validRequest() :: Api validated Successfully
info: ===> TimeStamp : 2025-07-07 18:20:50===> API : /api/auth/validateuser ===> Message : validateUser() invoked!!
info: ===> TimeStamp : 2025-07-07 18:20:50===> API : /api/auth/validateuser ===> Message : validateUser() :: Request Object :: [object Object]
info: ===> TimeStamp : 2025-07-07 18:20:50===> API : /api/auth/validateuser ===> Message : validateUserDB() Invoked !
info: ===> TimeStamp : 2025-07-07 18:20:50===> API : /api/auth/validateuser ===> Message : validateUserResponse() invoked!
info: ===> TimeStamp : 2025-07-07 18:20:50===> API : /api/auth/validateuser ===> Message : validateUserResponse() completed
info: ===> TimeStamp : 2025-07-07 18:20:50===> API : null ===> Message : validateRequest() invoked
info: ===> TimeStamp : 2025-07-07 18:20:50===> API : null ===> Message : fetchDBSettings()
info: ===> TimeStamp : 2025-07-07 18:20:50===> API : null ===> Message : validateRequest() Invoked!
info: ===> TimeStamp : 2025-07-07 18:20:50===> API : null ===> Message : validRequest() :: Api validated Successfully
info: ===> TimeStamp : 2025-07-07 18:20:50===> API : /api/auth/checkIP ===> Message : checkIP() invoked!!
info: ===> TimeStamp : 2025-07-07 18:20:50===> API : /api/auth/checkIP ===> Message : IPs match: 103.255.182.117
info: ===> TimeStamp : 2025-07-07 18:20:50===> API : /api/auth/checkIP ===> Message : checkIPResponse() invoked!
info: ===> TimeStamp : 2025-07-07 18:20:50===> API : /api/auth/checkIP ===> Message : checkIPResponse() completed
info: ===> TimeStamp : 2025-07-07 18:20:50===> API : null ===> Message : validateRequest() invoked
info: ===> TimeStamp : 2025-07-07 18:20:50===> API : null ===> Message : fetchDBSettings()
info: ===> TimeStamp : 2025-07-07 18:20:50===> API : null ===> Message : validateRequest() Invoked!
info: ===> TimeStamp : 2025-07-07 18:20:50===> API : null ===> Message : validRequest() :: Api validated Successfully
info: ===> TimeStamp : 2025-07-07 18:20:50===> API : /api/auth/login ===> Message : loginUser() invoked!!
info: ===> TimeStamp : 2025-07-07 18:20:50===> API : /api/auth/login ===> Message : loginUser() :: Request Object :: [object Object]
info: ===> TimeStamp : 2025-07-07 18:20:50===> API : /api/auth/login ===> Message : loginUserDB() Invoked !
info: ===> TimeStamp : 2025-07-07 18:20:50===> API : /api/auth/login ===> Message : loginUserResponse() invoked!
info: ===> TimeStamp : 2025-07-07 18:20:50===> API : /api/auth/login ===> Message : loginUserResponse() completed
info: ===> TimeStamp : 2025-07-07 18:44:10===> API : null ===> Message : validateRequest() invoked
info: ===> TimeStamp : 2025-07-07 18:44:10===> API : null ===> Message : validateRequest() Error:: Invalid Request :: 
      {"apiUri":"/pdown"}
info: ===> TimeStamp : 2025-07-07 18:55:05===> API : null ===> Message : validateRequest() invoked
info: ===> TimeStamp : 2025-07-07 18:55:05===> API : null ===> Message : fetchDBSettings()
info: ===> TimeStamp : 2025-07-07 18:55:05===> API : null ===> Message : validateRequest() Invoked!
info: ===> TimeStamp : 2025-07-07 18:55:05===> API : null ===> Message : validRequest() :: Api validated Successfully
info: ===> TimeStamp : 2025-07-07 18:55:05===> API : /api/auth/validateuser ===> Message : validateUser() invoked!!
info: ===> TimeStamp : 2025-07-07 18:55:05===> API : /api/auth/validateuser ===> Message : validateUser() :: Request Object :: [object Object]
info: ===> TimeStamp : 2025-07-07 18:55:05===> API : /api/auth/validateuser ===> Message : validateUserDB() Invoked !
info: ===> TimeStamp : 2025-07-07 18:55:05===> API : /api/auth/validateuser ===> Message : validateUserResponse() invoked!
info: ===> TimeStamp : 2025-07-07 18:55:05===> API : /api/auth/validateuser ===> Message : validateUserResponse() completed
info: ===> TimeStamp : 2025-07-07 18:55:05===> API : null ===> Message : validateRequest() invoked
info: ===> TimeStamp : 2025-07-07 18:55:05===> API : null ===> Message : fetchDBSettings()
info: ===> TimeStamp : 2025-07-07 18:55:05===> API : null ===> Message : validateRequest() Invoked!
info: ===> TimeStamp : 2025-07-07 18:55:05===> API : null ===> Message : validRequest() :: Api validated Successfully
info: ===> TimeStamp : 2025-07-07 18:55:05===> API : /api/auth/login ===> Message : loginUser() invoked!!
info: ===> TimeStamp : 2025-07-07 18:55:05===> API : /api/auth/login ===> Message : loginUser() :: Request Object :: [object Object]
info: ===> TimeStamp : 2025-07-07 18:55:05===> API : /api/auth/login ===> Message : loginUserDB() Invoked !
info: ===> TimeStamp : 2025-07-07 18:55:05===> API : /api/auth/login ===> Message : loginUserResponse() invoked!
info: ===> TimeStamp : 2025-07-07 18:55:05===> API : /api/auth/login ===> Message : loginUserResponse() completed
info: ===> TimeStamp : 2025-07-07 19:28:51===> API : null ===> Message : validateRequest() invoked
info: ===> TimeStamp : 2025-07-07 19:28:51===> API : null ===> Message : fetchDBSettings()
info: ===> TimeStamp : 2025-07-07 19:28:51===> API : null ===> Message : validateRequest() Invoked!
info: ===> TimeStamp : 2025-07-07 19:28:51===> API : null ===> Message : validRequest() :: Api validated Successfully
info: ===> TimeStamp : 2025-07-07 19:28:51===> API : /api/auth/validateuser ===> Message : validateUser() :: Request Object :: [object Object]
info: ===> TimeStamp : 2025-07-07 19:28:51===> API : /api/auth/validateuser ===> Message : validateUser() invoked!!
info: ===> TimeStamp : 2025-07-07 19:28:51===> API : /api/auth/validateuser ===> Message : validateUserDB() Invoked !
info: ===> TimeStamp : 2025-07-07 19:28:51===> API : /api/auth/validateuser ===> Message : validateUserResponse() invoked!
info: ===> TimeStamp : 2025-07-07 19:28:51===> API : /api/auth/validateuser ===> Message : validateUserResponse() completed
info: ===> TimeStamp : 2025-07-07 19:28:51===> API : null ===> Message : validateRequest() invoked
info: ===> TimeStamp : 2025-07-07 19:28:51===> API : null ===> Message : fetchDBSettings()
info: ===> TimeStamp : 2025-07-07 19:28:51===> API : null ===> Message : validateRequest() Invoked!
info: ===> TimeStamp : 2025-07-07 19:28:51===> API : null ===> Message : validRequest() :: Api validated Successfully
info: ===> TimeStamp : 2025-07-07 19:28:51===> API : /api/auth/login ===> Message : loginUser() invoked!!
info: ===> TimeStamp : 2025-07-07 19:28:51===> API : /api/auth/login ===> Message : loginUser() :: Request Object :: [object Object]
info: ===> TimeStamp : 2025-07-07 19:28:51===> API : /api/auth/login ===> Message : loginUserDB() Invoked !
info: ===> TimeStamp : 2025-07-07 19:28:51===> API : /api/auth/login ===> Message : loginUserResponse() invoked!
info: ===> TimeStamp : 2025-07-07 19:28:51===> API : /api/auth/login ===> Message : loginUserResponse() completed
info: ===> TimeStamp : 2025-07-07 19:48:43===> API : null ===> Message : validateRequest() invoked
info: ===> TimeStamp : 2025-07-07 19:48:43===> API : null ===> Message : validateRequest() Error:: Invalid Request :: 
      {"apiUri":"/"}
info: ===> TimeStamp : 2025-07-07 19:48:56===> API : null ===> Message : validateRequest() invoked
info: ===> TimeStamp : 2025-07-07 19:48:56===> API : null ===> Message : validateRequest() Error:: Invalid Request :: 
      {"apiUri":"/favicon.ico"}
info: ===> TimeStamp : 2025-07-07 20:08:41===> API : null ===> Message : validateRequest() invoked
info: ===> TimeStamp : 2025-07-07 20:08:41===> API : null ===> Message : fetchDBSettings()
info: ===> TimeStamp : 2025-07-07 20:08:41===> API : null ===> Message : validateRequest() Invoked!
info: ===> TimeStamp : 2025-07-07 20:08:41===> API : null ===> Message : validRequest() :: Api validated Successfully
info: ===> TimeStamp : 2025-07-07 20:08:41===> API : /api/auth/validateuser ===> Message : validateUser() invoked!!
info: ===> TimeStamp : 2025-07-07 20:08:41===> API : /api/auth/validateuser ===> Message : validateUser() :: Request Object :: [object Object]
info: ===> TimeStamp : 2025-07-07 20:08:41===> API : /api/auth/validateuser ===> Message : validateUserDB() Invoked !
info: ===> TimeStamp : 2025-07-07 20:08:41===> API : /api/auth/validateuser ===> Message : validateUserResponse() invoked!
info: ===> TimeStamp : 2025-07-07 20:08:41===> API : /api/auth/validateuser ===> Message : validateUserResponse() completed
info: ===> TimeStamp : 2025-07-07 20:08:41===> API : null ===> Message : validateRequest() invoked
info: ===> TimeStamp : 2025-07-07 20:08:41===> API : null ===> Message : fetchDBSettings()
info: ===> TimeStamp : 2025-07-07 20:08:41===> API : null ===> Message : validateRequest() Invoked!
info: ===> TimeStamp : 2025-07-07 20:08:41===> API : null ===> Message : validRequest() :: Api validated Successfully
info: ===> TimeStamp : 2025-07-07 20:08:41===> API : /api/auth/login ===> Message : loginUser() invoked!!
info: ===> TimeStamp : 2025-07-07 20:08:41===> API : /api/auth/login ===> Message : loginUser() :: Request Object :: [object Object]
info: ===> TimeStamp : 2025-07-07 20:08:41===> API : /api/auth/login ===> Message : loginUserDB() Invoked !
info: ===> TimeStamp : 2025-07-07 20:08:42===> API : /api/auth/login ===> Message : loginUserResponse() invoked!
info: ===> TimeStamp : 2025-07-07 20:08:42===> API : /api/auth/login ===> Message : loginUserResponse() completed
info: ===> TimeStamp : 2025-07-07 21:03:28===> API : null ===> Message : validateRequest() invoked
info: ===> TimeStamp : 2025-07-07 21:03:28===> API : null ===> Message : validateRequest() Error:: Invalid Request :: 
      {"apiUri":"/"}
info: ===> TimeStamp : 2025-07-07 21:58:27===> API : null ===> Message : validateRequest() invoked
info: ===> TimeStamp : 2025-07-07 21:58:27===> API : null ===> Message : fetchDBSettings()
info: ===> TimeStamp : 2025-07-07 21:58:27===> API : null ===> Message : validateRequest() Invoked!
info: ===> TimeStamp : 2025-07-07 21:58:27===> API : null ===> Message : validRequest() :: Api validated Successfully
info: ===> TimeStamp : 2025-07-07 21:58:27===> API : /api/auth/validateuser ===> Message : validateUser() invoked!!
info: ===> TimeStamp : 2025-07-07 21:58:27===> API : /api/auth/validateuser ===> Message : validateUser() :: Request Object :: [object Object]
info: ===> TimeStamp : 2025-07-07 21:58:27===> API : /api/auth/validateuser ===> Message : validateUserDB() Invoked !
info: ===> TimeStamp : 2025-07-07 21:58:27===> API : /api/auth/validateuser ===> Message : validateUserResponse() invoked!
info: ===> TimeStamp : 2025-07-07 21:58:27===> API : /api/auth/validateuser ===> Message : validateUserResponse() completed
info: ===> TimeStamp : 2025-07-07 21:58:27===> API : null ===> Message : validateRequest() invoked
info: ===> TimeStamp : 2025-07-07 21:58:27===> API : null ===> Message : fetchDBSettings()
info: ===> TimeStamp : 2025-07-07 21:58:27===> API : null ===> Message : validateRequest() Invoked!
info: ===> TimeStamp : 2025-07-07 21:58:27===> API : null ===> Message : validRequest() :: Api validated Successfully
info: ===> TimeStamp : 2025-07-07 21:58:27===> API : /api/auth/login ===> Message : loginUser() invoked!!
info: ===> TimeStamp : 2025-07-07 21:58:27===> API : /api/auth/login ===> Message : loginUser() :: Request Object :: [object Object]
info: ===> TimeStamp : 2025-07-07 21:58:27===> API : /api/auth/login ===> Message : loginUserDB() Invoked !
info: ===> TimeStamp : 2025-07-07 21:58:27===> API : /api/auth/login ===> Message : loginUserResponse() invoked!
info: ===> TimeStamp : 2025-07-07 21:58:27===> API : /api/auth/login ===> Message : loginUserResponse() completed
info: ===> TimeStamp : 2025-07-07 22:23:00===> API : null ===> Message : fetchDBSettings()
info: ===> TimeStamp : 2025-07-07 22:23:00===> API : null ===> Message : validateRequest() invoked
info: ===> TimeStamp : 2025-07-07 22:23:00===> API : null ===> Message : validateRequest() Invoked!
info: ===> TimeStamp : 2025-07-07 22:23:00===> API : null ===> Message : validRequest() :: Api validated Successfully
info: ===> TimeStamp : 2025-07-07 22:23:00===> API : /api/auth/validateuser ===> Message : validateUser() invoked!!
info: ===> TimeStamp : 2025-07-07 22:23:00===> API : /api/auth/validateuser ===> Message : validateUser() :: Request Object :: [object Object]
info: ===> TimeStamp : 2025-07-07 22:23:00===> API : /api/auth/validateuser ===> Message : validateUserDB() Invoked !
info: ===> TimeStamp : 2025-07-07 22:23:00===> API : /api/auth/validateuser ===> Message : validateUserResponse() invoked!
info: ===> TimeStamp : 2025-07-07 22:23:00===> API : /api/auth/validateuser ===> Message : validateUserResponse() completed
info: ===> TimeStamp : 2025-07-07 22:23:01===> API : null ===> Message : validateRequest() invoked
info: ===> TimeStamp : 2025-07-07 22:23:01===> API : null ===> Message : fetchDBSettings()
info: ===> TimeStamp : 2025-07-07 22:23:01===> API : null ===> Message : validateRequest() Invoked!
info: ===> TimeStamp : 2025-07-07 22:23:01===> API : null ===> Message : validRequest() :: Api validated Successfully
info: ===> TimeStamp : 2025-07-07 22:23:01===> API : /api/auth/login ===> Message : loginUser() invoked!!
info: ===> TimeStamp : 2025-07-07 22:23:01===> API : /api/auth/login ===> Message : loginUser() :: Request Object :: [object Object]
info: ===> TimeStamp : 2025-07-07 22:23:01===> API : /api/auth/login ===> Message : loginUserDB() Invoked !
info: ===> TimeStamp : 2025-07-07 22:23:01===> API : /api/auth/login ===> Message : loginUserResponse() invoked!
info: ===> TimeStamp : 2025-07-07 22:23:01===> API : /api/auth/login ===> Message : loginUserResponse() completed
info: ===> TimeStamp : 2025-07-07 22:54:26===> API : null ===> Message : validateRequest() invoked
info: ===> TimeStamp : 2025-07-07 22:54:26===> API : null ===> Message : fetchDBSettings()
info: ===> TimeStamp : 2025-07-07 22:54:26===> API : null ===> Message : validateRequest() Invoked!
info: ===> TimeStamp : 2025-07-07 22:54:26===> API : /api/auth/logout ===> Message : logoutUser() invoked!!
info: ===> TimeStamp : 2025-07-07 22:54:26===> API : /api/auth/logout ===> Message : logoutUser() :: Request Object :: [object Object]
info: ===> TimeStamp : 2025-07-07 22:54:26===> API : null ===> Message : validRequest() :: Api validated Successfully
info: ===> TimeStamp : 2025-07-07 22:54:26===> API : /api/auth/logout ===> Message : logoutUserDB() Invoked !
info: ===> TimeStamp : 2025-07-07 22:54:27===> API : /api/auth/logout ===> Message : logoutUserResponse() invoked!
info: ===> TimeStamp : 2025-07-07 22:54:27===> API : /api/auth/logout ===> Message : logoutUserResponse() completed
info: ===> TimeStamp : 2025-07-07 22:55:14===> API : null ===> Message : validateRequest() invoked
info: ===> TimeStamp : 2025-07-07 22:55:14===> API : null ===> Message : fetchDBSettings()
info: ===> TimeStamp : 2025-07-07 22:55:14===> API : null ===> Message : validateRequest() Invoked!
info: ===> TimeStamp : 2025-07-07 22:55:14===> API : null ===> Message : validRequest() :: Api validated Successfully
info: ===> TimeStamp : 2025-07-07 22:55:14===> API : /api/auth/logout ===> Message : logoutUser() invoked!!
info: ===> TimeStamp : 2025-07-07 22:55:14===> API : /api/auth/logout ===> Message : logoutUser() :: Request Object :: [object Object]
info: ===> TimeStamp : 2025-07-07 22:55:14===> API : /api/auth/logout ===> Message : logoutUserDB() Invoked !
info: ===> TimeStamp : 2025-07-07 22:55:14===> API : /api/auth/logout ===> Message : logoutUserResponse() invoked!
info: ===> TimeStamp : 2025-07-07 22:55:14===> API : /api/auth/logout ===> Message : logoutUserResponse() completed
info: ===> TimeStamp : 2025-07-07 22:55:32===> API : null ===> Message : validateRequest() invoked
info: ===> TimeStamp : 2025-07-07 22:55:32===> API : null ===> Message : fetchDBSettings()
info: ===> TimeStamp : 2025-07-07 22:55:32===> API : null ===> Message : validateRequest() Invoked!
info: ===> TimeStamp : 2025-07-07 22:55:32===> API : null ===> Message : validRequest() :: Api validated Successfully
info: ===> TimeStamp : 2025-07-07 22:55:32===> API : /api/auth/validateuser ===> Message : validateUser() invoked!!
info: ===> TimeStamp : 2025-07-07 22:55:32===> API : /api/auth/validateuser ===> Message : validateUser() :: Request Object :: [object Object]
info: ===> TimeStamp : 2025-07-07 22:55:32===> API : /api/auth/validateuser ===> Message : validateUserDB() Invoked !
info: ===> TimeStamp : 2025-07-07 22:55:32===> API : /api/auth/validateuser ===> Message : validateUserResponse() invoked!
info: ===> TimeStamp : 2025-07-07 22:55:32===> API : /api/auth/validateuser ===> Message : validateUserResponse() completed
info: ===> TimeStamp : 2025-07-07 22:55:32===> API : null ===> Message : validateRequest() invoked
info: ===> TimeStamp : 2025-07-07 22:55:32===> API : null ===> Message : fetchDBSettings()
info: ===> TimeStamp : 2025-07-07 22:55:32===> API : null ===> Message : validateRequest() Invoked!
info: ===> TimeStamp : 2025-07-07 22:55:32===> API : null ===> Message : validRequest() :: Api validated Successfully
info: ===> TimeStamp : 2025-07-07 22:55:32===> API : /api/auth/checkIP ===> Message : checkIP() invoked!!
info: ===> TimeStamp : 2025-07-07 22:55:32===> API : /api/auth/checkIP ===> Message : IPs match: 103.255.182.117
info: ===> TimeStamp : 2025-07-07 22:55:32===> API : /api/auth/checkIP ===> Message : checkIPResponse() invoked!
info: ===> TimeStamp : 2025-07-07 22:55:32===> API : /api/auth/checkIP ===> Message : checkIPResponse() completed
info: ===> TimeStamp : 2025-07-07 22:55:32===> API : null ===> Message : validateRequest() invoked
info: ===> TimeStamp : 2025-07-07 22:55:32===> API : null ===> Message : fetchDBSettings()
info: ===> TimeStamp : 2025-07-07 22:55:32===> API : null ===> Message : validateRequest() Invoked!
info: ===> TimeStamp : 2025-07-07 22:55:32===> API : null ===> Message : validRequest() :: Api validated Successfully
info: ===> TimeStamp : 2025-07-07 22:55:32===> API : /api/auth/login ===> Message : loginUser() invoked!!
info: ===> TimeStamp : 2025-07-07 22:55:32===> API : /api/auth/login ===> Message : loginUser() :: Request Object :: [object Object]
info: ===> TimeStamp : 2025-07-07 22:55:32===> API : /api/auth/login ===> Message : loginUserDB() Invoked !
info: ===> TimeStamp : 2025-07-07 22:55:32===> API : /api/auth/login ===> Message : loginUserResponse() invoked!
info: ===> TimeStamp : 2025-07-07 22:55:32===> API : /api/auth/login ===> Message : loginUserResponse() completed
info: ===> TimeStamp : 2025-07-07 22:56:07===> API : null ===> Message : validateRequest() invoked
info: ===> TimeStamp : 2025-07-07 22:56:07===> API : null ===> Message : fetchDBSettings()
info: ===> TimeStamp : 2025-07-07 22:56:07===> API : null ===> Message : validateRequest() Invoked!
info: ===> TimeStamp : 2025-07-07 22:56:07===> API : null ===> Message : validRequest() :: Api validated Successfully
info: ===> TimeStamp : 2025-07-07 22:56:07===> API : /api/auth/validateuser ===> Message : validateUser() invoked!!
info: ===> TimeStamp : 2025-07-07 22:56:07===> API : /api/auth/validateuser ===> Message : validateUser() :: Request Object :: [object Object]
info: ===> TimeStamp : 2025-07-07 22:56:07===> API : /api/auth/validateuser ===> Message : validateUserDB() Invoked !
info: ===> TimeStamp : 2025-07-07 22:56:07===> API : /api/auth/validateuser ===> Message : validateUserResponse() invoked!
info: ===> TimeStamp : 2025-07-07 22:56:07===> API : /api/auth/validateuser ===> Message : validateUserResponse() completed
info: ===> TimeStamp : 2025-07-07 22:56:07===> API : null ===> Message : validateRequest() invoked
info: ===> TimeStamp : 2025-07-07 22:56:07===> API : null ===> Message : fetchDBSettings()
info: ===> TimeStamp : 2025-07-07 22:56:07===> API : null ===> Message : validateRequest() Invoked!
info: ===> TimeStamp : 2025-07-07 22:56:07===> API : null ===> Message : validRequest() :: Api validated Successfully
info: ===> TimeStamp : 2025-07-07 22:56:07===> API : /api/auth/checkIP ===> Message : checkIP() invoked!!
info: ===> TimeStamp : 2025-07-07 22:56:07===> API : /api/auth/checkIP ===> Message : IPs match: 103.225.102.194
info: ===> TimeStamp : 2025-07-07 22:56:07===> API : /api/auth/checkIP ===> Message : checkIPResponse() invoked!
info: ===> TimeStamp : 2025-07-07 22:56:07===> API : /api/auth/checkIP ===> Message : checkIPResponse() completed
info: ===> TimeStamp : 2025-07-07 22:56:07===> API : null ===> Message : validateRequest() invoked
info: ===> TimeStamp : 2025-07-07 22:56:07===> API : null ===> Message : fetchDBSettings()
info: ===> TimeStamp : 2025-07-07 22:56:07===> API : null ===> Message : validateRequest() Invoked!
info: ===> TimeStamp : 2025-07-07 22:56:07===> API : null ===> Message : validRequest() :: Api validated Successfully
info: ===> TimeStamp : 2025-07-07 22:56:07===> API : /api/auth/login ===> Message : loginUser() invoked!!
info: ===> TimeStamp : 2025-07-07 22:56:07===> API : /api/auth/login ===> Message : loginUser() :: Request Object :: [object Object]
info: ===> TimeStamp : 2025-07-07 22:56:07===> API : /api/auth/login ===> Message : loginUserDB() Invoked !
info: ===> TimeStamp : 2025-07-07 22:56:08===> API : /api/auth/login ===> Message : loginUserResponse() invoked!
info: ===> TimeStamp : 2025-07-07 22:56:08===> API : /api/auth/login ===> Message : loginUserResponse() completed
info: ===> TimeStamp : 2025-07-07 23:09:51===> API : null ===> Message : validateRequest() invoked
info: ===> TimeStamp : 2025-07-07 23:09:51===> API : null ===> Message : fetchDBSettings()
info: ===> TimeStamp : 2025-07-07 23:09:51===> API : null ===> Message : validateRequest() Invoked!
info: ===> TimeStamp : 2025-07-07 23:09:51===> API : null ===> Message : validRequest() :: Api validated Successfully
info: ===> TimeStamp : 2025-07-07 23:09:51===> API : /api/auth/validateuser ===> Message : validateUser() invoked!!
info: ===> TimeStamp : 2025-07-07 23:09:51===> API : /api/auth/validateuser ===> Message : validateUser() :: Request Object :: [object Object]
info: ===> TimeStamp : 2025-07-07 23:09:51===> API : /api/auth/validateuser ===> Message : validateUserDB() Invoked !
info: ===> TimeStamp : 2025-07-07 23:09:51===> API : /api/auth/validateuser ===> Message : validateUserResponse() invoked!
info: ===> TimeStamp : 2025-07-07 23:09:51===> API : /api/auth/validateuser ===> Message : validateUserResponse() completed
info: ===> TimeStamp : 2025-07-07 23:09:51===> API : null ===> Message : validateRequest() invoked
info: ===> TimeStamp : 2025-07-07 23:09:51===> API : null ===> Message : fetchDBSettings()
info: ===> TimeStamp : 2025-07-07 23:09:51===> API : null ===> Message : validateRequest() Invoked!
info: ===> TimeStamp : 2025-07-07 23:09:51===> API : null ===> Message : validRequest() :: Api validated Successfully
info: ===> TimeStamp : 2025-07-07 23:09:51===> API : /api/auth/login ===> Message : loginUser() invoked!!
info: ===> TimeStamp : 2025-07-07 23:09:51===> API : /api/auth/login ===> Message : loginUser() :: Request Object :: [object Object]
info: ===> TimeStamp : 2025-07-07 23:09:51===> API : /api/auth/login ===> Message : loginUserDB() Invoked !
info: ===> TimeStamp : 2025-07-07 23:09:51===> API : /api/auth/login ===> Message : loginUserResponse() invoked!
info: ===> TimeStamp : 2025-07-07 23:09:51===> API : /api/auth/login ===> Message : loginUserResponse() completed
info: ===> TimeStamp : 2025-07-07 23:43:53===> API : null ===> Message : validateRequest() invoked
info: ===> TimeStamp : 2025-07-07 23:43:53===> API : null ===> Message : fetchDBSettings()
info: ===> TimeStamp : 2025-07-07 23:43:53===> API : null ===> Message : validateRequest() Invoked!
info: ===> TimeStamp : 2025-07-07 23:43:53===> API : null ===> Message : validRequest() :: Api validated Successfully
info: ===> TimeStamp : 2025-07-07 23:43:53===> API : /api/auth/validateuser ===> Message : validateUser() invoked!!
info: ===> TimeStamp : 2025-07-07 23:43:53===> API : /api/auth/validateuser ===> Message : validateUser() :: Request Object :: [object Object]
info: ===> TimeStamp : 2025-07-07 23:43:53===> API : /api/auth/validateuser ===> Message : validateUserDB() Invoked !
info: ===> TimeStamp : 2025-07-07 23:43:53===> API : /api/auth/validateuser ===> Message : validateUserResponse() invoked!
info: ===> TimeStamp : 2025-07-07 23:43:53===> API : /api/auth/validateuser ===> Message : validateUserResponse() completed
info: ===> TimeStamp : 2025-07-07 23:43:53===> API : null ===> Message : validateRequest() invoked
info: ===> TimeStamp : 2025-07-07 23:43:53===> API : null ===> Message : fetchDBSettings()
info: ===> TimeStamp : 2025-07-07 23:43:53===> API : null ===> Message : validateRequest() Invoked!
info: ===> TimeStamp : 2025-07-07 23:43:53===> API : null ===> Message : validRequest() :: Api validated Successfully
info: ===> TimeStamp : 2025-07-07 23:43:53===> API : /api/auth/login ===> Message : loginUser() :: Request Object :: [object Object]
info: ===> TimeStamp : 2025-07-07 23:43:53===> API : /api/auth/login ===> Message : loginUser() invoked!!
info: ===> TimeStamp : 2025-07-07 23:43:53===> API : /api/auth/login ===> Message : loginUserDB() Invoked !
info: ===> TimeStamp : 2025-07-07 23:43:53===> API : /api/auth/login ===> Message : loginUserResponse() invoked!
info: ===> TimeStamp : 2025-07-07 23:43:53===> API : /api/auth/login ===> Message : loginUserResponse() completed
info: ===> TimeStamp : 2025-07-07 23:52:32===> API : null ===> Message : validateRequest() invoked
info: ===> TimeStamp : 2025-07-07 23:52:32===> API : null ===> Message : fetchDBSettings()
info: ===> TimeStamp : 2025-07-07 23:52:32===> API : null ===> Message : validateRequest() Invoked!
info: ===> TimeStamp : 2025-07-07 23:52:32===> API : null ===> Message : validRequest() :: Api validated Successfully
info: ===> TimeStamp : 2025-07-07 23:52:32===> API : /api/auth/validateuser ===> Message : validateUser() invoked!!
info: ===> TimeStamp : 2025-07-07 23:52:32===> API : /api/auth/validateuser ===> Message : validateUser() :: Request Object :: [object Object]
info: ===> TimeStamp : 2025-07-07 23:52:32===> API : /api/auth/validateuser ===> Message : validateUserDB() Invoked !
info: ===> TimeStamp : 2025-07-07 23:52:32===> API : /api/auth/validateuser ===> Message : validateUserResponse() invoked!
info: ===> TimeStamp : 2025-07-07 23:52:32===> API : /api/auth/validateuser ===> Message : validateUserResponse() completed
info: ===> TimeStamp : 2025-07-07 23:52:32===> API : null ===> Message : validateRequest() invoked
info: ===> TimeStamp : 2025-07-07 23:52:32===> API : null ===> Message : fetchDBSettings()
info: ===> TimeStamp : 2025-07-07 23:52:32===> API : null ===> Message : validateRequest() Invoked!
info: ===> TimeStamp : 2025-07-07 23:52:32===> API : null ===> Message : validRequest() :: Api validated Successfully
info: ===> TimeStamp : 2025-07-07 23:52:32===> API : /api/auth/login ===> Message : loginUser() invoked!!
info: ===> TimeStamp : 2025-07-07 23:52:32===> API : /api/auth/login ===> Message : loginUser() :: Request Object :: [object Object]
info: ===> TimeStamp : 2025-07-07 23:52:32===> API : /api/auth/login ===> Message : loginUserDB() Invoked !
info: ===> TimeStamp : 2025-07-07 23:52:32===> API : /api/auth/login ===> Message : loginUserResponse() invoked!
info: ===> TimeStamp : 2025-07-07 23:52:32===> API : /api/auth/login ===> Message : loginUserResponse() completed
info: ===> TimeStamp : 2025-07-08 01:49:30===> API : null ===> Message : validateRequest() invoked
info: ===> TimeStamp : 2025-07-08 01:49:30===> API : null ===> Message : validateRequest() Error:: Invalid Request :: 
      {"apiUri":"/"}
info: ===> TimeStamp : 2025-07-08 01:49:31===> API : null ===> Message : validateRequest() invoked
info: ===> TimeStamp : 2025-07-08 01:49:31===> API : null ===> Message : validateRequest() Error:: Invalid Request :: 
      {"apiUri":"/favicon.ico"}
info: ===> TimeStamp : 2025-07-08 01:50:30===> API : null ===> Message : validateRequest() invoked
info: ===> TimeStamp : 2025-07-08 01:50:30===> API : null ===> Message : validateRequest() Error:: Invalid Request :: 
      {"apiUri":"/"}
info: ===> TimeStamp : 2025-07-08 02:38:38===> API : null ===> Message : validateRequest() invoked
info: ===> TimeStamp : 2025-07-08 02:38:38===> API : null ===> Message : validateRequest() Error:: Invalid Request :: 
      {"apiUri":"/"}
info: ===> TimeStamp : 2025-07-08 02:38:39===> API : null ===> Message : validateRequest() invoked
info: ===> TimeStamp : 2025-07-08 02:38:39===> API : null ===> Message : validateRequest() Error:: Invalid Request :: 
      {"apiUri":"/favicon.ico"}
info: ===> TimeStamp : 2025-07-08 02:40:37===> API : null ===> Message : validateRequest() invoked
info: ===> TimeStamp : 2025-07-08 02:40:37===> API : null ===> Message : validateRequest() Error:: Invalid Request :: 
      {"apiUri":"/"}
info: ===> TimeStamp : 2025-07-08 02:40:37===> API : null ===> Message : validateRequest() invoked
info: ===> TimeStamp : 2025-07-08 02:40:37===> API : null ===> Message : validateRequest() Error:: Invalid Request :: 
      {"apiUri":"/"}
info: ===> TimeStamp : 2025-07-08 02:40:45===> API : null ===> Message : validateRequest() invoked
info: ===> TimeStamp : 2025-07-08 02:40:45===> API : null ===> Message : validateRequest() Error:: Invalid Request :: 
      {"apiUri":"/"}
info: ===> TimeStamp : 2025-07-08 02:54:36===> API : null ===> Message : validateRequest() invoked
info: ===> TimeStamp : 2025-07-08 02:54:36===> API : null ===> Message : fetchDBSettings()
info: ===> TimeStamp : 2025-07-08 02:54:36===> API : null ===> Message : validateRequest() Invoked!
info: ===> TimeStamp : 2025-07-08 02:54:36===> API : null ===> Message : validRequest() :: Api validated Successfully
info: ===> TimeStamp : 2025-07-08 02:54:36===> API : /api/auth/validateuser ===> Message : validateUser() :: Request Object :: [object Object]
info: ===> TimeStamp : 2025-07-08 02:54:36===> API : /api/auth/validateuser ===> Message : validateUserDB() Invoked !
info: ===> TimeStamp : 2025-07-08 02:54:36===> API : /api/auth/validateuser ===> Message : validateUser() invoked!!
info: ===> TimeStamp : 2025-07-08 02:54:36===> API : /api/auth/validateuser ===> Message : validateUserResponse() invoked!
info: ===> TimeStamp : 2025-07-08 02:54:36===> API : /api/auth/validateuser ===> Message : validateUserResponse() completed
info: ===> TimeStamp : 2025-07-08 02:54:36===> API : null ===> Message : validateRequest() invoked
info: ===> TimeStamp : 2025-07-08 02:54:36===> API : null ===> Message : fetchDBSettings()
info: ===> TimeStamp : 2025-07-08 02:54:36===> API : null ===> Message : validateRequest() Invoked!
info: ===> TimeStamp : 2025-07-08 02:54:37===> API : null ===> Message : validRequest() :: Api validated Successfully
info: ===> TimeStamp : 2025-07-08 02:54:37===> API : /api/auth/checkIP ===> Message : checkIP() invoked!!
info: ===> TimeStamp : 2025-07-08 02:54:37===> API : /api/auth/checkIP ===> Message : IPs match: 103.255.182.117
info: ===> TimeStamp : 2025-07-08 02:54:37===> API : /api/auth/checkIP ===> Message : checkIPResponse() invoked!
info: ===> TimeStamp : 2025-07-08 02:54:37===> API : /api/auth/checkIP ===> Message : checkIPResponse() completed
info: ===> TimeStamp : 2025-07-08 02:54:37===> API : null ===> Message : validateRequest() invoked
info: ===> TimeStamp : 2025-07-08 02:54:37===> API : null ===> Message : fetchDBSettings()
info: ===> TimeStamp : 2025-07-08 02:54:37===> API : null ===> Message : validateRequest() Invoked!
info: ===> TimeStamp : 2025-07-08 02:54:37===> API : null ===> Message : validRequest() :: Api validated Successfully
info: ===> TimeStamp : 2025-07-08 02:54:37===> API : /api/auth/login ===> Message : loginUser() invoked!!
info: ===> TimeStamp : 2025-07-08 02:54:37===> API : /api/auth/login ===> Message : loginUser() :: Request Object :: [object Object]
info: ===> TimeStamp : 2025-07-08 02:54:37===> API : /api/auth/login ===> Message : loginUserDB() Invoked !
info: ===> TimeStamp : 2025-07-08 02:54:37===> API : /api/auth/login ===> Message : loginUserResponse() invoked!
info: ===> TimeStamp : 2025-07-08 02:54:37===> API : /api/auth/login ===> Message : loginUserResponse() completed
info: ===> TimeStamp : 2025-07-08 03:01:57===> API : null ===> Message : validateRequest() invoked
info: ===> TimeStamp : 2025-07-08 03:01:57===> API : null ===> Message : fetchDBSettings()
info: ===> TimeStamp : 2025-07-08 03:01:57===> API : null ===> Message : validateRequest() Invoked!
info: ===> TimeStamp : 2025-07-08 03:01:57===> API : null ===> Message : validRequest() :: Api validated Successfully
info: ===> TimeStamp : 2025-07-08 03:01:57===> API : /api/auth/logout ===> Message : logoutUser() invoked!!
info: ===> TimeStamp : 2025-07-08 03:01:57===> API : /api/auth/logout ===> Message : logoutUser() :: Request Object :: [object Object]
info: ===> TimeStamp : 2025-07-08 03:01:57===> API : /api/auth/logout ===> Message : logoutUserDB() Invoked !
info: ===> TimeStamp : 2025-07-08 03:01:57===> API : /api/auth/logout ===> Message : logoutUserResponse() invoked!
info: ===> TimeStamp : 2025-07-08 03:01:57===> API : /api/auth/logout ===> Message : logoutUserResponse() completed
info: ===> TimeStamp : 2025-07-08 03:39:05===> API : null ===> Message : validateRequest() invoked
info: ===> TimeStamp : 2025-07-08 03:39:05===> API : null ===> Message : fetchDBSettings()
info: ===> TimeStamp : 2025-07-08 03:39:05===> API : null ===> Message : validateRequest() Invoked!
info: ===> TimeStamp : 2025-07-08 03:39:05===> API : null ===> Message : validRequest() :: Api validated Successfully
info: ===> TimeStamp : 2025-07-08 03:39:05===> API : /api/auth/validateuser ===> Message : validateUser() invoked!!
info: ===> TimeStamp : 2025-07-08 03:39:05===> API : /api/auth/validateuser ===> Message : validateUser() :: Request Object :: [object Object]
info: ===> TimeStamp : 2025-07-08 03:39:05===> API : /api/auth/validateuser ===> Message : validateUserDB() Invoked !
info: ===> TimeStamp : 2025-07-08 03:39:05===> API : /api/auth/validateuser ===> Message : validateUserResponse() invoked!
info: ===> TimeStamp : 2025-07-08 03:39:05===> API : /api/auth/validateuser ===> Message : validateUserResponse() completed
info: ===> TimeStamp : 2025-07-08 03:39:05===> API : null ===> Message : validateRequest() invoked
info: ===> TimeStamp : 2025-07-08 03:39:05===> API : null ===> Message : fetchDBSettings()
info: ===> TimeStamp : 2025-07-08 03:39:05===> API : null ===> Message : validateRequest() Invoked!
info: ===> TimeStamp : 2025-07-08 03:39:05===> API : null ===> Message : validRequest() :: Api validated Successfully
info: ===> TimeStamp : 2025-07-08 03:39:05===> API : /api/auth/checkIP ===> Message : checkIP() invoked!!
info: ===> TimeStamp : 2025-07-08 03:39:05===> API : /api/auth/checkIP ===> Message : IPs match: 103.225.102.194
info: ===> TimeStamp : 2025-07-08 03:39:05===> API : /api/auth/checkIP ===> Message : checkIPResponse() invoked!
info: ===> TimeStamp : 2025-07-08 03:39:05===> API : /api/auth/checkIP ===> Message : checkIPResponse() completed
info: ===> TimeStamp : 2025-07-08 03:39:05===> API : null ===> Message : validateRequest() invoked
info: ===> TimeStamp : 2025-07-08 03:39:05===> API : null ===> Message : fetchDBSettings()
info: ===> TimeStamp : 2025-07-08 03:39:05===> API : null ===> Message : validateRequest() Invoked!
info: ===> TimeStamp : 2025-07-08 03:39:05===> API : null ===> Message : validRequest() :: Api validated Successfully
info: ===> TimeStamp : 2025-07-08 03:39:05===> API : /api/auth/login ===> Message : loginUser() invoked!!
info: ===> TimeStamp : 2025-07-08 03:39:05===> API : /api/auth/login ===> Message : loginUser() :: Request Object :: [object Object]
info: ===> TimeStamp : 2025-07-08 03:39:05===> API : /api/auth/login ===> Message : loginUserDB() Invoked !
info: ===> TimeStamp : 2025-07-08 03:39:05===> API : /api/auth/login ===> Message : loginUserResponse() invoked!
info: ===> TimeStamp : 2025-07-08 03:39:05===> API : /api/auth/login ===> Message : loginUserResponse() completed
