info: ===> TimeStamp : 2025-07-19 05:47:19===> API : null ===> Message : validateRequest() invoked
info: ===> TimeStamp : 2025-07-19 05:47:19===> API : null ===> Message : fetchDBSettings()
info: ===> TimeStamp : 2025-07-19 05:47:19===> API : null ===> Message : validateRequest() Invoked!
info: ===> TimeStamp : 2025-07-19 05:47:19===> API : null ===> Message : validRequest() :: Api validated Successfully
info: ===> TimeStamp : 2025-07-19 05:47:19===> API : /api/auth/validateuser ===> Message : validateUser() :: Request Object :: [object Object]
info: ===> TimeStamp : 2025-07-19 05:47:19===> API : /api/auth/validateuser ===> Message : validateUser() invoked!!
info: ===> TimeStamp : 2025-07-19 05:47:19===> API : /api/auth/validateuser ===> Message : validateUserDB() Invoked !
info: ===> TimeStamp : 2025-07-19 05:47:19===> API : /api/auth/validateuser ===> Message : validateUserResponse() invoked!
info: ===> TimeStamp : 2025-07-19 05:47:19===> API : /api/auth/validateuser ===> Message : validateUserResponse() completed
info: ===> TimeStamp : 2025-07-19 05:47:19===> API : null ===> Message : validateRequest() invoked
info: ===> TimeStamp : 2025-07-19 05:47:19===> API : null ===> Message : fetchDBSettings()
info: ===> TimeStamp : 2025-07-19 05:47:19===> API : null ===> Message : validateRequest() Invoked!
info: ===> TimeStamp : 2025-07-19 05:47:19===> API : null ===> Message : validRequest() :: Api validated Successfully
info: ===> TimeStamp : 2025-07-19 05:47:19===> API : /api/auth/checkIP ===> Message : IPs match: 103.225.102.194
info: ===> TimeStamp : 2025-07-19 05:47:19===> API : /api/auth/checkIP ===> Message : checkIP() invoked!!
info: ===> TimeStamp : 2025-07-19 05:47:19===> API : /api/auth/checkIP ===> Message : checkIPResponse() invoked!
info: ===> TimeStamp : 2025-07-19 05:47:19===> API : /api/auth/checkIP ===> Message : checkIPResponse() completed
info: ===> TimeStamp : 2025-07-19 05:47:19===> API : null ===> Message : validateRequest() invoked
info: ===> TimeStamp : 2025-07-19 05:47:19===> API : null ===> Message : fetchDBSettings()
info: ===> TimeStamp : 2025-07-19 05:47:19===> API : null ===> Message : validateRequest() Invoked!
info: ===> TimeStamp : 2025-07-19 05:47:19===> API : null ===> Message : validRequest() :: Api validated Successfully
info: ===> TimeStamp : 2025-07-19 05:47:19===> API : /api/auth/login ===> Message : loginUser() invoked!!
info: ===> TimeStamp : 2025-07-19 05:47:19===> API : /api/auth/login ===> Message : loginUser() :: Request Object :: [object Object]
info: ===> TimeStamp : 2025-07-19 05:47:19===> API : /api/auth/login ===> Message : loginUserDB() Invoked !
info: ===> TimeStamp : 2025-07-19 05:47:19===> API : /api/auth/login ===> Message : loginUserResponse() invoked!
info: ===> TimeStamp : 2025-07-19 05:47:19===> API : /api/auth/login ===> Message : loginUserResponse() completed
info: ===> TimeStamp : 2025-07-19 06:46:52===> API : null ===> Message : validateRequest() invoked
info: ===> TimeStamp : 2025-07-19 06:46:52===> API : null ===> Message : fetchDBSettings()
info: ===> TimeStamp : 2025-07-19 06:46:52===> API : null ===> Message : validateRequest() Invoked!
info: ===> TimeStamp : 2025-07-19 06:46:52===> API : null ===> Message : validRequest() :: Api validated Successfully
info: ===> TimeStamp : 2025-07-19 06:46:52===> API : /api/auth/logout ===> Message : logoutUser() invoked!!
info: ===> TimeStamp : 2025-07-19 06:46:52===> API : /api/auth/logout ===> Message : logoutUser() :: Request Object :: [object Object]
info: ===> TimeStamp : 2025-07-19 06:46:52===> API : /api/auth/logout ===> Message : logoutUserDB() Invoked !
info: ===> TimeStamp : 2025-07-19 06:46:52===> API : /api/auth/logout ===> Message : logoutUserResponse() invoked!
info: ===> TimeStamp : 2025-07-19 06:46:52===> API : /api/auth/logout ===> Message : logoutUserResponse() completed
info: ===> TimeStamp : 2025-07-19 06:47:00===> API : null ===> Message : validateRequest() invoked
info: ===> TimeStamp : 2025-07-19 06:47:00===> API : null ===> Message : fetchDBSettings()
info: ===> TimeStamp : 2025-07-19 06:47:00===> API : null ===> Message : validateRequest() Invoked!
info: ===> TimeStamp : 2025-07-19 06:47:00===> API : null ===> Message : validRequest() :: Api validated Successfully
info: ===> TimeStamp : 2025-07-19 06:47:00===> API : /api/auth/validateuser ===> Message : validateUser() invoked!!
info: ===> TimeStamp : 2025-07-19 06:47:00===> API : /api/auth/validateuser ===> Message : validateUserDB() Invoked !
info: ===> TimeStamp : 2025-07-19 06:47:00===> API : /api/auth/validateuser ===> Message : validateUser() :: Request Object :: [object Object]
info: ===> TimeStamp : 2025-07-19 06:47:00===> API : /api/auth/validateuser ===> Message : validateUserResponse() invoked!
info: ===> TimeStamp : 2025-07-19 06:47:00===> API : /api/auth/validateuser ===> Message : validateUserResponse() completed
info: ===> TimeStamp : 2025-07-19 06:47:00===> API : null ===> Message : validateRequest() invoked
info: ===> TimeStamp : 2025-07-19 06:47:00===> API : null ===> Message : fetchDBSettings()
info: ===> TimeStamp : 2025-07-19 06:47:00===> API : null ===> Message : validateRequest() Invoked!
info: ===> TimeStamp : 2025-07-19 06:47:00===> API : null ===> Message : validRequest() :: Api validated Successfully
info: ===> TimeStamp : 2025-07-19 06:47:00===> API : /api/auth/checkIP ===> Message : checkIP() invoked!!
info: ===> TimeStamp : 2025-07-19 06:47:00===> API : /api/auth/checkIP ===> Message : IPs match: 103.225.102.194
info: ===> TimeStamp : 2025-07-19 06:47:00===> API : /api/auth/checkIP ===> Message : checkIPResponse() invoked!
info: ===> TimeStamp : 2025-07-19 06:47:00===> API : /api/auth/checkIP ===> Message : checkIPResponse() completed
info: ===> TimeStamp : 2025-07-19 06:47:00===> API : null ===> Message : validateRequest() invoked
info: ===> TimeStamp : 2025-07-19 06:47:00===> API : null ===> Message : fetchDBSettings()
info: ===> TimeStamp : 2025-07-19 06:47:00===> API : null ===> Message : validateRequest() Invoked!
info: ===> TimeStamp : 2025-07-19 06:47:01===> API : null ===> Message : validRequest() :: Api validated Successfully
info: ===> TimeStamp : 2025-07-19 06:47:01===> API : /api/auth/login ===> Message : loginUser() invoked!!
info: ===> TimeStamp : 2025-07-19 06:47:01===> API : /api/auth/login ===> Message : loginUser() :: Request Object :: [object Object]
info: ===> TimeStamp : 2025-07-19 06:47:01===> API : /api/auth/login ===> Message : loginUserDB() Invoked !
info: ===> TimeStamp : 2025-07-19 06:47:01===> API : /api/auth/login ===> Message : loginUserResponse() invoked!
info: ===> TimeStamp : 2025-07-19 06:47:01===> API : /api/auth/login ===> Message : loginUserResponse() completed
info: ===> TimeStamp : 2025-07-19 06:47:21===> API : null ===> Message : validateRequest() invoked
info: ===> TimeStamp : 2025-07-19 06:47:21===> API : null ===> Message : fetchDBSettings()
info: ===> TimeStamp : 2025-07-19 06:47:21===> API : null ===> Message : validateRequest() Invoked!
info: ===> TimeStamp : 2025-07-19 06:47:21===> API : null ===> Message : validRequest() :: Api validated Successfully
info: ===> TimeStamp : 2025-07-19 06:47:21===> API : /api/auth/logout ===> Message : logoutUser() invoked!!
info: ===> TimeStamp : 2025-07-19 06:47:21===> API : /api/auth/logout ===> Message : logoutUser() :: Request Object :: [object Object]
info: ===> TimeStamp : 2025-07-19 06:47:21===> API : /api/auth/logout ===> Message : logoutUserDB() Invoked !
info: ===> TimeStamp : 2025-07-19 06:47:21===> API : /api/auth/logout ===> Message : logoutUserResponse() invoked!
info: ===> TimeStamp : 2025-07-19 06:47:21===> API : /api/auth/logout ===> Message : logoutUserResponse() completed
info: ===> TimeStamp : 2025-07-19 06:58:21===> API : null ===> Message : validateRequest() invoked
info: ===> TimeStamp : 2025-07-19 06:58:21===> API : null ===> Message : fetchDBSettings()
info: ===> TimeStamp : 2025-07-19 06:58:21===> API : null ===> Message : validateRequest() Invoked!
info: ===> TimeStamp : 2025-07-19 06:58:21===> API : null ===> Message : validRequest() :: Api validated Successfully
info: ===> TimeStamp : 2025-07-19 06:58:21===> API : /api/auth/validateuser ===> Message : validateUser() invoked!!
info: ===> TimeStamp : 2025-07-19 06:58:21===> API : /api/auth/validateuser ===> Message : validateUser() :: Request Object :: [object Object]
info: ===> TimeStamp : 2025-07-19 06:58:21===> API : /api/auth/validateuser ===> Message : validateUserDB() Invoked !
info: ===> TimeStamp : 2025-07-19 06:58:21===> API : /api/auth/validateuser ===> Message : validateUserResponse() invoked!
info: ===> TimeStamp : 2025-07-19 06:58:21===> API : /api/auth/validateuser ===> Message : validateUserResponse() completed
info: ===> TimeStamp : 2025-07-19 06:58:21===> API : null ===> Message : validateRequest() invoked
info: ===> TimeStamp : 2025-07-19 06:58:21===> API : null ===> Message : fetchDBSettings()
info: ===> TimeStamp : 2025-07-19 06:58:21===> API : null ===> Message : validateRequest() Invoked!
info: ===> TimeStamp : 2025-07-19 06:58:21===> API : null ===> Message : validRequest() :: Api validated Successfully
info: ===> TimeStamp : 2025-07-19 06:58:21===> API : /api/auth/checkIP ===> Message : checkIP() invoked!!
info: ===> TimeStamp : 2025-07-19 06:58:21===> API : /api/auth/checkIP ===> Message : IPs match: 103.225.102.194
info: ===> TimeStamp : 2025-07-19 06:58:21===> API : /api/auth/checkIP ===> Message : checkIPResponse() invoked!
info: ===> TimeStamp : 2025-07-19 06:58:21===> API : /api/auth/checkIP ===> Message : checkIPResponse() completed
info: ===> TimeStamp : 2025-07-19 06:58:21===> API : null ===> Message : validateRequest() invoked
info: ===> TimeStamp : 2025-07-19 06:58:21===> API : null ===> Message : fetchDBSettings()
info: ===> TimeStamp : 2025-07-19 06:58:21===> API : null ===> Message : validateRequest() Invoked!
info: ===> TimeStamp : 2025-07-19 06:58:21===> API : null ===> Message : validRequest() :: Api validated Successfully
info: ===> TimeStamp : 2025-07-19 06:58:21===> API : /api/auth/login ===> Message : loginUser() invoked!!
info: ===> TimeStamp : 2025-07-19 06:58:21===> API : /api/auth/login ===> Message : loginUser() :: Request Object :: [object Object]
info: ===> TimeStamp : 2025-07-19 06:58:21===> API : /api/auth/login ===> Message : loginUserDB() Invoked !
info: ===> TimeStamp : 2025-07-19 06:58:21===> API : /api/auth/login ===> Message : loginUserResponse() invoked!
info: ===> TimeStamp : 2025-07-19 06:58:21===> API : /api/auth/login ===> Message : loginUserResponse() completed
info: ===> TimeStamp : 2025-07-19 06:59:08===> API : null ===> Message : validateRequest() invoked
info: ===> TimeStamp : 2025-07-19 06:59:08===> API : null ===> Message : fetchDBSettings()
info: ===> TimeStamp : 2025-07-19 06:59:08===> API : null ===> Message : validateRequest() Invoked!
info: ===> TimeStamp : 2025-07-19 06:59:08===> API : null ===> Message : validRequest() :: Api validated Successfully
info: ===> TimeStamp : 2025-07-19 06:59:08===> API : /api/auth/validateuser ===> Message : validateUser() invoked!!
info: ===> TimeStamp : 2025-07-19 06:59:08===> API : /api/auth/validateuser ===> Message : validateUser() :: Request Object :: [object Object]
info: ===> TimeStamp : 2025-07-19 06:59:08===> API : /api/auth/validateuser ===> Message : validateUserDB() Invoked !
info: ===> TimeStamp : 2025-07-19 06:59:08===> API : /api/auth/validateuser ===> Message : validateUserResponse() invoked!
info: ===> TimeStamp : 2025-07-19 06:59:08===> API : /api/auth/validateuser ===> Message : validateUserResponse() completed
info: ===> TimeStamp : 2025-07-19 06:59:08===> API : null ===> Message : validateRequest() invoked
info: ===> TimeStamp : 2025-07-19 06:59:08===> API : null ===> Message : fetchDBSettings()
info: ===> TimeStamp : 2025-07-19 06:59:08===> API : null ===> Message : validateRequest() Invoked!
info: ===> TimeStamp : 2025-07-19 06:59:08===> API : null ===> Message : validRequest() :: Api validated Successfully
info: ===> TimeStamp : 2025-07-19 06:59:08===> API : /api/auth/checkIP ===> Message : checkIP() invoked!!
info: ===> TimeStamp : 2025-07-19 06:59:08===> API : /api/auth/checkIP ===> Message : IPs match: 103.225.102.194
info: ===> TimeStamp : 2025-07-19 06:59:08===> API : /api/auth/checkIP ===> Message : checkIPResponse() invoked!
info: ===> TimeStamp : 2025-07-19 06:59:08===> API : /api/auth/checkIP ===> Message : checkIPResponse() completed
info: ===> TimeStamp : 2025-07-19 06:59:08===> API : null ===> Message : validateRequest() invoked
info: ===> TimeStamp : 2025-07-19 06:59:08===> API : null ===> Message : fetchDBSettings()
info: ===> TimeStamp : 2025-07-19 06:59:08===> API : null ===> Message : validateRequest() Invoked!
info: ===> TimeStamp : 2025-07-19 06:59:08===> API : null ===> Message : validRequest() :: Api validated Successfully
info: ===> TimeStamp : 2025-07-19 06:59:08===> API : /api/auth/login ===> Message : loginUser() invoked!!
info: ===> TimeStamp : 2025-07-19 06:59:08===> API : /api/auth/login ===> Message : loginUser() :: Request Object :: [object Object]
info: ===> TimeStamp : 2025-07-19 06:59:08===> API : /api/auth/login ===> Message : loginUserDB() Invoked !
info: ===> TimeStamp : 2025-07-19 06:59:08===> API : /api/auth/login ===> Message : loginUserResponse() invoked!
info: ===> TimeStamp : 2025-07-19 06:59:08===> API : /api/auth/login ===> Message : loginUserResponse() completed
info: ===> TimeStamp : 2025-07-19 09:06:11===> API : null ===> Message : validateRequest() invoked
info: ===> TimeStamp : 2025-07-19 09:06:11===> API : null ===> Message : fetchDBSettings()
info: ===> TimeStamp : 2025-07-19 09:06:11===> API : null ===> Message : validateRequest() Invoked!
info: ===> TimeStamp : 2025-07-19 09:06:11===> API : null ===> Message : validRequest() :: Api validated Successfully
info: ===> TimeStamp : 2025-07-19 09:06:11===> API : /api/auth/validateuser ===> Message : validateUser() invoked!!
info: ===> TimeStamp : 2025-07-19 09:06:11===> API : /api/auth/validateuser ===> Message : validateUser() :: Request Object :: [object Object]
info: ===> TimeStamp : 2025-07-19 09:06:11===> API : /api/auth/validateuser ===> Message : validateUserDB() Invoked !
info: ===> TimeStamp : 2025-07-19 09:06:11===> API : /api/auth/validateuser ===> Message : validateUserResponse() invoked!
info: ===> TimeStamp : 2025-07-19 09:06:11===> API : /api/auth/validateuser ===> Message : validateUserResponse() completed
info: ===> TimeStamp : 2025-07-19 09:06:11===> API : null ===> Message : validateRequest() invoked
info: ===> TimeStamp : 2025-07-19 09:06:11===> API : null ===> Message : fetchDBSettings()
info: ===> TimeStamp : 2025-07-19 09:06:11===> API : null ===> Message : validateRequest() Invoked!
info: ===> TimeStamp : 2025-07-19 09:06:11===> API : null ===> Message : validRequest() :: Api validated Successfully
info: ===> TimeStamp : 2025-07-19 09:06:11===> API : /api/auth/checkIP ===> Message : checkIP() invoked!!
info: ===> TimeStamp : 2025-07-19 09:06:11===> API : /api/auth/checkIP ===> Message : IPs match: 103.225.102.194
info: ===> TimeStamp : 2025-07-19 09:06:11===> API : /api/auth/checkIP ===> Message : checkIPResponse() invoked!
info: ===> TimeStamp : 2025-07-19 09:06:11===> API : /api/auth/checkIP ===> Message : checkIPResponse() completed
info: ===> TimeStamp : 2025-07-19 09:06:11===> API : null ===> Message : validateRequest() invoked
info: ===> TimeStamp : 2025-07-19 09:06:11===> API : null ===> Message : fetchDBSettings()
info: ===> TimeStamp : 2025-07-19 09:06:11===> API : null ===> Message : validateRequest() Invoked!
info: ===> TimeStamp : 2025-07-19 09:06:11===> API : null ===> Message : validRequest() :: Api validated Successfully
info: ===> TimeStamp : 2025-07-19 09:06:11===> API : /api/auth/login ===> Message : loginUser() invoked!!
info: ===> TimeStamp : 2025-07-19 09:06:11===> API : /api/auth/login ===> Message : loginUser() :: Request Object :: [object Object]
info: ===> TimeStamp : 2025-07-19 09:06:11===> API : /api/auth/login ===> Message : loginUserDB() Invoked !
info: ===> TimeStamp : 2025-07-19 09:06:11===> API : /api/auth/login ===> Message : loginUserResponse() invoked!
info: ===> TimeStamp : 2025-07-19 09:06:11===> API : /api/auth/login ===> Message : loginUserResponse() completed
info: ===> TimeStamp : 2025-07-19 12:08:52===> API : null ===> Message : validateRequest() invoked
info: ===> TimeStamp : 2025-07-19 12:08:52===> API : null ===> Message : validateRequest() Error:: Invalid Request :: 
      {"apiUri":"/"}
info: ===> TimeStamp : 2025-07-19 12:45:35===> API : null ===> Message : validateRequest() invoked
info: ===> TimeStamp : 2025-07-19 12:45:35===> API : null ===> Message : fetchDBSettings()
info: ===> TimeStamp : 2025-07-19 12:45:35===> API : null ===> Message : validateRequest() Invoked!
info: ===> TimeStamp : 2025-07-19 12:45:35===> API : null ===> Message : validRequest() :: Api validated Successfully
info: ===> TimeStamp : 2025-07-19 12:45:35===> API : /api/auth/validateuser ===> Message : validateUser() invoked!!
info: ===> TimeStamp : 2025-07-19 12:45:35===> API : /api/auth/validateuser ===> Message : validateUser() :: Request Object :: [object Object]
info: ===> TimeStamp : 2025-07-19 12:45:35===> API : /api/auth/validateuser ===> Message : validateUserDB() Invoked !
info: ===> TimeStamp : 2025-07-19 12:45:35===> API : /api/auth/validateuser ===> Message : validateUserResponse() invoked!
info: ===> TimeStamp : 2025-07-19 12:45:35===> API : /api/auth/validateuser ===> Message : validateUserResponse() completed
info: ===> TimeStamp : 2025-07-19 12:45:35===> API : null ===> Message : validateRequest() invoked
info: ===> TimeStamp : 2025-07-19 12:45:35===> API : null ===> Message : fetchDBSettings()
info: ===> TimeStamp : 2025-07-19 12:45:35===> API : null ===> Message : validateRequest() Invoked!
info: ===> TimeStamp : 2025-07-19 12:45:35===> API : null ===> Message : validRequest() :: Api validated Successfully
info: ===> TimeStamp : 2025-07-19 12:45:35===> API : /api/auth/login ===> Message : loginUser() invoked!!
info: ===> TimeStamp : 2025-07-19 12:45:35===> API : /api/auth/login ===> Message : loginUser() :: Request Object :: [object Object]
info: ===> TimeStamp : 2025-07-19 12:45:35===> API : /api/auth/login ===> Message : loginUserDB() Invoked !
info: ===> TimeStamp : 2025-07-19 12:45:35===> API : /api/auth/login ===> Message : loginUserResponse() invoked!
info: ===> TimeStamp : 2025-07-19 12:45:35===> API : /api/auth/login ===> Message : loginUserResponse() completed
info: ===> TimeStamp : 2025-07-19 14:42:52===> API : null ===> Message : validateRequest() invoked
info: ===> TimeStamp : 2025-07-19 14:42:52===> API : null ===> Message : fetchDBSettings()
info: ===> TimeStamp : 2025-07-19 14:42:52===> API : null ===> Message : validateRequest() Invoked!
info: ===> TimeStamp : 2025-07-19 14:42:52===> API : null ===> Message : validRequest() :: Api validated Successfully
info: ===> TimeStamp : 2025-07-19 14:42:52===> API : /api/auth/validateuser ===> Message : validateUser() invoked!!
info: ===> TimeStamp : 2025-07-19 14:42:52===> API : /api/auth/validateuser ===> Message : validateUser() :: Request Object :: [object Object]
info: ===> TimeStamp : 2025-07-19 14:42:52===> API : /api/auth/validateuser ===> Message : validateUserDB() Invoked !
info: ===> TimeStamp : 2025-07-19 14:42:52===> API : /api/auth/validateuser ===> Message : validateUserResponse() invoked!
info: ===> TimeStamp : 2025-07-19 14:42:52===> API : /api/auth/validateuser ===> Message : validateUserResponse() completed
info: ===> TimeStamp : 2025-07-19 14:42:52===> API : null ===> Message : validateRequest() invoked
info: ===> TimeStamp : 2025-07-19 14:42:52===> API : null ===> Message : fetchDBSettings()
info: ===> TimeStamp : 2025-07-19 14:42:52===> API : null ===> Message : validateRequest() Invoked!
info: ===> TimeStamp : 2025-07-19 14:42:52===> API : null ===> Message : validRequest() :: Api validated Successfully
info: ===> TimeStamp : 2025-07-19 14:42:52===> API : /api/auth/login ===> Message : loginUser() invoked!!
info: ===> TimeStamp : 2025-07-19 14:42:52===> API : /api/auth/login ===> Message : loginUser() :: Request Object :: [object Object]
info: ===> TimeStamp : 2025-07-19 14:42:52===> API : /api/auth/login ===> Message : loginUserDB() Invoked !
info: ===> TimeStamp : 2025-07-19 14:42:53===> API : /api/auth/login ===> Message : loginUserResponse() invoked!
info: ===> TimeStamp : 2025-07-19 14:42:53===> API : /api/auth/login ===> Message : loginUserResponse() completed
info: ===> TimeStamp : 2025-07-19 14:48:56===> API : null ===> Message : validateRequest() invoked
info: ===> TimeStamp : 2025-07-19 14:48:56===> API : null ===> Message : fetchDBSettings()
info: ===> TimeStamp : 2025-07-19 14:48:56===> API : null ===> Message : validateRequest() Invoked!
info: ===> TimeStamp : 2025-07-19 14:48:56===> API : null ===> Message : validRequest() :: Api validated Successfully
info: ===> TimeStamp : 2025-07-19 14:48:56===> API : /api/auth/logout ===> Message : logoutUser() invoked!!
info: ===> TimeStamp : 2025-07-19 14:48:56===> API : /api/auth/logout ===> Message : logoutUser() :: Request Object :: [object Object]
info: ===> TimeStamp : 2025-07-19 14:48:56===> API : /api/auth/logout ===> Message : logoutUserDB() Invoked !
info: ===> TimeStamp : 2025-07-19 14:48:56===> API : /api/auth/logout ===> Message : logoutUserResponse() invoked!
info: ===> TimeStamp : 2025-07-19 14:48:56===> API : /api/auth/logout ===> Message : logoutUserResponse() completed
info: ===> TimeStamp : 2025-07-19 14:57:06===> API : null ===> Message : validateRequest() invoked
info: ===> TimeStamp : 2025-07-19 14:57:06===> API : null ===> Message : fetchDBSettings()
info: ===> TimeStamp : 2025-07-19 14:57:06===> API : null ===> Message : validateRequest() Invoked!
info: ===> TimeStamp : 2025-07-19 14:57:06===> API : null ===> Message : validRequest() :: Api validated Successfully
info: ===> TimeStamp : 2025-07-19 14:57:06===> API : /api/auth/logout ===> Message : logoutUser() :: Request Object :: [object Object]
info: ===> TimeStamp : 2025-07-19 14:57:06===> API : /api/auth/logout ===> Message : logoutUser() invoked!!
info: ===> TimeStamp : 2025-07-19 14:57:06===> API : /api/auth/logout ===> Message : logoutUserDB() Invoked !
info: ===> TimeStamp : 2025-07-19 14:57:06===> API : /api/auth/logout ===> Message : logoutUserResponse() invoked!
info: ===> TimeStamp : 2025-07-19 14:57:06===> API : /api/auth/logout ===> Message : logoutUserResponse() completed
info: ===> TimeStamp : 2025-07-19 14:57:42===> API : null ===> Message : fetchDBSettings()
info: ===> TimeStamp : 2025-07-19 14:57:42===> API : null ===> Message : validateRequest() invoked
info: ===> TimeStamp : 2025-07-19 14:57:42===> API : null ===> Message : validateRequest() Invoked!
info: ===> TimeStamp : 2025-07-19 14:57:42===> API : null ===> Message : validRequest() :: Api validated Successfully
info: ===> TimeStamp : 2025-07-19 14:57:42===> API : /api/auth/validateuser ===> Message : validateUser() invoked!!
info: ===> TimeStamp : 2025-07-19 14:57:42===> API : /api/auth/validateuser ===> Message : validateUser() :: Request Object :: [object Object]
info: ===> TimeStamp : 2025-07-19 14:57:42===> API : /api/auth/validateuser ===> Message : validateUserDB() Invoked !
info: ===> TimeStamp : 2025-07-19 14:57:42===> API : /api/auth/validateuser ===> Message : validateUserResponse() invoked!
info: ===> TimeStamp : 2025-07-19 14:57:42===> API : /api/auth/validateuser ===> Message : validateUserResponse() completed
info: ===> TimeStamp : 2025-07-19 14:57:42===> API : null ===> Message : validateRequest() invoked
info: ===> TimeStamp : 2025-07-19 14:57:42===> API : null ===> Message : fetchDBSettings()
info: ===> TimeStamp : 2025-07-19 14:57:42===> API : null ===> Message : validateRequest() Invoked!
info: ===> TimeStamp : 2025-07-19 14:57:42===> API : null ===> Message : validRequest() :: Api validated Successfully
info: ===> TimeStamp : 2025-07-19 14:57:42===> API : /api/auth/checkIP ===> Message : checkIP() invoked!!
info: ===> TimeStamp : 2025-07-19 14:57:42===> API : /api/auth/checkIP ===> Message : IPs match: 103.225.102.194
info: ===> TimeStamp : 2025-07-19 14:57:42===> API : /api/auth/checkIP ===> Message : checkIPResponse() invoked!
info: ===> TimeStamp : 2025-07-19 14:57:42===> API : /api/auth/checkIP ===> Message : checkIPResponse() completed
info: ===> TimeStamp : 2025-07-19 14:57:43===> API : null ===> Message : validateRequest() invoked
info: ===> TimeStamp : 2025-07-19 14:57:43===> API : null ===> Message : fetchDBSettings()
info: ===> TimeStamp : 2025-07-19 14:57:43===> API : null ===> Message : validateRequest() Invoked!
info: ===> TimeStamp : 2025-07-19 14:57:43===> API : null ===> Message : validRequest() :: Api validated Successfully
info: ===> TimeStamp : 2025-07-19 14:57:43===> API : /api/auth/login ===> Message : loginUser() invoked!!
info: ===> TimeStamp : 2025-07-19 14:57:43===> API : /api/auth/login ===> Message : loginUser() :: Request Object :: [object Object]
info: ===> TimeStamp : 2025-07-19 14:57:43===> API : /api/auth/login ===> Message : loginUserDB() Invoked !
info: ===> TimeStamp : 2025-07-19 14:57:43===> API : /api/auth/login ===> Message : loginUserResponse() invoked!
info: ===> TimeStamp : 2025-07-19 14:57:43===> API : /api/auth/login ===> Message : loginUserResponse() completed
info: ===> TimeStamp : 2025-07-19 14:58:16===> API : null ===> Message : validateRequest() invoked
info: ===> TimeStamp : 2025-07-19 14:58:16===> API : null ===> Message : fetchDBSettings()
info: ===> TimeStamp : 2025-07-19 14:58:16===> API : null ===> Message : validateRequest() Invoked!
info: ===> TimeStamp : 2025-07-19 14:58:16===> API : null ===> Message : validRequest() :: Api validated Successfully
info: ===> TimeStamp : 2025-07-19 14:58:16===> API : /api/auth/validateuser ===> Message : validateUser() :: Request Object :: [object Object]
info: ===> TimeStamp : 2025-07-19 14:58:16===> API : /api/auth/validateuser ===> Message : validateUser() invoked!!
info: ===> TimeStamp : 2025-07-19 14:58:16===> API : /api/auth/validateuser ===> Message : validateUserDB() Invoked !
info: ===> TimeStamp : 2025-07-19 14:58:16===> API : /api/auth/validateuser ===> Message : validateUserResponse() invoked!
info: ===> TimeStamp : 2025-07-19 14:58:16===> API : /api/auth/validateuser ===> Message : validateUserResponse() completed
info: ===> TimeStamp : 2025-07-19 14:58:16===> API : null ===> Message : validateRequest() invoked
info: ===> TimeStamp : 2025-07-19 14:58:16===> API : null ===> Message : fetchDBSettings()
info: ===> TimeStamp : 2025-07-19 14:58:16===> API : null ===> Message : validateRequest() Invoked!
info: ===> TimeStamp : 2025-07-19 14:58:16===> API : null ===> Message : validRequest() :: Api validated Successfully
info: ===> TimeStamp : 2025-07-19 14:58:16===> API : /api/auth/checkIP ===> Message : checkIP() invoked!!
info: ===> TimeStamp : 2025-07-19 14:58:16===> API : /api/auth/checkIP ===> Message : IPs match: 103.225.102.194
info: ===> TimeStamp : 2025-07-19 14:58:16===> API : /api/auth/checkIP ===> Message : checkIPResponse() invoked!
info: ===> TimeStamp : 2025-07-19 14:58:16===> API : /api/auth/checkIP ===> Message : checkIPResponse() completed
info: ===> TimeStamp : 2025-07-19 14:58:16===> API : null ===> Message : validateRequest() invoked
info: ===> TimeStamp : 2025-07-19 14:58:16===> API : null ===> Message : fetchDBSettings()
info: ===> TimeStamp : 2025-07-19 14:58:16===> API : null ===> Message : validateRequest() Invoked!
info: ===> TimeStamp : 2025-07-19 14:58:16===> API : null ===> Message : validRequest() :: Api validated Successfully
info: ===> TimeStamp : 2025-07-19 14:58:16===> API : /api/auth/login ===> Message : loginUser() invoked!!
info: ===> TimeStamp : 2025-07-19 14:58:16===> API : /api/auth/login ===> Message : loginUser() :: Request Object :: [object Object]
info: ===> TimeStamp : 2025-07-19 14:58:16===> API : /api/auth/login ===> Message : loginUserDB() Invoked !
info: ===> TimeStamp : 2025-07-19 14:58:16===> API : /api/auth/login ===> Message : loginUserResponse() invoked!
info: ===> TimeStamp : 2025-07-19 14:58:16===> API : /api/auth/login ===> Message : loginUserResponse() completed
info: ===> TimeStamp : 2025-07-19 14:58:20===> API : null ===> Message : validateRequest() invoked
info: ===> TimeStamp : 2025-07-19 14:58:20===> API : null ===> Message : fetchDBSettings()
info: ===> TimeStamp : 2025-07-19 14:58:20===> API : null ===> Message : validateRequest() Invoked!
info: ===> TimeStamp : 2025-07-19 14:58:20===> API : /api/auth/logout ===> Message : logoutUser() invoked!!
info: ===> TimeStamp : 2025-07-19 14:58:20===> API : /api/auth/logout ===> Message : logoutUser() :: Request Object :: [object Object]
info: ===> TimeStamp : 2025-07-19 14:58:20===> API : null ===> Message : validRequest() :: Api validated Successfully
info: ===> TimeStamp : 2025-07-19 14:58:20===> API : /api/auth/logout ===> Message : logoutUserDB() Invoked !
info: ===> TimeStamp : 2025-07-19 14:58:20===> API : /api/auth/logout ===> Message : logoutUserResponse() invoked!
info: ===> TimeStamp : 2025-07-19 14:58:20===> API : /api/auth/logout ===> Message : logoutUserResponse() completed
info: ===> TimeStamp : 2025-07-19 14:58:31===> API : null ===> Message : validateRequest() invoked
info: ===> TimeStamp : 2025-07-19 14:58:31===> API : null ===> Message : fetchDBSettings()
info: ===> TimeStamp : 2025-07-19 14:58:31===> API : null ===> Message : validateRequest() Invoked!
info: ===> TimeStamp : 2025-07-19 14:58:31===> API : null ===> Message : validRequest() :: Api validated Successfully
info: ===> TimeStamp : 2025-07-19 14:58:31===> API : /api/auth/validateuser ===> Message : validateUser() :: Request Object :: [object Object]
info: ===> TimeStamp : 2025-07-19 14:58:31===> API : /api/auth/validateuser ===> Message : validateUser() invoked!!
info: ===> TimeStamp : 2025-07-19 14:58:31===> API : /api/auth/validateuser ===> Message : validateUserDB() Invoked !
info: ===> TimeStamp : 2025-07-19 14:58:31===> API : /api/auth/validateuser ===> Message : validateUserResponse() invoked!
info: ===> TimeStamp : 2025-07-19 14:58:31===> API : /api/auth/validateuser ===> Message : validateUserResponse() completed
info: ===> TimeStamp : 2025-07-19 14:58:31===> API : null ===> Message : validateRequest() invoked
info: ===> TimeStamp : 2025-07-19 14:58:31===> API : null ===> Message : fetchDBSettings()
info: ===> TimeStamp : 2025-07-19 14:58:31===> API : null ===> Message : validateRequest() Invoked!
info: ===> TimeStamp : 2025-07-19 14:58:31===> API : null ===> Message : validRequest() :: Api validated Successfully
info: ===> TimeStamp : 2025-07-19 14:58:31===> API : /api/auth/checkIP ===> Message : checkIP() invoked!!
info: ===> TimeStamp : 2025-07-19 14:58:31===> API : /api/auth/checkIP ===> Message : IPs match: 103.225.102.194
info: ===> TimeStamp : 2025-07-19 14:58:31===> API : /api/auth/checkIP ===> Message : checkIPResponse() invoked!
info: ===> TimeStamp : 2025-07-19 14:58:31===> API : /api/auth/checkIP ===> Message : checkIPResponse() completed
info: ===> TimeStamp : 2025-07-19 14:58:31===> API : null ===> Message : validateRequest() invoked
info: ===> TimeStamp : 2025-07-19 14:58:31===> API : null ===> Message : fetchDBSettings()
info: ===> TimeStamp : 2025-07-19 14:58:31===> API : null ===> Message : validateRequest() Invoked!
info: ===> TimeStamp : 2025-07-19 14:58:31===> API : null ===> Message : validRequest() :: Api validated Successfully
info: ===> TimeStamp : 2025-07-19 14:58:31===> API : /api/auth/login ===> Message : loginUser() invoked!!
info: ===> TimeStamp : 2025-07-19 14:58:31===> API : /api/auth/login ===> Message : loginUser() :: Request Object :: [object Object]
info: ===> TimeStamp : 2025-07-19 14:58:31===> API : /api/auth/login ===> Message : loginUserDB() Invoked !
info: ===> TimeStamp : 2025-07-19 14:58:31===> API : /api/auth/login ===> Message : loginUserResponse() invoked!
info: ===> TimeStamp : 2025-07-19 14:58:31===> API : /api/auth/login ===> Message : loginUserResponse() completed
info: ===> TimeStamp : 2025-07-19 15:21:52===> API : null ===> Message : validateRequest() invoked
info: ===> TimeStamp : 2025-07-19 15:21:52===> API : null ===> Message : fetchDBSettings()
info: ===> TimeStamp : 2025-07-19 15:21:52===> API : null ===> Message : validateRequest() Invoked!
info: ===> TimeStamp : 2025-07-19 15:21:52===> API : /api/auth/validateuser ===> Message : validateUser() invoked!!
info: ===> TimeStamp : 2025-07-19 15:21:52===> API : /api/auth/validateuser ===> Message : validateUser() :: Request Object :: [object Object]
info: ===> TimeStamp : 2025-07-19 15:21:52===> API : null ===> Message : validRequest() :: Api validated Successfully
info: ===> TimeStamp : 2025-07-19 15:21:52===> API : /api/auth/validateuser ===> Message : validateUserDB() Invoked !
info: ===> TimeStamp : 2025-07-19 15:21:52===> API : /api/auth/validateuser ===> Message : validateUserResponse() invoked!
info: ===> TimeStamp : 2025-07-19 15:21:52===> API : /api/auth/validateuser ===> Message : validateUserResponse() completed
info: ===> TimeStamp : 2025-07-19 15:21:52===> API : null ===> Message : validateRequest() invoked
info: ===> TimeStamp : 2025-07-19 15:21:52===> API : null ===> Message : fetchDBSettings()
info: ===> TimeStamp : 2025-07-19 15:21:52===> API : null ===> Message : validateRequest() Invoked!
info: ===> TimeStamp : 2025-07-19 15:21:52===> API : null ===> Message : validRequest() :: Api validated Successfully
info: ===> TimeStamp : 2025-07-19 15:21:52===> API : /api/auth/login ===> Message : loginUser() invoked!!
info: ===> TimeStamp : 2025-07-19 15:21:52===> API : /api/auth/login ===> Message : loginUser() :: Request Object :: [object Object]
info: ===> TimeStamp : 2025-07-19 15:21:52===> API : /api/auth/login ===> Message : loginUserDB() Invoked !
info: ===> TimeStamp : 2025-07-19 15:21:52===> API : /api/auth/login ===> Message : loginUserResponse() invoked!
info: ===> TimeStamp : 2025-07-19 15:21:52===> API : /api/auth/login ===> Message : loginUserResponse() completed
info: ===> TimeStamp : 2025-07-19 17:37:38===> API : null ===> Message : validateRequest() invoked
info: ===> TimeStamp : 2025-07-19 17:37:38===> API : null ===> Message : fetchDBSettings()
info: ===> TimeStamp : 2025-07-19 17:37:38===> API : null ===> Message : validateRequest() Invoked!
info: ===> TimeStamp : 2025-07-19 17:37:38===> API : null ===> Message : validRequest() :: Api validated Successfully
info: ===> TimeStamp : 2025-07-19 17:37:38===> API : /api/auth/validateuser ===> Message : validateUser() invoked!!
info: ===> TimeStamp : 2025-07-19 17:37:38===> API : /api/auth/validateuser ===> Message : validateUser() :: Request Object :: [object Object]
info: ===> TimeStamp : 2025-07-19 17:37:38===> API : /api/auth/validateuser ===> Message : validateUserDB() Invoked !
info: ===> TimeStamp : 2025-07-19 17:37:38===> API : /api/auth/validateuser ===> Message : validateUserResponse() invoked!
info: ===> TimeStamp : 2025-07-19 17:37:38===> API : /api/auth/validateuser ===> Message : validateUserResponse() completed
info: ===> TimeStamp : 2025-07-19 17:37:38===> API : null ===> Message : validateRequest() invoked
info: ===> TimeStamp : 2025-07-19 17:37:38===> API : null ===> Message : fetchDBSettings()
info: ===> TimeStamp : 2025-07-19 17:37:38===> API : null ===> Message : validateRequest() Invoked!
info: ===> TimeStamp : 2025-07-19 17:37:38===> API : null ===> Message : validRequest() :: Api validated Successfully
info: ===> TimeStamp : 2025-07-19 17:37:38===> API : /api/auth/login ===> Message : loginUser() invoked!!
info: ===> TimeStamp : 2025-07-19 17:37:38===> API : /api/auth/login ===> Message : loginUser() :: Request Object :: [object Object]
info: ===> TimeStamp : 2025-07-19 17:37:38===> API : /api/auth/login ===> Message : loginUserDB() Invoked !
info: ===> TimeStamp : 2025-07-19 17:37:38===> API : /api/auth/login ===> Message : loginUserResponse() invoked!
info: ===> TimeStamp : 2025-07-19 17:37:38===> API : /api/auth/login ===> Message : loginUserResponse() completed
info: ===> TimeStamp : 2025-07-19 18:38:39===> API : null ===> Message : validateRequest() invoked
info: ===> TimeStamp : 2025-07-19 18:38:39===> API : null ===> Message : fetchDBSettings()
info: ===> TimeStamp : 2025-07-19 18:38:39===> API : null ===> Message : validateRequest() Invoked!
info: ===> TimeStamp : 2025-07-19 18:38:39===> API : null ===> Message : validRequest() :: Api validated Successfully
info: ===> TimeStamp : 2025-07-19 18:38:39===> API : /api/auth/validateuser ===> Message : validateUser() invoked!!
info: ===> TimeStamp : 2025-07-19 18:38:39===> API : /api/auth/validateuser ===> Message : validateUser() :: Request Object :: [object Object]
info: ===> TimeStamp : 2025-07-19 18:38:39===> API : /api/auth/validateuser ===> Message : validateUserDB() Invoked !
info: ===> TimeStamp : 2025-07-19 18:38:39===> API : /api/auth/validateuser ===> Message : validateUserResponse() invoked!
info: ===> TimeStamp : 2025-07-19 18:38:39===> API : /api/auth/validateuser ===> Message : validateUserResponse() completed
info: ===> TimeStamp : 2025-07-19 18:38:40===> API : null ===> Message : validateRequest() invoked
info: ===> TimeStamp : 2025-07-19 18:38:40===> API : null ===> Message : fetchDBSettings()
info: ===> TimeStamp : 2025-07-19 18:38:40===> API : null ===> Message : validateRequest() Invoked!
info: ===> TimeStamp : 2025-07-19 18:38:40===> API : null ===> Message : validRequest() :: Api validated Successfully
info: ===> TimeStamp : 2025-07-19 18:38:40===> API : /api/auth/login ===> Message : loginUser() invoked!!
info: ===> TimeStamp : 2025-07-19 18:38:40===> API : /api/auth/login ===> Message : loginUser() :: Request Object :: [object Object]
info: ===> TimeStamp : 2025-07-19 18:38:40===> API : /api/auth/login ===> Message : loginUserDB() Invoked !
info: ===> TimeStamp : 2025-07-19 18:38:40===> API : /api/auth/login ===> Message : loginUserResponse() invoked!
info: ===> TimeStamp : 2025-07-19 18:38:40===> API : /api/auth/login ===> Message : loginUserResponse() completed
info: ===> TimeStamp : 2025-07-19 18:43:55===> API : null ===> Message : validateRequest() invoked
info: ===> TimeStamp : 2025-07-19 18:43:55===> API : null ===> Message : validateRequest() Error:: Invalid Request :: 
      {"apiUri":"/pdown"}
info: ===> TimeStamp : 2025-07-19 19:39:35===> API : null ===> Message : validateRequest() invoked
info: ===> TimeStamp : 2025-07-19 19:39:35===> API : null ===> Message : fetchDBSettings()
info: ===> TimeStamp : 2025-07-19 19:39:35===> API : null ===> Message : validateRequest() Invoked!
info: ===> TimeStamp : 2025-07-19 19:39:35===> API : null ===> Message : validRequest() :: Api validated Successfully
info: ===> TimeStamp : 2025-07-19 19:39:35===> API : /api/auth/validateuser ===> Message : validateUser() :: Request Object :: [object Object]
info: ===> TimeStamp : 2025-07-19 19:39:35===> API : /api/auth/validateuser ===> Message : validateUser() invoked!!
info: ===> TimeStamp : 2025-07-19 19:39:35===> API : /api/auth/validateuser ===> Message : validateUserDB() Invoked !
info: ===> TimeStamp : 2025-07-19 19:39:35===> API : /api/auth/validateuser ===> Message : validateUserResponse() invoked!
info: ===> TimeStamp : 2025-07-19 19:39:35===> API : /api/auth/validateuser ===> Message : validateUserResponse() completed
info: ===> TimeStamp : 2025-07-19 19:39:35===> API : null ===> Message : validateRequest() invoked
info: ===> TimeStamp : 2025-07-19 19:39:35===> API : null ===> Message : fetchDBSettings()
info: ===> TimeStamp : 2025-07-19 19:39:35===> API : null ===> Message : validateRequest() Invoked!
info: ===> TimeStamp : 2025-07-19 19:39:35===> API : null ===> Message : validRequest() :: Api validated Successfully
info: ===> TimeStamp : 2025-07-19 19:39:35===> API : /api/auth/checkIP ===> Message : checkIP() invoked!!
info: ===> TimeStamp : 2025-07-19 19:39:35===> API : /api/auth/checkIP ===> Message : IPs match: 103.255.182.117
info: ===> TimeStamp : 2025-07-19 19:39:35===> API : /api/auth/checkIP ===> Message : checkIPResponse() invoked!
info: ===> TimeStamp : 2025-07-19 19:39:35===> API : /api/auth/checkIP ===> Message : checkIPResponse() completed
info: ===> TimeStamp : 2025-07-19 19:39:35===> API : null ===> Message : validateRequest() invoked
info: ===> TimeStamp : 2025-07-19 19:39:35===> API : null ===> Message : fetchDBSettings()
info: ===> TimeStamp : 2025-07-19 19:39:35===> API : null ===> Message : validateRequest() Invoked!
info: ===> TimeStamp : 2025-07-19 19:39:35===> API : null ===> Message : validRequest() :: Api validated Successfully
info: ===> TimeStamp : 2025-07-19 19:39:35===> API : /api/auth/login ===> Message : loginUser() invoked!!
info: ===> TimeStamp : 2025-07-19 19:39:35===> API : /api/auth/login ===> Message : loginUser() :: Request Object :: [object Object]
info: ===> TimeStamp : 2025-07-19 19:39:35===> API : /api/auth/login ===> Message : loginUserDB() Invoked !
info: ===> TimeStamp : 2025-07-19 19:39:35===> API : /api/auth/login ===> Message : loginUserResponse() invoked!
info: ===> TimeStamp : 2025-07-19 19:39:35===> API : /api/auth/login ===> Message : loginUserResponse() completed
info: ===> TimeStamp : 2025-07-19 19:41:30===> API : null ===> Message : validateRequest() invoked
info: ===> TimeStamp : 2025-07-19 19:41:30===> API : null ===> Message : fetchDBSettings()
info: ===> TimeStamp : 2025-07-19 19:41:30===> API : null ===> Message : validateRequest() Invoked!
info: ===> TimeStamp : 2025-07-19 19:41:30===> API : null ===> Message : validRequest() :: Api validated Successfully
info: ===> TimeStamp : 2025-07-19 19:41:30===> API : /api/auth/validateuser ===> Message : validateUser() :: Request Object :: [object Object]
info: ===> TimeStamp : 2025-07-19 19:41:30===> API : /api/auth/validateuser ===> Message : validateUser() invoked!!
info: ===> TimeStamp : 2025-07-19 19:41:30===> API : /api/auth/validateuser ===> Message : validateUserDB() Invoked !
info: ===> TimeStamp : 2025-07-19 19:41:30===> API : /api/auth/validateuser ===> Message : validateUserResponse() invoked!
info: ===> TimeStamp : 2025-07-19 19:41:30===> API : /api/auth/validateuser ===> Message : validateUserResponse() completed
info: ===> TimeStamp : 2025-07-19 19:41:30===> API : null ===> Message : validateRequest() invoked
info: ===> TimeStamp : 2025-07-19 19:41:30===> API : null ===> Message : fetchDBSettings()
info: ===> TimeStamp : 2025-07-19 19:41:30===> API : null ===> Message : validateRequest() Invoked!
info: ===> TimeStamp : 2025-07-19 19:41:31===> API : null ===> Message : validRequest() :: Api validated Successfully
info: ===> TimeStamp : 2025-07-19 19:41:31===> API : /api/auth/login ===> Message : loginUser() invoked!!
info: ===> TimeStamp : 2025-07-19 19:41:31===> API : /api/auth/login ===> Message : loginUser() :: Request Object :: [object Object]
info: ===> TimeStamp : 2025-07-19 19:41:31===> API : /api/auth/login ===> Message : loginUserDB() Invoked !
info: ===> TimeStamp : 2025-07-19 19:41:31===> API : /api/auth/login ===> Message : loginUserResponse() invoked!
info: ===> TimeStamp : 2025-07-19 19:41:31===> API : /api/auth/login ===> Message : loginUserResponse() completed
info: ===> TimeStamp : 2025-07-19 20:15:36===> API : null ===> Message : validateRequest() invoked
info: ===> TimeStamp : 2025-07-19 20:15:36===> API : null ===> Message : fetchDBSettings()
info: ===> TimeStamp : 2025-07-19 20:15:36===> API : null ===> Message : validateRequest() Invoked!
info: ===> TimeStamp : 2025-07-19 20:15:36===> API : null ===> Message : validRequest() :: Api validated Successfully
info: ===> TimeStamp : 2025-07-19 20:15:36===> API : /api/auth/validateuser ===> Message : validateUser() invoked!!
info: ===> TimeStamp : 2025-07-19 20:15:36===> API : /api/auth/validateuser ===> Message : validateUser() :: Request Object :: [object Object]
info: ===> TimeStamp : 2025-07-19 20:15:36===> API : /api/auth/validateuser ===> Message : validateUserDB() Invoked !
info: ===> TimeStamp : 2025-07-19 20:15:36===> API : /api/auth/validateuser ===> Message : validateUserResponse() invoked!
info: ===> TimeStamp : 2025-07-19 20:15:36===> API : /api/auth/validateuser ===> Message : validateUserResponse() completed
info: ===> TimeStamp : 2025-07-19 20:15:36===> API : null ===> Message : validateRequest() invoked
info: ===> TimeStamp : 2025-07-19 20:15:36===> API : null ===> Message : fetchDBSettings()
info: ===> TimeStamp : 2025-07-19 20:15:36===> API : null ===> Message : validateRequest() Invoked!
info: ===> TimeStamp : 2025-07-19 20:15:36===> API : null ===> Message : validRequest() :: Api validated Successfully
info: ===> TimeStamp : 2025-07-19 20:15:36===> API : /api/auth/login ===> Message : loginUser() invoked!!
info: ===> TimeStamp : 2025-07-19 20:15:36===> API : /api/auth/login ===> Message : loginUser() :: Request Object :: [object Object]
info: ===> TimeStamp : 2025-07-19 20:15:36===> API : /api/auth/login ===> Message : loginUserDB() Invoked !
info: ===> TimeStamp : 2025-07-19 20:15:36===> API : /api/auth/login ===> Message : loginUserResponse() invoked!
info: ===> TimeStamp : 2025-07-19 20:15:36===> API : /api/auth/login ===> Message : loginUserResponse() completed
info: ===> TimeStamp : 2025-07-19 20:26:55===> API : null ===> Message : validateRequest() invoked
info: ===> TimeStamp : 2025-07-19 20:26:55===> API : null ===> Message : fetchDBSettings()
info: ===> TimeStamp : 2025-07-19 20:26:55===> API : null ===> Message : validateRequest() Invoked!
info: ===> TimeStamp : 2025-07-19 20:26:55===> API : null ===> Message : validRequest() :: Api validated Successfully
info: ===> TimeStamp : 2025-07-19 20:26:55===> API : /api/auth/validateuser ===> Message : validateUser() invoked!!
info: ===> TimeStamp : 2025-07-19 20:26:55===> API : /api/auth/validateuser ===> Message : validateUser() :: Request Object :: [object Object]
info: ===> TimeStamp : 2025-07-19 20:26:55===> API : /api/auth/validateuser ===> Message : validateUserDB() Invoked !
info: ===> TimeStamp : 2025-07-19 20:26:55===> API : /api/auth/validateuser ===> Message : validateUserResponse() invoked!
info: ===> TimeStamp : 2025-07-19 20:26:55===> API : /api/auth/validateuser ===> Message : validateUserResponse() completed
info: ===> TimeStamp : 2025-07-19 20:26:55===> API : null ===> Message : validateRequest() invoked
info: ===> TimeStamp : 2025-07-19 20:26:55===> API : null ===> Message : fetchDBSettings()
info: ===> TimeStamp : 2025-07-19 20:26:55===> API : null ===> Message : validateRequest() Invoked!
info: ===> TimeStamp : 2025-07-19 20:26:55===> API : null ===> Message : validRequest() :: Api validated Successfully
info: ===> TimeStamp : 2025-07-19 20:26:55===> API : /api/auth/login ===> Message : loginUser() invoked!!
info: ===> TimeStamp : 2025-07-19 20:26:55===> API : /api/auth/login ===> Message : loginUserDB() Invoked !
info: ===> TimeStamp : 2025-07-19 20:26:55===> API : /api/auth/login ===> Message : loginUser() :: Request Object :: [object Object]
info: ===> TimeStamp : 2025-07-19 20:26:55===> API : /api/auth/login ===> Message : loginUserResponse() invoked!
info: ===> TimeStamp : 2025-07-19 20:26:55===> API : /api/auth/login ===> Message : loginUserResponse() completed
info: ===> TimeStamp : 2025-07-19 20:34:25===> API : null ===> Message : validateRequest() invoked
info: ===> TimeStamp : 2025-07-19 20:34:25===> API : null ===> Message : fetchDBSettings()
info: ===> TimeStamp : 2025-07-19 20:34:25===> API : null ===> Message : validateRequest() Invoked!
info: ===> TimeStamp : 2025-07-19 20:34:25===> API : null ===> Message : validRequest() :: Api validated Successfully
info: ===> TimeStamp : 2025-07-19 20:34:25===> API : /api/auth/validateuser ===> Message : validateUser() invoked!!
info: ===> TimeStamp : 2025-07-19 20:34:25===> API : /api/auth/validateuser ===> Message : validateUser() :: Request Object :: [object Object]
info: ===> TimeStamp : 2025-07-19 20:34:25===> API : /api/auth/validateuser ===> Message : validateUserDB() Invoked !
info: ===> TimeStamp : 2025-07-19 20:34:25===> API : /api/auth/validateuser ===> Message : validateUserResponse() invoked!
info: ===> TimeStamp : 2025-07-19 20:34:25===> API : /api/auth/validateuser ===> Message : validateUserResponse() completed
info: ===> TimeStamp : 2025-07-19 20:34:25===> API : null ===> Message : validateRequest() invoked
info: ===> TimeStamp : 2025-07-19 20:34:25===> API : null ===> Message : fetchDBSettings()
info: ===> TimeStamp : 2025-07-19 20:34:25===> API : null ===> Message : validateRequest() Invoked!
info: ===> TimeStamp : 2025-07-19 20:34:25===> API : null ===> Message : validRequest() :: Api validated Successfully
info: ===> TimeStamp : 2025-07-19 20:34:25===> API : /api/auth/checkIP ===> Message : checkIP() invoked!!
info: ===> TimeStamp : 2025-07-19 20:34:25===> API : /api/auth/checkIP ===> Message : IPs match: 103.255.182.117
info: ===> TimeStamp : 2025-07-19 20:34:25===> API : /api/auth/checkIP ===> Message : checkIPResponse() invoked!
info: ===> TimeStamp : 2025-07-19 20:34:25===> API : /api/auth/checkIP ===> Message : checkIPResponse() completed
info: ===> TimeStamp : 2025-07-19 20:34:25===> API : null ===> Message : validateRequest() invoked
info: ===> TimeStamp : 2025-07-19 20:34:25===> API : null ===> Message : fetchDBSettings()
info: ===> TimeStamp : 2025-07-19 20:34:25===> API : null ===> Message : validateRequest() Invoked!
info: ===> TimeStamp : 2025-07-19 20:34:25===> API : null ===> Message : validRequest() :: Api validated Successfully
info: ===> TimeStamp : 2025-07-19 20:34:25===> API : /api/auth/login ===> Message : loginUser() invoked!!
info: ===> TimeStamp : 2025-07-19 20:34:25===> API : /api/auth/login ===> Message : loginUser() :: Request Object :: [object Object]
info: ===> TimeStamp : 2025-07-19 20:34:25===> API : /api/auth/login ===> Message : loginUserDB() Invoked !
info: ===> TimeStamp : 2025-07-19 20:34:25===> API : /api/auth/login ===> Message : loginUserResponse() invoked!
info: ===> TimeStamp : 2025-07-19 20:34:25===> API : /api/auth/login ===> Message : loginUserResponse() completed
info: ===> TimeStamp : 2025-07-19 20:44:59===> API : null ===> Message : validateRequest() invoked
info: ===> TimeStamp : 2025-07-19 20:44:59===> API : null ===> Message : fetchDBSettings()
info: ===> TimeStamp : 2025-07-19 20:44:59===> API : null ===> Message : validateRequest() Invoked!
info: ===> TimeStamp : 2025-07-19 20:44:59===> API : null ===> Message : validRequest() :: Api validated Successfully
info: ===> TimeStamp : 2025-07-19 20:44:59===> API : /api/auth/validateuser ===> Message : validateUser() invoked!!
info: ===> TimeStamp : 2025-07-19 20:44:59===> API : /api/auth/validateuser ===> Message : validateUser() :: Request Object :: [object Object]
info: ===> TimeStamp : 2025-07-19 20:44:59===> API : /api/auth/validateuser ===> Message : validateUserDB() Invoked !
info: ===> TimeStamp : 2025-07-19 20:44:59===> API : /api/auth/validateuser ===> Message : validateUserResponse() invoked!
info: ===> TimeStamp : 2025-07-19 20:44:59===> API : /api/auth/validateuser ===> Message : validateUserResponse() completed
info: ===> TimeStamp : 2025-07-19 20:44:59===> API : null ===> Message : validateRequest() invoked
info: ===> TimeStamp : 2025-07-19 20:44:59===> API : null ===> Message : fetchDBSettings()
info: ===> TimeStamp : 2025-07-19 20:44:59===> API : null ===> Message : validateRequest() Invoked!
info: ===> TimeStamp : 2025-07-19 20:44:59===> API : null ===> Message : validRequest() :: Api validated Successfully
info: ===> TimeStamp : 2025-07-19 20:44:59===> API : /api/auth/checkIP ===> Message : checkIP() invoked!!
info: ===> TimeStamp : 2025-07-19 20:44:59===> API : /api/auth/checkIP ===> Message : IPs match: 103.255.182.117
info: ===> TimeStamp : 2025-07-19 20:44:59===> API : /api/auth/checkIP ===> Message : checkIPResponse() invoked!
info: ===> TimeStamp : 2025-07-19 20:44:59===> API : /api/auth/checkIP ===> Message : checkIPResponse() completed
info: ===> TimeStamp : 2025-07-19 20:44:59===> API : null ===> Message : validateRequest() invoked
info: ===> TimeStamp : 2025-07-19 20:44:59===> API : null ===> Message : fetchDBSettings()
info: ===> TimeStamp : 2025-07-19 20:44:59===> API : null ===> Message : validateRequest() Invoked!
info: ===> TimeStamp : 2025-07-19 20:44:59===> API : null ===> Message : validRequest() :: Api validated Successfully
info: ===> TimeStamp : 2025-07-19 20:44:59===> API : /api/auth/login ===> Message : loginUser() invoked!!
info: ===> TimeStamp : 2025-07-19 20:44:59===> API : /api/auth/login ===> Message : loginUser() :: Request Object :: [object Object]
info: ===> TimeStamp : 2025-07-19 20:44:59===> API : /api/auth/login ===> Message : loginUserDB() Invoked !
info: ===> TimeStamp : 2025-07-19 20:44:59===> API : /api/auth/login ===> Message : loginUserResponse() invoked!
info: ===> TimeStamp : 2025-07-19 20:44:59===> API : /api/auth/login ===> Message : loginUserResponse() completed
info: ===> TimeStamp : 2025-07-19 21:17:11===> API : null ===> Message : validateRequest() invoked
info: ===> TimeStamp : 2025-07-19 21:17:11===> API : null ===> Message : fetchDBSettings()
info: ===> TimeStamp : 2025-07-19 21:17:11===> API : null ===> Message : validateRequest() Invoked!
info: ===> TimeStamp : 2025-07-19 21:17:11===> API : null ===> Message : validRequest() :: Api validated Successfully
info: ===> TimeStamp : 2025-07-19 21:17:11===> API : /api/auth/validateuser ===> Message : validateUser() invoked!!
info: ===> TimeStamp : 2025-07-19 21:17:11===> API : /api/auth/validateuser ===> Message : validateUser() :: Request Object :: [object Object]
info: ===> TimeStamp : 2025-07-19 21:17:11===> API : /api/auth/validateuser ===> Message : validateUserDB() Invoked !
info: ===> TimeStamp : 2025-07-19 21:17:11===> API : /api/auth/validateuser ===> Message : validateUserResponse() invoked!
info: ===> TimeStamp : 2025-07-19 21:17:11===> API : /api/auth/validateuser ===> Message : validateUserResponse() completed
info: ===> TimeStamp : 2025-07-19 21:17:11===> API : null ===> Message : validateRequest() invoked
info: ===> TimeStamp : 2025-07-19 21:17:11===> API : null ===> Message : fetchDBSettings()
info: ===> TimeStamp : 2025-07-19 21:17:11===> API : null ===> Message : validateRequest() Invoked!
info: ===> TimeStamp : 2025-07-19 21:17:12===> API : null ===> Message : validRequest() :: Api validated Successfully
info: ===> TimeStamp : 2025-07-19 21:17:12===> API : /api/auth/login ===> Message : loginUser() invoked!!
info: ===> TimeStamp : 2025-07-19 21:17:12===> API : /api/auth/login ===> Message : loginUser() :: Request Object :: [object Object]
info: ===> TimeStamp : 2025-07-19 21:17:12===> API : /api/auth/login ===> Message : loginUserDB() Invoked !
info: ===> TimeStamp : 2025-07-19 21:17:12===> API : /api/auth/login ===> Message : loginUserResponse() invoked!
info: ===> TimeStamp : 2025-07-19 21:17:12===> API : /api/auth/login ===> Message : loginUserResponse() completed
info: ===> TimeStamp : 2025-07-19 21:49:07===> API : null ===> Message : validateRequest() invoked
info: ===> TimeStamp : 2025-07-19 21:49:07===> API : null ===> Message : fetchDBSettings()
info: ===> TimeStamp : 2025-07-19 21:49:07===> API : null ===> Message : validateRequest() Invoked!
info: ===> TimeStamp : 2025-07-19 21:49:07===> API : null ===> Message : validRequest() :: Api validated Successfully
info: ===> TimeStamp : 2025-07-19 21:49:07===> API : /api/auth/logout ===> Message : logoutUser() :: Request Object :: [object Object]
info: ===> TimeStamp : 2025-07-19 21:49:07===> API : /api/auth/logout ===> Message : logoutUser() invoked!!
info: ===> TimeStamp : 2025-07-19 21:49:07===> API : /api/auth/logout ===> Message : logoutUserDB() Invoked !
info: ===> TimeStamp : 2025-07-19 21:49:07===> API : /api/auth/logout ===> Message : logoutUserResponse() invoked!
info: ===> TimeStamp : 2025-07-19 21:49:07===> API : /api/auth/logout ===> Message : logoutUserResponse() completed
info: ===> TimeStamp : 2025-07-19 21:49:11===> API : null ===> Message : validateRequest() invoked
info: ===> TimeStamp : 2025-07-19 21:49:11===> API : null ===> Message : fetchDBSettings()
info: ===> TimeStamp : 2025-07-19 21:49:11===> API : null ===> Message : validateRequest() Invoked!
info: ===> TimeStamp : 2025-07-19 21:49:11===> API : null ===> Message : validRequest() :: Api validated Successfully
info: ===> TimeStamp : 2025-07-19 21:49:11===> API : /api/auth/logout ===> Message : logoutUser() :: Request Object :: [object Object]
info: ===> TimeStamp : 2025-07-19 21:49:11===> API : /api/auth/logout ===> Message : logoutUser() invoked!!
info: ===> TimeStamp : 2025-07-19 21:49:11===> API : /api/auth/logout ===> Message : logoutUserDB() Invoked !
info: ===> TimeStamp : 2025-07-19 21:49:11===> API : /api/auth/logout ===> Message : logoutUserResponse() invoked!
info: ===> TimeStamp : 2025-07-19 21:49:11===> API : /api/auth/logout ===> Message : logoutUserResponse() completed
info: ===> TimeStamp : 2025-07-19 21:49:30===> API : null ===> Message : validateRequest() invoked
info: ===> TimeStamp : 2025-07-19 21:49:30===> API : null ===> Message : fetchDBSettings()
info: ===> TimeStamp : 2025-07-19 21:49:30===> API : null ===> Message : validateRequest() Invoked!
info: ===> TimeStamp : 2025-07-19 21:49:30===> API : null ===> Message : validRequest() :: Api validated Successfully
info: ===> TimeStamp : 2025-07-19 21:49:30===> API : /api/auth/validateuser ===> Message : validateUser() invoked!!
info: ===> TimeStamp : 2025-07-19 21:49:30===> API : /api/auth/validateuser ===> Message : validateUser() :: Request Object :: [object Object]
info: ===> TimeStamp : 2025-07-19 21:49:30===> API : /api/auth/validateuser ===> Message : validateUserDB() Invoked !
info: ===> TimeStamp : 2025-07-19 21:49:30===> API : /api/auth/validateuser ===> Message : validateUserResponse() invoked!
info: ===> TimeStamp : 2025-07-19 21:49:30===> API : /api/auth/validateuser ===> Message : validateUserResponse() completed
info: ===> TimeStamp : 2025-07-19 21:49:31===> API : null ===> Message : validateRequest() invoked
info: ===> TimeStamp : 2025-07-19 21:49:31===> API : null ===> Message : fetchDBSettings()
info: ===> TimeStamp : 2025-07-19 21:49:31===> API : null ===> Message : validateRequest() Invoked!
info: ===> TimeStamp : 2025-07-19 21:49:31===> API : null ===> Message : validRequest() :: Api validated Successfully
info: ===> TimeStamp : 2025-07-19 21:49:31===> API : /api/auth/checkIP ===> Message : checkIP() invoked!!
info: ===> TimeStamp : 2025-07-19 21:49:31===> API : /api/auth/checkIP ===> Message : IPs match: 103.255.182.117
info: ===> TimeStamp : 2025-07-19 21:49:31===> API : /api/auth/checkIP ===> Message : checkIPResponse() invoked!
info: ===> TimeStamp : 2025-07-19 21:49:31===> API : /api/auth/checkIP ===> Message : checkIPResponse() completed
info: ===> TimeStamp : 2025-07-19 21:49:31===> API : null ===> Message : validateRequest() invoked
info: ===> TimeStamp : 2025-07-19 21:49:31===> API : null ===> Message : fetchDBSettings()
info: ===> TimeStamp : 2025-07-19 21:49:31===> API : null ===> Message : validateRequest() Invoked!
info: ===> TimeStamp : 2025-07-19 21:49:31===> API : null ===> Message : validRequest() :: Api validated Successfully
info: ===> TimeStamp : 2025-07-19 21:49:31===> API : /api/auth/login ===> Message : loginUser() invoked!!
info: ===> TimeStamp : 2025-07-19 21:49:31===> API : /api/auth/login ===> Message : loginUser() :: Request Object :: [object Object]
info: ===> TimeStamp : 2025-07-19 21:49:31===> API : /api/auth/login ===> Message : loginUserDB() Invoked !
info: ===> TimeStamp : 2025-07-19 21:49:31===> API : /api/auth/login ===> Message : loginUserResponse() invoked!
info: ===> TimeStamp : 2025-07-19 21:49:31===> API : /api/auth/login ===> Message : loginUserResponse() completed
info: ===> TimeStamp : 2025-07-19 21:49:49===> API : null ===> Message : validateRequest() invoked
info: ===> TimeStamp : 2025-07-19 21:49:49===> API : null ===> Message : fetchDBSettings()
info: ===> TimeStamp : 2025-07-19 21:49:49===> API : null ===> Message : validateRequest() Invoked!
info: ===> TimeStamp : 2025-07-19 21:49:49===> API : null ===> Message : validRequest() :: Api validated Successfully
info: ===> TimeStamp : 2025-07-19 21:49:49===> API : /api/auth/validateuser ===> Message : validateUser() invoked!!
info: ===> TimeStamp : 2025-07-19 21:49:49===> API : /api/auth/validateuser ===> Message : validateUser() :: Request Object :: [object Object]
info: ===> TimeStamp : 2025-07-19 21:49:49===> API : /api/auth/validateuser ===> Message : validateUserDB() Invoked !
info: ===> TimeStamp : 2025-07-19 21:49:49===> API : /api/auth/validateuser ===> Message : validateUserResponse() invoked!
info: ===> TimeStamp : 2025-07-19 21:49:49===> API : /api/auth/validateuser ===> Message : validateUserResponse() completed
info: ===> TimeStamp : 2025-07-19 21:49:50===> API : null ===> Message : validateRequest() invoked
info: ===> TimeStamp : 2025-07-19 21:49:50===> API : null ===> Message : fetchDBSettings()
info: ===> TimeStamp : 2025-07-19 21:49:50===> API : null ===> Message : validateRequest() Invoked!
info: ===> TimeStamp : 2025-07-19 21:49:50===> API : null ===> Message : validRequest() :: Api validated Successfully
info: ===> TimeStamp : 2025-07-19 21:49:50===> API : /api/auth/checkIP ===> Message : checkIP() invoked!!
info: ===> TimeStamp : 2025-07-19 21:49:50===> API : /api/auth/checkIP ===> Message : IPs match: 103.255.182.117
info: ===> TimeStamp : 2025-07-19 21:49:50===> API : /api/auth/checkIP ===> Message : checkIPResponse() invoked!
info: ===> TimeStamp : 2025-07-19 21:49:50===> API : /api/auth/checkIP ===> Message : checkIPResponse() completed
info: ===> TimeStamp : 2025-07-19 21:49:50===> API : null ===> Message : validateRequest() invoked
info: ===> TimeStamp : 2025-07-19 21:49:50===> API : null ===> Message : fetchDBSettings()
info: ===> TimeStamp : 2025-07-19 21:49:50===> API : null ===> Message : validateRequest() Invoked!
info: ===> TimeStamp : 2025-07-19 21:49:50===> API : null ===> Message : validRequest() :: Api validated Successfully
info: ===> TimeStamp : 2025-07-19 21:49:50===> API : /api/auth/login ===> Message : loginUser() invoked!!
info: ===> TimeStamp : 2025-07-19 21:49:50===> API : /api/auth/login ===> Message : loginUser() :: Request Object :: [object Object]
info: ===> TimeStamp : 2025-07-19 21:49:50===> API : /api/auth/login ===> Message : loginUserDB() Invoked !
info: ===> TimeStamp : 2025-07-19 21:49:50===> API : /api/auth/login ===> Message : loginUserResponse() invoked!
info: ===> TimeStamp : 2025-07-19 21:49:50===> API : /api/auth/login ===> Message : loginUserResponse() completed
info: ===> TimeStamp : 2025-07-19 21:53:55===> API : null ===> Message : validateRequest() invoked
info: ===> TimeStamp : 2025-07-19 21:53:55===> API : null ===> Message : fetchDBSettings()
info: ===> TimeStamp : 2025-07-19 21:53:55===> API : null ===> Message : validateRequest() Invoked!
info: ===> TimeStamp : 2025-07-19 21:53:55===> API : null ===> Message : validRequest() :: Api validated Successfully
info: ===> TimeStamp : 2025-07-19 21:53:55===> API : /api/auth/validateuser ===> Message : validateUser() invoked!!
info: ===> TimeStamp : 2025-07-19 21:53:55===> API : /api/auth/validateuser ===> Message : validateUser() :: Request Object :: [object Object]
info: ===> TimeStamp : 2025-07-19 21:53:55===> API : /api/auth/validateuser ===> Message : validateUserDB() Invoked !
info: ===> TimeStamp : 2025-07-19 21:53:55===> API : /api/auth/validateuser ===> Message : validateUserResponse() invoked!
info: ===> TimeStamp : 2025-07-19 21:53:55===> API : /api/auth/validateuser ===> Message : validateUserResponse() completed
info: ===> TimeStamp : 2025-07-19 21:53:55===> API : null ===> Message : validateRequest() invoked
info: ===> TimeStamp : 2025-07-19 21:53:55===> API : null ===> Message : fetchDBSettings()
info: ===> TimeStamp : 2025-07-19 21:53:55===> API : null ===> Message : validateRequest() Invoked!
info: ===> TimeStamp : 2025-07-19 21:53:55===> API : null ===> Message : validRequest() :: Api validated Successfully
info: ===> TimeStamp : 2025-07-19 21:53:55===> API : /api/auth/login ===> Message : loginUser() invoked!!
info: ===> TimeStamp : 2025-07-19 21:53:55===> API : /api/auth/login ===> Message : loginUser() :: Request Object :: [object Object]
info: ===> TimeStamp : 2025-07-19 21:53:55===> API : /api/auth/login ===> Message : loginUserDB() Invoked !
info: ===> TimeStamp : 2025-07-19 21:53:56===> API : /api/auth/login ===> Message : loginUserResponse() invoked!
info: ===> TimeStamp : 2025-07-19 21:53:56===> API : /api/auth/login ===> Message : loginUserResponse() completed
info: ===> TimeStamp : 2025-07-19 22:34:23===> API : null ===> Message : validateRequest() invoked
info: ===> TimeStamp : 2025-07-19 22:34:23===> API : null ===> Message : fetchDBSettings()
info: ===> TimeStamp : 2025-07-19 22:34:23===> API : null ===> Message : validateRequest() Invoked!
info: ===> TimeStamp : 2025-07-19 22:34:23===> API : null ===> Message : validRequest() :: Api validated Successfully
info: ===> TimeStamp : 2025-07-19 22:34:23===> API : /api/auth/validateuser ===> Message : validateUser() invoked!!
info: ===> TimeStamp : 2025-07-19 22:34:23===> API : /api/auth/validateuser ===> Message : validateUser() :: Request Object :: [object Object]
info: ===> TimeStamp : 2025-07-19 22:34:23===> API : /api/auth/validateuser ===> Message : validateUserDB() Invoked !
info: ===> TimeStamp : 2025-07-19 22:34:23===> API : /api/auth/validateuser ===> Message : validateUserResponse() invoked!
info: ===> TimeStamp : 2025-07-19 22:34:23===> API : /api/auth/validateuser ===> Message : validateUserResponse() completed
info: ===> TimeStamp : 2025-07-19 22:34:23===> API : null ===> Message : validateRequest() invoked
info: ===> TimeStamp : 2025-07-19 22:34:23===> API : null ===> Message : fetchDBSettings()
info: ===> TimeStamp : 2025-07-19 22:34:23===> API : null ===> Message : validateRequest() Invoked!
info: ===> TimeStamp : 2025-07-19 22:34:24===> API : null ===> Message : validRequest() :: Api validated Successfully
info: ===> TimeStamp : 2025-07-19 22:34:24===> API : /api/auth/checkIP ===> Message : checkIP() invoked!!
info: ===> TimeStamp : 2025-07-19 22:34:24===> API : /api/auth/checkIP ===> Message : IPs match: 103.255.182.117
info: ===> TimeStamp : 2025-07-19 22:34:24===> API : /api/auth/checkIP ===> Message : checkIPResponse() invoked!
info: ===> TimeStamp : 2025-07-19 22:34:24===> API : /api/auth/checkIP ===> Message : checkIPResponse() completed
info: ===> TimeStamp : 2025-07-19 22:34:24===> API : null ===> Message : validateRequest() invoked
info: ===> TimeStamp : 2025-07-19 22:34:24===> API : null ===> Message : fetchDBSettings()
info: ===> TimeStamp : 2025-07-19 22:34:24===> API : null ===> Message : validateRequest() Invoked!
info: ===> TimeStamp : 2025-07-19 22:34:24===> API : null ===> Message : validRequest() :: Api validated Successfully
info: ===> TimeStamp : 2025-07-19 22:34:24===> API : /api/auth/login ===> Message : loginUser() invoked!!
info: ===> TimeStamp : 2025-07-19 22:34:24===> API : /api/auth/login ===> Message : loginUser() :: Request Object :: [object Object]
info: ===> TimeStamp : 2025-07-19 22:34:24===> API : /api/auth/login ===> Message : loginUserDB() Invoked !
info: ===> TimeStamp : 2025-07-19 22:34:24===> API : /api/auth/login ===> Message : loginUserResponse() invoked!
info: ===> TimeStamp : 2025-07-19 22:34:24===> API : /api/auth/login ===> Message : loginUserResponse() completed
info: ===> TimeStamp : 2025-07-19 22:36:42===> API : null ===> Message : validateRequest() invoked
info: ===> TimeStamp : 2025-07-19 22:36:42===> API : null ===> Message : validateRequest() Error:: Invalid Request :: 
      {"apiUri":"/"}
info: ===> TimeStamp : 2025-07-19 22:36:44===> API : null ===> Message : validateRequest() invoked
info: ===> TimeStamp : 2025-07-19 22:36:44===> API : null ===> Message : validateRequest() Error:: Invalid Request :: 
      {"apiUri":"/favicon.ico"}
info: ===> TimeStamp : 2025-07-19 22:36:55===> API : null ===> Message : validateRequest() invoked
info: ===> TimeStamp : 2025-07-19 22:36:55===> API : null ===> Message : validateRequest() Error:: Invalid Request :: 
      {"apiUri":"/favicon.ico"}
info: ===> TimeStamp : 2025-07-19 22:37:12===> API : null ===> Message : validateRequest() invoked
info: ===> TimeStamp : 2025-07-19 22:37:12===> API : null ===> Message : validateRequest() Error:: Invalid Request :: 
      {"apiUri":"/login"}
info: ===> TimeStamp : 2025-07-19 22:55:28===> API : null ===> Message : validateRequest() invoked
info: ===> TimeStamp : 2025-07-19 22:55:28===> API : null ===> Message : fetchDBSettings()
info: ===> TimeStamp : 2025-07-19 22:55:28===> API : null ===> Message : validateRequest() Invoked!
info: ===> TimeStamp : 2025-07-19 22:55:28===> API : null ===> Message : validRequest() :: Api validated Successfully
info: ===> TimeStamp : 2025-07-19 22:55:28===> API : /api/auth/validateuser ===> Message : validateUser() invoked!!
info: ===> TimeStamp : 2025-07-19 22:55:28===> API : /api/auth/validateuser ===> Message : validateUser() :: Request Object :: [object Object]
info: ===> TimeStamp : 2025-07-19 22:55:28===> API : /api/auth/validateuser ===> Message : validateUserDB() Invoked !
info: ===> TimeStamp : 2025-07-19 22:55:28===> API : /api/auth/validateuser ===> Message : validateUserResponse() invoked!
info: ===> TimeStamp : 2025-07-19 22:55:28===> API : /api/auth/validateuser ===> Message : validateUserResponse() completed
info: ===> TimeStamp : 2025-07-19 22:55:28===> API : null ===> Message : validateRequest() invoked
info: ===> TimeStamp : 2025-07-19 22:55:28===> API : null ===> Message : fetchDBSettings()
info: ===> TimeStamp : 2025-07-19 22:55:28===> API : null ===> Message : validateRequest() Invoked!
info: ===> TimeStamp : 2025-07-19 22:55:28===> API : /api/auth/login ===> Message : loginUser() invoked!!
info: ===> TimeStamp : 2025-07-19 22:55:28===> API : /api/auth/login ===> Message : loginUser() :: Request Object :: [object Object]
info: ===> TimeStamp : 2025-07-19 22:55:28===> API : null ===> Message : validRequest() :: Api validated Successfully
info: ===> TimeStamp : 2025-07-19 22:55:28===> API : /api/auth/login ===> Message : loginUserDB() Invoked !
info: ===> TimeStamp : 2025-07-19 22:55:28===> API : /api/auth/login ===> Message : loginUserResponse() invoked!
info: ===> TimeStamp : 2025-07-19 22:55:28===> API : /api/auth/login ===> Message : loginUserResponse() completed
info: ===> TimeStamp : 2025-07-19 22:59:25===> API : null ===> Message : validateRequest() invoked
info: ===> TimeStamp : 2025-07-19 22:59:25===> API : null ===> Message : fetchDBSettings()
info: ===> TimeStamp : 2025-07-19 22:59:25===> API : null ===> Message : validateRequest() Invoked!
info: ===> TimeStamp : 2025-07-19 22:59:25===> API : null ===> Message : validRequest() :: Api validated Successfully
info: ===> TimeStamp : 2025-07-19 22:59:25===> API : /api/auth/validateuser ===> Message : validateUser() :: Request Object :: [object Object]
info: ===> TimeStamp : 2025-07-19 22:59:25===> API : /api/auth/validateuser ===> Message : validateUser() invoked!!
info: ===> TimeStamp : 2025-07-19 22:59:25===> API : /api/auth/validateuser ===> Message : validateUserDB() Invoked !
info: ===> TimeStamp : 2025-07-19 22:59:25===> API : /api/auth/validateuser ===> Message : validateUserResponse() invoked!
info: ===> TimeStamp : 2025-07-19 22:59:25===> API : /api/auth/validateuser ===> Message : validateUserResponse() completed
info: ===> TimeStamp : 2025-07-19 22:59:25===> API : null ===> Message : validateRequest() invoked
info: ===> TimeStamp : 2025-07-19 22:59:25===> API : null ===> Message : fetchDBSettings()
info: ===> TimeStamp : 2025-07-19 22:59:25===> API : null ===> Message : validateRequest() Invoked!
info: ===> TimeStamp : 2025-07-19 22:59:25===> API : null ===> Message : validRequest() :: Api validated Successfully
info: ===> TimeStamp : 2025-07-19 22:59:25===> API : /api/auth/login ===> Message : loginUser() invoked!!
info: ===> TimeStamp : 2025-07-19 22:59:25===> API : /api/auth/login ===> Message : loginUser() :: Request Object :: [object Object]
info: ===> TimeStamp : 2025-07-19 22:59:25===> API : /api/auth/login ===> Message : loginUserDB() Invoked !
info: ===> TimeStamp : 2025-07-19 22:59:25===> API : /api/auth/login ===> Message : loginUserResponse() invoked!
info: ===> TimeStamp : 2025-07-19 22:59:25===> API : /api/auth/login ===> Message : loginUserResponse() completed
info: ===> TimeStamp : 2025-07-19 23:27:19===> API : null ===> Message : validateRequest() invoked
info: ===> TimeStamp : 2025-07-19 23:27:19===> API : null ===> Message : fetchDBSettings()
info: ===> TimeStamp : 2025-07-19 23:27:19===> API : null ===> Message : validateRequest() Invoked!
info: ===> TimeStamp : 2025-07-19 23:27:19===> API : null ===> Message : validRequest() :: Api validated Successfully
info: ===> TimeStamp : 2025-07-19 23:27:19===> API : /api/auth/validateuser ===> Message : validateUser() :: Request Object :: [object Object]
info: ===> TimeStamp : 2025-07-19 23:27:19===> API : /api/auth/validateuser ===> Message : validateUser() invoked!!
info: ===> TimeStamp : 2025-07-19 23:27:19===> API : /api/auth/validateuser ===> Message : validateUserDB() Invoked !
info: ===> TimeStamp : 2025-07-19 23:27:19===> API : /api/auth/validateuser ===> Message : validateUserResponse() invoked!
info: ===> TimeStamp : 2025-07-19 23:27:19===> API : /api/auth/validateuser ===> Message : validateUserResponse() completed
info: ===> TimeStamp : 2025-07-19 23:27:19===> API : null ===> Message : validateRequest() invoked
info: ===> TimeStamp : 2025-07-19 23:27:19===> API : null ===> Message : fetchDBSettings()
info: ===> TimeStamp : 2025-07-19 23:27:19===> API : null ===> Message : validateRequest() Invoked!
info: ===> TimeStamp : 2025-07-19 23:27:19===> API : null ===> Message : validRequest() :: Api validated Successfully
info: ===> TimeStamp : 2025-07-19 23:27:19===> API : /api/auth/login ===> Message : loginUser() invoked!!
info: ===> TimeStamp : 2025-07-19 23:27:19===> API : /api/auth/login ===> Message : loginUser() :: Request Object :: [object Object]
info: ===> TimeStamp : 2025-07-19 23:27:19===> API : /api/auth/login ===> Message : loginUserDB() Invoked !
info: ===> TimeStamp : 2025-07-19 23:27:19===> API : /api/auth/login ===> Message : loginUserResponse() invoked!
info: ===> TimeStamp : 2025-07-19 23:27:19===> API : /api/auth/login ===> Message : loginUserResponse() completed
info: ===> TimeStamp : 2025-07-19 23:28:19===> API : null ===> Message : validateRequest() invoked
info: ===> TimeStamp : 2025-07-19 23:28:19===> API : null ===> Message : fetchDBSettings()
info: ===> TimeStamp : 2025-07-19 23:28:19===> API : null ===> Message : validateRequest() Invoked!
info: ===> TimeStamp : 2025-07-19 23:28:19===> API : null ===> Message : validRequest() :: Api validated Successfully
info: ===> TimeStamp : 2025-07-19 23:28:19===> API : /api/auth/validateuser ===> Message : validateUser() invoked!!
info: ===> TimeStamp : 2025-07-19 23:28:19===> API : /api/auth/validateuser ===> Message : validateUser() :: Request Object :: [object Object]
info: ===> TimeStamp : 2025-07-19 23:28:19===> API : /api/auth/validateuser ===> Message : validateUserDB() Invoked !
info: ===> TimeStamp : 2025-07-19 23:28:19===> API : /api/auth/validateuser ===> Message : validateUserResponse() invoked!
info: ===> TimeStamp : 2025-07-19 23:28:19===> API : /api/auth/validateuser ===> Message : validateUserResponse() completed
info: ===> TimeStamp : 2025-07-19 23:28:19===> API : null ===> Message : validateRequest() invoked
info: ===> TimeStamp : 2025-07-19 23:28:19===> API : null ===> Message : fetchDBSettings()
info: ===> TimeStamp : 2025-07-19 23:28:19===> API : null ===> Message : validateRequest() Invoked!
info: ===> TimeStamp : 2025-07-19 23:28:19===> API : null ===> Message : validRequest() :: Api validated Successfully
info: ===> TimeStamp : 2025-07-19 23:28:19===> API : /api/auth/login ===> Message : loginUser() :: Request Object :: [object Object]
info: ===> TimeStamp : 2025-07-19 23:28:19===> API : /api/auth/login ===> Message : loginUser() invoked!!
info: ===> TimeStamp : 2025-07-19 23:28:19===> API : /api/auth/login ===> Message : loginUserDB() Invoked !
info: ===> TimeStamp : 2025-07-19 23:28:19===> API : /api/auth/login ===> Message : loginUserResponse() invoked!
info: ===> TimeStamp : 2025-07-19 23:28:19===> API : /api/auth/login ===> Message : loginUserResponse() completed
info: ===> TimeStamp : 2025-07-20 02:42:40===> API : null ===> Message : validateRequest() invoked
info: ===> TimeStamp : 2025-07-20 02:42:40===> API : null ===> Message : fetchDBSettings()
info: ===> TimeStamp : 2025-07-20 02:42:40===> API : null ===> Message : validateRequest() Invoked!
info: ===> TimeStamp : 2025-07-20 02:42:40===> API : null ===> Message : validRequest() :: Api validated Successfully
info: ===> TimeStamp : 2025-07-20 02:42:40===> API : /api/auth/logout ===> Message : logoutUser() invoked!!
info: ===> TimeStamp : 2025-07-20 02:42:40===> API : /api/auth/logout ===> Message : logoutUser() :: Request Object :: [object Object]
info: ===> TimeStamp : 2025-07-20 02:42:40===> API : /api/auth/logout ===> Message : logoutUserDB() Invoked !
info: ===> TimeStamp : 2025-07-20 02:42:40===> API : /api/auth/logout ===> Message : logoutUserResponse() invoked!
info: ===> TimeStamp : 2025-07-20 02:42:40===> API : /api/auth/logout ===> Message : logoutUserResponse() completed
