info: ===> TimeStamp : 2026-04-06 06:53:15===> API : null ===> Message : validateRequest() invoked
info: ===> TimeStamp : 2026-04-06 06:53:15===> API : null ===> Message : fetchDBSettings()
info: ===> TimeStamp : 2026-04-06 06:53:15===> API : null ===> Message : validateRequest() Invoked!
info: ===> TimeStamp : 2026-04-06 06:53:15===> API : null ===> Message : validRequest() :: Api validated Successfully
info: ===> TimeStamp : 2026-04-06 06:53:15===> API : /api/auth/logout ===> Message : logoutUser() invoked!!
info: ===> TimeStamp : 2026-04-06 06:53:15===> API : /api/auth/logout ===> Message : logoutUser() :: Request Object :: [object Object]
info: ===> TimeStamp : 2026-04-06 06:53:15===> API : /api/auth/logout ===> Message : logoutUserDB() Invoked !
info: ===> TimeStamp : 2026-04-06 06:53:15===> API : /api/auth/logout ===> Message : logoutUserResponse() invoked!
info: ===> TimeStamp : 2026-04-06 06:53:15===> API : /api/auth/logout ===> Message : logoutUserResponse() completed
info: ===> TimeStamp : 2026-04-06 06:56:26===> API : null ===> Message : validateRequest() invoked
info: ===> TimeStamp : 2026-04-06 06:56:26===> API : null ===> Message : validateRequest() Error:: Invalid Request :: 
      {"apiUri":"/"}
info: ===> TimeStamp : 2026-04-06 06:56:27===> API : null ===> Message : validateRequest() invoked
info: ===> TimeStamp : 2026-04-06 06:56:27===> API : null ===> Message : validateRequest() Error:: Invalid Request :: 
      {"apiUri":"/.env"}
info: ===> TimeStamp : 2026-04-06 06:56:27===> API : null ===> Message : validateRequest() invoked
info: ===> TimeStamp : 2026-04-06 06:56:27===> API : null ===> Message : validateRequest() Error:: Invalid Request :: 
      {"apiUri":"/.env.bak"}
info: ===> TimeStamp : 2026-04-06 06:56:27===> API : null ===> Message : validateRequest() Error:: Invalid Request :: 
      {"apiUri":"/.env.save"}
info: ===> TimeStamp : 2026-04-06 06:56:27===> API : null ===> Message : validateRequest() invoked
info: ===> TimeStamp : 2026-04-06 06:56:28===> API : null ===> Message : validateRequest() invoked
info: ===> TimeStamp : 2026-04-06 06:56:28===> API : null ===> Message : validateRequest() Error:: Invalid Request :: 
      {"apiUri":"/.env.local"}
info: ===> TimeStamp : 2026-04-06 06:56:28===> API : null ===> Message : validateRequest() invoked
info: ===> TimeStamp : 2026-04-06 06:56:28===> API : null ===> Message : validateRequest() Error:: Invalid Request :: 
      {"apiUri":"/backend/.env"}
info: ===> TimeStamp : 2026-04-06 06:56:28===> API : null ===> Message : validateRequest() invoked
info: ===> TimeStamp : 2026-04-06 06:56:28===> API : null ===> Message : validateRequest() Error:: Invalid Request :: 
      {"apiUri":"/admin/.env"}
info: ===> TimeStamp : 2026-04-06 06:56:28===> API : null ===> Message : validateRequest() invoked
info: ===> TimeStamp : 2026-04-06 06:56:28===> API : null ===> Message : validateRequest() Error:: Invalid Request :: 
      {"apiUri":"/.git/config"}
info: ===> TimeStamp : 2026-04-06 06:56:28===> API : null ===> Message : validateRequest() invoked
info: ===> TimeStamp : 2026-04-06 06:56:28===> API : null ===> Message : validateRequest() Error:: Invalid Request :: 
      {"apiUri":"/wp-config.php"}
info: ===> TimeStamp : 2026-04-06 06:56:28===> API : null ===> Message : validateRequest() invoked
info: ===> TimeStamp : 2026-04-06 06:56:28===> API : null ===> Message : validateRequest() Error:: Invalid Request :: 
      {"apiUri":"/wp-config.php.old"}
info: ===> TimeStamp : 2026-04-06 06:56:29===> API : null ===> Message : validateRequest() invoked
info: ===> TimeStamp : 2026-04-06 06:56:29===> API : null ===> Message : validateRequest() Error:: Invalid Request :: 
      {"apiUri":"/config.php"}
info: ===> TimeStamp : 2026-04-06 06:56:29===> API : null ===> Message : validateRequest() invoked
info: ===> TimeStamp : 2026-04-06 06:56:29===> API : null ===> Message : validateRequest() Error:: Invalid Request :: 
      {"apiUri":"/config.php.bak"}
info: ===> TimeStamp : 2026-04-06 06:56:29===> API : null ===> Message : validateRequest() invoked
info: ===> TimeStamp : 2026-04-06 06:56:29===> API : null ===> Message : validateRequest() Error:: Invalid Request :: 
      {"apiUri":"/config.js"}
info: ===> TimeStamp : 2026-04-06 06:56:30===> API : null ===> Message : validateRequest() invoked
info: ===> TimeStamp : 2026-04-06 06:56:30===> API : null ===> Message : validateRequest() Error:: Invalid Request :: 
      {"apiUri":"/aws-config.js"}
info: ===> TimeStamp : 2026-04-06 06:56:30===> API : null ===> Message : validateRequest() invoked
info: ===> TimeStamp : 2026-04-06 06:56:30===> API : null ===> Message : validateRequest() Error:: Invalid Request :: 
      {"apiUri":"/aws.config.js"}
info: ===> TimeStamp : 2026-04-06 06:56:30===> API : null ===> Message : validateRequest() invoked
info: ===> TimeStamp : 2026-04-06 06:56:30===> API : null ===> Message : validateRequest() Error:: Invalid Request :: 
      {"apiUri":"/.git/HEAD"}
info: ===> TimeStamp : 2026-04-06 06:56:31===> API : null ===> Message : validateRequest() invoked
info: ===> TimeStamp : 2026-04-06 06:56:31===> API : null ===> Message : validateRequest() Error:: Invalid Request :: 
      {"apiUri":"/.git/config"}
info: ===> TimeStamp : 2026-04-06 07:00:52===> API : null ===> Message : validateRequest() invoked
info: ===> TimeStamp : 2026-04-06 07:00:52===> API : null ===> Message : fetchDBSettings()
info: ===> TimeStamp : 2026-04-06 07:00:52===> API : null ===> Message : validateRequest() Invoked!
info: ===> TimeStamp : 2026-04-06 07:00:52===> API : null ===> Message : validRequest() :: Api validated Successfully
info: ===> TimeStamp : 2026-04-06 07:00:52===> API : /api/auth/validateuser ===> Message : validateUser() invoked!!
info: ===> TimeStamp : 2026-04-06 07:00:52===> API : /api/auth/validateuser ===> Message : validateUser() :: Request Object :: [object Object]
info: ===> TimeStamp : 2026-04-06 07:00:52===> API : /api/auth/validateuser ===> Message : validateUserDB() Invoked !
info: ===> TimeStamp : 2026-04-06 07:00:52===> API : /api/auth/validateuser ===> Message : validateUserResponse() invoked!
info: ===> TimeStamp : 2026-04-06 07:00:52===> API : /api/auth/validateuser ===> Message : validateUserResponse() completed
info: ===> TimeStamp : 2026-04-06 07:00:52===> API : null ===> Message : validateRequest() invoked
info: ===> TimeStamp : 2026-04-06 07:00:52===> API : null ===> Message : fetchDBSettings()
info: ===> TimeStamp : 2026-04-06 07:00:52===> API : null ===> Message : validateRequest() Invoked!
info: ===> TimeStamp : 2026-04-06 07:00:52===> API : null ===> Message : validRequest() :: Api validated Successfully
info: ===> TimeStamp : 2026-04-06 07:00:52===> API : /api/auth/checkIP ===> Message : checkIP() invoked!!
info: ===> TimeStamp : 2026-04-06 07:00:52===> API : /api/auth/checkIP ===> Message : IPs match: 103.255.182.117
info: ===> TimeStamp : 2026-04-06 07:00:52===> API : /api/auth/checkIP ===> Message : checkIPResponse() invoked!
info: ===> TimeStamp : 2026-04-06 07:00:52===> API : /api/auth/checkIP ===> Message : checkIPResponse() completed
info: ===> TimeStamp : 2026-04-06 07:00:52===> API : null ===> Message : validateRequest() invoked
info: ===> TimeStamp : 2026-04-06 07:00:52===> API : null ===> Message : fetchDBSettings()
info: ===> TimeStamp : 2026-04-06 07:00:52===> API : null ===> Message : validateRequest() Invoked!
info: ===> TimeStamp : 2026-04-06 07:00:52===> API : null ===> Message : validRequest() :: Api validated Successfully
info: ===> TimeStamp : 2026-04-06 07:00:52===> API : /api/auth/login ===> Message : loginUser() invoked!!
info: ===> TimeStamp : 2026-04-06 07:00:52===> API : /api/auth/login ===> Message : loginUser() :: Request Object :: [object Object]
info: ===> TimeStamp : 2026-04-06 07:00:52===> API : /api/auth/login ===> Message : loginUserDB() Invoked !
info: ===> TimeStamp : 2026-04-06 07:00:52===> API : /api/auth/login ===> Message : loginUserResponse() invoked!
info: ===> TimeStamp : 2026-04-06 07:00:52===> API : /api/auth/login ===> Message : loginUserResponse() completed
info: ===> TimeStamp : 2026-04-06 07:57:13===> API : null ===> Message : validateRequest() invoked
info: ===> TimeStamp : 2026-04-06 07:57:13===> API : null ===> Message : validateRequest() Error:: Invalid Request :: 
      {"apiUri":"/robots.txt"}
info: ===> TimeStamp : 2026-04-06 11:29:37===> API : null ===> Message : validateRequest() invoked
info: ===> TimeStamp : 2026-04-06 11:29:37===> API : null ===> Message : fetchDBSettings()
info: ===> TimeStamp : 2026-04-06 11:29:37===> API : null ===> Message : validateRequest() Invoked!
info: ===> TimeStamp : 2026-04-06 11:29:37===> API : null ===> Message : validRequest() :: Api validated Successfully
info: ===> TimeStamp : 2026-04-06 11:29:37===> API : /api/auth/validateuser ===> Message : validateUser() invoked!!
info: ===> TimeStamp : 2026-04-06 11:29:37===> API : /api/auth/validateuser ===> Message : validateUser() :: Request Object :: [object Object]
info: ===> TimeStamp : 2026-04-06 11:29:38===> API : /api/auth/validateuser ===> Message : validateUserDB() Invoked !
info: ===> TimeStamp : 2026-04-06 11:29:38===> API : /api/auth/validateuser ===> Message : validateUserResponse() invoked!
info: ===> TimeStamp : 2026-04-06 11:29:38===> API : /api/auth/validateuser ===> Message : validateUserResponse() completed
info: ===> TimeStamp : 2026-04-06 11:29:38===> API : null ===> Message : validateRequest() invoked
info: ===> TimeStamp : 2026-04-06 11:29:38===> API : null ===> Message : fetchDBSettings()
info: ===> TimeStamp : 2026-04-06 11:29:38===> API : null ===> Message : validateRequest() Invoked!
info: ===> TimeStamp : 2026-04-06 11:29:38===> API : null ===> Message : validRequest() :: Api validated Successfully
info: ===> TimeStamp : 2026-04-06 11:29:38===> API : /api/auth/checkIP ===> Message : checkIP() invoked!!
info: ===> TimeStamp : 2026-04-06 11:29:38===> API : /api/auth/checkIP ===> Message : IPs match: 103.225.102.194
info: ===> TimeStamp : 2026-04-06 11:29:38===> API : /api/auth/checkIP ===> Message : checkIPResponse() invoked!
info: ===> TimeStamp : 2026-04-06 11:29:38===> API : /api/auth/checkIP ===> Message : checkIPResponse() completed
info: ===> TimeStamp : 2026-04-06 11:29:38===> API : null ===> Message : validateRequest() invoked
info: ===> TimeStamp : 2026-04-06 11:29:38===> API : null ===> Message : fetchDBSettings()
info: ===> TimeStamp : 2026-04-06 11:29:38===> API : null ===> Message : validateRequest() Invoked!
info: ===> TimeStamp : 2026-04-06 11:29:38===> API : null ===> Message : validRequest() :: Api validated Successfully
info: ===> TimeStamp : 2026-04-06 11:29:38===> API : /api/auth/login ===> Message : loginUser() invoked!!
info: ===> TimeStamp : 2026-04-06 11:29:38===> API : /api/auth/login ===> Message : loginUser() :: Request Object :: [object Object]
info: ===> TimeStamp : 2026-04-06 11:29:38===> API : /api/auth/login ===> Message : loginUserDB() Invoked !
info: ===> TimeStamp : 2026-04-06 11:29:38===> API : /api/auth/login ===> Message : loginUserResponse() invoked!
info: ===> TimeStamp : 2026-04-06 11:29:38===> API : /api/auth/login ===> Message : loginUserResponse() completed
info: ===> TimeStamp : 2026-04-06 12:53:42===> API : null ===> Message : validateRequest() invoked
info: ===> TimeStamp : 2026-04-06 12:53:42===> API : null ===> Message : fetchDBSettings()
info: ===> TimeStamp : 2026-04-06 12:53:42===> API : null ===> Message : validateRequest() Invoked!
info: ===> TimeStamp : 2026-04-06 12:53:42===> API : /api/auth/validateuser ===> Message : validateUser() invoked!!
info: ===> TimeStamp : 2026-04-06 12:53:42===> API : /api/auth/validateuser ===> Message : validateUser() :: Request Object :: [object Object]
info: ===> TimeStamp : 2026-04-06 12:53:42===> API : /api/auth/validateuser ===> Message : validateUserDB() Invoked !
info: ===> TimeStamp : 2026-04-06 12:53:42===> API : null ===> Message : validRequest() :: Api validated Successfully
info: ===> TimeStamp : 2026-04-06 12:53:42===> API : /api/auth/validateuser ===> Message : validateUserDB() :: Error :: {"code":"ER_SIGNAL_EXCEPTION","errno":1644,"sqlState":"10005","sqlMessage":"User Does Not Exist","sql":"CALL usp_validate_user('KIMI', 'KIM@12')"}
info: ===> TimeStamp : 2026-04-06 12:53:42===> API : /api/auth/validateuser ===> Message : validateUserDBResult :: Error :: {"ErrorCode":10005,"ErrorMessage":"User Does Not Exist"}
info: ===> TimeStamp : 2026-04-06 12:53:42===> API : /api/auth/validateuser ===> Message : validateUserResponse() invoked!
info: ===> TimeStamp : 2026-04-06 12:53:42===> API : /api/auth/validateuser ===> Message : validateUserResponse() completed
info: ===> TimeStamp : 2026-04-06 12:53:59===> API : null ===> Message : validateRequest() invoked
info: ===> TimeStamp : 2026-04-06 12:53:59===> API : null ===> Message : fetchDBSettings()
info: ===> TimeStamp : 2026-04-06 12:53:59===> API : null ===> Message : validateRequest() Invoked!
info: ===> TimeStamp : 2026-04-06 12:53:59===> API : null ===> Message : validRequest() :: Api validated Successfully
info: ===> TimeStamp : 2026-04-06 12:53:59===> API : /api/auth/validateuser ===> Message : validateUser() invoked!!
info: ===> TimeStamp : 2026-04-06 12:53:59===> API : /api/auth/validateuser ===> Message : validateUser() :: Request Object :: [object Object]
info: ===> TimeStamp : 2026-04-06 12:53:59===> API : /api/auth/validateuser ===> Message : validateUserDB() Invoked !
info: ===> TimeStamp : 2026-04-06 12:53:59===> API : /api/auth/validateuser ===> Message : validateUserDB() :: Error :: {"code":"ER_SIGNAL_EXCEPTION","errno":1644,"sqlState":"10005","sqlMessage":"User Does Not Exist","sql":"CALL usp_validate_user('KIMI', 'kIM@12')"}
info: ===> TimeStamp : 2026-04-06 12:53:59===> API : /api/auth/validateuser ===> Message : validateUserDBResult :: Error :: {"ErrorCode":10005,"ErrorMessage":"User Does Not Exist"}
info: ===> TimeStamp : 2026-04-06 12:53:59===> API : /api/auth/validateuser ===> Message : validateUserResponse() invoked!
info: ===> TimeStamp : 2026-04-06 12:53:59===> API : /api/auth/validateuser ===> Message : validateUserResponse() completed
info: ===> TimeStamp : 2026-04-06 12:54:23===> API : null ===> Message : validateRequest() invoked
info: ===> TimeStamp : 2026-04-06 12:54:23===> API : null ===> Message : fetchDBSettings()
info: ===> TimeStamp : 2026-04-06 12:54:23===> API : null ===> Message : validateRequest() Invoked!
info: ===> TimeStamp : 2026-04-06 12:54:23===> API : null ===> Message : validRequest() :: Api validated Successfully
info: ===> TimeStamp : 2026-04-06 12:54:23===> API : /api/auth/validateuser ===> Message : validateUser() invoked!!
info: ===> TimeStamp : 2026-04-06 12:54:23===> API : /api/auth/validateuser ===> Message : validateUser() :: Request Object :: [object Object]
info: ===> TimeStamp : 2026-04-06 12:54:23===> API : /api/auth/validateuser ===> Message : validateUserDB() Invoked !
info: ===> TimeStamp : 2026-04-06 12:54:23===> API : /api/auth/validateuser ===> Message : validateUserResponse() invoked!
info: ===> TimeStamp : 2026-04-06 12:54:23===> API : /api/auth/validateuser ===> Message : validateUserResponse() completed
info: ===> TimeStamp : 2026-04-06 12:54:23===> API : null ===> Message : validateRequest() invoked
info: ===> TimeStamp : 2026-04-06 12:54:23===> API : null ===> Message : fetchDBSettings()
info: ===> TimeStamp : 2026-04-06 12:54:23===> API : null ===> Message : validateRequest() Invoked!
info: ===> TimeStamp : 2026-04-06 12:54:23===> API : null ===> Message : validRequest() :: Api validated Successfully
info: ===> TimeStamp : 2026-04-06 12:54:23===> API : /api/auth/checkIP ===> Message : checkIP() invoked!!
info: ===> TimeStamp : 2026-04-06 12:54:23===> API : /api/auth/checkIP ===> Message : IPs match: 103.255.182.117
info: ===> TimeStamp : 2026-04-06 12:54:23===> API : /api/auth/checkIP ===> Message : checkIPResponse() invoked!
info: ===> TimeStamp : 2026-04-06 12:54:23===> API : /api/auth/checkIP ===> Message : checkIPResponse() completed
info: ===> TimeStamp : 2026-04-06 12:54:23===> API : null ===> Message : validateRequest() invoked
info: ===> TimeStamp : 2026-04-06 12:54:23===> API : null ===> Message : fetchDBSettings()
info: ===> TimeStamp : 2026-04-06 12:54:23===> API : null ===> Message : validateRequest() Invoked!
info: ===> TimeStamp : 2026-04-06 12:54:23===> API : null ===> Message : validRequest() :: Api validated Successfully
info: ===> TimeStamp : 2026-04-06 12:54:23===> API : /api/auth/login ===> Message : loginUser() invoked!!
info: ===> TimeStamp : 2026-04-06 12:54:23===> API : /api/auth/login ===> Message : loginUser() :: Request Object :: [object Object]
info: ===> TimeStamp : 2026-04-06 12:54:23===> API : /api/auth/login ===> Message : loginUserDB() Invoked !
info: ===> TimeStamp : 2026-04-06 12:54:24===> API : /api/auth/login ===> Message : loginUserResponse() invoked!
info: ===> TimeStamp : 2026-04-06 12:54:24===> API : /api/auth/login ===> Message : loginUserResponse() completed
info: ===> TimeStamp : 2026-04-06 12:56:02===> API : null ===> Message : validateRequest() invoked
info: ===> TimeStamp : 2026-04-06 12:56:02===> API : null ===> Message : validateRequest() Error:: Invalid Request :: 
      {"apiUri":"/robots.txt"}
info: ===> TimeStamp : 2026-04-06 14:33:41===> API : null ===> Message : validateRequest() invoked
info: ===> TimeStamp : 2026-04-06 14:33:41===> API : null ===> Message : fetchDBSettings()
info: ===> TimeStamp : 2026-04-06 14:33:41===> API : null ===> Message : validateRequest() Invoked!
info: ===> TimeStamp : 2026-04-06 14:33:41===> API : null ===> Message : validRequest() :: Api validated Successfully
info: ===> TimeStamp : 2026-04-06 14:33:41===> API : /api/auth/validateuser ===> Message : validateUser() invoked!!
info: ===> TimeStamp : 2026-04-06 14:33:41===> API : /api/auth/validateuser ===> Message : validateUser() :: Request Object :: [object Object]
info: ===> TimeStamp : 2026-04-06 14:33:41===> API : /api/auth/validateuser ===> Message : validateUserDB() Invoked !
info: ===> TimeStamp : 2026-04-06 14:33:41===> API : /api/auth/validateuser ===> Message : validateUserResponse() invoked!
info: ===> TimeStamp : 2026-04-06 14:33:41===> API : /api/auth/validateuser ===> Message : validateUserResponse() completed
info: ===> TimeStamp : 2026-04-06 14:33:41===> API : null ===> Message : validateRequest() invoked
info: ===> TimeStamp : 2026-04-06 14:33:41===> API : null ===> Message : fetchDBSettings()
info: ===> TimeStamp : 2026-04-06 14:33:41===> API : null ===> Message : validateRequest() Invoked!
info: ===> TimeStamp : 2026-04-06 14:33:41===> API : null ===> Message : validRequest() :: Api validated Successfully
info: ===> TimeStamp : 2026-04-06 14:33:41===> API : /api/auth/login ===> Message : loginUser() invoked!!
info: ===> TimeStamp : 2026-04-06 14:33:41===> API : /api/auth/login ===> Message : loginUser() :: Request Object :: [object Object]
info: ===> TimeStamp : 2026-04-06 14:33:41===> API : /api/auth/login ===> Message : loginUserDB() Invoked !
info: ===> TimeStamp : 2026-04-06 14:33:41===> API : /api/auth/login ===> Message : loginUserResponse() invoked!
info: ===> TimeStamp : 2026-04-06 14:33:41===> API : /api/auth/login ===> Message : loginUserResponse() completed
info: ===> TimeStamp : 2026-04-06 14:51:13===> API : null ===> Message : validateRequest() invoked
info: ===> TimeStamp : 2026-04-06 14:51:13===> API : null ===> Message : fetchDBSettings()
info: ===> TimeStamp : 2026-04-06 14:51:13===> API : null ===> Message : validateRequest() Invoked!
info: ===> TimeStamp : 2026-04-06 14:51:13===> API : null ===> Message : validRequest() :: Api validated Successfully
info: ===> TimeStamp : 2026-04-06 14:51:13===> API : /api/auth/logout ===> Message : logoutUser() :: Request Object :: [object Object]
info: ===> TimeStamp : 2026-04-06 14:51:13===> API : /api/auth/logout ===> Message : logoutUserDB() Invoked !
info: ===> TimeStamp : 2026-04-06 14:51:13===> API : /api/auth/logout ===> Message : logoutUser() invoked!!
info: ===> TimeStamp : 2026-04-06 14:51:14===> API : /api/auth/logout ===> Message : logoutUserResponse() invoked!
info: ===> TimeStamp : 2026-04-06 14:51:14===> API : /api/auth/logout ===> Message : logoutUserResponse() completed
info: ===> TimeStamp : 2026-04-06 14:51:48===> API : null ===> Message : validateRequest() invoked
info: ===> TimeStamp : 2026-04-06 14:51:48===> API : null ===> Message : fetchDBSettings()
info: ===> TimeStamp : 2026-04-06 14:51:48===> API : null ===> Message : validateRequest() Invoked!
info: ===> TimeStamp : 2026-04-06 14:51:48===> API : null ===> Message : validRequest() :: Api validated Successfully
info: ===> TimeStamp : 2026-04-06 14:51:48===> API : /api/auth/validateuser ===> Message : validateUser() invoked!!
info: ===> TimeStamp : 2026-04-06 14:51:48===> API : /api/auth/validateuser ===> Message : validateUser() :: Request Object :: [object Object]
info: ===> TimeStamp : 2026-04-06 14:51:48===> API : /api/auth/validateuser ===> Message : validateUserDB() Invoked !
info: ===> TimeStamp : 2026-04-06 14:51:48===> API : /api/auth/validateuser ===> Message : validateUserDB() :: Error :: {"code":"ER_SIGNAL_EXCEPTION","errno":1644,"sqlState":"10005","sqlMessage":"User Does Not Exist","sql":"CALL usp_validate_user('Jayanta', ' Jayanta@123')"}
info: ===> TimeStamp : 2026-04-06 14:51:48===> API : /api/auth/validateuser ===> Message : validateUserDBResult :: Error :: {"ErrorCode":10005,"ErrorMessage":"User Does Not Exist"}
info: ===> TimeStamp : 2026-04-06 14:51:48===> API : /api/auth/validateuser ===> Message : validateUserResponse() invoked!
info: ===> TimeStamp : 2026-04-06 14:51:48===> API : /api/auth/validateuser ===> Message : validateUserResponse() completed
info: ===> TimeStamp : 2026-04-06 14:52:04===> API : null ===> Message : validateRequest() invoked
info: ===> TimeStamp : 2026-04-06 14:52:04===> API : null ===> Message : fetchDBSettings()
info: ===> TimeStamp : 2026-04-06 14:52:04===> API : null ===> Message : validateRequest() Invoked!
info: ===> TimeStamp : 2026-04-06 14:52:04===> API : null ===> Message : validRequest() :: Api validated Successfully
info: ===> TimeStamp : 2026-04-06 14:52:04===> API : /api/auth/validateuser ===> Message : validateUser() :: Request Object :: [object Object]
info: ===> TimeStamp : 2026-04-06 14:52:04===> API : /api/auth/validateuser ===> Message : validateUser() invoked!!
info: ===> TimeStamp : 2026-04-06 14:52:04===> API : /api/auth/validateuser ===> Message : validateUserDB() Invoked !
info: ===> TimeStamp : 2026-04-06 14:52:04===> API : /api/auth/validateuser ===> Message : validateUserDB() :: Error :: {"code":"ER_SIGNAL_EXCEPTION","errno":1644,"sqlState":"10005","sqlMessage":"User Does Not Exist","sql":"CALL usp_validate_user('Jayanta', 'jJayanta@123')"}
info: ===> TimeStamp : 2026-04-06 14:52:04===> API : /api/auth/validateuser ===> Message : validateUserDBResult :: Error :: {"ErrorCode":10005,"ErrorMessage":"User Does Not Exist"}
info: ===> TimeStamp : 2026-04-06 14:52:04===> API : /api/auth/validateuser ===> Message : validateUserResponse() invoked!
info: ===> TimeStamp : 2026-04-06 14:52:04===> API : /api/auth/validateuser ===> Message : validateUserResponse() completed
info: ===> TimeStamp : 2026-04-06 14:52:15===> API : null ===> Message : validateRequest() invoked
info: ===> TimeStamp : 2026-04-06 14:52:15===> API : null ===> Message : fetchDBSettings()
info: ===> TimeStamp : 2026-04-06 14:52:15===> API : null ===> Message : validateRequest() Invoked!
info: ===> TimeStamp : 2026-04-06 14:52:15===> API : null ===> Message : validRequest() :: Api validated Successfully
info: ===> TimeStamp : 2026-04-06 14:52:15===> API : /api/auth/validateuser ===> Message : validateUser() invoked!!
info: ===> TimeStamp : 2026-04-06 14:52:15===> API : /api/auth/validateuser ===> Message : validateUser() :: Request Object :: [object Object]
info: ===> TimeStamp : 2026-04-06 14:52:15===> API : /api/auth/validateuser ===> Message : validateUserDB() Invoked !
info: ===> TimeStamp : 2026-04-06 14:52:15===> API : /api/auth/validateuser ===> Message : validateUserResponse() invoked!
info: ===> TimeStamp : 2026-04-06 14:52:15===> API : /api/auth/validateuser ===> Message : validateUserResponse() completed
info: ===> TimeStamp : 2026-04-06 14:52:15===> API : null ===> Message : validateRequest() invoked
info: ===> TimeStamp : 2026-04-06 14:52:15===> API : null ===> Message : fetchDBSettings()
info: ===> TimeStamp : 2026-04-06 14:52:15===> API : null ===> Message : validateRequest() Invoked!
info: ===> TimeStamp : 2026-04-06 14:52:15===> API : null ===> Message : validRequest() :: Api validated Successfully
info: ===> TimeStamp : 2026-04-06 14:52:15===> API : /api/auth/checkIP ===> Message : checkIP() invoked!!
info: ===> TimeStamp : 2026-04-06 14:52:15===> API : /api/auth/checkIP ===> Message : IPs match: 103.225.102.194
info: ===> TimeStamp : 2026-04-06 14:52:15===> API : /api/auth/checkIP ===> Message : checkIPResponse() invoked!
info: ===> TimeStamp : 2026-04-06 14:52:15===> API : /api/auth/checkIP ===> Message : checkIPResponse() completed
info: ===> TimeStamp : 2026-04-06 14:52:15===> API : null ===> Message : validateRequest() invoked
info: ===> TimeStamp : 2026-04-06 14:52:15===> API : null ===> Message : fetchDBSettings()
info: ===> TimeStamp : 2026-04-06 14:52:15===> API : null ===> Message : validateRequest() Invoked!
info: ===> TimeStamp : 2026-04-06 14:52:15===> API : null ===> Message : validRequest() :: Api validated Successfully
info: ===> TimeStamp : 2026-04-06 14:52:15===> API : /api/auth/login ===> Message : loginUser() :: Request Object :: [object Object]
info: ===> TimeStamp : 2026-04-06 14:52:15===> API : /api/auth/login ===> Message : loginUser() invoked!!
info: ===> TimeStamp : 2026-04-06 14:52:15===> API : /api/auth/login ===> Message : loginUserDB() Invoked !
info: ===> TimeStamp : 2026-04-06 14:52:15===> API : /api/auth/login ===> Message : loginUserResponse() invoked!
info: ===> TimeStamp : 2026-04-06 14:52:15===> API : /api/auth/login ===> Message : loginUserResponse() completed
info: ===> TimeStamp : 2026-04-06 14:52:31===> API : null ===> Message : validateRequest() invoked
info: ===> TimeStamp : 2026-04-06 14:52:31===> API : null ===> Message : fetchDBSettings()
info: ===> TimeStamp : 2026-04-06 14:52:31===> API : null ===> Message : validateRequest() Invoked!
info: ===> TimeStamp : 2026-04-06 14:52:31===> API : null ===> Message : validRequest() :: Api validated Successfully
info: ===> TimeStamp : 2026-04-06 14:52:31===> API : /api/auth/logout ===> Message : logoutUser() invoked!!
info: ===> TimeStamp : 2026-04-06 14:52:31===> API : /api/auth/logout ===> Message : logoutUser() :: Request Object :: [object Object]
info: ===> TimeStamp : 2026-04-06 14:52:31===> API : /api/auth/logout ===> Message : logoutUserDB() Invoked !
info: ===> TimeStamp : 2026-04-06 14:52:31===> API : /api/auth/logout ===> Message : logoutUserResponse() invoked!
info: ===> TimeStamp : 2026-04-06 14:52:31===> API : /api/auth/logout ===> Message : logoutUserResponse() completed
info: ===> TimeStamp : 2026-04-06 14:52:38===> API : null ===> Message : validateRequest() invoked
info: ===> TimeStamp : 2026-04-06 14:52:39===> API : null ===> Message : fetchDBSettings()
info: ===> TimeStamp : 2026-04-06 14:52:39===> API : null ===> Message : validateRequest() Invoked!
info: ===> TimeStamp : 2026-04-06 14:52:39===> API : null ===> Message : validRequest() :: Api validated Successfully
info: ===> TimeStamp : 2026-04-06 14:52:39===> API : /api/auth/validateuser ===> Message : validateUser() invoked!!
info: ===> TimeStamp : 2026-04-06 14:52:39===> API : /api/auth/validateuser ===> Message : validateUser() :: Request Object :: [object Object]
info: ===> TimeStamp : 2026-04-06 14:52:39===> API : /api/auth/validateuser ===> Message : validateUserDB() Invoked !
info: ===> TimeStamp : 2026-04-06 14:52:39===> API : /api/auth/validateuser ===> Message : validateUserResponse() invoked!
info: ===> TimeStamp : 2026-04-06 14:52:39===> API : /api/auth/validateuser ===> Message : validateUserResponse() completed
info: ===> TimeStamp : 2026-04-06 14:52:39===> API : null ===> Message : validateRequest() invoked
info: ===> TimeStamp : 2026-04-06 14:52:39===> API : null ===> Message : fetchDBSettings()
info: ===> TimeStamp : 2026-04-06 14:52:39===> API : null ===> Message : validateRequest() Invoked!
info: ===> TimeStamp : 2026-04-06 14:52:39===> API : null ===> Message : validRequest() :: Api validated Successfully
info: ===> TimeStamp : 2026-04-06 14:52:39===> API : /api/auth/checkIP ===> Message : checkIP() invoked!!
info: ===> TimeStamp : 2026-04-06 14:52:39===> API : /api/auth/checkIP ===> Message : IPs match: 103.225.102.194
info: ===> TimeStamp : 2026-04-06 14:52:39===> API : /api/auth/checkIP ===> Message : checkIPResponse() invoked!
info: ===> TimeStamp : 2026-04-06 14:52:39===> API : /api/auth/checkIP ===> Message : checkIPResponse() completed
info: ===> TimeStamp : 2026-04-06 14:52:39===> API : null ===> Message : validateRequest() invoked
info: ===> TimeStamp : 2026-04-06 14:52:39===> API : null ===> Message : fetchDBSettings()
info: ===> TimeStamp : 2026-04-06 14:52:39===> API : null ===> Message : validateRequest() Invoked!
info: ===> TimeStamp : 2026-04-06 14:52:39===> API : null ===> Message : validRequest() :: Api validated Successfully
info: ===> TimeStamp : 2026-04-06 14:52:39===> API : /api/auth/login ===> Message : loginUser() invoked!!
info: ===> TimeStamp : 2026-04-06 14:52:39===> API : /api/auth/login ===> Message : loginUser() :: Request Object :: [object Object]
info: ===> TimeStamp : 2026-04-06 14:52:39===> API : /api/auth/login ===> Message : loginUserDB() Invoked !
info: ===> TimeStamp : 2026-04-06 14:52:39===> API : /api/auth/login ===> Message : loginUserResponse() invoked!
info: ===> TimeStamp : 2026-04-06 14:52:39===> API : /api/auth/login ===> Message : loginUserResponse() completed
info: ===> TimeStamp : 2026-04-06 15:26:14===> API : null ===> Message : validateRequest() invoked
info: ===> TimeStamp : 2026-04-06 15:26:14===> API : null ===> Message : fetchDBSettings()
info: ===> TimeStamp : 2026-04-06 15:26:14===> API : null ===> Message : validateRequest() Invoked!
info: ===> TimeStamp : 2026-04-06 15:26:14===> API : null ===> Message : validRequest() :: Api validated Successfully
info: ===> TimeStamp : 2026-04-06 15:26:14===> API : /api/auth/validateuser ===> Message : validateUser() invoked!!
info: ===> TimeStamp : 2026-04-06 15:26:14===> API : /api/auth/validateuser ===> Message : validateUser() :: Request Object :: [object Object]
info: ===> TimeStamp : 2026-04-06 15:26:14===> API : /api/auth/validateuser ===> Message : validateUserDB() Invoked !
info: ===> TimeStamp : 2026-04-06 15:26:14===> API : /api/auth/validateuser ===> Message : validateUserResponse() invoked!
info: ===> TimeStamp : 2026-04-06 15:26:14===> API : /api/auth/validateuser ===> Message : validateUserResponse() completed
info: ===> TimeStamp : 2026-04-06 15:26:14===> API : null ===> Message : validateRequest() invoked
info: ===> TimeStamp : 2026-04-06 15:26:14===> API : null ===> Message : fetchDBSettings()
info: ===> TimeStamp : 2026-04-06 15:26:14===> API : null ===> Message : validateRequest() Invoked!
info: ===> TimeStamp : 2026-04-06 15:26:14===> API : null ===> Message : validRequest() :: Api validated Successfully
info: ===> TimeStamp : 2026-04-06 15:26:14===> API : /api/auth/checkIP ===> Message : checkIP() invoked!!
info: ===> TimeStamp : 2026-04-06 15:26:14===> API : /api/auth/checkIP ===> Message : IPs match: 103.225.102.194
info: ===> TimeStamp : 2026-04-06 15:26:15===> API : /api/auth/checkIP ===> Message : checkIPResponse() invoked!
info: ===> TimeStamp : 2026-04-06 15:26:15===> API : /api/auth/checkIP ===> Message : checkIPResponse() completed
info: ===> TimeStamp : 2026-04-06 15:26:15===> API : null ===> Message : validateRequest() invoked
info: ===> TimeStamp : 2026-04-06 15:26:15===> API : null ===> Message : fetchDBSettings()
info: ===> TimeStamp : 2026-04-06 15:26:15===> API : null ===> Message : validateRequest() Invoked!
info: ===> TimeStamp : 2026-04-06 15:26:15===> API : null ===> Message : validRequest() :: Api validated Successfully
info: ===> TimeStamp : 2026-04-06 15:26:15===> API : /api/auth/login ===> Message : loginUser() invoked!!
info: ===> TimeStamp : 2026-04-06 15:26:15===> API : /api/auth/login ===> Message : loginUser() :: Request Object :: [object Object]
info: ===> TimeStamp : 2026-04-06 15:26:15===> API : /api/auth/login ===> Message : loginUserDB() Invoked !
info: ===> TimeStamp : 2026-04-06 15:26:15===> API : /api/auth/login ===> Message : loginUserResponse() invoked!
info: ===> TimeStamp : 2026-04-06 15:26:15===> API : /api/auth/login ===> Message : loginUserResponse() completed
info: ===> TimeStamp : 2026-04-06 15:57:57===> API : null ===> Message : validateRequest() invoked
info: ===> TimeStamp : 2026-04-06 15:57:57===> API : null ===> Message : fetchDBSettings()
info: ===> TimeStamp : 2026-04-06 15:57:57===> API : null ===> Message : validateRequest() Invoked!
info: ===> TimeStamp : 2026-04-06 15:57:57===> API : null ===> Message : validRequest() :: Api validated Successfully
info: ===> TimeStamp : 2026-04-06 15:57:57===> API : /api/auth/logout ===> Message : logoutUser() invoked!!
info: ===> TimeStamp : 2026-04-06 15:57:57===> API : /api/auth/logout ===> Message : logoutUser() :: Request Object :: [object Object]
info: ===> TimeStamp : 2026-04-06 15:57:57===> API : /api/auth/logout ===> Message : logoutUserDB() Invoked !
info: ===> TimeStamp : 2026-04-06 15:57:57===> API : /api/auth/logout ===> Message : logoutUserResponse() invoked!
info: ===> TimeStamp : 2026-04-06 15:57:57===> API : /api/auth/logout ===> Message : logoutUserResponse() completed
info: ===> TimeStamp : 2026-04-06 15:58:14===> API : null ===> Message : validateRequest() invoked
info: ===> TimeStamp : 2026-04-06 15:58:14===> API : null ===> Message : fetchDBSettings()
info: ===> TimeStamp : 2026-04-06 15:58:14===> API : null ===> Message : validateRequest() Invoked!
info: ===> TimeStamp : 2026-04-06 15:58:14===> API : /api/auth/logout ===> Message : logoutUser() invoked!!
info: ===> TimeStamp : 2026-04-06 15:58:14===> API : /api/auth/logout ===> Message : logoutUser() :: Request Object :: [object Object]
info: ===> TimeStamp : 2026-04-06 15:58:14===> API : null ===> Message : validRequest() :: Api validated Successfully
info: ===> TimeStamp : 2026-04-06 15:58:14===> API : /api/auth/logout ===> Message : logoutUserDB() Invoked !
info: ===> TimeStamp : 2026-04-06 15:58:14===> API : /api/auth/logout ===> Message : logoutUserResponse() invoked!
info: ===> TimeStamp : 2026-04-06 15:58:14===> API : /api/auth/logout ===> Message : logoutUserResponse() completed
info: ===> TimeStamp : 2026-04-06 15:58:23===> API : null ===> Message : validateRequest() invoked
info: ===> TimeStamp : 2026-04-06 15:58:23===> API : null ===> Message : fetchDBSettings()
info: ===> TimeStamp : 2026-04-06 15:58:23===> API : null ===> Message : validateRequest() Invoked!
info: ===> TimeStamp : 2026-04-06 15:58:23===> API : null ===> Message : validRequest() :: Api validated Successfully
info: ===> TimeStamp : 2026-04-06 15:58:23===> API : /api/auth/validateuser ===> Message : validateUser() invoked!!
info: ===> TimeStamp : 2026-04-06 15:58:23===> API : /api/auth/validateuser ===> Message : validateUser() :: Request Object :: [object Object]
info: ===> TimeStamp : 2026-04-06 15:58:23===> API : /api/auth/validateuser ===> Message : validateUserDB() Invoked !
info: ===> TimeStamp : 2026-04-06 15:58:23===> API : /api/auth/validateuser ===> Message : validateUserResponse() invoked!
info: ===> TimeStamp : 2026-04-06 15:58:23===> API : /api/auth/validateuser ===> Message : validateUserResponse() completed
info: ===> TimeStamp : 2026-04-06 15:58:23===> API : null ===> Message : validateRequest() invoked
info: ===> TimeStamp : 2026-04-06 15:58:23===> API : null ===> Message : fetchDBSettings()
info: ===> TimeStamp : 2026-04-06 15:58:23===> API : null ===> Message : validateRequest() Invoked!
info: ===> TimeStamp : 2026-04-06 15:58:23===> API : null ===> Message : validRequest() :: Api validated Successfully
info: ===> TimeStamp : 2026-04-06 15:58:23===> API : /api/auth/checkIP ===> Message : checkIP() invoked!!
info: ===> TimeStamp : 2026-04-06 15:58:23===> API : /api/auth/checkIP ===> Message : IPs match: 103.225.102.194
info: ===> TimeStamp : 2026-04-06 15:58:23===> API : /api/auth/checkIP ===> Message : checkIPResponse() invoked!
info: ===> TimeStamp : 2026-04-06 15:58:23===> API : /api/auth/checkIP ===> Message : checkIPResponse() completed
info: ===> TimeStamp : 2026-04-06 15:58:23===> API : null ===> Message : validateRequest() invoked
info: ===> TimeStamp : 2026-04-06 15:58:23===> API : null ===> Message : fetchDBSettings()
info: ===> TimeStamp : 2026-04-06 15:58:23===> API : null ===> Message : validateRequest() Invoked!
info: ===> TimeStamp : 2026-04-06 15:58:23===> API : null ===> Message : validRequest() :: Api validated Successfully
info: ===> TimeStamp : 2026-04-06 15:58:23===> API : /api/auth/login ===> Message : loginUser() invoked!!
info: ===> TimeStamp : 2026-04-06 15:58:23===> API : /api/auth/login ===> Message : loginUser() :: Request Object :: [object Object]
info: ===> TimeStamp : 2026-04-06 15:58:23===> API : /api/auth/login ===> Message : loginUserDB() Invoked !
info: ===> TimeStamp : 2026-04-06 15:58:23===> API : /api/auth/login ===> Message : loginUserResponse() invoked!
info: ===> TimeStamp : 2026-04-06 15:58:23===> API : /api/auth/login ===> Message : loginUserResponse() completed
info: ===> TimeStamp : 2026-04-06 15:58:41===> API : null ===> Message : validateRequest() invoked
info: ===> TimeStamp : 2026-04-06 15:58:41===> API : null ===> Message : fetchDBSettings()
info: ===> TimeStamp : 2026-04-06 15:58:41===> API : null ===> Message : validateRequest() Invoked!
info: ===> TimeStamp : 2026-04-06 15:58:41===> API : null ===> Message : validRequest() :: Api validated Successfully
info: ===> TimeStamp : 2026-04-06 15:58:41===> API : /api/auth/validateuser ===> Message : validateUser() invoked!!
info: ===> TimeStamp : 2026-04-06 15:58:41===> API : /api/auth/validateuser ===> Message : validateUser() :: Request Object :: [object Object]
info: ===> TimeStamp : 2026-04-06 15:58:41===> API : /api/auth/validateuser ===> Message : validateUserDB() Invoked !
info: ===> TimeStamp : 2026-04-06 15:58:41===> API : /api/auth/validateuser ===> Message : validateUserDB() :: Error :: {"code":"ER_SIGNAL_EXCEPTION","errno":1644,"sqlState":"10005","sqlMessage":"User Does Not Exist","sql":"CALL usp_validate_user('Jayanta', 'Jayanta@12')"}
info: ===> TimeStamp : 2026-04-06 15:58:41===> API : /api/auth/validateuser ===> Message : validateUserDBResult :: Error :: {"ErrorCode":10005,"ErrorMessage":"User Does Not Exist"}
info: ===> TimeStamp : 2026-04-06 15:58:41===> API : /api/auth/validateuser ===> Message : validateUserResponse() invoked!
info: ===> TimeStamp : 2026-04-06 15:58:41===> API : /api/auth/validateuser ===> Message : validateUserResponse() completed
info: ===> TimeStamp : 2026-04-06 15:58:42===> API : null ===> Message : validateRequest() invoked
info: ===> TimeStamp : 2026-04-06 15:58:42===> API : null ===> Message : fetchDBSettings()
info: ===> TimeStamp : 2026-04-06 15:58:42===> API : null ===> Message : validateRequest() Invoked!
info: ===> TimeStamp : 2026-04-06 15:58:42===> API : null ===> Message : validRequest() :: Api validated Successfully
info: ===> TimeStamp : 2026-04-06 15:58:42===> API : /api/auth/validateuser ===> Message : validateUser() invoked!!
info: ===> TimeStamp : 2026-04-06 15:58:42===> API : /api/auth/validateuser ===> Message : validateUser() :: Request Object :: [object Object]
info: ===> TimeStamp : 2026-04-06 15:58:42===> API : /api/auth/validateuser ===> Message : validateUserDB() Invoked !
info: ===> TimeStamp : 2026-04-06 15:58:42===> API : /api/auth/validateuser ===> Message : validateUserDB() :: Error :: {"code":"ER_SIGNAL_EXCEPTION","errno":1644,"sqlState":"10005","sqlMessage":"User Does Not Exist","sql":"CALL usp_validate_user('Jayanta', 'Jayanta@12')"}
info: ===> TimeStamp : 2026-04-06 15:58:42===> API : /api/auth/validateuser ===> Message : validateUserDBResult :: Error :: {"ErrorCode":10005,"ErrorMessage":"User Does Not Exist"}
info: ===> TimeStamp : 2026-04-06 15:58:42===> API : /api/auth/validateuser ===> Message : validateUserResponse() invoked!
info: ===> TimeStamp : 2026-04-06 15:58:42===> API : /api/auth/validateuser ===> Message : validateUserResponse() completed
info: ===> TimeStamp : 2026-04-06 15:58:47===> API : null ===> Message : validateRequest() invoked
info: ===> TimeStamp : 2026-04-06 15:58:47===> API : null ===> Message : fetchDBSettings()
info: ===> TimeStamp : 2026-04-06 15:58:47===> API : null ===> Message : validateRequest() Invoked!
info: ===> TimeStamp : 2026-04-06 15:58:47===> API : null ===> Message : validRequest() :: Api validated Successfully
info: ===> TimeStamp : 2026-04-06 15:58:47===> API : /api/auth/validateuser ===> Message : validateUser() invoked!!
info: ===> TimeStamp : 2026-04-06 15:58:47===> API : /api/auth/validateuser ===> Message : validateUser() :: Request Object :: [object Object]
info: ===> TimeStamp : 2026-04-06 15:58:47===> API : /api/auth/validateuser ===> Message : validateUserDB() Invoked !
info: ===> TimeStamp : 2026-04-06 15:58:47===> API : /api/auth/validateuser ===> Message : validateUserResponse() invoked!
info: ===> TimeStamp : 2026-04-06 15:58:47===> API : /api/auth/validateuser ===> Message : validateUserResponse() completed
info: ===> TimeStamp : 2026-04-06 15:58:47===> API : null ===> Message : validateRequest() invoked
info: ===> TimeStamp : 2026-04-06 15:58:47===> API : null ===> Message : fetchDBSettings()
info: ===> TimeStamp : 2026-04-06 15:58:47===> API : null ===> Message : validateRequest() Invoked!
info: ===> TimeStamp : 2026-04-06 15:58:47===> API : null ===> Message : validRequest() :: Api validated Successfully
info: ===> TimeStamp : 2026-04-06 15:58:47===> API : /api/auth/checkIP ===> Message : checkIP() invoked!!
info: ===> TimeStamp : 2026-04-06 15:58:47===> API : /api/auth/checkIP ===> Message : IPs match: 103.225.102.194
info: ===> TimeStamp : 2026-04-06 15:58:47===> API : /api/auth/checkIP ===> Message : checkIPResponse() invoked!
info: ===> TimeStamp : 2026-04-06 15:58:47===> API : /api/auth/checkIP ===> Message : checkIPResponse() completed
info: ===> TimeStamp : 2026-04-06 15:58:48===> API : null ===> Message : validateRequest() invoked
info: ===> TimeStamp : 2026-04-06 15:58:48===> API : null ===> Message : fetchDBSettings()
info: ===> TimeStamp : 2026-04-06 15:58:48===> API : null ===> Message : validateRequest() Invoked!
info: ===> TimeStamp : 2026-04-06 15:58:48===> API : null ===> Message : validRequest() :: Api validated Successfully
info: ===> TimeStamp : 2026-04-06 15:58:48===> API : /api/auth/login ===> Message : loginUser() invoked!!
info: ===> TimeStamp : 2026-04-06 15:58:48===> API : /api/auth/login ===> Message : loginUser() :: Request Object :: [object Object]
info: ===> TimeStamp : 2026-04-06 15:58:48===> API : /api/auth/login ===> Message : loginUserDB() Invoked !
info: ===> TimeStamp : 2026-04-06 15:58:48===> API : /api/auth/login ===> Message : loginUserResponse() invoked!
info: ===> TimeStamp : 2026-04-06 15:58:48===> API : /api/auth/login ===> Message : loginUserResponse() completed
info: ===> TimeStamp : 2026-04-06 16:06:32===> API : null ===> Message : validateRequest() invoked
info: ===> TimeStamp : 2026-04-06 16:06:32===> API : null ===> Message : validateRequest() Error:: Invalid Request :: 
      {"apiUri":"/"}
info: ===> TimeStamp : 2026-04-06 16:06:33===> API : null ===> Message : validateRequest() invoked
info: ===> TimeStamp : 2026-04-06 16:06:33===> API : null ===> Message : validateRequest() Error:: Invalid Request :: 
      {"apiUri":"/.env"}
info: ===> TimeStamp : 2026-04-06 16:06:33===> API : null ===> Message : validateRequest() invoked
info: ===> TimeStamp : 2026-04-06 16:06:33===> API : null ===> Message : validateRequest() Error:: Invalid Request :: 
      {"apiUri":"/.env.bak"}
info: ===> TimeStamp : 2026-04-06 16:06:34===> API : null ===> Message : validateRequest() invoked
info: ===> TimeStamp : 2026-04-06 16:06:34===> API : null ===> Message : validateRequest() Error:: Invalid Request :: 
      {"apiUri":"/.env.save"}
info: ===> TimeStamp : 2026-04-06 16:06:34===> API : null ===> Message : validateRequest() invoked
info: ===> TimeStamp : 2026-04-06 16:06:34===> API : null ===> Message : validateRequest() Error:: Invalid Request :: 
      {"apiUri":"/.env.backup"}
info: ===> TimeStamp : 2026-04-06 16:06:35===> API : null ===> Message : validateRequest() invoked
info: ===> TimeStamp : 2026-04-06 16:06:35===> API : null ===> Message : validateRequest() Error:: Invalid Request :: 
      {"apiUri":"/backend/.env"}
info: ===> TimeStamp : 2026-04-06 16:06:35===> API : null ===> Message : validateRequest() invoked
info: ===> TimeStamp : 2026-04-06 16:06:35===> API : null ===> Message : validateRequest() Error:: Invalid Request :: 
      {"apiUri":"/admin/.env"}
info: ===> TimeStamp : 2026-04-06 16:06:37===> API : null ===> Message : validateRequest() invoked
info: ===> TimeStamp : 2026-04-06 16:06:37===> API : null ===> Message : validateRequest() Error:: Invalid Request :: 
      {"apiUri":"/.git/config"}
info: ===> TimeStamp : 2026-04-06 16:06:37===> API : null ===> Message : validateRequest() invoked
info: ===> TimeStamp : 2026-04-06 16:06:37===> API : null ===> Message : validateRequest() Error:: Invalid Request :: 
      {"apiUri":"/wp-config.php"}
info: ===> TimeStamp : 2026-04-06 16:06:38===> API : null ===> Message : validateRequest() invoked
info: ===> TimeStamp : 2026-04-06 16:06:38===> API : null ===> Message : validateRequest() Error:: Invalid Request :: 
      {"apiUri":"/config.js"}
info: ===> TimeStamp : 2026-04-06 16:06:38===> API : null ===> Message : validateRequest() invoked
info: ===> TimeStamp : 2026-04-06 16:06:38===> API : null ===> Message : validateRequest() Error:: Invalid Request :: 
      {"apiUri":"/aws-config.js"}
info: ===> TimeStamp : 2026-04-06 16:06:42===> API : null ===> Message : validateRequest() invoked
info: ===> TimeStamp : 2026-04-06 16:06:42===> API : null ===> Message : validateRequest() Error:: Invalid Request :: 
      {"apiUri":"/aws.config.js"}
info: ===> TimeStamp : 2026-04-06 16:06:44===> API : null ===> Message : validateRequest() invoked
info: ===> TimeStamp : 2026-04-06 16:06:44===> API : null ===> Message : validateRequest() Error:: Invalid Request :: 
      {"apiUri":"/_debugbar/"}
info: ===> TimeStamp : 2026-04-06 16:06:45===> API : null ===> Message : validateRequest() invoked
info: ===> TimeStamp : 2026-04-06 16:06:45===> API : null ===> Message : validateRequest() Error:: Invalid Request :: 
      {"apiUri":"/debugbar/"}
info: ===> TimeStamp : 2026-04-06 16:06:46===> API : null ===> Message : validateRequest() invoked
info: ===> TimeStamp : 2026-04-06 16:06:46===> API : null ===> Message : validateRequest() Error:: Invalid Request :: 
      {"apiUri":"/debug/"}
info: ===> TimeStamp : 2026-04-06 16:06:47===> API : null ===> Message : validateRequest() invoked
info: ===> TimeStamp : 2026-04-06 16:06:47===> API : null ===> Message : validateRequest() Error:: Invalid Request :: 
      {"apiUri":"/phpinfo.php"}
info: ===> TimeStamp : 2026-04-06 16:06:48===> API : null ===> Message : validateRequest() invoked
info: ===> TimeStamp : 2026-04-06 16:06:48===> API : null ===> Message : validateRequest() Error:: Invalid Request :: 
      {"apiUri":"/info.php"}
info: ===> TimeStamp : 2026-04-06 16:06:48===> API : null ===> Message : validateRequest() invoked
info: ===> TimeStamp : 2026-04-06 16:06:48===> API : null ===> Message : validateRequest() Error:: Invalid Request :: 
      {"apiUri":"/test.php"}
info: ===> TimeStamp : 2026-04-06 16:06:50===> API : null ===> Message : validateRequest() invoked
info: ===> TimeStamp : 2026-04-06 16:06:50===> API : null ===> Message : validateRequest() Error:: Invalid Request :: 
      {"apiUri":"/.aws/credentials"}
info: ===> TimeStamp : 2026-04-06 16:06:50===> API : null ===> Message : validateRequest() invoked
info: ===> TimeStamp : 2026-04-06 16:06:50===> API : null ===> Message : validateRequest() Error:: Invalid Request :: 
      {"apiUri":"/.aws/config"}
info: ===> TimeStamp : 2026-04-06 16:06:51===> API : null ===> Message : validateRequest() invoked
info: ===> TimeStamp : 2026-04-06 16:06:51===> API : null ===> Message : validateRequest() Error:: Invalid Request :: 
      {"apiUri":"/aws-credentials"}
info: ===> TimeStamp : 2026-04-06 16:06:51===> API : null ===> Message : validateRequest() invoked
info: ===> TimeStamp : 2026-04-06 16:06:51===> API : null ===> Message : validateRequest() Error:: Invalid Request :: 
      {"apiUri":"/aws.json"}
info: ===> TimeStamp : 2026-04-06 16:06:52===> API : null ===> Message : validateRequest() invoked
info: ===> TimeStamp : 2026-04-06 16:06:52===> API : null ===> Message : validateRequest() Error:: Invalid Request :: 
      {"apiUri":"/.s3cfg"}
info: ===> TimeStamp : 2026-04-06 16:45:17===> API : null ===> Message : validateRequest() invoked
info: ===> TimeStamp : 2026-04-06 16:45:17===> API : null ===> Message : validateRequest() Error:: Invalid Request :: 
      {"apiUri":"/robots.txt"}
info: ===> TimeStamp : 2026-04-06 16:45:17===> API : null ===> Message : validateRequest() invoked
info: ===> TimeStamp : 2026-04-06 16:45:17===> API : null ===> Message : validateRequest() Error:: Invalid Request :: 
      {"apiUri":"/"}
info: ===> TimeStamp : 2026-04-06 17:52:14===> API : null ===> Message : validateRequest() invoked
info: ===> TimeStamp : 2026-04-06 17:52:14===> API : null ===> Message : fetchDBSettings()
info: ===> TimeStamp : 2026-04-06 17:52:14===> API : null ===> Message : validateRequest() Invoked!
info: ===> TimeStamp : 2026-04-06 17:52:14===> API : null ===> Message : validRequest() :: Api validated Successfully
info: ===> TimeStamp : 2026-04-06 17:52:14===> API : /api/auth/validateuser ===> Message : validateUser() invoked!!
info: ===> TimeStamp : 2026-04-06 17:52:14===> API : /api/auth/validateuser ===> Message : validateUser() :: Request Object :: [object Object]
info: ===> TimeStamp : 2026-04-06 17:52:14===> API : /api/auth/validateuser ===> Message : validateUserDB() Invoked !
info: ===> TimeStamp : 2026-04-06 17:52:14===> API : /api/auth/validateuser ===> Message : validateUserResponse() invoked!
info: ===> TimeStamp : 2026-04-06 17:52:14===> API : /api/auth/validateuser ===> Message : validateUserResponse() completed
info: ===> TimeStamp : 2026-04-06 17:52:15===> API : null ===> Message : validateRequest() invoked
info: ===> TimeStamp : 2026-04-06 17:52:15===> API : null ===> Message : fetchDBSettings()
info: ===> TimeStamp : 2026-04-06 17:52:15===> API : null ===> Message : validateRequest() Invoked!
info: ===> TimeStamp : 2026-04-06 17:52:15===> API : null ===> Message : validRequest() :: Api validated Successfully
info: ===> TimeStamp : 2026-04-06 17:52:15===> API : /api/auth/login ===> Message : loginUser() :: Request Object :: [object Object]
info: ===> TimeStamp : 2026-04-06 17:52:15===> API : /api/auth/login ===> Message : loginUser() invoked!!
info: ===> TimeStamp : 2026-04-06 17:52:15===> API : /api/auth/login ===> Message : loginUserDB() Invoked !
info: ===> TimeStamp : 2026-04-06 17:52:15===> API : /api/auth/login ===> Message : loginUserResponse() invoked!
info: ===> TimeStamp : 2026-04-06 17:52:15===> API : /api/auth/login ===> Message : loginUserResponse() completed
info: ===> TimeStamp : 2026-04-06 18:08:52===> API : null ===> Message : validateRequest() invoked
info: ===> TimeStamp : 2026-04-06 18:08:52===> API : null ===> Message : validateRequest() Error:: Invalid Request :: 
      {"apiUri":"/"}
info: ===> TimeStamp : 2026-04-06 18:09:14===> API : null ===> Message : validateRequest() invoked
info: ===> TimeStamp : 2026-04-06 18:09:14===> API : null ===> Message : validateRequest() Error:: Invalid Request :: 
      {"apiUri":"/favicon.ico"}
info: ===> TimeStamp : 2026-04-06 18:39:13===> API : null ===> Message : validateRequest() invoked
info: ===> TimeStamp : 2026-04-06 18:39:13===> API : null ===> Message : fetchDBSettings()
info: ===> TimeStamp : 2026-04-06 18:39:13===> API : null ===> Message : validateRequest() Invoked!
info: ===> TimeStamp : 2026-04-06 18:39:13===> API : null ===> Message : validRequest() :: Api validated Successfully
info: ===> TimeStamp : 2026-04-06 18:39:13===> API : /api/auth/validateuser ===> Message : validateUser() invoked!!
info: ===> TimeStamp : 2026-04-06 18:39:13===> API : /api/auth/validateuser ===> Message : validateUser() :: Request Object :: [object Object]
info: ===> TimeStamp : 2026-04-06 18:39:13===> API : /api/auth/validateuser ===> Message : validateUserDB() Invoked !
info: ===> TimeStamp : 2026-04-06 18:39:13===> API : /api/auth/validateuser ===> Message : validateUserResponse() invoked!
info: ===> TimeStamp : 2026-04-06 18:39:13===> API : /api/auth/validateuser ===> Message : validateUserResponse() completed
info: ===> TimeStamp : 2026-04-06 18:39:13===> API : null ===> Message : validateRequest() invoked
info: ===> TimeStamp : 2026-04-06 18:39:13===> API : null ===> Message : fetchDBSettings()
info: ===> TimeStamp : 2026-04-06 18:39:13===> API : null ===> Message : validateRequest() Invoked!
info: ===> TimeStamp : 2026-04-06 18:39:13===> API : null ===> Message : validRequest() :: Api validated Successfully
info: ===> TimeStamp : 2026-04-06 18:39:13===> API : /api/auth/login ===> Message : loginUser() :: Request Object :: [object Object]
info: ===> TimeStamp : 2026-04-06 18:39:13===> API : /api/auth/login ===> Message : loginUser() invoked!!
info: ===> TimeStamp : 2026-04-06 18:39:13===> API : /api/auth/login ===> Message : loginUserDB() Invoked !
info: ===> TimeStamp : 2026-04-06 18:39:13===> API : /api/auth/login ===> Message : loginUserResponse() invoked!
info: ===> TimeStamp : 2026-04-06 18:39:13===> API : /api/auth/login ===> Message : loginUserResponse() completed
info: ===> TimeStamp : 2026-04-06 18:45:19===> API : null ===> Message : validateRequest() invoked
info: ===> TimeStamp : 2026-04-06 18:45:19===> API : null ===> Message : validateRequest() Error:: Invalid Request :: 
      {"apiUri":"/pdown"}
info: ===> TimeStamp : 2026-04-06 18:55:53===> API : null ===> Message : validateRequest() invoked
info: ===> TimeStamp : 2026-04-06 18:55:53===> API : null ===> Message : fetchDBSettings()
info: ===> TimeStamp : 2026-04-06 18:55:53===> API : null ===> Message : validateRequest() Invoked!
info: ===> TimeStamp : 2026-04-06 18:55:53===> API : null ===> Message : validRequest() :: Api validated Successfully
info: ===> TimeStamp : 2026-04-06 18:55:53===> API : /api/auth/validateuser ===> Message : validateUser() invoked!!
info: ===> TimeStamp : 2026-04-06 18:55:53===> API : /api/auth/validateuser ===> Message : validateUser() :: Request Object :: [object Object]
info: ===> TimeStamp : 2026-04-06 18:55:53===> API : /api/auth/validateuser ===> Message : validateUserDB() Invoked !
info: ===> TimeStamp : 2026-04-06 18:55:53===> API : /api/auth/validateuser ===> Message : validateUserResponse() invoked!
info: ===> TimeStamp : 2026-04-06 18:55:53===> API : /api/auth/validateuser ===> Message : validateUserResponse() completed
info: ===> TimeStamp : 2026-04-06 18:55:54===> API : null ===> Message : validateRequest() invoked
info: ===> TimeStamp : 2026-04-06 18:55:54===> API : null ===> Message : fetchDBSettings()
info: ===> TimeStamp : 2026-04-06 18:55:54===> API : null ===> Message : validateRequest() Invoked!
info: ===> TimeStamp : 2026-04-06 18:55:54===> API : null ===> Message : validRequest() :: Api validated Successfully
info: ===> TimeStamp : 2026-04-06 18:55:54===> API : /api/auth/login ===> Message : loginUser() invoked!!
info: ===> TimeStamp : 2026-04-06 18:55:54===> API : /api/auth/login ===> Message : loginUser() :: Request Object :: [object Object]
info: ===> TimeStamp : 2026-04-06 18:55:54===> API : /api/auth/login ===> Message : loginUserDB() Invoked !
info: ===> TimeStamp : 2026-04-06 18:55:54===> API : /api/auth/login ===> Message : loginUserResponse() invoked!
info: ===> TimeStamp : 2026-04-06 18:55:54===> API : /api/auth/login ===> Message : loginUserResponse() completed
info: ===> TimeStamp : 2026-04-06 19:14:36===> API : null ===> Message : validateRequest() invoked
info: ===> TimeStamp : 2026-04-06 19:14:36===> API : null ===> Message : fetchDBSettings()
info: ===> TimeStamp : 2026-04-06 19:14:36===> API : null ===> Message : validateRequest() Invoked!
info: ===> TimeStamp : 2026-04-06 19:14:36===> API : null ===> Message : validRequest() :: Api validated Successfully
info: ===> TimeStamp : 2026-04-06 19:14:36===> API : /api/auth/validateuser ===> Message : validateUser() invoked!!
info: ===> TimeStamp : 2026-04-06 19:14:36===> API : /api/auth/validateuser ===> Message : validateUser() :: Request Object :: [object Object]
info: ===> TimeStamp : 2026-04-06 19:14:36===> API : /api/auth/validateuser ===> Message : validateUserDB() Invoked !
info: ===> TimeStamp : 2026-04-06 19:14:36===> API : /api/auth/validateuser ===> Message : validateUserResponse() invoked!
info: ===> TimeStamp : 2026-04-06 19:14:36===> API : /api/auth/validateuser ===> Message : validateUserResponse() completed
info: ===> TimeStamp : 2026-04-06 19:14:36===> API : null ===> Message : validateRequest() invoked
info: ===> TimeStamp : 2026-04-06 19:14:36===> API : null ===> Message : fetchDBSettings()
info: ===> TimeStamp : 2026-04-06 19:14:36===> API : null ===> Message : validateRequest() Invoked!
info: ===> TimeStamp : 2026-04-06 19:14:36===> API : null ===> Message : validRequest() :: Api validated Successfully
info: ===> TimeStamp : 2026-04-06 19:14:36===> API : /api/auth/login ===> Message : loginUser() invoked!!
info: ===> TimeStamp : 2026-04-06 19:14:36===> API : /api/auth/login ===> Message : loginUser() :: Request Object :: [object Object]
info: ===> TimeStamp : 2026-04-06 19:14:36===> API : /api/auth/login ===> Message : loginUserDB() Invoked !
info: ===> TimeStamp : 2026-04-06 19:14:36===> API : /api/auth/login ===> Message : loginUserResponse() invoked!
info: ===> TimeStamp : 2026-04-06 19:14:36===> API : /api/auth/login ===> Message : loginUserResponse() completed
info: ===> TimeStamp : 2026-04-06 19:44:11===> API : null ===> Message : validateRequest() invoked
info: ===> TimeStamp : 2026-04-06 19:44:11===> API : null ===> Message : fetchDBSettings()
info: ===> TimeStamp : 2026-04-06 19:44:11===> API : null ===> Message : validateRequest() Invoked!
info: ===> TimeStamp : 2026-04-06 19:44:11===> API : null ===> Message : validRequest() :: Api validated Successfully
info: ===> TimeStamp : 2026-04-06 19:44:11===> API : /api/auth/validateuser ===> Message : validateUser() invoked!!
info: ===> TimeStamp : 2026-04-06 19:44:11===> API : /api/auth/validateuser ===> Message : validateUser() :: Request Object :: [object Object]
info: ===> TimeStamp : 2026-04-06 19:44:11===> API : /api/auth/validateuser ===> Message : validateUserDB() Invoked !
info: ===> TimeStamp : 2026-04-06 19:44:11===> API : /api/auth/validateuser ===> Message : validateUserResponse() invoked!
info: ===> TimeStamp : 2026-04-06 19:44:11===> API : /api/auth/validateuser ===> Message : validateUserResponse() completed
info: ===> TimeStamp : 2026-04-06 19:44:11===> API : null ===> Message : validateRequest() invoked
info: ===> TimeStamp : 2026-04-06 19:44:11===> API : null ===> Message : fetchDBSettings()
info: ===> TimeStamp : 2026-04-06 19:44:11===> API : null ===> Message : validateRequest() Invoked!
info: ===> TimeStamp : 2026-04-06 19:44:11===> API : null ===> Message : validRequest() :: Api validated Successfully
info: ===> TimeStamp : 2026-04-06 19:44:11===> API : /api/auth/login ===> Message : loginUser() invoked!!
info: ===> TimeStamp : 2026-04-06 19:44:11===> API : /api/auth/login ===> Message : loginUser() :: Request Object :: [object Object]
info: ===> TimeStamp : 2026-04-06 19:44:11===> API : /api/auth/login ===> Message : loginUserDB() Invoked !
info: ===> TimeStamp : 2026-04-06 19:44:11===> API : /api/auth/login ===> Message : loginUserResponse() invoked!
info: ===> TimeStamp : 2026-04-06 19:44:11===> API : /api/auth/login ===> Message : loginUserResponse() completed
info: ===> TimeStamp : 2026-04-06 20:32:35===> API : null ===> Message : validateRequest() invoked
info: ===> TimeStamp : 2026-04-06 20:32:35===> API : null ===> Message : validateRequest() Error:: Invalid Request :: 
      {"apiUri":"/"}
info: ===> TimeStamp : 2026-04-06 20:45:34===> API : null ===> Message : validateRequest() invoked
info: ===> TimeStamp : 2026-04-06 20:45:34===> API : null ===> Message : fetchDBSettings()
info: ===> TimeStamp : 2026-04-06 20:45:34===> API : null ===> Message : validateRequest() Invoked!
info: ===> TimeStamp : 2026-04-06 20:45:34===> API : null ===> Message : validRequest() :: Api validated Successfully
info: ===> TimeStamp : 2026-04-06 20:45:34===> API : /api/auth/validateuser ===> Message : validateUser() invoked!!
info: ===> TimeStamp : 2026-04-06 20:45:34===> API : /api/auth/validateuser ===> Message : validateUser() :: Request Object :: [object Object]
info: ===> TimeStamp : 2026-04-06 20:45:34===> API : /api/auth/validateuser ===> Message : validateUserDB() Invoked !
info: ===> TimeStamp : 2026-04-06 20:45:34===> API : /api/auth/validateuser ===> Message : validateUserResponse() invoked!
info: ===> TimeStamp : 2026-04-06 20:45:34===> API : /api/auth/validateuser ===> Message : validateUserResponse() completed
info: ===> TimeStamp : 2026-04-06 20:45:34===> API : null ===> Message : validateRequest() invoked
info: ===> TimeStamp : 2026-04-06 20:45:34===> API : null ===> Message : fetchDBSettings()
info: ===> TimeStamp : 2026-04-06 20:45:34===> API : null ===> Message : validateRequest() Invoked!
info: ===> TimeStamp : 2026-04-06 20:45:34===> API : null ===> Message : validRequest() :: Api validated Successfully
info: ===> TimeStamp : 2026-04-06 20:45:34===> API : /api/auth/login ===> Message : loginUser() invoked!!
info: ===> TimeStamp : 2026-04-06 20:45:34===> API : /api/auth/login ===> Message : loginUser() :: Request Object :: [object Object]
info: ===> TimeStamp : 2026-04-06 20:45:34===> API : /api/auth/login ===> Message : loginUserDB() Invoked !
info: ===> TimeStamp : 2026-04-06 20:45:34===> API : /api/auth/login ===> Message : loginUserResponse() invoked!
info: ===> TimeStamp : 2026-04-06 20:45:34===> API : /api/auth/login ===> Message : loginUserResponse() completed
info: ===> TimeStamp : 2026-04-06 20:53:33===> API : null ===> Message : validateRequest() invoked
info: ===> TimeStamp : 2026-04-06 20:53:33===> API : null ===> Message : fetchDBSettings()
info: ===> TimeStamp : 2026-04-06 20:53:33===> API : null ===> Message : validateRequest() Invoked!
info: ===> TimeStamp : 2026-04-06 20:53:33===> API : null ===> Message : validRequest() :: Api validated Successfully
info: ===> TimeStamp : 2026-04-06 20:53:33===> API : /api/auth/validateuser ===> Message : validateUser() invoked!!
info: ===> TimeStamp : 2026-04-06 20:53:33===> API : /api/auth/validateuser ===> Message : validateUser() :: Request Object :: [object Object]
info: ===> TimeStamp : 2026-04-06 20:53:33===> API : /api/auth/validateuser ===> Message : validateUserDB() Invoked !
info: ===> TimeStamp : 2026-04-06 20:53:33===> API : /api/auth/validateuser ===> Message : validateUserResponse() invoked!
info: ===> TimeStamp : 2026-04-06 20:53:33===> API : /api/auth/validateuser ===> Message : validateUserResponse() completed
info: ===> TimeStamp : 2026-04-06 20:53:33===> API : null ===> Message : validateRequest() invoked
info: ===> TimeStamp : 2026-04-06 20:53:33===> API : null ===> Message : fetchDBSettings()
info: ===> TimeStamp : 2026-04-06 20:53:33===> API : null ===> Message : validateRequest() Invoked!
info: ===> TimeStamp : 2026-04-06 20:53:33===> API : null ===> Message : validRequest() :: Api validated Successfully
info: ===> TimeStamp : 2026-04-06 20:53:33===> API : /api/auth/login ===> Message : loginUser() invoked!!
info: ===> TimeStamp : 2026-04-06 20:53:33===> API : /api/auth/login ===> Message : loginUser() :: Request Object :: [object Object]
info: ===> TimeStamp : 2026-04-06 20:53:33===> API : /api/auth/login ===> Message : loginUserDB() Invoked !
info: ===> TimeStamp : 2026-04-06 20:53:33===> API : /api/auth/login ===> Message : loginUserResponse() invoked!
info: ===> TimeStamp : 2026-04-06 20:53:33===> API : /api/auth/login ===> Message : loginUserResponse() completed
info: ===> TimeStamp : 2026-04-06 21:01:26===> API : null ===> Message : validateRequest() invoked
info: ===> TimeStamp : 2026-04-06 21:01:26===> API : null ===> Message : fetchDBSettings()
info: ===> TimeStamp : 2026-04-06 21:01:26===> API : null ===> Message : validateRequest() Invoked!
info: ===> TimeStamp : 2026-04-06 21:01:26===> API : null ===> Message : validRequest() :: Api validated Successfully
info: ===> TimeStamp : 2026-04-06 21:01:26===> API : /api/auth/validateuser ===> Message : validateUser() invoked!!
info: ===> TimeStamp : 2026-04-06 21:01:26===> API : /api/auth/validateuser ===> Message : validateUser() :: Request Object :: [object Object]
info: ===> TimeStamp : 2026-04-06 21:01:26===> API : /api/auth/validateuser ===> Message : validateUserDB() Invoked !
info: ===> TimeStamp : 2026-04-06 21:01:26===> API : /api/auth/validateuser ===> Message : validateUserResponse() invoked!
info: ===> TimeStamp : 2026-04-06 21:01:26===> API : /api/auth/validateuser ===> Message : validateUserResponse() completed
info: ===> TimeStamp : 2026-04-06 21:01:26===> API : null ===> Message : validateRequest() invoked
info: ===> TimeStamp : 2026-04-06 21:01:26===> API : null ===> Message : fetchDBSettings()
info: ===> TimeStamp : 2026-04-06 21:01:26===> API : null ===> Message : validateRequest() Invoked!
info: ===> TimeStamp : 2026-04-06 21:01:26===> API : null ===> Message : validRequest() :: Api validated Successfully
info: ===> TimeStamp : 2026-04-06 21:01:26===> API : /api/auth/login ===> Message : loginUser() invoked!!
info: ===> TimeStamp : 2026-04-06 21:01:26===> API : /api/auth/login ===> Message : loginUser() :: Request Object :: [object Object]
info: ===> TimeStamp : 2026-04-06 21:01:26===> API : /api/auth/login ===> Message : loginUserDB() Invoked !
info: ===> TimeStamp : 2026-04-06 21:01:27===> API : /api/auth/login ===> Message : loginUserResponse() invoked!
info: ===> TimeStamp : 2026-04-06 21:01:27===> API : /api/auth/login ===> Message : loginUserResponse() completed
info: ===> TimeStamp : 2026-04-06 21:17:49===> API : null ===> Message : validateRequest() invoked
info: ===> TimeStamp : 2026-04-06 21:17:49===> API : null ===> Message : fetchDBSettings()
info: ===> TimeStamp : 2026-04-06 21:17:49===> API : null ===> Message : validateRequest() Invoked!
info: ===> TimeStamp : 2026-04-06 21:17:49===> API : null ===> Message : validRequest() :: Api validated Successfully
info: ===> TimeStamp : 2026-04-06 21:17:49===> API : /api/auth/validateuser ===> Message : validateUser() invoked!!
info: ===> TimeStamp : 2026-04-06 21:17:49===> API : /api/auth/validateuser ===> Message : validateUser() :: Request Object :: [object Object]
info: ===> TimeStamp : 2026-04-06 21:17:49===> API : /api/auth/validateuser ===> Message : validateUserDB() Invoked !
info: ===> TimeStamp : 2026-04-06 21:17:49===> API : /api/auth/validateuser ===> Message : validateUserResponse() invoked!
info: ===> TimeStamp : 2026-04-06 21:17:49===> API : /api/auth/validateuser ===> Message : validateUserResponse() completed
info: ===> TimeStamp : 2026-04-06 21:17:50===> API : null ===> Message : validateRequest() invoked
info: ===> TimeStamp : 2026-04-06 21:17:50===> API : null ===> Message : fetchDBSettings()
info: ===> TimeStamp : 2026-04-06 21:17:50===> API : null ===> Message : validateRequest() Invoked!
info: ===> TimeStamp : 2026-04-06 21:17:50===> API : null ===> Message : validRequest() :: Api validated Successfully
info: ===> TimeStamp : 2026-04-06 21:17:50===> API : /api/auth/login ===> Message : loginUser() invoked!!
info: ===> TimeStamp : 2026-04-06 21:17:50===> API : /api/auth/login ===> Message : loginUser() :: Request Object :: [object Object]
info: ===> TimeStamp : 2026-04-06 21:17:50===> API : /api/auth/login ===> Message : loginUserDB() Invoked !
info: ===> TimeStamp : 2026-04-06 21:17:50===> API : /api/auth/login ===> Message : loginUserResponse() invoked!
info: ===> TimeStamp : 2026-04-06 21:17:50===> API : /api/auth/login ===> Message : loginUserResponse() completed
info: ===> TimeStamp : 2026-04-06 21:18:04===> API : null ===> Message : validateRequest() invoked
info: ===> TimeStamp : 2026-04-06 21:18:04===> API : null ===> Message : fetchDBSettings()
info: ===> TimeStamp : 2026-04-06 21:18:04===> API : null ===> Message : validateRequest() Invoked!
info: ===> TimeStamp : 2026-04-06 21:18:04===> API : null ===> Message : validRequest() :: Api validated Successfully
info: ===> TimeStamp : 2026-04-06 21:18:04===> API : /api/auth/validateuser ===> Message : validateUser() invoked!!
info: ===> TimeStamp : 2026-04-06 21:18:04===> API : /api/auth/validateuser ===> Message : validateUser() :: Request Object :: [object Object]
info: ===> TimeStamp : 2026-04-06 21:18:04===> API : /api/auth/validateuser ===> Message : validateUserDB() Invoked !
info: ===> TimeStamp : 2026-04-06 21:18:04===> API : /api/auth/validateuser ===> Message : validateUserResponse() invoked!
info: ===> TimeStamp : 2026-04-06 21:18:04===> API : /api/auth/validateuser ===> Message : validateUserResponse() completed
info: ===> TimeStamp : 2026-04-06 21:18:04===> API : null ===> Message : validateRequest() invoked
info: ===> TimeStamp : 2026-04-06 21:18:04===> API : null ===> Message : fetchDBSettings()
info: ===> TimeStamp : 2026-04-06 21:18:04===> API : null ===> Message : validateRequest() Invoked!
info: ===> TimeStamp : 2026-04-06 21:18:04===> API : null ===> Message : validRequest() :: Api validated Successfully
info: ===> TimeStamp : 2026-04-06 21:18:04===> API : /api/auth/login ===> Message : loginUser() invoked!!
info: ===> TimeStamp : 2026-04-06 21:18:04===> API : /api/auth/login ===> Message : loginUser() :: Request Object :: [object Object]
info: ===> TimeStamp : 2026-04-06 21:18:04===> API : /api/auth/login ===> Message : loginUserDB() Invoked !
info: ===> TimeStamp : 2026-04-06 21:18:04===> API : /api/auth/login ===> Message : loginUserResponse() invoked!
info: ===> TimeStamp : 2026-04-06 21:18:04===> API : /api/auth/login ===> Message : loginUserResponse() completed
info: ===> TimeStamp : 2026-04-06 21:22:00===> API : null ===> Message : validateRequest() invoked
info: ===> TimeStamp : 2026-04-06 21:22:00===> API : null ===> Message : fetchDBSettings()
info: ===> TimeStamp : 2026-04-06 21:22:00===> API : null ===> Message : validateRequest() Invoked!
info: ===> TimeStamp : 2026-04-06 21:22:00===> API : null ===> Message : validRequest() :: Api validated Successfully
info: ===> TimeStamp : 2026-04-06 21:22:00===> API : /api/auth/validateuser ===> Message : validateUser() invoked!!
info: ===> TimeStamp : 2026-04-06 21:22:00===> API : /api/auth/validateuser ===> Message : validateUser() :: Request Object :: [object Object]
info: ===> TimeStamp : 2026-04-06 21:22:00===> API : /api/auth/validateuser ===> Message : validateUserDB() Invoked !
info: ===> TimeStamp : 2026-04-06 21:22:00===> API : /api/auth/validateuser ===> Message : validateUserResponse() invoked!
info: ===> TimeStamp : 2026-04-06 21:22:00===> API : /api/auth/validateuser ===> Message : validateUserResponse() completed
info: ===> TimeStamp : 2026-04-06 21:22:00===> API : null ===> Message : validateRequest() invoked
info: ===> TimeStamp : 2026-04-06 21:22:00===> API : null ===> Message : fetchDBSettings()
info: ===> TimeStamp : 2026-04-06 21:22:00===> API : null ===> Message : validateRequest() Invoked!
info: ===> TimeStamp : 2026-04-06 21:22:00===> API : null ===> Message : validRequest() :: Api validated Successfully
info: ===> TimeStamp : 2026-04-06 21:22:00===> API : /api/auth/login ===> Message : loginUser() invoked!!
info: ===> TimeStamp : 2026-04-06 21:22:00===> API : /api/auth/login ===> Message : loginUser() :: Request Object :: [object Object]
info: ===> TimeStamp : 2026-04-06 21:22:00===> API : /api/auth/login ===> Message : loginUserDB() Invoked !
info: ===> TimeStamp : 2026-04-06 21:22:00===> API : /api/auth/login ===> Message : loginUserResponse() invoked!
info: ===> TimeStamp : 2026-04-06 21:22:00===> API : /api/auth/login ===> Message : loginUserResponse() completed
info: ===> TimeStamp : 2026-04-06 21:26:08===> API : null ===> Message : validateRequest() invoked
info: ===> TimeStamp : 2026-04-06 21:26:08===> API : null ===> Message : fetchDBSettings()
info: ===> TimeStamp : 2026-04-06 21:26:08===> API : null ===> Message : validateRequest() Invoked!
info: ===> TimeStamp : 2026-04-06 21:26:08===> API : null ===> Message : validRequest() :: Api validated Successfully
info: ===> TimeStamp : 2026-04-06 21:26:08===> API : /api/auth/validateuser ===> Message : validateUser() invoked!!
info: ===> TimeStamp : 2026-04-06 21:26:08===> API : /api/auth/validateuser ===> Message : validateUser() :: Request Object :: [object Object]
info: ===> TimeStamp : 2026-04-06 21:26:08===> API : /api/auth/validateuser ===> Message : validateUserDB() Invoked !
info: ===> TimeStamp : 2026-04-06 21:26:08===> API : /api/auth/validateuser ===> Message : validateUserResponse() invoked!
info: ===> TimeStamp : 2026-04-06 21:26:08===> API : /api/auth/validateuser ===> Message : validateUserResponse() completed
info: ===> TimeStamp : 2026-04-06 21:26:08===> API : null ===> Message : validateRequest() invoked
info: ===> TimeStamp : 2026-04-06 21:26:08===> API : null ===> Message : fetchDBSettings()
info: ===> TimeStamp : 2026-04-06 21:26:08===> API : null ===> Message : validateRequest() Invoked!
info: ===> TimeStamp : 2026-04-06 21:26:08===> API : null ===> Message : validRequest() :: Api validated Successfully
info: ===> TimeStamp : 2026-04-06 21:26:08===> API : /api/auth/login ===> Message : loginUser() invoked!!
info: ===> TimeStamp : 2026-04-06 21:26:08===> API : /api/auth/login ===> Message : loginUser() :: Request Object :: [object Object]
info: ===> TimeStamp : 2026-04-06 21:26:08===> API : /api/auth/login ===> Message : loginUserDB() Invoked !
info: ===> TimeStamp : 2026-04-06 21:26:08===> API : /api/auth/login ===> Message : loginUserResponse() invoked!
info: ===> TimeStamp : 2026-04-06 21:26:08===> API : /api/auth/login ===> Message : loginUserResponse() completed
info: ===> TimeStamp : 2026-04-06 21:41:35===> API : null ===> Message : validateRequest() invoked
info: ===> TimeStamp : 2026-04-06 21:41:35===> API : null ===> Message : fetchDBSettings()
info: ===> TimeStamp : 2026-04-06 21:41:35===> API : null ===> Message : validateRequest() Invoked!
info: ===> TimeStamp : 2026-04-06 21:41:35===> API : null ===> Message : validRequest() :: Api validated Successfully
info: ===> TimeStamp : 2026-04-06 21:41:35===> API : /api/auth/validateuser ===> Message : validateUser() invoked!!
info: ===> TimeStamp : 2026-04-06 21:41:35===> API : /api/auth/validateuser ===> Message : validateUser() :: Request Object :: [object Object]
info: ===> TimeStamp : 2026-04-06 21:41:35===> API : /api/auth/validateuser ===> Message : validateUserDB() Invoked !
info: ===> TimeStamp : 2026-04-06 21:41:35===> API : /api/auth/validateuser ===> Message : validateUserResponse() invoked!
info: ===> TimeStamp : 2026-04-06 21:41:35===> API : /api/auth/validateuser ===> Message : validateUserResponse() completed
info: ===> TimeStamp : 2026-04-06 21:41:35===> API : null ===> Message : validateRequest() invoked
info: ===> TimeStamp : 2026-04-06 21:41:35===> API : null ===> Message : fetchDBSettings()
info: ===> TimeStamp : 2026-04-06 21:41:35===> API : null ===> Message : validateRequest() Invoked!
info: ===> TimeStamp : 2026-04-06 21:41:35===> API : null ===> Message : validRequest() :: Api validated Successfully
info: ===> TimeStamp : 2026-04-06 21:41:35===> API : /api/auth/login ===> Message : loginUser() invoked!!
info: ===> TimeStamp : 2026-04-06 21:41:35===> API : /api/auth/login ===> Message : loginUser() :: Request Object :: [object Object]
info: ===> TimeStamp : 2026-04-06 21:41:35===> API : /api/auth/login ===> Message : loginUserDB() Invoked !
info: ===> TimeStamp : 2026-04-06 21:41:35===> API : /api/auth/login ===> Message : loginUserResponse() invoked!
info: ===> TimeStamp : 2026-04-06 21:41:35===> API : /api/auth/login ===> Message : loginUserResponse() completed
info: ===> TimeStamp : 2026-04-06 21:42:09===> API : null ===> Message : validateRequest() invoked
info: ===> TimeStamp : 2026-04-06 21:42:09===> API : null ===> Message : fetchDBSettings()
info: ===> TimeStamp : 2026-04-06 21:42:09===> API : null ===> Message : validateRequest() Invoked!
info: ===> TimeStamp : 2026-04-06 21:42:09===> API : null ===> Message : validRequest() :: Api validated Successfully
info: ===> TimeStamp : 2026-04-06 21:42:09===> API : /api/auth/logout ===> Message : logoutUser() invoked!!
info: ===> TimeStamp : 2026-04-06 21:42:09===> API : /api/auth/logout ===> Message : logoutUser() :: Request Object :: [object Object]
info: ===> TimeStamp : 2026-04-06 21:42:09===> API : /api/auth/logout ===> Message : logoutUserDB() Invoked !
info: ===> TimeStamp : 2026-04-06 21:42:09===> API : /api/auth/logout ===> Message : logoutUserResponse() invoked!
info: ===> TimeStamp : 2026-04-06 21:42:09===> API : /api/auth/logout ===> Message : logoutUserResponse() completed
info: ===> TimeStamp : 2026-04-06 21:45:34===> API : null ===> Message : validateRequest() invoked
info: ===> TimeStamp : 2026-04-06 21:45:34===> API : null ===> Message : validateRequest() Error:: Invalid Request :: 
      {"apiUri":"/.env.production"}
info: ===> TimeStamp : 2026-04-06 21:45:34===> API : null ===> Message : validateRequest() invoked
info: ===> TimeStamp : 2026-04-06 21:45:34===> API : null ===> Message : validateRequest() Error:: Invalid Request :: 
      {"apiUri":"/.env"}
info: ===> TimeStamp : 2026-04-06 21:45:34===> API : null ===> Message : validateRequest() invoked
info: ===> TimeStamp : 2026-04-06 21:45:34===> API : null ===> Message : validateRequest() Error:: Invalid Request :: 
      {"apiUri":"/docker/.env"}
info: ===> TimeStamp : 2026-04-06 21:45:34===> API : null ===> Message : validateRequest() invoked
info: ===> TimeStamp : 2026-04-06 21:45:34===> API : null ===> Message : validateRequest() Error:: Invalid Request :: 
      {"apiUri":"/production/.env"}
info: ===> TimeStamp : 2026-04-06 21:45:34===> API : null ===> Message : validateRequest() invoked
info: ===> TimeStamp : 2026-04-06 21:45:34===> API : null ===> Message : validateRequest() Error:: Invalid Request :: 
      {"apiUri":"/config/.env.production"}
info: ===> TimeStamp : 2026-04-06 21:45:34===> API : null ===> Message : validateRequest() invoked
info: ===> TimeStamp : 2026-04-06 21:45:34===> API : null ===> Message : validateRequest() Error:: Invalid Request :: 
      {"apiUri":"/.github/workflows/secrets.env"}
info: ===> TimeStamp : 2026-04-06 21:45:34===> API : null ===> Message : validateRequest() invoked
info: ===> TimeStamp : 2026-04-06 21:45:34===> API : null ===> Message : validateRequest() Error:: Invalid Request :: 
      {"apiUri":"/secrets/.env"}
info: ===> TimeStamp : 2026-04-06 21:45:34===> API : null ===> Message : validateRequest() invoked
info: ===> TimeStamp : 2026-04-06 21:45:34===> API : null ===> Message : validateRequest() Error:: Invalid Request :: 
      {"apiUri":"/kubernetes/secrets.env"}
info: ===> TimeStamp : 2026-04-06 21:45:45===> API : null ===> Message : validateRequest() invoked
info: ===> TimeStamp : 2026-04-06 21:45:45===> API : null ===> Message : fetchDBSettings()
info: ===> TimeStamp : 2026-04-06 21:45:45===> API : null ===> Message : validateRequest() Invoked!
info: ===> TimeStamp : 2026-04-06 21:45:45===> API : null ===> Message : validRequest() :: Api validated Successfully
info: ===> TimeStamp : 2026-04-06 21:45:45===> API : /api/auth/logout ===> Message : logoutUser() :: Request Object :: [object Object]
info: ===> TimeStamp : 2026-04-06 21:45:45===> API : /api/auth/logout ===> Message : logoutUserDB() Invoked !
info: ===> TimeStamp : 2026-04-06 21:45:45===> API : /api/auth/logout ===> Message : logoutUser() invoked!!
info: ===> TimeStamp : 2026-04-06 21:45:46===> API : /api/auth/logout ===> Message : logoutUserResponse() invoked!
info: ===> TimeStamp : 2026-04-06 21:45:46===> API : /api/auth/logout ===> Message : logoutUserResponse() completed
info: ===> TimeStamp : 2026-04-06 21:45:54===> API : null ===> Message : validateRequest() invoked
info: ===> TimeStamp : 2026-04-06 21:45:54===> API : null ===> Message : fetchDBSettings()
info: ===> TimeStamp : 2026-04-06 21:45:54===> API : null ===> Message : validateRequest() Invoked!
info: ===> TimeStamp : 2026-04-06 21:45:54===> API : null ===> Message : validRequest() :: Api validated Successfully
info: ===> TimeStamp : 2026-04-06 21:45:54===> API : /api/auth/validateuser ===> Message : validateUser() invoked!!
info: ===> TimeStamp : 2026-04-06 21:45:54===> API : /api/auth/validateuser ===> Message : validateUser() :: Request Object :: [object Object]
info: ===> TimeStamp : 2026-04-06 21:45:54===> API : /api/auth/validateuser ===> Message : validateUserDB() Invoked !
info: ===> TimeStamp : 2026-04-06 21:45:54===> API : /api/auth/validateuser ===> Message : validateUserResponse() invoked!
info: ===> TimeStamp : 2026-04-06 21:45:54===> API : /api/auth/validateuser ===> Message : validateUserResponse() completed
info: ===> TimeStamp : 2026-04-06 21:45:54===> API : null ===> Message : validateRequest() invoked
info: ===> TimeStamp : 2026-04-06 21:45:54===> API : null ===> Message : fetchDBSettings()
info: ===> TimeStamp : 2026-04-06 21:45:54===> API : null ===> Message : validateRequest() Invoked!
info: ===> TimeStamp : 2026-04-06 21:45:54===> API : null ===> Message : validRequest() :: Api validated Successfully
info: ===> TimeStamp : 2026-04-06 21:45:54===> API : /api/auth/checkIP ===> Message : checkIP() invoked!!
info: ===> TimeStamp : 2026-04-06 21:45:54===> API : /api/auth/checkIP ===> Message : IPs match: 103.225.102.194
info: ===> TimeStamp : 2026-04-06 21:45:54===> API : /api/auth/checkIP ===> Message : checkIPResponse() invoked!
info: ===> TimeStamp : 2026-04-06 21:45:54===> API : /api/auth/checkIP ===> Message : checkIPResponse() completed
info: ===> TimeStamp : 2026-04-06 21:45:54===> API : null ===> Message : validateRequest() invoked
info: ===> TimeStamp : 2026-04-06 21:45:54===> API : null ===> Message : fetchDBSettings()
info: ===> TimeStamp : 2026-04-06 21:45:54===> API : null ===> Message : validateRequest() Invoked!
info: ===> TimeStamp : 2026-04-06 21:45:54===> API : null ===> Message : validRequest() :: Api validated Successfully
info: ===> TimeStamp : 2026-04-06 21:45:54===> API : /api/auth/login ===> Message : loginUser() invoked!!
info: ===> TimeStamp : 2026-04-06 21:45:54===> API : /api/auth/login ===> Message : loginUser() :: Request Object :: [object Object]
info: ===> TimeStamp : 2026-04-06 21:45:54===> API : /api/auth/login ===> Message : loginUserDB() Invoked !
info: ===> TimeStamp : 2026-04-06 21:45:55===> API : /api/auth/login ===> Message : loginUserResponse() invoked!
info: ===> TimeStamp : 2026-04-06 21:45:55===> API : /api/auth/login ===> Message : loginUserResponse() completed
info: ===> TimeStamp : 2026-04-06 21:47:25===> API : null ===> Message : validateRequest() invoked
info: ===> TimeStamp : 2026-04-06 21:47:25===> API : null ===> Message : fetchDBSettings()
info: ===> TimeStamp : 2026-04-06 21:47:25===> API : null ===> Message : validateRequest() Invoked!
info: ===> TimeStamp : 2026-04-06 21:47:25===> API : null ===> Message : validRequest() :: Api validated Successfully
info: ===> TimeStamp : 2026-04-06 21:47:25===> API : /api/auth/validateuser ===> Message : validateUser() invoked!!
info: ===> TimeStamp : 2026-04-06 21:47:25===> API : /api/auth/validateuser ===> Message : validateUser() :: Request Object :: [object Object]
info: ===> TimeStamp : 2026-04-06 21:47:25===> API : /api/auth/validateuser ===> Message : validateUserDB() Invoked !
info: ===> TimeStamp : 2026-04-06 21:47:25===> API : /api/auth/validateuser ===> Message : validateUserResponse() invoked!
info: ===> TimeStamp : 2026-04-06 21:47:25===> API : /api/auth/validateuser ===> Message : validateUserResponse() completed
info: ===> TimeStamp : 2026-04-06 21:47:25===> API : null ===> Message : validateRequest() invoked
info: ===> TimeStamp : 2026-04-06 21:47:25===> API : null ===> Message : fetchDBSettings()
info: ===> TimeStamp : 2026-04-06 21:47:25===> API : null ===> Message : validateRequest() Invoked!
info: ===> TimeStamp : 2026-04-06 21:47:25===> API : null ===> Message : validRequest() :: Api validated Successfully
info: ===> TimeStamp : 2026-04-06 21:47:25===> API : /api/auth/checkIP ===> Message : checkIP() invoked!!
info: ===> TimeStamp : 2026-04-06 21:47:25===> API : /api/auth/checkIP ===> Message : IPs match: 103.225.102.194
info: ===> TimeStamp : 2026-04-06 21:47:25===> API : /api/auth/checkIP ===> Message : checkIPResponse() invoked!
info: ===> TimeStamp : 2026-04-06 21:47:25===> API : /api/auth/checkIP ===> Message : checkIPResponse() completed
info: ===> TimeStamp : 2026-04-06 21:47:25===> API : null ===> Message : validateRequest() invoked
info: ===> TimeStamp : 2026-04-06 21:47:25===> API : null ===> Message : fetchDBSettings()
info: ===> TimeStamp : 2026-04-06 21:47:25===> API : null ===> Message : validateRequest() Invoked!
info: ===> TimeStamp : 2026-04-06 21:47:25===> API : null ===> Message : validRequest() :: Api validated Successfully
info: ===> TimeStamp : 2026-04-06 21:47:25===> API : /api/auth/login ===> Message : loginUser() invoked!!
info: ===> TimeStamp : 2026-04-06 21:47:25===> API : /api/auth/login ===> Message : loginUser() :: Request Object :: [object Object]
info: ===> TimeStamp : 2026-04-06 21:47:25===> API : /api/auth/login ===> Message : loginUserDB() Invoked !
info: ===> TimeStamp : 2026-04-06 21:47:25===> API : /api/auth/login ===> Message : loginUserResponse() invoked!
info: ===> TimeStamp : 2026-04-06 21:47:25===> API : /api/auth/login ===> Message : loginUserResponse() completed
info: ===> TimeStamp : 2026-04-06 21:53:13===> API : null ===> Message : validateRequest() invoked
info: ===> TimeStamp : 2026-04-06 21:53:13===> API : null ===> Message : fetchDBSettings()
info: ===> TimeStamp : 2026-04-06 21:53:13===> API : null ===> Message : validateRequest() Invoked!
info: ===> TimeStamp : 2026-04-06 21:53:13===> API : null ===> Message : validRequest() :: Api validated Successfully
info: ===> TimeStamp : 2026-04-06 21:53:13===> API : /api/auth/validateuser ===> Message : validateUser() invoked!!
info: ===> TimeStamp : 2026-04-06 21:53:13===> API : /api/auth/validateuser ===> Message : validateUser() :: Request Object :: [object Object]
info: ===> TimeStamp : 2026-04-06 21:53:13===> API : /api/auth/validateuser ===> Message : validateUserDB() Invoked !
info: ===> TimeStamp : 2026-04-06 21:53:13===> API : /api/auth/validateuser ===> Message : validateUserResponse() invoked!
info: ===> TimeStamp : 2026-04-06 21:53:13===> API : /api/auth/validateuser ===> Message : validateUserResponse() completed
info: ===> TimeStamp : 2026-04-06 21:53:14===> API : null ===> Message : validateRequest() invoked
info: ===> TimeStamp : 2026-04-06 21:53:14===> API : null ===> Message : fetchDBSettings()
info: ===> TimeStamp : 2026-04-06 21:53:14===> API : null ===> Message : validateRequest() Invoked!
info: ===> TimeStamp : 2026-04-06 21:53:14===> API : null ===> Message : validRequest() :: Api validated Successfully
info: ===> TimeStamp : 2026-04-06 21:53:14===> API : /api/auth/login ===> Message : loginUser() invoked!!
info: ===> TimeStamp : 2026-04-06 21:53:14===> API : /api/auth/login ===> Message : loginUser() :: Request Object :: [object Object]
info: ===> TimeStamp : 2026-04-06 21:53:14===> API : /api/auth/login ===> Message : loginUserDB() Invoked !
info: ===> TimeStamp : 2026-04-06 21:53:14===> API : /api/auth/login ===> Message : loginUserResponse() invoked!
info: ===> TimeStamp : 2026-04-06 21:53:14===> API : /api/auth/login ===> Message : loginUserResponse() completed
info: ===> TimeStamp : 2026-04-06 21:57:51===> API : null ===> Message : validateRequest() invoked
info: ===> TimeStamp : 2026-04-06 21:57:51===> API : null ===> Message : fetchDBSettings()
info: ===> TimeStamp : 2026-04-06 21:57:51===> API : null ===> Message : validateRequest() Invoked!
info: ===> TimeStamp : 2026-04-06 21:57:51===> API : null ===> Message : validRequest() :: Api validated Successfully
info: ===> TimeStamp : 2026-04-06 21:57:51===> API : /api/auth/validateuser ===> Message : validateUser() invoked!!
info: ===> TimeStamp : 2026-04-06 21:57:51===> API : /api/auth/validateuser ===> Message : validateUser() :: Request Object :: [object Object]
info: ===> TimeStamp : 2026-04-06 21:57:51===> API : /api/auth/validateuser ===> Message : validateUserDB() Invoked !
info: ===> TimeStamp : 2026-04-06 21:57:51===> API : /api/auth/validateuser ===> Message : validateUserResponse() invoked!
info: ===> TimeStamp : 2026-04-06 21:57:51===> API : /api/auth/validateuser ===> Message : validateUserResponse() completed
info: ===> TimeStamp : 2026-04-06 21:57:51===> API : null ===> Message : validateRequest() invoked
info: ===> TimeStamp : 2026-04-06 21:57:51===> API : null ===> Message : fetchDBSettings()
info: ===> TimeStamp : 2026-04-06 21:57:51===> API : null ===> Message : validateRequest() Invoked!
info: ===> TimeStamp : 2026-04-06 21:57:51===> API : null ===> Message : validRequest() :: Api validated Successfully
info: ===> TimeStamp : 2026-04-06 21:57:51===> API : /api/auth/login ===> Message : loginUser() invoked!!
info: ===> TimeStamp : 2026-04-06 21:57:51===> API : /api/auth/login ===> Message : loginUser() :: Request Object :: [object Object]
info: ===> TimeStamp : 2026-04-06 21:57:51===> API : /api/auth/login ===> Message : loginUserDB() Invoked !
info: ===> TimeStamp : 2026-04-06 21:57:51===> API : /api/auth/login ===> Message : loginUserResponse() invoked!
info: ===> TimeStamp : 2026-04-06 21:57:51===> API : /api/auth/login ===> Message : loginUserResponse() completed
info: ===> TimeStamp : 2026-04-06 22:02:45===> API : null ===> Message : validateRequest() invoked
info: ===> TimeStamp : 2026-04-06 22:02:45===> API : null ===> Message : fetchDBSettings()
info: ===> TimeStamp : 2026-04-06 22:02:45===> API : null ===> Message : validateRequest() Invoked!
info: ===> TimeStamp : 2026-04-06 22:02:45===> API : null ===> Message : validRequest() :: Api validated Successfully
info: ===> TimeStamp : 2026-04-06 22:02:45===> API : /api/auth/validateuser ===> Message : validateUser() invoked!!
info: ===> TimeStamp : 2026-04-06 22:02:45===> API : /api/auth/validateuser ===> Message : validateUser() :: Request Object :: [object Object]
info: ===> TimeStamp : 2026-04-06 22:02:45===> API : /api/auth/validateuser ===> Message : validateUserDB() Invoked !
info: ===> TimeStamp : 2026-04-06 22:02:45===> API : /api/auth/validateuser ===> Message : validateUserResponse() invoked!
info: ===> TimeStamp : 2026-04-06 22:02:45===> API : /api/auth/validateuser ===> Message : validateUserResponse() completed
info: ===> TimeStamp : 2026-04-06 22:02:45===> API : null ===> Message : validateRequest() invoked
info: ===> TimeStamp : 2026-04-06 22:02:45===> API : null ===> Message : fetchDBSettings()
info: ===> TimeStamp : 2026-04-06 22:02:45===> API : null ===> Message : validateRequest() Invoked!
info: ===> TimeStamp : 2026-04-06 22:02:45===> API : null ===> Message : validRequest() :: Api validated Successfully
info: ===> TimeStamp : 2026-04-06 22:02:45===> API : /api/auth/login ===> Message : loginUser() invoked!!
info: ===> TimeStamp : 2026-04-06 22:02:45===> API : /api/auth/login ===> Message : loginUser() :: Request Object :: [object Object]
info: ===> TimeStamp : 2026-04-06 22:02:45===> API : /api/auth/login ===> Message : loginUserDB() Invoked !
info: ===> TimeStamp : 2026-04-06 22:02:45===> API : /api/auth/login ===> Message : loginUserResponse() invoked!
info: ===> TimeStamp : 2026-04-06 22:02:45===> API : /api/auth/login ===> Message : loginUserResponse() completed
info: ===> TimeStamp : 2026-04-06 22:13:49===> API : null ===> Message : validateRequest() invoked
info: ===> TimeStamp : 2026-04-06 22:13:49===> API : null ===> Message : fetchDBSettings()
info: ===> TimeStamp : 2026-04-06 22:13:49===> API : null ===> Message : validateRequest() Invoked!
info: ===> TimeStamp : 2026-04-06 22:13:49===> API : null ===> Message : validRequest() :: Api validated Successfully
info: ===> TimeStamp : 2026-04-06 22:13:49===> API : /api/auth/validateuser ===> Message : validateUser() invoked!!
info: ===> TimeStamp : 2026-04-06 22:13:49===> API : /api/auth/validateuser ===> Message : validateUser() :: Request Object :: [object Object]
info: ===> TimeStamp : 2026-04-06 22:13:49===> API : /api/auth/validateuser ===> Message : validateUserDB() Invoked !
info: ===> TimeStamp : 2026-04-06 22:13:49===> API : /api/auth/validateuser ===> Message : validateUserResponse() invoked!
info: ===> TimeStamp : 2026-04-06 22:13:49===> API : /api/auth/validateuser ===> Message : validateUserResponse() completed
info: ===> TimeStamp : 2026-04-06 22:13:49===> API : null ===> Message : validateRequest() invoked
info: ===> TimeStamp : 2026-04-06 22:13:49===> API : null ===> Message : fetchDBSettings()
info: ===> TimeStamp : 2026-04-06 22:13:49===> API : null ===> Message : validateRequest() Invoked!
info: ===> TimeStamp : 2026-04-06 22:13:49===> API : /api/auth/login ===> Message : loginUser() invoked!!
info: ===> TimeStamp : 2026-04-06 22:13:49===> API : null ===> Message : validRequest() :: Api validated Successfully
info: ===> TimeStamp : 2026-04-06 22:13:49===> API : /api/auth/login ===> Message : loginUser() :: Request Object :: [object Object]
info: ===> TimeStamp : 2026-04-06 22:13:49===> API : /api/auth/login ===> Message : loginUserDB() Invoked !
info: ===> TimeStamp : 2026-04-06 22:13:49===> API : /api/auth/login ===> Message : loginUserResponse() invoked!
info: ===> TimeStamp : 2026-04-06 22:13:49===> API : /api/auth/login ===> Message : loginUserResponse() completed
info: ===> TimeStamp : 2026-04-06 22:14:26===> API : null ===> Message : validateRequest() invoked
info: ===> TimeStamp : 2026-04-06 22:14:26===> API : null ===> Message : validateRequest() Error:: Invalid Request :: 
      {"apiUri":"/robots.txt"}
info: ===> TimeStamp : 2026-04-06 23:18:05===> API : null ===> Message : validateRequest() invoked
info: ===> TimeStamp : 2026-04-06 23:18:05===> API : null ===> Message : fetchDBSettings()
info: ===> TimeStamp : 2026-04-06 23:18:05===> API : null ===> Message : validateRequest() Invoked!
info: ===> TimeStamp : 2026-04-06 23:18:05===> API : null ===> Message : validRequest() :: Api validated Successfully
info: ===> TimeStamp : 2026-04-06 23:18:05===> API : /api/auth/validateuser ===> Message : validateUser() invoked!!
info: ===> TimeStamp : 2026-04-06 23:18:05===> API : /api/auth/validateuser ===> Message : validateUser() :: Request Object :: [object Object]
info: ===> TimeStamp : 2026-04-06 23:18:05===> API : /api/auth/validateuser ===> Message : validateUserDB() Invoked !
info: ===> TimeStamp : 2026-04-06 23:18:05===> API : /api/auth/validateuser ===> Message : validateUserResponse() invoked!
info: ===> TimeStamp : 2026-04-06 23:18:05===> API : /api/auth/validateuser ===> Message : validateUserResponse() completed
info: ===> TimeStamp : 2026-04-06 23:18:05===> API : null ===> Message : validateRequest() invoked
info: ===> TimeStamp : 2026-04-06 23:18:05===> API : null ===> Message : fetchDBSettings()
info: ===> TimeStamp : 2026-04-06 23:18:05===> API : null ===> Message : validateRequest() Invoked!
info: ===> TimeStamp : 2026-04-06 23:18:05===> API : null ===> Message : validRequest() :: Api validated Successfully
info: ===> TimeStamp : 2026-04-06 23:18:05===> API : /api/auth/login ===> Message : loginUser() invoked!!
info: ===> TimeStamp : 2026-04-06 23:18:05===> API : /api/auth/login ===> Message : loginUser() :: Request Object :: [object Object]
info: ===> TimeStamp : 2026-04-06 23:18:05===> API : /api/auth/login ===> Message : loginUserDB() Invoked !
info: ===> TimeStamp : 2026-04-06 23:18:05===> API : /api/auth/login ===> Message : loginUserResponse() invoked!
info: ===> TimeStamp : 2026-04-06 23:18:05===> API : /api/auth/login ===> Message : loginUserResponse() completed
info: ===> TimeStamp : 2026-04-07 00:18:20===> API : null ===> Message : validateRequest() invoked
info: ===> TimeStamp : 2026-04-07 00:18:20===> API : null ===> Message : validateRequest() Error:: Invalid Request :: 
      {"apiUri":"/"}
info: ===> TimeStamp : 2026-04-07 02:30:57===> API : null ===> Message : validateRequest() invoked
info: ===> TimeStamp : 2026-04-07 02:30:57===> API : null ===> Message : fetchDBSettings()
info: ===> TimeStamp : 2026-04-07 02:30:57===> API : null ===> Message : validateRequest() Invoked!
info: ===> TimeStamp : 2026-04-07 02:30:57===> API : null ===> Message : validRequest() :: Api validated Successfully
info: ===> TimeStamp : 2026-04-07 02:30:57===> API : /api/auth/logout ===> Message : logoutUser() invoked!!
info: ===> TimeStamp : 2026-04-07 02:30:57===> API : /api/auth/logout ===> Message : logoutUser() :: Request Object :: [object Object]
info: ===> TimeStamp : 2026-04-07 02:30:57===> API : /api/auth/logout ===> Message : logoutUserDB() Invoked !
info: ===> TimeStamp : 2026-04-07 02:30:58===> API : /api/auth/logout ===> Message : logoutUserResponse() invoked!
info: ===> TimeStamp : 2026-04-07 02:30:58===> API : /api/auth/logout ===> Message : logoutUserResponse() completed
info: ===> TimeStamp : 2026-04-07 03:15:16===> API : null ===> Message : validateRequest() invoked
info: ===> TimeStamp : 2026-04-07 03:15:16===> API : null ===> Message : validateRequest() Error:: Invalid Request :: 
      {"apiUri":"/"}
info: ===> TimeStamp : 2026-04-07 03:15:16===> API : null ===> Message : validateRequest() invoked
info: ===> TimeStamp : 2026-04-07 03:15:16===> API : null ===> Message : validateRequest() Error:: Invalid Request :: 
      {"apiUri":"/"}
info: ===> TimeStamp : 2026-04-07 03:15:17===> API : null ===> Message : validateRequest() invoked
info: ===> TimeStamp : 2026-04-07 03:15:17===> API : null ===> Message : validateRequest() Error:: Invalid Request :: 
      {"apiUri":"/"}
info: ===> TimeStamp : 2026-04-07 05:07:14===> API : null ===> Message : validateRequest() invoked
info: ===> TimeStamp : 2026-04-07 05:07:14===> API : null ===> Message : validateRequest() Error:: Invalid Request :: 
      {"apiUri":"/"}
